

START---------------
WORKDIR  /u/user/jhlee/ttHH/CMSSW_14_2_1/src/tempTTHH
WORKDIR  /u/user/jhlee/ttHH/CMSSW_14_2_1/src/tempTTHH
TNM_PATH=/u/user/jhlee/ttHH/CMSSW_14_2_1/src/tempTTHH

--------- Check arugments ---------------------------------------

  - [ output file name ] --> /pnfs/knu.ac.kr/data/cms/store/user/junghyun/ttHH/AnalyzerOutput/QCD_HT300to500/QCD_HT300to500_4.root
  - [ runYear ] --> 2017
  - [ isData ] --> MC
  - [ sampleName ] --> QCD_HT300to500
  - [ eraName ] --> A

--------- Check arugments ---------------------------------------


eventBuffer - All branches selected
 Output filename: /pnfs/knu.ac.kr/data/cms/store/user/junghyun/ttHH/AnalyzerOutput/QCD_HT300to500/QCD_HT300to500_4.root
[CorrectionsManager] json library path : /cvmfs/cms.cern.ch/rsync/cms-nanoAOD/jsonpog-integration
weight = 243.181

	[35m[ Warning ]: This analyzer commented out [ "WTF" log ] in the header, Please check if you want!!![0m

	[34m[ Log ]: --------------------------------------------------------------------------[0m
	[34m[ Log ]: Before start, Let's check the analysis information[0m
	[34m[ Log ]: Run Year    ----> [  2017  ][0m
	[34m[ Log ]: Data or MC  ----> [  MC  ][0m
	[34m[ Log ]: Sample Name ----> [  QCD_HT300to500  ][0m
	[34m[ Log ]: --------------------------------------------------------------------------[0m

	[36m[ Log ]: Processed events of 2017, MC, QCD_HT300to500: 0[0m
	[36m[ Log ]: Processed events of 2017, MC, QCD_HT300to500: 10000[0m
	[36m[ Log ]: Processed events of 2017, MC, QCD_HT300to500: 20000[0m
	[36m[ Log ]: Processed events of 2017, MC, QCD_HT300to500: 30000[0m
	[36m[ Log ]: Processed events of 2017, MC, QCD_HT300to500: 40000[0m
	[36m[ Log ]: Processed events of 2017, MC, QCD_HT300to500: 50000[0m
	[36m[ Log ]: Processed events of 2017, MC, QCD_HT300to500: 60000[0m
	[36m[ Log ]: Processed events of 2017, MC, QCD_HT300to500: 70000[0m
	[36m[ Log ]: Processed events of 2017, MC, QCD_HT300to500: 80000[0m
	[36m[ Log ]: Processed events of 2017, MC, QCD_HT300to500: 90000[0m
	[36m[ Log ]: Processed events of 2017, MC, QCD_HT300to500: 100000[0m
	[36m[ Log ]: Processed events of 2017, MC, QCD_HT300to500: 110000[0m
	[36m[ Log ]: Processed events of 2017, MC, QCD_HT300to500: 120000[0m
	[36m[ Log ]: Processed events of 2017, MC, QCD_HT300to500: 130000[0m
	[36m[ Log ]: Processed events of 2017, MC, QCD_HT300to500: 140000[0m
	[36m[ Log ]: Processed events of 2017, MC, QCD_HT300to500: 150000[0m
	[36m[ Log ]: Processed events of 2017, MC, QCD_HT300to500: 160000[0m
