

START---------------
WORKDIR  /u/user/jhlee/ttHH/CMSSW_14_2_1/src/tempTTHH
WORKDIR  /u/user/jhlee/ttHH/CMSSW_14_2_1/src/tempTTHH
TNM_PATH=/u/user/jhlee/ttHH/CMSSW_14_2_1/src/tempTTHH

--------- Check arugments ---------------------------------------

  - [ output file name ] --> /pnfs/knu.ac.kr/data/cms/store/user/junghyun/ttHH/AnalyzerOutput/QCD_HT300to500/QCD_HT300to500_14.root
  - [ runYear ] --> 2017
  - [ isData ] --> MC
  - [ sampleName ] --> QCD_HT300to500
  - [ eraName ] --> A

--------- Check arugments ---------------------------------------


eventBuffer - All branches selected
 Output filename: /pnfs/knu.ac.kr/data/cms/store/user/junghyun/ttHH/AnalyzerOutput/QCD_HT300to500/QCD_HT300to500_14.root
[CorrectionsManager] json library path : /cvmfs/cms.cern.ch/rsync/cms-nanoAOD/jsonpog-integration
weight = 243.181

	[35m[ Warning ]: This analyzer commented out [ "WTF" log ] in the header, Please check if you want!!![0m

	[34m[ Log ]: --------------------------------------------------------------------------[0m
	[34m[ Log ]: Before start, Let's check the analysis information[0m
	[34m[ Log ]: Run Year    ----> [  2017  ][0m
	[34m[ Log ]: Data or MC  ----> [  MC  ][0m
	[34m[ Log ]: Sample Name ----> [  QCD_HT300to500  ][0m
	[34m[ Log ]: --------------------------------------------------------------------------[0m

	[36m[ Log ]: Processed events of 2017, MC, QCD_HT300to500: 0[0m
	[36m[ Log ]: Processed events of 2017, MC, QCD_HT300to500: 10000[0m
	[36m[ Log ]: Processed events of 2017, MC, QCD_HT300to500: 20000[0m
	[36m[ Log ]: Processed events of 2017, MC, QCD_HT300to500: 30000[0m
	[36m[ Log ]: Processed events of 2017, MC, QCD_HT300to500: 40000[0m
	[36m[ Log ]: Processed events of 2017, MC, QCD_HT300to500: 50000[0m
	[36m[ Log ]: Processed events of 2017, MC, QCD_HT300to500: 60000[0m
	[36m[ Log ]: Processed events of 2017, MC, QCD_HT300to500: 70000[0m
	[36m[ Log ]: Processed events of 2017, MC, QCD_HT300to500: 80000[0m
	[36m[ Log ]: Processed events of 2017, MC, QCD_HT300to500: 90000[0m
	[36m[ Log ]: Processed events of 2017, MC, QCD_HT300to500: 100000[0m
	[36m[ Log ]: Processed events of 2017, MC, QCD_HT300to500: 110000[0m
	[36m[ Log ]: Processed events of 2017, MC, QCD_HT300to500: 120000[0m
	[36m[ Log ]: Processed events of 2017, MC, QCD_HT300to500: 130000[0m
	[36m[ Log ]: Processed events of 2017, MC, QCD_HT300to500: 140000[0m
	[36m[ Log ]: Processed events of 2017, MC, QCD_HT300to500: 150000[0m
	[36m[ Log ]: Processed events of 2017, MC, QCD_HT300to500: 160000[0m
	[36m[ Log ]: Processed events of 2017, MC, QCD_HT300to500: 170000[0m
	[36m[ Log ]: Processed events of 2017, MC, QCD_HT300to500: 180000[0m
	[36m[ Log ]: Processed events of 2017, MC, QCD_HT300to500: 190000[0m
	[36m[ Log ]: Processed events of 2017, MC, QCD_HT300to500: 200000[0m
	[36m[ Log ]: Processed events of 2017, MC, QCD_HT300to500: 210000[0m
	[36m[ Log ]: Processed events of 2017, MC, QCD_HT300to500: 220000[0m
	[36m[ Log ]: Processed events of 2017, MC, QCD_HT300to500: 230000[0m
	[36m[ Log ]: Processed events of 2017, MC, QCD_HT300to500: 240000[0m
	[36m[ Log ]: Processed events of 2017, MC, QCD_HT300to500: 250000[0m
	[36m[ Log ]: Processed events of 2017, MC, QCD_HT300to500: 260000[0m
	[36m[ Log ]: Processed events of 2017, MC, QCD_HT300to500: 270000[0m
	[36m[ Log ]: Processed events of 2017, MC, QCD_HT300to500: 280000[0m
	[36m[ Log ]: Processed events of 2017, MC, QCD_HT300to500: 290000[0m
	[36m[ Log ]: Processed events of 2017, MC, QCD_HT300to500: 300000[0m
	[36m[ Log ]: Processed events of 2017, MC, QCD_HT300to500: 310000[0m
	[36m[ Log ]: Processed events of 2017, MC, QCD_HT300to500: 320000[0m
	[36m[ Log ]: Processed events of 2017, MC, QCD_HT300to500: 330000[0m
	[36m[ Log ]: Processed events of 2017, MC, QCD_HT300to500: 340000[0m
	[36m[ Log ]: Processed events of 2017, MC, QCD_HT300to500: 350000[0m
	[36m[ Log ]: Processed events of 2017, MC, QCD_HT300to500: 360000[0m
	[36m[ Log ]: Processed events of 2017, MC, QCD_HT300to500: 370000[0m
	[36m[ Log ]: Processed events of 2017, MC, QCD_HT300to500: 380000[0m
	[36m[ Log ]: Processed events of 2017, MC, QCD_HT300to500: 390000[0m
	[36m[ Log ]: Processed events of 2017, MC, QCD_HT300to500: 400000[0m
	[36m[ Log ]: Processed events of 2017, MC, QCD_HT300to500: 410000[0m
	[36m[ Log ]: Processed events of 2017, MC, QCD_HT300to500: 420000[0m
	[36m[ Log ]: Processed events of 2017, MC, QCD_HT300to500: 430000[0m
	[36m[ Log ]: Processed events of 2017, MC, QCD_HT300to500: 440000[0m
	[36m[ Log ]: Processed events of 2017, MC, QCD_HT300to500: 450000[0m
	[36m[ Log ]: Processed events of 2017, MC, QCD_HT300to500: 460000[0m
	[36m[ Log ]: Processed events of 2017, MC, QCD_HT300to500: 470000[0m
	[36m[ Log ]: Processed events of 2017, MC, QCD_HT300to500: 480000[0m
	[36m[ Log ]: Processed events of 2017, MC, QCD_HT300to500: 490000[0m
	[36m[ Log ]: Processed events of 2017, MC, QCD_HT300to500: 500000[0m
	[36m[ Log ]: Processed events of 2017, MC, QCD_HT300to500: 510000[0m
	[36m[ Log ]: Processed events of 2017, MC, QCD_HT300to500: 520000[0m
	[36m[ Log ]: Processed events of 2017, MC, QCD_HT300to500: 530000[0m
	[36m[ Log ]: Processed events of 2017, MC, QCD_HT300to500: 540000[0m
	[36m[ Log ]: Processed events of 2017, MC, QCD_HT300to500: 550000[0m
	[36m[ Log ]: Processed events of 2017, MC, QCD_HT300to500: 560000[0m
	[36m[ Log ]: Processed events of 2017, MC, QCD_HT300to500: 570000[0m
	[36m[ Log ]: Processed events of 2017, MC, QCD_HT300to500: 580000[0m
	[36m[ Log ]: Processed events of 2017, MC, QCD_HT300to500: 590000[0m
	[36m[ Log ]: Processed events of 2017, MC, QCD_HT300to500: 600000[0m
	[36m[ Log ]: Processed events of 2017, MC, QCD_HT300to500: 610000[0m
	[36m[ Log ]: Processed events of 2017, MC, QCD_HT300to500: 620000[0m
	[36m[ Log ]: Processed events of 2017, MC, QCD_HT300to500: 630000[0m
	[36m[ Log ]: Processed events of 2017, MC, QCD_HT300to500: 640000[0m
	[36m[ Log ]: Processed events of 2017, MC, QCD_HT300to500: 650000[0m
	[36m[ Log ]: Processed events of 2017, MC, QCD_HT300to500: 660000[0m
	[36m[ Log ]: Processed events of 2017, MC, QCD_HT300to500: 670000[0m
	[36m[ Log ]: Processed events of 2017, MC, QCD_HT300to500: 680000[0m
	[36m[ Log ]: Processed events of 2017, MC, QCD_HT300to500: 690000[0m
	[36m[ Log ]: Processed events of 2017, MC, QCD_HT300to500: 700000[0m
	[36m[ Log ]: Processed events of 2017, MC, QCD_HT300to500: 710000[0m
	[36m[ Log ]: Processed events of 2017, MC, QCD_HT300to500: 720000[0m
	[36m[ Log ]: Processed events of 2017, MC, QCD_HT300to500: 730000[0m
	[36m[ Log ]: Processed events of 2017, MC, QCD_HT300to500: 740000[0m
	[36m[ Log ]: Processed events of 2017, MC, QCD_HT300to500: 750000[0m
	[36m[ Log ]: Processed events of 2017, MC, QCD_HT300to500: 760000[0m
	[36m[ Log ]: Processed events of 2017, MC, QCD_HT300to500: 770000[0m
	[36m[ Log ]: Processed events of 2017, MC, QCD_HT300to500: 780000[0m
	[36m[ Log ]: Processed events of 2017, MC, QCD_HT300to500: 790000[0m
	[36m[ Log ]: Processed events of 2017, MC, QCD_HT300to500: 800000[0m
	[36m[ Log ]: Processed events of 2017, MC, QCD_HT300to500: 810000[0m
	[36m[ Log ]: Processed events of 2017, MC, QCD_HT300to500: 820000[0m
	[36m[ Log ]: Processed events of 2017, MC, QCD_HT300to500: 830000[0m
	[36m[ Log ]: Processed events of 2017, MC, QCD_HT300to500: 840000[0m
	[36m[ Log ]: Processed events of 2017, MC, QCD_HT300to500: 850000[0m
	[36m[ Log ]: Processed events of 2017, MC, QCD_HT300to500: 860000[0m
	[36m[ Log ]: Processed events of 2017, MC, QCD_HT300to500: 870000[0m
	[36m[ Log ]: Processed events of 2017, MC, QCD_HT300to500: 880000[0m
	[36m[ Log ]: Processed events of 2017, MC, QCD_HT300to500: 890000[0m
	[36m[ Log ]: Processed events of 2017, MC, QCD_HT300to500: 900000[0m
	[36m[ Log ]: Processed events of 2017, MC, QCD_HT300to500: 910000[0m
	[36m[ Log ]: Processed events of 2017, MC, QCD_HT300to500: 920000[0m
	[36m[ Log ]: Processed events of 2017, MC, QCD_HT300to500: 930000[0m
	[36m[ Log ]: Processed events of 2017, MC, QCD_HT300to500: 940000[0m
	[36m[ Log ]: Processed events of 2017, MC, QCD_HT300to500: 950000[0m
	[36m[ Log ]: Processed events of 2017, MC, QCD_HT300to500: 960000[0m
