

START---------------
WORKDIR  /u/user/jhlee/ttHH/CMSSW_14_2_1/src/tempTTHH
WORKDIR  /u/user/jhlee/ttHH/CMSSW_14_2_1/src/tempTTHH
TNM_PATH=/u/user/jhlee/ttHH/CMSSW_14_2_1/src/tempTTHH

--------- Check arugments ---------------------------------------

  - [ output file name ] --> /pnfs/knu.ac.kr/data/cms/store/user/junghyun/ttHH/AnalyzerOutput/JetHT_F/JetHT_F_53.root
  - [ runYear ] --> 2017
  - [ isData ] --> Data
  - [ sampleName ] --> JetHT_F
  - [ eraName ] --> F

--------- Check arugments ---------------------------------------


eventBuffer - All branches selected
 Output filename: /pnfs/knu.ac.kr/data/cms/store/user/junghyun/ttHH/AnalyzerOutput/JetHT_F/JetHT_F_53.root
[CorrectionsManager] json library path : /cvmfs/cms.cern.ch/rsync/cms-nanoAOD/jsonpog-integration
weight = 1

	[35m[ Warning ]: This analyzer commented out [ "WTF" log ] in the header, Please check if you want!!![0m

	[34m[ Log ]: --------------------------------------------------------------------------[0m
	[34m[ Log ]: Before start, Let's check the analysis information[0m
	[34m[ Log ]: Run Year    ----> [  2017  ][0m
	[34m[ Log ]: Data or MC  ----> [  Data  ][0m
	[34m[ Log ]: Sample Name ----> [  JetHT_F  ][0m
	[34m[ Log ]: --------------------------------------------------------------------------[0m

	[36m[ Log ]: Processed events of 2017, Data, JetHT_F: 0[0m
	[36m[ Log ]: Processed events of 2017, Data, JetHT_F: 10000[0m
	[36m[ Log ]: Processed events of 2017, Data, JetHT_F: 20000[0m
	[36m[ Log ]: Processed events of 2017, Data, JetHT_F: 30000[0m
	[36m[ Log ]: Processed events of 2017, Data, JetHT_F: 40000[0m
	[36m[ Log ]: Processed events of 2017, Data, JetHT_F: 50000[0m
	[36m[ Log ]: Processed events of 2017, Data, JetHT_F: 60000[0m
	[36m[ Log ]: Processed events of 2017, Data, JetHT_F: 70000[0m
	[36m[ Log ]: Processed events of 2017, Data, JetHT_F: 80000[0m
	[36m[ Log ]: Processed events of 2017, Data, JetHT_F: 90000[0m
	[36m[ Log ]: Processed events of 2017, Data, JetHT_F: 100000[0m
	[36m[ Log ]: Processed events of 2017, Data, JetHT_F: 110000[0m
	[36m[ Log ]: Processed events of 2017, Data, JetHT_F: 120000[0m
	[36m[ Log ]: Processed events of 2017, Data, JetHT_F: 130000[0m
	[36m[ Log ]: Processed events of 2017, Data, JetHT_F: 140000[0m
	[36m[ Log ]: Processed events of 2017, Data, JetHT_F: 150000[0m
	[36m[ Log ]: Processed events of 2017, Data, JetHT_F: 160000[0m
	[36m[ Log ]: Processed events of 2017, Data, JetHT_F: 170000[0m
	[36m[ Log ]: Processed events of 2017, Data, JetHT_F: 180000[0m
	[36m[ Log ]: Processed events of 2017, Data, JetHT_F: 190000[0m
	[36m[ Log ]: Processed events of 2017, Data, JetHT_F: 200000[0m
	[36m[ Log ]: Processed events of 2017, Data, JetHT_F: 210000[0m
	[36m[ Log ]: Processed events of 2017, Data, JetHT_F: 220000[0m
	[36m[ Log ]: Processed events of 2017, Data, JetHT_F: 230000[0m
	[36m[ Log ]: Processed events of 2017, Data, JetHT_F: 240000[0m
	[36m[ Log ]: Processed events of 2017, Data, JetHT_F: 250000[0m
	[36m[ Log ]: Processed events of 2017, Data, JetHT_F: 260000[0m
	[36m[ Log ]: Processed events of 2017, Data, JetHT_F: 270000[0m
	[36m[ Log ]: Processed events of 2017, Data, JetHT_F: 280000[0m
