Error in <TCling::LoadPCM>: ROOT PCM /afs/cern.ch/user/j/junghyun/ttHH_analysis/CMSSW_14_2_1/src/runii_tthhanalyzerV8/lib/dictionaryForROOT_rdict.pcm file does not exist
Info in <TCling::LoadPCM>: In-memory ROOT PCM candidate /cvmfs/cms.cern.ch/el9_amd64_gcc12/lcg/root/6.30.09-a471e16c07e14e11bdeeaf6baa56e34c/lib/libASImageGui_rdict.pcm

Info in <TCling::LoadPCM>: In-memory ROOT PCM candidate /cvmfs/cms.cern.ch/el9_amd64_gcc12/lcg/root/6.30.09-a471e16c07e14e11bdeeaf6baa56e34c/lib/libASImage_rdict.pcm

Info in <TCling::LoadPCM>: In-memory ROOT PCM candidate /cvmfs/cms.cern.ch/el9_amd64_gcc12/lcg/root/6.30.09-a471e16c07e14e11bdeeaf6baa56e34c/lib/libDCache_rdict.pcm

Info in <TCling::LoadPCM>: In-memory ROOT PCM candidate /cvmfs/cms.cern.ch/el9_amd64_gcc12/lcg/root/6.30.09-a471e16c07e14e11bdeeaf6baa56e34c/lib/libEG_rdict.pcm

Info in <TCling::LoadPCM>: In-memory ROOT PCM candidate /cvmfs/cms.cern.ch/el9_amd64_gcc12/lcg/root/6.30.09-a471e16c07e14e11bdeeaf6baa56e34c/lib/libEve_rdict.pcm

Info in <TCling::LoadPCM>: In-memory ROOT PCM candidate /cvmfs/cms.cern.ch/el9_amd64_gcc12/lcg/root/6.30.09-a471e16c07e14e11bdeeaf6baa56e34c/lib/libFFTW_rdict.pcm

Info in <TCling::LoadPCM>: In-memory ROOT PCM candidate /cvmfs/cms.cern.ch/el9_amd64_gcc12/lcg/root/6.30.09-a471e16c07e14e11bdeeaf6baa56e34c/lib/libFitPanel_rdict.pcm

Info in <TCling::LoadPCM>: In-memory ROOT PCM candidate /cvmfs/cms.cern.ch/el9_amd64_gcc12/lcg/root/6.30.09-a471e16c07e14e11bdeeaf6baa56e34c/lib/libFoam_rdict.pcm

Info in <TCling::LoadPCM>: In-memory ROOT PCM candidate /cvmfs/cms.cern.ch/el9_amd64_gcc12/lcg/root/6.30.09-a471e16c07e14e11bdeeaf6baa56e34c/lib/libFumili_rdict.pcm

Info in <TCling::LoadPCM>: In-memory ROOT PCM candidate /cvmfs/cms.cern.ch/el9_amd64_gcc12/lcg/root/6.30.09-a471e16c07e14e11bdeeaf6baa56e34c/lib/libGX11TTF_rdict.pcm

Info in <TCling::LoadPCM>: In-memory ROOT PCM candidate /cvmfs/cms.cern.ch/el9_amd64_gcc12/lcg/root/6.30.09-a471e16c07e14e11bdeeaf6baa56e34c/lib/libGX11_rdict.pcm

Info in <TCling::LoadPCM>: In-memory ROOT PCM candidate /cvmfs/cms.cern.ch/el9_amd64_gcc12/lcg/root/6.30.09-a471e16c07e14e11bdeeaf6baa56e34c/lib/libGdml_rdict.pcm

Info in <TCling::LoadPCM>: In-memory ROOT PCM candidate /cvmfs/cms.cern.ch/el9_amd64_gcc12/lcg/root/6.30.09-a471e16c07e14e11bdeeaf6baa56e34c/lib/libGed_rdict.pcm

Info in <TCling::LoadPCM>: In-memory ROOT PCM candidate /cvmfs/cms.cern.ch/el9_amd64_gcc12/lcg/root/6.30.09-a471e16c07e14e11bdeeaf6baa56e34c/lib/libGenVector_G__GenVector32_rdict.pcm

Info in <TCling::LoadPCM>: In-memory ROOT PCM candidate /cvmfs/cms.cern.ch/el9_amd64_gcc12/lcg/root/6.30.09-a471e16c07e14e11bdeeaf6baa56e34c/lib/libGenVector_rdict.pcm

Info in <TCling::LoadPCM>: In-memory ROOT PCM candidate /cvmfs/cms.cern.ch/el9_amd64_gcc12/lcg/root/6.30.09-a471e16c07e14e11bdeeaf6baa56e34c/lib/libGenetic_rdict.pcm

Info in <TCling::LoadPCM>: In-memory ROOT PCM candidate /cvmfs/cms.cern.ch/el9_amd64_gcc12/lcg/root/6.30.09-a471e16c07e14e11bdeeaf6baa56e34c/lib/libGeomBuilder_rdict.pcm

Info in <TCling::LoadPCM>: In-memory ROOT PCM candidate /cvmfs/cms.cern.ch/el9_amd64_gcc12/lcg/root/6.30.09-a471e16c07e14e11bdeeaf6baa56e34c/lib/libGeomPainter_rdict.pcm

Info in <TCling::LoadPCM>: In-memory ROOT PCM candidate /cvmfs/cms.cern.ch/el9_amd64_gcc12/lcg/root/6.30.09-a471e16c07e14e11bdeeaf6baa56e34c/lib/libGeom_rdict.pcm

Info in <TCling::LoadPCM>: In-memory ROOT PCM candidate /cvmfs/cms.cern.ch/el9_amd64_gcc12/lcg/root/6.30.09-a471e16c07e14e11bdeeaf6baa56e34c/lib/libGpad_rdict.pcm

Info in <TCling::LoadPCM>: In-memory ROOT PCM candidate /cvmfs/cms.cern.ch/el9_amd64_gcc12/lcg/root/6.30.09-a471e16c07e14e11bdeeaf6baa56e34c/lib/libGraf3d_rdict.pcm

Info in <TCling::LoadPCM>: In-memory ROOT PCM candidate /cvmfs/cms.cern.ch/el9_amd64_gcc12/lcg/root/6.30.09-a471e16c07e14e11bdeeaf6baa56e34c/lib/libGraf_rdict.pcm

Info in <TCling::LoadPCM>: In-memory ROOT PCM candidate /cvmfs/cms.cern.ch/el9_amd64_gcc12/lcg/root/6.30.09-a471e16c07e14e11bdeeaf6baa56e34c/lib/libGuiBld_rdict.pcm

Info in <TCling::LoadPCM>: In-memory ROOT PCM candidate /cvmfs/cms.cern.ch/el9_amd64_gcc12/lcg/root/6.30.09-a471e16c07e14e11bdeeaf6baa56e34c/lib/libGuiHtml_rdict.pcm

Info in <TCling::LoadPCM>: In-memory ROOT PCM candidate /cvmfs/cms.cern.ch/el9_amd64_gcc12/lcg/root/6.30.09-a471e16c07e14e11bdeeaf6baa56e34c/lib/libGui_rdict.pcm

Info in <TCling::LoadPCM>: In-memory ROOT PCM candidate /cvmfs/cms.cern.ch/el9_amd64_gcc12/lcg/root/6.30.09-a471e16c07e14e11bdeeaf6baa56e34c/lib/libGviz3d_rdict.pcm

Info in <TCling::LoadPCM>: In-memory ROOT PCM candidate /cvmfs/cms.cern.ch/el9_amd64_gcc12/lcg/root/6.30.09-a471e16c07e14e11bdeeaf6baa56e34c/lib/libHistFactory_rdict.pcm

Info in <TCling::LoadPCM>: In-memory ROOT PCM candidate /cvmfs/cms.cern.ch/el9_amd64_gcc12/lcg/root/6.30.09-a471e16c07e14e11bdeeaf6baa56e34c/lib/libHistPainter_rdict.pcm

Info in <TCling::LoadPCM>: In-memory ROOT PCM candidate /cvmfs/cms.cern.ch/el9_amd64_gcc12/lcg/root/6.30.09-a471e16c07e14e11bdeeaf6baa56e34c/lib/libHist_rdict.pcm

Info in <TCling::LoadPCM>: In-memory ROOT PCM candidate /cvmfs/cms.cern.ch/el9_amd64_gcc12/lcg/root/6.30.09-a471e16c07e14e11bdeeaf6baa56e34c/lib/libHtml_rdict.pcm

Info in <TCling::LoadPCM>: In-memory ROOT PCM candidate /cvmfs/cms.cern.ch/el9_amd64_gcc12/lcg/root/6.30.09-a471e16c07e14e11bdeeaf6baa56e34c/lib/libMLP_rdict.pcm

Info in <TCling::LoadPCM>: In-memory ROOT PCM candidate /cvmfs/cms.cern.ch/el9_amd64_gcc12/lcg/root/6.30.09-a471e16c07e14e11bdeeaf6baa56e34c/lib/libMathCore_rdict.pcm

Info in <TCling::LoadPCM>: In-memory ROOT PCM candidate /cvmfs/cms.cern.ch/el9_amd64_gcc12/lcg/root/6.30.09-a471e16c07e14e11bdeeaf6baa56e34c/lib/libMathMore_rdict.pcm

Info in <TCling::LoadPCM>: In-memory ROOT PCM candidate /cvmfs/cms.cern.ch/el9_amd64_gcc12/lcg/root/6.30.09-a471e16c07e14e11bdeeaf6baa56e34c/lib/libMatrix_rdict.pcm

Info in <TCling::LoadPCM>: In-memory ROOT PCM candidate /cvmfs/cms.cern.ch/el9_amd64_gcc12/lcg/root/6.30.09-a471e16c07e14e11bdeeaf6baa56e34c/lib/libMinuit2_rdict.pcm

Info in <TCling::LoadPCM>: In-memory ROOT PCM candidate /cvmfs/cms.cern.ch/el9_amd64_gcc12/lcg/root/6.30.09-a471e16c07e14e11bdeeaf6baa56e34c/lib/libMinuit_rdict.pcm

Info in <TCling::LoadPCM>: In-memory ROOT PCM candidate /cvmfs/cms.cern.ch/el9_amd64_gcc12/lcg/root/6.30.09-a471e16c07e14e11bdeeaf6baa56e34c/lib/libNet_rdict.pcm

Info in <TCling::LoadPCM>: In-memory ROOT PCM candidate /cvmfs/cms.cern.ch/el9_amd64_gcc12/lcg/root/6.30.09-a471e16c07e14e11bdeeaf6baa56e34c/lib/libNetxNG_rdict.pcm

Info in <TCling::LoadPCM>: In-memory ROOT PCM candidate /cvmfs/cms.cern.ch/el9_amd64_gcc12/lcg/root/6.30.09-a471e16c07e14e11bdeeaf6baa56e34c/lib/libPhysics_rdict.pcm

Info in <TCling::LoadPCM>: In-memory ROOT PCM candidate /cvmfs/cms.cern.ch/el9_amd64_gcc12/lcg/root/6.30.09-a471e16c07e14e11bdeeaf6baa56e34c/lib/libPostscript_rdict.pcm

Info in <TCling::LoadPCM>: In-memory ROOT PCM candidate /cvmfs/cms.cern.ch/el9_amd64_gcc12/lcg/root/6.30.09-a471e16c07e14e11bdeeaf6baa56e34c/lib/libProofBench_rdict.pcm

Info in <TCling::LoadPCM>: In-memory ROOT PCM candidate /cvmfs/cms.cern.ch/el9_amd64_gcc12/lcg/root/6.30.09-a471e16c07e14e11bdeeaf6baa56e34c/lib/libProofDraw_rdict.pcm

Info in <TCling::LoadPCM>: In-memory ROOT PCM candidate /cvmfs/cms.cern.ch/el9_amd64_gcc12/lcg/root/6.30.09-a471e16c07e14e11bdeeaf6baa56e34c/lib/libProofPlayer_rdict.pcm

Info in <TCling::LoadPCM>: In-memory ROOT PCM candidate /cvmfs/cms.cern.ch/el9_amd64_gcc12/lcg/root/6.30.09-a471e16c07e14e11bdeeaf6baa56e34c/lib/libProof_rdict.pcm

Info in <TCling::LoadPCM>: In-memory ROOT PCM candidate /cvmfs/cms.cern.ch/el9_amd64_gcc12/lcg/root/6.30.09-a471e16c07e14e11bdeeaf6baa56e34c/lib/libPyMVA_rdict.pcm

Info in <TCling::LoadPCM>: In-memory ROOT PCM candidate /cvmfs/cms.cern.ch/el9_amd64_gcc12/lcg/root/6.30.09-a471e16c07e14e11bdeeaf6baa56e34c/lib/libQuadp_rdict.pcm

Info in <TCling::LoadPCM>: In-memory ROOT PCM candidate /cvmfs/cms.cern.ch/el9_amd64_gcc12/lcg/root/6.30.09-a471e16c07e14e11bdeeaf6baa56e34c/lib/libRCsg_rdict.pcm

Info in <TCling::LoadPCM>: In-memory ROOT PCM candidate /cvmfs/cms.cern.ch/el9_amd64_gcc12/lcg/root/6.30.09-a471e16c07e14e11bdeeaf6baa56e34c/lib/libRDAVIX_rdict.pcm

Info in <TCling::LoadPCM>: In-memory ROOT PCM candidate /cvmfs/cms.cern.ch/el9_amd64_gcc12/lcg/root/6.30.09-a471e16c07e14e11bdeeaf6baa56e34c/lib/libRGL_rdict.pcm

Info in <TCling::LoadPCM>: In-memory ROOT PCM candidate /cvmfs/cms.cern.ch/el9_amd64_gcc12/lcg/root/6.30.09-a471e16c07e14e11bdeeaf6baa56e34c/lib/libRHTTPSniff_rdict.pcm

Info in <TCling::LoadPCM>: In-memory ROOT PCM candidate /cvmfs/cms.cern.ch/el9_amd64_gcc12/lcg/root/6.30.09-a471e16c07e14e11bdeeaf6baa56e34c/lib/libRHTTP_rdict.pcm

Info in <TCling::LoadPCM>: In-memory ROOT PCM candidate /cvmfs/cms.cern.ch/el9_amd64_gcc12/lcg/root/6.30.09-a471e16c07e14e11bdeeaf6baa56e34c/lib/libROOTBrowsable_rdict.pcm

Info in <TCling::LoadPCM>: In-memory ROOT PCM candidate /cvmfs/cms.cern.ch/el9_amd64_gcc12/lcg/root/6.30.09-a471e16c07e14e11bdeeaf6baa56e34c/lib/libROOTBrowserv7_rdict.pcm

Info in <TCling::LoadPCM>: In-memory ROOT PCM candidate /cvmfs/cms.cern.ch/el9_amd64_gcc12/lcg/root/6.30.09-a471e16c07e14e11bdeeaf6baa56e34c/lib/libROOTDataFrame_rdict.pcm

Info in <TCling::LoadPCM>: In-memory ROOT PCM candidate /cvmfs/cms.cern.ch/el9_amd64_gcc12/lcg/root/6.30.09-a471e16c07e14e11bdeeaf6baa56e34c/lib/libROOTEve_rdict.pcm

Info in <TCling::LoadPCM>: In-memory ROOT PCM candidate /cvmfs/cms.cern.ch/el9_amd64_gcc12/lcg/root/6.30.09-a471e16c07e14e11bdeeaf6baa56e34c/lib/libROOTFitPanelv7_rdict.pcm

Info in <TCling::LoadPCM>: In-memory ROOT PCM candidate /cvmfs/cms.cern.ch/el9_amd64_gcc12/lcg/root/6.30.09-a471e16c07e14e11bdeeaf6baa56e34c/lib/libROOTGeomViewer_rdict.pcm

Info in <TCling::LoadPCM>: In-memory ROOT PCM candidate /cvmfs/cms.cern.ch/el9_amd64_gcc12/lcg/root/6.30.09-a471e16c07e14e11bdeeaf6baa56e34c/lib/libROOTGpadv7_rdict.pcm

Info in <TCling::LoadPCM>: In-memory ROOT PCM candidate /cvmfs/cms.cern.ch/el9_amd64_gcc12/lcg/root/6.30.09-a471e16c07e14e11bdeeaf6baa56e34c/lib/libROOTGraphicsPrimitives_rdict.pcm

Info in <TCling::LoadPCM>: In-memory ROOT PCM candidate /cvmfs/cms.cern.ch/el9_amd64_gcc12/lcg/root/6.30.09-a471e16c07e14e11bdeeaf6baa56e34c/lib/libROOTHistDraw_rdict.pcm

Info in <TCling::LoadPCM>: In-memory ROOT PCM candidate /cvmfs/cms.cern.ch/el9_amd64_gcc12/lcg/root/6.30.09-a471e16c07e14e11bdeeaf6baa56e34c/lib/libROOTHist_rdict.pcm

Info in <TCling::LoadPCM>: In-memory ROOT PCM candidate /cvmfs/cms.cern.ch/el9_amd64_gcc12/lcg/root/6.30.09-a471e16c07e14e11bdeeaf6baa56e34c/lib/libROOTNTupleUtil_rdict.pcm

Info in <TCling::LoadPCM>: In-memory ROOT PCM candidate /cvmfs/cms.cern.ch/el9_amd64_gcc12/lcg/root/6.30.09-a471e16c07e14e11bdeeaf6baa56e34c/lib/libROOTNTuple_rdict.pcm

Info in <TCling::LoadPCM>: In-memory ROOT PCM candidate /cvmfs/cms.cern.ch/el9_amd64_gcc12/lcg/root/6.30.09-a471e16c07e14e11bdeeaf6baa56e34c/lib/libROOTTMVASofie_rdict.pcm

Info in <TCling::LoadPCM>: In-memory ROOT PCM candidate /cvmfs/cms.cern.ch/el9_amd64_gcc12/lcg/root/6.30.09-a471e16c07e14e11bdeeaf6baa56e34c/lib/libROOTTPython_rdict.pcm

Info in <TCling::LoadPCM>: In-memory ROOT PCM candidate /cvmfs/cms.cern.ch/el9_amd64_gcc12/lcg/root/6.30.09-a471e16c07e14e11bdeeaf6baa56e34c/lib/libROOTTreeViewer_rdict.pcm

Info in <TCling::LoadPCM>: In-memory ROOT PCM candidate /cvmfs/cms.cern.ch/el9_amd64_gcc12/lcg/root/6.30.09-a471e16c07e14e11bdeeaf6baa56e34c/lib/libROOTVecOps_rdict.pcm

Info in <TCling::LoadPCM>: In-memory ROOT PCM candidate /cvmfs/cms.cern.ch/el9_amd64_gcc12/lcg/root/6.30.09-a471e16c07e14e11bdeeaf6baa56e34c/lib/libROOTWebDisplay_rdict.pcm

Info in <TCling::LoadPCM>: In-memory ROOT PCM candidate /cvmfs/cms.cern.ch/el9_amd64_gcc12/lcg/root/6.30.09-a471e16c07e14e11bdeeaf6baa56e34c/lib/libRecorder_rdict.pcm

Info in <TCling::LoadPCM>: In-memory ROOT PCM candidate /cvmfs/cms.cern.ch/el9_amd64_gcc12/lcg/root/6.30.09-a471e16c07e14e11bdeeaf6baa56e34c/lib/libRooFitCore_rdict.pcm

Info in <TCling::LoadPCM>: In-memory ROOT PCM candidate /cvmfs/cms.cern.ch/el9_amd64_gcc12/lcg/root/6.30.09-a471e16c07e14e11bdeeaf6baa56e34c/lib/libRooFitHS3_rdict.pcm

Info in <TCling::LoadPCM>: In-memory ROOT PCM candidate /cvmfs/cms.cern.ch/el9_amd64_gcc12/lcg/root/6.30.09-a471e16c07e14e11bdeeaf6baa56e34c/lib/libRooFitJSONInterface_rdict.pcm

Info in <TCling::LoadPCM>: In-memory ROOT PCM candidate /cvmfs/cms.cern.ch/el9_amd64_gcc12/lcg/root/6.30.09-a471e16c07e14e11bdeeaf6baa56e34c/lib/libRooFitMore_rdict.pcm

Info in <TCling::LoadPCM>: In-memory ROOT PCM candidate /cvmfs/cms.cern.ch/el9_amd64_gcc12/lcg/root/6.30.09-a471e16c07e14e11bdeeaf6baa56e34c/lib/libRooFitRDataFrameHelpers_rdict.pcm

Info in <TCling::LoadPCM>: In-memory ROOT PCM candidate /cvmfs/cms.cern.ch/el9_amd64_gcc12/lcg/root/6.30.09-a471e16c07e14e11bdeeaf6baa56e34c/lib/libRooFitXRooFit_rdict.pcm

Info in <TCling::LoadPCM>: In-memory ROOT PCM candidate /cvmfs/cms.cern.ch/el9_amd64_gcc12/lcg/root/6.30.09-a471e16c07e14e11bdeeaf6baa56e34c/lib/libRooFit_rdict.pcm

Info in <TCling::LoadPCM>: In-memory ROOT PCM candidate /cvmfs/cms.cern.ch/el9_amd64_gcc12/lcg/root/6.30.09-a471e16c07e14e11bdeeaf6baa56e34c/lib/libRooStats_rdict.pcm

Info in <TCling::LoadPCM>: In-memory ROOT PCM candidate /cvmfs/cms.cern.ch/el9_amd64_gcc12/lcg/root/6.30.09-a471e16c07e14e11bdeeaf6baa56e34c/lib/libRootAuth_rdict.pcm

Info in <TCling::LoadPCM>: In-memory ROOT PCM candidate /cvmfs/cms.cern.ch/el9_amd64_gcc12/lcg/root/6.30.09-a471e16c07e14e11bdeeaf6baa56e34c/lib/libSPlot_rdict.pcm

Info in <TCling::LoadPCM>: In-memory ROOT PCM candidate /cvmfs/cms.cern.ch/el9_amd64_gcc12/lcg/root/6.30.09-a471e16c07e14e11bdeeaf6baa56e34c/lib/libSQLIO_rdict.pcm

Info in <TCling::LoadPCM>: In-memory ROOT PCM candidate /cvmfs/cms.cern.ch/el9_amd64_gcc12/lcg/root/6.30.09-a471e16c07e14e11bdeeaf6baa56e34c/lib/libSessionViewer_rdict.pcm

Info in <TCling::LoadPCM>: In-memory ROOT PCM candidate /cvmfs/cms.cern.ch/el9_amd64_gcc12/lcg/root/6.30.09-a471e16c07e14e11bdeeaf6baa56e34c/lib/libSmatrix_G__Smatrix32_rdict.pcm

Info in <TCling::LoadPCM>: In-memory ROOT PCM candidate /cvmfs/cms.cern.ch/el9_amd64_gcc12/lcg/root/6.30.09-a471e16c07e14e11bdeeaf6baa56e34c/lib/libSmatrix_rdict.pcm

Info in <TCling::LoadPCM>: In-memory ROOT PCM candidate /cvmfs/cms.cern.ch/el9_amd64_gcc12/lcg/root/6.30.09-a471e16c07e14e11bdeeaf6baa56e34c/lib/libSpectrumPainter_rdict.pcm

Info in <TCling::LoadPCM>: In-memory ROOT PCM candidate /cvmfs/cms.cern.ch/el9_amd64_gcc12/lcg/root/6.30.09-a471e16c07e14e11bdeeaf6baa56e34c/lib/libSpectrum_rdict.pcm

Info in <TCling::LoadPCM>: In-memory ROOT PCM candidate /cvmfs/cms.cern.ch/el9_amd64_gcc12/lcg/root/6.30.09-a471e16c07e14e11bdeeaf6baa56e34c/lib/libTMVAGui_rdict.pcm

Info in <TCling::LoadPCM>: In-memory ROOT PCM candidate /cvmfs/cms.cern.ch/el9_amd64_gcc12/lcg/root/6.30.09-a471e16c07e14e11bdeeaf6baa56e34c/lib/libTMVAUtils_rdict.pcm

Info in <TCling::LoadPCM>: In-memory ROOT PCM candidate /cvmfs/cms.cern.ch/el9_amd64_gcc12/lcg/root/6.30.09-a471e16c07e14e11bdeeaf6baa56e34c/lib/libTMVA_rdict.pcm

Info in <TCling::LoadPCM>: In-memory ROOT PCM candidate /cvmfs/cms.cern.ch/el9_amd64_gcc12/lcg/root/6.30.09-a471e16c07e14e11bdeeaf6baa56e34c/lib/libTreePlayer_rdict.pcm

Info in <TCling::LoadPCM>: In-memory ROOT PCM candidate /cvmfs/cms.cern.ch/el9_amd64_gcc12/lcg/root/6.30.09-a471e16c07e14e11bdeeaf6baa56e34c/lib/libTreeViewer_rdict.pcm

Info in <TCling::LoadPCM>: In-memory ROOT PCM candidate /cvmfs/cms.cern.ch/el9_amd64_gcc12/lcg/root/6.30.09-a471e16c07e14e11bdeeaf6baa56e34c/lib/libTree_rdict.pcm

Info in <TCling::LoadPCM>: In-memory ROOT PCM candidate /cvmfs/cms.cern.ch/el9_amd64_gcc12/lcg/root/6.30.09-a471e16c07e14e11bdeeaf6baa56e34c/lib/libWebGui6_rdict.pcm

Info in <TCling::LoadPCM>: In-memory ROOT PCM candidate /cvmfs/cms.cern.ch/el9_amd64_gcc12/lcg/root/6.30.09-a471e16c07e14e11bdeeaf6baa56e34c/lib/libX3d_rdict.pcm

Info in <TCling::LoadPCM>: In-memory ROOT PCM candidate /cvmfs/cms.cern.ch/el9_amd64_gcc12/lcg/root/6.30.09-a471e16c07e14e11bdeeaf6baa56e34c/lib/libXMLIO_rdict.pcm

Info in <TCling::LoadPCM>: In-memory ROOT PCM candidate /cvmfs/cms.cern.ch/el9_amd64_gcc12/lcg/root/6.30.09-a471e16c07e14e11bdeeaf6baa56e34c/lib/libXMLParser_rdict.pcm


 *** Break *** bus error

Thread 15 (LWP 308 "ttHHanalyzer_bT"):
#0  0x000014c78b28717a in ?? ()
#1  0x000000000587ac80 in ?? ()
#2  0x0000000000000189 in ?? ()
#3  0x0000000004283a80 in ?? ()
#4  0x0000000000000000 in ?? ()

Thread 14 (LWP 307 "ttHHanalyzer_bT"):
#0  0x000014c78b28717a in ?? ()
#1  0x000014c758007300 in ?? ()
#2  0x0000000000000189 in ?? ()
#3  0x0000000004283a80 in ?? ()
#4  0x0000000000000000 in ?? ()

Thread 13 (LWP 306 "ttHHanalyzer_bT"):
#0  0x000014c78b28717a in ?? ()
#1  0x000014c760000e50 in ?? ()
#2  0x0000000000000189 in ?? ()
#3  0x0000000004283a80 in ?? ()
#4  0x0000000000000000 in ?? ()

Thread 12 (LWP 305 "ttHHanalyzer_bT"):
#0  0x000014c78b2d4595 in ?? ()
#1  0x0000000000000000 in ?? ()

Thread 11 (LWP 304 "ttHHanalyzer_bT"):
#0  0x000014c78b30e78e in ?? ()
#1  0x0000000000000001 in ?? ()
#2  0x0000002484308ffd in ?? ()
#3  0x0000000004368000 in ?? ()
#4  0x00003a9800000400 in ?? ()
#5  0x0000000000000000 in ?? ()

Thread 10 (LWP 303 "ttHHanalyzer_bT"):
#0  0x000014c78b30e78e in ?? ()
#1  0x0000000000000001 in ?? ()
#2  0x0000002184308ffd in ?? ()
#3  0x0000000004364000 in ?? ()
#4  0xffffffff00000400 in ?? ()
#5  0x0000000000000000 in ?? ()

Thread 9 (LWP 302 "ttHHanalyzer_bT"):
#0  0x000014c78b30e78e in ?? ()
#1  0x0000000000000001 in ?? ()
#2  0x0000001e84308ffd in ?? ()
#3  0x000000000438d000 in ?? ()
#4  0xffffffff00000400 in ?? ()
#5  0x0000000000000000 in ?? ()

Thread 8 (LWP 301 "ttHHanalyzer_bT"):
#0  0x000014c78b30e78e in ?? ()
#1  0x0000000000000001 in ?? ()
#2  0x0000001b84308ffd in ?? ()
#3  0x0000000004389000 in ?? ()
#4  0x00003a9800000400 in ?? ()
#5  0x0000000000000000 in ?? ()

Thread 7 (LWP 300 "ttHHanalyzer_bT"):
#0  0x000014c78b30e78e in ?? ()
#1  0x0000000000000001 in ?? ()
#2  0x0000001884308ffd in ?? ()
#3  0x0000000004385000 in ?? ()
#4  0xffffffff00000400 in ?? ()
#5  0x0000000000000000 in ?? ()

Thread 6 (LWP 299 "ttHHanalyzer_bT"):
#0  0x000014c78b30e78e in ?? ()
#1  0x0000000000000001 in ?? ()
#2  0x0000001584308ffd in ?? ()
#3  0x000000000432e000 in ?? ()
#4  0xffffffff00000400 in ?? ()
#5  0x0000000000000000 in ?? ()

Thread 5 (LWP 298 "ttHHanalyzer_bT"):
#0  0x000014c78b30e78e in ?? ()
#1  0x0000000000000001 in ?? ()
#2  0x0000001284308ffd in ?? ()
#3  0x000000000432a000 in ?? ()
#4  0xffffffff00000400 in ?? ()
#5  0x0000000000000000 in ?? ()

Thread 4 (LWP 297 "ttHHanalyzer_bT"):
#0  0x000014c78b30e78e in ?? ()
#1  0x0000000000000001 in ?? ()
#2  0x0000000f84308ffd in ?? ()
#3  0x0000000004339000 in ?? ()
#4  0xffffffff00000400 in ?? ()
#5  0x0000000000000001 in ?? ()
#6  0x000014c784309e22 in ?? ()
#7  0x0000000000000000 in ?? ()

Thread 3 (LWP 296 "ttHHanalyzer_bT"):
#0  0x000014c78b30e78e in ?? ()
#1  0x0000000000000001 in ?? ()
#2  0x0000000c84308ffd in ?? ()
#3  0x0000000004335000 in ?? ()
#4  0xffffffff00000400 in ?? ()
#5  0x0000000000000000 in ?? ()

Thread 2 (LWP 295 "ttHHanalyzer_bT"):
#0  0x000014c78b30e78e in ?? ()
#1  0x0000000000000001 in ?? ()
#2  0x0000000984308ffd in ?? ()
#3  0x000000000437a000 in ?? ()
#4  0xffffffff00000400 in ?? ()
#5  0x0000000000000000 in ?? ()

Thread 1 (LWP 280 "ttHHanalyzer_bT"):
#0  0x000014c78b2d8f3f in ?? ()
#1  0x000014c78d56cf20 in ?? ()
#2  0x00007fff5e592a68 in ?? ()
#3  0x0000000000000137 in ?? ()
#4  0x0000000000000000 in ?? ()
/pool/condor/dir_1627101/run_SingleMuon_D.sh: line 12:   280 Bus error               (core dumped) "/afs/cern.ch/user/j/junghyun/ttHH_analysis/CMSSW_14_2_1/src/runii_tthhanalyzerV8/ttHHanalyzer_bTagSF" "$1" "root://eosuser.cern.ch//eos/user/j/junghyun/ttHH/Btag_el9/SingleMuon_D/$2" "$3" "$4" "$5" "$6" "$7"
