

START---------------
WORKDIR  /pool/condor/dir_2668620
WORKDIR  /afs/cern.ch/user/j/junghyun/ttHH_analysis/CMSSW_14_2_1/src/runii_tthhanalyzerV8
TNM_PATH=/afs/cern.ch/user/j/junghyun/ttHH_analysis/CMSSW_14_2_1/src/runii_tthhanalyzerV8

--------- Check arugments ---------------------------------------

  - [ output file name ] --> root://eosuser.cern.ch//eos/user/j/junghyun/ttHH/Btag_el9/QCD_HT300to500/QCD_HT300to500_33.root
  - [ runYear ] --> 2017
  - [ isData ] --> MC
  - [ sampleName ] --> QCD_HT300to500
  - [ eraName ] --> A

--------- Check arugments ---------------------------------------


eventBuffer - All branches selected
** Warning ** itreestream - branch Events/FatJet_corr_JEC not found
** Warning ** itreestream - branch Events/FatJet_corr_JER not found
** Warning ** itreestream - branch Events/FatJet_corr_JMR not found
** Warning ** itreestream - branch Events/FatJet_corr_JMS not found
** Warning ** itreestream - branch Events/FatJet_mass_jerDown not found
** Warning ** itreestream - branch Events/FatJet_mass_jerUp not found
** Warning ** itreestream - branch Events/FatJet_mass_jesTotalDown not found
** Warning ** itreestream - branch Events/FatJet_mass_jesTotalUp not found
** Warning ** itreestream - branch Events/FatJet_mass_jmrDown not found
** Warning ** itreestream - branch Events/FatJet_mass_jmrUp not found
** Warning ** itreestream - branch Events/FatJet_mass_jmsDown not found
** Warning ** itreestream - branch Events/FatJet_mass_jmsUp not found
** Warning ** itreestream - branch Events/FatJet_mass_nom not found
** Warning ** itreestream - branch Events/FatJet_mass_raw not found
** Warning ** itreestream - branch Events/FatJet_msoftdrop_corr_JMR not found
** Warning ** itreestream - branch Events/FatJet_msoftdrop_corr_JMS not found
** Warning ** itreestream - branch Events/FatJet_msoftdrop_corr_PUPPI not found
** Warning ** itreestream - branch Events/FatJet_msoftdrop_jerDown not found
** Warning ** itreestream - branch Events/FatJet_msoftdrop_jerUp not found
** Warning ** itreestream - branch Events/FatJet_msoftdrop_jesTotalDown not found
** Warning ** itreestream - branch Events/FatJet_msoftdrop_jesTotalUp not found
** Warning ** itreestream - branch Events/FatJet_msoftdrop_jmrDown not found
** Warning ** itreestream - branch Events/FatJet_msoftdrop_jmrUp not found
** Warning ** itreestream - branch Events/FatJet_msoftdrop_jmsDown not found
** Warning ** itreestream - branch Events/FatJet_msoftdrop_jmsUp not found
** Warning ** itreestream - branch Events/FatJet_msoftdrop_nom not found
** Warning ** itreestream - branch Events/FatJet_msoftdrop_raw not found
** Warning ** itreestream - branch Events/FatJet_msoftdrop_tau21DDT_jerDown not found
** Warning ** itreestream - branch Events/FatJet_msoftdrop_tau21DDT_jerUp not found
** Warning ** itreestream - branch Events/FatJet_msoftdrop_tau21DDT_jmrDown not found
** Warning ** itreestream - branch Events/FatJet_msoftdrop_tau21DDT_jmrUp not found
** Warning ** itreestream - branch Events/FatJet_msoftdrop_tau21DDT_jmsDown not found
** Warning ** itreestream - branch Events/FatJet_msoftdrop_tau21DDT_jmsUp not found
** Warning ** itreestream - branch Events/FatJet_msoftdrop_tau21DDT_nom not found
** Warning ** itreestream - branch Events/FatJet_pt_jerDown not found
** Warning ** itreestream - branch Events/FatJet_pt_jerUp not found
** Warning ** itreestream - branch Events/FatJet_pt_jesTotalDown not found
** Warning ** itreestream - branch Events/FatJet_pt_jesTotalUp not found
** Warning ** itreestream - branch Events/FatJet_pt_nom not found
** Warning ** itreestream - branch Events/FatJet_pt_raw not found
** Warning ** itreestream - branch Events/HLT_AK8PFJet15 not found
** Warning ** itreestream - branch Events/HLT_AK8PFJet25 not found
** Warning ** itreestream - branch Events/HLT_AK8PFJet330_TrimMass30_PFAK8BTagDeepCSV_p1 not found
** Warning ** itreestream - branch Events/HLT_AK8PFJet330_TrimMass30_PFAK8BTagDeepCSV_p17 not found
** Warning ** itreestream - branch Events/HLT_AK8PFJet330_TrimMass30_PFAK8BoostedDoubleB_np2 not found
** Warning ** itreestream - branch Events/HLT_AK8PFJet330_TrimMass30_PFAK8BoostedDoubleB_np4 not found
** Warning ** itreestream - branch Events/HLT_AK8PFJet330_TrimMass30_PFAK8BoostedDoubleB_p02 not found
** Warning ** itreestream - branch Events/HLT_AK8PFJetFwd15 not found
** Warning ** itreestream - branch Events/HLT_AK8PFJetFwd25 not found
** Warning ** itreestream - branch Events/HLT_Ele15_CaloIdL_TrackIdL_IsoVL_PFJet30 not found
** Warning ** itreestream - branch Events/HLT_Ele15_Ele8_CaloIdL_TrackIdL_IsoVL not found
** Warning ** itreestream - branch Events/HLT_Ele15_IsoVVVL_PFHT450_CaloBTagDeepCSV_4p5 not found
** Warning ** itreestream - branch Events/HLT_Ele15_WPLoose_Gsf not found
** Warning ** itreestream - branch Events/HLT_Ele17_WPLoose_Gsf not found
** Warning ** itreestream - branch Events/HLT_Ele24_eta2p1_WPTight_Gsf_LooseChargedIsoPFTauHPS30_eta2p1_CrossL1 not found
** Warning ** itreestream - branch Events/HLT_Ele24_eta2p1_WPTight_Gsf_LooseChargedIsoPFTauHPS30_eta2p1_TightID_CrossL1 not found
** Warning ** itreestream - branch Events/HLT_Ele24_eta2p1_WPTight_Gsf_MediumChargedIsoPFTauHPS30_eta2p1_CrossL1 not found
** Warning ** itreestream - branch Events/HLT_Ele24_eta2p1_WPTight_Gsf_MediumChargedIsoPFTauHPS30_eta2p1_TightID_CrossL1 not found
** Warning ** itreestream - branch Events/HLT_Ele24_eta2p1_WPTight_Gsf_TightChargedIsoPFTauHPS30_eta2p1_CrossL1 not found
** Warning ** itreestream - branch Events/HLT_Ele24_eta2p1_WPTight_Gsf_TightChargedIsoPFTauHPS30_eta2p1_TightID_CrossL1 not found
** Warning ** itreestream - branch Events/HLT_Ele28_WPTight_Gsf not found
** Warning ** itreestream - branch Events/HLT_Ele30_WPTight_Gsf not found
** Warning ** itreestream - branch Events/HLT_HT500_DisplacedDijet40_DisplacedTrack not found
** Warning ** itreestream - branch Events/HLT_IsoMu20_eta2p1_LooseChargedIsoPFTauHPS27_eta2p1_CrossL1 not found
** Warning ** itreestream - branch Events/HLT_IsoMu20_eta2p1_LooseChargedIsoPFTauHPS27_eta2p1_TightID_CrossL1 not found
** Warning ** itreestream - branch Events/HLT_IsoMu20_eta2p1_MediumChargedIsoPFTauHPS27_eta2p1_CrossL1 not found
** Warning ** itreestream - branch Events/HLT_IsoMu20_eta2p1_MediumChargedIsoPFTauHPS27_eta2p1_TightID_CrossL1 not found
** Warning ** itreestream - branch Events/HLT_IsoMu20_eta2p1_TightChargedIsoPFTauHPS27_eta2p1_CrossL1 not found
** Warning ** itreestream - branch Events/HLT_IsoMu20_eta2p1_TightChargedIsoPFTauHPS27_eta2p1_TightID_CrossL1 not found
** Warning ** itreestream - branch Events/HLT_IsoTkMu24 not found
** Warning ** itreestream - branch Events/HLT_IsoMu24_TwoProngs35 not found
** Warning ** itreestream - branch Events/HLT_IsoMu24_eta2p1_MediumChargedIsoPFTauHPS35_Trk1_TightID_eta2p1_Reg_CrossL1 not found
** Warning ** itreestream - branch Events/HLT_IsoMu24_eta2p1_MediumChargedIsoPFTauHPS35_Trk1_eta2p1_Reg_CrossL1 not found
** Warning ** itreestream - branch Events/HLT_IsoMu24_eta2p1_TightChargedIsoPFTauHPS35_Trk1_TightID_eta2p1_Reg_CrossL1 not found
** Warning ** itreestream - branch Events/HLT_IsoMu24_eta2p1_TightChargedIsoPFTauHPS35_Trk1_eta2p1_Reg_CrossL1 not found
** Warning ** itreestream - branch Events/HLT_IsoMu27_LooseChargedIsoPFTauHPS20_Trk1_eta2p1_SingleL1 not found
** Warning ** itreestream - branch Events/HLT_IsoMu27_MET90 not found
** Warning ** itreestream - branch Events/HLT_IsoMu27_MediumChargedIsoPFTauHPS20_Trk1_eta2p1_SingleL1 not found
** Warning ** itreestream - branch Events/HLT_IsoMu27_TightChargedIsoPFTauHPS20_Trk1_eta2p1_SingleL1 not found
** Warning ** itreestream - branch Events/HLT_Mu12 not found
** Warning ** itreestream - branch Events/HLT_Mu12_DoublePFJets100_CaloBTagDeepCSV_p71 not found
** Warning ** itreestream - branch Events/HLT_Mu12_DoublePFJets200_CaloBTagDeepCSV_p71 not found
** Warning ** itreestream - branch Events/HLT_Mu12_DoublePFJets350_CaloBTagDeepCSV_p71 not found
** Warning ** itreestream - branch Events/HLT_Mu12_DoublePFJets40MaxDeta1p6_DoubleCaloBTagDeepCSV_p71 not found
** Warning ** itreestream - branch Events/HLT_Mu12_DoublePFJets40_CaloBTagDeepCSV_p71 not found
** Warning ** itreestream - branch Events/HLT_Mu12_DoublePFJets54MaxDeta1p6_DoubleCaloBTagDeepCSV_p71 not found
** Warning ** itreestream - branch Events/HLT_Mu12_DoublePFJets62MaxDeta1p6_DoubleCaloBTagDeepCSV_p71 not found
** Warning ** itreestream - branch Events/HLT_Mu12_IP6_part0 not found
** Warning ** itreestream - branch Events/HLT_Mu12_IP6_part1 not found
** Warning ** itreestream - branch Events/HLT_Mu12_IP6_part2 not found
** Warning ** itreestream - branch Events/HLT_Mu12_IP6_part3 not found
** Warning ** itreestream - branch Events/HLT_Mu12_IP6_part4 not found
** Warning ** itreestream - branch Events/HLT_Mu15 not found
** Warning ** itreestream - branch Events/HLT_Mu15_IsoVVVL_PFHT450_CaloBTagDeepCSV_4p5 not found
** Warning ** itreestream - branch Events/HLT_Mu17_TrkIsoVVL_TkMu8_TrkIsoVVL not found
** Warning ** itreestream - branch Events/HLT_Mu17_TrkIsoVVL_TkMu8_TrkIsoVVL_DZ not found
** Warning ** itreestream - branch Events/HLT_Mu30_TkMu0_Psi not found
** Warning ** itreestream - branch Events/HLT_Mu30_TkMu0_Upsilon not found
** Warning ** itreestream - branch Events/HLT_Mu38NoFiltersNoVtxDisplaced_Photon38_CaloIdL not found
** Warning ** itreestream - branch Events/HLT_Mu3_L1SingleMu5orSingleMu7 not found
** Warning ** itreestream - branch Events/HLT_Mu3er1p5_PFJet100er2p5_PFMET100_PFMHT100_IDTight not found
** Warning ** itreestream - branch Events/HLT_Mu3er1p5_PFJet100er2p5_PFMET70_PFMHT70_IDTight not found
** Warning ** itreestream - branch Events/HLT_Mu3er1p5_PFJet100er2p5_PFMET80_PFMHT80_IDTight not found
** Warning ** itreestream - branch Events/HLT_Mu3er1p5_PFJet100er2p5_PFMET90_PFMHT90_IDTight not found
** Warning ** itreestream - branch Events/HLT_Mu3er1p5_PFJet100er2p5_PFMETNoMu100_PFMHTNoMu100_IDTight not found
** Warning ** itreestream - branch Events/HLT_Mu3er1p5_PFJet100er2p5_PFMETNoMu70_PFMHTNoMu70_IDTight not found
** Warning ** itreestream - branch Events/HLT_Mu3er1p5_PFJet100er2p5_PFMETNoMu80_PFMHTNoMu80_IDTight not found
** Warning ** itreestream - branch Events/HLT_Mu3er1p5_PFJet100er2p5_PFMETNoMu90_PFMHTNoMu90_IDTight not found
** Warning ** itreestream - branch Events/HLT_Mu43NoFiltersNoVtxDisplaced_Photon43_CaloIdL not found
** Warning ** itreestream - branch Events/HLT_Mu4_TrkIsoVVL_DiPFJet90_40_DEta3p5_MJJ750_HTT300_PFMETNoMu60 not found
** Warning ** itreestream - branch Events/HLT_Mu7_IP4_part0 not found
** Warning ** itreestream - branch Events/HLT_Mu7_IP4_part1 not found
** Warning ** itreestream - branch Events/HLT_Mu7_IP4_part2 not found
** Warning ** itreestream - branch Events/HLT_Mu7_IP4_part3 not found
** Warning ** itreestream - branch Events/HLT_Mu7_IP4_part4 not found
** Warning ** itreestream - branch Events/HLT_Mu8_IP3_part0 not found
** Warning ** itreestream - branch Events/HLT_Mu8_IP3_part1 not found
** Warning ** itreestream - branch Events/HLT_Mu8_IP3_part2 not found
** Warning ** itreestream - branch Events/HLT_Mu8_IP3_part3 not found
** Warning ** itreestream - branch Events/HLT_Mu8_IP3_part4 not found
** Warning ** itreestream - branch Events/HLT_Mu8_IP5_part0 not found
** Warning ** itreestream - branch Events/HLT_Mu8_IP5_part1 not found
** Warning ** itreestream - branch Events/HLT_Mu8_IP5_part2 not found
** Warning ** itreestream - branch Events/HLT_Mu8_IP5_part3 not found
** Warning ** itreestream - branch Events/HLT_Mu8_IP5_part4 not found
** Warning ** itreestream - branch Events/HLT_Mu8_IP6_part0 not found
** Warning ** itreestream - branch Events/HLT_Mu8_IP6_part1 not found
** Warning ** itreestream - branch Events/HLT_Mu8_IP6_part2 not found
** Warning ** itreestream - branch Events/HLT_Mu8_IP6_part3 not found
** Warning ** itreestream - branch Events/HLT_Mu8_IP6_part4 not found
** Warning ** itreestream - branch Events/HLT_Mu8_TrkIsoVVL_Ele23_CaloIdL_TrackIdL_IsoVL_DZ_CaloDiJet30 not found
** Warning ** itreestream - branch Events/HLT_Mu8_TrkIsoVVL_Ele23_CaloIdL_TrackIdL_IsoVL_DZ_CaloDiJet30_CaloBtagDeepCSV_1p5 not found
** Warning ** itreestream - branch Events/HLT_Mu8_TrkIsoVVL_Ele23_CaloIdL_TrackIdL_IsoVL_DZ_PFDiJet30 not found
** Warning ** itreestream - branch Events/HLT_Mu8_TrkIsoVVL_Ele23_CaloIdL_TrackIdL_IsoVL_DZ_PFDiJet30_PFBtagDeepCSV_1p5 not found
** Warning ** itreestream - branch Events/HLT_Mu9_IP4_part0 not found
** Warning ** itreestream - branch Events/HLT_Mu9_IP4_part1 not found
** Warning ** itreestream - branch Events/HLT_Mu9_IP4_part2 not found
** Warning ** itreestream - branch Events/HLT_Mu9_IP4_part3 not found
** Warning ** itreestream - branch Events/HLT_Mu9_IP4_part4 not found
** Warning ** itreestream - branch Events/HLT_Mu9_IP5_part0 not found
** Warning ** itreestream - branch Events/HLT_Mu9_IP5_part1 not found
** Warning ** itreestream - branch Events/HLT_Mu9_IP5_part2 not found
** Warning ** itreestream - branch Events/HLT_Mu9_IP5_part3 not found
** Warning ** itreestream - branch Events/HLT_Mu9_IP5_part4 not found
** Warning ** itreestream - branch Events/HLT_Mu9_IP6_part0 not found
** Warning ** itreestream - branch Events/HLT_Mu9_IP6_part1 not found
** Warning ** itreestream - branch Events/HLT_Mu9_IP6_part2 not found
** Warning ** itreestream - branch Events/HLT_Mu9_IP6_part3 not found
** Warning ** itreestream - branch Events/HLT_Mu9_IP6_part4 not found
** Warning ** itreestream - branch Events/HLT_PFHT330PT30_QuadPFJet_75_60_45_40 not found
** Warning ** itreestream - branch Events/HLT_PFHT330PT30_QuadPFJet_75_60_45_40_TriplePFBTagDeepCSV_4p5 not found
** Warning ** itreestream - branch Events/HLT_HT300PT30_QuadJet_75_60_45_40_TripeCSV_p07 not found
** Warning ** itreestream - branch Events/HLT_PFHT400_SixPFJet32 not found
** Warning ** itreestream - branch Events/HLT_PFHT400_SixPFJet32_DoublePFBTagDeepCSV_2p94 not found
** Warning ** itreestream - branch Events/HLT_PFHT380_SixJet32_DoubleBTagCSV_p075 not found
** Warning ** itreestream - branch Events/HLT_PFHT450_SixPFJet36 not found
** Warning ** itreestream - branch Events/HLT_PFHT450_SixPFJet36_PFBTagDeepCSV_1p59 not found
** Warning ** itreestream - branch Events/HLT_PFHT430_SixJet40_BTagCSV_p080 not found
** Warning ** itreestream - branch Events/HLT_PFJet15 not found
** Warning ** itreestream - branch Events/HLT_PFJet25 not found
** Warning ** itreestream - branch Events/HLT_PFJetFwd15 not found
** Warning ** itreestream - branch Events/HLT_PFJetFwd25 not found
** Warning ** itreestream - branch Events/HLT_PFMET100_PFMHT100_IDTight_CaloBTagDeepCSV_3p1 not found
** Warning ** itreestream - branch Events/HLT_PFMET110_PFMHT110_IDTight_CaloBTagDeepCSV_3p1 not found
** Warning ** itreestream - branch Events/HLT_PFMET120_PFMHT120_IDTight_CaloBTagDeepCSV_3p1 not found
** Warning ** itreestream - branch Events/HLT_PFMET130_PFMHT130_IDTight_CaloBTagDeepCSV_3p1 not found
** Warning ** itreestream - branch Events/HLT_PFMET140_PFMHT140_IDTight_CaloBTagDeepCSV_3p1 not found
** Warning ** itreestream - branch Events/HLT_Photon100EBHE10 not found
** Warning ** itreestream - branch Events/HLT_Photon100EB_TightID_TightIso not found
** Warning ** itreestream - branch Events/HLT_Photon100EEHE10 not found
** Warning ** itreestream - branch Events/HLT_Photon100EE_TightID_TightIso not found
** Warning ** itreestream - branch Events/HLT_Photon110EB_TightID_TightIso not found
** Warning ** itreestream - branch Events/HLT_Photon120EB_TightID_TightIso not found
** Warning ** itreestream - branch Events/HLT_Photon20 not found
** Warning ** itreestream - branch Events/HLT_Photon35_TwoProngs35 not found
** Warning ** itreestream - branch Events/HLT_Photon75_R9Id90_HE10_IsoM_EBOnly_CaloMJJ300_PFJetsMJJ400DEta3 not found
** Warning ** itreestream - branch Events/HLT_Photon75_R9Id90_HE10_IsoM_EBOnly_CaloMJJ400_PFJetsMJJ600DEta3 not found
** Warning ** itreestream - branch Events/HLT_SinglePhoton10_Eta3p1ForPPRef not found
** Warning ** itreestream - branch Events/HLT_SinglePhoton20_Eta3p1ForPPRef not found
** Warning ** itreestream - branch Events/HLT_SinglePhoton30_Eta3p1ForPPRef not found
** Warning ** itreestream - branch Events/HLT_TrimuonOpen_5_3p5_2_Upsilon_Muon not found
** Warning ** itreestream - branch Events/HLT_TrkMu16NoFiltersNoVtx not found
** Warning ** itreestream - branch Events/HLT_TrkMu6NoFiltersNoVtx not found
** Warning ** itreestream - branch Events/Jet_corr_JEC not found
** Warning ** itreestream - branch Events/Jet_corr_JER not found
** Warning ** itreestream - branch Events/Jet_mass_jerDown not found
** Warning ** itreestream - branch Events/Jet_mass_jerUp not found
** Warning ** itreestream - branch Events/Jet_mass_jesTotalDown not found
** Warning ** itreestream - branch Events/Jet_mass_jesTotalUp not found
** Warning ** itreestream - branch Events/Jet_mass_nom not found
** Warning ** itreestream - branch Events/Jet_mass_raw not found
** Warning ** itreestream - branch Events/Jet_pt_jerDown not found
** Warning ** itreestream - branch Events/Jet_pt_jerUp not found
** Warning ** itreestream - branch Events/Jet_pt_jesTotalDown not found
** Warning ** itreestream - branch Events/Jet_pt_jesTotalUp not found
** Warning ** itreestream - branch Events/Jet_pt_nom not found
** Warning ** itreestream - branch Events/Jet_pt_raw not found
** Warning ** itreestream - branch Events/MET_T1Smear_phi not found
** Warning ** itreestream - branch Events/MET_T1Smear_phi_jerDown not found
** Warning ** itreestream - branch Events/MET_T1Smear_phi_jerUp not found
** Warning ** itreestream - branch Events/MET_T1Smear_phi_jesTotalDown not found
** Warning ** itreestream - branch Events/MET_T1Smear_phi_jesTotalUp not found
** Warning ** itreestream - branch Events/MET_T1Smear_phi_unclustEnDown not found
** Warning ** itreestream - branch Events/MET_T1Smear_phi_unclustEnUp not found
** Warning ** itreestream - branch Events/MET_T1Smear_pt not found
** Warning ** itreestream - branch Events/MET_T1Smear_pt_jerDown not found
** Warning ** itreestream - branch Events/MET_T1Smear_pt_jerUp not found
** Warning ** itreestream - branch Events/MET_T1Smear_pt_jesTotalDown not found
** Warning ** itreestream - branch Events/MET_T1Smear_pt_jesTotalUp not found
** Warning ** itreestream - branch Events/MET_T1Smear_pt_unclustEnDown not found
** Warning ** itreestream - branch Events/MET_T1Smear_pt_unclustEnUp not found
** Warning ** itreestream - branch Events/MET_T1_phi not found
** Warning ** itreestream - branch Events/MET_T1_phi_jerDown not found
** Warning ** itreestream - branch Events/MET_T1_phi_jerUp not found
** Warning ** itreestream - branch Events/MET_T1_phi_jesTotalDown not found
** Warning ** itreestream - branch Events/MET_T1_phi_jesTotalUp not found
** Warning ** itreestream - branch Events/MET_T1_phi_unclustEnDown not found
** Warning ** itreestream - branch Events/MET_T1_phi_unclustEnUp not found
** Warning ** itreestream - branch Events/MET_T1_pt not found
** Warning ** itreestream - branch Events/MET_T1_pt_jerDown not found
** Warning ** itreestream - branch Events/MET_T1_pt_jerUp not found
** Warning ** itreestream - branch Events/MET_T1_pt_jesTotalDown not found
** Warning ** itreestream - branch Events/MET_T1_pt_jesTotalUp not found
** Warning ** itreestream - branch Events/MET_T1_pt_unclustEnDown not found
** Warning ** itreestream - branch Events/MET_T1_pt_unclustEnUp not found
** Warning ** itreestream - branch Events/eventWeight not found
** Warning ** itreestream - branch Events/puWeight not found
** Warning ** itreestream - branch Events/puWeightDown not found
** Warning ** itreestream - branch Events/puWeightUp not found
 Output filename: root://eosuser.cern.ch//eos/user/j/junghyun/ttHH/Btag_el9/QCD_HT300to500/QCD_HT300to500_33.root
[CorrectionsManager] json library path : /cvmfs/cms.cern.ch/rsync/cms-nanoAOD/jsonpog-integration
weight = 243.181

	[35m[ Warning ]: This analyzer commented out [ "WTF" log ] in the header, Please check if you want!!![0m

	[34m[ Log ]: --------------------------------------------------------------------------[0m
	[34m[ Log ]: Before start, Let's check the analysis information[0m
	[34m[ Log ]: Run Year    ----> [  2017  ][0m
	[34m[ Log ]: Data or MC  ----> [  MC  ][0m
	[34m[ Log ]: Sample Name ----> [  QCD_HT300to500  ][0m
	[34m[ Log ]: --------------------------------------------------------------------------[0m

	[36m[ Log ]: Processed events of 2017, MC, QCD_HT300to500: 0[0m
	[36m[ Log ]: Processed events of 2017, MC, QCD_HT300to500: 10000[0m
	[36m[ Log ]: Processed events of 2017, MC, QCD_HT300to500: 20000[0m
	[36m[ Log ]: Processed events of 2017, MC, QCD_HT300to500: 30000[0m
	[36m[ Log ]: Processed events of 2017, MC, QCD_HT300to500: 40000[0m
	[36m[ Log ]: Processed events of 2017, MC, QCD_HT300to500: 50000[0m
	[36m[ Log ]: Processed events of 2017, MC, QCD_HT300to500: 60000[0m
	[36m[ Log ]: Processed events of 2017, MC, QCD_HT300to500: 70000[0m
	[36m[ Log ]: Processed events of 2017, MC, QCD_HT300to500: 80000[0m
	[36m[ Log ]: Processed events of 2017, MC, QCD_HT300to500: 90000[0m
	[36m[ Log ]: Processed events of 2017, MC, QCD_HT300to500: 100000[0m
	[36m[ Log ]: Processed events of 2017, MC, QCD_HT300to500: 110000[0m
	[36m[ Log ]: Processed events of 2017, MC, QCD_HT300to500: 120000[0m
	[36m[ Log ]: Processed events of 2017, MC, QCD_HT300to500: 130000[0m
	[36m[ Log ]: Processed events of 2017, MC, QCD_HT300to500: 140000[0m
	[36m[ Log ]: Processed events of 2017, MC, QCD_HT300to500: 150000[0m
	[36m[ Log ]: Processed events of 2017, MC, QCD_HT300to500: 160000[0m
	[36m[ Log ]: Processed events of 2017, MC, QCD_HT300to500: 170000[0m
	[36m[ Log ]: Processed events of 2017, MC, QCD_HT300to500: 180000[0m
	[36m[ Log ]: Processed events of 2017, MC, QCD_HT300to500: 190000[0m
	[36m[ Log ]: Processed events of 2017, MC, QCD_HT300to500: 200000[0m
	[36m[ Log ]: Processed events of 2017, MC, QCD_HT300to500: 210000[0m
	[36m[ Log ]: Processed events of 2017, MC, QCD_HT300to500: 220000[0m
	[36m[ Log ]: Processed events of 2017, MC, QCD_HT300to500: 230000[0m
	[36m[ Log ]: Processed events of 2017, MC, QCD_HT300to500: 240000[0m
	[36m[ Log ]: Processed events of 2017, MC, QCD_HT300to500: 250000[0m
	[36m[ Log ]: Processed events of 2017, MC, QCD_HT300to500: 260000[0m
	[36m[ Log ]: Processed events of 2017, MC, QCD_HT300to500: 270000[0m
	[36m[ Log ]: Processed events of 2017, MC, QCD_HT300to500: 280000[0m
	[36m[ Log ]: Processed events of 2017, MC, QCD_HT300to500: 290000[0m
	[36m[ Log ]: Processed events of 2017, MC, QCD_HT300to500: 300000[0m
	[36m[ Log ]: Processed events of 2017, MC, QCD_HT300to500: 310000[0m
	[36m[ Log ]: Processed events of 2017, MC, QCD_HT300to500: 320000[0m
	[36m[ Log ]: Processed events of 2017, MC, QCD_HT300to500: 330000[0m
	[36m[ Log ]: Processed events of 2017, MC, QCD_HT300to500: 340000[0m
	[36m[ Log ]: Processed events of 2017, MC, QCD_HT300to500: 350000[0m
	[36m[ Log ]: Processed events of 2017, MC, QCD_HT300to500: 360000[0m
	[36m[ Log ]: Processed events of 2017, MC, QCD_HT300to500: 370000[0m
	[36m[ Log ]: Processed events of 2017, MC, QCD_HT300to500: 380000[0m
	[36m[ Log ]: Processed events of 2017, MC, QCD_HT300to500: 390000[0m
	[36m[ Log ]: Processed events of 2017, MC, QCD_HT300to500: 400000[0m
	[36m[ Log ]: Processed events of 2017, MC, QCD_HT300to500: 410000[0m
	[36m[ Log ]: Processed events of 2017, MC, QCD_HT300to500: 420000[0m
	[36m[ Log ]: Processed events of 2017, MC, QCD_HT300to500: 430000[0m
	[36m[ Log ]: Processed events of 2017, MC, QCD_HT300to500: 440000[0m
	[36m[ Log ]: Processed events of 2017, MC, QCD_HT300to500: 450000[0m
	[36m[ Log ]: Processed events of 2017, MC, QCD_HT300to500: 460000[0m
	[36m[ Log ]: Processed events of 2017, MC, QCD_HT300to500: 470000[0m
	[36m[ Log ]: Processed events of 2017, MC, QCD_HT300to500: 480000[0m
	[36m[ Log ]: Processed events of 2017, MC, QCD_HT300to500: 490000[0m
	[36m[ Log ]: Processed events of 2017, MC, QCD_HT300to500: 500000[0m
	[36m[ Log ]: Processed events of 2017, MC, QCD_HT300to500: 510000[0m
	[36m[ Log ]: Processed events of 2017, MC, QCD_HT300to500: 520000[0m
	[36m[ Log ]: Processed events of 2017, MC, QCD_HT300to500: 530000[0m
	[36m[ Log ]: Processed events of 2017, MC, QCD_HT300to500: 540000[0m
	[36m[ Log ]: Processed events of 2017, MC, QCD_HT300to500: 550000[0m
	[36m[ Log ]: Processed events of 2017, MC, QCD_HT300to500: 560000[0m
	[36m[ Log ]: Processed events of 2017, MC, QCD_HT300to500: 570000[0m
	[36m[ Log ]: Processed events of 2017, MC, QCD_HT300to500: 580000[0m
	[36m[ Log ]: Processed events of 2017, MC, QCD_HT300to500: 590000[0m
	[36m[ Log ]: Processed events of 2017, MC, QCD_HT300to500: 600000[0m
	[36m[ Log ]: Processed events of 2017, MC, QCD_HT300to500: 610000[0m
	[36m[ Log ]: Processed events of 2017, MC, QCD_HT300to500: 620000[0m
	[36m[ Log ]: Processed events of 2017, MC, QCD_HT300to500: 630000[0m
	[36m[ Log ]: Processed events of 2017, MC, QCD_HT300to500: 640000[0m
	[36m[ Log ]: Processed events of 2017, MC, QCD_HT300to500: 650000[0m
	[36m[ Log ]: Processed events of 2017, MC, QCD_HT300to500: 660000[0m
	[36m[ Log ]: Processed events of 2017, MC, QCD_HT300to500: 670000[0m
	[36m[ Log ]: Processed events of 2017, MC, QCD_HT300to500: 680000[0m
	[36m[ Log ]: Processed events of 2017, MC, QCD_HT300to500: 690000[0m
	[36m[ Log ]: Processed events of 2017, MC, QCD_HT300to500: 700000[0m
	[36m[ Log ]: Processed events of 2017, MC, QCD_HT300to500: 710000[0m
	[36m[ Log ]: Processed events of 2017, MC, QCD_HT300to500: 720000[0m
	[36m[ Log ]: Processed events of 2017, MC, QCD_HT300to500: 730000[0m
	[36m[ Log ]: Processed events of 2017, MC, QCD_HT300to500: 740000[0m
	[36m[ Log ]: Processed events of 2017, MC, QCD_HT300to500: 750000[0m
	[36m[ Log ]: Processed events of 2017, MC, QCD_HT300to500: 760000[0m
	[36m[ Log ]: Processed events of 2017, MC, QCD_HT300to500: 770000[0m
	[36m[ Log ]: Processed events of 2017, MC, QCD_HT300to500: 780000[0m
	[36m[ Log ]: Processed events of 2017, MC, QCD_HT300to500: 790000[0m
	[36m[ Log ]: Processed events of 2017, MC, QCD_HT300to500: 800000[0m
	[36m[ Log ]: Processed events of 2017, MC, QCD_HT300to500: 810000[0m
	[36m[ Log ]: Processed events of 2017, MC, QCD_HT300to500: 820000[0m
	[36m[ Log ]: Processed events of 2017, MC, QCD_HT300to500: 830000[0m
	[36m[ Log ]: Processed events of 2017, MC, QCD_HT300to500: 840000[0m
	[36m[ Log ]: Processed events of 2017, MC, QCD_HT300to500: 850000[0m
	[36m[ Log ]: Processed events of 2017, MC, QCD_HT300to500: 860000[0m
	[36m[ Log ]: Processed events of 2017, MC, QCD_HT300to500: 870000[0m
	[36m[ Log ]: Processed events of 2017, MC, QCD_HT300to500: 880000[0m
	[36m[ Log ]: Processed events of 2017, MC, QCD_HT300to500: 890000[0m
	[36m[ Log ]: Processed events of 2017, MC, QCD_HT300to500: 900000[0m
	[36m[ Log ]: Processed events of 2017, MC, QCD_HT300to500: 910000[0m
	[36m[ Log ]: Processed events of 2017, MC, QCD_HT300to500: 920000[0m
	[36m[ Log ]: Processed events of 2017, MC, QCD_HT300to500: 930000[0m
	[36m[ Log ]: Processed events of 2017, MC, QCD_HT300to500: 940000[0m
	[36m[ Log ]: Processed events of 2017, MC, QCD_HT300to500: 950000[0m
	[36m[ Log ]: Processed events of 2017, MC, QCD_HT300to500: 960000[0m
	[36m[ Log ]: Processed events of 2017, MC, QCD_HT300to500: 970000[0m
	[36m[ Log ]: Processed events of 2017, MC, QCD_HT300to500: 980000[0m
	[36m[ Log ]: Processed events of 2017, MC, QCD_HT300to500: 990000[0m
	[36m[ Log ]: Processed events of 2017, MC, QCD_HT300to500: 1000000[0m
	[36m[ Log ]: Processed events of 2017, MC, QCD_HT300to500: 1010000[0m
	[36m[ Log ]: Processed events of 2017, MC, QCD_HT300to500: 1020000[0m
	[36m[ Log ]: Processed events of 2017, MC, QCD_HT300to500: 1030000[0m
	[36m[ Log ]: Processed events of 2017, MC, QCD_HT300to500: 1040000[0m
	[36m[ Log ]: Processed events of 2017, MC, QCD_HT300to500: 1050000[0m
	[36m[ Log ]: Processed events of 2017, MC, QCD_HT300to500: 1060000[0m
	[36m[ Log ]: Processed events of 2017, MC, QCD_HT300to500: 1070000[0m
	[36m[ Log ]: Processed events of 2017, MC, QCD_HT300to500: 1080000[0m
	[36m[ Log ]: Processed events of 2017, MC, QCD_HT300to500: 1090000[0m
	[36m[ Log ]: Processed events of 2017, MC, QCD_HT300to500: 1100000[0m
	[36m[ Log ]: Processed events of 2017, MC, QCD_HT300to500: 1110000[0m
	[36m[ Log ]: Processed events of 2017, MC, QCD_HT300to500: 1120000[0m
	[36m[ Log ]: Processed events of 2017, MC, QCD_HT300to500: 1130000[0m
	[36m[ Log ]: Processed events of 2017, MC, QCD_HT300to500: 1140000[0m
	[36m[ Log ]: Processed events of 2017, MC, QCD_HT300to500: 1150000[0m
	[36m[ Log ]: Processed events of 2017, MC, QCD_HT300to500: 1160000[0m
	[36m[ Log ]: Processed events of 2017, MC, QCD_HT300to500: 1170000[0m
	[36m[ Log ]: Processed events of 2017, MC, QCD_HT300to500: 1180000[0m
	[36m[ Log ]: Processed events of 2017, MC, QCD_HT300to500: 1190000[0m
	[36m[ Log ]: Processed events of 2017, MC, QCD_HT300to500: 1200000[0m
	[36m[ Log ]: Processed events of 2017, MC, QCD_HT300to500: 1210000[0m
	[36m[ Log ]: Processed events of 2017, MC, QCD_HT300to500: 1220000[0m
	[36m[ Log ]: Processed events of 2017, MC, QCD_HT300to500: 1230000[0m
	[36m[ Log ]: Processed events of 2017, MC, QCD_HT300to500: 1240000[0m
	[36m[ Log ]: Processed events of 2017, MC, QCD_HT300to500: 1250000[0m
	[36m[ Log ]: Processed events of 2017, MC, QCD_HT300to500: 1260000[0m
	[36m[ Log ]: Processed events of 2017, MC, QCD_HT300to500: 1270000[0m
	[36m[ Log ]: Processed events of 2017, MC, QCD_HT300to500: 1280000[0m
	[36m[ Log ]: Processed events of 2017, MC, QCD_HT300to500: 1290000[0m
	[36m[ Log ]: Processed events of 2017, MC, QCD_HT300to500: 1300000[0m
	[36m[ Log ]: Processed events of 2017, MC, QCD_HT300to500: 1310000[0m
	[36m[ Log ]: Processed events of 2017, MC, QCD_HT300to500: 1320000[0m
	[36m[ Log ]: Processed events of 2017, MC, QCD_HT300to500: 1330000[0m
	[36m[ Log ]: Processed events of 2017, MC, QCD_HT300to500: 1340000[0m
	[36m[ Log ]: Processed events of 2017, MC, QCD_HT300to500: 1350000[0m
	[36m[ Log ]: Processed events of 2017, MC, QCD_HT300to500: 1360000[0m
	[36m[ Log ]: Processed events of 2017, MC, QCD_HT300to500: 1370000[0m
	[36m[ Log ]: Processed events of 2017, MC, QCD_HT300to500: 1380000[0m
	[36m[ Log ]: Processed events of 2017, MC, QCD_HT300to500: 1390000[0m
	[36m[ Log ]: Processed events of 2017, MC, QCD_HT300to500: 1400000[0m
	[36m[ Log ]: Processed events of 2017, MC, QCD_HT300to500: 1410000[0m
	[36m[ Log ]: Processed events of 2017, MC, QCD_HT300to500: 1420000[0m
	[36m[ Log ]: Processed events of 2017, MC, QCD_HT300to500: 1430000[0m
	[36m[ Log ]: Processed events of 2017, MC, QCD_HT300to500: 1440000[0m
	[36m[ Log ]: Processed events of 2017, MC, QCD_HT300to500: 1450000[0m
	[36m[ Log ]: Processed events of 2017, MC, QCD_HT300to500: 1460000[0m
	[36m[ Log ]: Processed events of 2017, MC, QCD_HT300to500: 1470000[0m
	[36m[ Log ]: Processed events of 2017, MC, QCD_HT300to500: 1480000[0m
	[36m[ Log ]: Processed events of 2017, MC, QCD_HT300to500: 1490000[0m
	[36m[ Log ]: Processed events of 2017, MC, QCD_HT300to500: 1500000[0m
	[36m[ Log ]: Processed events of 2017, MC, QCD_HT300to500: 1510000[0m
	[36m[ Log ]: Processed events of 2017, MC, QCD_HT300to500: 1520000[0m
	[36m[ Log ]: Processed events of 2017, MC, QCD_HT300to500: 1530000[0m
	[36m[ Log ]: Processed events of 2017, MC, QCD_HT300to500: 1540000[0m
	[36m[ Log ]: Processed events of 2017, MC, QCD_HT300to500: 1550000[0m
	[36m[ Log ]: Processed events of 2017, MC, QCD_HT300to500: 1560000[0m
	[36m[ Log ]: Processed events of 2017, MC, QCD_HT300to500: 1570000[0m
	[36m[ Log ]: Processed events of 2017, MC, QCD_HT300to500: 1580000[0m
	[36m[ Log ]: Processed events of 2017, MC, QCD_HT300to500: 1590000[0m
debug : Before [ if( input ) input->close(); ] in close() function in eventBuffer
debug : before [ _statuscode ] and [ close() ] in itreestream::close()
debug : end of itreestream::close()
debug : Before [ if( output ) output->close(); ] in close() function in eventBuffer
debug : End of close() function in eventBuffer
debug : before [ _statuscode ] and [ close() ] in ~itreestream
debug : before [ _statuscode ] and [ close() ] in itreestream::close()
debug : end of ~itreestream
