Welcome to the [ bash_profile ]
Agent pid 44599
Sample Name: BTagCSV_E
Data or MC : Data
Weight : 1
  [ makeBTagWeight_Final::Loop() ] : Current Sample --> Data BTagCSV, Era : E
Event loop completed.
bin  r_file(FromHist)  r_implied(ReW/WithSF)  NoSF/WithSF
8  1  1  1
9  1  1  1
10  1  1  1
11  1  1  1

=== nJets bin-by-bin summary ===
bin  range      count   NoSF_sum        WithSF_sum      ratio(NoSF/WithSF)   ReW_sum         delta(ReW/NoSF)
  8  [7,8):     129       86.378043       86.378043            1.000000       86.378043  0.000000 %
  9  [8,9):      26       17.768081       17.768081            1.000000       17.768081  0.000000 %
 10  [9,10):       8        5.502288        5.502288            1.000000        5.502288  0.000000 %
 11  [10,11):       1        0.686012        0.686012            1.000000        0.686012  0.000000 %
===============================================================

--------------------------------------
