Welcome to the [ bash_profile ]
Agent pid 91036
[main] Current mode --> Step03_Validation
Sample Name: BTagCSV_D
Current mode type --> Step03_Validation
Data or MC : Data
Weight : 1
  [ makeBTagWeight::Loop() ] : Current Sample --> Data BTagCSV, Era : D
  [ WARNING ] Empty bin when HT - 628.392, Jet6PT - 90.6295 and sf = 0
  [ WARNING ] Change sf [ 0 ] into -> 1.0
  [ WARNING ] Empty bin when HT - 680.56, Jet6PT - 98.0575 and sf = 0
  [ WARNING ] Change sf [ 0 ] into -> 1.0
  [ WARNING ] Empty bin when HT - 695.865, Jet6PT - 94.3055 and sf = 0
  [ WARNING ] Change sf [ 0 ] into -> 1.0
  [ WARNING ] Empty bin when HT - 690.43, Jet6PT - 90.8757 and sf = 0
  [ WARNING ] Change sf [ 0 ] into -> 1.0
  [ WARNING ] Empty bin when HT - 669.544, Jet6PT - 91.9224 and sf = 0
  [ WARNING ] Change sf [ 0 ] into -> 1.0
  [ WARNING ] Empty bin when HT - 668.58, Jet6PT - 92.1067 and sf = 0
  [ WARNING ] Change sf [ 0 ] into -> 1.0
Event loop completed.
Output name --> Validation_BTagCSV_D.root
