Welcome to the [ bash_profile ]
Agent pid 44457
Sample Name: BTagCSV_C
Data or MC : Data
Weight : 1
  [ makeBTagWeight_Final::Loop() ] : Current Sample --> Data BTagCSV, Era : C
Event loop completed.
bin  r_file(FromHist)  r_implied(ReW/WithSF)  NoSF/WithSF
8  1  1  1
9  1  1  1
10  1  1  1
12  1  1  1

=== nJets bin-by-bin summary ===
bin  range      count   NoSF_sum        WithSF_sum      ratio(NoSF/WithSF)   ReW_sum         delta(ReW/NoSF)
  8  [7,8):      86       58.557089       58.557089            1.000000       58.557089  0.000000 %
  9  [8,9):      19       13.110814       13.110814            1.000000       13.110814  0.000000 %
 10  [9,10):       2        1.509356        1.509356            1.000000        1.509356  0.000000 %
 12  [11,12):       1        0.686012        0.686012            1.000000        0.686012  0.000000 %
===============================================================

--------------------------------------
