Welcome to the [ bash_profile ]
Agent pid 54416
Sample Name: BTagCSV_F
Data or MC : Data
Weight : 1
  [ makeBTagWeight_reweight::Loop() ] : Current Sample --> Data BTagCSV, Era : F
  [ WARNING ] Empty bin when HT - 594.844, Jet6PT - 91.263 and sf = 0
  [ WARNING ] Change sf [ 0 ] into -> 1.0
  [ WARNING ] Empty bin when HT - 598.069, Jet6PT - 90.849 and sf = 0
  [ WARNING ] Change sf [ 0 ] into -> 1.0
Event loop completed.
bin  r_file(FromHist)  r_implied(ReW/WithSF)  NoSF/WithSF
7  1  1  1
8  1  1  1
9  1  1  1
10  1  1  1
11  1  1  1
12  1  1  1
13  1  1  1
14  1  1  1
15  1  1  1
16  1  1  1
17  1  1  1

=== nJets bin-by-bin summary ===
bin  range      count   NoSF_sum        WithSF_sum      ratio(NoSF/WithSF)   ReW_sum         delta(ReW/NoSF)
  7  [6,7):  429850   307465.674348   307465.674348            1.000000   307465.674348  0.000000 %
  8  [7,8):  401866   295045.063156   295045.063156            1.000000   295045.063156  0.000000 %
  9  [8,9):  205153   155573.483385   155573.483385            1.000000   155573.483385  0.000000 %
 10  [9,10):   76219    60141.828487    60141.828487            1.000000    60141.828487  0.000000 %
 11  [10,11):   24048    19746.357505    19746.357505            1.000000    19746.357505  0.000000 %
 12  [11,12):    6878     5906.808133     5906.808133            1.000000     5906.808133  0.000000 %
 13  [12,13):    1896     1690.455657     1690.455657            1.000000     1690.455657  0.000000 %
 14  [13,14):     552      505.789067      505.789067            1.000000      505.789067  0.000000 %
 15  [14,15):     141      133.378527      133.378527            1.000000      133.378527  0.000000 %
 16  [15,16):      34       32.985439       32.985439            1.000000       32.985439  0.000000 %
 17  [16,17):       6        5.894058        5.894058            1.000000        5.894058  0.000000 %
===============================================================

--------------------------------------
