Welcome to the [ bash_profile ]
Agent pid 44174
Sample Name: JetHT_E
Data or MC : Data
Weight : 1
  [ makeBTagWeight_Final::Loop() ] : Current Sample --> Data JetHT, Era : E
Event loop completed.
bin  r_file(FromHist)  r_implied(ReW/WithSF)  NoSF/WithSF
8  1  1  1
9  1  1  1
10  1  1  1
11  1  1  1
12  1  1  1
13  1  1  1
14  1  1  1

=== nJets bin-by-bin summary ===
bin  range      count   NoSF_sum        WithSF_sum      ratio(NoSF/WithSF)   ReW_sum         delta(ReW/NoSF)
  8  [7,8):    6550     4908.861627     4908.861627            1.000000     4908.861627  0.000000 %
  9  [8,9):    3483     2679.167316     2679.167316            1.000000     2679.167316  0.000000 %
 10  [9,10):    1314     1042.525446     1042.525446            1.000000     1042.525446  0.000000 %
 11  [10,11):     390      316.413082      316.413082            1.000000      316.413082  0.000000 %
 12  [11,12):     105       88.498253       88.498253            1.000000       88.498253  0.000000 %
 13  [12,13):      26       23.553781       23.553781            1.000000       23.553781  0.000000 %
 14  [13,14):       5        4.394610        4.394610            1.000000        4.394610  0.000000 %
===============================================================

--------------------------------------
