Welcome to the [ bash_profile ]
Agent pid 44194
Sample Name: JetHT_F
Data or MC : Data
Weight : 1
  [ makeBTagWeight_Final::Loop() ] : Current Sample --> Data JetHT, Era : F
Event loop completed.
bin  r_file(FromHist)  r_implied(ReW/WithSF)  NoSF/WithSF
8  1  1  1
9  1  1  1
10  1  1  1
11  1  1  1
12  1  1  1
13  1  1  1
14  1  1  1
15  1  1  1

=== nJets bin-by-bin summary ===
bin  range      count   NoSF_sum        WithSF_sum      ratio(NoSF/WithSF)   ReW_sum         delta(ReW/NoSF)
  8  [7,8):    9268     6966.842799     6966.842799            1.000000     6966.842799  0.000000 %
  9  [8,9):    5162     3974.544140     3974.544140            1.000000     3974.544140  0.000000 %
 10  [9,10):    1885     1488.395683     1488.395683            1.000000     1488.395683  0.000000 %
 11  [10,11):     623      516.512025      516.512025            1.000000      516.512025  0.000000 %
 12  [11,12):     164      137.527415      137.527415            1.000000      137.527415  0.000000 %
 13  [12,13):      43       37.233973       37.233973            1.000000       37.233973  0.000000 %
 14  [13,14):       7        6.275262        6.275262            1.000000        6.275262  0.000000 %
 15  [14,15):       4        3.984000        3.984000            1.000000        3.984000  0.000000 %
===============================================================

--------------------------------------
