Welcome to the [ bash_profile ]
Agent pid 44125
Sample Name: JetHT_D
Data or MC : Data
Weight : 1
  [ makeBTagWeight_Final::Loop() ] : Current Sample --> Data JetHT, Era : D
Event loop completed.
bin  r_file(FromHist)  r_implied(ReW/WithSF)  NoSF/WithSF
8  1  1  1
9  1  1  1
10  1  1  1
11  1  1  1
12  1  1  1
13  1  1  1
14  1  1  1

=== nJets bin-by-bin summary ===
bin  range      count   NoSF_sum        WithSF_sum      ratio(NoSF/WithSF)   ReW_sum         delta(ReW/NoSF)
  8  [7,8):    2691     2017.991768     2017.991768            1.000000     2017.991768  0.000000 %
  9  [8,9):    1329     1026.301333     1026.301333            1.000000     1026.301333  0.000000 %
 10  [9,10):     475      373.940457      373.940457            1.000000      373.940457  0.000000 %
 11  [10,11):     129      106.071402      106.071402            1.000000      106.071402  0.000000 %
 12  [11,12):      25       22.243683       22.243683            1.000000       22.243683  0.000000 %
 13  [12,13):      12       10.899142       10.899142            1.000000       10.899142  0.000000 %
 14  [13,14):       3        2.686674        2.686674            1.000000        2.686674  0.000000 %
===============================================================

--------------------------------------
