Welcome to the [ bash_profile ]
Agent pid 41988
Sample Name: QCD_Pt_1000to1400
Data or MC : MC
Weight : 0.0159879
Event loop completed.
bin  r_file(FromHist)  r_implied(ReW/WithSF)  NoSF/WithSF
8  0.641988  0.641988  0.641988
9  0.62907  0.62907  0.62907
10  0.557561  0.557561  0.557561
11  0.627291  0.627291  0.627292
12  0.391008  0.391008  0.391008
13  0.656444  0.656444  0.656444
14  0.957709  0.957709  0.957709
15  0.572544  0.572544  0.572544

=== nJets bin-by-bin summary ===
bin  range      count   NoSF_sum        WithSF_sum      ratio(NoSF/WithSF)   ReW_sum         delta(ReW/NoSF)
  8  [7,8):     162        2.508568        3.907499            0.641988        2.508568  -0.000006 %
  9  [8,9):      80        1.262208        2.006466            0.629070        1.262208  0.000002 %
 10  [9,10):      37        0.561462        1.006996            0.557561        0.561461  -0.000016 %
 11  [10,11):      11        0.171870        0.273988            0.627292        0.171870  -0.000014 %
 12  [11,12):       6        0.096457        0.246688            0.391008        0.096457  -0.000007 %
 13  [12,13):       1        0.015311        0.023325            0.656444        0.015311  -0.000006 %
 14  [13,14):       2        0.027367        0.028575            0.957709        0.027367  -0.000000 %
 15  [14,15):       1        0.016110        0.028137            0.572544        0.016110  0.000001 %
===============================================================

--------------------------------------
