Welcome to the [ bash_profile ]
Agent pid 88189
[main] Current mode --> Step03_Validation
Sample Name: QCD_HT700to1000
Current mode type --> Step03_Validation
Data or MC : MC
Weight : 5.58692
  [ WARNING ] Empty bin when HT - 664.585, Jet6PT - 91.4013 and sf = 0
  [ WARNING ] Change sf [ 0 ] into -> 1.0
  [ WARNING ] Empty bin when HT - 691.182, Jet6PT - 90.3313 and sf = 0
  [ WARNING ] Change sf [ 0 ] into -> 1.0
  [ WARNING ] Empty bin when HT - 699.989, Jet6PT - 94.4951 and sf = 0
  [ WARNING ] Change sf [ 0 ] into -> 1.0
  [ WARNING ] Empty bin when HT - 682.954, Jet6PT - 93.0387 and sf = 0
  [ WARNING ] Change sf [ 0 ] into -> 1.0
  [ WARNING ] Empty bin when HT - 697.597, Jet6PT - 92.9724 and sf = 0
  [ WARNING ] Change sf [ 0 ] into -> 1.0
  [ WARNING ] Empty bin when HT - 691.212, Jet6PT - 95.7421 and sf = 0
  [ WARNING ] Change sf [ 0 ] into -> 1.0
  [ WARNING ] Empty bin when HT - 653.363, Jet6PT - 98.0466 and sf = 0
  [ WARNING ] Change sf [ 0 ] into -> 1.0
  [ WARNING ] Empty bin when HT - 699.125, Jet6PT - 96.4525 and sf = 0
  [ WARNING ] Change sf [ 0 ] into -> 1.0
  [ WARNING ] Empty bin when HT - 689.548, Jet6PT - 97.4576 and sf = 0
  [ WARNING ] Change sf [ 0 ] into -> 1.0
  [ WARNING ] Empty bin when HT - 655.29, Jet6PT - 90.8142 and sf = 0
  [ WARNING ] Change sf [ 0 ] into -> 1.0
  [ WARNING ] Empty bin when HT - 690.999, Jet6PT - 94.6055 and sf = 0
  [ WARNING ] Change sf [ 0 ] into -> 1.0
  [ WARNING ] Empty bin when HT - 694.088, Jet6PT - 90.5528 and sf = 0
  [ WARNING ] Change sf [ 0 ] into -> 1.0
  [ WARNING ] Empty bin when HT - 655.123, Jet6PT - 92.1116 and sf = 0
  [ WARNING ] Change sf [ 0 ] into -> 1.0
  [ WARNING ] Empty bin when HT - 697.858, Jet6PT - 90.8803 and sf = 0
  [ WARNING ] Change sf [ 0 ] into -> 1.0
  [ WARNING ] Empty bin when HT - 697.917, Jet6PT - 99.1678 and sf = 0
  [ WARNING ] Change sf [ 0 ] into -> 1.0
  [ WARNING ] Empty bin when HT - 688.489, Jet6PT - 96.0576 and sf = 0
  [ WARNING ] Change sf [ 0 ] into -> 1.0
  [ WARNING ] Empty bin when HT - 679.694, Jet6PT - 92.5677 and sf = 0
  [ WARNING ] Change sf [ 0 ] into -> 1.0
  [ WARNING ] Empty bin when HT - 698.526, Jet6PT - 90.4707 and sf = 0
  [ WARNING ] Change sf [ 0 ] into -> 1.0
  [ WARNING ] Empty bin when HT - 692.45, Jet6PT - 92.4473 and sf = 0
  [ WARNING ] Change sf [ 0 ] into -> 1.0
  [ WARNING ] Empty bin when HT - 699.117, Jet6PT - 98.736 and sf = 0
  [ WARNING ] Change sf [ 0 ] into -> 1.0
  [ WARNING ] Empty bin when HT - 693.579, Jet6PT - 95.1823 and sf = 0
  [ WARNING ] Change sf [ 0 ] into -> 1.0
  [ WARNING ] Empty bin when HT - 686.947, Jet6PT - 92.2943 and sf = 0
  [ WARNING ] Change sf [ 0 ] into -> 1.0
  [ WARNING ] Empty bin when HT - 696.082, Jet6PT - 90.8122 and sf = 0
  [ WARNING ] Change sf [ 0 ] into -> 1.0
  [ WARNING ] Empty bin when HT - 695.84, Jet6PT - 91.0144 and sf = 0
  [ WARNING ] Change sf [ 0 ] into -> 1.0
  [ WARNING ] Empty bin when HT - 693.716, Jet6PT - 93.5401 and sf = 0
  [ WARNING ] Change sf [ 0 ] into -> 1.0
Event loop completed.
Output name --> Validation_QCD_HT700to1000.root
