Welcome to the [ bash_profile ]
Agent pid 41798
Sample Name: QCD_Pt_600to800
Data or MC : MC
Weight : 0.0965508
Event loop completed.
bin  r_file(FromHist)  r_implied(ReW/WithSF)  NoSF/WithSF
8  0.743309  0.743309  0.743308
9  0.696525  0.696525  0.696525
10  0.682518  0.682518  0.682518
11  0.667298  0.667298  0.667298
12  0.653997  0.653997  0.653997
13  0.814321  0.814321  0.814321

=== nJets bin-by-bin summary ===
bin  range      count   NoSF_sum        WithSF_sum      ratio(NoSF/WithSF)   ReW_sum         delta(ReW/NoSF)
  8  [7,8):     403       37.129067       49.951101            0.743308       37.129089  0.000059 %
  9  [8,9):     173       15.774865       22.647962            0.696525       15.774863  -0.000011 %
 10  [9,10):      88        8.032484       11.768894            0.682518        8.032486  0.000021 %
 11  [10,11):      28        2.616133        3.920489            0.667298        2.616133  -0.000002 %
 12  [11,12):      10        0.896832        1.371310            0.653997        0.896832  0.000000 %
 13  [12,13):       3        0.287522        0.353082            0.814321        0.287522  0.000004 %
===============================================================

--------------------------------------
