Welcome to the [ bash_profile ]
Agent pid 42342
Sample Name: QCD_Pt_2400to3200
Data or MC : MC
Weight : 7.25381e-05
Event loop completed.
bin  r_file(FromHist)  r_implied(ReW/WithSF)  NoSF/WithSF
8  0.539801  0.539801  0.539801
9  0.675189  0.675189  0.675189
10  0.383176  0.383176  0.383176
11  0.36638  0.36638  0.36638
12  0.360671  0.360671  0.360671

=== nJets bin-by-bin summary ===
bin  range      count   NoSF_sum        WithSF_sum      ratio(NoSF/WithSF)   ReW_sum         delta(ReW/NoSF)
  8  [7,8):      29        0.002088        0.003868            0.539801        0.002088  -0.000003 %
  9  [8,9):      11        0.000730        0.001081            0.675189        0.000730  0.000005 %
 10  [9,10):       6        0.000399        0.001040            0.383176        0.000399  0.000005 %
 11  [10,11):       3        0.000214        0.000584            0.366380        0.000214  0.000011 %
 12  [11,12):       2        0.000151        0.000418            0.360671        0.000151  0.000007 %
===============================================================

--------------------------------------
