Welcome to the [ bash_profile ]
Agent pid 41873
Sample Name: QCD_Pt_800to1000
Data or MC : MC
Weight : 0.0294037
Event loop completed.
bin  r_file(FromHist)  r_implied(ReW/WithSF)  NoSF/WithSF
8  0.679468  0.679468  0.679468
9  0.749845  0.749845  0.749845
10  0.642515  0.642515  0.642515
11  0.755475  0.755475  0.755475
12  0.590907  0.590907  0.590907
13  0.730992  0.730992  0.730992

=== nJets bin-by-bin summary ===
bin  range      count   NoSF_sum        WithSF_sum      ratio(NoSF/WithSF)   ReW_sum         delta(ReW/NoSF)
  8  [7,8):     179        5.120092        7.535441            0.679468        5.120092  0.000001 %
  9  [8,9):     101        2.895052        3.860869            0.749845        2.895053  0.000021 %
 10  [9,10):      37        1.073661        1.671028            0.642515        1.073661  0.000005 %
 11  [10,11):      15        0.420263        0.556290            0.755475        0.420263  0.000013 %
 12  [11,12):       9        0.250173        0.423371            0.590907        0.250173  -0.000019 %
 13  [12,13):       1        0.028186        0.038559            0.730992        0.028186  -0.000007 %
===============================================================

--------------------------------------
