Welcome to the [ bash_profile ]
Agent pid 41688
Sample Name: QCD_Pt_300to470
Data or MC : MC
Weight : 5.09977
Event loop completed.
bin  r_file(FromHist)  r_implied(ReW/WithSF)  NoSF/WithSF
8  0.821101  0.821101  0.821101
9  0.842145  0.842145  0.842145
10  0.814465  0.814465  0.814465
11  0.758715  0.758715  0.758715
12  0.60471  0.60471  0.60471

=== nJets bin-by-bin summary ===
bin  range      count   NoSF_sum        WithSF_sum      ratio(NoSF/WithSF)   ReW_sum         delta(ReW/NoSF)
  8  [7,8):     153      571.919462      696.527233            0.821101      571.919463  0.000000 %
  9  [8,9):      65      259.840555      308.546187            0.842145      259.840563  0.000003 %
 10  [9,10):      17       68.728910       84.385312            0.814465       68.728902  -0.000012 %
 11  [10,11):       3       11.864116       15.637124            0.758715       11.864116  -0.000007 %
 12  [11,12):       1        3.297652        5.453276            0.604710        3.297652  -0.000002 %
===============================================================

--------------------------------------
