Welcome to the [ bash_profile ]
Agent pid 41740
Sample Name: QCD_Pt_470to600
Data or MC : MC
Weight : 0.45363
Event loop completed.
bin  r_file(FromHist)  r_implied(ReW/WithSF)  NoSF/WithSF
8  0.787216  0.787216  0.787216
9  0.784517  0.784517  0.784517
10  0.770426  0.770426  0.770426
11  0.856261  0.856261  0.856262
12  0.863298  0.863298  0.863298

=== nJets bin-by-bin summary ===
bin  range      count   NoSF_sum        WithSF_sum      ratio(NoSF/WithSF)   ReW_sum         delta(ReW/NoSF)
  8  [7,8):     257      103.620675      131.629268            0.787216      103.620682  0.000007 %
  9  [8,9):     112       45.042865       57.414788            0.784517       45.042863  -0.000004 %
 10  [9,10):      43       16.837401       21.854672            0.770426       16.837398  -0.000017 %
 11  [10,11):      18        7.623288        8.902990            0.856262        7.623287  -0.000004 %
 12  [11,12):       6        2.514609        2.912794            0.863298        2.514609  0.000001 %
===============================================================

--------------------------------------
