Welcome to the [ bash_profile ]
Agent pid 42205
Sample Name: QCD_Pt_1800to2400
Data or MC : MC
Weight : 0.000703908
Event loop completed.
bin  r_file(FromHist)  r_implied(ReW/WithSF)  NoSF/WithSF
8  0.526247  0.526247  0.526247
9  0.59315  0.59315  0.59315
10  0.584715  0.584715  0.584716
11  0.579739  0.579739  0.579739
12  0.379863  0.379863  0.379863

=== nJets bin-by-bin summary ===
bin  range      count   NoSF_sum        WithSF_sum      ratio(NoSF/WithSF)   ReW_sum         delta(ReW/NoSF)
  8  [7,8):      56        0.038261        0.072705            0.526247        0.038261  -0.000005 %
  9  [8,9):      33        0.023395        0.039442            0.593150        0.023395  -0.000012 %
 10  [9,10):      17        0.011650        0.019924            0.584716        0.011650  -0.000015 %
 11  [10,11):       7        0.004939        0.008519            0.579739        0.004939  -0.000005 %
 12  [11,12):       4        0.002773        0.007300            0.379863        0.002773  0.000005 %
===============================================================

--------------------------------------
