Welcome to the [ bash_profile ]
Agent pid 88655
[main] Current mode --> Step03_Validation
Sample Name: ttHH
Current mode type --> Step03_Validation
Data or MC : MC
Weight : 1.09764e-06
  [ WARNING ] Empty bin when HT - 676.253, Jet6PT - 91.362 and sf = 0
  [ WARNING ] Change sf [ 0 ] into -> 1.0
  [ WARNING ] Empty bin when HT - 669.391, Jet6PT - 90.7311 and sf = 0
  [ WARNING ] Change sf [ 0 ] into -> 1.0
  [ WARNING ] Empty bin when HT - 692.686, Jet6PT - 93.519 and sf = 0
  [ WARNING ] Change sf [ 0 ] into -> 1.0
  [ WARNING ] Empty bin when HT - 694.237, Jet6PT - 94.1149 and sf = 0
  [ WARNING ] Change sf [ 0 ] into -> 1.0
  [ WARNING ] Empty bin when HT - 650.042, Jet6PT - 91.4701 and sf = 0
  [ WARNING ] Change sf [ 0 ] into -> 1.0
  [ WARNING ] Empty bin when HT - 680.424, Jet6PT - 92.6413 and sf = 0
  [ WARNING ] Change sf [ 0 ] into -> 1.0
  [ WARNING ] Empty bin when HT - 671.386, Jet6PT - 91.7947 and sf = 0
  [ WARNING ] Change sf [ 0 ] into -> 1.0
  [ WARNING ] Empty bin when HT - 692.984, Jet6PT - 91.6178 and sf = 0
  [ WARNING ] Change sf [ 0 ] into -> 1.0
  [ WARNING ] Empty bin when HT - 684.093, Jet6PT - 90.291 and sf = 0
  [ WARNING ] Change sf [ 0 ] into -> 1.0
  [ WARNING ] Empty bin when HT - 669.834, Jet6PT - 90.1579 and sf = 0
  [ WARNING ] Change sf [ 0 ] into -> 1.0
  [ WARNING ] Empty bin when HT - 675.675, Jet6PT - 91.3356 and sf = 0
  [ WARNING ] Change sf [ 0 ] into -> 1.0
  [ WARNING ] Empty bin when HT - 622.625, Jet6PT - 90.6499 and sf = 0
  [ WARNING ] Change sf [ 0 ] into -> 1.0
  [ WARNING ] Empty bin when HT - 694.383, Jet6PT - 99.7357 and sf = 0
  [ WARNING ] Change sf [ 0 ] into -> 1.0
  [ WARNING ] Empty bin when HT - 646.521, Jet6PT - 92.1468 and sf = 0
  [ WARNING ] Change sf [ 0 ] into -> 1.0
  [ WARNING ] Empty bin when HT - 698.957, Jet6PT - 98.3549 and sf = 0
  [ WARNING ] Change sf [ 0 ] into -> 1.0
  [ WARNING ] Empty bin when HT - 629.741, Jet6PT - 90.3796 and sf = 0
  [ WARNING ] Change sf [ 0 ] into -> 1.0
  [ WARNING ] Empty bin when HT - 680.992, Jet6PT - 95.6035 and sf = 0
  [ WARNING ] Change sf [ 0 ] into -> 1.0
  [ WARNING ] Empty bin when HT - 670.358, Jet6PT - 93.2612 and sf = 0
  [ WARNING ] Change sf [ 0 ] into -> 1.0
  [ WARNING ] Empty bin when HT - 660.505, Jet6PT - 97.1377 and sf = 0
  [ WARNING ] Change sf [ 0 ] into -> 1.0
  [ WARNING ] Empty bin when HT - 692.227, Jet6PT - 97.619 and sf = 0
  [ WARNING ] Change sf [ 0 ] into -> 1.0
  [ WARNING ] Empty bin when HT - 685.549, Jet6PT - 90.524 and sf = 0
  [ WARNING ] Change sf [ 0 ] into -> 1.0
  [ WARNING ] Empty bin when HT - 671.197, Jet6PT - 91.5296 and sf = 0
  [ WARNING ] Change sf [ 0 ] into -> 1.0
  [ WARNING ] Empty bin when HT - 694.187, Jet6PT - 90.6867 and sf = 0
  [ WARNING ] Change sf [ 0 ] into -> 1.0
  [ WARNING ] Empty bin when HT - 627.523, Jet6PT - 92.7252 and sf = 0
  [ WARNING ] Change sf [ 0 ] into -> 1.0
  [ WARNING ] Empty bin when HT - 669.133, Jet6PT - 91.0106 and sf = 0
  [ WARNING ] Change sf [ 0 ] into -> 1.0
  [ WARNING ] Empty bin when HT - 690.936, Jet6PT - 91.1166 and sf = 0
  [ WARNING ] Change sf [ 0 ] into -> 1.0
  [ WARNING ] Empty bin when HT - 699.733, Jet6PT - 90.1441 and sf = 0
  [ WARNING ] Change sf [ 0 ] into -> 1.0
  [ WARNING ] Empty bin when HT - 692.782, Jet6PT - 91.1601 and sf = 0
  [ WARNING ] Change sf [ 0 ] into -> 1.0
  [ WARNING ] Empty bin when HT - 671.975, Jet6PT - 91.8166 and sf = 0
  [ WARNING ] Change sf [ 0 ] into -> 1.0
  [ WARNING ] Empty bin when HT - 660.436, Jet6PT - 92.6182 and sf = 0
  [ WARNING ] Change sf [ 0 ] into -> 1.0
  [ WARNING ] Empty bin when HT - 699.701, Jet6PT - 90.6573 and sf = 0
  [ WARNING ] Change sf [ 0 ] into -> 1.0
  [ WARNING ] Empty bin when HT - 690.793, Jet6PT - 92.7818 and sf = 0
  [ WARNING ] Change sf [ 0 ] into -> 1.0
  [ WARNING ] Empty bin when HT - 674.266, Jet6PT - 94.6609 and sf = 0
  [ WARNING ] Change sf [ 0 ] into -> 1.0
  [ WARNING ] Empty bin when HT - 677.151, Jet6PT - 98.3529 and sf = 0
  [ WARNING ] Change sf [ 0 ] into -> 1.0
  [ WARNING ] Empty bin when HT - 672.514, Jet6PT - 90.7223 and sf = 0
  [ WARNING ] Change sf [ 0 ] into -> 1.0
  [ WARNING ] Empty bin when HT - 694.339, Jet6PT - 90.4622 and sf = 0
  [ WARNING ] Change sf [ 0 ] into -> 1.0
  [ WARNING ] Empty bin when HT - 697.691, Jet6PT - 90.2192 and sf = 0
  [ WARNING ] Change sf [ 0 ] into -> 1.0
  [ WARNING ] Empty bin when HT - 685.205, Jet6PT - 96.9429 and sf = 0
  [ WARNING ] Change sf [ 0 ] into -> 1.0
  [ WARNING ] Empty bin when HT - 677.976, Jet6PT - 90.467 and sf = 0
  [ WARNING ] Change sf [ 0 ] into -> 1.0
  [ WARNING ] Empty bin when HT - 674.052, Jet6PT - 90.1107 and sf = 0
  [ WARNING ] Change sf [ 0 ] into -> 1.0
  [ WARNING ] Empty bin when HT - 671.419, Jet6PT - 91.0602 and sf = 0
  [ WARNING ] Change sf [ 0 ] into -> 1.0
  [ WARNING ] Empty bin when HT - 687.882, Jet6PT - 92.2192 and sf = 0
  [ WARNING ] Change sf [ 0 ] into -> 1.0
  [ WARNING ] Empty bin when HT - 679.443, Jet6PT - 92.0228 and sf = 0
  [ WARNING ] Change sf [ 0 ] into -> 1.0
  [ WARNING ] Empty bin when HT - 690.968, Jet6PT - 92.265 and sf = 0
  [ WARNING ] Change sf [ 0 ] into -> 1.0
  [ WARNING ] Empty bin when HT - 668.516, Jet6PT - 92.6348 and sf = 0
  [ WARNING ] Change sf [ 0 ] into -> 1.0
  [ WARNING ] Empty bin when HT - 676.216, Jet6PT - 91.5482 and sf = 0
  [ WARNING ] Change sf [ 0 ] into -> 1.0
  [ WARNING ] Empty bin when HT - 698.009, Jet6PT - 94.4093 and sf = 0
  [ WARNING ] Change sf [ 0 ] into -> 1.0
  [ WARNING ] Empty bin when HT - 666.977, Jet6PT - 93.7121 and sf = 0
  [ WARNING ] Change sf [ 0 ] into -> 1.0
  [ WARNING ] Empty bin when HT - 669.616, Jet6PT - 90.3249 and sf = 0
  [ WARNING ] Change sf [ 0 ] into -> 1.0
  [ WARNING ] Empty bin when HT - 672.005, Jet6PT - 90.3153 and sf = 0
  [ WARNING ] Change sf [ 0 ] into -> 1.0
  [ WARNING ] Empty bin when HT - 689.504, Jet6PT - 92.858 and sf = 0
  [ WARNING ] Change sf [ 0 ] into -> 1.0
  [ WARNING ] Empty bin when HT - 683.371, Jet6PT - 91.841 and sf = 0
  [ WARNING ] Change sf [ 0 ] into -> 1.0
  [ WARNING ] Empty bin when HT - 692.781, Jet6PT - 94.1458 and sf = 0
  [ WARNING ] Change sf [ 0 ] into -> 1.0
  [ WARNING ] Empty bin when HT - 695.421, Jet6PT - 90.5116 and sf = 0
  [ WARNING ] Change sf [ 0 ] into -> 1.0
  [ WARNING ] Empty bin when HT - 698.06, Jet6PT - 90.5942 and sf = 0
  [ WARNING ] Change sf [ 0 ] into -> 1.0
  [ WARNING ] Empty bin when HT - 662.312, Jet6PT - 95.068 and sf = 0
  [ WARNING ] Change sf [ 0 ] into -> 1.0
  [ WARNING ] Empty bin when HT - 698.52, Jet6PT - 90.0035 and sf = 0
  [ WARNING ] Change sf [ 0 ] into -> 1.0
  [ WARNING ] Empty bin when HT - 651.82, Jet6PT - 91.8501 and sf = 0
  [ WARNING ] Change sf [ 0 ] into -> 1.0
  [ WARNING ] Empty bin when HT - 675.823, Jet6PT - 93.5593 and sf = 0
  [ WARNING ] Change sf [ 0 ] into -> 1.0
  [ WARNING ] Empty bin when HT - 674.4, Jet6PT - 92.4565 and sf = 0
  [ WARNING ] Change sf [ 0 ] into -> 1.0
  [ WARNING ] Empty bin when HT - 688.297, Jet6PT - 90.5731 and sf = 0
  [ WARNING ] Change sf [ 0 ] into -> 1.0
  [ WARNING ] Empty bin when HT - 689.594, Jet6PT - 90.9798 and sf = 0
  [ WARNING ] Change sf [ 0 ] into -> 1.0
  [ WARNING ] Empty bin when HT - 689.444, Jet6PT - 90.009 and sf = 0
  [ WARNING ] Change sf [ 0 ] into -> 1.0
  [ WARNING ] Empty bin when HT - 697.938, Jet6PT - 94.5258 and sf = 0
  [ WARNING ] Change sf [ 0 ] into -> 1.0
  [ WARNING ] Empty bin when HT - 639.765, Jet6PT - 91.1511 and sf = 0
  [ WARNING ] Change sf [ 0 ] into -> 1.0
  [ WARNING ] Empty bin when HT - 688.071, Jet6PT - 96.6627 and sf = 0
  [ WARNING ] Change sf [ 0 ] into -> 1.0
  [ WARNING ] Empty bin when HT - 677.873, Jet6PT - 90.117 and sf = 0
  [ WARNING ] Change sf [ 0 ] into -> 1.0
  [ WARNING ] Empty bin when HT - 698.57, Jet6PT - 92.5275 and sf = 0
  [ WARNING ] Change sf [ 0 ] into -> 1.0
  [ WARNING ] Empty bin when HT - 674.586, Jet6PT - 91.487 and sf = 0
  [ WARNING ] Change sf [ 0 ] into -> 1.0
  [ WARNING ] Empty bin when HT - 698.868, Jet6PT - 90.2057 and sf = 0
  [ WARNING ] Change sf [ 0 ] into -> 1.0
  [ WARNING ] Empty bin when HT - 697.213, Jet6PT - 92.2817 and sf = 0
  [ WARNING ] Change sf [ 0 ] into -> 1.0
  [ WARNING ] Empty bin when HT - 663.616, Jet6PT - 92.4559 and sf = 0
  [ WARNING ] Change sf [ 0 ] into -> 1.0
  [ WARNING ] Empty bin when HT - 699.869, Jet6PT - 93.9096 and sf = 0
  [ WARNING ] Change sf [ 0 ] into -> 1.0
  [ WARNING ] Empty bin when HT - 654.367, Jet6PT - 90.624 and sf = 0
  [ WARNING ] Change sf [ 0 ] into -> 1.0
  [ WARNING ] Empty bin when HT - 699.124, Jet6PT - 96.1827 and sf = 0
  [ WARNING ] Change sf [ 0 ] into -> 1.0
  [ WARNING ] Empty bin when HT - 688.982, Jet6PT - 92.9599 and sf = 0
  [ WARNING ] Change sf [ 0 ] into -> 1.0
  [ WARNING ] Empty bin when HT - 676.459, Jet6PT - 92.5744 and sf = 0
  [ WARNING ] Change sf [ 0 ] into -> 1.0
  [ WARNING ] Empty bin when HT - 687.382, Jet6PT - 91.9317 and sf = 0
  [ WARNING ] Change sf [ 0 ] into -> 1.0
  [ WARNING ] Empty bin when HT - 682.444, Jet6PT - 93.1961 and sf = 0
  [ WARNING ] Change sf [ 0 ] into -> 1.0
  [ WARNING ] Empty bin when HT - 682.378, Jet6PT - 94.5563 and sf = 0
  [ WARNING ] Change sf [ 0 ] into -> 1.0
  [ WARNING ] Empty bin when HT - 669.506, Jet6PT - 94.579 and sf = 0
  [ WARNING ] Change sf [ 0 ] into -> 1.0
  [ WARNING ] Empty bin when HT - 675.01, Jet6PT - 90.2474 and sf = 0
  [ WARNING ] Change sf [ 0 ] into -> 1.0
  [ WARNING ] Empty bin when HT - 695.5, Jet6PT - 91.1296 and sf = 0
  [ WARNING ] Change sf [ 0 ] into -> 1.0
  [ WARNING ] Empty bin when HT - 683.497, Jet6PT - 92.948 and sf = 0
  [ WARNING ] Change sf [ 0 ] into -> 1.0
  [ WARNING ] Empty bin when HT - 697.044, Jet6PT - 90.0852 and sf = 0
  [ WARNING ] Change sf [ 0 ] into -> 1.0
  [ WARNING ] Empty bin when HT - 697.768, Jet6PT - 92.1431 and sf = 0
  [ WARNING ] Change sf [ 0 ] into -> 1.0
  [ WARNING ] Empty bin when HT - 693.043, Jet6PT - 95.1436 and sf = 0
  [ WARNING ] Change sf [ 0 ] into -> 1.0
  [ WARNING ] Empty bin when HT - 658.802, Jet6PT - 91.0753 and sf = 0
  [ WARNING ] Change sf [ 0 ] into -> 1.0
  [ WARNING ] Empty bin when HT - 697.734, Jet6PT - 92.2648 and sf = 0
  [ WARNING ] Change sf [ 0 ] into -> 1.0
  [ WARNING ] Empty bin when HT - 688.356, Jet6PT - 91.7697 and sf = 0
  [ WARNING ] Change sf [ 0 ] into -> 1.0
  [ WARNING ] Empty bin when HT - 686.695, Jet6PT - 93.1546 and sf = 0
  [ WARNING ] Change sf [ 0 ] into -> 1.0
  [ WARNING ] Empty bin when HT - 684.374, Jet6PT - 95.5437 and sf = 0
  [ WARNING ] Change sf [ 0 ] into -> 1.0
  [ WARNING ] Empty bin when HT - 647.264, Jet6PT - 93.851 and sf = 0
  [ WARNING ] Change sf [ 0 ] into -> 1.0
  [ WARNING ] Empty bin when HT - 677.622, Jet6PT - 91.3822 and sf = 0
  [ WARNING ] Change sf [ 0 ] into -> 1.0
  [ WARNING ] Empty bin when HT - 691.405, Jet6PT - 92.2674 and sf = 0
  [ WARNING ] Change sf [ 0 ] into -> 1.0
  [ WARNING ] Empty bin when HT - 697.682, Jet6PT - 93.7182 and sf = 0
  [ WARNING ] Change sf [ 0 ] into -> 1.0
  [ WARNING ] Empty bin when HT - 672.454, Jet6PT - 90.4901 and sf = 0
  [ WARNING ] Change sf [ 0 ] into -> 1.0
  [ WARNING ] Empty bin when HT - 645.457, Jet6PT - 90.7727 and sf = 0
  [ WARNING ] Change sf [ 0 ] into -> 1.0
  [ WARNING ] Empty bin when HT - 669.415, Jet6PT - 92.2617 and sf = 0
  [ WARNING ] Change sf [ 0 ] into -> 1.0
  [ WARNING ] Empty bin when HT - 691.359, Jet6PT - 95.097 and sf = 0
  [ WARNING ] Change sf [ 0 ] into -> 1.0
  [ WARNING ] Empty bin when HT - 635.509, Jet6PT - 93.3562 and sf = 0
  [ WARNING ] Change sf [ 0 ] into -> 1.0
  [ WARNING ] Empty bin when HT - 694.239, Jet6PT - 92.8329 and sf = 0
  [ WARNING ] Change sf [ 0 ] into -> 1.0
  [ WARNING ] Empty bin when HT - 664.902, Jet6PT - 92.4754 and sf = 0
  [ WARNING ] Change sf [ 0 ] into -> 1.0
  [ WARNING ] Empty bin when HT - 696.656, Jet6PT - 96.004 and sf = 0
  [ WARNING ] Change sf [ 0 ] into -> 1.0
  [ WARNING ] Empty bin when HT - 691.844, Jet6PT - 91.1987 and sf = 0
  [ WARNING ] Change sf [ 0 ] into -> 1.0
  [ WARNING ] Empty bin when HT - 662.084, Jet6PT - 90.5733 and sf = 0
  [ WARNING ] Change sf [ 0 ] into -> 1.0
  [ WARNING ] Empty bin when HT - 680.176, Jet6PT - 91.5667 and sf = 0
  [ WARNING ] Change sf [ 0 ] into -> 1.0
  [ WARNING ] Empty bin when HT - 699.656, Jet6PT - 90.3974 and sf = 0
  [ WARNING ] Change sf [ 0 ] into -> 1.0
  [ WARNING ] Empty bin when HT - 659.972, Jet6PT - 90.3965 and sf = 0
  [ WARNING ] Change sf [ 0 ] into -> 1.0
  [ WARNING ] Empty bin when HT - 652.605, Jet6PT - 91.1477 and sf = 0
  [ WARNING ] Change sf [ 0 ] into -> 1.0
  [ WARNING ] Empty bin when HT - 686.719, Jet6PT - 93.1828 and sf = 0
  [ WARNING ] Change sf [ 0 ] into -> 1.0
  [ WARNING ] Empty bin when HT - 697.821, Jet6PT - 94.4377 and sf = 0
  [ WARNING ] Change sf [ 0 ] into -> 1.0
  [ WARNING ] Empty bin when HT - 699.546, Jet6PT - 91.7693 and sf = 0
  [ WARNING ] Change sf [ 0 ] into -> 1.0
  [ WARNING ] Empty bin when HT - 697.637, Jet6PT - 90.9236 and sf = 0
  [ WARNING ] Change sf [ 0 ] into -> 1.0
  [ WARNING ] Empty bin when HT - 687.083, Jet6PT - 92.415 and sf = 0
  [ WARNING ] Change sf [ 0 ] into -> 1.0
  [ WARNING ] Empty bin when HT - 641.342, Jet6PT - 90.2283 and sf = 0
  [ WARNING ] Change sf [ 0 ] into -> 1.0
  [ WARNING ] Empty bin when HT - 684.902, Jet6PT - 94.431 and sf = 0
  [ WARNING ] Change sf [ 0 ] into -> 1.0
  [ WARNING ] Empty bin when HT - 690.85, Jet6PT - 90.4015 and sf = 0
  [ WARNING ] Change sf [ 0 ] into -> 1.0
  [ WARNING ] Empty bin when HT - 668.768, Jet6PT - 90.813 and sf = 0
  [ WARNING ] Change sf [ 0 ] into -> 1.0
  [ WARNING ] Empty bin when HT - 690.029, Jet6PT - 92.837 and sf = 0
  [ WARNING ] Change sf [ 0 ] into -> 1.0
  [ WARNING ] Empty bin when HT - 694.544, Jet6PT - 92.0941 and sf = 0
  [ WARNING ] Change sf [ 0 ] into -> 1.0
  [ WARNING ] Empty bin when HT - 677.185, Jet6PT - 98.3676 and sf = 0
  [ WARNING ] Change sf [ 0 ] into -> 1.0
  [ WARNING ] Empty bin when HT - 663.836, Jet6PT - 90.1277 and sf = 0
  [ WARNING ] Change sf [ 0 ] into -> 1.0
  [ WARNING ] Empty bin when HT - 691.288, Jet6PT - 93.5003 and sf = 0
  [ WARNING ] Change sf [ 0 ] into -> 1.0
  [ WARNING ] Empty bin when HT - 695.962, Jet6PT - 90.3013 and sf = 0
  [ WARNING ] Change sf [ 0 ] into -> 1.0
  [ WARNING ] Empty bin when HT - 688.596, Jet6PT - 90.7836 and sf = 0
  [ WARNING ] Change sf [ 0 ] into -> 1.0
  [ WARNING ] Empty bin when HT - 683.359, Jet6PT - 90.4826 and sf = 0
  [ WARNING ] Change sf [ 0 ] into -> 1.0
  [ WARNING ] Empty bin when HT - 690.936, Jet6PT - 91.471 and sf = 0
  [ WARNING ] Change sf [ 0 ] into -> 1.0
  [ WARNING ] Empty bin when HT - 692.544, Jet6PT - 90.5369 and sf = 0
  [ WARNING ] Change sf [ 0 ] into -> 1.0
  [ WARNING ] Empty bin when HT - 697.574, Jet6PT - 92.5411 and sf = 0
  [ WARNING ] Change sf [ 0 ] into -> 1.0
  [ WARNING ] Empty bin when HT - 686.467, Jet6PT - 90.3177 and sf = 0
  [ WARNING ] Change sf [ 0 ] into -> 1.0
  [ WARNING ] Empty bin when HT - 661.195, Jet6PT - 92.3654 and sf = 0
  [ WARNING ] Change sf [ 0 ] into -> 1.0
  [ WARNING ] Empty bin when HT - 696.763, Jet6PT - 91.2812 and sf = 0
  [ WARNING ] Change sf [ 0 ] into -> 1.0
  [ WARNING ] Empty bin when HT - 637.764, Jet6PT - 91.503 and sf = 0
  [ WARNING ] Change sf [ 0 ] into -> 1.0
  [ WARNING ] Empty bin when HT - 696.764, Jet6PT - 91.8042 and sf = 0
  [ WARNING ] Change sf [ 0 ] into -> 1.0
  [ WARNING ] Empty bin when HT - 694.149, Jet6PT - 91.949 and sf = 0
  [ WARNING ] Change sf [ 0 ] into -> 1.0
  [ WARNING ] Empty bin when HT - 695.006, Jet6PT - 90.5135 and sf = 0
  [ WARNING ] Change sf [ 0 ] into -> 1.0
  [ WARNING ] Empty bin when HT - 697.737, Jet6PT - 90.9139 and sf = 0
  [ WARNING ] Change sf [ 0 ] into -> 1.0
  [ WARNING ] Empty bin when HT - 692.212, Jet6PT - 94.7372 and sf = 0
  [ WARNING ] Change sf [ 0 ] into -> 1.0
  [ WARNING ] Empty bin when HT - 693.238, Jet6PT - 91.7341 and sf = 0
  [ WARNING ] Change sf [ 0 ] into -> 1.0
  [ WARNING ] Empty bin when HT - 688.373, Jet6PT - 96.2834 and sf = 0
  [ WARNING ] Change sf [ 0 ] into -> 1.0
  [ WARNING ] Empty bin when HT - 688.663, Jet6PT - 90.8902 and sf = 0
  [ WARNING ] Change sf [ 0 ] into -> 1.0
  [ WARNING ] Empty bin when HT - 674.31, Jet6PT - 90.5964 and sf = 0
  [ WARNING ] Change sf [ 0 ] into -> 1.0
  [ WARNING ] Empty bin when HT - 685.206, Jet6PT - 90.7339 and sf = 0
  [ WARNING ] Change sf [ 0 ] into -> 1.0
  [ WARNING ] Empty bin when HT - 698.725, Jet6PT - 95.7757 and sf = 0
  [ WARNING ] Change sf [ 0 ] into -> 1.0
  [ WARNING ] Empty bin when HT - 678.572, Jet6PT - 90.335 and sf = 0
  [ WARNING ] Change sf [ 0 ] into -> 1.0
  [ WARNING ] Empty bin when HT - 699.839, Jet6PT - 90.1791 and sf = 0
  [ WARNING ] Change sf [ 0 ] into -> 1.0
  [ WARNING ] Empty bin when HT - 675.717, Jet6PT - 93.8684 and sf = 0
  [ WARNING ] Change sf [ 0 ] into -> 1.0
  [ WARNING ] Empty bin when HT - 693.289, Jet6PT - 97.0084 and sf = 0
  [ WARNING ] Change sf [ 0 ] into -> 1.0
  [ WARNING ] Empty bin when HT - 683.611, Jet6PT - 91.9226 and sf = 0
  [ WARNING ] Change sf [ 0 ] into -> 1.0
  [ WARNING ] Empty bin when HT - 697.246, Jet6PT - 93.088 and sf = 0
  [ WARNING ] Change sf [ 0 ] into -> 1.0
  [ WARNING ] Empty bin when HT - 698.005, Jet6PT - 90.0435 and sf = 0
  [ WARNING ] Change sf [ 0 ] into -> 1.0
  [ WARNING ] Empty bin when HT - 616.708, Jet6PT - 91.4852 and sf = 0
  [ WARNING ] Change sf [ 0 ] into -> 1.0
  [ WARNING ] Empty bin when HT - 656.787, Jet6PT - 90.1176 and sf = 0
  [ WARNING ] Change sf [ 0 ] into -> 1.0
  [ WARNING ] Empty bin when HT - 695.094, Jet6PT - 93.2842 and sf = 0
  [ WARNING ] Change sf [ 0 ] into -> 1.0
  [ WARNING ] Empty bin when HT - 695.237, Jet6PT - 91.0182 and sf = 0
  [ WARNING ] Change sf [ 0 ] into -> 1.0
  [ WARNING ] Empty bin when HT - 699.841, Jet6PT - 91.0907 and sf = 0
  [ WARNING ] Change sf [ 0 ] into -> 1.0
  [ WARNING ] Empty bin when HT - 699.434, Jet6PT - 93.1785 and sf = 0
  [ WARNING ] Change sf [ 0 ] into -> 1.0
  [ WARNING ] Empty bin when HT - 676.934, Jet6PT - 94.3359 and sf = 0
  [ WARNING ] Change sf [ 0 ] into -> 1.0
  [ WARNING ] Empty bin when HT - 659.632, Jet6PT - 92.7962 and sf = 0
  [ WARNING ] Change sf [ 0 ] into -> 1.0
  [ WARNING ] Empty bin when HT - 673.769, Jet6PT - 91.2461 and sf = 0
  [ WARNING ] Change sf [ 0 ] into -> 1.0
  [ WARNING ] Empty bin when HT - 674.237, Jet6PT - 94.2335 and sf = 0
  [ WARNING ] Change sf [ 0 ] into -> 1.0
  [ WARNING ] Empty bin when HT - 692.851, Jet6PT - 95.281 and sf = 0
  [ WARNING ] Change sf [ 0 ] into -> 1.0
  [ WARNING ] Empty bin when HT - 699.135, Jet6PT - 92.1685 and sf = 0
  [ WARNING ] Change sf [ 0 ] into -> 1.0
  [ WARNING ] Empty bin when HT - 692.038, Jet6PT - 92.8379 and sf = 0
  [ WARNING ] Change sf [ 0 ] into -> 1.0
  [ WARNING ] Empty bin when HT - 695.221, Jet6PT - 94.593 and sf = 0
  [ WARNING ] Change sf [ 0 ] into -> 1.0
  [ WARNING ] Empty bin when HT - 668.419, Jet6PT - 94.3361 and sf = 0
  [ WARNING ] Change sf [ 0 ] into -> 1.0
  [ WARNING ] Empty bin when HT - 677.063, Jet6PT - 93.2817 and sf = 0
  [ WARNING ] Change sf [ 0 ] into -> 1.0
  [ WARNING ] Empty bin when HT - 681.906, Jet6PT - 91.6251 and sf = 0
  [ WARNING ] Change sf [ 0 ] into -> 1.0
  [ WARNING ] Empty bin when HT - 694.596, Jet6PT - 90.4022 and sf = 0
  [ WARNING ] Change sf [ 0 ] into -> 1.0
  [ WARNING ] Empty bin when HT - 698.513, Jet6PT - 90.3643 and sf = 0
  [ WARNING ] Change sf [ 0 ] into -> 1.0
  [ WARNING ] Empty bin when HT - 662.87, Jet6PT - 93.881 and sf = 0
  [ WARNING ] Change sf [ 0 ] into -> 1.0
  [ WARNING ] Empty bin when HT - 654.151, Jet6PT - 90.0723 and sf = 0
  [ WARNING ] Change sf [ 0 ] into -> 1.0
  [ WARNING ] Empty bin when HT - 698.655, Jet6PT - 94.6429 and sf = 0
  [ WARNING ] Change sf [ 0 ] into -> 1.0
  [ WARNING ] Empty bin when HT - 654.442, Jet6PT - 93.3303 and sf = 0
  [ WARNING ] Change sf [ 0 ] into -> 1.0
  [ WARNING ] Empty bin when HT - 691.76, Jet6PT - 90.5 and sf = 0
  [ WARNING ] Change sf [ 0 ] into -> 1.0
  [ WARNING ] Empty bin when HT - 684.389, Jet6PT - 90.2503 and sf = 0
  [ WARNING ] Change sf [ 0 ] into -> 1.0
  [ WARNING ] Empty bin when HT - 691.838, Jet6PT - 91.9913 and sf = 0
  [ WARNING ] Change sf [ 0 ] into -> 1.0
  [ WARNING ] Empty bin when HT - 680.236, Jet6PT - 90.427 and sf = 0
  [ WARNING ] Change sf [ 0 ] into -> 1.0
  [ WARNING ] Empty bin when HT - 669.307, Jet6PT - 93.8086 and sf = 0
  [ WARNING ] Change sf [ 0 ] into -> 1.0
  [ WARNING ] Empty bin when HT - 696.312, Jet6PT - 96.4365 and sf = 0
  [ WARNING ] Change sf [ 0 ] into -> 1.0
  [ WARNING ] Empty bin when HT - 694.673, Jet6PT - 94.1399 and sf = 0
  [ WARNING ] Change sf [ 0 ] into -> 1.0
  [ WARNING ] Empty bin when HT - 697.55, Jet6PT - 98.3025 and sf = 0
  [ WARNING ] Change sf [ 0 ] into -> 1.0
  [ WARNING ] Empty bin when HT - 645.447, Jet6PT - 90.7204 and sf = 0
  [ WARNING ] Change sf [ 0 ] into -> 1.0
  [ WARNING ] Empty bin when HT - 695.299, Jet6PT - 94.5665 and sf = 0
  [ WARNING ] Change sf [ 0 ] into -> 1.0
  [ WARNING ] Empty bin when HT - 694.601, Jet6PT - 94.84 and sf = 0
  [ WARNING ] Change sf [ 0 ] into -> 1.0
  [ WARNING ] Empty bin when HT - 652.769, Jet6PT - 90.4184 and sf = 0
  [ WARNING ] Change sf [ 0 ] into -> 1.0
  [ WARNING ] Empty bin when HT - 661.927, Jet6PT - 90.9413 and sf = 0
  [ WARNING ] Change sf [ 0 ] into -> 1.0
  [ WARNING ] Empty bin when HT - 645.18, Jet6PT - 91.2028 and sf = 0
  [ WARNING ] Change sf [ 0 ] into -> 1.0
  [ WARNING ] Empty bin when HT - 675.198, Jet6PT - 93.9585 and sf = 0
  [ WARNING ] Change sf [ 0 ] into -> 1.0
  [ WARNING ] Empty bin when HT - 689.019, Jet6PT - 95.67 and sf = 0
  [ WARNING ] Change sf [ 0 ] into -> 1.0
  [ WARNING ] Empty bin when HT - 683.561, Jet6PT - 91.7677 and sf = 0
  [ WARNING ] Change sf [ 0 ] into -> 1.0
  [ WARNING ] Empty bin when HT - 695.333, Jet6PT - 94.5375 and sf = 0
  [ WARNING ] Change sf [ 0 ] into -> 1.0
  [ WARNING ] Empty bin when HT - 661.229, Jet6PT - 90.5446 and sf = 0
  [ WARNING ] Change sf [ 0 ] into -> 1.0
  [ WARNING ] Empty bin when HT - 665.503, Jet6PT - 93.4556 and sf = 0
  [ WARNING ] Change sf [ 0 ] into -> 1.0
  [ WARNING ] Empty bin when HT - 687.059, Jet6PT - 91.6227 and sf = 0
  [ WARNING ] Change sf [ 0 ] into -> 1.0
  [ WARNING ] Empty bin when HT - 694.267, Jet6PT - 91.0862 and sf = 0
  [ WARNING ] Change sf [ 0 ] into -> 1.0
  [ WARNING ] Empty bin when HT - 671.882, Jet6PT - 91.1055 and sf = 0
  [ WARNING ] Change sf [ 0 ] into -> 1.0
  [ WARNING ] Empty bin when HT - 691.909, Jet6PT - 90.0776 and sf = 0
  [ WARNING ] Change sf [ 0 ] into -> 1.0
  [ WARNING ] Empty bin when HT - 698.271, Jet6PT - 94.3214 and sf = 0
  [ WARNING ] Change sf [ 0 ] into -> 1.0
  [ WARNING ] Empty bin when HT - 697.249, Jet6PT - 90.3877 and sf = 0
  [ WARNING ] Change sf [ 0 ] into -> 1.0
  [ WARNING ] Empty bin when HT - 694.194, Jet6PT - 90.6319 and sf = 0
  [ WARNING ] Change sf [ 0 ] into -> 1.0
  [ WARNING ] Empty bin when HT - 693.99, Jet6PT - 96.8442 and sf = 0
  [ WARNING ] Change sf [ 0 ] into -> 1.0
  [ WARNING ] Empty bin when HT - 698.63, Jet6PT - 97.4842 and sf = 0
  [ WARNING ] Change sf [ 0 ] into -> 1.0
  [ WARNING ] Empty bin when HT - 699.314, Jet6PT - 95.4457 and sf = 0
  [ WARNING ] Change sf [ 0 ] into -> 1.0
  [ WARNING ] Empty bin when HT - 697.125, Jet6PT - 90.602 and sf = 0
  [ WARNING ] Change sf [ 0 ] into -> 1.0
  [ WARNING ] Empty bin when HT - 696.234, Jet6PT - 92.9988 and sf = 0
  [ WARNING ] Change sf [ 0 ] into -> 1.0
  [ WARNING ] Empty bin when HT - 699.343, Jet6PT - 91.9577 and sf = 0
  [ WARNING ] Change sf [ 0 ] into -> 1.0
  [ WARNING ] Empty bin when HT - 695.736, Jet6PT - 96.2948 and sf = 0
  [ WARNING ] Change sf [ 0 ] into -> 1.0
  [ WARNING ] Empty bin when HT - 699.156, Jet6PT - 91.6881 and sf = 0
  [ WARNING ] Change sf [ 0 ] into -> 1.0
  [ WARNING ] Empty bin when HT - 697.013, Jet6PT - 99.3881 and sf = 0
  [ WARNING ] Change sf [ 0 ] into -> 1.0
  [ WARNING ] Empty bin when HT - 691.412, Jet6PT - 90.1355 and sf = 0
  [ WARNING ] Change sf [ 0 ] into -> 1.0
  [ WARNING ] Empty bin when HT - 681.51, Jet6PT - 94.5862 and sf = 0
  [ WARNING ] Change sf [ 0 ] into -> 1.0
  [ WARNING ] Empty bin when HT - 662.883, Jet6PT - 90.2048 and sf = 0
  [ WARNING ] Change sf [ 0 ] into -> 1.0
  [ WARNING ] Empty bin when HT - 649.558, Jet6PT - 90.7171 and sf = 0
  [ WARNING ] Change sf [ 0 ] into -> 1.0
  [ WARNING ] Empty bin when HT - 663.429, Jet6PT - 90.6882 and sf = 0
  [ WARNING ] Change sf [ 0 ] into -> 1.0
  [ WARNING ] Empty bin when HT - 643.829, Jet6PT - 90.7005 and sf = 0
  [ WARNING ] Change sf [ 0 ] into -> 1.0
  [ WARNING ] Empty bin when HT - 671.502, Jet6PT - 95.7314 and sf = 0
  [ WARNING ] Change sf [ 0 ] into -> 1.0
  [ WARNING ] Empty bin when HT - 698.137, Jet6PT - 91.1936 and sf = 0
  [ WARNING ] Change sf [ 0 ] into -> 1.0
  [ WARNING ] Empty bin when HT - 695.618, Jet6PT - 90.6395 and sf = 0
  [ WARNING ] Change sf [ 0 ] into -> 1.0
  [ WARNING ] Empty bin when HT - 681.334, Jet6PT - 92.3124 and sf = 0
  [ WARNING ] Change sf [ 0 ] into -> 1.0
  [ WARNING ] Empty bin when HT - 686.548, Jet6PT - 97.5964 and sf = 0
  [ WARNING ] Change sf [ 0 ] into -> 1.0
  [ WARNING ] Empty bin when HT - 696.789, Jet6PT - 90.2197 and sf = 0
  [ WARNING ] Change sf [ 0 ] into -> 1.0
  [ WARNING ] Empty bin when HT - 697.525, Jet6PT - 93.3042 and sf = 0
  [ WARNING ] Change sf [ 0 ] into -> 1.0
  [ WARNING ] Empty bin when HT - 696.394, Jet6PT - 96.0086 and sf = 0
  [ WARNING ] Change sf [ 0 ] into -> 1.0
  [ WARNING ] Empty bin when HT - 664.687, Jet6PT - 90.8673 and sf = 0
  [ WARNING ] Change sf [ 0 ] into -> 1.0
  [ WARNING ] Empty bin when HT - 678.887, Jet6PT - 90.9537 and sf = 0
  [ WARNING ] Change sf [ 0 ] into -> 1.0
  [ WARNING ] Empty bin when HT - 666.052, Jet6PT - 91.4428 and sf = 0
  [ WARNING ] Change sf [ 0 ] into -> 1.0
  [ WARNING ] Empty bin when HT - 659.891, Jet6PT - 91.0479 and sf = 0
  [ WARNING ] Change sf [ 0 ] into -> 1.0
  [ WARNING ] Empty bin when HT - 686.605, Jet6PT - 91.1229 and sf = 0
  [ WARNING ] Change sf [ 0 ] into -> 1.0
  [ WARNING ] Empty bin when HT - 696.908, Jet6PT - 92.7881 and sf = 0
  [ WARNING ] Change sf [ 0 ] into -> 1.0
  [ WARNING ] Empty bin when HT - 689.149, Jet6PT - 91.0171 and sf = 0
  [ WARNING ] Change sf [ 0 ] into -> 1.0
  [ WARNING ] Empty bin when HT - 662.654, Jet6PT - 96.6233 and sf = 0
  [ WARNING ] Change sf [ 0 ] into -> 1.0
  [ WARNING ] Empty bin when HT - 687.742, Jet6PT - 90.5484 and sf = 0
  [ WARNING ] Change sf [ 0 ] into -> 1.0
  [ WARNING ] Empty bin when HT - 677.624, Jet6PT - 90.5887 and sf = 0
  [ WARNING ] Change sf [ 0 ] into -> 1.0
  [ WARNING ] Empty bin when HT - 651.344, Jet6PT - 92.7034 and sf = 0
  [ WARNING ] Change sf [ 0 ] into -> 1.0
  [ WARNING ] Empty bin when HT - 685.223, Jet6PT - 98.253 and sf = 0
  [ WARNING ] Change sf [ 0 ] into -> 1.0
  [ WARNING ] Empty bin when HT - 699.852, Jet6PT - 90.5323 and sf = 0
  [ WARNING ] Change sf [ 0 ] into -> 1.0
  [ WARNING ] Empty bin when HT - 695.626, Jet6PT - 90.2685 and sf = 0
  [ WARNING ] Change sf [ 0 ] into -> 1.0
  [ WARNING ] Empty bin when HT - 692.797, Jet6PT - 90.411 and sf = 0
  [ WARNING ] Change sf [ 0 ] into -> 1.0
  [ WARNING ] Empty bin when HT - 662.697, Jet6PT - 91.5637 and sf = 0
  [ WARNING ] Change sf [ 0 ] into -> 1.0
  [ WARNING ] Empty bin when HT - 691.232, Jet6PT - 93.7905 and sf = 0
  [ WARNING ] Change sf [ 0 ] into -> 1.0
  [ WARNING ] Empty bin when HT - 660.996, Jet6PT - 90.9436 and sf = 0
  [ WARNING ] Change sf [ 0 ] into -> 1.0
  [ WARNING ] Empty bin when HT - 676.505, Jet6PT - 91.6041 and sf = 0
  [ WARNING ] Change sf [ 0 ] into -> 1.0
  [ WARNING ] Empty bin when HT - 683.977, Jet6PT - 96.0544 and sf = 0
  [ WARNING ] Change sf [ 0 ] into -> 1.0
  [ WARNING ] Empty bin when HT - 697.134, Jet6PT - 91.8562 and sf = 0
  [ WARNING ] Change sf [ 0 ] into -> 1.0
  [ WARNING ] Empty bin when HT - 682.282, Jet6PT - 93.4134 and sf = 0
  [ WARNING ] Change sf [ 0 ] into -> 1.0
  [ WARNING ] Empty bin when HT - 697.84, Jet6PT - 91.0587 and sf = 0
  [ WARNING ] Change sf [ 0 ] into -> 1.0
  [ WARNING ] Empty bin when HT - 679.379, Jet6PT - 95.4766 and sf = 0
  [ WARNING ] Change sf [ 0 ] into -> 1.0
  [ WARNING ] Empty bin when HT - 673.863, Jet6PT - 91.0979 and sf = 0
  [ WARNING ] Change sf [ 0 ] into -> 1.0
  [ WARNING ] Empty bin when HT - 685.424, Jet6PT - 94.5343 and sf = 0
  [ WARNING ] Change sf [ 0 ] into -> 1.0
  [ WARNING ] Empty bin when HT - 649.694, Jet6PT - 92.1844 and sf = 0
  [ WARNING ] Change sf [ 0 ] into -> 1.0
  [ WARNING ] Empty bin when HT - 687.061, Jet6PT - 90.5116 and sf = 0
  [ WARNING ] Change sf [ 0 ] into -> 1.0
  [ WARNING ] Empty bin when HT - 684.143, Jet6PT - 96.8288 and sf = 0
  [ WARNING ] Change sf [ 0 ] into -> 1.0
  [ WARNING ] Empty bin when HT - 699.338, Jet6PT - 92.5953 and sf = 0
  [ WARNING ] Change sf [ 0 ] into -> 1.0
  [ WARNING ] Empty bin when HT - 694.183, Jet6PT - 90.2467 and sf = 0
  [ WARNING ] Change sf [ 0 ] into -> 1.0
  [ WARNING ] Empty bin when HT - 664.532, Jet6PT - 94.3648 and sf = 0
  [ WARNING ] Change sf [ 0 ] into -> 1.0
  [ WARNING ] Empty bin when HT - 678.138, Jet6PT - 92.0438 and sf = 0
  [ WARNING ] Change sf [ 0 ] into -> 1.0
  [ WARNING ] Empty bin when HT - 638.236, Jet6PT - 95.4329 and sf = 0
  [ WARNING ] Change sf [ 0 ] into -> 1.0
  [ WARNING ] Empty bin when HT - 658.483, Jet6PT - 92.3504 and sf = 0
  [ WARNING ] Change sf [ 0 ] into -> 1.0
  [ WARNING ] Empty bin when HT - 680.133, Jet6PT - 92.3492 and sf = 0
  [ WARNING ] Change sf [ 0 ] into -> 1.0
  [ WARNING ] Empty bin when HT - 696.885, Jet6PT - 93.7981 and sf = 0
  [ WARNING ] Change sf [ 0 ] into -> 1.0
  [ WARNING ] Empty bin when HT - 690.573, Jet6PT - 90.7281 and sf = 0
  [ WARNING ] Change sf [ 0 ] into -> 1.0
  [ WARNING ] Empty bin when HT - 658.543, Jet6PT - 91.072 and sf = 0
  [ WARNING ] Change sf [ 0 ] into -> 1.0
  [ WARNING ] Empty bin when HT - 651.23, Jet6PT - 90.2148 and sf = 0
  [ WARNING ] Change sf [ 0 ] into -> 1.0
  [ WARNING ] Empty bin when HT - 685.752, Jet6PT - 91.4596 and sf = 0
  [ WARNING ] Change sf [ 0 ] into -> 1.0
  [ WARNING ] Empty bin when HT - 684.297, Jet6PT - 90.5659 and sf = 0
  [ WARNING ] Change sf [ 0 ] into -> 1.0
  [ WARNING ] Empty bin when HT - 665.182, Jet6PT - 92.686 and sf = 0
  [ WARNING ] Change sf [ 0 ] into -> 1.0
  [ WARNING ] Empty bin when HT - 681.661, Jet6PT - 95.964 and sf = 0
  [ WARNING ] Change sf [ 0 ] into -> 1.0
  [ WARNING ] Empty bin when HT - 669.558, Jet6PT - 90.7149 and sf = 0
  [ WARNING ] Change sf [ 0 ] into -> 1.0
  [ WARNING ] Empty bin when HT - 677.264, Jet6PT - 92.2548 and sf = 0
  [ WARNING ] Change sf [ 0 ] into -> 1.0
  [ WARNING ] Empty bin when HT - 694.921, Jet6PT - 92.4426 and sf = 0
  [ WARNING ] Change sf [ 0 ] into -> 1.0
  [ WARNING ] Empty bin when HT - 663.896, Jet6PT - 91.0796 and sf = 0
  [ WARNING ] Change sf [ 0 ] into -> 1.0
  [ WARNING ] Empty bin when HT - 649.08, Jet6PT - 90.0399 and sf = 0
  [ WARNING ] Change sf [ 0 ] into -> 1.0
  [ WARNING ] Empty bin when HT - 695.038, Jet6PT - 96.1561 and sf = 0
  [ WARNING ] Change sf [ 0 ] into -> 1.0
  [ WARNING ] Empty bin when HT - 699.005, Jet6PT - 93.4473 and sf = 0
  [ WARNING ] Change sf [ 0 ] into -> 1.0
  [ WARNING ] Empty bin when HT - 692.428, Jet6PT - 91.1584 and sf = 0
  [ WARNING ] Change sf [ 0 ] into -> 1.0
  [ WARNING ] Empty bin when HT - 659.566, Jet6PT - 93.5611 and sf = 0
  [ WARNING ] Change sf [ 0 ] into -> 1.0
  [ WARNING ] Empty bin when HT - 698.936, Jet6PT - 94.8735 and sf = 0
  [ WARNING ] Change sf [ 0 ] into -> 1.0
  [ WARNING ] Empty bin when HT - 698.697, Jet6PT - 90.8258 and sf = 0
  [ WARNING ] Change sf [ 0 ] into -> 1.0
  [ WARNING ] Empty bin when HT - 698.098, Jet6PT - 96.8224 and sf = 0
  [ WARNING ] Change sf [ 0 ] into -> 1.0
  [ WARNING ] Empty bin when HT - 689.918, Jet6PT - 92.2992 and sf = 0
  [ WARNING ] Change sf [ 0 ] into -> 1.0
  [ WARNING ] Empty bin when HT - 690.985, Jet6PT - 94.2921 and sf = 0
  [ WARNING ] Change sf [ 0 ] into -> 1.0
  [ WARNING ] Empty bin when HT - 690.016, Jet6PT - 90.9858 and sf = 0
  [ WARNING ] Change sf [ 0 ] into -> 1.0
  [ WARNING ] Empty bin when HT - 682.477, Jet6PT - 93.9252 and sf = 0
  [ WARNING ] Change sf [ 0 ] into -> 1.0
  [ WARNING ] Empty bin when HT - 699.25, Jet6PT - 91.2926 and sf = 0
  [ WARNING ] Change sf [ 0 ] into -> 1.0
  [ WARNING ] Empty bin when HT - 657.086, Jet6PT - 94.7483 and sf = 0
  [ WARNING ] Change sf [ 0 ] into -> 1.0
  [ WARNING ] Empty bin when HT - 687.762, Jet6PT - 96.1382 and sf = 0
  [ WARNING ] Change sf [ 0 ] into -> 1.0
  [ WARNING ] Empty bin when HT - 680.992, Jet6PT - 90.3214 and sf = 0
  [ WARNING ] Change sf [ 0 ] into -> 1.0
  [ WARNING ] Empty bin when HT - 668.303, Jet6PT - 90.3081 and sf = 0
  [ WARNING ] Change sf [ 0 ] into -> 1.0
  [ WARNING ] Empty bin when HT - 638.087, Jet6PT - 90.8634 and sf = 0
  [ WARNING ] Change sf [ 0 ] into -> 1.0
  [ WARNING ] Empty bin when HT - 650.252, Jet6PT - 90.8069 and sf = 0
  [ WARNING ] Change sf [ 0 ] into -> 1.0
  [ WARNING ] Empty bin when HT - 684.516, Jet6PT - 90.6328 and sf = 0
  [ WARNING ] Change sf [ 0 ] into -> 1.0
  [ WARNING ] Empty bin when HT - 690.335, Jet6PT - 90.0842 and sf = 0
  [ WARNING ] Change sf [ 0 ] into -> 1.0
Event loop completed.
Output name --> Validation_ttHH.root
