Welcome to the [ bash_profile ]
Agent pid 43005
Sample Name: TTToSemiLeptonic
Data or MC : MC
Weight : 0.0104954
Event loop completed.
bin  r_file(FromHist)  r_implied(ReW/WithSF)  NoSF/WithSF
8  0.930655  0.930655  0.930641
9  0.903196  0.903196  0.903175
10  0.871626  0.871626  0.871622
11  0.840855  0.840855  0.840858
12  0.810555  0.810555  0.810556
13  0.78316  0.78316  0.78316
14  0.749599  0.749599  0.749599
15  0.703878  0.703878  0.703878
16  0.845826  0.845826  0.845826
17  0.74535  0.74535  0.74535

=== nJets bin-by-bin summary ===
bin  range      count   NoSF_sum        WithSF_sum      ratio(NoSF/WithSF)   ReW_sum         delta(ReW/NoSF)
  8  [7,8):  493226     3694.134701     3969.451438            0.930641     3694.190312  0.001505 %
  9  [8,9):  241344     1864.073842     2063.912726            0.903175     1864.116934  0.002312 %
 10  [9,10):   80713      646.827450      742.096216            0.871622      646.830326  0.000445 %
 11  [10,11):   21538      180.215587      214.323522            0.840858      180.215057  -0.000294 %
 12  [11,12):    4911       42.670791       52.643869            0.810556       42.670756  -0.000081 %
 13  [12,13):    1070        9.561801       12.209249            0.783160        9.561798  -0.000036 %
 14  [13,14):     217        2.018115        2.692259            0.749599        2.018115  -0.000002 %
 15  [14,15):      44        0.424820        0.603542            0.703878        0.424820  0.000010 %
 16  [15,16):      13        0.118271        0.139828            0.845826        0.118271  0.000006 %
 17  [16,17):       4        0.040352        0.054139            0.745350        0.040352  -0.000006 %
===============================================================

--------------------------------------
