Welcome to the [ bash_profile ]
Agent pid 42807
Sample Name: TTTo2L2Nu
Data or MC : MC
Weight : 0.14196
Event loop completed.
bin  r_file(FromHist)  r_implied(ReW/WithSF)  NoSF/WithSF
8  0.859063  0.859063  0.859063
9  0.824117  0.824117  0.824117
10  0.797645  0.797645  0.797646
11  0.752462  0.752462  0.752461
12  0.73632  0.73632  0.736319
13  0.695349  0.695349  0.695349
14  0.755265  0.755265  0.755265
15  0.719451  0.719451  0.719451

=== nJets bin-by-bin summary ===
bin  range      count   NoSF_sum        WithSF_sum      ratio(NoSF/WithSF)   ReW_sum         delta(ReW/NoSF)
  8  [7,8):   60192     6146.859557     7155.310613            0.859063     6146.864091  0.000074 %
  9  [8,9):   25881     2728.309859     3310.586715            0.824117     2728.310216  0.000013 %
 10  [9,10):    8046      885.568660     1110.227270            0.797646      885.567068  -0.000180 %
 11  [10,11):    2007      231.635693      307.837319            0.752461      231.635875  0.000079 %
 12  [11,12):     443       53.251191       72.320785            0.736319       53.251207  0.000031 %
 13  [12,13):     119       14.933002       21.475561            0.695349       14.933007  0.000029 %
 14  [13,14):      27        3.437380        4.551223            0.755265        3.437380  -0.000014 %
 15  [14,15):       4        0.516098        0.717349            0.719451        0.516098  -0.000009 %
===============================================================

--------------------------------------
