Welcome to the [ bash_profile ]
Agent pid 42569
Sample Name: ttTohadronic
Data or MC : MC
Weight : 0.0674599
Event loop completed.
bin  r_file(FromHist)  r_implied(ReW/WithSF)  NoSF/WithSF
8  0.931186  0.931186  0.931192
9  0.914657  0.914657  0.91466
10  0.894356  0.894356  0.894355
11  0.865734  0.865734  0.865734
12  0.775078  0.775078  0.775078
13  0.803674  0.803674  0.803674
14  0.741953  0.741953  0.741953
15  0.878933  0.878933  0.878933
16  0.775916  0.775916  0.775916

=== nJets bin-by-bin summary ===
bin  range      count   NoSF_sum        WithSF_sum      ratio(NoSF/WithSF)   ReW_sum         delta(ReW/NoSF)
  8  [7,8):   18684      895.201237      961.349868            0.931192      895.195271  -0.000666 %
  9  [8,9):   12566      616.150254      673.638458            0.914660      616.148008  -0.000364 %
 10  [9,10):    5109      257.156776      287.533201            0.894355      257.157098  0.000125 %
 11  [10,11):    1624       85.411178       98.657579            0.865734       85.411172  -0.000007 %
 12  [11,12):     381       20.459758       26.397021            0.775078       20.459754  -0.000023 %
 13  [12,13):     111        6.242967        7.768031            0.803674        6.242965  -0.000036 %
 14  [13,14):      20        1.127602        1.519774            0.741953        1.127602  -0.000006 %
 15  [14,15):       2        0.121763        0.138535            0.878933        0.121763  0.000004 %
 16  [15,16):       2        0.130595        0.168311            0.775916        0.130595  0.000006 %
===============================================================

--------------------------------------
