Welcome to the [ bash_profile ]
Agent pid 43099
Sample Name: tttt
Data or MC : MC
Weight : 3.24234e-05
Event loop completed.
bin  r_file(FromHist)  r_implied(ReW/WithSF)  NoSF/WithSF
8  0.883408  0.883408  0.883428
9  0.865701  0.865701  0.865718
10  0.847452  0.847452  0.847451
11  0.827773  0.827773  0.827777
12  0.804076  0.804076  0.804071
13  0.781439  0.781439  0.78144
14  0.758364  0.758364  0.758365
15  0.727295  0.727295  0.727294
16  0.726911  0.726911  0.726911
17  0.635298  0.635298  0.635298
18  0.760746  0.760746  0.760746
19  0.691395  0.691395  0.691395
20  0.511813  0.511813  0.511813

=== nJets bin-by-bin summary ===
bin  range      count   NoSF_sum        WithSF_sum      ratio(NoSF/WithSF)   ReW_sum         delta(ReW/NoSF)
  8  [7,8):  339972        8.020789        9.079170            0.883428        8.020616  -0.002157 %
  9  [8,9):  412875       10.070625       11.632679            0.865718       10.070424  -0.001998 %
 10  [9,10):  330858        8.361455        9.866588            0.847451        8.361455  0.000001 %
 11  [10,11):  196880        5.158433        6.231668            0.827777        5.158405  -0.000532 %
 12  [11,12):   93185        2.531402        3.148230            0.804071        2.531417  0.000587 %
 13  [12,13):   36385        1.021884        1.307694            0.781440        1.021883  -0.000110 %
 14  [13,14):   12435        0.359054        0.473458            0.758365        0.359053  -0.000055 %
 15  [14,15):    3571        0.105472        0.145019            0.727294        0.105472  0.000015 %
 16  [15,16):    1025        0.030471        0.041918            0.726911        0.030471  0.000037 %
 17  [16,17):     246        0.007441        0.011713            0.635298        0.007441  -0.000009 %
 18  [17,18):      52        0.001553        0.002041            0.760746        0.001553  0.000019 %
 19  [18,19):      18        0.000559        0.000808            0.691395        0.000559  -0.000011 %
 20  [19,20):       3        0.000099        0.000193            0.511813        0.000099  -0.000004 %
===============================================================

--------------------------------------
