Welcome to the [ bash_profile ]
Agent pid 43110
Sample Name: tttW
Data or MC : MC
Weight : 8.45385e-05
Event loop completed.
bin  r_file(FromHist)  r_implied(ReW/WithSF)  NoSF/WithSF
8  0.914107  0.914107  0.914107
9  0.896122  0.896122  0.896122
10  0.87465  0.87465  0.874651
11  0.86653  0.86653  0.866531
12  0.831116  0.831116  0.831115
13  0.821073  0.821073  0.821073
14  0.764312  0.764312  0.764312
15  0.586896  0.586896  0.586896
16  0.940624  0.940624  0.940624

=== nJets bin-by-bin summary ===
bin  range      count   NoSF_sum        WithSF_sum      ratio(NoSF/WithSF)   ReW_sum         delta(ReW/NoSF)
  8  [7,8):   11704        0.725552        0.793728            0.914107        0.725552  -0.000028 %
  9  [8,9):   10478        0.670993        0.748774            0.896122        0.670993  -0.000042 %
 10  [9,10):    6086        0.401580        0.459131            0.874651        0.401579  -0.000101 %
 11  [10,11):    2585        0.177771        0.205152            0.866531        0.177771  -0.000010 %
 12  [11,12):     876        0.062961        0.075754            0.831115        0.062961  0.000073 %
 13  [12,13):     242        0.017847        0.021736            0.821073        0.017847  0.000000 %
 14  [13,14):      67        0.004999        0.006541            0.764312        0.004999  0.000008 %
 15  [14,15):      16        0.001180        0.002010            0.586896        0.001180  -0.000007 %
 16  [15,16):       3        0.000245        0.000260            0.940624        0.000245  -0.000002 %
===============================================================

--------------------------------------
