Welcome to the [ bash_profile ]
Agent pid 43341
Sample Name: ttWH
Data or MC : MC
Weight : 0.000131699
Event loop completed.
bin  r_file(FromHist)  r_implied(ReW/WithSF)  NoSF/WithSF
8  0.905653  0.905653  0.905655
9  0.899092  0.899092  0.899092
10  0.871627  0.871627  0.871628
11  0.869272  0.869272  0.869272
12  0.821845  0.821845  0.821845
13  0.839243  0.839243  0.839243
14  0.818515  0.818515  0.818515
15  0.848803  0.848803  0.848803

=== nJets bin-by-bin summary ===
bin  range      count   NoSF_sum        WithSF_sum      ratio(NoSF/WithSF)   ReW_sum         delta(ReW/NoSF)
  8  [7,8):    6516        0.630724        0.696428            0.905655        0.630722  -0.000295 %
  9  [8,9):    4557        0.453433        0.504324            0.899092        0.453433  -0.000017 %
 10  [9,10):    1982        0.202174        0.231950            0.871628        0.202174  -0.000061 %
 11  [10,11):     599        0.063304        0.072824            0.869272        0.063304  -0.000021 %
 12  [11,12):     147        0.016277        0.019805            0.821845        0.016277  0.000003 %
 13  [12,13):      38        0.004198        0.005002            0.839243        0.004198  -0.000014 %
 14  [13,14):       8        0.000954        0.001165            0.818515        0.000954  0.000004 %
 15  [14,15):       3        0.000336        0.000396            0.848803        0.000336  0.000014 %
===============================================================

--------------------------------------
