Welcome to the [ bash_profile ]
Agent pid 43365
Sample Name: ttWW
Data or MC : MC
Weight : 0.000415513
Event loop completed.
bin  r_file(FromHist)  r_implied(ReW/WithSF)  NoSF/WithSF
8  0.897011  0.897011  0.897011
9  0.878426  0.878426  0.878424
10  0.869372  0.869372  0.869371
11  0.816175  0.816175  0.816175
12  0.809993  0.809993  0.809993
13  0.748515  0.748515  0.748515
14  0.705015  0.705015  0.705015
15  1.07318  1.07318  1.07318
17  0.406105  0.406105  0.406105

=== nJets bin-by-bin summary ===
bin  range      count   NoSF_sum        WithSF_sum      ratio(NoSF/WithSF)   ReW_sum         delta(ReW/NoSF)
  8  [7,8):   12682        3.891445        4.338234            0.897011        3.891443  -0.000053 %
  9  [8,9):    8855        2.795601        3.182518            0.878424        2.795605  0.000159 %
 10  [9,10):    3841        1.250701        1.438628            0.869371        1.250702  0.000099 %
 11  [10,11):    1362        0.462715        0.566931            0.816175        0.462715  -0.000050 %
 12  [11,12):     355        0.122565        0.151316            0.809993        0.122565  -0.000006 %
 13  [12,13):     101        0.037095        0.049558            0.748515        0.037095  0.000018 %
 14  [13,14):      22        0.008555        0.012135            0.705015        0.008555  -0.000013 %
 15  [14,15):       5        0.001881        0.001753            1.073177        0.001881  0.000004 %
 17  [16,17):       1        0.000370        0.000911            0.406105        0.000370  0.000007 %
===============================================================

--------------------------------------
