Welcome to the [ bash_profile ]
Agent pid 43557
Sample Name: ttWZ
Data or MC : MC
Weight : 0.000290123
Event loop completed.
bin  r_file(FromHist)  r_implied(ReW/WithSF)  NoSF/WithSF
8  0.906424  0.906424  0.906426
9  0.892906  0.892906  0.892905
10  0.872753  0.872753  0.872752
11  0.837212  0.837212  0.837212
12  0.74559  0.74559  0.74559
13  0.897956  0.897956  0.897956
14  0.738168  0.738168  0.738168

=== nJets bin-by-bin summary ===
bin  range      count   NoSF_sum        WithSF_sum      ratio(NoSF/WithSF)   ReW_sum         delta(ReW/NoSF)
  8  [7,8):    4848        1.046774        1.154837            0.906426        1.046772  -0.000143 %
  9  [8,9):    3031        0.672107        0.752719            0.892905        0.672108  0.000089 %
 10  [9,10):    1145        0.259474        0.297305            0.872752        0.259474  0.000035 %
 11  [10,11):     329        0.078148        0.093343            0.837212        0.078148  -0.000005 %
 12  [11,12):      77        0.019126        0.025652            0.745590        0.019126  0.000010 %
 13  [12,13):      13        0.003342        0.003722            0.897956        0.003342  0.000000 %
 14  [13,14):       2        0.000519        0.000703            0.738168        0.000519  -0.000001 %
===============================================================

--------------------------------------
