Welcome to the [ bash_profile ]
Agent pid 43600
Sample Name: ttZtobb
Data or MC : MC
Weight : 0.000739973
Event loop completed.
bin  r_file(FromHist)  r_implied(ReW/WithSF)  NoSF/WithSF
8  0.939453  0.939453  0.939458
9  0.919559  0.919559  0.919559
10  0.889055  0.889055  0.889054
11  0.873404  0.873404  0.873403
12  0.82083  0.82083  0.820831
13  0.847611  0.847611  0.847611
14  0.767873  0.767873  0.767873
15  0.757465  0.757465  0.757465
16  0.776517  0.776517  0.776517

=== nJets bin-by-bin summary ===
bin  range      count   NoSF_sum        WithSF_sum      ratio(NoSF/WithSF)   ReW_sum         delta(ReW/NoSF)
  8  [7,8):   45798       24.133239       25.688472            0.939458       24.133122  -0.000486 %
  9  [8,9):   27277       14.787429       16.081008            0.919559       14.787442  0.000085 %
 10  [9,10):   10613        5.946456        6.688520            0.889054        5.946461  0.000092 %
 11  [10,11):    3075        1.773365        2.030408            0.873403        1.773367  0.000086 %
 12  [11,12):     873        0.528412        0.643752            0.820831        0.528411  -0.000077 %
 13  [12,13):     179        0.113928        0.134410            0.847611        0.113928  -0.000018 %
 14  [13,14):      46        0.030318        0.039483            0.767873        0.030318  -0.000002 %
 15  [14,15):      11        0.007824        0.010329            0.757465        0.007824  0.000003 %
 16  [15,16):       1        0.000672        0.000866            0.776517        0.000672  0.000009 %
===============================================================

--------------------------------------
