Welcome to the [ bash_profile ]
Agent pid 43782
Sample Name: ttZZto4b
Data or MC : MC
Weight : 1.87951e-07
Event loop completed.
bin  r_file(FromHist)  r_implied(ReW/WithSF)  NoSF/WithSF
8  0.964991  0.964991  0.964981
9  0.944986  0.944986  0.944986
10  0.927346  0.927346  0.927347
11  0.903441  0.903441  0.903438
12  0.882431  0.882431  0.882433
13  0.86236  0.86236  0.86236
14  0.897434  0.897434  0.897434
15  0.70144  0.70144  0.70144
16  0.864117  0.864117  0.864117
17  0.54296  0.54296  0.54296
18  0.717694  0.717694  0.717694

=== nJets bin-by-bin summary ===
bin  range      count   NoSF_sum        WithSF_sum      ratio(NoSF/WithSF)   ReW_sum         delta(ReW/NoSF)
  8  [7,8):  164363        0.022591        0.023411            0.964981        0.022591  0.001027 %
  9  [8,9):  117930        0.016684        0.017655            0.944986        0.016684  0.000052 %
 10  [9,10):   53630        0.007842        0.008456            0.927347        0.007842  -0.000133 %
 11  [10,11):   18100        0.002751        0.003045            0.903438        0.002751  0.000342 %
 12  [11,12):    5050        0.000799        0.000906            0.882433        0.000799  -0.000288 %
 13  [12,13):    1242        0.000204        0.000237            0.862360        0.000204  0.000034 %
 14  [13,14):     296        0.000050        0.000056            0.897434        0.000050  0.000013 %
 15  [14,15):      48        0.000008        0.000012            0.701440        0.000008  0.000001 %
 16  [15,16):      17        0.000003        0.000003            0.864117        0.000003  0.000003 %
 17  [16,17):       1        0.000000        0.000000            0.542960        0.000000  0.000004 %
 18  [17,18):       1        0.000000        0.000000            0.717694        0.000000  -0.000002 %
===============================================================

--------------------------------------
