$ python3 consolidate_prescan.py
[prescan] input base : /pnfs/knu.ac.kr/data/cms/store/user/junghyun/ttHH/AnalyzerOutput_prescan
[prescan] samples    : 39
  [  1/39] BTagCSV_B ...
  [  2/39] BTagCSV_C ...
  [  3/39] BTagCSV_D ...
  [  4/39] BTagCSV_E ...
  [  5/39] BTagCSV_F ...
  [  6/39] JetHT_B ...
  [  7/39] JetHT_C ...
  [  8/39] JetHT_D ...
  [  9/39] JetHT_E ...
  [ 10/39] JetHT_F ...
  [ 11/39] QCD_HT1000to1500 ...
  [ 12/39] QCD_HT1500to2000 ...
  [ 13/39] QCD_HT2000toInf ...
  [ 14/39] QCD_HT200to300 ...
  [ 15/39] QCD_HT300to500 ...
  [ 16/39] QCD_HT500to700 ...
  [ 17/39] QCD_HT700to1000 ...
  [ 18/39] SingleMuon_B ...
  [ 19/39] SingleMuon_C ...
  [ 20/39] SingleMuon_D ...
  [ 21/39] SingleMuon_E ...
  [ 22/39] SingleMuon_F ...
  [ 23/39] TTTo2L2Nu ...
  [ 24/39] TTToHadronic ...
  [ 25/39] TTToSemiLeptonic ...
  [ 26/39] tt4b ...
  [ 27/39] ttHH ...
  [ 28/39] ttHtobb ...
  [ 29/39] ttWH ...
  [ 30/39] ttWW ...
  [ 31/39] ttWZ ...
  [ 32/39] ttZHto4b ...
  [ 33/39] ttZZto4b ...
  [ 34/39] ttZtobb ...
  [ 35/39] ttbb_2L2Nu ...
  [ 36/39] ttbb_Hadronic ...
  [ 37/39] ttbb_SemiLeptonic ...
  [ 38/39] tttW ...
  [ 39/39] tttt ...

────────────────────────────────────────────────────────────────────────────────────────────────────────────────────────────────────────
  PRESCAN CONSOLIDATED SUMMARY
────────────────────────────────────────────────────────────────────────────────────────────────────────────────────────────────────────
Sample                  Type  Jobs ok/found              nEvents               ΣgenW(Events)                 ΣgenW(Runs)     skim%   chk
────────────────────────────────────────────────────────────────────────────────────────────────────────────────────────────────────────
BTagCSV_B               Data  3/3                      1,808,836                 1,808,836.0                         0.0         —    OK
BTagCSV_C               Data  27/27                   34,491,540                34,491,540.0                         0.0         —    OK
BTagCSV_D               Data  8/8                      7,967,055                 7,967,055.0                         0.0         —    OK
BTagCSV_E               Data  12/12                   17,175,226                17,175,226.0                         0.0         —    OK
BTagCSV_F               Data  78/78                   75,677,461                75,677,461.0                         0.0         —    OK
JetHT_B                 Data  33/33                   63,043,590                63,043,590.0                         0.0         —    OK
JetHT_C                 Data  66/66                   96,264,601                96,264,601.0                         0.0         —    OK
JetHT_D                 Data  37/37                   46,145,204                46,145,204.0                         0.0         —    OK
JetHT_E                 Data  58/58                   89,630,771                89,630,771.0                         0.0         —    OK
JetHT_F                 Data  66/66                  115,429,972               115,429,972.0                         0.0         —    OK
QCD_HT1000to1500        MC    43/43                   14,164,109                14,164,109.0                14,164,109.0   +0.0000    OK
QCD_HT1500to2000        MC    46/46                   12,402,197                12,402,197.0                12,402,197.0   +0.0000    OK
QCD_HT2000toInf         MC    31/31                    5,614,050                 5,614,050.0                 5,614,050.0   +0.0000    OK
QCD_HT200to300          MC    77/77                   60,056,309                60,056,309.0                60,056,309.0   +0.0000    OK
QCD_HT300to500          MC    66/66                   54,770,756                54,770,756.0                54,770,756.0   +0.0000    OK
QCD_HT500to700          MC    74/74                   60,395,873                60,395,873.0                60,395,873.0   +0.0000    OK
QCD_HT700to1000         MC    85/85                   47,501,834                47,501,834.0                47,501,834.0   +0.0000    OK
SingleMuon_B            Data  79/79                  136,300,266               136,300,266.0                         0.0         —    OK
SingleMuon_C            Data  117/117                165,652,756               165,652,756.0                         0.0         —    OK
SingleMuon_D            Data  47/47                   70,361,660                70,361,660.0                         0.0         —    OK
SingleMuon_E            Data  78/78                  154,618,774               154,618,774.0                         0.0         —    OK
SingleMuon_F            Data  115/115                242,140,980               242,140,980.0                         0.0         —    OK
TTTo2L2Nu               MC    99/99                  106,724,000        7,695,841,652.167358        7,695,841,311.017002   +0.0000    OK
TTToHadronic            MC    199/199                232,999,999        73,140,766,669.42169        73,140,765,879.47006   +0.0000    OK
TTToSemiLeptonic        MC    297/297                346,052,000       104,129,959,629.04999       104,129,959,042.42809   +0.0000    OK
tt4b                    MC    14/14                    9,502,000                 9,502,000.0                 9,502,000.0   +0.0000    OK
ttHH                    MC    32/32                    9,934,000                 9,934,000.0                 9,934,000.0   +0.0000    OK
ttHtobb                 MC    46/46                    7,825,000        3,919,780.8296052217            3,919,780.948356   -0.0000    OK
ttWH                    MC    11/11                      360,000                   360,000.0                   360,000.0   +0.0000    OK
ttWW                    MC    9/9                        698,000                   698,000.0                   698,000.0   +0.0000    OK
ttWZ                    MC    2/2                        350,000                   350,000.0                   350,000.0   +0.0000    OK
ttZHto4b                MC    7/7                      5,000,000                 5,000,000.0                 5,000,000.0   +0.0000    OK
ttZZto4b                MC    33/33                    4,832,000                 4,832,000.0                 4,832,000.0   +0.0000    OK
ttZtobb                 MC    26/26                    7,074,000          794,582.7077516913          794,582.7253137003   -0.0000    OK
ttbb_2L2Nu              MC    7/7                      3,472,503         15,930,890.41240549        15,930,889.901690006   +0.0000    OK
ttbb_Hadronic           MC    9/9                      5,694,656         113,736,165.6780777        113,736,166.15320005   -0.0000    OK
ttbb_SemiLeptonic       MC    12/12                    7,318,891         153,797,755.7116127        153,797,754.09350008   +0.0000    OK
tttW                    MC    5/5                        360,000                   360,000.0                   360,000.0   +0.0000    OK
tttt                    MC    30/30                   10,351,000          84,047.03376162797          84,047.03675157602   -0.0000    OK
────────────────────────────────────────────────────────────────────────────────────────────────────────────────────────────────────────

─────────────────────────────────────────────────────────────────────────────────────────────────────────────────
  EXPANDED genTtbarId %% 100 — RAW EVENT COUNTS (stitching partition)
  1b/2b = additional b-jets; tt+bbb/tt+4b = expanded (>=3 b-jets, from §5)
─────────────────────────────────────────────────────────────────────────────────────────────────────────────────
Sample                      LF(0)  cc(41-45)   1b(51,52)   2b(53-55)  tt+bbb(61,62)  tt+4b(71,72)     lt0   other
─────────────────────────────────────────────────────────────────────────────────────────────────────────────────
QCD_HT1000to1500        8,778,352  3,563,372   1,215,724     606,661              0             0       0       0
QCD_HT1500to2000        7,422,232  3,288,829   1,138,780     552,356              0             0       0       0
QCD_HT2000toInf         3,292,434  1,534,263     536,746     250,607              0             0       0       0
QCD_HT200to300         45,974,991  9,547,064   3,302,703   1,231,551              0             0       0       0
QCD_HT300to500         39,483,934 10,270,118   3,466,407   1,550,297              0             0       0       0
QCD_HT500to700         40,797,642 13,067,738   4,380,698   2,149,795              0             0       0       0
QCD_HT700to1000        30,695,729 11,153,101   3,764,573   1,888,431              0             0       0       0
TTTo2L2Nu              97,661,457  6,877,886   1,802,014     374,084          7,673           886       0       0
TTToHadronic          206,860,997 20,445,685   4,692,133     976,087         22,386         2,711       0       0
TTToSemiLeptonic      311,921,759 26,367,647   6,405,078   1,325,354         28,813         3,349       0       0
tt4b                      902,285     82,391   3,152,285   3,482,869      1,585,810       296,360       0       0
ttHH                       16,911      1,634     286,066   9,629,389              0             0       0       0
ttHtobb                   296,416     31,929   2,617,004   4,879,651              0             0       0       0
ttWH                      126,262     27,764      73,989     131,985              0             0       0       0
ttWW                      606,317     72,074      15,880       3,729              0             0       0       0
ttWZ                      231,494     62,924      26,197      29,385              0             0       0       0
ttZHto4b                   11,829        970     182,008   4,805,193              0             0       0       0
ttZZto4b                   23,064      1,776     266,761   4,540,399              0             0       0       0
ttZtobb                   377,572     37,296   2,596,940   4,062,192              0             0       0       0
ttbb_2L2Nu              1,661,972    107,774   1,379,757     311,762          9,953         1,285       0       0
ttbb_Hadronic           2,545,506    237,091   2,326,156     562,513         20,631         2,759       0       0
ttbb_SemiLeptonic       3,381,121    267,336   2,954,484     689,406         23,468         3,076       0       0
tttW                       60,841      7,396     219,575      72,188              0             0       0       0
tttt                      618,544    113,708   4,059,930   5,558,818              0             0       0       0
─────────────────────────────────────────────────────────────────────────────────────────────────────────────────

────────────────────────────────────────────────────────────────────────────────────────
  EXPANDED PARTITION CHECK — NanoAOD ttCat(2b+)  vs  expanded id(2b + tt+nb)
  diff>0 => some tt+nb had a NanoAOD 1b/LF label (expected, small, algorithmic)
────────────────────────────────────────────────────────────────────────────────────────
Sample                     ttCat 2b+     id 2b+tt+nb tt+nb->1b   tt+nb(61-72)  tt+nb/2b+
────────────────────────────────────────────────────────────────────────────────────────
QCD_HT1000to1500             606,661         606,661         0              0     0.0000
QCD_HT1500to2000             552,356         552,356         0              0     0.0000
QCD_HT2000toInf              250,607         250,607         0              0     0.0000
QCD_HT200to300             1,231,551       1,231,551         0              0     0.0000
QCD_HT300to500             1,550,297       1,550,297         0              0     0.0000
QCD_HT500to700             2,149,795       2,149,795         0              0     0.0000
QCD_HT700to1000            1,888,431       1,888,431         0              0     0.0000
TTTo2L2Nu                    382,643         382,643         0          8,559     0.0224
TTToHadronic               1,001,184       1,001,184         0         25,097     0.0251
TTToSemiLeptonic           1,357,516       1,357,516         0         32,162     0.0237
tt4b                       5,365,039       5,365,039         0      1,882,170     0.3508
ttHH                       9,629,389       9,629,389         0              0     0.0000
ttHtobb                    4,879,651       4,879,651         0              0     0.0000
ttWH                         131,985         131,985         0              0     0.0000
ttWW                           3,729           3,729         0              0     0.0000
ttWZ                          29,385          29,385         0              0     0.0000
ttZHto4b                   4,805,193       4,805,193         0              0     0.0000
ttZZto4b                   4,540,399       4,540,399         0              0     0.0000
ttZtobb                    4,062,192       4,062,192         0              0     0.0000
ttbb_2L2Nu                   323,000         323,000         0         11,238     0.0348
ttbb_Hadronic                585,903         585,903         0         23,390     0.0399
ttbb_SemiLeptonic            715,950         715,950         0         26,544     0.0371
tttW                          72,188          72,188         0              0     0.0000
tttt                       5,558,818       5,558,818         0              0     0.0000
────────────────────────────────────────────────────────────────────────────────────────

  No anomalies: every job valid, every cross-check passed.

  Wrote ./prescan_summary/prescan_summary.json
  Wrote ./prescan_summary/prescan_summary.csv
