[2026-02-02 16:54:13] ╔══════════════════════════════════════════════════════════════╗
[2026-02-02 16:54:13] ║  B-Tag Reweight: Python job pool                            ║
[2026-02-02 16:54:13] ╠══════════════════════════════════════════════════════════════╣
[2026-02-02 16:54:13]   Samples        : 32
[2026-02-02 16:54:13]   Max parallel   : 6
[2026-02-02 16:54:13]   Min free mem   : 4000 MB
[2026-02-02 16:54:13]   Retries        : 1
[2026-02-02 16:54:13]   Log dir        : logs/
[2026-02-02 16:54:13] ╚══════════════════════════════════════════════════════════════╝
[2026-02-02 16:54:13] 
[2026-02-02 16:54:13]   [launch] BTagCSV_B  (PID 56909)
[2026-02-02 16:54:13]   [launch] BTagCSV_C  (PID 56912)
[2026-02-02 16:54:13]   [launch] BTagCSV_D  (PID 56915)
[2026-02-02 16:54:13]   [launch] BTagCSV_E  (PID 56918)
[2026-02-02 16:54:13]   [launch] BTagCSV_F  (PID 56921)
[2026-02-02 16:54:13]   [launch] JetHT_B  (PID 56924)
[2026-02-02 16:54:13]   [heartbeat] queue=26 running=6 done=0 fail=0 mem=17064MB | [BTagCSV_B(pid=56909), BTagCSV_C(pid=56912), BTagCSV_D(pid=56915), BTagCSV_E(pid=56918), BTagCSV_F(pid=56921), JetHT_B(pid=56924)]
[2026-02-02 16:54:13]   [wait] concurrency limit (6/6)  (queue=26)
[2026-02-02 16:54:15]   [wait] concurrency limit (6/6)  (queue=26)
[2026-02-02 16:54:15]   ✓ BTagCSV_B  (rc=0, elapsed=2s)  [1/32]
[2026-02-02 16:54:15]   ✓ BTagCSV_C  (rc=0, elapsed=2s)  [2/32]
[2026-02-02 16:54:15]   ✓ BTagCSV_D  (rc=0, elapsed=2s)  [3/32]
[2026-02-02 16:54:15]   ✓ BTagCSV_E  (rc=0, elapsed=2s)  [4/32]
[2026-02-02 16:54:15]   [launch] JetHT_C  (PID 56940)
[2026-02-02 16:54:15]   [launch] JetHT_D  (PID 56943)
[2026-02-02 16:54:15]   [launch] JetHT_E  (PID 56946)
[2026-02-02 16:54:15]   [launch] JetHT_F  (PID 56949)
[2026-02-02 16:54:15]   [wait] concurrency limit (6/6)  (queue=22)
[2026-02-02 16:54:17]   [wait] concurrency limit (6/6)  (queue=22)
[2026-02-02 16:54:17]   ✓ BTagCSV_F  (rc=0, elapsed=4s)  [5/32]
[2026-02-02 16:54:17]   ✓ JetHT_B  (rc=0, elapsed=4s)  [6/32]
[2026-02-02 16:54:17]   [launch] TTToHadronic  (PID 56954)
[2026-02-02 16:54:17]   [launch] TTTo2L2Nu  (PID 56957)
[2026-02-02 16:54:17]   [wait] concurrency limit (6/6)  (queue=20)
[2026-02-02 16:54:19]   [wait] concurrency limit (6/6)  (queue=20)
[2026-02-02 16:54:19]   ✓ JetHT_D  (rc=0, elapsed=6s)  [7/32]
[2026-02-02 16:54:19]   [launch] TTToSemiLeptonic  (PID 56962)
[2026-02-02 16:54:19]   [wait] concurrency limit (6/6)  (queue=19)
[2026-02-02 16:54:21]   [wait] concurrency limit (6/6)  (queue=19)
[2026-02-02 16:54:21]   ✓ JetHT_C  (rc=0, elapsed=8s)  [8/32]
[2026-02-02 16:54:21]   ✓ JetHT_E  (rc=0, elapsed=8s)  [9/32]
[2026-02-02 16:54:21]   [launch] ttHH  (PID 56967)
[2026-02-02 16:54:21]   [launch] tt4b  (PID 56970)
[2026-02-02 16:54:21]   [wait] concurrency limit (6/6)  (queue=17)
[2026-02-02 16:54:23]   [wait] concurrency limit (6/6)  (queue=17)
[2026-02-02 16:54:25]   [wait] concurrency limit (6/6)  (queue=17)
[2026-02-02 16:54:25]   ✓ JetHT_F  (rc=0, elapsed=12s)  [10/32]
[2026-02-02 16:54:25]   [launch] ttHtobb  (PID 56977)
[2026-02-02 16:54:25]   [wait] concurrency limit (6/6)  (queue=16)
[2026-02-02 16:54:27]   [wait] concurrency limit (6/6)  (queue=16)
[2026-02-02 16:54:29]   [wait] concurrency limit (6/6)  (queue=16)
[2026-02-02 16:54:31]   [wait] concurrency limit (6/6)  (queue=16)
[2026-02-02 16:54:33]   [wait] concurrency limit (6/6)  (queue=16)
[2026-02-02 16:54:35]   [wait] concurrency limit (6/6)  (queue=16)
[2026-02-02 16:54:35]   ✓ TTTo2L2Nu  (rc=0, elapsed=22s)  [11/32]
[2026-02-02 16:54:35]   [launch] tttt  (PID 56990)
[2026-02-02 16:54:35]   [wait] concurrency limit (6/6)  (queue=15)
[2026-02-02 16:54:37]   [wait] concurrency limit (6/6)  (queue=15)
[2026-02-02 16:54:39]   [wait] concurrency limit (6/6)  (queue=15)
[2026-02-02 16:54:41]   [wait] concurrency limit (6/6)  (queue=15)
[2026-02-02 16:54:43]   [wait] concurrency limit (6/6)  (queue=15)
[2026-02-02 16:54:43]   [heartbeat] queue=15 running=6 done=11 fail=0 mem=16584MB | [TTToHadronic(pid=56954), TTToSemiLeptonic(pid=56962), ttHH(pid=56967), tt4b(pid=56970), ttHtobb(pid=56977), tttt(pid=56990)]
[2026-02-02 16:54:45]   [wait] concurrency limit (6/6)  (queue=15)
[2026-02-02 16:54:47]   [wait] concurrency limit (6/6)  (queue=15)
[2026-02-02 16:54:49]   [wait] concurrency limit (6/6)  (queue=15)
[2026-02-02 16:54:51]   [wait] concurrency limit (6/6)  (queue=15)
[2026-02-02 16:54:53]   [wait] concurrency limit (6/6)  (queue=15)
[2026-02-02 16:54:55]   [wait] concurrency limit (6/6)  (queue=15)
[2026-02-02 16:54:57]   [wait] concurrency limit (6/6)  (queue=15)
[2026-02-02 16:54:59]   [wait] concurrency limit (6/6)  (queue=15)
[2026-02-02 16:55:01]   [wait] concurrency limit (6/6)  (queue=15)
[2026-02-02 16:55:03]   [wait] concurrency limit (6/6)  (queue=15)
[2026-02-02 16:55:05]   [wait] concurrency limit (6/6)  (queue=15)
[2026-02-02 16:55:07]   [wait] concurrency limit (6/6)  (queue=15)
[2026-02-02 16:55:09]   [wait] concurrency limit (6/6)  (queue=15)
[2026-02-02 16:55:11]   [wait] concurrency limit (6/6)  (queue=15)
[2026-02-02 16:55:13]   [wait] concurrency limit (6/6)  (queue=15)
[2026-02-02 16:55:13]   [heartbeat] queue=15 running=6 done=11 fail=0 mem=16685MB | [TTToHadronic(pid=56954), TTToSemiLeptonic(pid=56962), ttHH(pid=56967), tt4b(pid=56970), ttHtobb(pid=56977), tttt(pid=56990)]
[2026-02-02 16:55:15]   [wait] concurrency limit (6/6)  (queue=15)
[2026-02-02 16:55:17]   [wait] concurrency limit (6/6)  (queue=15)
[2026-02-02 16:55:19]   [wait] concurrency limit (6/6)  (queue=15)
[2026-02-02 16:55:21]   [wait] concurrency limit (6/6)  (queue=15)
[2026-02-02 16:55:23]   [wait] concurrency limit (6/6)  (queue=15)
[2026-02-02 16:55:25]   [wait] concurrency limit (6/6)  (queue=15)
[2026-02-02 16:55:27]   [wait] concurrency limit (6/6)  (queue=15)
[2026-02-02 16:55:29]   [wait] concurrency limit (6/6)  (queue=15)
[2026-02-02 16:55:31]   [wait] concurrency limit (6/6)  (queue=15)
[2026-02-02 16:55:33]   [wait] concurrency limit (6/6)  (queue=15)
[2026-02-02 16:55:35]   [wait] concurrency limit (6/6)  (queue=15)
[2026-02-02 16:55:35]   ✓ ttHtobb  (rc=0, elapsed=82s)  [12/32]
[2026-02-02 16:55:35]   [launch] tttW  (PID 57058)
[2026-02-02 16:55:35]   [wait] concurrency limit (6/6)  (queue=14)
[2026-02-02 16:55:37]   [wait] concurrency limit (6/6)  (queue=14)
[2026-02-02 16:55:37]   ✓ tt4b  (rc=0, elapsed=84s)  [13/32]
[2026-02-02 16:55:37]   [launch] ttWH  (PID 57066)
[2026-02-02 16:55:37]   [wait] concurrency limit (6/6)  (queue=13)
[2026-02-02 16:55:39]   [wait] concurrency limit (6/6)  (queue=13)
[2026-02-02 16:55:41]   [wait] concurrency limit (6/6)  (queue=13)
[2026-02-02 16:55:43]   [wait] concurrency limit (6/6)  (queue=13)
[2026-02-02 16:55:43]   ✓ tttW  (rc=0, elapsed=90s)  [14/32]
[2026-02-02 16:55:43]   ✓ ttWH  (rc=0, elapsed=90s)  [15/32]
[2026-02-02 16:55:43]   [heartbeat] queue=13 running=4 done=15 fail=0 mem=16625MB | [TTToHadronic(pid=56954), TTToSemiLeptonic(pid=56962), ttHH(pid=56967), tttt(pid=56990)]
[2026-02-02 16:55:43]   [launch] ttWW  (PID 57077)
[2026-02-02 16:55:43]   [launch] ttWZ  (PID 57080)
[2026-02-02 16:55:43]   [wait] concurrency limit (6/6)  (queue=11)
[2026-02-02 16:55:45]   [wait] concurrency limit (6/6)  (queue=11)
[2026-02-02 16:55:47]   [wait] concurrency limit (6/6)  (queue=11)
[2026-02-02 16:55:47]   ✓ ttWZ  (rc=0, elapsed=94s)  [16/32]
[2026-02-02 16:55:47]   [launch] ttZHto4b  (PID 57090)
[2026-02-02 16:55:47]   [wait] concurrency limit (6/6)  (queue=10)
[2026-02-02 16:55:49]   [wait] concurrency limit (6/6)  (queue=10)
[2026-02-02 16:55:51]   [wait] concurrency limit (6/6)  (queue=10)
[2026-02-02 16:55:53]   [wait] concurrency limit (6/6)  (queue=10)
[2026-02-02 16:55:53]   ✓ ttWW  (rc=0, elapsed=100s)  [17/32]
[2026-02-02 16:55:53]   [launch] ttZtobb  (PID 57099)
[2026-02-02 16:55:53]   [wait] concurrency limit (6/6)  (queue=9)
[2026-02-02 16:55:55]   [wait] concurrency limit (6/6)  (queue=9)
[2026-02-02 16:55:57]   [wait] concurrency limit (6/6)  (queue=9)
[2026-02-02 16:55:59]   [wait] concurrency limit (6/6)  (queue=9)
[2026-02-02 16:56:01]   [wait] concurrency limit (6/6)  (queue=9)
[2026-02-02 16:56:03]   [wait] concurrency limit (6/6)  (queue=9)
[2026-02-02 16:56:05]   [wait] concurrency limit (6/6)  (queue=9)
[2026-02-02 16:56:07]   [wait] concurrency limit (6/6)  (queue=9)
[2026-02-02 16:56:09]   [wait] concurrency limit (6/6)  (queue=9)
[2026-02-02 16:56:11]   [wait] concurrency limit (6/6)  (queue=9)
[2026-02-02 16:56:13]   [wait] concurrency limit (6/6)  (queue=9)
[2026-02-02 16:56:13]   [heartbeat] queue=9 running=6 done=17 fail=0 mem=16621MB | [TTToHadronic(pid=56954), TTToSemiLeptonic(pid=56962), ttHH(pid=56967), tttt(pid=56990), ttZHto4b(pid=57090), ttZtobb(pid=57099)]
[2026-02-02 16:56:15]   [wait] concurrency limit (6/6)  (queue=9)
[2026-02-02 16:56:17]   [wait] concurrency limit (6/6)  (queue=9)
[2026-02-02 16:56:19]   [wait] concurrency limit (6/6)  (queue=9)
[2026-02-02 16:56:21]   [wait] concurrency limit (6/6)  (queue=9)
[2026-02-02 16:56:23]   [wait] concurrency limit (6/6)  (queue=9)
[2026-02-02 16:56:25]   [wait] concurrency limit (6/6)  (queue=9)
[2026-02-02 16:56:27]   [wait] concurrency limit (6/6)  (queue=9)
[2026-02-02 16:56:29]   [wait] concurrency limit (6/6)  (queue=9)
[2026-02-02 16:56:31]   [wait] concurrency limit (6/6)  (queue=9)
[2026-02-02 16:56:33]   [wait] concurrency limit (6/6)  (queue=9)
[2026-02-02 16:56:35]   [wait] concurrency limit (6/6)  (queue=9)
[2026-02-02 16:56:37]   [wait] concurrency limit (6/6)  (queue=9)
[2026-02-02 16:56:39]   [wait] concurrency limit (6/6)  (queue=9)
[2026-02-02 16:56:41]   [wait] concurrency limit (6/6)  (queue=9)
[2026-02-02 16:56:43]   [wait] concurrency limit (6/6)  (queue=9)
[2026-02-02 16:56:43]   [heartbeat] queue=9 running=6 done=17 fail=0 mem=16746MB | [TTToHadronic(pid=56954), TTToSemiLeptonic(pid=56962), ttHH(pid=56967), tttt(pid=56990), ttZHto4b(pid=57090), ttZtobb(pid=57099)]
[2026-02-02 16:56:45]   [wait] concurrency limit (6/6)  (queue=9)
[2026-02-02 16:56:47]   [wait] concurrency limit (6/6)  (queue=9)
[2026-02-02 16:56:47]   ✓ ttZtobb  (rc=0, elapsed=155s)  [18/32]
[2026-02-02 16:56:47]   [launch] ttZZto4b  (PID 57162)
[2026-02-02 16:56:47]   [wait] concurrency limit (6/6)  (queue=8)
[2026-02-02 16:56:49]   [wait] concurrency limit (6/6)  (queue=8)
[2026-02-02 16:56:51]   [wait] concurrency limit (6/6)  (queue=8)
[2026-02-02 16:56:53]   [wait] concurrency limit (6/6)  (queue=8)
[2026-02-02 16:56:55]   [wait] concurrency limit (6/6)  (queue=8)
[2026-02-02 16:56:57]   [wait] concurrency limit (6/6)  (queue=8)
[2026-02-02 16:56:59]   [wait] concurrency limit (6/6)  (queue=8)
[2026-02-02 16:57:01]   [wait] concurrency limit (6/6)  (queue=8)
[2026-02-02 16:57:03]   [wait] concurrency limit (6/6)  (queue=8)
[2026-02-02 16:57:05]   [wait] concurrency limit (6/6)  (queue=8)
[2026-02-02 16:57:07]   [wait] concurrency limit (6/6)  (queue=8)
[2026-02-02 16:57:09]   [wait] concurrency limit (6/6)  (queue=8)
[2026-02-02 16:57:11]   [wait] concurrency limit (6/6)  (queue=8)
[2026-02-02 16:57:13]   [wait] concurrency limit (6/6)  (queue=8)
[2026-02-02 16:57:13]   [heartbeat] queue=8 running=6 done=18 fail=0 mem=16617MB | [TTToHadronic(pid=56954), TTToSemiLeptonic(pid=56962), ttHH(pid=56967), tttt(pid=56990), ttZHto4b(pid=57090), ttZZto4b(pid=57162)]
[2026-02-02 16:57:15]   [wait] concurrency limit (6/6)  (queue=8)
[2026-02-02 16:57:18]   [wait] concurrency limit (6/6)  (queue=8)
[2026-02-02 16:57:20]   [wait] concurrency limit (6/6)  (queue=8)
[2026-02-02 16:57:22]   [wait] concurrency limit (6/6)  (queue=8)
[2026-02-02 16:57:24]   [wait] concurrency limit (6/6)  (queue=8)
[2026-02-02 16:57:26]   [wait] concurrency limit (6/6)  (queue=8)
[2026-02-02 16:57:28]   [wait] concurrency limit (6/6)  (queue=8)
[2026-02-02 16:57:28]   ✓ ttZHto4b  (rc=0, elapsed=195s)  [19/32]
[2026-02-02 16:57:28]   [launch] ttbb  (PID 57209)
[2026-02-02 16:57:28]   [wait] concurrency limit (6/6)  (queue=7)
[2026-02-02 16:57:30]   [wait] concurrency limit (6/6)  (queue=7)
[2026-02-02 16:57:32]   [wait] concurrency limit (6/6)  (queue=7)
[2026-02-02 16:57:34]   [wait] concurrency limit (6/6)  (queue=7)
[2026-02-02 16:57:36]   [wait] concurrency limit (6/6)  (queue=7)
[2026-02-02 16:57:36]   ✗ ttZZto4b  (rc=1, see logs/ttZZto4b.err)  [20/32]
[2026-02-02 16:57:36]   [retry] re-queue ttZZto4b (1/1)
[2026-02-02 16:57:36]   [launch] QCD_HT200to300  (PID 57282)
[2026-02-02 16:57:36]   [wait] concurrency limit (6/6)  (queue=7)
[2026-02-02 16:57:38]   [wait] concurrency limit (6/6)  (queue=7)
[2026-02-02 16:57:38]   ✓ QCD_HT200to300  (rc=0, elapsed=205s)  [20/32]
[2026-02-02 16:57:38]   [launch] QCD_HT300to500  (PID 57348)
[2026-02-02 16:57:38]   [wait] concurrency limit (6/6)  (queue=6)
[2026-02-02 16:57:40]   [wait] concurrency limit (6/6)  (queue=6)
[2026-02-02 16:57:40]   ✓ QCD_HT300to500  (rc=0, elapsed=207s)  [21/32]
[2026-02-02 16:57:40]   [launch] QCD_HT500to700  (PID 57353)
[2026-02-02 16:57:40]   [wait] concurrency limit (6/6)  (queue=5)
[2026-02-02 16:57:42]   [wait] concurrency limit (6/6)  (queue=5)
[2026-02-02 16:57:44]   [wait] concurrency limit (6/6)  (queue=5)
[2026-02-02 16:57:44]   [heartbeat] queue=5 running=6 done=21 fail=0 mem=16568MB | [TTToHadronic(pid=56954), TTToSemiLeptonic(pid=56962), ttHH(pid=56967), tttt(pid=56990), ttbb(pid=57209), QCD_HT500to700(pid=57353)]
[2026-02-02 16:57:46]   [wait] concurrency limit (6/6)  (queue=5)
[2026-02-02 16:57:48]   [wait] concurrency limit (6/6)  (queue=5)
[2026-02-02 16:57:48]   ✓ ttHH  (rc=0, elapsed=215s)  [22/32]
[2026-02-02 16:57:48]   [launch] QCD_HT700to1000  (PID 57399)
[2026-02-02 16:57:48]   [wait] concurrency limit (6/6)  (queue=4)
[2026-02-02 16:57:50]   [wait] concurrency limit (6/6)  (queue=4)
[2026-02-02 16:57:50]   ✓ QCD_HT500to700  (rc=0, elapsed=217s)  [23/32]
[2026-02-02 16:57:50]   [launch] QCD_HT1000to1500  (PID 57405)
[2026-02-02 16:57:50]   [wait] concurrency limit (6/6)  (queue=3)
[2026-02-02 16:57:52]   [wait] concurrency limit (6/6)  (queue=3)
[2026-02-02 16:57:54]   [wait] concurrency limit (6/6)  (queue=3)
[2026-02-02 16:57:54]   ✓ ttbb  (rc=0, elapsed=221s)  [24/32]
[2026-02-02 16:57:54]   [launch] QCD_HT1500to2000  (PID 57413)
[2026-02-02 16:57:54]   [wait] concurrency limit (6/6)  (queue=2)
[2026-02-02 16:57:56]   [wait] concurrency limit (6/6)  (queue=2)
[2026-02-02 16:57:58]   [wait] concurrency limit (6/6)  (queue=2)
[2026-02-02 16:57:58]   ✓ TTToSemiLeptonic  (rc=0, elapsed=225s)  [25/32]
[2026-02-02 16:57:58]   [launch] QCD_HT2000toInf  (PID 57450)
[2026-02-02 16:57:58]   [wait] concurrency limit (6/6)  (queue=1)
[2026-02-02 16:58:00]   [wait] concurrency limit (6/6)  (queue=1)
[2026-02-02 16:58:02]   [wait] concurrency limit (6/6)  (queue=1)
[2026-02-02 16:58:04]   [wait] concurrency limit (6/6)  (queue=1)
[2026-02-02 16:58:06]   [wait] concurrency limit (6/6)  (queue=1)
[2026-02-02 16:58:08]   [wait] concurrency limit (6/6)  (queue=1)
[2026-02-02 16:58:10]   [wait] concurrency limit (6/6)  (queue=1)
[2026-02-02 16:58:12]   [wait] concurrency limit (6/6)  (queue=1)
[2026-02-02 16:58:14]   [wait] concurrency limit (6/6)  (queue=1)
[2026-02-02 16:58:14]   ✓ QCD_HT700to1000  (rc=0, elapsed=241s)  [26/32]
[2026-02-02 16:58:14]   [heartbeat] queue=1 running=5 done=26 fail=0 mem=16690MB | [TTToHadronic(pid=56954), tttt(pid=56990), QCD_HT1000to1500(pid=57405), QCD_HT1500to2000(pid=57413), QCD_HT2000toInf(pid=57450)]
[2026-02-02 16:58:14]   [launch] ttZZto4b  (PID 57503)
[2026-02-02 16:58:24]   ✓ QCD_HT1000to1500  (rc=0, elapsed=251s)  [27/32]
[2026-02-02 16:58:28]   ✓ QCD_HT2000toInf  (rc=0, elapsed=255s)  [28/32]
[2026-02-02 16:58:44]   [heartbeat] queue=0 running=4 done=28 fail=0 mem=16553MB | [TTToHadronic(pid=56954), tttt(pid=56990), QCD_HT1500to2000(pid=57413), ttZZto4b(pid=57503)]
[2026-02-02 16:58:46]   ✓ QCD_HT1500to2000  (rc=0, elapsed=273s)  [29/32]
[2026-02-02 16:59:02]   ✗ ttZZto4b  (rc=1, see logs/ttZZto4b.err)  [30/32]
[2026-02-02 16:59:14]   [heartbeat] queue=0 running=2 done=29 fail=1 mem=16618MB | [TTToHadronic(pid=56954), tttt(pid=56990)]
[2026-02-02 16:59:44]   [heartbeat] queue=0 running=2 done=29 fail=1 mem=16696MB | [TTToHadronic(pid=56954), tttt(pid=56990)]
[2026-02-02 16:59:46]   ✓ tttt  (rc=0, elapsed=333s)  [31/32]
[2026-02-02 17:00:14]   [heartbeat] queue=0 running=1 done=30 fail=1 mem=17181MB | [TTToHadronic(pid=56954)]
[2026-02-02 17:00:44]   [heartbeat] queue=0 running=1 done=30 fail=1 mem=16989MB | [TTToHadronic(pid=56954)]
[2026-02-02 17:01:14]   [heartbeat] queue=0 running=1 done=30 fail=1 mem=17038MB | [TTToHadronic(pid=56954)]
[2026-02-02 17:01:44]   [heartbeat] queue=0 running=1 done=30 fail=1 mem=16774MB | [TTToHadronic(pid=56954)]
[2026-02-02 17:01:58]   ✓ TTToHadronic  (rc=0, elapsed=465s)  [32/32]
[2026-02-02 17:01:58] 
[2026-02-02 17:01:58] ╔══════════════════════════════════════════════════════════════╗
[2026-02-02 17:01:58] ║  Summary                                                     ║
[2026-02-02 17:01:58] ╠══════════════════════════════════════════════════════════════╣
[2026-02-02 17:01:58]   Total elapsed : 465.4s  (7.8 min)
[2026-02-02 17:01:58]   Passed : 31 / 32
[2026-02-02 17:01:58]   Failed : 1 / 32
[2026-02-02 17:01:58]   Failed samples:
[2026-02-02 17:01:58]     - ttZZto4b  (rc=1)
[2026-02-02 17:01:58] ╚══════════════════════════════════════════════════════════════╝
[2026-02-02 17:43:43] ╔══════════════════════════════════════════════════════════════╗
[2026-02-02 17:43:43] ║  B-Tag Reweight: Python job pool                            ║
[2026-02-02 17:43:43] ╠══════════════════════════════════════════════════════════════╣
[2026-02-02 17:43:43]   Samples        : 32
[2026-02-02 17:43:43]   Max parallel   : 6
[2026-02-02 17:43:43]   Min free mem   : 4000 MB
[2026-02-02 17:43:43]   Retries        : 1
[2026-02-02 17:43:43]   Log dir        : logs/
[2026-02-02 17:43:43] ╚══════════════════════════════════════════════════════════════╝
[2026-02-02 17:43:43] 
[2026-02-02 17:43:43]   [launch] BTagCSV_B  (PID 63652)
[2026-02-02 17:43:43]   [launch] BTagCSV_C  (PID 63655)
[2026-02-02 17:43:43]   [launch] BTagCSV_D  (PID 63658)
[2026-02-02 17:43:43]   [launch] BTagCSV_E  (PID 63661)
[2026-02-02 17:43:43]   [launch] BTagCSV_F  (PID 63664)
[2026-02-02 17:43:43]   [launch] JetHT_B  (PID 63667)
[2026-02-02 17:43:43]   [heartbeat] queue=26 running=6 done=0 fail=0 mem=17597MB | [BTagCSV_B(pid=63652), BTagCSV_C(pid=63655), BTagCSV_D(pid=63658), BTagCSV_E(pid=63661), BTagCSV_F(pid=63664), JetHT_B(pid=63667)]
[2026-02-02 17:43:43]   [wait] concurrency limit (6/6)  (queue=26)
[2026-02-02 17:43:45]   [wait] concurrency limit (6/6)  (queue=26)
[2026-02-02 17:43:45]   ✓ BTagCSV_B  (rc=0, elapsed=2s)  [1/32]
[2026-02-02 17:43:45]   ✓ BTagCSV_C  (rc=0, elapsed=2s)  [2/32]
[2026-02-02 17:43:45]   ✓ BTagCSV_D  (rc=0, elapsed=2s)  [3/32]
[2026-02-02 17:43:45]   ✓ BTagCSV_E  (rc=0, elapsed=2s)  [4/32]
[2026-02-02 17:43:45]   [launch] JetHT_C  (PID 63678)
[2026-02-02 17:43:45]   [launch] JetHT_D  (PID 63681)
[2026-02-02 17:43:45]   [launch] JetHT_E  (PID 63684)
[2026-02-02 17:43:45]   [launch] JetHT_F  (PID 63687)
[2026-02-02 17:43:45]   [wait] concurrency limit (6/6)  (queue=22)
[2026-02-02 17:43:47]   [wait] concurrency limit (6/6)  (queue=22)
[2026-02-02 17:43:47]   ✓ JetHT_B  (rc=0, elapsed=4s)  [5/32]
[2026-02-02 17:43:47]   [launch] TTToHadronic  (PID 63697)
[2026-02-02 17:43:47]   [wait] concurrency limit (6/6)  (queue=21)
[2026-02-02 17:43:49]   [wait] concurrency limit (6/6)  (queue=21)
[2026-02-02 17:43:49]   ✓ BTagCSV_F  (rc=0, elapsed=6s)  [6/32]
[2026-02-02 17:43:49]   ✓ JetHT_D  (rc=0, elapsed=6s)  [7/32]
[2026-02-02 17:43:49]   [launch] TTTo2L2Nu  (PID 63702)
[2026-02-02 17:43:49]   [launch] TTToSemiLeptonic  (PID 63705)
[2026-02-02 17:43:49]   [wait] concurrency limit (6/6)  (queue=19)
[2026-02-02 17:43:51]   [wait] concurrency limit (6/6)  (queue=19)
[2026-02-02 17:43:51]   ✓ JetHT_C  (rc=0, elapsed=8s)  [8/32]
[2026-02-02 17:43:51]   ✓ JetHT_E  (rc=0, elapsed=8s)  [9/32]
[2026-02-02 17:43:51]   [launch] ttHH  (PID 63710)
[2026-02-02 17:43:51]   [launch] tt4b  (PID 63713)
[2026-02-02 17:43:51]   [wait] concurrency limit (6/6)  (queue=17)
[2026-02-02 17:43:53]   [wait] concurrency limit (6/6)  (queue=17)
[2026-02-02 17:43:55]   [wait] concurrency limit (6/6)  (queue=17)
[2026-02-02 17:43:55]   ✓ JetHT_F  (rc=0, elapsed=12s)  [10/32]
[2026-02-02 17:43:55]   [launch] ttHtobb  (PID 63720)
[2026-02-02 17:43:55]   [wait] concurrency limit (6/6)  (queue=16)
[2026-02-02 17:43:57]   [wait] concurrency limit (6/6)  (queue=16)
[2026-02-02 17:43:59]   [wait] concurrency limit (6/6)  (queue=16)
[2026-02-02 17:44:01]   [wait] concurrency limit (6/6)  (queue=16)
[2026-02-02 17:44:03]   [wait] concurrency limit (6/6)  (queue=16)
[2026-02-02 17:44:05]   [wait] concurrency limit (6/6)  (queue=16)
[2026-02-02 17:44:07]   [wait] concurrency limit (6/6)  (queue=16)
[2026-02-02 17:44:09]   [wait] concurrency limit (6/6)  (queue=16)
[2026-02-02 17:44:09]   ✓ TTTo2L2Nu  (rc=0, elapsed=26s)  [11/32]
[2026-02-02 17:44:09]   [launch] tttt  (PID 63737)
[2026-02-02 17:44:09]   [wait] concurrency limit (6/6)  (queue=15)
[2026-02-02 17:44:11]   [wait] concurrency limit (6/6)  (queue=15)
[2026-02-02 17:44:13]   [wait] concurrency limit (6/6)  (queue=15)
[2026-02-02 17:44:13]   [heartbeat] queue=15 running=6 done=11 fail=0 mem=16488MB | [TTToHadronic(pid=63697), TTToSemiLeptonic(pid=63705), ttHH(pid=63710), tt4b(pid=63713), ttHtobb(pid=63720), tttt(pid=63737)]
[2026-02-02 17:44:15]   [wait] concurrency limit (6/6)  (queue=15)
[2026-02-02 17:44:17]   [wait] concurrency limit (6/6)  (queue=15)
[2026-02-02 17:44:19]   [wait] concurrency limit (6/6)  (queue=15)
[2026-02-02 17:44:21]   [wait] concurrency limit (6/6)  (queue=15)
[2026-02-02 17:44:23]   [wait] concurrency limit (6/6)  (queue=15)
[2026-02-02 17:44:25]   [wait] concurrency limit (6/6)  (queue=15)
[2026-02-02 17:44:27]   [wait] concurrency limit (6/6)  (queue=15)
[2026-02-02 17:44:29]   [wait] concurrency limit (6/6)  (queue=15)
[2026-02-02 17:44:31]   [wait] concurrency limit (6/6)  (queue=15)
[2026-02-02 17:44:33]   [wait] concurrency limit (6/6)  (queue=15)
[2026-02-02 17:44:35]   [wait] concurrency limit (6/6)  (queue=15)
[2026-02-02 17:44:37]   [wait] concurrency limit (6/6)  (queue=15)
[2026-02-02 17:44:39]   [wait] concurrency limit (6/6)  (queue=15)
[2026-02-02 17:44:41]   [wait] concurrency limit (6/6)  (queue=15)
[2026-02-02 17:44:43]   [wait] concurrency limit (6/6)  (queue=15)
[2026-02-02 17:44:43]   [heartbeat] queue=15 running=6 done=11 fail=0 mem=16619MB | [TTToHadronic(pid=63697), TTToSemiLeptonic(pid=63705), ttHH(pid=63710), tt4b(pid=63713), ttHtobb(pid=63720), tttt(pid=63737)]
[2026-02-02 17:44:45]   [wait] concurrency limit (6/6)  (queue=15)
[2026-02-02 17:44:47]   [wait] concurrency limit (6/6)  (queue=15)
[2026-02-02 17:44:49]   [wait] concurrency limit (6/6)  (queue=15)
[2026-02-02 17:44:51]   [wait] concurrency limit (6/6)  (queue=15)
[2026-02-02 17:44:53]   [wait] concurrency limit (6/6)  (queue=15)
[2026-02-02 17:44:55]   [wait] concurrency limit (6/6)  (queue=15)
[2026-02-02 17:44:57]   [wait] concurrency limit (6/6)  (queue=15)
[2026-02-02 17:44:59]   [wait] concurrency limit (6/6)  (queue=15)
[2026-02-02 17:45:01]   [wait] concurrency limit (6/6)  (queue=15)
[2026-02-02 17:45:03]   [wait] concurrency limit (6/6)  (queue=15)
[2026-02-02 17:45:05]   [wait] concurrency limit (6/6)  (queue=15)
[2026-02-02 17:45:07]   [wait] concurrency limit (6/6)  (queue=15)
[2026-02-02 17:45:07]   ✓ ttHtobb  (rc=0, elapsed=84s)  [12/32]
[2026-02-02 17:45:07]   [launch] tttW  (PID 63803)
[2026-02-02 17:45:07]   [wait] concurrency limit (6/6)  (queue=14)
[2026-02-02 17:45:09]   [wait] concurrency limit (6/6)  (queue=14)
[2026-02-02 17:45:09]   ✓ tt4b  (rc=0, elapsed=86s)  [13/32]
[2026-02-02 17:45:09]   [launch] ttWH  (PID 63809)
[2026-02-02 17:45:09]   [wait] concurrency limit (6/6)  (queue=13)
[2026-02-02 17:45:11]   [wait] concurrency limit (6/6)  (queue=13)
[2026-02-02 17:45:13]   [wait] concurrency limit (6/6)  (queue=13)
[2026-02-02 17:45:13]   [heartbeat] queue=13 running=6 done=13 fail=0 mem=16980MB | [TTToHadronic(pid=63697), TTToSemiLeptonic(pid=63705), ttHH(pid=63710), tttt(pid=63737), tttW(pid=63803), ttWH(pid=63809)]
[2026-02-02 17:45:15]   [wait] concurrency limit (6/6)  (queue=13)
[2026-02-02 17:45:15]   ✓ tttW  (rc=0, elapsed=92s)  [14/32]
[2026-02-02 17:45:15]   ✓ ttWH  (rc=0, elapsed=92s)  [15/32]
[2026-02-02 17:45:15]   [launch] ttWW  (PID 63821)
[2026-02-02 17:45:15]   [launch] ttWZ  (PID 63824)
[2026-02-02 17:45:15]   [wait] concurrency limit (6/6)  (queue=11)
[2026-02-02 17:45:17]   [wait] concurrency limit (6/6)  (queue=11)
[2026-02-02 17:45:19]   [wait] concurrency limit (6/6)  (queue=11)
[2026-02-02 17:45:19]   ✓ ttWZ  (rc=0, elapsed=96s)  [16/32]
[2026-02-02 17:45:19]   [launch] ttZHto4b  (PID 63834)
[2026-02-02 17:45:19]   [wait] concurrency limit (6/6)  (queue=10)
[2026-02-02 17:45:21]   [wait] concurrency limit (6/6)  (queue=10)
[2026-02-02 17:45:23]   [wait] concurrency limit (6/6)  (queue=10)
[2026-02-02 17:45:25]   [wait] concurrency limit (6/6)  (queue=10)
[2026-02-02 17:45:25]   ✓ ttWW  (rc=0, elapsed=102s)  [17/32]
[2026-02-02 17:45:25]   [launch] ttZtobb  (PID 63845)
[2026-02-02 17:45:25]   [wait] concurrency limit (6/6)  (queue=9)
[2026-02-02 17:45:27]   [wait] concurrency limit (6/6)  (queue=9)
[2026-02-02 17:45:29]   [wait] concurrency limit (6/6)  (queue=9)
[2026-02-02 17:45:31]   [wait] concurrency limit (6/6)  (queue=9)
[2026-02-02 17:45:33]   [wait] concurrency limit (6/6)  (queue=9)
[2026-02-02 17:45:35]   [wait] concurrency limit (6/6)  (queue=9)
[2026-02-02 17:45:38]   [wait] concurrency limit (6/6)  (queue=9)
[2026-02-02 17:45:40]   [wait] concurrency limit (6/6)  (queue=9)
[2026-02-02 17:45:42]   [wait] concurrency limit (6/6)  (queue=9)
[2026-02-02 17:45:44]   [wait] concurrency limit (6/6)  (queue=9)
[2026-02-02 17:45:44]   [heartbeat] queue=9 running=6 done=17 fail=0 mem=16772MB | [TTToHadronic(pid=63697), TTToSemiLeptonic(pid=63705), ttHH(pid=63710), tttt(pid=63737), ttZHto4b(pid=63834), ttZtobb(pid=63845)]
[2026-02-02 17:45:46]   [wait] concurrency limit (6/6)  (queue=9)
[2026-02-02 17:45:48]   [wait] concurrency limit (6/6)  (queue=9)
[2026-02-02 17:45:50]   [wait] concurrency limit (6/6)  (queue=9)
[2026-02-02 17:45:52]   [wait] concurrency limit (6/6)  (queue=9)
[2026-02-02 17:45:54]   [wait] concurrency limit (6/6)  (queue=9)
[2026-02-02 17:45:56]   [wait] concurrency limit (6/6)  (queue=9)
[2026-02-02 17:45:58]   [wait] concurrency limit (6/6)  (queue=9)
[2026-02-02 17:46:00]   [wait] concurrency limit (6/6)  (queue=9)
[2026-02-02 17:46:02]   [wait] concurrency limit (6/6)  (queue=9)
[2026-02-02 17:46:04]   [wait] concurrency limit (6/6)  (queue=9)
[2026-02-02 17:46:06]   [wait] concurrency limit (6/6)  (queue=9)
[2026-02-02 17:46:08]   [wait] concurrency limit (6/6)  (queue=9)
[2026-02-02 17:46:10]   [wait] concurrency limit (6/6)  (queue=9)
[2026-02-02 17:46:12]   [wait] concurrency limit (6/6)  (queue=9)
[2026-02-02 17:46:14]   [wait] concurrency limit (6/6)  (queue=9)
[2026-02-02 17:46:14]   [heartbeat] queue=9 running=6 done=17 fail=0 mem=16374MB | [TTToHadronic(pid=63697), TTToSemiLeptonic(pid=63705), ttHH(pid=63710), tttt(pid=63737), ttZHto4b(pid=63834), ttZtobb(pid=63845)]
[2026-02-02 17:46:16]   [wait] concurrency limit (6/6)  (queue=9)
[2026-02-02 17:46:18]   [wait] concurrency limit (6/6)  (queue=9)
[2026-02-02 17:46:20]   [wait] concurrency limit (6/6)  (queue=9)
[2026-02-02 17:46:22]   [wait] concurrency limit (6/6)  (queue=9)
[2026-02-02 17:46:24]   [wait] concurrency limit (6/6)  (queue=9)
[2026-02-02 17:46:24]   ✓ ttZtobb  (rc=0, elapsed=161s)  [18/32]
[2026-02-02 17:46:24]   [launch] ttZZto4b  (PID 63937)
[2026-02-02 17:46:24]   [wait] concurrency limit (6/6)  (queue=8)
[2026-02-02 17:46:26]   [wait] concurrency limit (6/6)  (queue=8)
[2026-02-02 17:46:28]   [wait] concurrency limit (6/6)  (queue=8)
[2026-02-02 17:46:30]   [wait] concurrency limit (6/6)  (queue=8)
[2026-02-02 17:46:32]   [wait] concurrency limit (6/6)  (queue=8)
[2026-02-02 17:46:34]   [wait] concurrency limit (6/6)  (queue=8)
[2026-02-02 17:46:36]   [wait] concurrency limit (6/6)  (queue=8)
[2026-02-02 17:46:38]   [wait] concurrency limit (6/6)  (queue=8)
[2026-02-02 17:46:40]   [wait] concurrency limit (6/6)  (queue=8)
[2026-02-02 17:46:42]   [wait] concurrency limit (6/6)  (queue=8)
[2026-02-02 17:46:44]   [wait] concurrency limit (6/6)  (queue=8)
[2026-02-02 17:46:44]   [heartbeat] queue=8 running=6 done=18 fail=0 mem=16712MB | [TTToHadronic(pid=63697), TTToSemiLeptonic(pid=63705), ttHH(pid=63710), tttt(pid=63737), ttZHto4b(pid=63834), ttZZto4b(pid=63937)]
[2026-02-02 17:46:46]   [wait] concurrency limit (6/6)  (queue=8)
[2026-02-02 17:46:48]   [wait] concurrency limit (6/6)  (queue=8)
[2026-02-02 17:46:50]   [wait] concurrency limit (6/6)  (queue=8)
[2026-02-02 17:46:52]   [wait] concurrency limit (6/6)  (queue=8)
[2026-02-02 17:46:54]   [wait] concurrency limit (6/6)  (queue=8)
[2026-02-02 17:46:56]   [wait] concurrency limit (6/6)  (queue=8)
[2026-02-02 17:46:58]   [wait] concurrency limit (6/6)  (queue=8)
[2026-02-02 17:47:00]   [wait] concurrency limit (6/6)  (queue=8)
[2026-02-02 17:47:02]   [wait] concurrency limit (6/6)  (queue=8)
[2026-02-02 17:47:04]   [wait] concurrency limit (6/6)  (queue=8)
[2026-02-02 17:47:06]   [wait] concurrency limit (6/6)  (queue=8)
[2026-02-02 17:47:06]   ✓ ttZHto4b  (rc=0, elapsed=203s)  [19/32]
[2026-02-02 17:47:06]   [launch] ttbb  (PID 63985)
[2026-02-02 17:47:06]   [wait] concurrency limit (6/6)  (queue=7)
[2026-02-02 17:47:08]   [wait] concurrency limit (6/6)  (queue=7)
[2026-02-02 17:47:10]   [wait] concurrency limit (6/6)  (queue=7)
[2026-02-02 17:47:12]   [wait] concurrency limit (6/6)  (queue=7)
[2026-02-02 17:47:14]   [wait] concurrency limit (6/6)  (queue=7)
[2026-02-02 17:47:14]   [heartbeat] queue=7 running=6 done=19 fail=0 mem=16361MB | [TTToHadronic(pid=63697), TTToSemiLeptonic(pid=63705), ttHH(pid=63710), tttt(pid=63737), ttZZto4b(pid=63937), ttbb(pid=63985)]
[2026-02-02 17:47:16]   [wait] concurrency limit (6/6)  (queue=7)
[2026-02-02 17:47:18]   [wait] concurrency limit (6/6)  (queue=7)
[2026-02-02 17:47:20]   [wait] concurrency limit (6/6)  (queue=7)
[2026-02-02 17:47:22]   [wait] concurrency limit (6/6)  (queue=7)
[2026-02-02 17:47:24]   [wait] concurrency limit (6/6)  (queue=7)
[2026-02-02 17:47:26]   [wait] concurrency limit (6/6)  (queue=7)
[2026-02-02 17:47:28]   [wait] concurrency limit (6/6)  (queue=7)
[2026-02-02 17:47:28]   ✓ ttHH  (rc=0, elapsed=225s)  [20/32]
[2026-02-02 17:47:28]   [launch] QCD_HT200to300  (PID 64014)
[2026-02-02 17:47:28]   [wait] concurrency limit (6/6)  (queue=6)
[2026-02-02 17:47:30]   [wait] concurrency limit (6/6)  (queue=6)
[2026-02-02 17:47:30]   ✓ QCD_HT200to300  (rc=0, elapsed=227s)  [21/32]
[2026-02-02 17:47:30]   [launch] QCD_HT300to500  (PID 64019)
[2026-02-02 17:47:30]   [wait] concurrency limit (6/6)  (queue=5)
[2026-02-02 17:47:32]   [wait] concurrency limit (6/6)  (queue=5)
[2026-02-02 17:47:32]   ✓ QCD_HT300to500  (rc=0, elapsed=229s)  [22/32]
[2026-02-02 17:47:32]   [launch] QCD_HT500to700  (PID 64024)
[2026-02-02 17:47:32]   [wait] concurrency limit (6/6)  (queue=4)
[2026-02-02 17:47:34]   [wait] concurrency limit (6/6)  (queue=4)
[2026-02-02 17:47:36]   [wait] concurrency limit (6/6)  (queue=4)
[2026-02-02 17:47:36]   ✓ ttbb  (rc=0, elapsed=233s)  [23/32]
[2026-02-02 17:47:36]   [launch] QCD_HT700to1000  (PID 64033)
[2026-02-02 17:47:36]   [wait] concurrency limit (6/6)  (queue=3)
[2026-02-02 17:47:38]   [wait] concurrency limit (6/6)  (queue=3)
[2026-02-02 17:47:38]   ✓ TTToSemiLeptonic  (rc=0, elapsed=235s)  [24/32]
[2026-02-02 17:47:38]   [launch] QCD_HT1000to1500  (PID 64038)
[2026-02-02 17:47:38]   [wait] concurrency limit (6/6)  (queue=2)
[2026-02-02 17:47:40]   [wait] concurrency limit (6/6)  (queue=2)
[2026-02-02 17:47:42]   [wait] concurrency limit (6/6)  (queue=2)
[2026-02-02 17:47:42]   ✓ QCD_HT500to700  (rc=0, elapsed=239s)  [25/32]
[2026-02-02 17:47:42]   [launch] QCD_HT1500to2000  (PID 64046)
[2026-02-02 17:47:42]   [wait] concurrency limit (6/6)  (queue=1)
[2026-02-02 17:47:44]   [wait] concurrency limit (6/6)  (queue=1)
[2026-02-02 17:47:44]   [heartbeat] queue=1 running=6 done=25 fail=0 mem=16366MB | [TTToHadronic(pid=63697), tttt(pid=63737), ttZZto4b(pid=63937), QCD_HT700to1000(pid=64033), QCD_HT1000to1500(pid=64038), QCD_HT1500to2000(pid=64046)]
[2026-02-02 17:47:46]   [wait] concurrency limit (6/6)  (queue=1)
[2026-02-02 17:47:48]   [wait] concurrency limit (6/6)  (queue=1)
[2026-02-02 17:47:48]   ✗ ttZZto4b  (rc=1, see logs/ttZZto4b.err)  [26/32]
[2026-02-02 17:47:48]   [retry] re-queue ttZZto4b (1/1)
[2026-02-02 17:47:48]   [launch] QCD_HT2000toInf  (PID 64057)
[2026-02-02 17:47:48]   [wait] concurrency limit (6/6)  (queue=1)
[2026-02-02 17:47:50]   [wait] concurrency limit (6/6)  (queue=1)
[2026-02-02 17:47:52]   [wait] concurrency limit (6/6)  (queue=1)
[2026-02-02 17:47:54]   [wait] concurrency limit (6/6)  (queue=1)
[2026-02-02 17:47:56]   [wait] concurrency limit (6/6)  (queue=1)
[2026-02-02 17:47:58]   [wait] concurrency limit (6/6)  (queue=1)
[2026-02-02 17:48:00]   [wait] concurrency limit (6/6)  (queue=1)
[2026-02-02 17:48:02]   [wait] concurrency limit (6/6)  (queue=1)
[2026-02-02 17:48:02]   ✓ QCD_HT700to1000  (rc=0, elapsed=259s)  [26/32]
[2026-02-02 17:48:02]   [launch] ttZZto4b  (PID 64075)
[2026-02-02 17:48:12]   ✓ QCD_HT1000to1500  (rc=0, elapsed=269s)  [27/32]
[2026-02-02 17:48:14]   [heartbeat] queue=0 running=5 done=27 fail=0 mem=16636MB | [TTToHadronic(pid=63697), tttt(pid=63737), QCD_HT1500to2000(pid=64046), QCD_HT2000toInf(pid=64057), ttZZto4b(pid=64075)]
[2026-02-02 17:48:18]   ✓ QCD_HT2000toInf  (rc=0, elapsed=275s)  [28/32]
[2026-02-02 17:48:36]   ✓ QCD_HT1500to2000  (rc=0, elapsed=293s)  [29/32]
[2026-02-02 17:48:44]   [heartbeat] queue=0 running=3 done=29 fail=0 mem=17117MB | [TTToHadronic(pid=63697), tttt(pid=63737), ttZZto4b(pid=64075)]
[2026-02-02 17:49:14]   [heartbeat] queue=0 running=3 done=29 fail=0 mem=16652MB | [TTToHadronic(pid=63697), tttt(pid=63737), ttZZto4b(pid=64075)]
[2026-02-02 17:49:22]   ✗ ttZZto4b  (rc=1, see logs/ttZZto4b.err)  [30/32]
[2026-02-02 17:49:30]   ✓ tttt  (rc=0, elapsed=347s)  [31/32]
[2026-02-02 17:49:44]   [heartbeat] queue=0 running=1 done=30 fail=1 mem=16876MB | [TTToHadronic(pid=63697)]
[2026-02-02 17:50:14]   [heartbeat] queue=0 running=1 done=30 fail=1 mem=16887MB | [TTToHadronic(pid=63697)]
[2026-02-02 17:50:44]   [heartbeat] queue=0 running=1 done=30 fail=1 mem=16858MB | [TTToHadronic(pid=63697)]
[2026-02-02 17:51:14]   [heartbeat] queue=0 running=1 done=30 fail=1 mem=17267MB | [TTToHadronic(pid=63697)]
[2026-02-02 17:51:43]   ✓ TTToHadronic  (rc=0, elapsed=479s)  [32/32]
[2026-02-02 17:51:43] 
[2026-02-02 17:51:43] ╔══════════════════════════════════════════════════════════════╗
[2026-02-02 17:51:43] ║  Summary                                                     ║
[2026-02-02 17:51:43] ╠══════════════════════════════════════════════════════════════╣
[2026-02-02 17:51:43]   Total elapsed : 479.4s  (8.0 min)
[2026-02-02 17:51:43]   Passed : 31 / 32
[2026-02-02 17:51:43]   Failed : 1 / 32
[2026-02-02 17:51:43]   Failed samples:
[2026-02-02 17:51:43]     - ttZZto4b  (rc=1)
[2026-02-02 17:51:43] ╚══════════════════════════════════════════════════════════════╝
[2026-02-02 18:52:16] ╔══════════════════════════════════════════════════════════════╗
[2026-02-02 18:52:16] ║  B-Tag Reweight: Python job pool                            ║
[2026-02-02 18:52:16] ╠══════════════════════════════════════════════════════════════╣
[2026-02-02 18:52:16]   Samples        : 32
[2026-02-02 18:52:16]   Max parallel   : 6
[2026-02-02 18:52:16]   Min free mem   : 4000 MB
[2026-02-02 18:52:16]   Retries        : 1
[2026-02-02 18:52:16]   Log dir        : logs/
[2026-02-02 18:52:16] ╚══════════════════════════════════════════════════════════════╝
[2026-02-02 18:52:16] 
[2026-02-02 18:52:16]   [launch] BTagCSV_B  (PID 71324)
[2026-02-02 18:52:16]   [launch] BTagCSV_C  (PID 71327)
[2026-02-02 18:52:16]   [launch] BTagCSV_D  (PID 71330)
[2026-02-02 18:52:16]   [launch] BTagCSV_E  (PID 71333)
[2026-02-02 18:52:16]   [launch] BTagCSV_F  (PID 71336)
[2026-02-02 18:52:16]   [launch] JetHT_B  (PID 71339)
[2026-02-02 18:52:16]   [heartbeat] queue=26 running=6 done=0 fail=0 mem=17956MB | [BTagCSV_B(pid=71324), BTagCSV_C(pid=71327), BTagCSV_D(pid=71330), BTagCSV_E(pid=71333), BTagCSV_F(pid=71336), JetHT_B(pid=71339)]
[2026-02-02 18:52:16]   [wait] concurrency limit (6/6)  (queue=26)
[2026-02-02 18:52:18]   [wait] concurrency limit (6/6)  (queue=26)
[2026-02-02 18:52:18]   ✓ BTagCSV_B  (rc=0, elapsed=2s)  [1/32]
[2026-02-02 18:52:18]   ✓ BTagCSV_C  (rc=0, elapsed=2s)  [2/32]
[2026-02-02 18:52:18]   ✓ BTagCSV_D  (rc=0, elapsed=2s)  [3/32]
[2026-02-02 18:52:18]   ✓ BTagCSV_E  (rc=0, elapsed=2s)  [4/32]
[2026-02-02 18:52:18]   [launch] JetHT_C  (PID 71346)
[2026-02-02 18:52:18]   [launch] JetHT_D  (PID 71349)
[2026-02-02 18:52:18]   [launch] JetHT_E  (PID 71352)
[2026-02-02 18:52:18]   [launch] JetHT_F  (PID 71355)
[2026-02-02 18:52:18]   [wait] concurrency limit (6/6)  (queue=22)
[2026-02-02 18:52:40] ╔══════════════════════════════════════════════════════════════╗
[2026-02-02 18:52:40] ║  B-Tag Reweight: Python job pool                            ║
[2026-02-02 18:52:40] ╠══════════════════════════════════════════════════════════════╣
[2026-02-02 18:52:40]   Samples        : 32
[2026-02-02 18:52:40]   Max parallel   : 10
[2026-02-02 18:52:40]   Min free mem   : 4000 MB
[2026-02-02 18:52:40]   Retries        : 1
[2026-02-02 18:52:40]   Log dir        : logs/
[2026-02-02 18:52:40] ╚══════════════════════════════════════════════════════════════╝
[2026-02-02 18:52:40] 
[2026-02-02 18:52:40]   [launch] BTagCSV_B  (PID 71722)
[2026-02-02 18:52:40]   [launch] BTagCSV_C  (PID 71725)
[2026-02-02 18:52:40]   [launch] BTagCSV_D  (PID 71728)
[2026-02-02 18:52:40]   [launch] BTagCSV_E  (PID 71731)
[2026-02-02 18:52:40]   [launch] BTagCSV_F  (PID 71734)
[2026-02-02 18:52:40]   [launch] JetHT_B  (PID 71737)
[2026-02-02 18:52:40]   [launch] JetHT_C  (PID 71740)
[2026-02-02 18:52:40]   [launch] JetHT_D  (PID 71743)
[2026-02-02 18:52:40]   [launch] JetHT_E  (PID 71747)
[2026-02-02 18:52:40]   [launch] JetHT_F  (PID 71750)
[2026-02-02 18:52:40]   [heartbeat] queue=22 running=10 done=0 fail=0 mem=17483MB | [BTagCSV_B(pid=71722), BTagCSV_C(pid=71725), BTagCSV_D(pid=71728), BTagCSV_E(pid=71731), BTagCSV_F(pid=71734), JetHT_B(pid=71737), JetHT_C(pid=71740), JetHT_D(pid=71743), JetHT_E(pid=71747), JetHT_F(pid=71750)]
[2026-02-02 18:52:40]   [wait] concurrency limit (10/10)  (queue=22)
[2026-02-02 18:52:42]   [wait] concurrency limit (10/10)  (queue=22)
[2026-02-02 18:52:42]   ✓ BTagCSV_B  (rc=0, elapsed=2s)  [1/32]
[2026-02-02 18:52:42]   ✓ BTagCSV_C  (rc=0, elapsed=2s)  [2/32]
[2026-02-02 18:52:42]   ✓ BTagCSV_D  (rc=0, elapsed=2s)  [3/32]
[2026-02-02 18:52:42]   ✓ BTagCSV_E  (rc=0, elapsed=2s)  [4/32]
[2026-02-02 18:52:42]   [launch] TTToHadronic  (PID 71757)
[2026-02-02 18:52:43]   [launch] TTTo2L2Nu  (PID 71760)
[2026-02-02 18:52:43]   [launch] TTToSemiLeptonic  (PID 71763)
[2026-02-02 18:52:43]   [launch] ttHH  (PID 71766)
[2026-02-02 18:52:43]   [wait] concurrency limit (10/10)  (queue=18)
[2026-02-02 18:52:45]   [wait] concurrency limit (10/10)  (queue=18)
[2026-02-02 18:52:45]   ✓ JetHT_B  (rc=0, elapsed=4s)  [5/32]
[2026-02-02 18:52:45]   ✓ JetHT_D  (rc=0, elapsed=4s)  [6/32]
[2026-02-02 18:52:45]   [launch] tt4b  (PID 71771)
[2026-02-02 18:52:45]   [launch] ttHtobb  (PID 71774)
[2026-02-02 18:52:45]   [wait] concurrency limit (10/10)  (queue=16)
[2026-02-02 18:52:47]   [wait] concurrency limit (10/10)  (queue=16)
[2026-02-02 18:52:47]   ✓ BTagCSV_F  (rc=0, elapsed=6s)  [7/32]
[2026-02-02 18:52:47]   ✓ JetHT_C  (rc=0, elapsed=6s)  [8/32]
[2026-02-02 18:52:47]   [launch] tttt  (PID 71779)
[2026-02-02 18:52:47]   [launch] tttW  (PID 71782)
[2026-02-02 18:52:47]   [wait] concurrency limit (10/10)  (queue=14)
[2026-02-02 18:52:49]   [wait] concurrency limit (10/10)  (queue=14)
[2026-02-02 18:52:49]   ✓ JetHT_E  (rc=0, elapsed=8s)  [9/32]
[2026-02-02 18:52:49]   [launch] ttWH  (PID 71787)
[2026-02-02 18:52:49]   [wait] concurrency limit (10/10)  (queue=13)
[2026-02-02 18:52:51]   [wait] concurrency limit (10/10)  (queue=13)
[2026-02-02 18:52:53]   [wait] concurrency limit (10/10)  (queue=13)
[2026-02-02 18:52:53]   ✓ JetHT_F  (rc=0, elapsed=12s)  [10/32]
[2026-02-02 18:52:53]   [launch] ttWW  (PID 71794)
[2026-02-02 18:52:53]   [wait] concurrency limit (10/10)  (queue=12)
[2026-02-02 18:52:55]   [wait] concurrency limit (10/10)  (queue=12)
[2026-02-02 18:52:55]   ✓ ttWH  (rc=0, elapsed=14s)  [11/32]
[2026-02-02 18:52:55]   [launch] ttWZ  (PID 71799)
[2026-02-02 18:52:55]   [wait] concurrency limit (10/10)  (queue=11)
[2026-02-02 18:52:57]   [wait] concurrency limit (10/10)  (queue=11)
[2026-02-02 18:52:57]   ✓ tttW  (rc=0, elapsed=16s)  [12/32]
[2026-02-02 18:52:57]   [launch] ttZHto4b  (PID 71804)
[2026-02-02 18:52:57]   [wait] concurrency limit (10/10)  (queue=10)
[2026-02-02 18:52:59]   [wait] concurrency limit (10/10)  (queue=10)
[2026-02-02 18:53:01]   [wait] concurrency limit (10/10)  (queue=10)
[2026-02-02 18:53:01]   ✓ ttWZ  (rc=0, elapsed=20s)  [13/32]
[2026-02-02 18:53:01]   [launch] ttZtobb  (PID 71811)
[2026-02-02 18:53:01]   [wait] concurrency limit (10/10)  (queue=9)
[2026-02-02 18:53:03]   [wait] concurrency limit (10/10)  (queue=9)
[2026-02-02 18:53:03]   ✓ ttWW  (rc=0, elapsed=22s)  [14/32]
[2026-02-02 18:53:03]   [launch] ttZZto4b  (PID 71816)
[2026-02-02 18:53:03]   [wait] concurrency limit (10/10)  (queue=8)
[2026-02-02 18:53:05]   [wait] concurrency limit (10/10)  (queue=8)
[2026-02-02 18:53:05]   ✓ TTTo2L2Nu  (rc=0, elapsed=24s)  [15/32]
[2026-02-02 18:53:05]   [launch] ttbb  (PID 71821)
[2026-02-02 18:53:05]   [wait] concurrency limit (10/10)  (queue=7)
[2026-02-02 18:53:07]   [wait] concurrency limit (10/10)  (queue=7)
[2026-02-02 18:53:09]   [wait] concurrency limit (10/10)  (queue=7)
[2026-02-02 18:53:11]   [wait] concurrency limit (10/10)  (queue=7)
[2026-02-02 18:53:11]   [heartbeat] queue=7 running=10 done=15 fail=0 mem=16652MB | [TTToHadronic(pid=71757), TTToSemiLeptonic(pid=71763), ttHH(pid=71766), tt4b(pid=71771), ttHtobb(pid=71774), tttt(pid=71779), ttZHto4b(pid=71804), ttZtobb(pid=71811), ttZZto4b(pid=71816), ttbb(pid=71821)]
[2026-02-02 18:53:13]   [wait] concurrency limit (10/10)  (queue=7)
[2026-02-02 18:53:15]   [wait] concurrency limit (10/10)  (queue=7)
[2026-02-02 18:53:17]   [wait] concurrency limit (10/10)  (queue=7)
[2026-02-02 18:53:19]   [wait] concurrency limit (10/10)  (queue=7)
[2026-02-02 18:53:21]   [wait] concurrency limit (10/10)  (queue=7)
[2026-02-02 18:53:23]   [wait] concurrency limit (10/10)  (queue=7)
[2026-02-02 18:53:25]   [wait] concurrency limit (10/10)  (queue=7)
[2026-02-02 18:53:27]   [wait] concurrency limit (10/10)  (queue=7)
[2026-02-02 18:53:29]   [wait] concurrency limit (10/10)  (queue=7)
[2026-02-02 18:53:31]   [wait] concurrency limit (10/10)  (queue=7)
[2026-02-02 18:53:33]   [wait] concurrency limit (10/10)  (queue=7)
[2026-02-02 18:53:35]   [wait] concurrency limit (10/10)  (queue=7)
[2026-02-02 18:53:37]   [wait] concurrency limit (10/10)  (queue=7)
[2026-02-02 18:53:39]   [wait] concurrency limit (10/10)  (queue=7)
[2026-02-02 18:53:39]   ✓ ttbb  (rc=0, elapsed=58s)  [16/32]
[2026-02-02 18:53:39]   [launch] QCD_HT200to300  (PID 71860)
[2026-02-02 18:53:39]   [wait] concurrency limit (10/10)  (queue=6)
[2026-02-02 18:53:41]   [wait] concurrency limit (10/10)  (queue=6)
[2026-02-02 18:53:41]   ✓ QCD_HT200to300  (rc=0, elapsed=60s)  [17/32]
[2026-02-02 18:53:41]   [heartbeat] queue=6 running=9 done=17 fail=0 mem=16781MB | [TTToHadronic(pid=71757), TTToSemiLeptonic(pid=71763), ttHH(pid=71766), tt4b(pid=71771), ttHtobb(pid=71774), tttt(pid=71779), ttZHto4b(pid=71804), ttZtobb(pid=71811), ttZZto4b(pid=71816)]
[2026-02-02 18:53:41]   [launch] QCD_HT300to500  (PID 71867)
[2026-02-02 18:53:41]   [wait] concurrency limit (10/10)  (queue=5)
[2026-02-02 18:53:43]   [wait] concurrency limit (10/10)  (queue=5)
[2026-02-02 18:53:43]   ✓ QCD_HT300to500  (rc=0, elapsed=62s)  [18/32]
[2026-02-02 18:53:43]   [launch] QCD_HT500to700  (PID 71872)
[2026-02-02 18:53:43]   [wait] concurrency limit (10/10)  (queue=4)
[2026-02-02 18:53:45]   [wait] concurrency limit (10/10)  (queue=4)
[2026-02-02 18:53:47]   [wait] concurrency limit (10/10)  (queue=4)
[2026-02-02 18:53:49]   [wait] concurrency limit (10/10)  (queue=4)
[2026-02-02 18:53:51]   [wait] concurrency limit (10/10)  (queue=4)
[2026-02-02 18:53:53]   [wait] concurrency limit (10/10)  (queue=4)
[2026-02-02 18:53:55]   [wait] concurrency limit (10/10)  (queue=4)
[2026-02-02 18:53:55]   ✓ QCD_HT500to700  (rc=0, elapsed=74s)  [19/32]
[2026-02-02 18:53:55]   [launch] QCD_HT700to1000  (PID 71888)
[2026-02-02 18:53:55]   [wait] concurrency limit (10/10)  (queue=3)
[2026-02-02 18:53:57]   [wait] concurrency limit (10/10)  (queue=3)
[2026-02-02 18:53:59]   [wait] concurrency limit (10/10)  (queue=3)
[2026-02-02 18:54:01]   [wait] concurrency limit (10/10)  (queue=3)
[2026-02-02 18:54:03]   [wait] concurrency limit (10/10)  (queue=3)
[2026-02-02 18:54:03]   ✗ ttZZto4b  (rc=1, see logs/ttZZto4b.err)  [20/32]
[2026-02-02 18:54:03]   [retry] re-queue ttZZto4b (1/1)
[2026-02-02 18:54:03]   [launch] QCD_HT1000to1500  (PID 71899)
[2026-02-02 18:54:03]   [wait] concurrency limit (10/10)  (queue=3)
[2026-02-02 18:54:05]   [wait] concurrency limit (10/10)  (queue=3)
[2026-02-02 18:54:07]   [wait] concurrency limit (10/10)  (queue=3)
[2026-02-02 18:54:09]   [wait] concurrency limit (10/10)  (queue=3)
[2026-02-02 18:54:09]   ✓ ttZtobb  (rc=0, elapsed=89s)  [20/32]
[2026-02-02 18:54:09]   [launch] QCD_HT1500to2000  (PID 71908)
[2026-02-02 18:54:09]   [wait] concurrency limit (10/10)  (queue=2)
[2026-02-02 18:54:11]   [wait] concurrency limit (10/10)  (queue=2)
[2026-02-02 18:54:11]   ✓ ttHtobb  (rc=0, elapsed=91s)  [21/32]
[2026-02-02 18:54:11]   [heartbeat] queue=2 running=9 done=21 fail=0 mem=16778MB | [TTToHadronic(pid=71757), TTToSemiLeptonic(pid=71763), ttHH(pid=71766), tt4b(pid=71771), tttt(pid=71779), ttZHto4b(pid=71804), QCD_HT700to1000(pid=71888), QCD_HT1000to1500(pid=71899), QCD_HT1500to2000(pid=71908)]
[2026-02-02 18:54:11]   [launch] QCD_HT2000toInf  (PID 71915)
[2026-02-02 18:54:11]   [wait] concurrency limit (10/10)  (queue=1)
[2026-02-02 18:54:13]   [wait] concurrency limit (10/10)  (queue=1)
[2026-02-02 18:54:15]   [wait] concurrency limit (10/10)  (queue=1)
[2026-02-02 18:54:17]   [wait] concurrency limit (10/10)  (queue=1)
[2026-02-02 18:54:19]   [wait] concurrency limit (10/10)  (queue=1)
[2026-02-02 18:54:19]   ✓ tt4b  (rc=0, elapsed=99s)  [22/32]
[2026-02-02 18:54:19]   [launch] ttZZto4b  (PID 71928)
[2026-02-02 18:54:27]   ✓ QCD_HT700to1000  (rc=0, elapsed=107s)  [23/32]
[2026-02-02 18:54:41]   [heartbeat] queue=0 running=9 done=23 fail=0 mem=16661MB | [TTToHadronic(pid=71757), TTToSemiLeptonic(pid=71763), ttHH(pid=71766), tttt(pid=71779), ttZHto4b(pid=71804), QCD_HT1000to1500(pid=71899), QCD_HT1500to2000(pid=71908), QCD_HT2000toInf(pid=71915), ttZZto4b(pid=71928)]
[2026-02-02 18:54:45]   ✓ QCD_HT1000to1500  (rc=0, elapsed=125s)  [24/32]
[2026-02-02 18:54:45]   ✓ QCD_HT2000toInf  (rc=0, elapsed=125s)  [25/32]
[2026-02-02 18:54:59]   ✓ ttZHto4b  (rc=0, elapsed=139s)  [26/32]
[2026-02-02 18:55:09]   ✓ QCD_HT1500to2000  (rc=0, elapsed=149s)  [27/32]
[2026-02-02 18:55:11]   [heartbeat] queue=0 running=5 done=27 fail=0 mem=17129MB | [TTToHadronic(pid=71757), TTToSemiLeptonic(pid=71763), ttHH(pid=71766), tttt(pid=71779), ttZZto4b(pid=71928)]
[2026-02-02 18:55:13]   ✗ ttZZto4b  (rc=1, see logs/ttZZto4b.err)  [28/32]
[2026-02-02 18:55:41]   [heartbeat] queue=0 running=4 done=27 fail=1 mem=17621MB | [TTToHadronic(pid=71757), TTToSemiLeptonic(pid=71763), ttHH(pid=71766), tttt(pid=71779)]
[2026-02-02 18:56:11]   [heartbeat] queue=0 running=4 done=27 fail=1 mem=17016MB | [TTToHadronic(pid=71757), TTToSemiLeptonic(pid=71763), ttHH(pid=71766), tttt(pid=71779)]
[2026-02-02 18:56:35]   ✓ ttHH  (rc=0, elapsed=235s)  [29/32]
[2026-02-02 18:56:41]   [heartbeat] queue=0 running=3 done=28 fail=1 mem=17157MB | [TTToHadronic(pid=71757), TTToSemiLeptonic(pid=71763), tttt(pid=71779)]
[2026-02-02 18:56:45]   ✓ TTToSemiLeptonic  (rc=0, elapsed=245s)  [30/32]
[2026-02-02 18:57:11]   [heartbeat] queue=0 running=2 done=29 fail=1 mem=17308MB | [TTToHadronic(pid=71757), tttt(pid=71779)]
[2026-02-02 18:57:42]   [heartbeat] queue=0 running=2 done=29 fail=1 mem=17309MB | [TTToHadronic(pid=71757), tttt(pid=71779)]
[2026-02-02 18:58:12]   [heartbeat] queue=0 running=2 done=29 fail=1 mem=17367MB | [TTToHadronic(pid=71757), tttt(pid=71779)]
[2026-02-02 18:58:16]   ✓ tttt  (rc=0, elapsed=335s)  [31/32]
[2026-02-02 18:58:42]   [heartbeat] queue=0 running=1 done=30 fail=1 mem=17537MB | [TTToHadronic(pid=71757)]
[2026-02-02 18:59:12]   [heartbeat] queue=0 running=1 done=30 fail=1 mem=17441MB | [TTToHadronic(pid=71757)]
[2026-02-02 18:59:42]   [heartbeat] queue=0 running=1 done=30 fail=1 mem=17465MB | [TTToHadronic(pid=71757)]
[2026-02-02 19:00:12]   [heartbeat] queue=0 running=1 done=30 fail=1 mem=17582MB | [TTToHadronic(pid=71757)]
[2026-02-02 19:00:42]   [heartbeat] queue=0 running=1 done=30 fail=1 mem=17564MB | [TTToHadronic(pid=71757)]
[2026-02-02 19:00:48]   ✓ TTToHadronic  (rc=0, elapsed=488s)  [32/32]
[2026-02-02 19:00:48] 
[2026-02-02 19:00:48] ╔══════════════════════════════════════════════════════════════╗
[2026-02-02 19:00:48] ║  Summary                                                     ║
[2026-02-02 19:00:48] ╠══════════════════════════════════════════════════════════════╣
[2026-02-02 19:00:48]   Total elapsed : 487.6s  (8.1 min)
[2026-02-02 19:00:48]   Passed : 31 / 32
[2026-02-02 19:00:48]   Failed : 1 / 32
[2026-02-02 19:00:48]   Failed samples:
[2026-02-02 19:00:48]     - ttZZto4b  (rc=1)
[2026-02-02 19:00:48] ╚══════════════════════════════════════════════════════════════╝
[2026-02-02 19:09:25] ╔══════════════════════════════════════════════════════════════╗
[2026-02-02 19:09:25] ║  B-Tag Reweight: Python job pool                            ║
[2026-02-02 19:09:25] ╠══════════════════════════════════════════════════════════════╣
[2026-02-02 19:09:25]   Samples        : 32
[2026-02-02 19:09:25]   Max parallel   : 10
[2026-02-02 19:09:25]   Min free mem   : 4000 MB
[2026-02-02 19:09:25]   Retries        : 1
[2026-02-02 19:09:25]   Log dir        : logs/
[2026-02-02 19:09:25] ╚══════════════════════════════════════════════════════════════╝
[2026-02-02 19:09:25] 
[2026-02-02 19:09:25]   [launch] BTagCSV_B  (PID 73783)
[2026-02-02 19:09:25]   [launch] BTagCSV_C  (PID 73786)
[2026-02-02 19:09:25]   [launch] BTagCSV_D  (PID 73789)
[2026-02-02 19:09:25]   [launch] BTagCSV_E  (PID 73792)
[2026-02-02 19:09:25]   [launch] BTagCSV_F  (PID 73795)
[2026-02-02 19:09:25]   [launch] JetHT_B  (PID 73798)
[2026-02-02 19:09:25]   [launch] JetHT_C  (PID 73801)
[2026-02-02 19:09:25]   [launch] JetHT_D  (PID 73804)
[2026-02-02 19:09:25]   [launch] JetHT_E  (PID 73807)
[2026-02-02 19:09:25]   [launch] JetHT_F  (PID 73810)
[2026-02-02 19:09:25]   [heartbeat] queue=22 running=10 done=0 fail=0 mem=17458MB | [BTagCSV_B(pid=73783), BTagCSV_C(pid=73786), BTagCSV_D(pid=73789), BTagCSV_E(pid=73792), BTagCSV_F(pid=73795), JetHT_B(pid=73798), JetHT_C(pid=73801), JetHT_D(pid=73804), JetHT_E(pid=73807), JetHT_F(pid=73810)]
[2026-02-02 19:09:25]   [wait] concurrency limit (10/10)  (queue=22)
[2026-02-02 19:09:27]   [wait] concurrency limit (10/10)  (queue=22)
[2026-02-02 19:09:27]   ✓ BTagCSV_B  (rc=0, elapsed=2s)  [1/32]
[2026-02-02 19:09:27]   ✓ BTagCSV_C  (rc=0, elapsed=2s)  [2/32]
[2026-02-02 19:09:27]   ✓ BTagCSV_D  (rc=0, elapsed=2s)  [3/32]
[2026-02-02 19:09:27]   ✓ BTagCSV_E  (rc=0, elapsed=2s)  [4/32]
[2026-02-02 19:09:27]   [launch] TTToHadronic  (PID 73823)
[2026-02-02 19:09:27]   [launch] TTTo2L2Nu  (PID 73826)
[2026-02-02 19:09:27]   [launch] TTToSemiLeptonic  (PID 73829)
[2026-02-02 19:09:27]   [launch] ttHH  (PID 73832)
[2026-02-02 19:09:27]   [wait] concurrency limit (10/10)  (queue=18)
[2026-02-02 19:09:29]   [wait] concurrency limit (10/10)  (queue=18)
[2026-02-02 19:09:29]   ✓ JetHT_B  (rc=0, elapsed=4s)  [5/32]
[2026-02-02 19:09:29]   [launch] tt4b  (PID 73840)
[2026-02-02 19:09:29]   [wait] concurrency limit (10/10)  (queue=17)
[2026-02-02 19:09:31]   [wait] concurrency limit (10/10)  (queue=17)
[2026-02-02 19:09:31]   ✓ BTagCSV_F  (rc=0, elapsed=6s)  [6/32]
[2026-02-02 19:09:31]   ✓ JetHT_D  (rc=0, elapsed=6s)  [7/32]
[2026-02-02 19:09:31]   [launch] ttHtobb  (PID 73845)
[2026-02-02 19:09:31]   [launch] tttt  (PID 73848)
[2026-02-02 19:09:31]   [wait] concurrency limit (10/10)  (queue=15)
[2026-02-02 19:09:33]   [wait] concurrency limit (10/10)  (queue=15)
[2026-02-02 19:09:33]   ✓ JetHT_C  (rc=0, elapsed=8s)  [8/32]
[2026-02-02 19:09:33]   [launch] tttW  (PID 73853)
[2026-02-02 19:09:33]   [wait] concurrency limit (10/10)  (queue=14)
[2026-02-02 19:09:35]   [wait] concurrency limit (10/10)  (queue=14)
[2026-02-02 19:09:35]   ✓ JetHT_E  (rc=0, elapsed=10s)  [9/32]
[2026-02-02 19:09:35]   [launch] ttWH  (PID 73859)
[2026-02-02 19:09:35]   [wait] concurrency limit (10/10)  (queue=13)
[2026-02-02 19:09:37]   [wait] concurrency limit (10/10)  (queue=13)
[2026-02-02 19:09:39]   [wait] concurrency limit (10/10)  (queue=13)
[2026-02-02 19:09:39]   ✓ JetHT_F  (rc=0, elapsed=14s)  [10/32]
[2026-02-02 19:09:39]   [launch] ttWW  (PID 73866)
[2026-02-02 19:09:39]   [wait] concurrency limit (10/10)  (queue=12)
[2026-02-02 19:09:41]   [wait] concurrency limit (10/10)  (queue=12)
[2026-02-02 19:09:43]   [wait] concurrency limit (10/10)  (queue=12)
[2026-02-02 19:09:43]   ✓ tttW  (rc=0, elapsed=18s)  [11/32]
[2026-02-02 19:09:43]   ✓ ttWH  (rc=0, elapsed=18s)  [12/32]
[2026-02-02 19:09:43]   [launch] ttWZ  (PID 73876)
[2026-02-02 19:09:43]   [launch] ttZHto4b  (PID 73879)
[2026-02-02 19:09:43]   [wait] concurrency limit (10/10)  (queue=10)
[2026-02-02 19:09:45]   [wait] concurrency limit (10/10)  (queue=10)
[2026-02-02 19:09:47]   [wait] concurrency limit (10/10)  (queue=10)
[2026-02-02 19:09:49]   [wait] concurrency limit (10/10)  (queue=10)
[2026-02-02 19:09:49]   ✓ ttWZ  (rc=0, elapsed=24s)  [13/32]
[2026-02-02 19:09:49]   [launch] ttZtobb  (PID 73911)
[2026-02-02 19:09:49]   [wait] concurrency limit (10/10)  (queue=9)
[2026-02-02 19:09:51]   [wait] concurrency limit (10/10)  (queue=9)
[2026-02-02 19:09:51]   ✓ TTTo2L2Nu  (rc=0, elapsed=26s)  [14/32]
[2026-02-02 19:09:51]   ✓ ttWW  (rc=0, elapsed=26s)  [15/32]
[2026-02-02 19:09:51]   [launch] ttZZto4b  (PID 73955)
[2026-02-02 19:09:51]   [launch] ttbb  (PID 73958)
[2026-02-02 19:09:51]   [wait] concurrency limit (10/10)  (queue=7)
[2026-02-02 19:09:53]   [wait] concurrency limit (10/10)  (queue=7)
[2026-02-02 19:09:55]   [wait] concurrency limit (10/10)  (queue=7)
[2026-02-02 19:09:55]   [heartbeat] queue=7 running=10 done=15 fail=0 mem=16302MB | [TTToHadronic(pid=73823), TTToSemiLeptonic(pid=73829), ttHH(pid=73832), tt4b(pid=73840), ttHtobb(pid=73845), tttt(pid=73848), ttZHto4b(pid=73879), ttZtobb(pid=73911), ttZZto4b(pid=73955), ttbb(pid=73958)]
[2026-02-02 19:09:57]   [wait] concurrency limit (10/10)  (queue=7)
[2026-02-02 19:09:59]   [wait] concurrency limit (10/10)  (queue=7)
[2026-02-02 19:10:01]   [wait] concurrency limit (10/10)  (queue=7)
[2026-02-02 19:10:03]   [wait] concurrency limit (10/10)  (queue=7)
[2026-02-02 19:10:05]   [wait] concurrency limit (10/10)  (queue=7)
[2026-02-02 19:10:07]   [wait] concurrency limit (10/10)  (queue=7)
[2026-02-02 19:10:09]   [wait] concurrency limit (10/10)  (queue=7)
[2026-02-02 19:10:11]   [wait] concurrency limit (10/10)  (queue=7)
[2026-02-02 19:10:13]   [wait] concurrency limit (10/10)  (queue=7)
[2026-02-02 19:10:15]   [wait] concurrency limit (10/10)  (queue=7)
[2026-02-02 19:10:17]   [wait] concurrency limit (10/10)  (queue=7)
[2026-02-02 19:10:19]   [wait] concurrency limit (10/10)  (queue=7)
[2026-02-02 19:10:21]   [wait] concurrency limit (10/10)  (queue=7)
[2026-02-02 19:10:23]   [wait] concurrency limit (10/10)  (queue=7)
[2026-02-02 19:10:25]   [wait] concurrency limit (10/10)  (queue=7)
[2026-02-02 19:10:25]   ✓ ttbb  (rc=0, elapsed=60s)  [16/32]
[2026-02-02 19:10:25]   [heartbeat] queue=7 running=9 done=16 fail=0 mem=16467MB | [TTToHadronic(pid=73823), TTToSemiLeptonic(pid=73829), ttHH(pid=73832), tt4b(pid=73840), ttHtobb(pid=73845), tttt(pid=73848), ttZHto4b(pid=73879), ttZtobb(pid=73911), ttZZto4b(pid=73955)]
[2026-02-02 19:10:25]   [launch] QCD_HT200to300  (PID 74031)
[2026-02-02 19:10:25]   [wait] concurrency limit (10/10)  (queue=6)
[2026-02-02 19:10:27]   [wait] concurrency limit (10/10)  (queue=6)
[2026-02-02 19:10:27]   ✓ QCD_HT200to300  (rc=0, elapsed=62s)  [17/32]
[2026-02-02 19:10:28]   [launch] QCD_HT300to500  (PID 74036)
[2026-02-02 19:10:28]   [wait] concurrency limit (10/10)  (queue=5)
[2026-02-02 19:10:30]   [wait] concurrency limit (10/10)  (queue=5)
[2026-02-02 19:10:30]   ✓ QCD_HT300to500  (rc=0, elapsed=64s)  [18/32]
[2026-02-02 19:10:30]   [launch] QCD_HT500to700  (PID 74041)
[2026-02-02 19:10:30]   [wait] concurrency limit (10/10)  (queue=4)
[2026-02-02 19:10:32]   [wait] concurrency limit (10/10)  (queue=4)
[2026-02-02 19:10:34]   [wait] concurrency limit (10/10)  (queue=4)
[2026-02-02 19:10:36]   [wait] concurrency limit (10/10)  (queue=4)
[2026-02-02 19:10:38]   [wait] concurrency limit (10/10)  (queue=4)
[2026-02-02 19:10:40]   [wait] concurrency limit (10/10)  (queue=4)
[2026-02-02 19:10:42]   [wait] concurrency limit (10/10)  (queue=4)
[2026-02-02 19:10:44]   [wait] concurrency limit (10/10)  (queue=4)
[2026-02-02 19:10:44]   ✓ QCD_HT500to700  (rc=0, elapsed=78s)  [19/32]
[2026-02-02 19:10:44]   [launch] QCD_HT700to1000  (PID 74058)
[2026-02-02 19:10:44]   [wait] concurrency limit (10/10)  (queue=3)
[2026-02-02 19:10:46]   [wait] concurrency limit (10/10)  (queue=3)
[2026-02-02 19:10:48]   [wait] concurrency limit (10/10)  (queue=3)
[2026-02-02 19:10:50]   [wait] concurrency limit (10/10)  (queue=3)
[2026-02-02 19:10:52]   [wait] concurrency limit (10/10)  (queue=3)
[2026-02-02 19:10:54]   [wait] concurrency limit (10/10)  (queue=3)
[2026-02-02 19:10:54]   ✗ ttZZto4b  (rc=1, see logs/ttZZto4b.err)  [20/32]
[2026-02-02 19:10:54]   [retry] re-queue ttZZto4b (1/1)
[2026-02-02 19:10:54]   [launch] QCD_HT1000to1500  (PID 74071)
[2026-02-02 19:10:54]   [wait] concurrency limit (10/10)  (queue=3)
[2026-02-02 19:10:56]   [wait] concurrency limit (10/10)  (queue=3)
[2026-02-02 19:10:56]   [heartbeat] queue=3 running=10 done=19 fail=0 mem=16443MB | [TTToHadronic(pid=73823), TTToSemiLeptonic(pid=73829), ttHH(pid=73832), tt4b(pid=73840), ttHtobb(pid=73845), tttt(pid=73848), ttZHto4b(pid=73879), ttZtobb(pid=73911), QCD_HT700to1000(pid=74058), QCD_HT1000to1500(pid=74071)]
[2026-02-02 19:10:58]   [wait] concurrency limit (10/10)  (queue=3)
[2026-02-02 19:11:00]   [wait] concurrency limit (10/10)  (queue=3)
[2026-02-02 19:11:02]   [wait] concurrency limit (10/10)  (queue=3)
[2026-02-02 19:11:02]   ✓ ttHtobb  (rc=0, elapsed=97s)  [20/32]
[2026-02-02 19:11:02]   ✓ ttZtobb  (rc=0, elapsed=97s)  [21/32]
[2026-02-02 19:11:02]   [launch] QCD_HT1500to2000  (PID 74084)
[2026-02-02 19:11:02]   [launch] QCD_HT2000toInf  (PID 74087)
[2026-02-02 19:11:02]   [wait] concurrency limit (10/10)  (queue=1)
[2026-02-02 19:11:04]   [wait] concurrency limit (10/10)  (queue=1)
[2026-02-02 19:11:06]   [wait] concurrency limit (10/10)  (queue=1)
[2026-02-02 19:11:08]   [wait] concurrency limit (10/10)  (queue=1)
[2026-02-02 19:11:08]   ✓ tt4b  (rc=0, elapsed=103s)  [22/32]
[2026-02-02 19:11:08]   [launch] ttZZto4b  (PID 74100)
[2026-02-02 19:11:18]   ✓ QCD_HT700to1000  (rc=0, elapsed=113s)  [23/32]
[2026-02-02 19:11:26]   [heartbeat] queue=0 running=9 done=23 fail=0 mem=16430MB | [TTToHadronic(pid=73823), TTToSemiLeptonic(pid=73829), ttHH(pid=73832), tttt(pid=73848), ttZHto4b(pid=73879), QCD_HT1000to1500(pid=74071), QCD_HT1500to2000(pid=74084), QCD_HT2000toInf(pid=74087), ttZZto4b(pid=74100)]
[2026-02-02 19:11:36]   ✓ QCD_HT1000to1500  (rc=0, elapsed=131s)  [24/32]
[2026-02-02 19:11:36]   ✓ QCD_HT2000toInf  (rc=0, elapsed=131s)  [25/32]
[2026-02-02 19:11:48]   ✓ ttZHto4b  (rc=0, elapsed=143s)  [26/32]
[2026-02-02 19:11:56]   [heartbeat] queue=0 running=6 done=26 fail=0 mem=16791MB | [TTToHadronic(pid=73823), TTToSemiLeptonic(pid=73829), ttHH(pid=73832), tttt(pid=73848), QCD_HT1500to2000(pid=74084), ttZZto4b(pid=74100)]
[2026-02-02 19:12:00]   ✓ QCD_HT1500to2000  (rc=0, elapsed=155s)  [27/32]
[2026-02-02 19:12:02]   ✗ ttZZto4b  (rc=1, see logs/ttZZto4b.err)  [28/32]
[2026-02-02 19:12:26]   [heartbeat] queue=0 running=4 done=27 fail=1 mem=16743MB | [TTToHadronic(pid=73823), TTToSemiLeptonic(pid=73829), ttHH(pid=73832), tttt(pid=73848)]
[2026-02-02 19:12:56]   [heartbeat] queue=0 running=4 done=27 fail=1 mem=17003MB | [TTToHadronic(pid=73823), TTToSemiLeptonic(pid=73829), ttHH(pid=73832), tttt(pid=73848)]
[2026-02-02 19:13:22]   ✓ ttHH  (rc=0, elapsed=237s)  [29/32]
[2026-02-02 19:13:26]   [heartbeat] queue=0 running=3 done=28 fail=1 mem=17135MB | [TTToHadronic(pid=73823), TTToSemiLeptonic(pid=73829), tttt(pid=73848)]
[2026-02-02 19:13:34]   ✓ TTToSemiLeptonic  (rc=0, elapsed=249s)  [30/32]
[2026-02-02 19:13:56]   [heartbeat] queue=0 running=2 done=29 fail=1 mem=16841MB | [TTToHadronic(pid=73823), tttt(pid=73848)]
[2026-02-02 19:14:26]   [heartbeat] queue=0 running=2 done=29 fail=1 mem=17011MB | [TTToHadronic(pid=73823), tttt(pid=73848)]
[2026-02-02 19:14:56]   [heartbeat] queue=0 running=2 done=29 fail=1 mem=16799MB | [TTToHadronic(pid=73823), tttt(pid=73848)]
[2026-02-02 19:15:04]   ✓ tttt  (rc=0, elapsed=339s)  [31/32]
[2026-02-02 19:15:26]   [heartbeat] queue=0 running=1 done=30 fail=1 mem=17037MB | [TTToHadronic(pid=73823)]
[2026-02-02 19:15:56]   [heartbeat] queue=0 running=1 done=30 fail=1 mem=16973MB | [TTToHadronic(pid=73823)]
[2026-02-02 19:16:27]   [heartbeat] queue=0 running=1 done=30 fail=1 mem=16820MB | [TTToHadronic(pid=73823)]
[2026-02-02 19:16:57]   [heartbeat] queue=0 running=1 done=30 fail=1 mem=17223MB | [TTToHadronic(pid=73823)]
[2026-02-02 19:17:27]   [heartbeat] queue=0 running=1 done=30 fail=1 mem=16629MB | [TTToHadronic(pid=73823)]
[2026-02-02 19:17:41]   ✓ TTToHadronic  (rc=0, elapsed=496s)  [32/32]
[2026-02-02 19:17:41] 
[2026-02-02 19:17:41] ╔══════════════════════════════════════════════════════════════╗
[2026-02-02 19:17:41] ║  Summary                                                     ║
[2026-02-02 19:17:41] ╠══════════════════════════════════════════════════════════════╣
[2026-02-02 19:17:41]   Total elapsed : 495.6s  (8.3 min)
[2026-02-02 19:17:41]   Passed : 31 / 32
[2026-02-02 19:17:41]   Failed : 1 / 32
[2026-02-02 19:17:41]   Failed samples:
[2026-02-02 19:17:41]     - ttZZto4b  (rc=1)
[2026-02-02 19:17:41] ╚══════════════════════════════════════════════════════════════╝
