

START---------------
WORKDIR  /u/user/jhlee/ttHH/CMSSW_14_2_1/src/tempTTHH
WORKDIR  /u/user/jhlee/ttHH/CMSSW_14_2_1/src/tempTTHH
TNM_PATH=/u/user/jhlee/ttHH/CMSSW_14_2_1/src/tempTTHH

--------- Check arugments ---------------------------------------

  - [ output file name ] --> /pnfs/knu.ac.kr/data/cms/store/user/junghyun/ttHH/AnalyzerOutput/BTagCSV_C/BTagCSV_C_18.root
  - [ runYear ] --> 2017
  - [ isData ] --> Data
  - [ sampleName ] --> BTagCSV_C
  - [ eraName ] --> C

--------- Check arugments ---------------------------------------


eventBuffer - All branches selected
 Output filename: /pnfs/knu.ac.kr/data/cms/store/user/junghyun/ttHH/AnalyzerOutput/BTagCSV_C/BTagCSV_C_18.root
[CorrectionsManager] json library path : /cvmfs/cms.cern.ch/rsync/cms-nanoAOD/jsonpog-integration
weight = 1

	[35m[ Warning ]: This analyzer commented out [ "WTF" log ] in the header, Please check if you want!!![0m

	[34m[ Log ]: --------------------------------------------------------------------------[0m
	[34m[ Log ]: Before start, Let's check the analysis information[0m
	[34m[ Log ]: Run Year    ----> [  2017  ][0m
	[34m[ Log ]: Data or MC  ----> [  Data  ][0m
	[34m[ Log ]: Sample Name ----> [  BTagCSV_C  ][0m
	[34m[ Log ]: --------------------------------------------------------------------------[0m

	[36m[ Log ]: Processed events of 2017, Data, BTagCSV_C: 0[0m
	[36m[ Log ]: Processed events of 2017, Data, BTagCSV_C: 10000[0m
	[36m[ Log ]: Processed events of 2017, Data, BTagCSV_C: 20000[0m
	[36m[ Log ]: Processed events of 2017, Data, BTagCSV_C: 30000[0m
	[36m[ Log ]: Processed events of 2017, Data, BTagCSV_C: 40000[0m
	[36m[ Log ]: Processed events of 2017, Data, BTagCSV_C: 50000[0m
	[36m[ Log ]: Processed events of 2017, Data, BTagCSV_C: 60000[0m
	[36m[ Log ]: Processed events of 2017, Data, BTagCSV_C: 70000[0m
	[36m[ Log ]: Processed events of 2017, Data, BTagCSV_C: 80000[0m
	[36m[ Log ]: Processed events of 2017, Data, BTagCSV_C: 90000[0m
	[36m[ Log ]: Processed events of 2017, Data, BTagCSV_C: 100000[0m
	[36m[ Log ]: Processed events of 2017, Data, BTagCSV_C: 110000[0m
	[36m[ Log ]: Processed events of 2017, Data, BTagCSV_C: 120000[0m
	[36m[ Log ]: Processed events of 2017, Data, BTagCSV_C: 130000[0m
	[36m[ Log ]: Processed events of 2017, Data, BTagCSV_C: 140000[0m
	[36m[ Log ]: Processed events of 2017, Data, BTagCSV_C: 150000[0m
	[36m[ Log ]: Processed events of 2017, Data, BTagCSV_C: 160000[0m
	[36m[ Log ]: Processed events of 2017, Data, BTagCSV_C: 170000[0m
	[36m[ Log ]: Processed events of 2017, Data, BTagCSV_C: 180000[0m
	[36m[ Log ]: Processed events of 2017, Data, BTagCSV_C: 190000[0m
	[36m[ Log ]: Processed events of 2017, Data, BTagCSV_C: 200000[0m
	[36m[ Log ]: Processed events of 2017, Data, BTagCSV_C: 210000[0m
	[36m[ Log ]: Processed events of 2017, Data, BTagCSV_C: 220000[0m
	[36m[ Log ]: Processed events of 2017, Data, BTagCSV_C: 230000[0m
	[36m[ Log ]: Processed events of 2017, Data, BTagCSV_C: 240000[0m
	[36m[ Log ]: Processed events of 2017, Data, BTagCSV_C: 250000[0m
	[36m[ Log ]: Processed events of 2017, Data, BTagCSV_C: 260000[0m
	[36m[ Log ]: Processed events of 2017, Data, BTagCSV_C: 270000[0m
	[36m[ Log ]: Processed events of 2017, Data, BTagCSV_C: 280000[0m
	[36m[ Log ]: Processed events of 2017, Data, BTagCSV_C: 290000[0m
	[36m[ Log ]: Processed events of 2017, Data, BTagCSV_C: 300000[0m
	[36m[ Log ]: Processed events of 2017, Data, BTagCSV_C: 310000[0m
	[36m[ Log ]: Processed events of 2017, Data, BTagCSV_C: 320000[0m
	[36m[ Log ]: Processed events of 2017, Data, BTagCSV_C: 330000[0m
	[36m[ Log ]: Processed events of 2017, Data, BTagCSV_C: 340000[0m
	[36m[ Log ]: Processed events of 2017, Data, BTagCSV_C: 350000[0m
	[36m[ Log ]: Processed events of 2017, Data, BTagCSV_C: 360000[0m
	[36m[ Log ]: Processed events of 2017, Data, BTagCSV_C: 370000[0m
	[36m[ Log ]: Processed events of 2017, Data, BTagCSV_C: 380000[0m
	[36m[ Log ]: Processed events of 2017, Data, BTagCSV_C: 390000[0m
	[36m[ Log ]: Processed events of 2017, Data, BTagCSV_C: 400000[0m
	[36m[ Log ]: Processed events of 2017, Data, BTagCSV_C: 410000[0m
	[36m[ Log ]: Processed events of 2017, Data, BTagCSV_C: 420000[0m
	[36m[ Log ]: Processed events of 2017, Data, BTagCSV_C: 430000[0m
	[36m[ Log ]: Processed events of 2017, Data, BTagCSV_C: 440000[0m
	[36m[ Log ]: Processed events of 2017, Data, BTagCSV_C: 450000[0m
	[36m[ Log ]: Processed events of 2017, Data, BTagCSV_C: 460000[0m
	[36m[ Log ]: Processed events of 2017, Data, BTagCSV_C: 470000[0m
	[36m[ Log ]: Processed events of 2017, Data, BTagCSV_C: 480000[0m
	[36m[ Log ]: Processed events of 2017, Data, BTagCSV_C: 490000[0m
	[36m[ Log ]: Processed events of 2017, Data, BTagCSV_C: 500000[0m
	[36m[ Log ]: Processed events of 2017, Data, BTagCSV_C: 510000[0m
	[36m[ Log ]: Processed events of 2017, Data, BTagCSV_C: 520000[0m
	[36m[ Log ]: Processed events of 2017, Data, BTagCSV_C: 530000[0m
	[36m[ Log ]: Processed events of 2017, Data, BTagCSV_C: 540000[0m
	[36m[ Log ]: Processed events of 2017, Data, BTagCSV_C: 550000[0m
	[36m[ Log ]: Processed events of 2017, Data, BTagCSV_C: 560000[0m
	[36m[ Log ]: Processed events of 2017, Data, BTagCSV_C: 570000[0m
	[36m[ Log ]: Processed events of 2017, Data, BTagCSV_C: 580000[0m
	[36m[ Log ]: Processed events of 2017, Data, BTagCSV_C: 590000[0m
	[36m[ Log ]: Processed events of 2017, Data, BTagCSV_C: 600000[0m
	[36m[ Log ]: Processed events of 2017, Data, BTagCSV_C: 610000[0m
	[36m[ Log ]: Processed events of 2017, Data, BTagCSV_C: 620000[0m
	[36m[ Log ]: Processed events of 2017, Data, BTagCSV_C: 630000[0m
	[36m[ Log ]: Processed events of 2017, Data, BTagCSV_C: 640000[0m
	[36m[ Log ]: Processed events of 2017, Data, BTagCSV_C: 650000[0m
