

START---------------
WORKDIR  /u/user/jhlee/ttHH/CMSSW_14_2_1/src/tempTTHH
WORKDIR  /u/user/jhlee/ttHH/CMSSW_14_2_1/src/tempTTHH
TNM_PATH=/u/user/jhlee/ttHH/CMSSW_14_2_1/src/tempTTHH

--------- Check arugments ---------------------------------------

  - [ output file name ] --> /pnfs/knu.ac.kr/data/cms/store/user/junghyun/ttHH/AnalyzerOutput/BTagCSV_C/BTagCSV_C_5.root
  - [ runYear ] --> 2017
  - [ isData ] --> Data
  - [ sampleName ] --> BTagCSV_C
  - [ eraName ] --> C

--------- Check arugments ---------------------------------------


eventBuffer - All branches selected
 Output filename: /pnfs/knu.ac.kr/data/cms/store/user/junghyun/ttHH/AnalyzerOutput/BTagCSV_C/BTagCSV_C_5.root
[CorrectionsManager] json library path : /cvmfs/cms.cern.ch/rsync/cms-nanoAOD/jsonpog-integration
weight = 1

	[35m[ Warning ]: This analyzer commented out [ "WTF" log ] in the header, Please check if you want!!![0m

	[34m[ Log ]: --------------------------------------------------------------------------[0m
	[34m[ Log ]: Before start, Let's check the analysis information[0m
	[34m[ Log ]: Run Year    ----> [  2017  ][0m
	[34m[ Log ]: Data or MC  ----> [  Data  ][0m
	[34m[ Log ]: Sample Name ----> [  BTagCSV_C  ][0m
	[34m[ Log ]: --------------------------------------------------------------------------[0m

	[36m[ Log ]: Processed events of 2017, Data, BTagCSV_C: 0[0m
	[36m[ Log ]: Processed events of 2017, Data, BTagCSV_C: 10000[0m
	[36m[ Log ]: Processed events of 2017, Data, BTagCSV_C: 20000[0m
	[36m[ Log ]: Processed events of 2017, Data, BTagCSV_C: 30000[0m
	[36m[ Log ]: Processed events of 2017, Data, BTagCSV_C: 40000[0m
	[36m[ Log ]: Processed events of 2017, Data, BTagCSV_C: 50000[0m
	[36m[ Log ]: Processed events of 2017, Data, BTagCSV_C: 60000[0m
	[36m[ Log ]: Processed events of 2017, Data, BTagCSV_C: 70000[0m
	[36m[ Log ]: Processed events of 2017, Data, BTagCSV_C: 80000[0m
	[36m[ Log ]: Processed events of 2017, Data, BTagCSV_C: 90000[0m
	[36m[ Log ]: Processed events of 2017, Data, BTagCSV_C: 100000[0m
	[36m[ Log ]: Processed events of 2017, Data, BTagCSV_C: 110000[0m
	[36m[ Log ]: Processed events of 2017, Data, BTagCSV_C: 120000[0m
	[36m[ Log ]: Processed events of 2017, Data, BTagCSV_C: 130000[0m
	[36m[ Log ]: Processed events of 2017, Data, BTagCSV_C: 140000[0m
	[36m[ Log ]: Processed events of 2017, Data, BTagCSV_C: 150000[0m
	[36m[ Log ]: Processed events of 2017, Data, BTagCSV_C: 160000[0m
	[36m[ Log ]: Processed events of 2017, Data, BTagCSV_C: 170000[0m
	[36m[ Log ]: Processed events of 2017, Data, BTagCSV_C: 180000[0m
	[36m[ Log ]: Processed events of 2017, Data, BTagCSV_C: 190000[0m
	[36m[ Log ]: Processed events of 2017, Data, BTagCSV_C: 200000[0m
	[36m[ Log ]: Processed events of 2017, Data, BTagCSV_C: 210000[0m
	[36m[ Log ]: Processed events of 2017, Data, BTagCSV_C: 220000[0m
	[36m[ Log ]: Processed events of 2017, Data, BTagCSV_C: 230000[0m
	[36m[ Log ]: Processed events of 2017, Data, BTagCSV_C: 240000[0m
