000 (12494147.000.000) 06/09 06:33:33 Job submitted from host: <188.185.114.121:9618?addrs=188.185.114.121-9618+[2001-1458-d00-a--100-273]-9618&alias=bigbird19.cern.ch&noUDP&sock=schedd_2045_4743>
...
000 (12494147.001.000) 06/09 06:33:33 Job submitted from host: <188.185.114.121:9618?addrs=188.185.114.121-9618+[2001-1458-d00-a--100-273]-9618&alias=bigbird19.cern.ch&noUDP&sock=schedd_2045_4743>
...
000 (12494147.002.000) 06/09 06:33:33 Job submitted from host: <188.185.114.121:9618?addrs=188.185.114.121-9618+[2001-1458-d00-a--100-273]-9618&alias=bigbird19.cern.ch&noUDP&sock=schedd_2045_4743>
...
000 (12494147.003.000) 06/09 06:33:33 Job submitted from host: <188.185.114.121:9618?addrs=188.185.114.121-9618+[2001-1458-d00-a--100-273]-9618&alias=bigbird19.cern.ch&noUDP&sock=schedd_2045_4743>
...
000 (12494147.004.000) 06/09 06:33:33 Job submitted from host: <188.185.114.121:9618?addrs=188.185.114.121-9618+[2001-1458-d00-a--100-273]-9618&alias=bigbird19.cern.ch&noUDP&sock=schedd_2045_4743>
...
000 (12494147.005.000) 06/09 06:33:33 Job submitted from host: <188.185.114.121:9618?addrs=188.185.114.121-9618+[2001-1458-d00-a--100-273]-9618&alias=bigbird19.cern.ch&noUDP&sock=schedd_2045_4743>
...
040 (12494147.001.000) 06/09 06:35:34 Started transferring input files
	Transferring to host: <188.185.196.87:9618?addrs=188.185.196.87-9618+[2001-1458-303-23--100-53]-9618&alias=b9p16p3622.cern.ch&noUDP&sock=slot1_6_8775_87fe_6264>
...
040 (12494147.001.000) 06/09 06:35:34 Finished transferring input files
...
040 (12494147.005.000) 06/09 06:35:34 Started transferring input files
	Transferring to host: <128.142.137.213:9618?addrs=128.142.137.213-9618+[2001-1458-301-5e--100-c9]-9618&alias=b9g19p6235.cern.ch&noUDP&sock=slot1_4_3115465_ae3a_28481>
...
040 (12494147.005.000) 06/09 06:35:34 Finished transferring input files
...
001 (12494147.001.000) 06/09 06:35:35 Job executing on host: <188.185.196.87:9618?addrs=188.185.196.87-9618+[2001-1458-303-23--100-53]-9618&alias=b9p16p3622.cern.ch&noUDP&sock=startd_8633_1931>
	SlotName: slot1_6@b9p16p3622.cern.ch
	CondorScratchDir = "/pool/condor/dir_1560838"
	Cpus = 4
	Disk = 3904
	GPUs = 0
	Memory = 12000
...
001 (12494147.005.000) 06/09 06:35:35 Job executing on host: <128.142.137.213:9618?addrs=128.142.137.213-9618+[2001-1458-301-5e--100-c9]-9618&alias=b9g19p6235.cern.ch&noUDP&sock=startd_2777_5e97>
	SlotName: slot1_4@b9g19p6235.cern.ch
	CondorScratchDir = "/pool/condor/dir_1750260"
	Cpus = 4
	Disk = 2682
	GPUs = 0
	Memory = 12000
...
040 (12494147.000.000) 06/09 06:35:36 Started transferring input files
	Transferring to host: <188.185.211.196:9618?addrs=188.185.211.196-9618+[2001-1458-303-17--100-40]-9618&alias=b9p24p9657.cern.ch&noUDP&sock=slot1_6_7174_7b5d_7552>
...
040 (12494147.000.000) 06/09 06:35:37 Finished transferring input files
...
001 (12494147.000.000) 06/09 06:35:37 Job executing on host: <188.185.211.196:9618?addrs=188.185.211.196-9618+[2001-1458-303-17--100-40]-9618&alias=b9p24p9657.cern.ch&noUDP&sock=startd_6443_f0c9>
	SlotName: slot1_6@b9p24p9657.cern.ch
	CondorScratchDir = "/pool/condor/dir_27318"
	Cpus = 4
	Disk = 3852
	GPUs = 0
	Memory = 12000
...
040 (12494147.002.000) 06/09 06:35:37 Started transferring input files
	Transferring to host: <188.185.215.158:9618?addrs=188.185.215.158-9618+[2001-1458-303-26--100-1a]-9618&alias=b9p18p8340.cern.ch&noUDP&sock=slot1_16_4190_fbe3_8216>
...
040 (12494147.002.000) 06/09 06:35:37 Finished transferring input files
...
040 (12494147.003.000) 06/09 06:35:38 Started transferring input files
	Transferring to host: <188.185.206.168:9618?addrs=188.185.206.168-9618+[2001-1458-303-c--100-25]-9618&alias=b9p06p3387.cern.ch&noUDP&sock=slot1_15_9276_87f2_7667>
...
040 (12494147.003.000) 06/09 06:35:38 Finished transferring input files
...
040 (12494147.004.000) 06/09 06:35:38 Started transferring input files
	Transferring to host: <188.185.195.99:9618?addrs=188.185.195.99-9618+[2001-1458-303-22--100-5f]-9618&alias=b9p17p5083.cern.ch&noUDP&sock=slot1_8_6830_1a4f_6393>
...
040 (12494147.004.000) 06/09 06:35:38 Finished transferring input files
...
001 (12494147.002.000) 06/09 06:35:38 Job executing on host: <188.185.215.158:9618?addrs=188.185.215.158-9618+[2001-1458-303-26--100-1a]-9618&alias=b9p18p8340.cern.ch&noUDP&sock=startd_3136_9d17>
	SlotName: slot1_16@b9p18p8340.cern.ch
	CondorScratchDir = "/pool/condor/dir_891062"
	Cpus = 4
	Disk = 3026139
	Memory = 12000
...
001 (12494147.003.000) 06/09 06:35:39 Job executing on host: <188.185.206.168:9618?addrs=188.185.206.168-9618+[2001-1458-303-c--100-25]-9618&alias=b9p06p3387.cern.ch&noUDP&sock=startd_9225_2942>
	SlotName: slot1_15@b9p06p3387.cern.ch
	CondorScratchDir = "/pool/condor/dir_373557"
	Cpus = 4
	Disk = 3756
	GPUs = 0
	Memory = 12000
...
001 (12494147.004.000) 06/09 06:35:39 Job executing on host: <188.185.195.99:9618?addrs=188.185.195.99-9618+[2001-1458-303-22--100-5f]-9618&alias=b9p17p5083.cern.ch&noUDP&sock=startd_6360_026c>
	SlotName: slot1_8@b9p17p5083.cern.ch
	CondorScratchDir = "/pool/condor/dir_3176989"
	Cpus = 4
	Disk = 3851
	GPUs = 0
	Memory = 12000
...
006 (12494147.001.000) 06/09 06:35:44 Image size of job updated: 328192
	321  -  MemoryUsage of job (MB)
	328192  -  ResidentSetSize of job (KB)
...
006 (12494147.000.000) 06/09 06:35:46 Image size of job updated: 405456
	396  -  MemoryUsage of job (MB)
	405456  -  ResidentSetSize of job (KB)
...
006 (12494147.004.000) 06/09 06:35:47 Image size of job updated: 120148
	118  -  MemoryUsage of job (MB)
	120148  -  ResidentSetSize of job (KB)
...
006 (12494147.002.000) 06/09 06:35:47 Image size of job updated: 353300
	346  -  MemoryUsage of job (MB)
	353300  -  ResidentSetSize of job (KB)
...
006 (12494147.005.000) 06/09 06:35:49 Image size of job updated: 77996
	77  -  MemoryUsage of job (MB)
	77996  -  ResidentSetSize of job (KB)
...
006 (12494147.003.000) 06/09 06:35:52 Image size of job updated: 38704
	38  -  MemoryUsage of job (MB)
	38704  -  ResidentSetSize of job (KB)
...
006 (12494147.001.000) 06/09 06:40:45 Image size of job updated: 1634256
	1596  -  MemoryUsage of job (MB)
	1634256  -  ResidentSetSize of job (KB)
...
006 (12494147.004.000) 06/09 06:40:47 Image size of job updated: 7254156
	7085  -  MemoryUsage of job (MB)
	7254156  -  ResidentSetSize of job (KB)
...
006 (12494147.000.000) 06/09 06:40:47 Image size of job updated: 8053036
	7865  -  MemoryUsage of job (MB)
	8053036  -  ResidentSetSize of job (KB)
...
006 (12494147.002.000) 06/09 06:40:48 Image size of job updated: 5514952
	5386  -  MemoryUsage of job (MB)
	5514700  -  ResidentSetSize of job (KB)
...
006 (12494147.005.000) 06/09 06:40:50 Image size of job updated: 2408112
	2352  -  MemoryUsage of job (MB)
	2408112  -  ResidentSetSize of job (KB)
...
006 (12494147.003.000) 06/09 06:40:52 Image size of job updated: 1355264
	1324  -  MemoryUsage of job (MB)
	1355264  -  ResidentSetSize of job (KB)
...
006 (12494147.001.000) 06/09 06:45:46 Image size of job updated: 3061548
	2990  -  MemoryUsage of job (MB)
	3061548  -  ResidentSetSize of job (KB)
...
006 (12494147.000.000) 06/09 06:45:47 Image size of job updated: 16190612
	15812  -  MemoryUsage of job (MB)
	16190612  -  ResidentSetSize of job (KB)
...
006 (12494147.004.000) 06/09 06:45:48 Image size of job updated: 14744392
	14399  -  MemoryUsage of job (MB)
	14744392  -  ResidentSetSize of job (KB)
...
006 (12494147.002.000) 06/09 06:45:48 Image size of job updated: 10663692
	10414  -  MemoryUsage of job (MB)
	10663692  -  ResidentSetSize of job (KB)
...
006 (12494147.005.000) 06/09 06:45:51 Image size of job updated: 4762588
	4651  -  MemoryUsage of job (MB)
	4762588  -  ResidentSetSize of job (KB)
...
006 (12494147.003.000) 06/09 06:45:53 Image size of job updated: 2610672
	2550  -  MemoryUsage of job (MB)
	2610672  -  ResidentSetSize of job (KB)
...
006 (12494147.002.000) 06/09 06:50:17 Image size of job updated: 15220936
	10415  -  MemoryUsage of job (MB)
	10663948  -  ResidentSetSize of job (KB)
...
040 (12494147.002.000) 06/09 06:50:17 Started transferring output files
...
040 (12494147.002.000) 06/09 06:50:17 Finished transferring output files
...
005 (12494147.002.000) 06/09 06:50:17 Job terminated.
	(1) Normal termination (return value 0)
		Usr 0 00:06:38, Sys 0 00:00:36  -  Run Remote Usage
		Usr 0 00:00:00, Sys 0 00:00:00  -  Run Local Usage
		Usr 0 00:06:38, Sys 0 00:00:36  -  Total Remote Usage
		Usr 0 00:00:00, Sys 0 00:00:00  -  Total Local Usage
	56268  -  Run Bytes Sent By Job
	10846  -  Run Bytes Received By Job
	56268  -  Total Bytes Sent By Job
	10846  -  Total Bytes Received By Job
	Partitionable Resources :    Usage  Request Allocated 
	   Cpus                 :     0.49        4         4 
	   Disk (KB)            :   131           1   3026139 
	   Memory (MB)          : 10415       12000     12000 

	Job terminated of its own accord at 2025-06-09T04:50:17Z with exit-code 0.
...
006 (12494147.001.000) 06/09 06:50:46 Image size of job updated: 4431148
	4328  -  MemoryUsage of job (MB)
	4431148  -  ResidentSetSize of job (KB)
...
006 (12494147.004.000) 06/09 06:50:48 Image size of job updated: 22087736
	21571  -  MemoryUsage of job (MB)
	22087736  -  ResidentSetSize of job (KB)
...
006 (12494147.000.000) 06/09 06:50:48 Image size of job updated: 24239732
	23672  -  MemoryUsage of job (MB)
	24239732  -  ResidentSetSize of job (KB)
...
006 (12494147.005.000) 06/09 06:50:51 Image size of job updated: 7141508
	6975  -  MemoryUsage of job (MB)
	7141508  -  ResidentSetSize of job (KB)
...
006 (12494147.003.000) 06/09 06:50:54 Image size of job updated: 3948676
	3857  -  MemoryUsage of job (MB)
	3948676  -  ResidentSetSize of job (KB)
...
040 (12494147.000.000) 06/09 06:54:36 Started transferring output files
...
040 (12494147.000.000) 06/09 06:54:36 Finished transferring output files
...
005 (12494147.000.000) 06/09 06:54:36 Job terminated.
	(1) Normal termination (return value 0)
		Usr 0 00:06:59, Sys 0 00:01:33  -  Run Remote Usage
		Usr 0 00:00:00, Sys 0 00:00:00  -  Run Local Usage
		Usr 0 00:06:59, Sys 0 00:01:33  -  Total Remote Usage
		Usr 0 00:00:00, Sys 0 00:00:00  -  Total Local Usage
	62658  -  Run Bytes Sent By Job
	10846  -  Run Bytes Received By Job
	62658  -  Total Bytes Sent By Job
	10846  -  Total Bytes Received By Job
	Partitionable Resources :    Usage  Request Allocated 
	   Cpus                 :     0.45        4         4 
	   Disk (KB)            :   138           1      3852 
	   GPUs                 :                           0 
	   Memory (MB)          : 23672       12000     12000 

	Job terminated of its own accord at 2025-06-09T04:54:36Z with exit-code 0.
...
006 (12494147.001.000) 06/09 06:55:46 Image size of job updated: 5864448
	5727  -  MemoryUsage of job (MB)
	5864448  -  ResidentSetSize of job (KB)
...
006 (12494147.005.000) 06/09 06:55:52 Image size of job updated: 9614264
	9389  -  MemoryUsage of job (MB)
	9614264  -  ResidentSetSize of job (KB)
...
006 (12494147.003.000) 06/09 06:55:54 Image size of job updated: 5183856
	5063  -  MemoryUsage of job (MB)
	5183856  -  ResidentSetSize of job (KB)
...
006 (12494147.001.000) 06/09 07:00:47 Image size of job updated: 6942044
	6780  -  MemoryUsage of job (MB)
	6942044  -  ResidentSetSize of job (KB)
...
006 (12494147.004.000) 06/09 07:00:49 Image size of job updated: 23961400
	23400  -  MemoryUsage of job (MB)
	23961400  -  ResidentSetSize of job (KB)
...
006 (12494147.005.000) 06/09 07:00:53 Image size of job updated: 11982624
	11702  -  MemoryUsage of job (MB)
	11982624  -  ResidentSetSize of job (KB)
...
006 (12494147.003.000) 06/09 07:00:55 Image size of job updated: 6517112
	6365  -  MemoryUsage of job (MB)
	6517112  -  ResidentSetSize of job (KB)
...
006 (12494147.001.000) 06/09 07:05:47 Image size of job updated: 8290992
	8097  -  MemoryUsage of job (MB)
	8290992  -  ResidentSetSize of job (KB)
...
006 (12494147.004.000) 06/09 07:05:50 Image size of job updated: 23961400
	23401  -  MemoryUsage of job (MB)
	23961656  -  ResidentSetSize of job (KB)
...
006 (12494147.005.000) 06/09 07:05:53 Image size of job updated: 14366608
	14030  -  MemoryUsage of job (MB)
	14366608  -  ResidentSetSize of job (KB)
...
006 (12494147.003.000) 06/09 07:05:56 Image size of job updated: 7848012
	7665  -  MemoryUsage of job (MB)
	7848012  -  ResidentSetSize of job (KB)
...
006 (12494147.001.000) 06/09 07:10:47 Image size of job updated: 9850876
	9620  -  MemoryUsage of job (MB)
	9850876  -  ResidentSetSize of job (KB)
...
006 (12494147.005.000) 06/09 07:10:53 Image size of job updated: 16735876
	16344  -  MemoryUsage of job (MB)
	16735876  -  ResidentSetSize of job (KB)
...
006 (12494147.003.000) 06/09 07:10:56 Image size of job updated: 9285428
	9068  -  MemoryUsage of job (MB)
	9285428  -  ResidentSetSize of job (KB)
...
040 (12494147.004.000) 06/09 07:11:09 Started transferring output files
...
040 (12494147.004.000) 06/09 07:11:09 Finished transferring output files
...
005 (12494147.004.000) 06/09 07:11:09 Job terminated.
	(1) Normal termination (return value 0)
		Usr 0 00:16:02, Sys 0 00:02:18  -  Run Remote Usage
		Usr 0 00:00:00, Sys 0 00:00:00  -  Run Local Usage
		Usr 0 00:16:02, Sys 0 00:02:18  -  Total Remote Usage
		Usr 0 00:00:00, Sys 0 00:00:00  -  Total Local Usage
	68192  -  Run Bytes Sent By Job
	10846  -  Run Bytes Received By Job
	68192  -  Total Bytes Sent By Job
	10846  -  Total Bytes Received By Job
	Partitionable Resources :    Usage  Request Allocated 
	   Cpus                 :     0.58        4         4 
	   Disk (KB)            :   143           1      3851 
	   GPUs                 :                           0 
	   Memory (MB)          : 23401       12000     12000 

	Job terminated of its own accord at 2025-06-09T05:11:08Z with exit-code 0.
...
006 (12494147.001.000) 06/09 07:15:48 Image size of job updated: 11197712
	10936  -  MemoryUsage of job (MB)
	11197712  -  ResidentSetSize of job (KB)
...
006 (12494147.005.000) 06/09 07:15:54 Image size of job updated: 19167772
	18719  -  MemoryUsage of job (MB)
	19167772  -  ResidentSetSize of job (KB)
...
006 (12494147.003.000) 06/09 07:15:57 Image size of job updated: 10612080
	10364  -  MemoryUsage of job (MB)
	10612080  -  ResidentSetSize of job (KB)
...
006 (12494147.001.000) 06/09 07:20:49 Image size of job updated: 12549932
	12256  -  MemoryUsage of job (MB)
	12549932  -  ResidentSetSize of job (KB)
...
006 (12494147.005.000) 06/09 07:20:54 Image size of job updated: 21615188
	21109  -  MemoryUsage of job (MB)
	21615188  -  ResidentSetSize of job (KB)
...
006 (12494147.003.000) 06/09 07:20:58 Image size of job updated: 11872196
	11594  -  MemoryUsage of job (MB)
	11872196  -  ResidentSetSize of job (KB)
...
006 (12494147.001.000) 06/09 07:25:49 Image size of job updated: 13902584
	13577  -  MemoryUsage of job (MB)
	13902584  -  ResidentSetSize of job (KB)
...
006 (12494147.005.000) 06/09 07:25:54 Image size of job updated: 23910476
	23351  -  MemoryUsage of job (MB)
	23910476  -  ResidentSetSize of job (KB)
...
006 (12494147.003.000) 06/09 07:25:58 Image size of job updated: 13194156
	12885  -  MemoryUsage of job (MB)
	13194156  -  ResidentSetSize of job (KB)
...
006 (12494147.001.000) 06/09 07:30:50 Image size of job updated: 15255524
	14898  -  MemoryUsage of job (MB)
	15255524  -  ResidentSetSize of job (KB)
...
006 (12494147.005.000) 06/09 07:30:56 Image size of job updated: 24513628
	23351  -  MemoryUsage of job (MB)
	23910476  -  ResidentSetSize of job (KB)
...
006 (12494147.003.000) 06/09 07:30:59 Image size of job updated: 14522164
	14182  -  MemoryUsage of job (MB)
	14522164  -  ResidentSetSize of job (KB)
...
006 (12494147.001.000) 06/09 07:35:51 Image size of job updated: 16604892
	16216  -  MemoryUsage of job (MB)
	16604892  -  ResidentSetSize of job (KB)
...
006 (12494147.003.000) 06/09 07:36:00 Image size of job updated: 15769660
	15401  -  MemoryUsage of job (MB)
	15769660  -  ResidentSetSize of job (KB)
...
006 (12494147.001.000) 06/09 07:40:51 Image size of job updated: 18036068
	17614  -  MemoryUsage of job (MB)
	18036068  -  ResidentSetSize of job (KB)
...
006 (12494147.005.000) 06/09 07:40:56 Image size of job updated: 24513628
	23412  -  MemoryUsage of job (MB)
	23973128  -  ResidentSetSize of job (KB)
...
006 (12494147.003.000) 06/09 07:41:00 Image size of job updated: 17001164
	16603  -  MemoryUsage of job (MB)
	17001164  -  ResidentSetSize of job (KB)
...
006 (12494147.001.000) 06/09 07:45:51 Image size of job updated: 19361552
	18908  -  MemoryUsage of job (MB)
	19361552  -  ResidentSetSize of job (KB)
...
006 (12494147.005.000) 06/09 07:45:57 Image size of job updated: 24513628
	23476  -  MemoryUsage of job (MB)
	24038568  -  ResidentSetSize of job (KB)
...
006 (12494147.003.000) 06/09 07:46:01 Image size of job updated: 18152268
	17727  -  MemoryUsage of job (MB)
	18152268  -  ResidentSetSize of job (KB)
...
006 (12494147.001.000) 06/09 07:50:52 Image size of job updated: 20630328
	20147  -  MemoryUsage of job (MB)
	20630328  -  ResidentSetSize of job (KB)
...
006 (12494147.005.000) 06/09 07:50:58 Image size of job updated: 24513628
	23570  -  MemoryUsage of job (MB)
	24135312  -  ResidentSetSize of job (KB)
...
006 (12494147.003.000) 06/09 07:51:01 Image size of job updated: 19382160
	18928  -  MemoryUsage of job (MB)
	19382160  -  ResidentSetSize of job (KB)
...
006 (12494147.001.000) 06/09 07:55:52 Image size of job updated: 20630328
	20148  -  MemoryUsage of job (MB)
	20630584  -  ResidentSetSize of job (KB)
...
006 (12494147.005.000) 06/09 07:55:58 Image size of job updated: 24513628
	23579  -  MemoryUsage of job (MB)
	24144572  -  ResidentSetSize of job (KB)
...
006 (12494147.003.000) 06/09 07:56:01 Image size of job updated: 20017760
	19549  -  MemoryUsage of job (MB)
	20017760  -  ResidentSetSize of job (KB)
...
040 (12494147.005.000) 06/09 08:00:30 Started transferring output files
...
040 (12494147.005.000) 06/09 08:00:30 Finished transferring output files
...
005 (12494147.005.000) 06/09 08:00:30 Job terminated.
	(1) Normal termination (return value 0)
		Usr 0 00:16:42, Sys 0 00:02:33  -  Run Remote Usage
		Usr 0 00:00:00, Sys 0 00:00:00  -  Run Local Usage
		Usr 0 00:16:42, Sys 0 00:02:33  -  Total Remote Usage
		Usr 0 00:00:00, Sys 0 00:00:00  -  Total Local Usage
	66442  -  Run Bytes Sent By Job
	10846  -  Run Bytes Received By Job
	66442  -  Total Bytes Sent By Job
	10846  -  Total Bytes Received By Job
	Partitionable Resources :    Usage  Request Allocated 
	   Cpus                 :     0.15        4         4 
	   Disk (KB)            :   141           1      2682 
	   GPUs                 :                           0 
	   Memory (MB)          : 23579       12000     12000 

	Job terminated of its own accord at 2025-06-09T06:00:30Z with exit-code 0.
...
006 (12494147.003.000) 06/09 08:01:02 Image size of job updated: 20122212
	19651  -  MemoryUsage of job (MB)
	20122212  -  ResidentSetSize of job (KB)
...
006 (12494147.003.000) 06/09 08:06:02 Image size of job updated: 20139052
	19668  -  MemoryUsage of job (MB)
	20139052  -  ResidentSetSize of job (KB)
...
006 (12494147.003.000) 06/09 08:11:02 Image size of job updated: 20256124
	19782  -  MemoryUsage of job (MB)
	20256124  -  ResidentSetSize of job (KB)
...
006 (12494147.003.000) 06/09 08:16:03 Image size of job updated: 20369828
	19893  -  MemoryUsage of job (MB)
	20369828  -  ResidentSetSize of job (KB)
...
006 (12494147.003.000) 06/09 08:21:03 Image size of job updated: 20967328
	20476  -  MemoryUsage of job (MB)
	20967328  -  ResidentSetSize of job (KB)
...
006 (12494147.003.000) 06/09 08:26:04 Image size of job updated: 22204460
	21685  -  MemoryUsage of job (MB)
	22204460  -  ResidentSetSize of job (KB)
...
040 (12494147.001.000) 06/09 08:26:26 Started transferring output files
...
040 (12494147.001.000) 06/09 08:26:26 Finished transferring output files
...
005 (12494147.001.000) 06/09 08:26:26 Job terminated.
	(1) Normal termination (return value 0)
		Usr 0 00:13:53, Sys 0 00:01:30  -  Run Remote Usage
		Usr 0 00:00:00, Sys 0 00:00:00  -  Run Local Usage
		Usr 0 00:13:53, Sys 0 00:01:30  -  Total Remote Usage
		Usr 0 00:00:00, Sys 0 00:00:00  -  Total Local Usage
	63150  -  Run Bytes Sent By Job
	10846  -  Run Bytes Received By Job
	63150  -  Total Bytes Sent By Job
	10846  -  Total Bytes Received By Job
	Partitionable Resources :    Usage  Request Allocated 
	   Cpus                 :     0.08        4         4 
	   Disk (KB)            :   138           1      3904 
	   GPUs                 :                           0 
	   Memory (MB)          : 20148       12000     12000 

	Job terminated of its own accord at 2025-06-09T06:26:26Z with exit-code 0.
...
006 (12494147.003.000) 06/09 08:31:04 Image size of job updated: 23548300
	22997  -  MemoryUsage of job (MB)
	23548300  -  ResidentSetSize of job (KB)
...
006 (12494147.003.000) 06/09 08:36:05 Image size of job updated: 24410484
	23018  -  MemoryUsage of job (MB)
	23570324  -  ResidentSetSize of job (KB)
...
006 (12494147.003.000) 06/09 08:41:06 Image size of job updated: 24410484
	23078  -  MemoryUsage of job (MB)
	23630856  -  ResidentSetSize of job (KB)
...
040 (12494147.003.000) 06/09 08:44:25 Started transferring output files
...
040 (12494147.003.000) 06/09 08:44:25 Finished transferring output files
...
005 (12494147.003.000) 06/09 08:44:25 Job terminated.
	(1) Normal termination (return value 0)
		Usr 0 00:06:36, Sys 0 00:01:23  -  Run Remote Usage
		Usr 0 00:00:00, Sys 0 00:00:00  -  Run Local Usage
		Usr 0 00:06:36, Sys 0 00:01:23  -  Total Remote Usage
		Usr 0 00:00:00, Sys 0 00:00:00  -  Total Local Usage
	62101  -  Run Bytes Sent By Job
	10846  -  Run Bytes Received By Job
	62101  -  Total Bytes Sent By Job
	10846  -  Total Bytes Received By Job
	Partitionable Resources :    Usage  Request Allocated 
	   Cpus                 :     0.11        4         4 
	   Disk (KB)            :   139           1      3756 
	   GPUs                 :                           0 
	   Memory (MB)          : 23078       12000     12000 

	Job terminated of its own accord at 2025-06-09T06:44:25Z with exit-code 0.
...
