

START---------------
WORKDIR  /u/user/jhlee/ttHH/CMSSW_14_2_1/src/tempTTHH
WORKDIR  /u/user/jhlee/ttHH/CMSSW_14_2_1/src/tempTTHH
TNM_PATH=/u/user/jhlee/ttHH/CMSSW_14_2_1/src/tempTTHH

--------- Check arugments ---------------------------------------

  - [ output file name ] --> /pnfs/knu.ac.kr/data/cms/store/user/junghyun/ttHH/AnalyzerOutput/BTagCSV_D/BTagCSV_D_1.root
  - [ runYear ] --> 2017
  - [ isData ] --> Data
  - [ sampleName ] --> BTagCSV_D
  - [ eraName ] --> D

--------- Check arugments ---------------------------------------


eventBuffer - All branches selected
 Output filename: /pnfs/knu.ac.kr/data/cms/store/user/junghyun/ttHH/AnalyzerOutput/BTagCSV_D/BTagCSV_D_1.root
[CorrectionsManager] json library path : /cvmfs/cms.cern.ch/rsync/cms-nanoAOD/jsonpog-integration
weight = 1

	[35m[ Warning ]: This analyzer commented out [ "WTF" log ] in the header, Please check if you want!!![0m

	[34m[ Log ]: --------------------------------------------------------------------------[0m
	[34m[ Log ]: Before start, Let's check the analysis information[0m
	[34m[ Log ]: Run Year    ----> [  2017  ][0m
	[34m[ Log ]: Data or MC  ----> [  Data  ][0m
	[34m[ Log ]: Sample Name ----> [  BTagCSV_D  ][0m
	[34m[ Log ]: --------------------------------------------------------------------------[0m

	[36m[ Log ]: Processed events of 2017, Data, BTagCSV_D: 0[0m
	[36m[ Log ]: Processed events of 2017, Data, BTagCSV_D: 10000[0m
	[36m[ Log ]: Processed events of 2017, Data, BTagCSV_D: 20000[0m
	[36m[ Log ]: Processed events of 2017, Data, BTagCSV_D: 30000[0m
	[36m[ Log ]: Processed events of 2017, Data, BTagCSV_D: 40000[0m
	[36m[ Log ]: Processed events of 2017, Data, BTagCSV_D: 50000[0m
	[36m[ Log ]: Processed events of 2017, Data, BTagCSV_D: 60000[0m
	[36m[ Log ]: Processed events of 2017, Data, BTagCSV_D: 70000[0m
	[36m[ Log ]: Processed events of 2017, Data, BTagCSV_D: 80000[0m
	[36m[ Log ]: Processed events of 2017, Data, BTagCSV_D: 90000[0m
	[36m[ Log ]: Processed events of 2017, Data, BTagCSV_D: 100000[0m
	[36m[ Log ]: Processed events of 2017, Data, BTagCSV_D: 110000[0m
	[36m[ Log ]: Processed events of 2017, Data, BTagCSV_D: 120000[0m
	[36m[ Log ]: Processed events of 2017, Data, BTagCSV_D: 130000[0m
	[36m[ Log ]: Processed events of 2017, Data, BTagCSV_D: 140000[0m
	[36m[ Log ]: Processed events of 2017, Data, BTagCSV_D: 150000[0m
	[36m[ Log ]: Processed events of 2017, Data, BTagCSV_D: 160000[0m
	[36m[ Log ]: Processed events of 2017, Data, BTagCSV_D: 170000[0m
	[36m[ Log ]: Processed events of 2017, Data, BTagCSV_D: 180000[0m
	[36m[ Log ]: Processed events of 2017, Data, BTagCSV_D: 190000[0m
	[36m[ Log ]: Processed events of 2017, Data, BTagCSV_D: 200000[0m
	[36m[ Log ]: Processed events of 2017, Data, BTagCSV_D: 210000[0m
	[36m[ Log ]: Processed events of 2017, Data, BTagCSV_D: 220000[0m
	[36m[ Log ]: Processed events of 2017, Data, BTagCSV_D: 230000[0m
