000 (12494143.000.000) 06/09 06:33:30 Job submitted from host: <188.185.114.121:9618?addrs=188.185.114.121-9618+[2001-1458-d00-a--100-273]-9618&alias=bigbird19.cern.ch&noUDP&sock=schedd_2045_4743>
...
000 (12494143.001.000) 06/09 06:33:30 Job submitted from host: <188.185.114.121:9618?addrs=188.185.114.121-9618+[2001-1458-d00-a--100-273]-9618&alias=bigbird19.cern.ch&noUDP&sock=schedd_2045_4743>
...
000 (12494143.002.000) 06/09 06:33:30 Job submitted from host: <188.185.114.121:9618?addrs=188.185.114.121-9618+[2001-1458-d00-a--100-273]-9618&alias=bigbird19.cern.ch&noUDP&sock=schedd_2045_4743>
...
000 (12494143.003.000) 06/09 06:33:30 Job submitted from host: <188.185.114.121:9618?addrs=188.185.114.121-9618+[2001-1458-d00-a--100-273]-9618&alias=bigbird19.cern.ch&noUDP&sock=schedd_2045_4743>
...
000 (12494143.004.000) 06/09 06:33:30 Job submitted from host: <188.185.114.121:9618?addrs=188.185.114.121-9618+[2001-1458-d00-a--100-273]-9618&alias=bigbird19.cern.ch&noUDP&sock=schedd_2045_4743>
...
000 (12494143.005.000) 06/09 06:33:30 Job submitted from host: <188.185.114.121:9618?addrs=188.185.114.121-9618+[2001-1458-d00-a--100-273]-9618&alias=bigbird19.cern.ch&noUDP&sock=schedd_2045_4743>
...
000 (12494143.006.000) 06/09 06:33:30 Job submitted from host: <188.185.114.121:9618?addrs=188.185.114.121-9618+[2001-1458-d00-a--100-273]-9618&alias=bigbird19.cern.ch&noUDP&sock=schedd_2045_4743>
...
000 (12494143.007.000) 06/09 06:33:30 Job submitted from host: <188.185.114.121:9618?addrs=188.185.114.121-9618+[2001-1458-d00-a--100-273]-9618&alias=bigbird19.cern.ch&noUDP&sock=schedd_2045_4743>
...
000 (12494143.008.000) 06/09 06:33:30 Job submitted from host: <188.185.114.121:9618?addrs=188.185.114.121-9618+[2001-1458-d00-a--100-273]-9618&alias=bigbird19.cern.ch&noUDP&sock=schedd_2045_4743>
...
000 (12494143.009.000) 06/09 06:33:30 Job submitted from host: <188.185.114.121:9618?addrs=188.185.114.121-9618+[2001-1458-d00-a--100-273]-9618&alias=bigbird19.cern.ch&noUDP&sock=schedd_2045_4743>
...
000 (12494143.010.000) 06/09 06:33:30 Job submitted from host: <188.185.114.121:9618?addrs=188.185.114.121-9618+[2001-1458-d00-a--100-273]-9618&alias=bigbird19.cern.ch&noUDP&sock=schedd_2045_4743>
...
000 (12494143.011.000) 06/09 06:33:30 Job submitted from host: <188.185.114.121:9618?addrs=188.185.114.121-9618+[2001-1458-d00-a--100-273]-9618&alias=bigbird19.cern.ch&noUDP&sock=schedd_2045_4743>
...
000 (12494143.012.000) 06/09 06:33:30 Job submitted from host: <188.185.114.121:9618?addrs=188.185.114.121-9618+[2001-1458-d00-a--100-273]-9618&alias=bigbird19.cern.ch&noUDP&sock=schedd_2045_4743>
...
040 (12494143.000.000) 06/09 06:33:46 Started transferring input files
	Transferring to host: <128.142.248.61:9618?addrs=128.142.248.61-9618+[2001-1458-301-73--100-12d]-9618&alias=b9g23p8424.cern.ch&noUDP&sock=slot1_16_1655717_28da_29191>
...
040 (12494143.000.000) 06/09 06:33:46 Finished transferring input files
...
001 (12494143.000.000) 06/09 06:33:48 Job executing on host: <128.142.248.61:9618?addrs=128.142.248.61-9618+[2001-1458-301-73--100-12d]-9618&alias=b9g23p8424.cern.ch&noUDP&sock=startd_4388_61a9>
	SlotName: slot1_16@b9g23p8424.cern.ch
	CondorScratchDir = "/pool/condor/dir_2690167"
	Cpus = 4
	Disk = 3856
	GPUs = 0
	Memory = 12000
...
006 (12494143.000.000) 06/09 06:34:01 Image size of job updated: 115416
	113  -  MemoryUsage of job (MB)
	115416  -  ResidentSetSize of job (KB)
...
040 (12494143.001.000) 06/09 06:34:07 Started transferring input files
	Transferring to host: <188.185.198.25:9618?addrs=188.185.198.25-9618+[2001-1458-303-25--100-15]-9618&alias=b9p15p4003.cern.ch&noUDP&sock=slot1_28_6694_4749_8313>
...
040 (12494143.001.000) 06/09 06:34:07 Finished transferring input files
...
001 (12494143.001.000) 06/09 06:34:08 Job executing on host: <188.185.198.25:9618?addrs=188.185.198.25-9618+[2001-1458-303-25--100-15]-9618&alias=b9p15p4003.cern.ch&noUDP&sock=startd_6049_b078>
	SlotName: slot1_28@b9p15p4003.cern.ch
	CondorScratchDir = "/pool/condor/dir_2287261"
	Cpus = 4
	Disk = 3933
	GPUs = 0
	Memory = 12000
...
006 (12494143.001.000) 06/09 06:34:22 Image size of job updated: 133088
	130  -  MemoryUsage of job (MB)
	133088  -  ResidentSetSize of job (KB)
...
040 (12494143.002.000) 06/09 06:35:26 Started transferring input files
	Transferring to host: <128.142.161.105:9618?addrs=128.142.161.105-9618+[2001-1458-301-b8--100-3c]-9618&alias=b9g03p8655.cern.ch&noUDP&sock=slot1_24_3287_bd1f_2908>
...
040 (12494143.002.000) 06/09 06:35:26 Finished transferring input files
...
040 (12494143.008.000) 06/09 06:35:27 Started transferring input files
	Transferring to host: <188.185.195.71:9618?addrs=188.185.195.71-9618+[2001-1458-303-22--100-43]-9618&alias=b9p17p2582.cern.ch&noUDP&sock=slot1_12_7113_807a_7122>
...
040 (12494143.008.000) 06/09 06:35:27 Finished transferring input files
...
040 (12494143.004.000) 06/09 06:35:27 Started transferring input files
	Transferring to host: <188.185.198.150:9618?addrs=188.185.198.150-9618+[2001-1458-303-25--100-92]-9618&alias=b9p15p5811.cern.ch&noUDP&sock=slot1_14_8530_e814_5917>
...
001 (12494143.002.000) 06/09 06:35:27 Job executing on host: <128.142.161.105:9618?addrs=128.142.161.105-9618+[2001-1458-301-b8--100-3c]-9618&alias=b9g03p8655.cern.ch&noUDP&sock=startd_2857_3e2a>
	SlotName: slot1_24@b9g03p8655.cern.ch
	CondorScratchDir = "/pool/condor/dir_2661344"
	Cpus = 4
	Disk = 3897
	GPUs = 0
	Memory = 12000
...
040 (12494143.004.000) 06/09 06:35:27 Finished transferring input files
...
040 (12494143.007.000) 06/09 06:35:28 Started transferring input files
	Transferring to host: <188.185.194.50:9618?addrs=188.185.194.50-9618&alias=b9p20p2971.cern.ch&noUDP&sock=slot1_7_6314_88ba_7749>
...
040 (12494143.005.000) 06/09 06:35:28 Started transferring input files
	Transferring to host: <128.142.161.98:9618?addrs=128.142.161.98-9618+[2001-1458-301-b8--100-20]-9618&alias=b9g03p9785.cern.ch&noUDP&sock=slot1_17_1471085_3686_50737>
...
001 (12494143.008.000) 06/09 06:35:28 Job executing on host: <188.185.195.71:9618?addrs=188.185.195.71-9618+[2001-1458-303-22--100-43]-9618&alias=b9p17p2582.cern.ch&noUDP&sock=startd_6070_17f5>
	SlotName: slot1_12@b9p17p2582.cern.ch
	CondorScratchDir = "/pool/condor/dir_40607"
	Cpus = 4
	Disk = 3858
	GPUs = 0
	Memory = 12000
...
040 (12494143.007.000) 06/09 06:35:28 Finished transferring input files
...
040 (12494143.009.000) 06/09 06:35:28 Started transferring input files
	Transferring to host: <188.185.196.187:9618?addrs=188.185.196.187-9618+[2001-1458-303-23--100-b7]-9618&alias=b9p16p4396.cern.ch&noUDP&sock=slot1_17_6573_05e4_6635>
...
040 (12494143.005.000) 06/09 06:35:28 Finished transferring input files
...
040 (12494143.009.000) 06/09 06:35:28 Finished transferring input files
...
040 (12494143.012.000) 06/09 06:35:28 Started transferring input files
	Transferring to host: <128.142.51.201:9618?addrs=128.142.51.201-9618+[2001-1458-301-3--100-6]-9618&alias=b9g02p2419.cern.ch&noUDP&sock=slot1_3_591754_f9b9_28923>
...
040 (12494143.012.000) 06/09 06:35:28 Finished transferring input files
...
001 (12494143.004.000) 06/09 06:35:29 Job executing on host: <188.185.198.150:9618?addrs=188.185.198.150-9618+[2001-1458-303-25--100-92]-9618&alias=b9p15p5811.cern.ch&noUDP&sock=startd_7260_55a9>
	SlotName: slot1_14@b9p15p5811.cern.ch
	CondorScratchDir = "/pool/condor/dir_3957179"
	Cpus = 4
	Disk = 3868
	GPUs = 0
	Memory = 12000
...
001 (12494143.005.000) 06/09 06:35:29 Job executing on host: <128.142.161.98:9618?addrs=128.142.161.98-9618+[2001-1458-301-b8--100-20]-9618&alias=b9g03p9785.cern.ch&noUDP&sock=startd_3231_c696>
	SlotName: slot1_17@b9g03p9785.cern.ch
	CondorScratchDir = "/pool/condor/dir_1273374"
	Cpus = 4
	Disk = 3970
	GPUs = 0
	Memory = 12000
...
001 (12494143.007.000) 06/09 06:35:29 Job executing on host: <188.185.194.50:9618?addrs=188.185.194.50-9618&alias=b9p20p2971.cern.ch&noUDP&sock=startd_2462_4e42>
	SlotName: slot1_7@b9p20p2971.cern.ch
	CondorScratchDir = "/pool/condor/dir_1693874"
	Cpus = 4
	Disk = 3788
	GPUs = 0
	Memory = 12000
...
001 (12494143.009.000) 06/09 06:35:30 Job executing on host: <188.185.196.187:9618?addrs=188.185.196.187-9618+[2001-1458-303-23--100-b7]-9618&alias=b9p16p4396.cern.ch&noUDP&sock=startd_5889_f151>
	SlotName: slot1_17@b9p16p4396.cern.ch
	CondorScratchDir = "/pool/condor/dir_953554"
	Cpus = 4
	Disk = 3953
	GPUs = 0
	Memory = 12000
...
001 (12494143.012.000) 06/09 06:35:30 Job executing on host: <128.142.51.201:9618?addrs=128.142.51.201-9618+[2001-1458-301-3--100-6]-9618&alias=b9g02p2419.cern.ch&noUDP&sock=startd_6770_3c41>
	SlotName: slot1_3@b9g02p2419.cern.ch
	CondorScratchDir = "/pool/condor/dir_2436961"
	Cpus = 4
	Disk = 3895
	GPUs = 0
	Memory = 12000
...
040 (12494143.011.000) 06/09 06:35:31 Started transferring input files
	Transferring to host: <128.142.161.96:9618?addrs=128.142.161.96-9618+[2001-1458-301-b8--100-1e]-9618&alias=b9g03p4133.cern.ch&noUDP&sock=slot1_11_2161737_06bb_2142>
...
040 (12494143.011.000) 06/09 06:35:31 Finished transferring input files
...
040 (12494143.003.000) 06/09 06:35:31 Started transferring input files
	Transferring to host: <188.185.195.45:9618?addrs=188.185.195.45-9618+[2001-1458-303-22--100-29]-9618&alias=b9p17p0675.cern.ch&noUDP&sock=slot1_9_7024_cb17_6705>
...
040 (12494143.003.000) 06/09 06:35:31 Finished transferring input files
...
040 (12494143.006.000) 06/09 06:35:31 Started transferring input files
	Transferring to host: <188.185.193.125:9618?addrs=188.185.193.125-9618+[2001-1458-303-20--100-79]-9618&alias=b9p19p7400.cern.ch&noUDP&sock=slot1_6_3268_59fe_7283>
...
040 (12494143.006.000) 06/09 06:35:31 Finished transferring input files
...
001 (12494143.011.000) 06/09 06:35:32 Job executing on host: <128.142.161.96:9618?addrs=128.142.161.96-9618+[2001-1458-301-b8--100-1e]-9618&alias=b9g03p4133.cern.ch&noUDP&sock=startd_2661_cd9a>
	SlotName: slot1_11@b9g03p4133.cern.ch
	CondorScratchDir = "/pool/condor/dir_500017"
	Cpus = 4
	Disk = 3989
	GPUs = 0
	Memory = 12000
...
001 (12494143.003.000) 06/09 06:35:33 Job executing on host: <188.185.195.45:9618?addrs=188.185.195.45-9618+[2001-1458-303-22--100-29]-9618&alias=b9p17p0675.cern.ch&noUDP&sock=startd_6505_77a8>
	SlotName: slot1_9@b9p17p0675.cern.ch
	CondorScratchDir = "/pool/condor/dir_3608583"
	Cpus = 4
	Disk = 3845
	GPUs = 0
	Memory = 12000
...
001 (12494143.006.000) 06/09 06:35:33 Job executing on host: <188.185.193.125:9618?addrs=188.185.193.125-9618+[2001-1458-303-20--100-79]-9618&alias=b9p19p7400.cern.ch&noUDP&sock=startd_3028_88dc>
	SlotName: slot1_6@b9p19p7400.cern.ch
	CondorScratchDir = "/pool/condor/dir_3909259"
	Cpus = 4
	Disk = 3924
	GPUs = 0
	Memory = 12000
...
006 (12494143.002.000) 06/09 06:35:36 Image size of job updated: 291720
	285  -  MemoryUsage of job (MB)
	291720  -  ResidentSetSize of job (KB)
...
006 (12494143.008.000) 06/09 06:35:37 Image size of job updated: 134544
	132  -  MemoryUsage of job (MB)
	134544  -  ResidentSetSize of job (KB)
...
006 (12494143.005.000) 06/09 06:35:38 Image size of job updated: 2500
	3  -  MemoryUsage of job (MB)
	2500  -  ResidentSetSize of job (KB)
...
040 (12494143.010.000) 06/09 06:35:39 Started transferring input files
	Transferring to host: <188.185.196.34:9618?addrs=188.185.196.34-9618+[2001-1458-303-23--100-1e]-9618&alias=b9p16p6905.cern.ch&noUDP&sock=slot1_5_6705_076a_8291>
...
040 (12494143.010.000) 06/09 06:35:39 Finished transferring input files
...
001 (12494143.010.000) 06/09 06:35:40 Job executing on host: <188.185.196.34:9618?addrs=188.185.196.34-9618+[2001-1458-303-23--100-1e]-9618&alias=b9p16p6905.cern.ch&noUDP&sock=startd_5957_95c2>
	SlotName: slot1_5@b9p16p6905.cern.ch
	CondorScratchDir = "/pool/condor/dir_3562768"
	Cpus = 4
	Disk = 3938
	GPUs = 0
	Memory = 12000
...
006 (12494143.006.000) 06/09 06:35:41 Image size of job updated: 85796
	84  -  MemoryUsage of job (MB)
	85796  -  ResidentSetSize of job (KB)
...
006 (12494143.011.000) 06/09 06:35:41 Image size of job updated: 355484
	348  -  MemoryUsage of job (MB)
	355484  -  ResidentSetSize of job (KB)
...
006 (12494143.004.000) 06/09 06:35:42 Image size of job updated: 94080
	92  -  MemoryUsage of job (MB)
	94080  -  ResidentSetSize of job (KB)
...
006 (12494143.009.000) 06/09 06:35:43 Image size of job updated: 56584
	56  -  MemoryUsage of job (MB)
	56584  -  ResidentSetSize of job (KB)
...
006 (12494143.007.000) 06/09 06:35:43 Image size of job updated: 35984
	36  -  MemoryUsage of job (MB)
	35984  -  ResidentSetSize of job (KB)
...
006 (12494143.012.000) 06/09 06:35:44 Image size of job updated: 80392
	79  -  MemoryUsage of job (MB)
	80392  -  ResidentSetSize of job (KB)
...
006 (12494143.003.000) 06/09 06:35:46 Image size of job updated: 44800
	44  -  MemoryUsage of job (MB)
	44800  -  ResidentSetSize of job (KB)
...
006 (12494143.010.000) 06/09 06:35:53 Image size of job updated: 20600
	21  -  MemoryUsage of job (MB)
	20600  -  ResidentSetSize of job (KB)
...
006 (12494143.000.000) 06/09 06:39:01 Image size of job updated: 394228
	385  -  MemoryUsage of job (MB)
	394228  -  ResidentSetSize of job (KB)
...
006 (12494143.001.000) 06/09 06:39:23 Image size of job updated: 602936
	589  -  MemoryUsage of job (MB)
	602936  -  ResidentSetSize of job (KB)
...
006 (12494143.012.000) 06/09 06:40:26 Image size of job updated: 548904
	79  -  MemoryUsage of job (MB)
	80392  -  ResidentSetSize of job (KB)
...
040 (12494143.012.000) 06/09 06:40:26 Started transferring output files
...
040 (12494143.012.000) 06/09 06:40:26 Finished transferring output files
...
005 (12494143.012.000) 06/09 06:40:26 Job terminated.
	(1) Normal termination (return value 0)
		Usr 0 00:00:52, Sys 0 00:00:05  -  Run Remote Usage
		Usr 0 00:00:00, Sys 0 00:00:00  -  Run Local Usage
		Usr 0 00:00:52, Sys 0 00:00:05  -  Total Remote Usage
		Usr 0 00:00:00, Sys 0 00:00:00  -  Total Local Usage
	43350  -  Run Bytes Sent By Job
	10856  -  Run Bytes Received By Job
	43350  -  Total Bytes Sent By Job
	10856  -  Total Bytes Received By Job
	Partitionable Resources :    Usage  Request Allocated 
	   Cpus                 :     0.20        4         4 
	   Disk (KB)            :   119           1      3895 
	   GPUs                 :                           0 
	   Memory (MB)          :    79       12000     12000 

	Job terminated of its own accord at 2025-06-09T04:40:26Z with exit-code 0.
...
006 (12494143.002.000) 06/09 06:40:37 Image size of job updated: 849104
	830  -  MemoryUsage of job (MB)
	849104  -  ResidentSetSize of job (KB)
...
006 (12494143.008.000) 06/09 06:40:38 Image size of job updated: 602564
	589  -  MemoryUsage of job (MB)
	602564  -  ResidentSetSize of job (KB)
...
006 (12494143.005.000) 06/09 06:40:39 Image size of job updated: 844912
	826  -  MemoryUsage of job (MB)
	844912  -  ResidentSetSize of job (KB)
...
006 (12494143.006.000) 06/09 06:40:41 Image size of job updated: 414080
	405  -  MemoryUsage of job (MB)
	414080  -  ResidentSetSize of job (KB)
...
006 (12494143.011.000) 06/09 06:40:42 Image size of job updated: 848312
	829  -  MemoryUsage of job (MB)
	848312  -  ResidentSetSize of job (KB)
...
006 (12494143.004.000) 06/09 06:40:42 Image size of job updated: 400240
	391  -  MemoryUsage of job (MB)
	400240  -  ResidentSetSize of job (KB)
...
006 (12494143.009.000) 06/09 06:40:43 Image size of job updated: 594848
	581  -  MemoryUsage of job (MB)
	594848  -  ResidentSetSize of job (KB)
...
006 (12494143.007.000) 06/09 06:40:44 Image size of job updated: 561228
	549  -  MemoryUsage of job (MB)
	561228  -  ResidentSetSize of job (KB)
...
006 (12494143.003.000) 06/09 06:40:46 Image size of job updated: 590264
	577  -  MemoryUsage of job (MB)
	590264  -  ResidentSetSize of job (KB)
...
006 (12494143.010.000) 06/09 06:40:53 Image size of job updated: 564916
	552  -  MemoryUsage of job (MB)
	564916  -  ResidentSetSize of job (KB)
...
006 (12494143.000.000) 06/09 06:44:01 Image size of job updated: 681112
	666  -  MemoryUsage of job (MB)
	681112  -  ResidentSetSize of job (KB)
...
006 (12494143.001.000) 06/09 06:44:24 Image size of job updated: 1034500
	1011  -  MemoryUsage of job (MB)
	1034500  -  ResidentSetSize of job (KB)
...
006 (12494143.002.000) 06/09 06:45:37 Image size of job updated: 1304988
	1275  -  MemoryUsage of job (MB)
	1304988  -  ResidentSetSize of job (KB)
...
006 (12494143.008.000) 06/09 06:45:39 Image size of job updated: 1032820
	1009  -  MemoryUsage of job (MB)
	1032820  -  ResidentSetSize of job (KB)
...
006 (12494143.005.000) 06/09 06:45:40 Image size of job updated: 1291416
	1262  -  MemoryUsage of job (MB)
	1291416  -  ResidentSetSize of job (KB)
...
006 (12494143.011.000) 06/09 06:45:42 Image size of job updated: 1301820
	1272  -  MemoryUsage of job (MB)
	1301820  -  ResidentSetSize of job (KB)
...
006 (12494143.004.000) 06/09 06:45:42 Image size of job updated: 687808
	672  -  MemoryUsage of job (MB)
	687808  -  ResidentSetSize of job (KB)
...
006 (12494143.006.000) 06/09 06:45:42 Image size of job updated: 686776
	671  -  MemoryUsage of job (MB)
	686776  -  ResidentSetSize of job (KB)
...
006 (12494143.007.000) 06/09 06:45:44 Image size of job updated: 1018480
	995  -  MemoryUsage of job (MB)
	1018480  -  ResidentSetSize of job (KB)
...
006 (12494143.009.000) 06/09 06:45:44 Image size of job updated: 1089144
	1064  -  MemoryUsage of job (MB)
	1089144  -  ResidentSetSize of job (KB)
...
006 (12494143.003.000) 06/09 06:45:46 Image size of job updated: 1047024
	1023  -  MemoryUsage of job (MB)
	1047024  -  ResidentSetSize of job (KB)
...
006 (12494143.010.000) 06/09 06:45:54 Image size of job updated: 994460
	972  -  MemoryUsage of job (MB)
	994460  -  ResidentSetSize of job (KB)
...
040 (12494143.005.000) 06/09 06:48:14 Started transferring output files
...
040 (12494143.005.000) 06/09 06:48:14 Finished transferring output files
...
005 (12494143.005.000) 06/09 06:48:14 Job terminated.
	(1) Normal termination (return value 0)
		Usr 0 00:01:56, Sys 0 00:00:09  -  Run Remote Usage
		Usr 0 00:00:00, Sys 0 00:00:00  -  Run Local Usage
		Usr 0 00:01:56, Sys 0 00:00:09  -  Total Remote Usage
		Usr 0 00:00:00, Sys 0 00:00:00  -  Total Local Usage
	44211  -  Run Bytes Sent By Job
	10856  -  Run Bytes Received By Job
	44211  -  Total Bytes Sent By Job
	10856  -  Total Bytes Received By Job
	Partitionable Resources :    Usage  Request Allocated 
	   Cpus                 :     0.13        4         4 
	   Disk (KB)            :   119           1      3970 
	   GPUs                 :                           0 
	   Memory (MB)          :  1262       12000     12000 

	Job terminated of its own accord at 2025-06-09T04:48:14Z with exit-code 0.
...
006 (12494143.000.000) 06/09 06:49:02 Image size of job updated: 943064
	921  -  MemoryUsage of job (MB)
	943064  -  ResidentSetSize of job (KB)
...
006 (12494143.000.000) 06/09 06:49:08 Image size of job updated: 945216
	921  -  MemoryUsage of job (MB)
	943064  -  ResidentSetSize of job (KB)
...
040 (12494143.000.000) 06/09 06:49:08 Started transferring output files
...
040 (12494143.000.000) 06/09 06:49:08 Finished transferring output files
...
005 (12494143.000.000) 06/09 06:49:08 Job terminated.
	(1) Normal termination (return value 0)
		Usr 0 00:01:41, Sys 0 00:00:08  -  Run Remote Usage
		Usr 0 00:00:00, Sys 0 00:00:00  -  Run Local Usage
		Usr 0 00:01:41, Sys 0 00:00:08  -  Total Remote Usage
		Usr 0 00:00:00, Sys 0 00:00:00  -  Total Local Usage
	43921  -  Run Bytes Sent By Job
	10856  -  Run Bytes Received By Job
	43921  -  Total Bytes Sent By Job
	10856  -  Total Bytes Received By Job
	Partitionable Resources :    Usage  Request Allocated 
	   Cpus                 :     0.16        4         4 
	   Disk (KB)            :   121           1      3856 
	   GPUs                 :                           0 
	   Memory (MB)          :   921       12000     12000 

	Job terminated of its own accord at 2025-06-09T04:49:08Z with exit-code 0.
...
040 (12494143.011.000) 06/09 06:49:21 Started transferring output files
...
040 (12494143.011.000) 06/09 06:49:21 Finished transferring output files
...
005 (12494143.011.000) 06/09 06:49:21 Job terminated.
	(1) Normal termination (return value 0)
		Usr 0 00:02:34, Sys 0 00:00:12  -  Run Remote Usage
		Usr 0 00:00:00, Sys 0 00:00:00  -  Run Local Usage
		Usr 0 00:02:34, Sys 0 00:00:12  -  Total Remote Usage
		Usr 0 00:00:00, Sys 0 00:00:00  -  Total Local Usage
	44354  -  Run Bytes Sent By Job
	10856  -  Run Bytes Received By Job
	44354  -  Total Bytes Sent By Job
	10856  -  Total Bytes Received By Job
	Partitionable Resources :    Usage  Request Allocated 
	   Cpus                 :     0.22        4         4 
	   Disk (KB)            :   120           1      3989 
	   GPUs                 :                           0 
	   Memory (MB)          :  1272       12000     12000 

	Job terminated of its own accord at 2025-06-09T04:49:21Z with exit-code 0.
...
006 (12494143.001.000) 06/09 06:49:24 Image size of job updated: 1469308
	1435  -  MemoryUsage of job (MB)
	1469308  -  ResidentSetSize of job (KB)
...
006 (12494143.002.000) 06/09 06:50:38 Image size of job updated: 1760928
	1720  -  MemoryUsage of job (MB)
	1760928  -  ResidentSetSize of job (KB)
...
006 (12494143.008.000) 06/09 06:50:39 Image size of job updated: 1489828
	1455  -  MemoryUsage of job (MB)
	1489828  -  ResidentSetSize of job (KB)
...
006 (12494143.006.000) 06/09 06:50:43 Image size of job updated: 947544
	926  -  MemoryUsage of job (MB)
	947544  -  ResidentSetSize of job (KB)
...
006 (12494143.004.000) 06/09 06:50:43 Image size of job updated: 970444
	948  -  MemoryUsage of job (MB)
	970444  -  ResidentSetSize of job (KB)
...
006 (12494143.007.000) 06/09 06:50:44 Image size of job updated: 1466328
	1432  -  MemoryUsage of job (MB)
	1466328  -  ResidentSetSize of job (KB)
...
006 (12494143.009.000) 06/09 06:50:45 Image size of job updated: 1554532
	1519  -  MemoryUsage of job (MB)
	1554532  -  ResidentSetSize of job (KB)
...
040 (12494143.006.000) 06/09 06:50:46 Started transferring output files
...
040 (12494143.006.000) 06/09 06:50:46 Finished transferring output files
...
005 (12494143.006.000) 06/09 06:50:46 Job terminated.
	(1) Normal termination (return value 0)
		Usr 0 00:01:38, Sys 0 00:00:08  -  Run Remote Usage
		Usr 0 00:00:00, Sys 0 00:00:00  -  Run Local Usage
		Usr 0 00:01:38, Sys 0 00:00:08  -  Total Remote Usage
		Usr 0 00:00:00, Sys 0 00:00:00  -  Total Local Usage
	43851  -  Run Bytes Sent By Job
	10856  -  Run Bytes Received By Job
	43851  -  Total Bytes Sent By Job
	10856  -  Total Bytes Received By Job
	Partitionable Resources :    Usage  Request Allocated 
	   Cpus                 :     0.18        4         4 
	   Disk (KB)            :   120           1      3924 
	   GPUs                 :                           0 
	   Memory (MB)          :   926       12000     12000 

	Job terminated of its own accord at 2025-06-09T04:50:46Z with exit-code 0.
...
006 (12494143.003.000) 06/09 06:50:47 Image size of job updated: 1504180
	1469  -  MemoryUsage of job (MB)
	1504180  -  ResidentSetSize of job (KB)
...
006 (12494143.010.000) 06/09 06:50:54 Image size of job updated: 1445660
	1412  -  MemoryUsage of job (MB)
	1445660  -  ResidentSetSize of job (KB)
...
006 (12494143.001.000) 06/09 06:54:25 Image size of job updated: 1924864
	1880  -  MemoryUsage of job (MB)
	1924864  -  ResidentSetSize of job (KB)
...
006 (12494143.002.000) 06/09 06:55:39 Image size of job updated: 2189728
	2139  -  MemoryUsage of job (MB)
	2189728  -  ResidentSetSize of job (KB)
...
006 (12494143.008.000) 06/09 06:55:39 Image size of job updated: 1932728
	1888  -  MemoryUsage of job (MB)
	1932728  -  ResidentSetSize of job (KB)
...
006 (12494143.004.000) 06/09 06:55:44 Image size of job updated: 1241428
	1213  -  MemoryUsage of job (MB)
	1241428  -  ResidentSetSize of job (KB)
...
006 (12494143.007.000) 06/09 06:55:45 Image size of job updated: 1907464
	1863  -  MemoryUsage of job (MB)
	1907464  -  ResidentSetSize of job (KB)
...
006 (12494143.009.000) 06/09 06:55:45 Image size of job updated: 2031320
	1984  -  MemoryUsage of job (MB)
	2031320  -  ResidentSetSize of job (KB)
...
006 (12494143.003.000) 06/09 06:55:47 Image size of job updated: 1962960
	1917  -  MemoryUsage of job (MB)
	1962960  -  ResidentSetSize of job (KB)
...
006 (12494143.010.000) 06/09 06:55:54 Image size of job updated: 1885020
	1841  -  MemoryUsage of job (MB)
	1885020  -  ResidentSetSize of job (KB)
...
006 (12494143.001.000) 06/09 06:59:26 Image size of job updated: 2356116
	2301  -  MemoryUsage of job (MB)
	2356116  -  ResidentSetSize of job (KB)
...
006 (12494143.002.000) 06/09 07:00:39 Image size of job updated: 2363388
	2308  -  MemoryUsage of job (MB)
	2363388  -  ResidentSetSize of job (KB)
...
006 (12494143.008.000) 06/09 07:00:40 Image size of job updated: 2386348
	2331  -  MemoryUsage of job (MB)
	2386348  -  ResidentSetSize of job (KB)
...
006 (12494143.004.000) 06/09 07:00:44 Image size of job updated: 1532416
	1497  -  MemoryUsage of job (MB)
	1532416  -  ResidentSetSize of job (KB)
...
006 (12494143.007.000) 06/09 07:00:45 Image size of job updated: 2364464
	2310  -  MemoryUsage of job (MB)
	2364464  -  ResidentSetSize of job (KB)
...
006 (12494143.009.000) 06/09 07:00:46 Image size of job updated: 2616904
	2556  -  MemoryUsage of job (MB)
	2616904  -  ResidentSetSize of job (KB)
...
006 (12494143.003.000) 06/09 07:00:47 Image size of job updated: 2414952
	2359  -  MemoryUsage of job (MB)
	2414952  -  ResidentSetSize of job (KB)
...
006 (12494143.010.000) 06/09 07:00:55 Image size of job updated: 2317356
	2264  -  MemoryUsage of job (MB)
	2317356  -  ResidentSetSize of job (KB)
...
006 (12494143.001.000) 06/09 07:04:26 Image size of job updated: 2921624
	2854  -  MemoryUsage of job (MB)
	2921624  -  ResidentSetSize of job (KB)
...
006 (12494143.002.000) 06/09 07:05:39 Image size of job updated: 2977420
	2908  -  MemoryUsage of job (MB)
	2977420  -  ResidentSetSize of job (KB)
...
006 (12494143.008.000) 06/09 07:05:40 Image size of job updated: 3028672
	2958  -  MemoryUsage of job (MB)
	3028672  -  ResidentSetSize of job (KB)
...
006 (12494143.007.000) 06/09 07:05:45 Image size of job updated: 2902832
	2835  -  MemoryUsage of job (MB)
	2902832  -  ResidentSetSize of job (KB)
...
006 (12494143.004.000) 06/09 07:05:45 Image size of job updated: 1796652
	1755  -  MemoryUsage of job (MB)
	1796652  -  ResidentSetSize of job (KB)
...
006 (12494143.009.000) 06/09 07:05:47 Image size of job updated: 3084100
	3012  -  MemoryUsage of job (MB)
	3084100  -  ResidentSetSize of job (KB)
...
006 (12494143.003.000) 06/09 07:05:48 Image size of job updated: 2976920
	2908  -  MemoryUsage of job (MB)
	2976920  -  ResidentSetSize of job (KB)
...
006 (12494143.010.000) 06/09 07:05:55 Image size of job updated: 2880596
	2814  -  MemoryUsage of job (MB)
	2880596  -  ResidentSetSize of job (KB)
...
006 (12494143.001.000) 06/09 07:09:27 Image size of job updated: 3357372
	3279  -  MemoryUsage of job (MB)
	3357372  -  ResidentSetSize of job (KB)
...
006 (12494143.002.000) 06/09 07:10:40 Image size of job updated: 3409388
	3330  -  MemoryUsage of job (MB)
	3409388  -  ResidentSetSize of job (KB)
...
006 (12494143.008.000) 06/09 07:10:40 Image size of job updated: 3463924
	3383  -  MemoryUsage of job (MB)
	3463924  -  ResidentSetSize of job (KB)
...
006 (12494143.004.000) 06/09 07:10:46 Image size of job updated: 2087572
	2039  -  MemoryUsage of job (MB)
	2087572  -  ResidentSetSize of job (KB)
...
006 (12494143.007.000) 06/09 07:10:46 Image size of job updated: 3363428
	3285  -  MemoryUsage of job (MB)
	3363428  -  ResidentSetSize of job (KB)
...
006 (12494143.009.000) 06/09 07:10:47 Image size of job updated: 3580796
	3497  -  MemoryUsage of job (MB)
	3580796  -  ResidentSetSize of job (KB)
...
006 (12494143.003.000) 06/09 07:10:49 Image size of job updated: 3436996
	3357  -  MemoryUsage of job (MB)
	3436996  -  ResidentSetSize of job (KB)
...
006 (12494143.010.000) 06/09 07:10:55 Image size of job updated: 3318160
	3241  -  MemoryUsage of job (MB)
	3318160  -  ResidentSetSize of job (KB)
...
040 (12494143.002.000) 06/09 07:11:07 Started transferring output files
...
040 (12494143.002.000) 06/09 07:11:07 Finished transferring output files
...
005 (12494143.002.000) 06/09 07:11:07 Job terminated.
	(1) Normal termination (return value 0)
		Usr 0 00:06:05, Sys 0 00:00:31  -  Run Remote Usage
		Usr 0 00:00:00, Sys 0 00:00:00  -  Run Local Usage
		Usr 0 00:06:05, Sys 0 00:00:31  -  Total Remote Usage
		Usr 0 00:00:00, Sys 0 00:00:00  -  Total Local Usage
	46731  -  Run Bytes Sent By Job
	10856  -  Run Bytes Received By Job
	46731  -  Total Bytes Sent By Job
	10856  -  Total Bytes Received By Job
	Partitionable Resources :    Usage  Request Allocated 
	   Cpus                 :     0.20        4         4 
	   Disk (KB)            :   121           1      3897 
	   GPUs                 :                           0 
	   Memory (MB)          :  3330       12000     12000 

	Job terminated of its own accord at 2025-06-09T05:11:07Z with exit-code 0.
...
006 (12494143.001.000) 06/09 07:14:28 Image size of job updated: 3816976
	3728  -  MemoryUsage of job (MB)
	3816976  -  ResidentSetSize of job (KB)
...
006 (12494143.008.000) 06/09 07:15:41 Image size of job updated: 3920164
	3829  -  MemoryUsage of job (MB)
	3920164  -  ResidentSetSize of job (KB)
...
006 (12494143.004.000) 06/09 07:15:46 Image size of job updated: 2350192
	2296  -  MemoryUsage of job (MB)
	2350192  -  ResidentSetSize of job (KB)
...
006 (12494143.007.000) 06/09 07:15:47 Image size of job updated: 3821512
	3732  -  MemoryUsage of job (MB)
	3821512  -  ResidentSetSize of job (KB)
...
006 (12494143.009.000) 06/09 07:15:48 Image size of job updated: 4051224
	3957  -  MemoryUsage of job (MB)
	4051224  -  ResidentSetSize of job (KB)
...
006 (12494143.003.000) 06/09 07:15:49 Image size of job updated: 3893524
	3803  -  MemoryUsage of job (MB)
	3893524  -  ResidentSetSize of job (KB)
...
006 (12494143.010.000) 06/09 07:15:56 Image size of job updated: 3775112
	3687  -  MemoryUsage of job (MB)
	3775112  -  ResidentSetSize of job (KB)
...
006 (12494143.001.000) 06/09 07:19:28 Image size of job updated: 4252144
	4153  -  MemoryUsage of job (MB)
	4252144  -  ResidentSetSize of job (KB)
...
006 (12494143.008.000) 06/09 07:20:42 Image size of job updated: 4383228
	4281  -  MemoryUsage of job (MB)
	4383228  -  ResidentSetSize of job (KB)
...
006 (12494143.007.000) 06/09 07:20:47 Image size of job updated: 4284176
	4184  -  MemoryUsage of job (MB)
	4284176  -  ResidentSetSize of job (KB)
...
006 (12494143.004.000) 06/09 07:20:47 Image size of job updated: 2745928
	2682  -  MemoryUsage of job (MB)
	2745928  -  ResidentSetSize of job (KB)
...
006 (12494143.009.000) 06/09 07:20:49 Image size of job updated: 4514072
	4409  -  MemoryUsage of job (MB)
	4514072  -  ResidentSetSize of job (KB)
...
006 (12494143.003.000) 06/09 07:20:50 Image size of job updated: 4354492
	4253  -  MemoryUsage of job (MB)
	4354492  -  ResidentSetSize of job (KB)
...
006 (12494143.010.000) 06/09 07:20:56 Image size of job updated: 4209092
	4111  -  MemoryUsage of job (MB)
	4209092  -  ResidentSetSize of job (KB)
...
006 (12494143.001.000) 06/09 07:24:29 Image size of job updated: 4714620
	4605  -  MemoryUsage of job (MB)
	4714620  -  ResidentSetSize of job (KB)
...
006 (12494143.009.000) 06/09 07:24:39 Image size of job updated: 4943660
	4409  -  MemoryUsage of job (MB)
	4514072  -  ResidentSetSize of job (KB)
...
040 (12494143.009.000) 06/09 07:24:39 Started transferring output files
...
040 (12494143.009.000) 06/09 07:24:39 Finished transferring output files
...
005 (12494143.009.000) 06/09 07:24:39 Job terminated.
	(1) Normal termination (return value 0)
		Usr 0 00:09:11, Sys 0 00:00:41  -  Run Remote Usage
		Usr 0 00:00:00, Sys 0 00:00:00  -  Run Local Usage
		Usr 0 00:09:11, Sys 0 00:00:41  -  Total Remote Usage
		Usr 0 00:00:00, Sys 0 00:00:00  -  Total Local Usage
	48602  -  Run Bytes Sent By Job
	10856  -  Run Bytes Received By Job
	48602  -  Total Bytes Sent By Job
	10856  -  Total Bytes Received By Job
	Partitionable Resources :    Usage  Request Allocated 
	   Cpus                 :     0.24        4         4 
	   Disk (KB)            :   124           1      3953 
	   GPUs                 :                           0 
	   Memory (MB)          :  4409       12000     12000 

	Job terminated of its own accord at 2025-06-09T05:24:39Z with exit-code 0.
...
006 (12494143.008.000) 06/09 07:25:42 Image size of job updated: 4812116
	4700  -  MemoryUsage of job (MB)
	4812116  -  ResidentSetSize of job (KB)
...
006 (12494143.004.000) 06/09 07:25:48 Image size of job updated: 3010220
	2940  -  MemoryUsage of job (MB)
	3010220  -  ResidentSetSize of job (KB)
...
006 (12494143.007.000) 06/09 07:25:48 Image size of job updated: 4743248
	4633  -  MemoryUsage of job (MB)
	4743248  -  ResidentSetSize of job (KB)
...
006 (12494143.003.000) 06/09 07:25:51 Image size of job updated: 4812900
	4701  -  MemoryUsage of job (MB)
	4812900  -  ResidentSetSize of job (KB)
...
006 (12494143.010.000) 06/09 07:25:56 Image size of job updated: 4665048
	4556  -  MemoryUsage of job (MB)
	4665048  -  ResidentSetSize of job (KB)
...
006 (12494143.001.000) 06/09 07:29:30 Image size of job updated: 5214116
	5092  -  MemoryUsage of job (MB)
	5214116  -  ResidentSetSize of job (KB)
...
006 (12494143.008.000) 06/09 07:30:42 Image size of job updated: 5337684
	5213  -  MemoryUsage of job (MB)
	5337684  -  ResidentSetSize of job (KB)
...
006 (12494143.004.000) 06/09 07:30:48 Image size of job updated: 3303048
	3226  -  MemoryUsage of job (MB)
	3303048  -  ResidentSetSize of job (KB)
...
006 (12494143.007.000) 06/09 07:30:49 Image size of job updated: 5269008
	5146  -  MemoryUsage of job (MB)
	5269008  -  ResidentSetSize of job (KB)
...
006 (12494143.003.000) 06/09 07:30:51 Image size of job updated: 5335148
	5211  -  MemoryUsage of job (MB)
	5335148  -  ResidentSetSize of job (KB)
...
006 (12494143.010.000) 06/09 07:30:57 Image size of job updated: 5167376
	5047  -  MemoryUsage of job (MB)
	5167376  -  ResidentSetSize of job (KB)
...
006 (12494143.001.000) 06/09 07:34:30 Image size of job updated: 5648944
	5517  -  MemoryUsage of job (MB)
	5648944  -  ResidentSetSize of job (KB)
...
006 (12494143.008.000) 06/09 07:35:44 Image size of job updated: 5766748
	5632  -  MemoryUsage of job (MB)
	5766748  -  ResidentSetSize of job (KB)
...
006 (12494143.004.000) 06/09 07:35:48 Image size of job updated: 3569236
	3486  -  MemoryUsage of job (MB)
	3569236  -  ResidentSetSize of job (KB)
...
006 (12494143.007.000) 06/09 07:35:49 Image size of job updated: 5702948
	5570  -  MemoryUsage of job (MB)
	5702948  -  ResidentSetSize of job (KB)
...
006 (12494143.003.000) 06/09 07:35:52 Image size of job updated: 5801188
	5666  -  MemoryUsage of job (MB)
	5801188  -  ResidentSetSize of job (KB)
...
006 (12494143.010.000) 06/09 07:35:57 Image size of job updated: 5599708
	5469  -  MemoryUsage of job (MB)
	5599708  -  ResidentSetSize of job (KB)
...
006 (12494143.007.000) 06/09 07:37:44 Image size of job updated: 5859240
	5570  -  MemoryUsage of job (MB)
	5702948  -  ResidentSetSize of job (KB)
...
040 (12494143.007.000) 06/09 07:37:44 Started transferring output files
...
040 (12494143.007.000) 06/09 07:37:44 Finished transferring output files
...
005 (12494143.007.000) 06/09 07:37:44 Job terminated.
	(1) Normal termination (return value 0)
		Usr 0 00:09:30, Sys 0 00:00:40  -  Run Remote Usage
		Usr 0 00:00:00, Sys 0 00:00:00  -  Run Local Usage
		Usr 0 00:09:30, Sys 0 00:00:40  -  Total Remote Usage
		Usr 0 00:00:00, Sys 0 00:00:00  -  Total Local Usage
	49755  -  Run Bytes Sent By Job
	10856  -  Run Bytes Received By Job
	49755  -  Total Bytes Sent By Job
	10856  -  Total Bytes Received By Job
	Partitionable Resources :    Usage  Request Allocated 
	   Cpus                 :     0.10        4         4 
	   Disk (KB)            :   125           1      3788 
	   GPUs                 :                           0 
	   Memory (MB)          :  5570       12000     12000 

	Job terminated of its own accord at 2025-06-09T05:37:44Z with exit-code 0.
...
006 (12494143.001.000) 06/09 07:39:31 Image size of job updated: 6102828
	5960  -  MemoryUsage of job (MB)
	6102828  -  ResidentSetSize of job (KB)
...
006 (12494143.008.000) 06/09 07:40:44 Image size of job updated: 6198940
	6054  -  MemoryUsage of job (MB)
	6198940  -  ResidentSetSize of job (KB)
...
006 (12494143.004.000) 06/09 07:40:49 Image size of job updated: 3856472
	3767  -  MemoryUsage of job (MB)
	3856472  -  ResidentSetSize of job (KB)
...
006 (12494143.003.000) 06/09 07:40:53 Image size of job updated: 6250064
	6104  -  MemoryUsage of job (MB)
	6250064  -  ResidentSetSize of job (KB)
...
006 (12494143.010.000) 06/09 07:40:57 Image size of job updated: 6058188
	5917  -  MemoryUsage of job (MB)
	6058188  -  ResidentSetSize of job (KB)
...
006 (12494143.001.000) 06/09 07:44:32 Image size of job updated: 6535040
	6382  -  MemoryUsage of job (MB)
	6535040  -  ResidentSetSize of job (KB)
...
006 (12494143.008.000) 06/09 07:45:44 Image size of job updated: 6650292
	6495  -  MemoryUsage of job (MB)
	6650292  -  ResidentSetSize of job (KB)
...
006 (12494143.004.000) 06/09 07:45:49 Image size of job updated: 4019060
	3925  -  MemoryUsage of job (MB)
	4019060  -  ResidentSetSize of job (KB)
...
006 (12494143.003.000) 06/09 07:45:53 Image size of job updated: 6698528
	6542  -  MemoryUsage of job (MB)
	6698528  -  ResidentSetSize of job (KB)
...
006 (12494143.010.000) 06/09 07:45:58 Image size of job updated: 6490660
	6339  -  MemoryUsage of job (MB)
	6490660  -  ResidentSetSize of job (KB)
...
006 (12494143.003.000) 06/09 07:46:05 Image size of job updated: 6703984
	6542  -  MemoryUsage of job (MB)
	6698528  -  ResidentSetSize of job (KB)
...
040 (12494143.003.000) 06/09 07:46:05 Started transferring output files
...
040 (12494143.003.000) 06/09 07:46:05 Finished transferring output files
...
005 (12494143.003.000) 06/09 07:46:05 Job terminated.
	(1) Normal termination (return value 0)
		Usr 0 00:13:41, Sys 0 00:01:00  -  Run Remote Usage
		Usr 0 00:00:00, Sys 0 00:00:00  -  Run Local Usage
		Usr 0 00:13:41, Sys 0 00:01:00  -  Total Remote Usage
		Usr 0 00:00:00, Sys 0 00:00:00  -  Total Local Usage
	50846  -  Run Bytes Sent By Job
	10856  -  Run Bytes Received By Job
	50846  -  Total Bytes Sent By Job
	10856  -  Total Bytes Received By Job
	Partitionable Resources :    Usage  Request Allocated 
	   Cpus                 :     0.23        4         4 
	   Disk (KB)            :   126           1      3845 
	   GPUs                 :                           0 
	   Memory (MB)          :  6542       12000     12000 

	Job terminated of its own accord at 2025-06-09T05:46:05Z with exit-code 0.
...
006 (12494143.001.000) 06/09 07:49:32 Image size of job updated: 6996492
	6833  -  MemoryUsage of job (MB)
	6996492  -  ResidentSetSize of job (KB)
...
006 (12494143.008.000) 06/09 07:50:45 Image size of job updated: 7080360
	6915  -  MemoryUsage of job (MB)
	7080360  -  ResidentSetSize of job (KB)
...
006 (12494143.004.000) 06/09 07:50:49 Image size of job updated: 4218508
	4120  -  MemoryUsage of job (MB)
	4218508  -  ResidentSetSize of job (KB)
...
006 (12494143.010.000) 06/09 07:50:59 Image size of job updated: 6930372
	6768  -  MemoryUsage of job (MB)
	6930372  -  ResidentSetSize of job (KB)
...
006 (12494143.010.000) 06/09 07:52:46 Image size of job updated: 7049024
	6768  -  MemoryUsage of job (MB)
	6930416  -  ResidentSetSize of job (KB)
...
040 (12494143.010.000) 06/09 07:52:46 Started transferring output files
...
040 (12494143.010.000) 06/09 07:52:47 Finished transferring output files
...
005 (12494143.010.000) 06/09 07:52:47 Job terminated.
	(1) Normal termination (return value 0)
		Usr 0 00:13:14, Sys 0 00:00:59  -  Run Remote Usage
		Usr 0 00:00:00, Sys 0 00:00:00  -  Run Local Usage
		Usr 0 00:13:14, Sys 0 00:00:59  -  Total Remote Usage
		Usr 0 00:00:00, Sys 0 00:00:00  -  Total Local Usage
	51284  -  Run Bytes Sent By Job
	10856  -  Run Bytes Received By Job
	51284  -  Total Bytes Sent By Job
	10856  -  Total Bytes Received By Job
	Partitionable Resources :    Usage  Request Allocated 
	   Cpus                 :     0.21        4         4 
	   Disk (KB)            :   127           1      3938 
	   GPUs                 :                           0 
	   Memory (MB)          :  6768       12000     12000 

	Job terminated of its own accord at 2025-06-09T05:52:46Z with exit-code 0.
...
006 (12494143.001.000) 06/09 07:54:33 Image size of job updated: 7427908
	7254  -  MemoryUsage of job (MB)
	7427908  -  ResidentSetSize of job (KB)
...
006 (12494143.008.000) 06/09 07:55:46 Image size of job updated: 7508272
	7333  -  MemoryUsage of job (MB)
	7508272  -  ResidentSetSize of job (KB)
...
006 (12494143.004.000) 06/09 07:55:50 Image size of job updated: 4379356
	4277  -  MemoryUsage of job (MB)
	4379356  -  ResidentSetSize of job (KB)
...
006 (12494143.001.000) 06/09 07:59:34 Image size of job updated: 7888124
	7704  -  MemoryUsage of job (MB)
	7888124  -  ResidentSetSize of job (KB)
...
006 (12494143.008.000) 06/09 08:00:46 Image size of job updated: 7942268
	7757  -  MemoryUsage of job (MB)
	7942268  -  ResidentSetSize of job (KB)
...
006 (12494143.004.000) 06/09 08:00:50 Image size of job updated: 4412044
	4309  -  MemoryUsage of job (MB)
	4412044  -  ResidentSetSize of job (KB)
...
006 (12494143.001.000) 06/09 08:04:34 Image size of job updated: 8320712
	8126  -  MemoryUsage of job (MB)
	8320712  -  ResidentSetSize of job (KB)
...
006 (12494143.008.000) 06/09 08:05:46 Image size of job updated: 8393808
	8198  -  MemoryUsage of job (MB)
	8393808  -  ResidentSetSize of job (KB)
...
006 (12494143.004.000) 06/09 08:05:50 Image size of job updated: 4445724
	4342  -  MemoryUsage of job (MB)
	4445724  -  ResidentSetSize of job (KB)
...
006 (12494143.001.000) 06/09 08:09:35 Image size of job updated: 8781180
	8576  -  MemoryUsage of job (MB)
	8781180  -  ResidentSetSize of job (KB)
...
006 (12494143.008.000) 06/09 08:10:47 Image size of job updated: 8823732
	8617  -  MemoryUsage of job (MB)
	8823732  -  ResidentSetSize of job (KB)
...
006 (12494143.004.000) 06/09 08:10:51 Image size of job updated: 4677588
	4568  -  MemoryUsage of job (MB)
	4677588  -  ResidentSetSize of job (KB)
...
006 (12494143.001.000) 06/09 08:14:36 Image size of job updated: 9211296
	8996  -  MemoryUsage of job (MB)
	9211296  -  ResidentSetSize of job (KB)
...
006 (12494143.008.000) 06/09 08:15:48 Image size of job updated: 9256888
	9040  -  MemoryUsage of job (MB)
	9256888  -  ResidentSetSize of job (KB)
...
006 (12494143.004.000) 06/09 08:15:52 Image size of job updated: 4745604
	4635  -  MemoryUsage of job (MB)
	4745604  -  ResidentSetSize of job (KB)
...
006 (12494143.001.000) 06/09 08:19:36 Image size of job updated: 9662980
	9437  -  MemoryUsage of job (MB)
	9662980  -  ResidentSetSize of job (KB)
...
006 (12494143.008.000) 06/09 08:20:48 Image size of job updated: 9682412
	9456  -  MemoryUsage of job (MB)
	9682412  -  ResidentSetSize of job (KB)
...
006 (12494143.004.000) 06/09 08:20:52 Image size of job updated: 4965048
	4849  -  MemoryUsage of job (MB)
	4965048  -  ResidentSetSize of job (KB)
...
006 (12494143.001.000) 06/09 08:24:37 Image size of job updated: 10103728
	9867  -  MemoryUsage of job (MB)
	10103728  -  ResidentSetSize of job (KB)
...
006 (12494143.008.000) 06/09 08:25:49 Image size of job updated: 10134224
	9897  -  MemoryUsage of job (MB)
	10134224  -  ResidentSetSize of job (KB)
...
006 (12494143.004.000) 06/09 08:25:53 Image size of job updated: 5232740
	5111  -  MemoryUsage of job (MB)
	5232740  -  ResidentSetSize of job (KB)
...
006 (12494143.001.000) 06/09 08:29:38 Image size of job updated: 10540932
	10294  -  MemoryUsage of job (MB)
	10540932  -  ResidentSetSize of job (KB)
...
006 (12494143.008.000) 06/09 08:30:50 Image size of job updated: 10562032
	10315  -  MemoryUsage of job (MB)
	10562032  -  ResidentSetSize of job (KB)
...
006 (12494143.004.000) 06/09 08:30:54 Image size of job updated: 5523332
	5394  -  MemoryUsage of job (MB)
	5523332  -  ResidentSetSize of job (KB)
...
040 (12494143.008.000) 06/09 08:31:59 Started transferring output files
...
040 (12494143.008.000) 06/09 08:31:59 Finished transferring output files
...
005 (12494143.008.000) 06/09 08:31:59 Job terminated.
	(1) Normal termination (return value 0)
		Usr 0 00:20:28, Sys 0 00:01:34  -  Run Remote Usage
		Usr 0 00:00:00, Sys 0 00:00:00  -  Run Local Usage
		Usr 0 00:20:28, Sys 0 00:01:34  -  Total Remote Usage
		Usr 0 00:00:00, Sys 0 00:00:00  -  Total Local Usage
	55662  -  Run Bytes Sent By Job
	10856  -  Run Bytes Received By Job
	55662  -  Total Bytes Sent By Job
	10856  -  Total Bytes Received By Job
	Partitionable Resources :    Usage  Request Allocated 
	   Cpus                 :     0.24        4         4 
	   Disk (KB)            :   131           1      3858 
	   GPUs                 :                           0 
	   Memory (MB)          : 10315       12000     12000 

	Job terminated of its own accord at 2025-06-09T06:31:59Z with exit-code 0.
...
006 (12494143.004.000) 06/09 08:33:51 Image size of job updated: 5653692
	5394  -  MemoryUsage of job (MB)
	5523332  -  ResidentSetSize of job (KB)
...
040 (12494143.004.000) 06/09 08:33:51 Started transferring output files
...
040 (12494143.004.000) 06/09 08:33:51 Finished transferring output files
...
005 (12494143.004.000) 06/09 08:33:51 Job terminated.
	(1) Normal termination (return value 0)
		Usr 0 00:10:17, Sys 0 00:00:46  -  Run Remote Usage
		Usr 0 00:00:00, Sys 0 00:00:00  -  Run Local Usage
		Usr 0 00:10:17, Sys 0 00:00:46  -  Total Remote Usage
		Usr 0 00:00:00, Sys 0 00:00:00  -  Total Local Usage
	49539  -  Run Bytes Sent By Job
	10856  -  Run Bytes Received By Job
	49539  -  Total Bytes Sent By Job
	10856  -  Total Bytes Received By Job
	Partitionable Resources :    Usage  Request Allocated 
	   Cpus                 :     0.07        4         4 
	   Disk (KB)            :   125           1      3868 
	   GPUs                 :                           0 
	   Memory (MB)          :  5394       12000     12000 

	Job terminated of its own accord at 2025-06-09T06:33:51Z with exit-code 0.
...
006 (12494143.001.000) 06/09 08:34:33 Image size of job updated: 10959836
	10294  -  MemoryUsage of job (MB)
	10540932  -  ResidentSetSize of job (KB)
...
040 (12494143.001.000) 06/09 08:34:33 Started transferring output files
...
040 (12494143.001.000) 06/09 08:34:33 Finished transferring output files
...
005 (12494143.001.000) 06/09 08:34:33 Job terminated.
	(1) Normal termination (return value 0)
		Usr 0 00:21:02, Sys 0 00:01:34  -  Run Remote Usage
		Usr 0 00:00:00, Sys 0 00:00:00  -  Run Local Usage
		Usr 0 00:21:02, Sys 0 00:01:34  -  Total Remote Usage
		Usr 0 00:00:00, Sys 0 00:00:00  -  Total Local Usage
	56246  -  Run Bytes Sent By Job
	10856  -  Run Bytes Received By Job
	56246  -  Total Bytes Sent By Job
	10856  -  Total Bytes Received By Job
	Partitionable Resources :    Usage  Request Allocated 
	   Cpus                 :     0.21        4         4 
	   Disk (KB)            :   133           1      3933 
	   GPUs                 :                           0 
	   Memory (MB)          : 10294       12000     12000 

	Job terminated of its own accord at 2025-06-09T06:34:33Z with exit-code 0.
...
