

START---------------
WORKDIR  /u/user/jhlee/ttHH/CMSSW_14_2_1/src/tempTTHH
WORKDIR  /u/user/jhlee/ttHH/CMSSW_14_2_1/src/tempTTHH
TNM_PATH=/u/user/jhlee/ttHH/CMSSW_14_2_1/src/tempTTHH

--------- Check arugments ---------------------------------------

  - [ output file name ] --> /pnfs/knu.ac.kr/data/cms/store/user/junghyun/ttHH/AnalyzerOutput/BTagCSV_B/BTagCSV_B_1.root
  - [ runYear ] --> 2017
  - [ isData ] --> Data
  - [ sampleName ] --> BTagCSV_B
  - [ eraName ] --> B

--------- Check arugments ---------------------------------------


eventBuffer - All branches selected
 Output filename: /pnfs/knu.ac.kr/data/cms/store/user/junghyun/ttHH/AnalyzerOutput/BTagCSV_B/BTagCSV_B_1.root
[CorrectionsManager] json library path : /cvmfs/cms.cern.ch/rsync/cms-nanoAOD/jsonpog-integration
weight = 1

	[35m[ Warning ]: This analyzer commented out [ "WTF" log ] in the header, Please check if you want!!![0m

	[34m[ Log ]: --------------------------------------------------------------------------[0m
	[34m[ Log ]: Before start, Let's check the analysis information[0m
	[34m[ Log ]: Run Year    ----> [  2017  ][0m
	[34m[ Log ]: Data or MC  ----> [  Data  ][0m
	[34m[ Log ]: Sample Name ----> [  BTagCSV_B  ][0m
	[34m[ Log ]: --------------------------------------------------------------------------[0m

	[36m[ Log ]: Processed events of 2017, Data, BTagCSV_B: 0[0m
	[36m[ Log ]: Processed events of 2017, Data, BTagCSV_B: 10000[0m
	[36m[ Log ]: Processed events of 2017, Data, BTagCSV_B: 20000[0m
	[36m[ Log ]: Processed events of 2017, Data, BTagCSV_B: 30000[0m
	[36m[ Log ]: Processed events of 2017, Data, BTagCSV_B: 40000[0m
	[36m[ Log ]: Processed events of 2017, Data, BTagCSV_B: 50000[0m
	[36m[ Log ]: Processed events of 2017, Data, BTagCSV_B: 60000[0m
	[36m[ Log ]: Processed events of 2017, Data, BTagCSV_B: 70000[0m
	[36m[ Log ]: Processed events of 2017, Data, BTagCSV_B: 80000[0m
	[36m[ Log ]: Processed events of 2017, Data, BTagCSV_B: 90000[0m
	[36m[ Log ]: Processed events of 2017, Data, BTagCSV_B: 100000[0m
	[36m[ Log ]: Processed events of 2017, Data, BTagCSV_B: 110000[0m
	[36m[ Log ]: Processed events of 2017, Data, BTagCSV_B: 120000[0m
	[36m[ Log ]: Processed events of 2017, Data, BTagCSV_B: 130000[0m
	[36m[ Log ]: Processed events of 2017, Data, BTagCSV_B: 140000[0m
	[36m[ Log ]: Processed events of 2017, Data, BTagCSV_B: 150000[0m
	[36m[ Log ]: Processed events of 2017, Data, BTagCSV_B: 160000[0m
	[36m[ Log ]: Processed events of 2017, Data, BTagCSV_B: 170000[0m
	[36m[ Log ]: Processed events of 2017, Data, BTagCSV_B: 180000[0m
	[36m[ Log ]: Processed events of 2017, Data, BTagCSV_B: 190000[0m
	[36m[ Log ]: Processed events of 2017, Data, BTagCSV_B: 200000[0m
	[36m[ Log ]: Processed events of 2017, Data, BTagCSV_B: 210000[0m
	[36m[ Log ]: Processed events of 2017, Data, BTagCSV_B: 220000[0m
	[36m[ Log ]: Processed events of 2017, Data, BTagCSV_B: 230000[0m
	[36m[ Log ]: Processed events of 2017, Data, BTagCSV_B: 240000[0m
	[36m[ Log ]: Processed events of 2017, Data, BTagCSV_B: 250000[0m
	[36m[ Log ]: Processed events of 2017, Data, BTagCSV_B: 260000[0m
	[36m[ Log ]: Processed events of 2017, Data, BTagCSV_B: 270000[0m
	[36m[ Log ]: Processed events of 2017, Data, BTagCSV_B: 280000[0m
	[36m[ Log ]: Processed events of 2017, Data, BTagCSV_B: 290000[0m
	[36m[ Log ]: Processed events of 2017, Data, BTagCSV_B: 300000[0m
	[36m[ Log ]: Processed events of 2017, Data, BTagCSV_B: 310000[0m
	[36m[ Log ]: Processed events of 2017, Data, BTagCSV_B: 320000[0m
	[36m[ Log ]: Processed events of 2017, Data, BTagCSV_B: 330000[0m
	[36m[ Log ]: Processed events of 2017, Data, BTagCSV_B: 340000[0m
	[36m[ Log ]: Processed events of 2017, Data, BTagCSV_B: 350000[0m
	[36m[ Log ]: Processed events of 2017, Data, BTagCSV_B: 360000[0m
	[36m[ Log ]: Processed events of 2017, Data, BTagCSV_B: 370000[0m
	[36m[ Log ]: Processed events of 2017, Data, BTagCSV_B: 380000[0m
	[36m[ Log ]: Processed events of 2017, Data, BTagCSV_B: 390000[0m
	[36m[ Log ]: Processed events of 2017, Data, BTagCSV_B: 400000[0m
	[36m[ Log ]: Processed events of 2017, Data, BTagCSV_B: 410000[0m
	[36m[ Log ]: Processed events of 2017, Data, BTagCSV_B: 420000[0m
	[36m[ Log ]: Processed events of 2017, Data, BTagCSV_B: 430000[0m
	[36m[ Log ]: Processed events of 2017, Data, BTagCSV_B: 440000[0m
	[36m[ Log ]: Processed events of 2017, Data, BTagCSV_B: 450000[0m
	[36m[ Log ]: Processed events of 2017, Data, BTagCSV_B: 460000[0m
	[36m[ Log ]: Processed events of 2017, Data, BTagCSV_B: 470000[0m
	[36m[ Log ]: Processed events of 2017, Data, BTagCSV_B: 480000[0m
	[36m[ Log ]: Processed events of 2017, Data, BTagCSV_B: 490000[0m
	[36m[ Log ]: Processed events of 2017, Data, BTagCSV_B: 500000[0m
	[36m[ Log ]: Processed events of 2017, Data, BTagCSV_B: 510000[0m
	[36m[ Log ]: Processed events of 2017, Data, BTagCSV_B: 520000[0m
	[36m[ Log ]: Processed events of 2017, Data, BTagCSV_B: 530000[0m
	[36m[ Log ]: Processed events of 2017, Data, BTagCSV_B: 540000[0m
	[36m[ Log ]: Processed events of 2017, Data, BTagCSV_B: 550000[0m
	[36m[ Log ]: Processed events of 2017, Data, BTagCSV_B: 560000[0m
	[36m[ Log ]: Processed events of 2017, Data, BTagCSV_B: 570000[0m
	[36m[ Log ]: Processed events of 2017, Data, BTagCSV_B: 580000[0m
	[36m[ Log ]: Processed events of 2017, Data, BTagCSV_B: 590000[0m
	[36m[ Log ]: Processed events of 2017, Data, BTagCSV_B: 600000[0m
	[36m[ Log ]: Processed events of 2017, Data, BTagCSV_B: 610000[0m
	[36m[ Log ]: Processed events of 2017, Data, BTagCSV_B: 620000[0m
	[36m[ Log ]: Processed events of 2017, Data, BTagCSV_B: 630000[0m
	[36m[ Log ]: Processed events of 2017, Data, BTagCSV_B: 640000[0m
	[36m[ Log ]: Processed events of 2017, Data, BTagCSV_B: 650000[0m
	[36m[ Log ]: Processed events of 2017, Data, BTagCSV_B: 660000[0m
	[36m[ Log ]: Processed events of 2017, Data, BTagCSV_B: 670000[0m
	[36m[ Log ]: Processed events of 2017, Data, BTagCSV_B: 680000[0m
	[36m[ Log ]: Processed events of 2017, Data, BTagCSV_B: 690000[0m
	[36m[ Log ]: Processed events of 2017, Data, BTagCSV_B: 700000[0m
	[36m[ Log ]: Processed events of 2017, Data, BTagCSV_B: 710000[0m
	[36m[ Log ]: Processed events of 2017, Data, BTagCSV_B: 720000[0m
	[36m[ Log ]: Processed events of 2017, Data, BTagCSV_B: 730000[0m
	[36m[ Log ]: Processed events of 2017, Data, BTagCSV_B: 740000[0m
	[36m[ Log ]: Processed events of 2017, Data, BTagCSV_B: 750000[0m
	[36m[ Log ]: Processed events of 2017, Data, BTagCSV_B: 760000[0m
	[36m[ Log ]: Processed events of 2017, Data, BTagCSV_B: 770000[0m
	[36m[ Log ]: Processed events of 2017, Data, BTagCSV_B: 780000[0m
