

START---------------
WORKDIR  /u/user/jhlee/ttHH/CMSSW_14_2_1/src/tempTTHH
WORKDIR  /u/user/jhlee/ttHH/CMSSW_14_2_1/src/tempTTHH
TNM_PATH=/u/user/jhlee/ttHH/CMSSW_14_2_1/src/tempTTHH

--------- Check arugments ---------------------------------------

  - [ output file name ] --> /pnfs/knu.ac.kr/data/cms/store/user/junghyun/ttHH/AnalyzerOutput/BTagCSV_B/BTagCSV_B_2.root
  - [ runYear ] --> 2017
  - [ isData ] --> Data
  - [ sampleName ] --> BTagCSV_B
  - [ eraName ] --> B

--------- Check arugments ---------------------------------------


eventBuffer - All branches selected
 Output filename: /pnfs/knu.ac.kr/data/cms/store/user/junghyun/ttHH/AnalyzerOutput/BTagCSV_B/BTagCSV_B_2.root
[CorrectionsManager] json library path : /cvmfs/cms.cern.ch/rsync/cms-nanoAOD/jsonpog-integration
weight = 1

	[35m[ Warning ]: This analyzer commented out [ "WTF" log ] in the header, Please check if you want!!![0m

	[34m[ Log ]: --------------------------------------------------------------------------[0m
	[34m[ Log ]: Before start, Let's check the analysis information[0m
	[34m[ Log ]: Run Year    ----> [  2017  ][0m
	[34m[ Log ]: Data or MC  ----> [  Data  ][0m
	[34m[ Log ]: Sample Name ----> [  BTagCSV_B  ][0m
	[34m[ Log ]: --------------------------------------------------------------------------[0m

	[36m[ Log ]: Processed events of 2017, Data, BTagCSV_B: 0[0m
	[36m[ Log ]: Processed events of 2017, Data, BTagCSV_B: 10000[0m
	[36m[ Log ]: Processed events of 2017, Data, BTagCSV_B: 20000[0m
	[36m[ Log ]: Processed events of 2017, Data, BTagCSV_B: 30000[0m
	[36m[ Log ]: Processed events of 2017, Data, BTagCSV_B: 40000[0m
	[36m[ Log ]: Processed events of 2017, Data, BTagCSV_B: 50000[0m
	[36m[ Log ]: Processed events of 2017, Data, BTagCSV_B: 60000[0m
	[36m[ Log ]: Processed events of 2017, Data, BTagCSV_B: 70000[0m
	[36m[ Log ]: Processed events of 2017, Data, BTagCSV_B: 80000[0m
	[36m[ Log ]: Processed events of 2017, Data, BTagCSV_B: 90000[0m
	[36m[ Log ]: Processed events of 2017, Data, BTagCSV_B: 100000[0m
	[36m[ Log ]: Processed events of 2017, Data, BTagCSV_B: 110000[0m
	[36m[ Log ]: Processed events of 2017, Data, BTagCSV_B: 120000[0m
	[36m[ Log ]: Processed events of 2017, Data, BTagCSV_B: 130000[0m
	[36m[ Log ]: Processed events of 2017, Data, BTagCSV_B: 140000[0m
	[36m[ Log ]: Processed events of 2017, Data, BTagCSV_B: 150000[0m
	[36m[ Log ]: Processed events of 2017, Data, BTagCSV_B: 160000[0m
	[36m[ Log ]: Processed events of 2017, Data, BTagCSV_B: 170000[0m
	[36m[ Log ]: Processed events of 2017, Data, BTagCSV_B: 180000[0m
	[36m[ Log ]: Processed events of 2017, Data, BTagCSV_B: 190000[0m
	[36m[ Log ]: Processed events of 2017, Data, BTagCSV_B: 200000[0m
	[36m[ Log ]: Processed events of 2017, Data, BTagCSV_B: 210000[0m
	[36m[ Log ]: Processed events of 2017, Data, BTagCSV_B: 220000[0m
	[36m[ Log ]: Processed events of 2017, Data, BTagCSV_B: 230000[0m
	[36m[ Log ]: Processed events of 2017, Data, BTagCSV_B: 240000[0m
	[36m[ Log ]: Processed events of 2017, Data, BTagCSV_B: 250000[0m
