

START---------------
WORKDIR  /u/user/jhlee/ttHH/CMSSW_14_2_1/src/tempTTHH
WORKDIR  /u/user/jhlee/ttHH/CMSSW_14_2_1/src/tempTTHH
TNM_PATH=/u/user/jhlee/ttHH/CMSSW_14_2_1/src/tempTTHH

--------- Check arugments ---------------------------------------

  - [ output file name ] --> /pnfs/knu.ac.kr/data/cms/store/user/junghyun/ttHH/AnalyzerOutput/JetHT_D/JetHT_D_10.root
  - [ runYear ] --> 2017
  - [ isData ] --> Data
  - [ sampleName ] --> JetHT_D
  - [ eraName ] --> D

--------- Check arugments ---------------------------------------


eventBuffer - All branches selected
 Output filename: /pnfs/knu.ac.kr/data/cms/store/user/junghyun/ttHH/AnalyzerOutput/JetHT_D/JetHT_D_10.root
[CorrectionsManager] json library path : /cvmfs/cms.cern.ch/rsync/cms-nanoAOD/jsonpog-integration
weight = 1

	[35m[ Warning ]: This analyzer commented out [ "WTF" log ] in the header, Please check if you want!!![0m

	[34m[ Log ]: --------------------------------------------------------------------------[0m
	[34m[ Log ]: Before start, Let's check the analysis information[0m
	[34m[ Log ]: Run Year    ----> [  2017  ][0m
	[34m[ Log ]: Data or MC  ----> [  Data  ][0m
	[34m[ Log ]: Sample Name ----> [  JetHT_D  ][0m
	[34m[ Log ]: --------------------------------------------------------------------------[0m

	[36m[ Log ]: Processed events of 2017, Data, JetHT_D: 0[0m
	[36m[ Log ]: Processed events of 2017, Data, JetHT_D: 10000[0m
	[36m[ Log ]: Processed events of 2017, Data, JetHT_D: 20000[0m
	[36m[ Log ]: Processed events of 2017, Data, JetHT_D: 30000[0m
	[36m[ Log ]: Processed events of 2017, Data, JetHT_D: 40000[0m
	[36m[ Log ]: Processed events of 2017, Data, JetHT_D: 50000[0m
	[36m[ Log ]: Processed events of 2017, Data, JetHT_D: 60000[0m
	[36m[ Log ]: Processed events of 2017, Data, JetHT_D: 70000[0m
	[36m[ Log ]: Processed events of 2017, Data, JetHT_D: 80000[0m
	[36m[ Log ]: Processed events of 2017, Data, JetHT_D: 90000[0m
	[36m[ Log ]: Processed events of 2017, Data, JetHT_D: 100000[0m
	[36m[ Log ]: Processed events of 2017, Data, JetHT_D: 110000[0m
	[36m[ Log ]: Processed events of 2017, Data, JetHT_D: 120000[0m
	[36m[ Log ]: Processed events of 2017, Data, JetHT_D: 130000[0m
	[36m[ Log ]: Processed events of 2017, Data, JetHT_D: 140000[0m
	[36m[ Log ]: Processed events of 2017, Data, JetHT_D: 150000[0m
	[36m[ Log ]: Processed events of 2017, Data, JetHT_D: 160000[0m
	[36m[ Log ]: Processed events of 2017, Data, JetHT_D: 170000[0m
	[36m[ Log ]: Processed events of 2017, Data, JetHT_D: 180000[0m
	[36m[ Log ]: Processed events of 2017, Data, JetHT_D: 190000[0m
	[36m[ Log ]: Processed events of 2017, Data, JetHT_D: 200000[0m
	[36m[ Log ]: Processed events of 2017, Data, JetHT_D: 210000[0m
	[36m[ Log ]: Processed events of 2017, Data, JetHT_D: 220000[0m
	[36m[ Log ]: Processed events of 2017, Data, JetHT_D: 230000[0m
	[36m[ Log ]: Processed events of 2017, Data, JetHT_D: 240000[0m
	[36m[ Log ]: Processed events of 2017, Data, JetHT_D: 250000[0m
	[36m[ Log ]: Processed events of 2017, Data, JetHT_D: 260000[0m
	[36m[ Log ]: Processed events of 2017, Data, JetHT_D: 270000[0m
	[36m[ Log ]: Processed events of 2017, Data, JetHT_D: 280000[0m
	[36m[ Log ]: Processed events of 2017, Data, JetHT_D: 290000[0m
	[36m[ Log ]: Processed events of 2017, Data, JetHT_D: 300000[0m
	[36m[ Log ]: Processed events of 2017, Data, JetHT_D: 310000[0m
	[36m[ Log ]: Processed events of 2017, Data, JetHT_D: 320000[0m
	[36m[ Log ]: Processed events of 2017, Data, JetHT_D: 330000[0m
	[36m[ Log ]: Processed events of 2017, Data, JetHT_D: 340000[0m
	[36m[ Log ]: Processed events of 2017, Data, JetHT_D: 350000[0m
	[36m[ Log ]: Processed events of 2017, Data, JetHT_D: 360000[0m
	[36m[ Log ]: Processed events of 2017, Data, JetHT_D: 370000[0m
	[36m[ Log ]: Processed events of 2017, Data, JetHT_D: 380000[0m
	[36m[ Log ]: Processed events of 2017, Data, JetHT_D: 390000[0m
	[36m[ Log ]: Processed events of 2017, Data, JetHT_D: 400000[0m
	[36m[ Log ]: Processed events of 2017, Data, JetHT_D: 410000[0m
	[36m[ Log ]: Processed events of 2017, Data, JetHT_D: 420000[0m
	[36m[ Log ]: Processed events of 2017, Data, JetHT_D: 430000[0m
	[36m[ Log ]: Processed events of 2017, Data, JetHT_D: 440000[0m
	[36m[ Log ]: Processed events of 2017, Data, JetHT_D: 450000[0m
	[36m[ Log ]: Processed events of 2017, Data, JetHT_D: 460000[0m
	[36m[ Log ]: Processed events of 2017, Data, JetHT_D: 470000[0m
