

START---------------
WORKDIR  /u/user/jhlee/ttHH/CMSSW_14_2_1/src/tempTTHH
WORKDIR  /u/user/jhlee/ttHH/CMSSW_14_2_1/src/tempTTHH
TNM_PATH=/u/user/jhlee/ttHH/CMSSW_14_2_1/src/tempTTHH

--------- Check arugments ---------------------------------------

  - [ output file name ] --> /pnfs/knu.ac.kr/data/cms/store/user/junghyun/ttHH/AnalyzerOutput/JetHT_D/JetHT_D_11.root
  - [ runYear ] --> 2017
  - [ isData ] --> Data
  - [ sampleName ] --> JetHT_D
  - [ eraName ] --> D

--------- Check arugments ---------------------------------------


eventBuffer - All branches selected
 Output filename: /pnfs/knu.ac.kr/data/cms/store/user/junghyun/ttHH/AnalyzerOutput/JetHT_D/JetHT_D_11.root
[CorrectionsManager] json library path : /cvmfs/cms.cern.ch/rsync/cms-nanoAOD/jsonpog-integration
weight = 1

	[35m[ Warning ]: This analyzer commented out [ "WTF" log ] in the header, Please check if you want!!![0m

	[34m[ Log ]: --------------------------------------------------------------------------[0m
	[34m[ Log ]: Before start, Let's check the analysis information[0m
	[34m[ Log ]: Run Year    ----> [  2017  ][0m
	[34m[ Log ]: Data or MC  ----> [  Data  ][0m
	[34m[ Log ]: Sample Name ----> [  JetHT_D  ][0m
	[34m[ Log ]: --------------------------------------------------------------------------[0m

	[36m[ Log ]: Processed events of 2017, Data, JetHT_D: 0[0m
	[36m[ Log ]: Processed events of 2017, Data, JetHT_D: 10000[0m
	[36m[ Log ]: Processed events of 2017, Data, JetHT_D: 20000[0m
	[36m[ Log ]: Processed events of 2017, Data, JetHT_D: 30000[0m
	[36m[ Log ]: Processed events of 2017, Data, JetHT_D: 40000[0m
	[36m[ Log ]: Processed events of 2017, Data, JetHT_D: 50000[0m
	[36m[ Log ]: Processed events of 2017, Data, JetHT_D: 60000[0m
	[36m[ Log ]: Processed events of 2017, Data, JetHT_D: 70000[0m
	[36m[ Log ]: Processed events of 2017, Data, JetHT_D: 80000[0m
	[36m[ Log ]: Processed events of 2017, Data, JetHT_D: 90000[0m
	[36m[ Log ]: Processed events of 2017, Data, JetHT_D: 100000[0m
	[36m[ Log ]: Processed events of 2017, Data, JetHT_D: 110000[0m
	[36m[ Log ]: Processed events of 2017, Data, JetHT_D: 120000[0m
	[36m[ Log ]: Processed events of 2017, Data, JetHT_D: 130000[0m
	[36m[ Log ]: Processed events of 2017, Data, JetHT_D: 140000[0m
	[36m[ Log ]: Processed events of 2017, Data, JetHT_D: 150000[0m
	[36m[ Log ]: Processed events of 2017, Data, JetHT_D: 160000[0m
	[36m[ Log ]: Processed events of 2017, Data, JetHT_D: 170000[0m
	[36m[ Log ]: Processed events of 2017, Data, JetHT_D: 180000[0m
	[36m[ Log ]: Processed events of 2017, Data, JetHT_D: 190000[0m
	[36m[ Log ]: Processed events of 2017, Data, JetHT_D: 200000[0m
	[36m[ Log ]: Processed events of 2017, Data, JetHT_D: 210000[0m
	[36m[ Log ]: Processed events of 2017, Data, JetHT_D: 220000[0m
	[36m[ Log ]: Processed events of 2017, Data, JetHT_D: 230000[0m
	[36m[ Log ]: Processed events of 2017, Data, JetHT_D: 240000[0m
	[36m[ Log ]: Processed events of 2017, Data, JetHT_D: 250000[0m
	[36m[ Log ]: Processed events of 2017, Data, JetHT_D: 260000[0m
	[36m[ Log ]: Processed events of 2017, Data, JetHT_D: 270000[0m
	[36m[ Log ]: Processed events of 2017, Data, JetHT_D: 280000[0m
	[36m[ Log ]: Processed events of 2017, Data, JetHT_D: 290000[0m
	[36m[ Log ]: Processed events of 2017, Data, JetHT_D: 300000[0m
	[36m[ Log ]: Processed events of 2017, Data, JetHT_D: 310000[0m
	[36m[ Log ]: Processed events of 2017, Data, JetHT_D: 320000[0m
	[36m[ Log ]: Processed events of 2017, Data, JetHT_D: 330000[0m
	[36m[ Log ]: Processed events of 2017, Data, JetHT_D: 340000[0m
	[36m[ Log ]: Processed events of 2017, Data, JetHT_D: 350000[0m
	[36m[ Log ]: Processed events of 2017, Data, JetHT_D: 360000[0m
	[36m[ Log ]: Processed events of 2017, Data, JetHT_D: 370000[0m
	[36m[ Log ]: Processed events of 2017, Data, JetHT_D: 380000[0m
	[36m[ Log ]: Processed events of 2017, Data, JetHT_D: 390000[0m
	[36m[ Log ]: Processed events of 2017, Data, JetHT_D: 400000[0m
	[36m[ Log ]: Processed events of 2017, Data, JetHT_D: 410000[0m
	[36m[ Log ]: Processed events of 2017, Data, JetHT_D: 420000[0m
	[36m[ Log ]: Processed events of 2017, Data, JetHT_D: 430000[0m
	[36m[ Log ]: Processed events of 2017, Data, JetHT_D: 440000[0m
	[36m[ Log ]: Processed events of 2017, Data, JetHT_D: 450000[0m
	[36m[ Log ]: Processed events of 2017, Data, JetHT_D: 460000[0m
	[36m[ Log ]: Processed events of 2017, Data, JetHT_D: 470000[0m
	[36m[ Log ]: Processed events of 2017, Data, JetHT_D: 480000[0m
	[36m[ Log ]: Processed events of 2017, Data, JetHT_D: 490000[0m
	[36m[ Log ]: Processed events of 2017, Data, JetHT_D: 500000[0m
	[36m[ Log ]: Processed events of 2017, Data, JetHT_D: 510000[0m
	[36m[ Log ]: Processed events of 2017, Data, JetHT_D: 520000[0m
	[36m[ Log ]: Processed events of 2017, Data, JetHT_D: 530000[0m
	[36m[ Log ]: Processed events of 2017, Data, JetHT_D: 540000[0m
	[36m[ Log ]: Processed events of 2017, Data, JetHT_D: 550000[0m
	[36m[ Log ]: Processed events of 2017, Data, JetHT_D: 560000[0m
	[36m[ Log ]: Processed events of 2017, Data, JetHT_D: 570000[0m
	[36m[ Log ]: Processed events of 2017, Data, JetHT_D: 580000[0m
	[36m[ Log ]: Processed events of 2017, Data, JetHT_D: 590000[0m
	[36m[ Log ]: Processed events of 2017, Data, JetHT_D: 600000[0m
	[36m[ Log ]: Processed events of 2017, Data, JetHT_D: 610000[0m
	[36m[ Log ]: Processed events of 2017, Data, JetHT_D: 620000[0m
	[36m[ Log ]: Processed events of 2017, Data, JetHT_D: 630000[0m
	[36m[ Log ]: Processed events of 2017, Data, JetHT_D: 640000[0m
	[36m[ Log ]: Processed events of 2017, Data, JetHT_D: 650000[0m
	[36m[ Log ]: Processed events of 2017, Data, JetHT_D: 660000[0m
	[36m[ Log ]: Processed events of 2017, Data, JetHT_D: 670000[0m
	[36m[ Log ]: Processed events of 2017, Data, JetHT_D: 680000[0m
	[36m[ Log ]: Processed events of 2017, Data, JetHT_D: 690000[0m
	[36m[ Log ]: Processed events of 2017, Data, JetHT_D: 700000[0m
	[36m[ Log ]: Processed events of 2017, Data, JetHT_D: 710000[0m
	[36m[ Log ]: Processed events of 2017, Data, JetHT_D: 720000[0m
	[36m[ Log ]: Processed events of 2017, Data, JetHT_D: 730000[0m
	[36m[ Log ]: Processed events of 2017, Data, JetHT_D: 740000[0m
	[36m[ Log ]: Processed events of 2017, Data, JetHT_D: 750000[0m
	[36m[ Log ]: Processed events of 2017, Data, JetHT_D: 760000[0m
	[36m[ Log ]: Processed events of 2017, Data, JetHT_D: 770000[0m
	[36m[ Log ]: Processed events of 2017, Data, JetHT_D: 780000[0m
	[36m[ Log ]: Processed events of 2017, Data, JetHT_D: 790000[0m
	[36m[ Log ]: Processed events of 2017, Data, JetHT_D: 800000[0m
	[36m[ Log ]: Processed events of 2017, Data, JetHT_D: 810000[0m
	[36m[ Log ]: Processed events of 2017, Data, JetHT_D: 820000[0m
	[36m[ Log ]: Processed events of 2017, Data, JetHT_D: 830000[0m
	[36m[ Log ]: Processed events of 2017, Data, JetHT_D: 840000[0m
	[36m[ Log ]: Processed events of 2017, Data, JetHT_D: 850000[0m
	[36m[ Log ]: Processed events of 2017, Data, JetHT_D: 860000[0m
	[36m[ Log ]: Processed events of 2017, Data, JetHT_D: 870000[0m
	[36m[ Log ]: Processed events of 2017, Data, JetHT_D: 880000[0m
	[36m[ Log ]: Processed events of 2017, Data, JetHT_D: 890000[0m
	[36m[ Log ]: Processed events of 2017, Data, JetHT_D: 900000[0m
	[36m[ Log ]: Processed events of 2017, Data, JetHT_D: 910000[0m
	[36m[ Log ]: Processed events of 2017, Data, JetHT_D: 920000[0m
	[36m[ Log ]: Processed events of 2017, Data, JetHT_D: 930000[0m
	[36m[ Log ]: Processed events of 2017, Data, JetHT_D: 940000[0m
	[36m[ Log ]: Processed events of 2017, Data, JetHT_D: 950000[0m
	[36m[ Log ]: Processed events of 2017, Data, JetHT_D: 960000[0m
	[36m[ Log ]: Processed events of 2017, Data, JetHT_D: 970000[0m
	[36m[ Log ]: Processed events of 2017, Data, JetHT_D: 980000[0m
	[36m[ Log ]: Processed events of 2017, Data, JetHT_D: 990000[0m
	[36m[ Log ]: Processed events of 2017, Data, JetHT_D: 1000000[0m
	[36m[ Log ]: Processed events of 2017, Data, JetHT_D: 1010000[0m
	[36m[ Log ]: Processed events of 2017, Data, JetHT_D: 1020000[0m
	[36m[ Log ]: Processed events of 2017, Data, JetHT_D: 1030000[0m
	[36m[ Log ]: Processed events of 2017, Data, JetHT_D: 1040000[0m
	[36m[ Log ]: Processed events of 2017, Data, JetHT_D: 1050000[0m
	[36m[ Log ]: Processed events of 2017, Data, JetHT_D: 1060000[0m
	[36m[ Log ]: Processed events of 2017, Data, JetHT_D: 1070000[0m
	[36m[ Log ]: Processed events of 2017, Data, JetHT_D: 1080000[0m
	[36m[ Log ]: Processed events of 2017, Data, JetHT_D: 1090000[0m
	[36m[ Log ]: Processed events of 2017, Data, JetHT_D: 1100000[0m
	[36m[ Log ]: Processed events of 2017, Data, JetHT_D: 1110000[0m
	[36m[ Log ]: Processed events of 2017, Data, JetHT_D: 1120000[0m
	[36m[ Log ]: Processed events of 2017, Data, JetHT_D: 1130000[0m
	[36m[ Log ]: Processed events of 2017, Data, JetHT_D: 1140000[0m
	[36m[ Log ]: Processed events of 2017, Data, JetHT_D: 1150000[0m
	[36m[ Log ]: Processed events of 2017, Data, JetHT_D: 1160000[0m
	[36m[ Log ]: Processed events of 2017, Data, JetHT_D: 1170000[0m
	[36m[ Log ]: Processed events of 2017, Data, JetHT_D: 1180000[0m
	[36m[ Log ]: Processed events of 2017, Data, JetHT_D: 1190000[0m
	[36m[ Log ]: Processed events of 2017, Data, JetHT_D: 1200000[0m
	[36m[ Log ]: Processed events of 2017, Data, JetHT_D: 1210000[0m
	[36m[ Log ]: Processed events of 2017, Data, JetHT_D: 1220000[0m
	[36m[ Log ]: Processed events of 2017, Data, JetHT_D: 1230000[0m
	[36m[ Log ]: Processed events of 2017, Data, JetHT_D: 1240000[0m
	[36m[ Log ]: Processed events of 2017, Data, JetHT_D: 1250000[0m
	[36m[ Log ]: Processed events of 2017, Data, JetHT_D: 1260000[0m
	[36m[ Log ]: Processed events of 2017, Data, JetHT_D: 1270000[0m
	[36m[ Log ]: Processed events of 2017, Data, JetHT_D: 1280000[0m
	[36m[ Log ]: Processed events of 2017, Data, JetHT_D: 1290000[0m
	[36m[ Log ]: Processed events of 2017, Data, JetHT_D: 1300000[0m
	[36m[ Log ]: Processed events of 2017, Data, JetHT_D: 1310000[0m
	[36m[ Log ]: Processed events of 2017, Data, JetHT_D: 1320000[0m
	[36m[ Log ]: Processed events of 2017, Data, JetHT_D: 1330000[0m
	[36m[ Log ]: Processed events of 2017, Data, JetHT_D: 1340000[0m
	[36m[ Log ]: Processed events of 2017, Data, JetHT_D: 1350000[0m
	[36m[ Log ]: Processed events of 2017, Data, JetHT_D: 1360000[0m
	[36m[ Log ]: Processed events of 2017, Data, JetHT_D: 1370000[0m
	[36m[ Log ]: Processed events of 2017, Data, JetHT_D: 1380000[0m
	[36m[ Log ]: Processed events of 2017, Data, JetHT_D: 1390000[0m
	[36m[ Log ]: Processed events of 2017, Data, JetHT_D: 1400000[0m
	[36m[ Log ]: Processed events of 2017, Data, JetHT_D: 1410000[0m
	[36m[ Log ]: Processed events of 2017, Data, JetHT_D: 1420000[0m
	[36m[ Log ]: Processed events of 2017, Data, JetHT_D: 1430000[0m
	[36m[ Log ]: Processed events of 2017, Data, JetHT_D: 1440000[0m
	[36m[ Log ]: Processed events of 2017, Data, JetHT_D: 1450000[0m
	[36m[ Log ]: Processed events of 2017, Data, JetHT_D: 1460000[0m
	[36m[ Log ]: Processed events of 2017, Data, JetHT_D: 1470000[0m
	[36m[ Log ]: Processed events of 2017, Data, JetHT_D: 1480000[0m
	[36m[ Log ]: Processed events of 2017, Data, JetHT_D: 1490000[0m
	[36m[ Log ]: Processed events of 2017, Data, JetHT_D: 1500000[0m
	[36m[ Log ]: Processed events of 2017, Data, JetHT_D: 1510000[0m
	[36m[ Log ]: Processed events of 2017, Data, JetHT_D: 1520000[0m
	[36m[ Log ]: Processed events of 2017, Data, JetHT_D: 1530000[0m
	[36m[ Log ]: Processed events of 2017, Data, JetHT_D: 1540000[0m
	[36m[ Log ]: Processed events of 2017, Data, JetHT_D: 1550000[0m
	[36m[ Log ]: Processed events of 2017, Data, JetHT_D: 1560000[0m
	[36m[ Log ]: Processed events of 2017, Data, JetHT_D: 1570000[0m
	[36m[ Log ]: Processed events of 2017, Data, JetHT_D: 1580000[0m
	[36m[ Log ]: Processed events of 2017, Data, JetHT_D: 1590000[0m
	[36m[ Log ]: Processed events of 2017, Data, JetHT_D: 1600000[0m
	[36m[ Log ]: Processed events of 2017, Data, JetHT_D: 1610000[0m
	[36m[ Log ]: Processed events of 2017, Data, JetHT_D: 1620000[0m
	[36m[ Log ]: Processed events of 2017, Data, JetHT_D: 1630000[0m
	[36m[ Log ]: Processed events of 2017, Data, JetHT_D: 1640000[0m
	[36m[ Log ]: Processed events of 2017, Data, JetHT_D: 1650000[0m
	[36m[ Log ]: Processed events of 2017, Data, JetHT_D: 1660000[0m
	[36m[ Log ]: Processed events of 2017, Data, JetHT_D: 1670000[0m
	[36m[ Log ]: Processed events of 2017, Data, JetHT_D: 1680000[0m
	[36m[ Log ]: Processed events of 2017, Data, JetHT_D: 1690000[0m
	[36m[ Log ]: Processed events of 2017, Data, JetHT_D: 1700000[0m
	[36m[ Log ]: Processed events of 2017, Data, JetHT_D: 1710000[0m
	[36m[ Log ]: Processed events of 2017, Data, JetHT_D: 1720000[0m
	[36m[ Log ]: Processed events of 2017, Data, JetHT_D: 1730000[0m
	[36m[ Log ]: Processed events of 2017, Data, JetHT_D: 1740000[0m
	[36m[ Log ]: Processed events of 2017, Data, JetHT_D: 1750000[0m
	[36m[ Log ]: Processed events of 2017, Data, JetHT_D: 1760000[0m
	[36m[ Log ]: Processed events of 2017, Data, JetHT_D: 1770000[0m
	[36m[ Log ]: Processed events of 2017, Data, JetHT_D: 1780000[0m
	[36m[ Log ]: Processed events of 2017, Data, JetHT_D: 1790000[0m
	[36m[ Log ]: Processed events of 2017, Data, JetHT_D: 1800000[0m
	[36m[ Log ]: Processed events of 2017, Data, JetHT_D: 1810000[0m
	[36m[ Log ]: Processed events of 2017, Data, JetHT_D: 1820000[0m
	[36m[ Log ]: Processed events of 2017, Data, JetHT_D: 1830000[0m
	[36m[ Log ]: Processed events of 2017, Data, JetHT_D: 1840000[0m
	[36m[ Log ]: Processed events of 2017, Data, JetHT_D: 1850000[0m
	[36m[ Log ]: Processed events of 2017, Data, JetHT_D: 1860000[0m
	[36m[ Log ]: Processed events of 2017, Data, JetHT_D: 1870000[0m
	[36m[ Log ]: Processed events of 2017, Data, JetHT_D: 1880000[0m
	[36m[ Log ]: Processed events of 2017, Data, JetHT_D: 1890000[0m
	[36m[ Log ]: Processed events of 2017, Data, JetHT_D: 1900000[0m
	[36m[ Log ]: Processed events of 2017, Data, JetHT_D: 1910000[0m
	[36m[ Log ]: Processed events of 2017, Data, JetHT_D: 1920000[0m
	[36m[ Log ]: Processed events of 2017, Data, JetHT_D: 1930000[0m
