=== RUNLOG ================================================================
step        : knu_build_g
start_utc   : 2026-10-06T14:57:02Z
host        : dm01   user: jhlee
cwd         : /u/user/jhlee/ttHH/CMSSW_14_2_1/src/tempTTHH
repo        : /u/user/jhlee/ttHH/CMSSW_14_2_1/src/tempTTHH
git_head    : 0d6aec65   modified_tracked_files: 0
cmd         : /bin/bash tools/stage0/build_check.sh -j 4 
CMSSW_BASE  : /u/user/jhlee/ttHH/CMSSW_14_2_1
root        : 6.30.09
python3     : Python 3.9.14
condor_job  : 2181110.0  slot slot1_15   jobdir: /u/user/jhlee/ttHH/CMSSW_14_2_1/src/tempTTHH/condor/runlog/knu_build_g_20261006_145650
===========================================================================
[condor_run] worker dm01  scratch /home/condor/dir_3512549
[condor_run] cmsenv ok: CMSSW_BASE=/u/user/jhlee/ttHH/CMSSW_14_2_1  root 6.30.09  Python 3.9.14  TMPDIR=/home/condor/dir_3512549
[condor_run] running in /u/user/jhlee/ttHH/CMSSW_14_2_1/src/tempTTHH: /bin/bash tools/stage0/build_check.sh -j 4 
----------------------------------------------------------------------------
mode        : make clean && make -j4 VERBOSE=1   (in /u/user/jhlee/ttHH/CMSSW_14_2_1/src/tempTTHH)
start_utc   : 2026-10-06T14:57:08Z
end_utc     : 2026-10-06T14:59:35Z
make_rc     : 0
make_log    : condor/build/build_20261006_145708.log (191 lines)
warnings    : 34 lines with 'warning:'
errors      : 0 lines with 'error:' or make's '***'
done_line   : yes (VERBOSE log: "[Done] Built" is the Makefile's last line of a complete build)
--- last 5 lines of the make log ---
include/eventBuffer.h:4380:3: note: variable tracking size limit exceeded with '-fvar-tracking-assignments', retrying without
 4380 |   eventBuffer(itreestream& stream, std::string varlist="")
      |   ^~~~~~~~~~~
[App] Linking application ttHHanalyzer_unified
[Done] Built shared lib=lib/libToolsForAnalysis.so and apps=ttHHanalyzer_unified
--- products ---
-rwxr-xr-x 1 jhlee knu 9723968 2026-10-06 23:59:35.943095253 +0900 ttHHanalyzer_unified
-rw-r--r-- 1 jhlee knu   216780 2026-10-06 23:57:33.058035508 +0900 libEventShape.a
-rwxr-xr-x 1 jhlee knu 15392912 2026-10-06 23:57:53.410211022 +0900 libToolsForAnalysis.so
--- headers (md5) ---
bdc221e811c335e57d2d71aff16b7cf9  include/eventBuffer.h
c4a5873c5cc63f1c3e10f8bf7c597fbc  src/treestream.cc
result      : OK (make 0, executable built)
===========================================================================
end_utc     : 2026-10-06T14:59:36Z
wall_s      : 153
EXIT        : 0
outputs (files of this repo changed during the run; tmp/ condor/ runlogs/ left out): 5
      216780  lib/libEventShape.a
    15392912  lib/libToolsForAnalysis.so
      213552  src/dictionaryForROOT.cc
       32840  src/dictionaryForROOT_rdict.pcm
     9723968  ttHHanalyzer_unified
log         : runlogs/run_knu_build_g_20261006_145702.log
log_kb      : 2
=== END ===================================================================
