=== RUNLOG ================================================================
step        : knu_data_lumi_2024_h
start_utc   : 2026-10-07T09:32:17Z
host        : cluster309   user: jhlee
cwd         : /u/user/jhlee/ttHH/CMSSW_14_2_1/src/tempTTHH
repo        : /u/user/jhlee/ttHH/CMSSW_14_2_1/src/tempTTHH
git_head    : 57b25577   modified_tracked_files: 1
cmd         : python3 tools/stage3/data_lumi_check.py --filelist-dir filelistTier3_2024 --golden GoldenJson/2024_Summer24/Cert_Collisions2024_378981_386951_Golden.json --pd JetMET0 JetMET1 ParkingHH --json-out condor/lumi_2024_h 
CMSSW_BASE  : /u/user/jhlee/ttHH/CMSSW_14_2_1
root        : 6.30.09
python3     : Python 3.9.14
condor_job  : 2181138.0  slot slot1_8   jobdir: /u/user/jhlee/ttHH/CMSSW_14_2_1/src/tempTTHH/condor/runlog/knu_data_lumi_2024_h_20261007_093209
===========================================================================
[condor_run] worker cluster309  scratch /home/condor/dir_3352054
[condor_run] cmsenv ok: CMSSW_BASE=/u/user/jhlee/ttHH/CMSSW_14_2_1  root 6.30.09  Python 3.9.14  TMPDIR=/home/condor/dir_3352054
[condor_run] running in /u/user/jhlee/ttHH/CMSSW_14_2_1/src/tempTTHH: python3 tools/stage3/data_lumi_check.py --filelist-dir filelistTier3_2024 --golden GoldenJson/2024_Summer24/Cert_Collisions2024_378981_386951_Golden.json --pd JetMET0 JetMET1 ParkingHH --json-out condor/lumi_2024_h 
----------------------------------------------------------------------------
GOLDEN GoldenJson/2024_Summer24/Cert_Collisions2024_378981_386951_Golden.json LS=287601 runs=475
SAMPLE JetMET0_Run2024C-MINIv6NANOv15-v1 files=160 unreadable=0 LS=25829 runs=62 first=379413 last=380238 split_LS=0
SAMPLE JetMET0_Run2024D-MINIv6NANOv15-v1 files=151 unreadable=0 LS=23477 runs=47 first=380306 last=380947 split_LS=0
SAMPLE JetMET0_Run2024E-MINIv6NANOv15-v1 files=231 unreadable=0 LS=32542 runs=49 first=380963 last=381594 split_LS=0
SAMPLE JetMET0_Run2024F-MINIv6NANOv15-v2 files=366 unreadable=0 LS=68401 runs=139 first=382209 last=383779 split_LS=0
SAMPLE JetMET0_Run2024G-MINIv6NANOv15-v2 files=438 unreadable=0 LS=97576 runs=173 first=383811 last=385801 split_LS=0
SAMPLE JetMET0_Run2024H-MINIv6NANOv15-v2 files=82 unreadable=0 LS=14714 runs=29 first=385836 last=386319 split_LS=0
SAMPLE JetMET0_Run2024I-MINIv6NANOv15-v2 files=149 unreadable=0 LS=13750 runs=22 first=386478 last=386693 split_LS=0
SAMPLE JetMET0_Run2024I-MINIv6NANOv15_v2-v1 files=179 unreadable=0 LS=14753 runs=25 first=386694 last=386951 split_LS=0
RANGES JetMET0 379413-380238 380306-380947 380963-381594 382209-383779 383811-385801 385836-386319 386478-386951
PD JetMET0 golden_LS=281662 processed_golden_LS=275803 missing_golden_LS=5859 (2.080 %) processed_outside_golden=15239
GOLDEN_OUTSIDE JetMET0 runs=16 LS=5939 runs: 378985 378993 379006 379011 379012 379028 379031 379058 379075 379154 379238 379243 379252 379253 379338 379355
BEGIN MISSING JetMET0 runs=284
379456:[[13, 13], [20, 20], [46, 46], [128, 128], [160, 160], [300, 300], [316, 316], [660, 679], [804, 825], [939, 1011]]
379470:[[182, 182], [200, 200], [202, 202], [223, 223], [240, 240], [305, 305], [379, 379], [384, 384], [447, 447], [619, 619], [644, 644], [653, 653], [716, 716]]
379530:[[154, 154], [157, 157], [159, 159], [161, 161], [184, 186], [195, 198], [200, 200], [202, 202], [204, 206], [210, 212], [219, 221], [223, 223], [227, 228], [235, 235], [237, 239], [251, 251], [253, 254], [260, 260], [264, 264], [271, 271], [275, 275], [300, 300], [302, 304], [306, 306], [309, 310], [315, 317], [322, 322], [358, 358], [381, 381], [385, 385], [392, 392], [397, 399], [403, 403], [405, 405], [407, 408], [428, 428], [438, 438], [441, 441], [444, 445], [452, 452], [472, 472], [475, 475], [477, 477], [479, 479], [576, 577], [581, 582], [617, 617], [619, 619]]
379660:[[60, 82], [104, 110], [323, 323], [325, 325], [371, 378], [565, 573], [704, 704], [1046, 1057], [1498, 1512]]
379729:[[57, 57], [424, 424], [436, 442]]
379765:[[128, 128], [210, 210], [311, 311], [315, 315], [321, 321], [326, 326], [331, 331], [348, 349], [407, 407], [417, 417], [427, 427], [445, 446], [448, 451], [466, 466], [477, 477], [479, 479], [488, 488], [491, 491], [504, 504], [508, 508], [516, 516], [522, 522], [528, 528], [538, 538], [542, 542], [544, 545], [569, 569], [571, 571], [576, 577], [580, 580], [584, 584], [607, 608], [613, 613], [618, 618], [636, 636], [673, 673], [676, 676], [686, 686], [691, 692], [714, 721], [730, 730], [738, 738], [750, 750], [753, 753], [757, 757], [764, 764], [777, 777], [780, 781], [787, 787], [798, 798], [809, 809], [834, 834], [838, 838], [870, 870], [878, 878], [880, 880], [903, 903], [916, 916], [922, 922], [929, 929], [985, 985], [1073, 1073], [1725, 1725], [1729, 1738]]
379774:[[180, 181]]
379866:[[1169, 1169], [1363, 1375]]
379984:[[739, 739]]
380001:[[419, 422], [437, 440]]
380030:[[76, 76]]
380043:[[176, 176], [181, 181], [186, 186], [214, 214], [216, 216], [243, 243], [252, 252], [259, 259], [261, 261], [265, 265], [268, 269], [273, 273], [277, 277], [279, 279], [286, 288], [290, 290], [292, 292], [299, 300], [302, 304], [306, 306], [313, 313], [316, 316], [340, 340], [353, 356], [387, 387], [389, 389], [392, 392], [394, 398], [428, 428], [430, 432], [488, 488], [494, 495], [499, 499], [501, 502], [506, 507], [511, 511], [517, 517], [538, 538], [540, 540], [542, 543], [552, 552], [558, 558], [561, 562], [565, 565], [568, 568], [571, 571], [574, 574], [586, 586], [590, 590], [594, 594], [596, 597], [600, 600], [602, 604], [623, 623], [627, 628], [649, 649], [664, 664], [682, 682], [685, 686], [688, 688], [692, 692], [695, 695], [780, 780], [793, 793], [799, 799], [837, 837], [840, 840]]
380049:[[121, 121], [131, 131], [136, 137], [151, 154], [159, 160], [166, 166], [175, 177], [179, 180], [205, 205], [207, 207], [214, 215], [223, 223], [229, 229], [244, 244], [258, 258], [262, 262], [276, 277], [281, 281], [289, 290], [306, 306], [318, 319], [326, 326], [337, 337], [356, 356], [359, 359], [362, 362], [405, 410], [417, 417], [419, 419], [429, 429], [431, 431], [433, 433], [435, 435], [444, 445], [455, 455], [458, 458], [469, 470], [472, 472], [474, 474], [526, 526], [902, 903]]
380051:[[728, 735]]
380056:[[2, 2]]
380074:[[809, 816], [1015, 1023], [1195, 1204], [1216, 1227], [1262, 1273]]
380115:[[27, 49], [91, 98], [168, 172], [174, 174]]
380126:[[798, 799]]
380127:[[534, 535]]
380128:[[1, 1]]
380235:[[254, 254], [256, 256], [258, 258]]
380236:[[1, 1], [8, 8], [20, 20], [32, 32], [38, 38]]
380238:[[15, 16], [19, 20], [23, 23]]
380306:[[270, 273]]
380308:[[1, 1]]
380309:[[346, 351]]
380310:[[884, 884]]
380346:[[414, 417]]
380349:[[377, 377]]
380360:[[967, 971], [1327, 1336], [1771, 1771]]
380377:[[452, 455]]
380384:[[765, 766]]
380385:[[1135, 1135]]
380444:[[234, 237]]
380447:[[1, 1]]
380466:[[360, 360]]
380470:[[1, 1], [515, 515]]
380513:[[689, 689]]
380531:[[1055, 1062]]
380534:[[352, 352], [664, 664]]
380567:[[266, 266], [352, 352]]
380649:[[1, 1]]
380933:[[685, 685]]
380947:[[733, 733]]
381022:[[456, 456]]
381053:[[68, 68]]
381065:[[820, 825]]
381067:[[158, 164]]
381069:[[142, 151]]
381075:[[175, 179]]
381078:[[33, 33], [331, 335]]
381079:[[1, 1], [395, 398]]
381080:[[37, 38]]
381114:[[454, 458]]
381115:[[408, 408]]
381150:[[42, 42]]
381151:[[1, 1], [847, 848], [850, 851]]
381164:[[170, 170], [1070, 1070]]
381190:[[783, 783], [1095, 1098]]
381199:[[183, 185]]
381365:[[1, 1], [4, 5]]
381379:[[316, 316], [865, 867]]
381380:[[1, 1]]
381384:[[752, 752]]
381417:[[161, 161], [163, 163], [1534, 1536], [1818, 1824]]
381443:[[397, 397], [829, 830], [1543, 1571]]
381479:[[1, 6]]
381480:[[334, 341]]
381499:[[228, 228]]
381515:[[236, 236], [545, 550]]
381516:[[228, 230], [296, 296], [454, 458]]
381544:[[750, 750]]
382250:[[269, 269]]
382255:[[131, 132]]
382258:[[1150, 1150]]
382262:[[145, 145]]
382299:[[219, 219], [370, 370]]
382300:[[845, 845]]
382328:[[121, 122]]
382329:[[54, 57], [59, 59]]
382343:[[306, 306], [308, 308], [311, 311], [325, 325], [336, 336], [339, 339], [343, 343], [349, 350], [354, 354], [358, 358], [360, 361], [376, 376], [378, 378], [385, 386], [393, 393], [397, 397], [410, 410], [412, 413], [417, 417], [422, 423], [426, 426], [440, 440], [447, 448], [456, 456], [461, 462], [469, 469], [473, 473], [485, 485], [490, 490], [492, 492], [501, 501], [507, 507], [523, 523], [530, 530], [550, 550], [552, 552], [558, 558], [563, 563], [570, 570], [572, 573], [575, 576], [637, 638], [651, 651], [680, 681], [687, 687], [691, 691], [697, 697], [699, 699], [708, 708], [777, 777], [781, 784], [797, 797], [799, 799], [808, 809], [811, 811], [833, 834], [836, 836], [838, 839], [843, 843], [848, 848], [850, 851], [853, 853], [873, 873], [875, 875], [878, 879], [889, 889], [915, 917], [920, 921], [936, 936], [939, 939], [943, 944], [946, 946], [1077, 1077], [1083, 1083], [1085, 1085], [1101, 1101], [1104, 1104], [1187, 1187], [1189, 1189], [1193, 1193], [1195, 1196], [1207, 1207], [1209, 1209], [1211, 1213], [1229, 1229], [1337, 1337], [1343, 1343], [1346, 1346], [1348, 1349], [1565, 1565], [1570, 1570], [1576, 1576], [1578, 1578], [1583, 1583], [1643, 1643], [1646, 1646], [1653, 1653], [1664, 1664], [1668, 1668], [2237, 2238], [2242, 2245]]
382344:[[10, 10], [13, 14], [16, 20], [22, 22], [26, 26], [28, 28], [39, 39], [51, 51], [88, 88], [91, 91], [93, 93], [95, 95], [98, 99], [103, 103], [110, 112], [116, 117], [124, 126], [129, 129], [131, 132], [134, 134], [139, 139], [141, 141], [149, 149], [165, 165], [180, 180], [185, 185], [188, 188], [201, 201], [208, 210], [214, 218], [220, 220], [222, 222], [232, 232], [239, 239], [241, 241], [247, 247], [253, 254], [256, 261], [269, 269], [271, 271], [273, 274], [282, 282], [285, 286], [288, 288], [290, 290], [292, 293], [295, 297], [299, 310], [313, 319], [327, 333], [335, 338], [340, 341], [348, 348]]
382504:[[193, 197]]
382568:[[429, 437]]
382580:[[168, 170], [174, 174], [178, 178], [208, 209], [212, 212], [215, 216], [226, 226], [262, 263], [265, 266], [268, 268], [396, 398], [400, 401], [458, 458], [460, 460], [463, 464], [467, 467], [528, 529], [534, 534], [537, 537], [539, 539], [642, 644], [646, 647], [660, 660], [662, 662], [665, 665], [667, 667], [673, 673], [706, 708], [710, 710], [716, 716], [750, 750], [821, 824], [828, 828], [839, 839], [842, 842], [845, 845], [847, 847], [850, 850], [918, 921], [924, 924], [963, 964], [966, 967], [969, 969], [971, 971]]
382594:[[1429, 1429]]
382595:[[355, 355]]
382617:[[143, 146], [151, 152], [155, 158], [305, 305], [320, 321], [325, 325], [333, 333], [337, 337], [347, 347], [354, 354], [362, 362], [373, 373], [447, 447], [450, 451], [458, 458], [460, 460], [508, 508], [510, 513], [551, 551], [554, 554], [556, 557], [562, 562]]
382626:[[200, 200]]
382649:[[327, 327], [512, 514]]
382654:[[329, 329], [1539, 1539], [1674, 1674]]
382684:[[29, 45], [50, 51], [54, 54], [75, 78], [80, 81], [187, 187], [210, 210], [221, 222], [232, 232], [248, 248], [251, 251], [273, 273], [302, 302], [319, 319], [323, 323], [330, 330], [334, 334], [340, 340], [368, 368], [375, 375], [431, 431], [476, 476], [497, 497], [501, 501], [512, 512], [521, 521], [606, 606], [622, 623], [630, 630], [640, 641], [743, 743], [906, 906], [943, 943], [945, 945], [952, 952], [1060, 1063], [1065, 1065], [1080, 1082], [1084, 1084], [1086, 1086], [1094, 1095], [1097, 1106], [1113, 1119], [1121, 1122], [1124, 1137], [1139, 1139], [1141, 1145], [1151, 1151], [1155, 1159], [1161, 1173], [1176, 1176], [1178, 1178], [1181, 1181], [1187, 1189], [1191, 1192]]
382729:[[101, 101]]
382750:[[532, 533]]
382769:[[148, 148], [296, 296], [299, 302], [327, 330], [334, 334], [336, 338], [340, 341], [373, 378], [380, 383], [392, 393], [395, 395], [397, 398], [425, 434], [508, 512], [515, 519], [521, 523], [525, 525], [527, 530], [532, 533], [547, 549], [552, 553], [568, 572], [579, 582], [585, 586], [588, 592], [595, 596], [598, 598], [600, 602], [604, 604], [606, 609], [611, 615], [617, 617], [619, 620], [622, 627], [629, 640], [642, 642], [644, 644], [646, 647], [649, 651], [676, 676], [678, 678], [680, 682], [696, 696], [700, 702], [704, 704], [834, 840], [842, 844], [875, 876], [878, 878], [880, 881], [889, 889], [891, 891], [893, 895], [1538, 1539], [1542, 1546], [1549, 1549], [1559, 1560]]
382770:[[537, 537]]
382794:[[14, 14]]
382834:[[836, 838]]
382856:[[446, 448], [450, 452]]
382878:[[326, 345], [348, 351], [353, 357], [359, 360], [362, 366], [370, 373], [375, 375], [377, 377], [381, 386], [390, 390], [395, 401], [403, 415], [419, 423], [425, 434], [440, 440], [443, 456], [458, 462], [469, 470], [472, 472], [474, 481], [483, 496], [498, 498], [500, 501], [503, 506], [518, 518], [520, 522], [524, 527], [529, 529], [531, 531], [538, 541], [543, 543], [545, 546], [550, 550], [552, 554], [557, 558], [560, 560], [564, 566], [568, 570], [577, 577], [579, 580], [585, 585], [589, 591], [595, 596], [605, 605], [623, 623], [625, 625], [628, 633], [636, 637], [649, 649], [652, 652], [655, 656], [658, 658], [660, 663], [665, 667], [673, 673], [675, 677], [680, 684]]
382913:[[754, 754], [2032, 2032]]
382921:[[322, 323], [486, 486], [492, 492], [494, 494], [498, 498], [507, 507], [1238, 1241]]
382922:[[20, 21], [83, 83]]
382924:[[53, 53], [56, 57], [61, 61], [63, 64], [71, 71], [82, 82], [180, 183], [186, 186], [189, 189], [191, 191], [201, 201], [216, 217]]
382937:[[68, 75], [89, 89], [91, 91], [95, 97], [102, 102], [107, 107], [297, 297], [495, 495], [497, 497], [500, 500], [503, 503], [509, 509]]
382960:[[356, 356]]
383034:[[99, 100], [372, 372], [666, 666]]
383134:[[53, 80], [103, 124]]
383155:[[1450, 1450]]
383162:[[154, 156], [158, 159], [191, 195], [292, 293], [296, 298], [639, 639], [644, 644], [668, 668], [681, 681], [690, 690], [764, 764], [767, 767], [781, 781], [843, 843], [853, 854], [1039, 1039], [1043, 1043], [1045, 1045], [1066, 1066], [1070, 1070], [1153, 1155], [1157, 1159], [1400, 1402], [1404, 1404], [1408, 1412], [1474, 1480], [1487, 1487], [1522, 1522], [1526, 1531], [1540, 1547], [1556, 1556]]
383173:[[367, 367], [692, 692], [695, 695], [713, 713], [827, 827]]
383174:[[2, 2], [179, 179], [208, 208], [210, 210], [216, 216], [350, 354], [357, 357], [427, 428], [817, 818], [859, 859], [861, 863], [910, 911], [947, 948], [1022, 1024]]
383254:[[34, 38], [109, 109], [111, 112], [122, 127], [129, 129], [132, 132], [142, 142], [146, 146], [148, 148], [150, 153], [155, 156], [158, 162], [170, 170], [172, 172], [176, 176], [178, 180], [182, 182], [185, 187], [190, 191], [193, 193], [199, 199], [201, 202], [204, 204], [207, 215], [217, 217], [219, 225], [227, 234], [242, 246], [253, 253], [255, 256], [258, 259], [261, 262], [264, 264], [266, 267], [269, 270], [273, 273], [275, 276], [312, 312], [315, 315], [319, 322], [324, 329], [331, 334], [336, 336], [339, 339], [341, 341], [343, 343], [372, 373], [561, 562], [568, 570], [639, 639], [641, 641], [648, 649], [656, 656], [727, 727], [746, 751], [754, 754], [756, 756], [758, 758], [760, 763], [766, 767], [769, 770], [781, 785], [793, 795], [799, 800], [814, 818], [826, 826], [829, 836], [838, 840], [843, 844], [847, 850], [852, 853], [879, 886], [888, 888], [891, 891], [921, 921], [935, 935], [937, 938], [940, 941], [957, 957], [959, 960], [963, 963], [965, 965], [981, 982], [984, 984], [986, 990], [994, 995], [1003, 1005], [1007, 1009], [1013, 1014], [1017, 1018], [1041, 1045], [1064, 1065], [1067, 1069], [1126, 1126], [1260, 1261]]
383255:[[1, 5], [26, 26], [28, 28], [30, 31], [44, 44], [46, 46], [70, 70], [73, 76], [87, 90], [106, 106], [109, 109], [113, 113], [115, 117], [119, 119], [134, 134], [136, 136], [138, 138], [140, 140], [148, 159], [161, 180], [186, 188], [191, 191], [193, 197], [199, 203], [205, 208], [210, 216], [218, 219], [221, 221], [223, 228], [233, 241], [245, 249], [251, 251], [255, 255], [258, 261], [263, 263], [266, 268], [271, 271], [273, 281], [283, 292], [295, 295], [299, 299], [303, 304], [319, 323], [325, 325], [327, 329], [331, 332], [334, 337], [339, 339], [342, 343], [349, 349], [352, 352], [355, 357], [360, 362], [365, 367], [369, 382], [384, 384], [386, 393], [398, 402], [405, 408], [410, 410], [413, 413], [416, 416], [418, 418], [420, 420], [422, 423], [430, 431], [433, 435], [439, 439], [441, 441], [443, 446], [450, 450], [459, 459], [461, 462], [477, 482], [484, 484], [492, 492], [495, 495], [498, 498], [500, 507], [509, 510], [512, 517], [519, 519], [521, 521], [523, 523], [527, 531], [534, 534], [537, 538], [553, 553], [556, 556], [567, 570], [577, 578], [583, 584], [586, 586], [589, 592], [595, 596], [601, 604], [621, 622], [641, 642], [659, 662], [677, 682], [691, 692], [707, 708], [757, 758], [857, 858]]
383275:[[166, 168], [172, 173]]
383277:[[392, 392], [578, 578], [593, 593], [608, 608], [619, 619], [649, 649]]
383323:[[427, 427], [432, 432], [438, 438], [440, 440], [444, 444], [477, 477], [600, 600], [605, 606], [610, 610], [613, 613], [670, 672], [674, 675], [792, 793], [795, 797], [903, 905], [907, 908], [950, 954], [970, 971], [973, 973], [977, 977], [981, 981], [1007, 1007], [1009, 1009], [1016, 1016], [1020, 1020], [1022, 1027], [1029, 1034], [1039, 1039], [1045, 1046], [1054, 1054], [1077, 1078], [1082, 1082], [1086, 1087], [1109, 1109], [1118, 1118], [1123, 1123], [1127, 1127], [1133, 1133], [1276, 1276]]
383326:[[1, 11], [15, 15], [17, 19], [21, 23], [27, 27], [30, 33], [35, 35], [42, 63], [65, 75], [77, 113], [115, 117], [120, 120], [123, 123], [125, 125], [127, 127], [129, 129], [131, 131], [146, 147], [150, 153], [155, 155], [167, 171], [175, 175], [179, 180], [183, 184], [186, 190], [193, 193], [205, 205], [208, 214], [216, 219], [229, 229], [237, 237], [257, 257], [263, 263], [279, 279], [281, 281], [320, 320], [330, 330], [366, 366], [454, 455], [513, 513]]
383363:[[767, 769]]
383377:[[221, 223], [227, 228], [295, 295], [298, 298], [301, 303], [325, 327], [329, 330]]
383417:[[763, 763]]
383447:[[501, 504]]
383448:[[464, 465]]
383449:[[398, 398], [725, 725], [1180, 1180]]
383468:[[256, 258], [260, 260], [263, 265], [267, 269], [314, 315], [317, 318], [323, 325], [327, 327], [329, 330], [345, 347], [350, 351], [362, 362], [366, 366], [376, 376], [380, 380], [382, 382], [394, 395], [398, 399], [401, 401], [413, 417], [461, 462], [465, 465], [469, 469], [471, 471], [538, 541], [543, 547], [549, 549], [565, 565], [567, 568], [571, 572], [579, 579], [581, 589], [598, 598], [607, 609], [611, 611], [650, 652], [657, 657], [660, 660], [710, 711], [714, 714], [717, 718], [742, 742], [752, 752], [756, 756], [758, 759], [833, 834], [837, 839], [931, 931], [941, 941], [959, 961], [963, 964], [966, 966], [983, 983], [1005, 1005], [1007, 1012], [1014, 1014], [1022, 1022], [1032, 1032], [1034, 1034], [1043, 1043], [1060, 1060], [1063, 1063], [1092, 1092], [1101, 1101], [1131, 1131], [1148, 1151], [1159, 1159], [1203, 1203], [1230, 1232], [1235, 1235], [1247, 1247], [1252, 1252], [1262, 1262], [1277, 1277], [1285, 1285], [1288, 1290], [1294, 1294], [1296, 1296], [1315, 1315], [1328, 1328], [1333, 1333], [1367, 1367], [1373, 1374], [1376, 1376], [1379, 1380], [1382, 1382], [1384, 1384], [1395, 1395], [1401, 1401], [1435, 1436], [1444, 1444], [1448, 1448], [1452, 1452], [1455, 1457], [1461, 1461], [1464, 1464], [1466, 1466], [1469, 1469], [1472, 1473], [1475, 1476], [1478, 1480], [1484, 1484], [1492, 1492], [1499, 1500], [1504, 1504], [1506, 1506], [1509, 1509], [1512, 1512], [1524, 1528], [1531, 1531], [1533, 1538], [1541, 1541], [1551, 1566], [1573, 1576], [1606, 1609], [1630, 1631], [1638, 1641], [1654, 1655], [1676, 1676], [1697, 1697], [1700, 1707], [1710, 1710], [1728, 1729], [1742, 1743], [1774, 1777], [1780, 1781], [1794, 1795], [1798, 1799], [1808, 1809], [1812, 1813], [1816, 1821], [1826, 1827], [1834, 1835], [1844, 1845], [1854, 1855], [1862, 1863], [2016, 2017], [2072, 2073], [2123, 2124], [2138, 2141]]
383485:[[108, 109]]
383486:[[117, 118]]
383487:[[183, 184], [186, 187], [189, 189], [291, 293], [295, 296], [324, 324], [331, 331], [333, 333], [338, 339], [352, 352], [354, 354], [357, 359], [368, 371], [374, 375], [377, 377], [379, 381], [389, 391], [393, 393], [395, 395], [409, 411], [415, 415], [417, 417], [450, 450], [454, 454], [456, 456], [458, 459], [481, 481], [483, 484], [488, 490], [518, 518], [521, 524], [535, 535], [537, 539], [544, 544], [562, 563], [566, 566], [568, 568], [572, 572], [601, 601], [603, 603], [606, 607], [609, 611], [613, 614], [617, 617], [642, 644], [646, 649], [654, 654], [657, 657], [661, 661], [681, 685], [702, 702], [704, 705], [711, 711], [713, 713], [716, 716], [741, 741], [743, 743], [753, 753], [757, 758], [760, 760], [763, 763], [766, 766], [770, 770], [772, 773], [777, 780], [782, 783], [785, 787], [789, 789], [794, 796], [798, 798], [813, 814], [817, 818], [821, 822], [824, 824], [827, 827], [831, 832], [839, 840], [845, 846], [853, 855], [858, 858], [862, 862], [866, 869], [871, 872], [890, 890], [893, 893], [896, 896], [899, 899], [901, 901], [923, 923], [926, 926], [929, 929], [932, 936], [938, 938], [940, 940], [944, 944], [948, 948], [950, 950], [952, 952], [955, 955], [1026, 1027], [1032, 1032], [1053, 1053], [1074, 1074], [1076, 1076], [1087, 1087], [1095, 1095], [1101, 1101], [1129, 1129], [1170, 1170], [1218, 1218], [1228, 1228], [1232, 1232], [1256, 1256], [1265, 1265], [1267, 1267], [1271, 1272], [1288, 1289], [1300, 1300], [1305, 1305], [1321, 1322], [1336, 1337], [1349, 1349], [1358, 1358], [1362, 1362], [1364, 1364], [1374, 1374], [1414, 1414], [1424, 1424], [1428, 1428], [1443, 1443], [1450, 1450], [1485, 1486], [1505, 1505], [1661, 1662], [1671, 1672], [1797, 1797], [1844, 1845], [1896, 1897], [1986, 1987], [2022, 2025]]
383496:[[191, 191]]
383512:[[705, 705]]
383536:[[194, 194]]
383541:[[74, 83], [108, 112], [123, 127], [138, 145], [147, 158], [164, 176], [178, 208], [210, 210], [241, 245], [256, 260], [266, 270]]
383629:[[11, 20], [22, 23], [25, 25], [30, 31], [53, 53], [55, 55], [128, 128], [130, 130], [136, 136], [162, 162], [169, 169]]
383630:[[18, 18], [55, 55], [92, 92], [210, 210], [245, 245], [258, 258]]
383631:[[682, 682]]
383647:[[145, 146]]
383648:[[230, 232]]
383649:[[7, 7], [18, 18], [31, 31], [43, 43], [49, 49], [74, 74], [83, 83], [87, 87], [107, 107], [146, 146], [155, 155], [158, 158], [189, 189], [192, 192], [250, 250], [341, 342]]
383661:[[111, 111]]
383662:[[1, 1], [29, 29], [51, 51], [60, 60], [63, 63]]
383669:[[59, 59], [67, 67], [73, 73], [76, 76], [94, 94], [96, 97], [105, 106], [109, 109], [111, 114], [118, 119], [121, 121], [125, 125], [133, 133], [137, 137], [139, 144], [146, 146], [148, 148], [152, 152], [154, 158], [169, 170], [173, 173], [176, 176], [178, 178], [184, 185], [187, 189], [225, 225], [245, 247], [249, 249], [252, 252], [260, 263], [267, 267], [323, 326], [329, 329], [373, 374], [377, 377], [379, 380], [397, 398], [400, 402], [475, 475], [477, 480]]
383687:[[224, 224]]
383692:[[884, 891]]
383694:[[2, 2]]
383695:[[1, 1], [197, 197], [313, 313]]
383712:[[82, 82], [85, 85], [87, 87], [90, 91], [165, 166], [169, 169], [171, 172], [186, 188], [190, 190], [192, 193], [197, 200], [226, 227], [229, 231], [235, 238], [240, 240], [248, 248], [250, 253], [462, 462], [840, 840], [1223, 1223], [1575, 1577]]
383741:[[1, 1], [15, 15], [19, 19], [22, 23], [25, 25], [44, 44], [48, 50], [101, 101], [103, 104], [106, 106], [110, 110], [112, 114], [118, 119], [217, 217], [222, 223], [235, 235], [239, 239], [251, 251], [258, 258], [261, 263], [271, 271], [274, 274], [276, 276], [280, 280], [284, 284], [324, 324], [326, 327], [329, 330], [332, 342], [350, 350], [352, 365], [367, 367], [369, 369], [371, 386], [388, 399], [402, 402], [406, 416], [418, 421], [423, 423], [427, 427], [430, 430], [436, 438], [440, 441], [444, 444], [455, 465], [467, 468], [471, 471], [473, 474], [476, 479], [482, 482], [484, 486], [488, 493], [503, 506], [509, 511], [517, 519], [522, 522], [535, 535], [542, 545], [562, 564], [566, 567], [569, 569], [572, 572], [574, 574]]
383756:[[41, 41], [70, 70], [75, 75], [77, 77], [80, 80], [113, 113], [119, 119], [133, 133], [135, 135], [154, 154], [161, 162], [176, 177], [243, 243], [247, 247], [254, 254], [256, 256], [259, 259], [333, 333], [341, 341], [349, 349], [351, 351], [358, 358], [520, 520], [538, 538], [556, 556], [560, 560], [593, 593], [597, 597], [603, 604], [921, 921], [925, 925], [943, 943], [949, 949], [952, 952], [1063, 1063], [1080, 1081], [1084, 1084], [1092, 1092], [1125, 1126], [1129, 1130], [1132, 1132], [1162, 1164], [1166, 1168], [1176, 1176], [1212, 1212], [1231, 1231], [1236, 1236], [1267, 1267], [1329, 1329], [1335, 1336], [1339, 1340], [1343, 1343], [1346, 1346], [1348, 1348], [1351, 1351], [1354, 1354], [1358, 1358], [1361, 1362], [1369, 1369], [1374, 1374], [1384, 1384]]
383767:[[708, 709], [981, 982], [1604, 1609]]
383811:[[70, 70]]
383812:[[331, 338]]
383814:[[1076, 1076]]
383830:[[147, 150]]
383832:[[49, 49], [397, 405]]
383833:[[172, 173]]
383854:[[109, 109], [869, 869], [1075, 1078], [1081, 1083], [1086, 1096], [1098, 1122]]
383948:[[791, 791], [799, 799], [909, 909]]
383949:[[846, 846]]
383996:[[855, 855], [857, 857], [1308, 1308]]
384014:[[142, 143], [147, 149], [163, 167], [190, 191], [193, 195], [246, 247], [249, 252], [254, 254], [256, 256], [258, 258], [263, 263]]
384029:[[502, 503]]
384052:[[108, 108], [110, 111], [113, 114], [690, 691], [693, 695], [742, 742], [745, 746], [748, 748], [750, 750], [752, 756], [796, 800], [1230, 1230], [1335, 1335], [1386, 1386], [1392, 1393], [1408, 1410], [1417, 1417]]
384069:[[1220, 1254]]
384187:[[415, 418]]
384202:[[137, 138], [140, 140], [142, 143], [188, 189], [192, 196], [202, 203], [207, 207]]
384204:[[213, 213]]
384238:[[319, 323], [359, 360], [564, 564]]
384239:[[4, 7], [797, 797]]
384264:[[239, 241], [243, 244], [648, 648], [671, 671], [723, 723], [725, 726], [728, 728], [733, 733], [743, 746], [748, 748], [948, 949], [1002, 1002]]
384265:[[252, 252], [392, 392], [397, 397], [399, 401], [407, 408]]
384290:[[227, 232]]
384291:[[459, 459], [1001, 1001], [1303, 1303], [1418, 1418], [1426, 1426]]
384322:[[187, 187], [735, 737]]
384323:[[339, 339]]
384331:[[338, 338], [510, 512]]
384332:[[74, 74]]
384383:[[28, 32], [45, 47], [50, 52], [54, 56], [58, 60], [144, 146], [148, 150], [179, 179], [194, 194], [196, 199], [213, 213], [215, 215], [219, 221], [226, 226], [254, 254], [264, 264], [284, 284], [286, 286], [289, 289], [330, 330], [345, 345], [377, 377], [440, 440], [443, 444], [455, 455], [459, 459], [490, 493], [495, 495], [505, 505], [533, 535], [564, 564], [568, 568], [579, 579], [582, 583], [621, 621], [627, 627], [630, 630], [636, 636], [649, 650], [668, 668], [790, 792], [796, 796], [815, 816], [844, 845], [848, 850], [855, 855], [858, 858], [865, 865], [886, 890], [892, 892]]
384406:[[46, 52], [66, 67], [215, 219], [286, 287], [289, 291], [334, 338], [409, 409], [501, 504], [506, 506], [541, 541], [592, 594], [597, 597], [599, 604], [630, 634]]
384413:[[362, 363], [366, 368], [428, 428], [436, 437], [439, 439], [442, 443], [454, 454], [460, 460], [462, 462], [469, 469], [474, 474], [476, 478], [481, 481], [484, 484], [488, 489], [493, 493], [495, 495], [497, 497], [499, 501], [509, 509], [512, 512], [522, 523], [526, 526], [529, 529], [536, 537], [548, 548], [552, 552], [555, 556], [558, 560], [571, 572], [575, 575], [581, 585], [610, 610], [613, 616], [618, 622], [627, 627], [637, 637], [641, 641], [644, 644], [647, 647], [652, 652], [742, 742], [745, 745], [754, 755], [765, 765], [791, 791], [793, 796], [830, 831], [833, 833], [849, 850], [852, 852], [856, 856], [869, 870], [883, 883], [890, 890], [894, 895], [911, 911], [915, 916], [918, 918], [926, 926], [935, 935], [939, 939], [942, 944], [949, 950], [953, 953], [959, 959], [961, 961], [965, 965], [969, 970], [981, 981], [983, 984], [994, 994], [1007, 1007], [1020, 1020], [1038, 1038], [1040, 1040], [1042, 1042], [1044, 1051], [1053, 1054], [1057, 1058], [1081, 1081], [1083, 1083], [1086, 1086], [1090, 1090], [1092, 1093], [1121, 1121], [1135, 1135], [1137, 1137], [1142, 1142], [1144, 1144], [1148, 1148], [1202, 1202], [1205, 1206], [1209, 1209], [1211, 1211], [1213, 1213], [1260, 1260], [1300, 1300], [1305, 1305], [1307, 1307], [1315, 1315], [1365, 1365], [1378, 1378], [1403, 1403], [1413, 1413], [1424, 1424], [1563, 1563], [1732, 1733], [1765, 1766], [1769, 1770], [1775, 1778], [1783, 1784], [1793, 1794], [1797, 1798], [1801, 1802], [1805, 1808], [1815, 1816], [1825, 1826], [1838, 1839], [1844, 1845], [1856, 1857], [1860, 1863], [1865, 1866], [1869, 1870], [1875, 1876], [1879, 1879], [1881, 1887], [1889, 1890], [1923, 1924], [1927, 1932], [1943, 1947], [1950, 1951], [1954, 1959], [1962, 1964], [1966, 1967], [1970, 1971]]
384464:[[134, 138], [205, 209], [260, 264]]
384468:[[276, 276], [280, 281], [285, 285], [287, 287], [465, 465], [467, 470], [791, 791], [794, 794], [796, 797], [799, 800], [917, 918], [922, 922], [924, 924], [926, 927], [942, 942], [944, 944], [947, 947], [949, 949], [959, 959], [963, 963], [1010, 1010], [1043, 1044], [1048, 1050], [1052, 1055], [1057, 1059], [1177, 1180], [1184, 1184], [1186, 1186], [1306, 1306], [1503, 1504], [1519, 1519], [1527, 1527], [1532, 1532], [1573, 1574], [1585, 1585], [1859, 1859]]
384490:[[32, 32]]
384492:[[135, 135], [154, 154], [164, 164], [169, 169], [174, 174], [207, 208], [231, 232], [235, 235], [360, 360], [370, 370], [773, 773], [776, 776], [779, 779], [781, 781], [783, 784]]
384565:[[296, 297], [299, 299], [309, 309], [314, 314], [370, 370], [372, 372], [382, 382], [384, 384], [387, 387], [839, 841], [844, 844], [846, 846], [1045, 1045], [1048, 1048], [1050, 1051], [1053, 1053], [1056, 1060], [1079, 1080], [1086, 1086], [1088, 1089], [1092, 1092], [1176, 1177], [1179, 1179], [1181, 1183], [1332, 1333], [1335, 1335], [1337, 1337], [1342, 1342], [1353, 1353], [1746, 1746]]
384579:[[462, 462], [465, 465], [477, 477], [483, 483], [492, 493], [513, 513], [515, 515], [523, 524], [559, 572]]
384591:[[173, 173], [176, 176], [183, 184], [186, 186], [203, 203], [207, 210], [217, 219]]
384593:[[7, 11], [15, 15], [99, 103]]
384610:[[74, 77], [80, 81], [83, 83], [108, 109], [112, 113], [120, 121], [130, 131], [136, 137], [165, 165], [182, 183], [186, 187], [192, 192], [195, 195], [198, 198], [200, 200], [206, 207], [225, 225], [241, 245], [247, 247], [254, 271], [362, 367]]
384614:[[53, 53], [55, 55], [61, 64], [69, 70], [81, 81], [83, 86], [156, 157], [159, 160], [163, 164], [167, 167], [170, 172], [178, 178], [180, 180], [192, 192], [195, 196], [198, 200], [209, 210], [281, 281], [284, 284], [286, 286], [291, 292], [306, 307], [309, 311], [319, 320], [323, 324], [327, 327], [329, 329], [390, 392], [394, 395], [420, 420], [423, 423], [425, 425], [427, 428], [507, 508], [512, 512], [516, 516], [518, 518], [584, 584], [586, 586], [588, 588], [591, 592], [620, 620], [638, 639], [645, 645], [649, 649], [651, 651], [685, 685], [687, 687], [690, 691], [694, 694], [723, 724], [727, 727], [729, 730], [818, 818], [843, 843], [848, 850], [858, 858], [916, 916], [927, 927], [932, 933], [936, 936], [1276, 1290]]
384638:[[328, 328]]
384644:[[12, 12], [251, 251]]
384933:[[623, 623]]
384935:[[494, 494], [498, 499], [505, 505], [523, 523], [539, 539], [551, 555], [563, 563], [574, 574], [578, 580], [585, 585], [604, 605], [727, 727], [1055, 1055]]
384950:[[199, 203]]
384951:[[46, 48], [53, 53], [55, 55], [79, 79], [99, 100], [102, 102], [105, 105], [115, 115], [132, 132], [145, 145], [158, 158], [160, 160], [162, 162], [169, 169], [171, 171], [198, 198], [237, 239], [244, 247], [285, 285], [341, 343], [345, 345], [394, 394], [408, 408], [416, 416], [418, 419], [429, 429], [440, 440], [443, 443], [464, 464], [466, 468], [472, 472], [482, 482], [484, 486], [521, 521], [567, 568], [571, 571], [573, 573], [575, 575], [579, 579], [588, 589], [591, 593], [609, 611], [613, 614], [620, 624], [627, 627], [652, 652], [656, 656], [694, 695], [701, 701], [704, 705], [707, 707], [714, 714], [716, 716], [768, 768], [772, 774], [777, 779], [781, 781], [783, 783], [800, 800], [802, 802], [804, 805], [807, 807], [809, 810], [813, 813], [815, 815], [861, 861], [882, 883], [885, 886], [888, 888], [900, 900], [931, 932], [934, 934], [938, 938], [944, 945], [960, 960]]
384963:[[1685, 1685]]
384981:[[79, 80], [84, 86], [88, 88], [164, 166], [168, 169], [171, 171], [272, 272], [274, 274], [280, 281], [283, 283], [373, 373], [404, 404], [465, 466], [469, 470], [474, 474], [477, 477], [650, 650], [1235, 1235], [1245, 1245], [1252, 1252], [1259, 1260], [1279, 1279], [1323, 1325], [1328, 1328], [1351, 1351], [1372, 1372], [1572, 1572], [1840, 1840], [1879, 1880], [1885, 1887], [1941, 1942], [1974, 1974], [1981, 1982], [2132, 2137]]
385012:[[323, 324]]
385016:[[612, 613], [622, 622], [626, 627], [631, 631], [664, 665], [671, 675], [680, 680], [682, 683], [685, 685], [751, 751]]
385094:[[71, 72], [264, 264]]
385127:[[940, 940], [1642, 1642], [2047, 2048], [2050, 2050]]
385142:[[367, 367], [544, 545], [550, 550], [561, 561], [563, 563], [666, 666], [1076, 1077], [1079, 1079], [1083, 1085], [1178, 1178], [1277, 1279], [1282, 1284], [1300, 1300], [1349, 1350], [1352, 1352], [1354, 1354], [1361, 1361], [1363, 1363], [1371, 1371], [1880, 1880], [1887, 1888], [1893, 1898], [1901, 1902]]
385152:[[418, 418], [1192, 1193]]
385153:[[63, 63]]
385168:[[1240, 1240]]
385178:[[126, 126], [137, 137], [142, 144], [170, 170], [174, 174], [176, 176], [181, 181], [187, 188], [213, 218], [248, 251], [255, 256], [311, 311], [320, 321], [326, 327], [329, 332], [337, 337], [339, 339], [341, 341], [388, 392], [394, 394], [461, 466], [538, 538]]
385194:[[14, 22], [24, 29], [32, 33], [56, 57], [59, 60], [63, 63], [65, 66], [75, 75], [94, 94], [218, 218], [220, 220], [222, 222], [233, 233], [235, 236], [239, 241], [261, 261], [271, 271], [275, 275], [278, 278], [280, 280], [286, 286], [293, 293], [297, 298], [303, 303], [445, 447], [1216, 1216]]
385281:[[68, 68], [72, 73], [77, 77], [79, 79], [101, 101], [129, 129], [241, 241], [252, 256], [332, 332], [584, 584], [586, 587], [590, 590], [670, 670], [686, 686], [719, 719], [722, 723], [728, 730], [809, 809], [837, 837], [1071, 1072], [1074, 1074], [1090, 1090], [1101, 1101], [1120, 1120], [1193, 1196], [1216, 1217], [1273, 1273], [1304, 1304]]
385285:[[288, 299]]
385286:[[1, 2], [13, 14], [19, 20], [134, 134], [199, 200], [209, 210], [221, 222], [227, 228], [243, 243], [406, 410], [413, 415], [419, 420], [462, 464], [534, 536], [720, 722], [789, 791], [795, 797], [1146, 1147]]
385311:[[26, 28], [50, 53], [57, 58], [63, 63]]
385312:[[29, 33], [35, 36], [43, 43], [45, 45], [49, 51], [90, 90], [92, 93], [96, 96], [100, 100], [110, 122], [194, 194], [199, 199], [201, 202], [204, 205], [331, 332], [335, 335], [351, 351], [359, 359], [361, 361], [367, 367], [369, 370], [372, 374], [380, 380]]
385324:[[1604, 1604]]
385354:[[833, 836]]
385355:[[499, 501], [876, 877]]
385383:[[341, 341]]
385387:[[176, 176]]
385390:[[265, 265], [267, 267], [269, 269], [272, 273], [302, 302], [770, 770], [926, 926], [929, 929], [934, 934], [939, 939], [944, 944], [1095, 1095]]
385391:[[1, 1], [330, 331]]
385422:[[774, 775], [1144, 1144]]
385423:[[383, 383], [392, 396]]
385424:[[10, 10], [367, 368]]
385437:[[776, 776], [804, 804]]
385443:[[767, 767], [770, 770], [778, 778], [781, 781], [786, 786], [823, 823], [1187, 1187], [1239, 1239], [1242, 1242], [1250, 1250], [1268, 1268], [1342, 1342], [1360, 1360]]
385444:[[154, 154]]
385478:[[644, 644]]
385480:[[1, 1], [4, 4]]
385481:[[1, 1]]
385515:[[2, 2], [320, 320], [713, 713], [961, 961], [997, 997], [1569, 1570]]
385567:[[378, 379], [381, 382]]
385591:[[19, 19]]
385592:[[19, 22]]
385604:[[1091, 1093]]
385606:[[1, 1], [389, 389]]
385618:[[159, 159], [195, 195]]
385620:[[389, 389]]
385728:[[989, 989]]
385738:[[1273, 1273]]
385764:[[395, 395], [1312, 1312], [1316, 1316], [1718, 1718]]
385842:[[1400, 1400], [1950, 1961]]
385889:[[735, 735]]
385908:[[894, 896]]
385915:[[137, 137], [431, 432]]
385933:[[202, 204]]
385934:[[762, 764], [766, 766], [1072, 1072]]
385986:[[1426, 1426], [1633, 1633], [1635, 1635], [1750, 1750], [1952, 1954]]
386008:[[46, 47], [49, 49]]
386010:[[346, 346]]
386025:[[317, 317], [753, 753], [1623, 1623]]
386319:[[381, 381]]
386505:[[314, 319]]
386509:[[307, 307], [487, 487]]
386553:[[249, 249]]
386554:[[410, 410]]
386593:[[563, 563]]
386604:[[405, 405], [872, 872], [1074, 1074], [1934, 1934], [1937, 1937], [2034, 2037]]
386614:[[554, 554], [737, 738], [779, 779]]
386615:[[1, 37]]
386616:[[1, 127]]
386617:[[1, 70]]
386618:[[685, 685], [738, 739]]
386629:[[95, 95]]
386640:[[225, 225], [369, 370], [1010, 1010], [1185, 1185]]
386642:[[380, 380]]
386661:[[302, 302]]
386668:[[379, 379]]
386672:[[71, 72], [160, 160]]
386673:[[822, 822]]
386679:[[181, 181], [209, 209]]
386694:[[448, 449], [1168, 1168]]
386703:[[1, 1], [167, 167], [460, 460], [626, 626]]
386704:[[408, 408]]
386764:[[236, 236]]
386795:[[106, 122]]
386801:[[98, 111]]
386851:[[289, 289], [427, 439]]
386852:[[397, 397]]
386854:[[410, 410]]
386863:[[290, 290], [509, 518]]
386864:[[310, 310], [401, 401], [781, 781], [1265, 1265]]
386885:[[1075, 1075]]
386917:[[413, 413], [535, 535]]
386924:[[714, 714], [1193, 1193], [1207, 1207], [1641, 1641], [1825, 1825]]
386945:[[817, 817]]
END MISSING JetMET0
WROTE condor/lumi_2024_h/JetMET0_processed_golden.json
WROTE condor/lumi_2024_h/JetMET0_missing_golden.json
SAMPLE JetMET1_Run2024C-MINIv6NANOv15-v1 files=109 unreadable=0 LS=24347 runs=50 first=379415 last=380238 split_LS=0
SAMPLE JetMET1_Run2024D-MINIv6NANOv15-v1 files=155 unreadable=0 LS=23443 runs=47 first=380306 last=380947 split_LS=0
SAMPLE JetMET1_Run2024E-MINIv6NANOv15-v1 files=226 unreadable=0 LS=32101 runs=49 first=380963 last=381594 split_LS=0
SAMPLE JetMET1_Run2024F-MINIv6NANOv15-v2 files=381 unreadable=0 LS=71197 runs=138 first=382209 last=383779 split_LS=0
SAMPLE JetMET1_Run2024G-MINIv6NANOv15-v2 files=451 unreadable=0 LS=95169 runs=157 first=383811 last=385801 split_LS=0
SAMPLE JetMET1_Run2024H-MINIv6NANOv15-v2 files=76 unreadable=0 LS=14712 runs=29 first=385836 last=386319 split_LS=0
SAMPLE JetMET1_Run2024I-MINIv6NANOv15-v1 files=82 unreadable=0 LS=13747 runs=22 first=386478 last=386693 split_LS=0
SAMPLE JetMET1_Run2024I-MINIv6NANOv15_v2-v2 files=116 unreadable=0 LS=14754 runs=25 first=386694 last=386951 split_LS=0
RANGES JetMET1 379415-380238 380306-380947 380963-381594 382209-383779 383811-385801 385836-386319 386478-386951
PD JetMET1 golden_LS=281662 processed_golden_LS=279681 missing_golden_LS=1981 (0.703 %) processed_outside_golden=9789
GOLDEN_OUTSIDE JetMET1 runs=16 LS=5939 runs: 378985 378993 379006 379011 379012 379028 379031 379058 379075 379154 379238 379243 379252 379253 379338 379355
BEGIN MISSING JetMET1 runs=259
379420:[[389, 391], [425, 425]]
379456:[[20, 20], [46, 46], [316, 316]]
379470:[[384, 384]]
379660:[[323, 324], [704, 704]]
379729:[[57, 57], [424, 424]]
379765:[[364, 364], [1073, 1073], [1726, 1726], [1728, 1730], [1733, 1734], [1736, 1738]]
379866:[[1363, 1375]]
379984:[[739, 739], [800, 809]]
380001:[[205, 211], [642, 650]]
380005:[[326, 326], [328, 330], [332, 332], [334, 335], [492, 498], [660, 667], [837, 845], [885, 885], [965, 973]]
380029:[[35, 35]]
380030:[[76, 76], [179, 184], [198, 203], [228, 233], [252, 257], [300, 311]]
380033:[[31, 37], [46, 53]]
380043:[[144, 145], [159, 167], [170, 170], [193, 194], [207, 210], [294, 295], [341, 343], [353, 355], [408, 414], [429, 434], [477, 481], [570, 570], [620, 626], [641, 645], [647, 653], [664, 664]]
380049:[[337, 337], [538, 544], [589, 594], [596, 601], [607, 613], [649, 655], [670, 683], [691, 691], [785, 797], [806, 813], [815, 821], [854, 861], [870, 870], [878, 879], [902, 903]]
380051:[[1, 19], [728, 735]]
380126:[[433, 433], [798, 798]]
380127:[[534, 535]]
380128:[[1, 1]]
380306:[[270, 273]]
380308:[[1, 1]]
380309:[[346, 351]]
380310:[[884, 884]]
380349:[[378, 378]]
380360:[[1771, 1771]]
380377:[[452, 455]]
380384:[[766, 766]]
380444:[[234, 237]]
380447:[[1, 1]]
380466:[[272, 272], [274, 275], [360, 360]]
380470:[[1, 1], [515, 515]]
380513:[[689, 689]]
380531:[[1055, 1062]]
380534:[[352, 352], [664, 664]]
380537:[[7, 18]]
380564:[[174, 175], [238, 241], [532, 533], [536, 537], [540, 540], [542, 542], [545, 547]]
380567:[[1, 2], [5, 6], [11, 14], [266, 266], [352, 352], [364, 364], [366, 369], [647, 651], [656, 660]]
380647:[[403, 405]]
380649:[[1, 1]]
380933:[[685, 685]]
380945:[[174, 174], [176, 176], [178, 178]]
380947:[[733, 733]]
380963:[[141, 151], [288, 293], [324, 328], [431, 435], [751, 755], [805, 807]]
381022:[[180, 185], [288, 293], [390, 390], [392, 393], [417, 417], [422, 427], [432, 432], [456, 456], [591, 591]]
381053:[[68, 68]]
381065:[[191, 195], [231, 235], [292, 296], [502, 505], [507, 507], [531, 532], [539, 540], [542, 542], [663, 667], [677, 677], [715, 719], [746, 749], [820, 825]]
381075:[[126, 131], [279, 283]]
381078:[[33, 33], [151, 162], [331, 335]]
381079:[[395, 398]]
381080:[[37, 38]]
381113:[[162, 167], [188, 192], [208, 212]]
381114:[[1, 6], [57, 60], [65, 66], [454, 458]]
381115:[[199, 199], [202, 203], [208, 209], [226, 227], [234, 234], [408, 408]]
381147:[[157, 161]]
381148:[[216, 220]]
381150:[[42, 42]]
381151:[[1, 1], [487, 495], [847, 851]]
381164:[[347, 347], [470, 473], [479, 479], [663, 665], [667, 667], [689, 693]]
381190:[[389, 392], [717, 721], [764, 767], [783, 783], [816, 816], [1093, 1098]]
381199:[[183, 185]]
381212:[[260, 264], [295, 295], [297, 297], [337, 337], [339, 340]]
381286:[[662, 665], [686, 686]]
381309:[[131, 134]]
381364:[[84, 92]]
381365:[[4, 4], [62, 66], [279, 279], [283, 284], [286, 286], [298, 298], [312, 312], [316, 316], [339, 339], [342, 342], [344, 344], [357, 357], [368, 368], [379, 379], [409, 413], [470, 470], [490, 490], [547, 547]]
381379:[[111, 112], [122, 124], [213, 214], [216, 216], [219, 220], [250, 254], [316, 316], [380, 380], [382, 382], [384, 385], [389, 389], [865, 867]]
381380:[[1, 1], [342, 350], [796, 807], [820, 831], [1163, 1163]]
381384:[[752, 752], [1759, 1766], [1771, 1774], [1869, 1869], [2084, 2084], [2443, 2443]]
381417:[[151, 157], [161, 161], [163, 163], [1395, 1402], [1439, 1439], [1534, 1534], [1536, 1537], [1818, 1824]]
381443:[[33, 49], [126, 130], [348, 352], [397, 397], [400, 404], [434, 434], [437, 438], [451, 451], [453, 453], [555, 555], [558, 558], [561, 561], [592, 592], [596, 596], [616, 616], [630, 630], [633, 633], [635, 635], [681, 681], [687, 687], [689, 689], [692, 692], [695, 695], [698, 698], [828, 828], [830, 830], [1164, 1167], [1224, 1227], [1543, 1571]]
381480:[[82, 87], [300, 306], [344, 351], [569, 569], [615, 615]]
381484:[[192, 192], [194, 194], [196, 196], [199, 199], [211, 211], [557, 559], [561, 561], [563, 563], [697, 697], [749, 752]]
381499:[[228, 228]]
381515:[[217, 221], [235, 236], [285, 289], [545, 550]]
381516:[[228, 228], [230, 230], [296, 296], [641, 648]]
381543:[[376, 377], [381, 382], [391, 391], [442, 444], [487, 487]]
381544:[[23, 24], [27, 27], [30, 30], [32, 33], [35, 35], [37, 37], [49, 52], [60, 61], [70, 71], [103, 103], [132, 132], [168, 170], [186, 186], [199, 202], [207, 207], [402, 402], [750, 750], [991, 992]]
382250:[[269, 269]]
382255:[[131, 132]]
382258:[[1150, 1150]]
382262:[[145, 145]]
382299:[[219, 219], [370, 370]]
382300:[[845, 845]]
382328:[[121, 122]]
382343:[[1229, 1229], [2237, 2241], [2244, 2245]]
382568:[[429, 437]]
382580:[[226, 226], [750, 750]]
382594:[[1429, 1429]]
382595:[[355, 355]]
382626:[[200, 200]]
382649:[[327, 327], [512, 514]]
382654:[[329, 329], [741, 741], [767, 767], [1539, 1539], [1674, 1674]]
382684:[[431, 431], [641, 641], [1191, 1192]]
382729:[[101, 101]]
382750:[[532, 533]]
382769:[[148, 148]]
382770:[[537, 537]]
382794:[[14, 14]]
382834:[[836, 838]]
382856:[[446, 448], [450, 452]]
382878:[[275, 275]]
382913:[[754, 754], [2032, 2032]]
382921:[[323, 323], [1238, 1241]]
382922:[[18, 18], [20, 20], [83, 83]]
382937:[[297, 297]]
382960:[[356, 356]]
383034:[[99, 100], [175, 175], [372, 372], [666, 666]]
383155:[[1450, 1450]]
383163:[[46, 46]]
383173:[[367, 367], [713, 713], [827, 827]]
383174:[[349, 353], [357, 357], [859, 862], [1022, 1024]]
383254:[[373, 373], [766, 767], [1260, 1261]]
383255:[[857, 858], [860, 860]]
383277:[[392, 392]]
383323:[[477, 477], [683, 683]]
383326:[[44, 48]]
383363:[[767, 769]]
383417:[[763, 763]]
383447:[[501, 504]]
383448:[[464, 465]]
383449:[[398, 398], [725, 725], [1180, 1180]]
383468:[[982, 983]]
383485:[[108, 109]]
383486:[[117, 118]]
383487:[[716, 716], [1305, 1305], [1488, 1488], [1797, 1797]]
383496:[[191, 191]]
383512:[[705, 705]]
383536:[[194, 194]]
383631:[[786, 786], [789, 789], [791, 792], [794, 794], [799, 799]]
383647:[[145, 146]]
383648:[[230, 232]]
383649:[[341, 342]]
383661:[[111, 111]]
383662:[[78, 78]]
383687:[[224, 224]]
383692:[[884, 891]]
383694:[[2, 2]]
383695:[[1, 1], [313, 313]]
383712:[[462, 462], [840, 840], [1575, 1577]]
383741:[[1, 1], [427, 427]]
383756:[[40, 41]]
383767:[[708, 709], [981, 981], [1604, 1609]]
383811:[[70, 70]]
383812:[[331, 338]]
383814:[[1076, 1076]]
383830:[[147, 150]]
383832:[[49, 49], [396, 405]]
383833:[[172, 173]]
383854:[[109, 109], [869, 869], [1075, 1078], [1081, 1083], [1086, 1096], [1098, 1122]]
383948:[[688, 688], [791, 791], [799, 799], [909, 909]]
383949:[[846, 846]]
383996:[[855, 855], [857, 857], [1308, 1308]]
384029:[[502, 503]]
384052:[[1230, 1230], [1335, 1335], [1879, 1881], [1884, 1885], [1890, 1893]]
384069:[[1220, 1254]]
384187:[[415, 418]]
384204:[[213, 213]]
384238:[[359, 360], [564, 564]]
384264:[[648, 648], [671, 671], [948, 949], [1002, 1002]]
384265:[[252, 252]]
384290:[[227, 232]]
384291:[[216, 216], [459, 459], [1001, 1001], [1303, 1303], [1418, 1418], [1426, 1426]]
384322:[[187, 187], [357, 357], [735, 737]]
384323:[[339, 339]]
384331:[[338, 338], [510, 512]]
384332:[[74, 74]]
384383:[[219, 219]]
384413:[[1048, 1048], [1267, 1267], [1563, 1563]]
384468:[[920, 920], [1010, 1010], [1306, 1306], [1319, 1319], [1859, 1859]]
384490:[[32, 32]]
384492:[[360, 360], [370, 370]]
384579:[[559, 572]]
384591:[[217, 219]]
384610:[[34, 34]]
384614:[[1276, 1290]]
384638:[[328, 328]]
384933:[[97, 97], [623, 623]]
384950:[[199, 203]]
384951:[[115, 115], [243, 244], [408, 408], [861, 861]]
384963:[[1685, 1685]]
384981:[[373, 373], [572, 572], [650, 650], [1840, 1840], [2132, 2137]]
385012:[[323, 324]]
385094:[[71, 72], [265, 265]]
385127:[[1642, 1642], [2047, 2050]]
385142:[[367, 367]]
385152:[[418, 418], [1192, 1193]]
385153:[[63, 63]]
385168:[[1240, 1240]]
385194:[[293, 293], [445, 445], [447, 447], [1080, 1080], [1083, 1084], [1086, 1087], [1089, 1089]]
385281:[[837, 837], [1217, 1217]]
385285:[[288, 299]]
385286:[[1146, 1147]]
385324:[[282, 282], [295, 295], [299, 299], [308, 308], [310, 310], [509, 509], [1604, 1604]]
385354:[[833, 836]]
385355:[[499, 501], [876, 877]]
385383:[[341, 341]]
385390:[[770, 770]]
385391:[[1, 1], [330, 331]]
385422:[[775, 775], [1144, 1144], [1147, 1147], [1150, 1150]]
385423:[[383, 383], [392, 396]]
385424:[[10, 10], [367, 367]]
385437:[[776, 776], [804, 804]]
385443:[[1188, 1188]]
385444:[[154, 154]]
385478:[[644, 644]]
385480:[[4, 4]]
385481:[[1, 1]]
385515:[[2, 2], [320, 320], [713, 713]]
385567:[[375, 376], [378, 378], [380, 382]]
385591:[[19, 19]]
385592:[[19, 22]]
385604:[[1091, 1093]]
385606:[[389, 389]]
385618:[[195, 195]]
385620:[[389, 389], [492, 492], [1595, 1595]]
385728:[[989, 989]]
385738:[[1273, 1274]]
385764:[[395, 395], [1314, 1316]]
385842:[[1400, 1400], [1950, 1961]]
385889:[[410, 410], [735, 735]]
385908:[[894, 896]]
385915:[[137, 137], [431, 432]]
385933:[[202, 204]]
385934:[[763, 765], [1072, 1072]]
385986:[[1426, 1426], [1633, 1635], [1750, 1750], [1952, 1954]]
386008:[[49, 49]]
386010:[[346, 346]]
386025:[[317, 317], [753, 753], [1623, 1623]]
386319:[[381, 381]]
386505:[[314, 319]]
386509:[[152, 152], [307, 307], [487, 487]]
386554:[[410, 410]]
386593:[[563, 563]]
386604:[[405, 405], [872, 872], [1074, 1074], [1934, 1935], [1937, 1937], [2034, 2037]]
386614:[[554, 554], [737, 738], [779, 779]]
386615:[[1, 37]]
386616:[[1, 127]]
386617:[[1, 70]]
386618:[[685, 685], [738, 739], [788, 788]]
386629:[[95, 95]]
386640:[[225, 225], [369, 370], [1010, 1010], [1185, 1185]]
386642:[[375, 375], [380, 380]]
386672:[[71, 72], [160, 160]]
386673:[[486, 486], [822, 822]]
386679:[[180, 181], [206, 206]]
386694:[[448, 449], [1168, 1168]]
386703:[[167, 167], [460, 460], [626, 626]]
386704:[[408, 409]]
386764:[[236, 236]]
386795:[[106, 122]]
386801:[[98, 111]]
386851:[[289, 289], [427, 439]]
386854:[[410, 410]]
386863:[[290, 290], [509, 518]]
386864:[[401, 401], [781, 781], [1265, 1265]]
386885:[[444, 444], [1075, 1075]]
386917:[[413, 413], [535, 535]]
386924:[[366, 366], [1193, 1193], [1207, 1207], [1641, 1641], [1825, 1825]]
386945:[[817, 817]]
END MISSING JetMET1
WROTE condor/lumi_2024_h/JetMET1_processed_golden.json
WROTE condor/lumi_2024_h/JetMET1_missing_golden.json
SAMPLE ParkingHH_Run2024C-MINIv6NANOv15-v1 files=237 unreadable=0 LS=24642 runs=51 first=379415 last=380238 split_LS=0
SAMPLE ParkingHH_Run2024D-MINIv6NANOv15-v1 files=271 unreadable=0 LS=23505 runs=47 first=380306 last=380947 split_LS=0
SAMPLE ParkingHH_Run2024E-MINIv6NANOv15-v1 files=378 unreadable=0 LS=32439 runs=49 first=380963 last=381594 split_LS=0
progress ParkingHH_Run2024F-MINIv6NANOv15-v4 500/599
SAMPLE ParkingHH_Run2024F-MINIv6NANOv15-v4 files=599 unreadable=0 LS=71222 runs=139 first=382209 last=383779 split_LS=0
progress ParkingHH_Run2024G-MINIv6NANOv15-v3 500/856
SAMPLE ParkingHH_Run2024G-MINIv6NANOv15-v3 files=856 unreadable=0 LS=95228 runs=157 first=383811 last=385801 split_LS=0
SAMPLE ParkingHH_Run2024H-MINIv6NANOv15-v3 files=136 unreadable=0 LS=14666 runs=29 first=385836 last=386319 split_LS=0
SAMPLE ParkingHH_Run2024I-MINIv6NANOv15-v3 files=136 unreadable=0 LS=13737 runs=22 first=386478 last=386693 split_LS=0
SAMPLE ParkingHH_Run2024I-MINIv6NANOv15_v2-v2 files=158 unreadable=0 LS=14742 runs=25 first=386694 last=386951 split_LS=0
RANGES ParkingHH 379415-380238 380306-380947 380963-381594 382209-383779 383811-385801 385836-386319 386478-386951
PD ParkingHH golden_LS=281662 processed_golden_LS=280542 missing_golden_LS=1120 (0.398 %) processed_outside_golden=9639
GOLDEN_OUTSIDE ParkingHH runs=16 LS=5939 runs: 378985 378993 379006 379011 379012 379028 379031 379058 379075 379154 379238 379243 379252 379253 379338 379355
BEGIN MISSING ParkingHH runs=248
379442:[[19, 19]]
379456:[[20, 20], [46, 46]]
379470:[[384, 384]]
379530:[[271, 271]]
379613:[[121, 121]]
379660:[[323, 324], [704, 704]]
379729:[[57, 57], [424, 424]]
379765:[[364, 364], [708, 708], [1203, 1203], [1725, 1725], [1730, 1730], [1732, 1732], [1734, 1734], [1737, 1738]]
379866:[[1363, 1375]]
379984:[[739, 739], [763, 763]]
380005:[[302, 302]]
380029:[[35, 35]]
380030:[[76, 76]]
380043:[[353, 353], [355, 355], [664, 664]]
380049:[[337, 337], [354, 354], [902, 903]]
380051:[[672, 672], [728, 735]]
380056:[[2, 2]]
380126:[[434, 434], [798, 799]]
380127:[[534, 535]]
380128:[[1, 1]]
380197:[[25, 25]]
380306:[[270, 273]]
380309:[[346, 351]]
380310:[[884, 884]]
380349:[[204, 204], [378, 378]]
380360:[[1771, 1771]]
380377:[[452, 455]]
380384:[[765, 766]]
380385:[[74, 74]]
380444:[[234, 234], [236, 237]]
380447:[[1, 1], [186, 186]]
380466:[[360, 360]]
380470:[[515, 515]]
380481:[[25, 25]]
380513:[[689, 689]]
380531:[[1055, 1062]]
380534:[[352, 352], [664, 664]]
380567:[[266, 266], [352, 352]]
380624:[[685, 685]]
380649:[[1, 1]]
380933:[[685, 685]]
380947:[[733, 733]]
380963:[[878, 878], [884, 885]]
381022:[[456, 456]]
381053:[[68, 68]]
381065:[[820, 825]]
381078:[[33, 33], [70, 70], [331, 335]]
381079:[[1, 1], [395, 398]]
381080:[[37, 38]]
381113:[[119, 119]]
381114:[[74, 74], [454, 458]]
381115:[[408, 408]]
381150:[[42, 42]]
381151:[[1, 1], [847, 847], [851, 851]]
381152:[[24, 24]]
381164:[[99, 99], [255, 255], [272, 272]]
381190:[[149, 149], [783, 783], [1095, 1098]]
381199:[[183, 185]]
381286:[[78, 78], [370, 370]]
381364:[[126, 126]]
381365:[[5, 5]]
381379:[[316, 316], [865, 867]]
381380:[[1163, 1163]]
381384:[[447, 447], [752, 752], [2084, 2084], [2443, 2443]]
381417:[[161, 161], [163, 163], [1534, 1536], [1818, 1824]]
381443:[[397, 397], [830, 830], [1543, 1571]]
381480:[[569, 569]]
381499:[[228, 228]]
381515:[[236, 236], [545, 550]]
381516:[[228, 229], [296, 296]]
381543:[[15, 15]]
381544:[[750, 750]]
382229:[[10, 17]]
382250:[[269, 269]]
382255:[[131, 132]]
382258:[[1150, 1150]]
382262:[[145, 145]]
382299:[[219, 219], [370, 370]]
382300:[[845, 845]]
382328:[[121, 122]]
382343:[[1229, 1229], [2236, 2238], [2243, 2245]]
382568:[[302, 302], [429, 437]]
382580:[[226, 226], [750, 750]]
382594:[[1429, 1429]]
382595:[[355, 355]]
382626:[[200, 200]]
382649:[[327, 327], [512, 514]]
382654:[[329, 329], [1539, 1539], [1674, 1674]]
382684:[[431, 431], [641, 641], [1191, 1192]]
382729:[[101, 101]]
382750:[[532, 533]]
382769:[[32, 32], [148, 148]]
382770:[[537, 537]]
382794:[[14, 14]]
382834:[[836, 838]]
382856:[[446, 448], [450, 452]]
382913:[[754, 754], [2032, 2032]]
382921:[[323, 323], [1238, 1241]]
382922:[[18, 18], [20, 21], [83, 83]]
382937:[[297, 297]]
382960:[[356, 356]]
383034:[[99, 100], [372, 372], [666, 666]]
383155:[[1450, 1450]]
383173:[[713, 713], [827, 827]]
383174:[[349, 350], [352, 352], [357, 357], [859, 860], [863, 863], [1022, 1024]]
383254:[[372, 373], [767, 767], [1125, 1126], [1260, 1261]]
383255:[[858, 858]]
383277:[[392, 392]]
383326:[[44, 47], [49, 50]]
383363:[[767, 769]]
383417:[[763, 763]]
383447:[[501, 504]]
383448:[[464, 465]]
383449:[[398, 398], [725, 725], [1180, 1180]]
383468:[[982, 982]]
383485:[[108, 109]]
383486:[[117, 118]]
383487:[[1305, 1305], [1488, 1488], [1797, 1797]]
383496:[[191, 191]]
383512:[[705, 705]]
383536:[[194, 194]]
383647:[[145, 146]]
383648:[[230, 232]]
383649:[[341, 342]]
383661:[[111, 111]]
383662:[[78, 78]]
383687:[[224, 224]]
383692:[[884, 891]]
383695:[[197, 197], [313, 313]]
383712:[[462, 462], [840, 840], [1222, 1223], [1575, 1577]]
383741:[[427, 427]]
383756:[[40, 41], [1176, 1176]]
383767:[[654, 654], [708, 709], [981, 981], [1604, 1609]]
383811:[[70, 70]]
383812:[[331, 338]]
383814:[[1076, 1076]]
383830:[[147, 150]]
383832:[[49, 49], [397, 405]]
383833:[[172, 173]]
383854:[[109, 109], [869, 869], [1086, 1096], [1098, 1122]]
383948:[[799, 799], [909, 909]]
383949:[[846, 846]]
383996:[[855, 855], [857, 857], [1308, 1308]]
384029:[[502, 503]]
384052:[[1230, 1230], [1335, 1335]]
384069:[[1220, 1254]]
384187:[[415, 418]]
384204:[[213, 213]]
384238:[[564, 564]]
384264:[[648, 648], [671, 671], [948, 949], [1002, 1002]]
384290:[[227, 232]]
384291:[[459, 459], [1001, 1001], [1303, 1303], [1418, 1418], [1426, 1426]]
384322:[[187, 187], [735, 737]]
384323:[[339, 339]]
384331:[[338, 338], [511, 512], [580, 580]]
384332:[[74, 74]]
384383:[[219, 219], [548, 548]]
384413:[[469, 469]]
384468:[[920, 920], [1010, 1010], [1859, 1859]]
384490:[[32, 32]]
384492:[[360, 360], [370, 370]]
384579:[[559, 572]]
384591:[[217, 219]]
384610:[[34, 34]]
384614:[[1276, 1290]]
384638:[[328, 328]]
384644:[[251, 251]]
384933:[[96, 96], [623, 623]]
384950:[[199, 203]]
384951:[[115, 115], [409, 409], [861, 861]]
384963:[[1685, 1685]]
384981:[[373, 373], [650, 650], [1840, 1840], [2132, 2137]]
385012:[[323, 324]]
385094:[[71, 72]]
385127:[[1642, 1642], [2046, 2046], [2048, 2048], [2050, 2050]]
385152:[[418, 418], [1192, 1193]]
385153:[[63, 63]]
385168:[[1240, 1240]]
385194:[[293, 293], [447, 447], [1215, 1215]]
385281:[[837, 837], [1217, 1217]]
385285:[[287, 299]]
385286:[[1147, 1147]]
385324:[[1603, 1604]]
385354:[[833, 836]]
385355:[[499, 501], [876, 876]]
385383:[[341, 341]]
385391:[[1, 1], [330, 331]]
385422:[[774, 775]]
385423:[[383, 383], [392, 396]]
385424:[[10, 10]]
385437:[[776, 776], [804, 804]]
385444:[[154, 154]]
385478:[[644, 644]]
385480:[[4, 4]]
385481:[[1, 1]]
385514:[[1, 1]]
385515:[[2, 2], [713, 713]]
385567:[[377, 377], [381, 382]]
385591:[[1, 1], [19, 19]]
385592:[[19, 22]]
385604:[[1091, 1093]]
385618:[[159, 159], [195, 195]]
385620:[[389, 389], [492, 492], [1595, 1595]]
385728:[[989, 990]]
385738:[[1273, 1274]]
385764:[[395, 395], [1316, 1316]]
385842:[[1400, 1400], [1950, 1961]]
385889:[[734, 734]]
385908:[[894, 896]]
385915:[[137, 137], [431, 431]]
385933:[[202, 204]]
385934:[[677, 677], [764, 764], [766, 766], [1072, 1072]]
385986:[[1426, 1426], [1634, 1634], [1750, 1750], [1953, 1954]]
386008:[[47, 49]]
386010:[[194, 194], [239, 239], [254, 254], [257, 257], [271, 271], [275, 275], [277, 277], [279, 279], [288, 288], [346, 346]]
386025:[[317, 317], [753, 753], [1623, 1623]]
386319:[[381, 381]]
386505:[[314, 319]]
386509:[[152, 152], [307, 307]]
386554:[[410, 410]]
386593:[[563, 563], [641, 641], [647, 648], [651, 651]]
386594:[[76, 76], [668, 668], [750, 750], [780, 780], [802, 802], [806, 806], [832, 832], [852, 852]]
386604:[[405, 405], [872, 872], [1074, 1074], [1935, 1937], [2034, 2037]]
386614:[[109, 109], [338, 338], [554, 554], [737, 738], [779, 779]]
386615:[[1, 37]]
386616:[[1, 127]]
386617:[[1, 70]]
386618:[[685, 685], [738, 739]]
386629:[[95, 95]]
386640:[[225, 225], [369, 370], [1010, 1010], [1185, 1185]]
386642:[[380, 380]]
386661:[[302, 302]]
386672:[[72, 72], [160, 160]]
386673:[[486, 486], [822, 822]]
386679:[[180, 181], [207, 207]]
386694:[[449, 449], [1168, 1168]]
386703:[[460, 460], [626, 626]]
386704:[[408, 409]]
386764:[[236, 236]]
386795:[[106, 122]]
386801:[[98, 111]]
386851:[[289, 289], [427, 439]]
386854:[[410, 410]]
386863:[[290, 290], [509, 518]]
386864:[[1, 2], [4, 5], [7, 10], [12, 12], [401, 401], [562, 562], [1265, 1265]]
386885:[[444, 444], [1075, 1075]]
386917:[[413, 413], [535, 535]]
386924:[[315, 315], [1193, 1193], [1207, 1207], [1641, 1641], [1825, 1825]]
END MISSING ParkingHH
WROTE condor/lumi_2024_h/ParkingHH_processed_golden.json
WROTE condor/lumi_2024_h/ParkingHH_missing_golden.json
RESULT OK
===========================================================================
end_utc     : 2026-10-07T09:58:28Z
wall_s      : 1570
EXIT        : 0
outputs (files of this repo changed during the run; tmp/ condor/ runlogs/ left out): 1
        4180  preflight_main_notrig_2024_20261007_183230.log
log         : runlogs/run_knu_data_lumi_2024_h_20261007_093217.log
log_kb      : 56
=== END ===================================================================
