=== RUNLOG ================================================================
step        : knu_consolidate_prescan_2024
start_utc   : 2026-10-05T15:03:33Z
host        : cms01   user: jhlee
cwd         : /u/user/jhlee/ttHH/CMSSW_14_2_1/src/tempTTHH
repo        : /u/user/jhlee/ttHH/CMSSW_14_2_1/src/tempTTHH
git_head    : 886e87b9   modified_tracked_files: 0
cmd         : python3 consolidate_prescan.py --input-base /pnfs/knu.ac.kr/data/cms/store/user/junghyun/ttHH/AnalyzerOutput_prescan_2024 --outdir prescan_summary_2024 
CMSSW_BASE  : /u/user/jhlee/ttHH/CMSSW_14_2_1
root        : 6.30.09
python3     : Python 3.9.14
===========================================================================
[prescan] input base : /pnfs/knu.ac.kr/data/cms/store/user/junghyun/ttHH/AnalyzerOutput_prescan_2024
[prescan] samples    : 60
  [  1/60] QCD_HT1000to1200 ...
  [  2/60] QCD_HT1200to1500 ...
  [  3/60] QCD_HT1500to2000 ...
  [  4/60] QCD_HT2000toInf ...
  [  5/60] QCD_HT200to400 ...
  [  6/60] QCD_HT400to600 ...
  [  7/60] QCD_HT600to800 ...
  [  8/60] QCD_HT800to1000 ...
  [  9/60] ST_s_antitop_had ...
  [ 10/60] ST_s_antitop_lep ...
  [ 11/60] ST_s_top_had ...
  [ 12/60] ST_s_top_lep ...
  [ 13/60] ST_tW_antitop_dilep ...
  [ 14/60] ST_tW_antitop_had ...
  [ 15/60] ST_tW_antitop_semilep ...
  [ 16/60] ST_tW_top_dilep ...
  [ 17/60] ST_tW_top_had ...
  [ 18/60] ST_tW_top_semilep ...
  [ 19/60] ST_t_antitop_had ...
  [ 20/60] ST_t_antitop_lep ...
  [ 21/60] ST_t_top_had ...
  [ 22/60] ST_t_top_lep ...
  [ 23/60] TT4b ...
  [ 24/60] TTHHto4b ...
  [ 25/60] TTLL_MLL4to50 ...
  [ 26/60] TTLL_MLL50 ...
  [ 27/60] TTNuNu ...
  [ 28/60] TTTT ...
  [ 29/60] TTTWminus ...
  [ 30/60] TTTWplus ...
  [ 31/60] TTWH ...
  [ 32/60] TTWJetsToQQ ...
  [ 33/60] TTWW ...
  [ 34/60] TTWZ ...
  [ 35/60] TTZHTo4b ...
  [ 36/60] TTZToQQ ...
  [ 37/60] TTZZTo4b ...
  [ 38/60] TTbar_DiLep ...
  [ 39/60] TTbar_Hadronic ...
  [ 40/60] TTbar_SemiLep ...
  [ 41/60] TTbb_DiLep ...
  [ 42/60] TTbb_Hadronic ...
  [ 43/60] TTbb_SemiLep ...
  [ 44/60] WJetsToQQ_HT1500to2500 ...
  [ 45/60] WJetsToQQ_HT2500toInf ...
  [ 46/60] WJetsToQQ_HT400to800 ...
  [ 47/60] WJetsToQQ_HT800to1500 ...
  [ 48/60] WW ...
  [ 49/60] WZ ...
  [ 50/60] ZJetsToQQ_HT1500to2500 ...
  [ 51/60] ZJetsToQQ_HT2500toInf ...
  [ 52/60] ZJetsToQQ_HT400to800 ...
  [ 53/60] ZJetsToQQ_HT800to1500 ...
  [ 54/60] ZZ ...
  [ 55/60] tHW ...
  [ 56/60] tHq ...
  [ 57/60] ttHToNonbb ...
  [ 58/60] ttHTobb_dilep ...
  [ 59/60] ttHTobb_had ...
  [ 60/60] ttHTobb_semilep ...

────────────────────────────────────────────────────────────────────────────────────────────────────────────────────────────────────────
  PRESCAN CONSOLIDATED SUMMARY
────────────────────────────────────────────────────────────────────────────────────────────────────────────────────────────────────────
Sample                  Type  Jobs ok/found              nEvents               ΣgenW(Events)                 ΣgenW(Runs)     skim%   chk
────────────────────────────────────────────────────────────────────────────────────────────────────────────────────────────────────────
QCD_HT1000to1200        MC    12/12                   29,406,840        336,634,892,041.2881       1,310,016,603,143.181  -74.3030  FAIL
QCD_HT1200to1500        MC    12/12                   30,672,314       155,033,215,858.94873        545,057,117,560.9131  -71.5565  FAIL
QCD_HT1500to2000        MC    13/13                   35,108,443       58,970,065,229.207275        190,151,039,828.8008  -68.9878  FAIL
QCD_HT2000toInf         MC    12/12                   30,300,467       10,583,136,424.521027       32,116,997,674.070282  -67.0482  FAIL
QCD_HT200to400          MC    9/9                      2,633,980        45,304,865,764,324.0     1,982,422,831,362,021.0  -97.7147  FAIL
QCD_HT400to600          MC    9/9                     10,963,004      11,460,579,022,245.188      111,570,395,661,362.92  -89.7279  FAIL
QCD_HT600to800          MC    12/12                   21,950,843       3,537,299,021,324.125      20,569,534,563,125.406  -82.8032  FAIL
QCD_HT800to1000         MC    13/13                   27,527,618       1,045,619,955,207.332       4,712,598,733,898.014  -77.8122  FAIL
ST_s_antitop_had        MC    5/5                        461,425        1,191,864.1284632683        15,299,104.950679973  -92.2096  FAIL
ST_s_antitop_lep        MC    12/12                      843,664        1,048,733.6363782883         36,747,127.20000006  -97.1461  FAIL
ST_s_top_had            MC    5/5                        637,424        2,624,806.4989185333         35,292,691.36704007  -92.5627  FAIL
ST_s_top_lep            MC    14/14                    1,354,832        2,684,687.4295618534         91,424,455.63228028  -97.0635  FAIL
ST_tW_antitop_dilep     MC    5/5                        896,465         3,411,596.424754858        57,087,278.517899774  -94.0239  FAIL
ST_tW_antitop_had       MC    10/10                    7,036,626        115,625,956.40796661        394,363,336.67679906  -70.6803  FAIL
ST_tW_antitop_semilep   MC    13/13                    4,228,904        152,465,360.37902832       1,059,819,976.4733002  -85.6140  FAIL
ST_tW_top_dilep         MC    9/9                        887,353        3,370,644.9052524567         56,972,823.76477993  -94.0838  FAIL
ST_tW_top_had           MC    8/8                      7,012,235         115,008,756.4588356        393,607,236.96000093  -70.7808  FAIL
ST_tW_top_semilep       MC    13/13                    4,108,697        147,855,996.50828934       1,035,079,855.2090003  -85.7155  FAIL
ST_t_antitop_had        MC    42/42                    3,125,493        137,841,068.88341904       2,025,958,296.9865139  -93.1963  FAIL
ST_t_antitop_lep        MC    13/13                      636,528         13,945,827.88760376        517,007,992.07048464  -97.3026  FAIL
ST_t_top_had            MC    39/39                    6,154,378        451,615,480.81855774        6,796,075,364.510876  -93.3548  FAIL
ST_t_top_lep            MC    20/20                    1,276,953         46,575,968.06496811       1,715,570,891.5566936  -97.2851  FAIL
TT4b                    MC    2/2                      7,626,994                 7,626,994.0                 9,898,300.0  -22.9464  FAIL
TTHHto4b                MC    2/2                      9,502,004                 9,502,004.0                 9,999,300.0   -4.9733  FAIL
TTLL_MLL4to50           MC    2/2                      1,675,028          61,359.13421678543         116,919.58803551001  -47.5202  FAIL
TTLL_MLL50              MC    3/3                      3,141,415         259,478.82784561813         340,956.54948466003  -23.8968  FAIL
TTNuNu                  MC    3/3                      1,824,623          258,901.2922038138          654,395.2677921599  -60.4366  FAIL
TTTT                    MC    6/6                      9,685,925          93,363.61937129125            94,510.332516192   -1.2133  FAIL
TTTWminus               MC    10/10                    9,424,128          5,653.793940914562          5,845.359831764198   -3.2772  FAIL
TTTWplus                MC    9/9                      9,319,056          5,623.104066710919            5,811.5269735824   -3.2422  FAIL
TTWH                    MC    5/5                      9,524,817                 9,524,817.0                10,595,000.0  -10.1008  FAIL
TTWJetsToQQ             MC    5/5                      4,649,941         3,270,750.827550888           4,623,859.0905505  -29.2636  FAIL
TTWW                    MC    3/3                      5,102,174                 5,102,174.0                 5,801,000.0  -12.0466  FAIL
TTWZ                    MC    3/3                      4,704,399                 4,704,399.0                 5,529,000.0  -14.9141  FAIL
TTZHTo4b                MC    2/2                      9,400,931                 9,400,931.0                 9,984,820.0   -5.8478  FAIL
TTZToQQ                 MC    4/4                      3,359,362         4,025,978.344740391            5,173,266.050202  -22.1772  FAIL
TTZZTo4b                MC    2/2                      9,110,990                 9,110,990.0                 9,911,305.0   -8.0748  FAIL
TTbar_DiLep             MC    39/39                   76,196,849        6,134,872,095.273209         37,754,059,693.8405  -83.7504  FAIL
TTbar_Hadronic          MC    39/39                  243,825,725        84,783,181,509.79373          162,990,238,503.55  -47.9827  FAIL
TTbar_SemiLep           MC    40/40                  153,394,769        51,334,758,879.57385       161,967,473,084.46906  -68.3055  FAIL
TTbb_DiLep              MC    11/11                    3,596,259        14,322,411.244565964         47,856,170.30904002  -70.0720  FAIL
TTbb_Hadronic           MC    10/10                    9,748,019        163,178,928.20911598        247,814,063.64959988  -34.1527  FAIL
TTbb_SemiLep            MC    15/15                   10,395,109         169,873,050.6761551        357,595,913.12500006  -52.4958  FAIL
WJetsToQQ_HT1500to2500  MC    19/19                   19,702,126        177,065,327.73124123        434,051,973.89012104  -59.2064  FAIL
WJetsToQQ_HT2500toInf   MC    22/22                   22,271,338        11,990,503.259524822         27,883,093.40995339  -56.9972  FAIL
WJetsToQQ_HT400to800    MC    127/127                 70,070,540       124,380,513,729.09229         712,329,363,557.623  -82.5389  FAIL
WJetsToQQ_HT800to1500   MC    21/21                   17,875,595       2,657,898,202.7462006        7,938,499,391.932661  -66.5189  FAIL
WW                      MC    26/26                    1,281,715        1,281,715.4223678112         63,987,466.06173214  -97.9969  FAIL
WZ                      MC    16/16                      733,536                   733,536.0                30,547,825.0  -97.5987  FAIL
ZJetsToQQ_HT1500to2500  MC    28/28                   31,901,024         342,408,650.5244179         721,351,803.4638001  -52.5324  FAIL
ZJetsToQQ_HT2500toInf   MC    25/25                   20,750,780        14,368,817.625638783        29,009,058.358685873  -50.4678  FAIL
ZJetsToQQ_HT400to800    MC    49/49                   35,144,082        52,189,229,548.23328       269,842,376,991.20615  -80.6594  FAIL
ZJetsToQQ_HT800to1500   MC    23/23                   20,085,713        3,102,517,933.827301         7,956,389,217.26591  -61.0060  FAIL
ZZ                      MC    4/4                        122,447                   122,447.0                 4,800,000.0  -97.4490  FAIL
tHW                     MC    14/14                   11,189,713                11,189,713.0                14,995,985.0  -25.3819  FAIL
tHq                     MC    18/18                    8,030,585                 8,030,585.0                19,985,991.0  -59.8189  FAIL
ttHToNonbb              MC    27/27                   43,503,325         24,944,060.52565247        30,954,616.589242984  -19.4173  FAIL
ttHTobb_dilep           MC    16/16                   17,623,644        1,060,282.7333607674           1,779,727.2095268  -40.4244  FAIL
ttHTobb_had             MC    17/17                   26,061,197         6,829,466.358477414         7,762,842.300503999  -12.0236  FAIL
ttHTobb_semilep         MC    16/16                   21,717,984         5,454,041.457937002         7,109,820.483964002  -23.2886  FAIL
────────────────────────────────────────────────────────────────────────────────────────────────────────────────────────────────────────

─────────────────────────────────────────────────────────────────────────────────────────────────────────────────
  EXPANDED genTtbarId %% 100 — RAW EVENT COUNTS (stitching partition)
  1b/2b = additional b-jets; tt+bbb/tt+4b = expanded (>=3 b-jets, from §5)
─────────────────────────────────────────────────────────────────────────────────────────────────────────────────
Sample                      LF(0)  cc(41-45)   1b(51,52)   2b(53-55)  tt+bbb(61,62)  tt+4b(71,72)     lt0   other
─────────────────────────────────────────────────────────────────────────────────────────────────────────────────
QCD_HT1000to1200       15,044,199  9,261,945   2,910,118   2,190,578              0             0       0       0
QCD_HT1200to1500       15,308,054  9,869,185   3,162,971   2,332,104              0             0       0       0
QCD_HT1500to2000       17,025,431 11,569,864   3,795,746   2,717,402              0             0       0       0
QCD_HT2000toInf        14,179,999 10,272,823   3,468,702   2,378,943              0             0       0       0
QCD_HT200to400          1,626,257    690,575     185,159     131,989              0             0       0       0
QCD_HT400to600          6,257,442  3,113,915     893,766     697,881              0             0       0       0
QCD_HT600to800         11,941,784  6,528,783   1,955,585   1,524,691              0             0       0       0
QCD_HT800to1000        14,464,286  8,462,350   2,605,051   1,995,931              0             0       0       0
ST_s_antitop_had           42,229     12,907     391,372      14,917              0             0       0       0
ST_s_antitop_lep           66,324     22,745     717,718      36,877              0             0       0       0
ST_s_top_had               45,447     12,137     557,056      22,784              0             0       0       0
ST_s_top_lep               85,048     25,437   1,179,876      64,471              0             0       0       0
ST_tW_antitop_dilep       264,457     56,174     542,831      33,003              0             0       0       0
ST_tW_antitop_had       3,132,130    462,326   3,314,299     127,871              0             0       0       0
ST_tW_antitop_semilep   1,536,713    268,460   2,315,232     108,499              0             0       0       0
ST_tW_top_dilep           261,137     55,347     538,626      32,243              0             0       0       0
ST_tW_top_had           3,120,847    461,947   3,302,864     126,577              0             0       0       0
ST_tW_top_semilep       1,491,565    260,919   2,250,802     105,411              0             0       0       0
ST_t_antitop_had          594,067    241,596   2,207,579      82,251              0             0       0       0
ST_t_antitop_lep           96,923     44,900     471,161      23,544              0             0       0       0
ST_t_top_had            1,204,770    374,066   4,394,151     181,391              0             0       0       0
ST_t_top_lep              201,373     71,384     951,860      52,336              0             0       0       0
TT4b                      415,615     57,584   2,245,023   4,908,772              0             0       0       0
TTHHto4b                    8,691      1,254     216,974   9,275,085              0             0       0       0
TTLL_MLL4to50           1,410,289    207,514      45,233      11,992              0             0       0       0
TTLL_MLL50              2,668,345    368,035      83,125      21,910              0             0       0       0
TTNuNu                  1,515,121    234,095      57,441      17,966              0             0       0       0
TTTT                      544,731    110,402   3,759,873   5,270,919              0             0       0       0
TTTWminus               1,358,586    218,802   5,587,484   2,259,256              0             0       0       0
TTTWplus                1,349,070    216,861   5,515,243   2,237,882              0             0       0       0
TTWH                    3,241,097    780,954   1,871,446   3,631,320              0             0       0       0
TTWJetsToQQ             3,823,794    686,361     110,155      29,631              0             0       0       0
TTWW                    4,363,645    588,903     119,311      30,315              0             0       0       0
TTWZ                    2,945,331    951,615     374,067     433,386              0             0       0       0
TTZHTo4b                   11,123      1,460     255,074   9,133,274              0             0       0       0
TTZToQQ                 1,737,173    821,980     323,487     476,722              0             0       0       0
TTZZTo4b                   17,874      2,065     333,216   8,757,835              0             0       0       0
TTbar_DiLep            60,478,663 11,552,151   3,063,881   1,102,154              0             0       0       0
TTbar_Hadronic        205,083,180 29,943,401   6,987,008   1,812,136              0             0       0       0
TTbar_SemiLep         126,212,400 20,516,807   5,141,871   1,523,691              0             0       0       0
TTbb_DiLep                811,198    146,061   1,825,277     813,723              0             0       0       0
TTbb_Hadronic           3,125,273    427,977   4,669,172   1,525,597              0             0       0       0
TTbb_SemiLep            2,814,358    432,095   5,226,951   1,921,705              0             0       0       0
WJetsToQQ_HT1500to2500 10,846,975  6,312,985   1,604,640     937,526              0             0       0       0
WJetsToQQ_HT2500toInf  11,813,389  7,278,190   2,030,318   1,149,441              0             0       0       0
WJetsToQQ_HT400to800   42,067,453 22,015,310   3,826,379   2,161,398              0             0       0       0
WJetsToQQ_HT800to1500  10,331,034  5,606,112   1,218,836     719,613              0             0       0       0
WW                        985,087    216,783      55,941      23,904              0             0       0       0
WZ                        387,052    206,073      47,929      92,482              0             0       0       0
ZJetsToQQ_HT1500to2500 11,069,720 10,376,509   4,478,051   5,976,744              0             0       0       0
ZJetsToQQ_HT2500toInf   6,820,652  6,951,728   3,321,347   3,657,053              0             0       0       0
ZJetsToQQ_HT400to800   13,889,652 10,583,391   4,059,783   6,611,256              0             0       0       0
ZJetsToQQ_HT800to1500   7,461,730  6,272,025   2,377,103   3,974,855              0             0       0       0
ZZ                         46,239     34,830      12,044      29,334              0             0       0       0
tHW                     2,434,200    624,318   2,661,944   5,469,251              0             0       0       0
tHq                     1,087,041    336,165   2,419,204   4,188,175              0             0       0       0
ttHToNonbb             32,400,639  8,693,995   1,704,492     704,199              0             0       0       0
ttHTobb_dilep             309,321     56,944   4,783,588  12,473,791              0             0       0       0
ttHTobb_had               665,855    106,627   8,072,967  17,215,748              0             0       0       0
ttHTobb_semilep           468,973     79,101   6,406,044  14,763,866              0             0       0       0
─────────────────────────────────────────────────────────────────────────────────────────────────────────────────

────────────────────────────────────────────────────────────────────────────────────────
  EXPANDED PARTITION CHECK — NanoAOD ttCat(2b+)  vs  expanded id(2b + tt+nb)
  diff>0 => some tt+nb had a NanoAOD 1b/LF label (expected, small, algorithmic)
────────────────────────────────────────────────────────────────────────────────────────
Sample                     ttCat 2b+     id 2b+tt+nb tt+nb->1b   tt+nb(61-72)  tt+nb/2b+
────────────────────────────────────────────────────────────────────────────────────────
QCD_HT1000to1200           2,190,578       2,190,578         0              0     0.0000
QCD_HT1200to1500           2,332,104       2,332,104         0              0     0.0000
QCD_HT1500to2000           2,717,402       2,717,402         0              0     0.0000
QCD_HT2000toInf            2,378,943       2,378,943         0              0     0.0000
QCD_HT200to400               131,989         131,989         0              0     0.0000
QCD_HT400to600               697,881         697,881         0              0     0.0000
QCD_HT600to800             1,524,691       1,524,691         0              0     0.0000
QCD_HT800to1000            1,995,931       1,995,931         0              0     0.0000
ST_s_antitop_had              14,917          14,917         0              0     0.0000
ST_s_antitop_lep              36,877          36,877         0              0     0.0000
ST_s_top_had                  22,784          22,784         0              0     0.0000
ST_s_top_lep                  64,471          64,471         0              0     0.0000
ST_tW_antitop_dilep           33,003          33,003         0              0     0.0000
ST_tW_antitop_had            127,871         127,871         0              0     0.0000
ST_tW_antitop_semilep        108,499         108,499         0              0     0.0000
ST_tW_top_dilep               32,243          32,243         0              0     0.0000
ST_tW_top_had                126,577         126,577         0              0     0.0000
ST_tW_top_semilep            105,411         105,411         0              0     0.0000
ST_t_antitop_had              82,251          82,251         0              0     0.0000
ST_t_antitop_lep              23,544          23,544         0              0     0.0000
ST_t_top_had                 181,391         181,391         0              0     0.0000
ST_t_top_lep                  52,336          52,336         0              0     0.0000
TT4b                       4,908,772       4,908,772         0              0     0.0000
TTHHto4b                   9,275,085       9,275,085         0              0     0.0000
TTLL_MLL4to50                 11,992          11,992         0              0     0.0000
TTLL_MLL50                    21,910          21,910         0              0     0.0000
TTNuNu                        17,966          17,966         0              0     0.0000
TTTT                       5,270,919       5,270,919         0              0     0.0000
TTTWminus                  2,259,256       2,259,256         0              0     0.0000
TTTWplus                   2,237,882       2,237,882         0              0     0.0000
TTWH                       3,631,320       3,631,320         0              0     0.0000
TTWJetsToQQ                   29,631          29,631         0              0     0.0000
TTWW                          30,315          30,315         0              0     0.0000
TTWZ                         433,386         433,386         0              0     0.0000
TTZHTo4b                   9,133,274       9,133,274         0              0     0.0000
TTZToQQ                      476,722         476,722         0              0     0.0000
TTZZTo4b                   8,757,835       8,757,835         0              0     0.0000
TTbar_DiLep                1,102,154       1,102,154         0              0     0.0000
TTbar_Hadronic             1,812,136       1,812,136         0              0     0.0000
TTbar_SemiLep              1,523,691       1,523,691         0              0     0.0000
TTbb_DiLep                   813,723         813,723         0              0     0.0000
TTbb_Hadronic              1,525,597       1,525,597         0              0     0.0000
TTbb_SemiLep               1,921,705       1,921,705         0              0     0.0000
WJetsToQQ_HT1500to2500       937,526         937,526         0              0     0.0000
WJetsToQQ_HT2500toInf      1,149,441       1,149,441         0              0     0.0000
WJetsToQQ_HT400to800       2,161,398       2,161,398         0              0     0.0000
WJetsToQQ_HT800to1500        719,613         719,613         0              0     0.0000
WW                            23,904          23,904         0              0     0.0000
WZ                            92,482          92,482         0              0     0.0000
ZJetsToQQ_HT1500to2500     5,976,744       5,976,744         0              0     0.0000
ZJetsToQQ_HT2500toInf      3,657,053       3,657,053         0              0     0.0000
ZJetsToQQ_HT400to800       6,611,256       6,611,256         0              0     0.0000
ZJetsToQQ_HT800to1500      3,974,855       3,974,855         0              0     0.0000
ZZ                            29,334          29,334         0              0     0.0000
tHW                        5,469,251       5,469,251         0              0     0.0000
tHq                        4,188,175       4,188,175         0              0     0.0000
ttHToNonbb                   704,199         704,199         0              0     0.0000
ttHTobb_dilep             12,473,791      12,473,791         0              0     0.0000
ttHTobb_had               17,215,748      17,215,748         0              0     0.0000
ttHTobb_semilep           14,763,866      14,763,866         0              0     0.0000
────────────────────────────────────────────────────────────────────────────────────────

  No anomalies: every job valid, every cross-check passed.

  Wrote prescan_summary_2024/prescan_summary.json
  Wrote prescan_summary_2024/prescan_summary.csv

===========================================================================
end_utc     : 2026-10-05T15:03:45Z
wall_s      : 11
EXIT        : 1
outputs (files of this repo changed during the run; tmp/ condor/ runlogs/ left out): 2
       11711  prescan_summary_2024/prescan_summary.csv
      162103  prescan_summary_2024/prescan_summary.json
log         : runlogs/run_knu_consolidate_prescan_2024_20261005_150333.log
log_kb      : 27
=== END ===================================================================
