=== RUNLOG ================================================================
step        : knu_d16_branchsig_mc
start_utc   : 2026-10-05T06:36:12Z
host        : cluster337   user: jhlee
cwd         : /u/user/jhlee/ttHH/CMSSW_14_2_1/src/tempTTHH
repo        : /u/user/jhlee/ttHH/CMSSW_14_2_1/src/tempTTHH
git_head    : c45304aa   modified_tracked_files: 0
cmd         : python3 tools/stage0/branch_signature.py --base /pnfs/knu.ac.kr/data/cms/store/user/junghyun/ttHH2024_v15_had_MC_v1 
CMSSW_BASE  : /u/user/jhlee/ttHH/CMSSW_14_2_1
root        : 6.30.09
python3     : Python 3.9.14
condor_job  : 2180528.0  slot slot1_5   jobdir: /u/user/jhlee/ttHH/CMSSW_14_2_1/src/tempTTHH/condor/runlog/knu_d16_branchsig_mc_20261005_063601
===========================================================================
[condor_run] worker cluster337  scratch /home/condor/dir_2109306
[condor_run] cmsenv ok: CMSSW_BASE=/u/user/jhlee/ttHH/CMSSW_14_2_1  root 6.30.09  Python 3.9.14  TMPDIR=/home/condor/dir_2109306
[condor_run] running in /u/user/jhlee/ttHH/CMSSW_14_2_1/src/tempTTHH: python3 tools/stage0/branch_signature.py --base /pnfs/knu.ac.kr/data/cms/store/user/junghyun/ttHH2024_v15_had_MC_v1 
----------------------------------------------------------------------------
BASE /pnfs/knu.ac.kr/data/cms/store/user/junghyun/ttHH2024_v15_had_MC_v1
GLOB */*/*/*/forgedNtuple_*.root
TREE Events  group-level 3
DS QCD-4Jets_Bin-HT-1000to1200_TuneCP5_13p6TeV_madgraphMLM-pythia8/QCD_HT1000to1200 files=224 unreadable=0 branch_sets=1 differing=0
DS QCD-4Jets_Bin-HT-1200to1500_TuneCP5_13p6TeV_madgraphMLM-pythia8/QCD_HT1200to1500 files=230 unreadable=0 branch_sets=1 differing=0
DS QCD-4Jets_Bin-HT-1500to2000_TuneCP5_13p6TeV_madgraphMLM-pythia8/QCD_HT1500to2000 files=248 unreadable=0 branch_sets=1 differing=0
DS QCD-4Jets_Bin-HT-2000_TuneCP5_13p6TeV_madgraphMLM-pythia8/QCD_HT2000toInf files=221 unreadable=0 branch_sets=1 differing=0
DS QCD-4Jets_Bin-HT-200to400_TuneCP5_13p6TeV_madgraphMLM-pythia8/QCD_HT200to400 files=163 unreadable=0 branch_sets=1 differing=0
DS QCD-4Jets_Bin-HT-400to600_TuneCP5_13p6TeV_madgraphMLM-pythia8/QCD_HT400to600 files=173 unreadable=0 branch_sets=1 differing=0
DS QCD-4Jets_Bin-HT-600to800_TuneCP5_13p6TeV_madgraphMLM-pythia8/QCD_HT600to800 files=228 unreadable=0 branch_sets=1 differing=0
DS QCD-4Jets_Bin-HT-800to1000_TuneCP5_13p6TeV_madgraphMLM-pythia8/QCD_HT800to1000 files=260 unreadable=0 branch_sets=1 differing=0
DS TBbarQto2Q-t-channel-4FS_TuneCP5_13p6TeV_powheg-madspin-pythia8/ST_t_top_had files=778 unreadable=0 branch_sets=1 differing=0
DS TBbarQtoLNu-t-channel-4FS_TuneCP5_13p6TeV_powheg-madspin-pythia8/ST_t_top_lep files=391 unreadable=0 branch_sets=1 differing=0
DS TBbarto2Q-s-channel_TuneCP5_13p6TeV_powheg-pythia8/ST_s_top_had files=91 unreadable=0 branch_sets=1 differing=0
DS TBbartoLNu-s-channel_TuneCP5_13p6TeV_powheg-pythia8/ST_s_top_lep files=273 unreadable=0 branch_sets=1 differing=0
DS THQ-4FS-ctcvcp_Par-M-125_TuneCP5_13p6TeV_madgraph-pythia8/tHq files=352 unreadable=0 branch_sets=1 differing=0
DS THW-5FS-ctcvcp_Par-M-125_TuneCP5_13p6TeV_madgraph-pythia8/tHW files=267 unreadable=0 branch_sets=1 differing=0
DS TT4B_TuneCP5_13p6TeV_madgraph-pythia8/TT4b    files=34 unreadable=0 branch_sets=1 differing=0
DS TTBBto2L2Nu_TuneCP5_13p6TeV_powheg-pythia8/TTbb_DiLep files=203 unreadable=0 branch_sets=1 differing=0
DS TTBBto4Q_TuneCP5_13p6TeV_powheg-pythia8/TTbb_Hadronic files=189 unreadable=0 branch_sets=1 differing=0
DS TTBBtoLNu2Q_TuneCP5_13p6TeV_powheg-pythia8/TTbb_SemiLep files=283 unreadable=0 branch_sets=1 differing=0
DS TTH-Hto2B-TTto2L2Nu_Par-M-125_TuneCP5_13p6TeV_powheg-pythia8/ttHTobb_dilep files=318 unreadable=0 branch_sets=1 differing=0
DS TTH-Hto2B-TTto4Q_Par-M-125_TuneCP5_13p6TeV_powheg-pythia8/ttHTobb_had files=321 unreadable=0 branch_sets=1 differing=0
DS TTH-Hto2B-TTtoLNu2Q_Par-M-125_TuneCP5_13p6TeV_powheg-pythia8/ttHTobb_semilep files=309 unreadable=0 branch_sets=1 differing=0
DS TTH-HtoNon2B_Par-M-125_TuneCP5_13p6TeV_powheg-pythia8/ttHToNonbb files=531 unreadable=0 branch_sets=1 differing=0
DS TTHH-HHto4B_TuneCP5_13p6TeV_madgraph-pythia8/TTHHto4b files=32 unreadable=0 branch_sets=1 differing=0
DS TTLL_Bin-MLL-4to50_TuneCP5_13p6TeV_amcatnlo-pythia8/TTLL_MLL4to50 files=37 unreadable=0 branch_sets=1 differing=0
DS TTLL_Bin-MLL-50_TuneCP5_13p6TeV_amcatnlo-pythia8/TTLL_MLL50 files=47 unreadable=0 branch_sets=1 differing=0
DS TTNuNu_TuneCP5_13p6TeV_amcatnlo-pythia8/TTNuNu files=46 unreadable=0 branch_sets=1 differing=0
DS TTTT_TuneCP5_13p6TeV_amcatnlo-pythia8/TTTT    files=101 unreadable=0 branch_sets=1 differing=0
DS TTTWminus-DR1_TuneCP5_13p6TeV_amcatnlo-pythia8/TTTWminus files=187 unreadable=0 branch_sets=1 differing=0
DS TTTWplus-DR1_TuneCP5_13p6TeV_amcatnlo-pythia8/TTTWplus files=173 unreadable=0 branch_sets=1 differing=0
DS TTW-WtoQQ-1Jets_TuneCP5_13p6TeV_amcatnloFXFXold-pythia8/TTWJetsToQQ files=88 unreadable=0 branch_sets=1 differing=0
DS TTWH_TuneCP5_13p6TeV_madgraph-pythia8/TTWH    files=100 unreadable=0 branch_sets=1 differing=0
DS TTWW_TuneCP5_13p6TeV_madgraph-pythia8/TTWW    files=56 unreadable=0 branch_sets=1 differing=0
DS TTWZ_TuneCP5_13p6TeV_madgraph-pythia8/TTWZ    files=51 unreadable=0 branch_sets=1 differing=0
DS TTZ-ZtoQQ-1Jets_TuneCP5_13p6TeV_amcatnloFXFXold-pythia8/TTZToQQ files=65 unreadable=0 branch_sets=1 differing=0
DS TTZH-ZHto4B_TuneCP5_13p6TeV_madgraph-pythia8/TTZHTo4b files=27 unreadable=0 branch_sets=1 differing=0
DS TTZZ-ZZto4B_TuneCP5_13p6TeV_madgraph-pythia8/TTZZTo4b files=37 unreadable=0 branch_sets=1 differing=0
DS TTto2L2Nu_TuneCP5_13p6TeV_powheg-pythia8/TTbar_DiLep files=779 unreadable=0 branch_sets=1 differing=0
Error in <TFile::ReadBuffer>: error reading all requested bytes from file /pnfs/knu.ac.kr/data/cms/store/user/junghyun/ttHH2024_v15_had_MC_v1/TTto4Q_TuneCP5_13p6TeV_powheg-pythia8/TTbar_Hadronic/260930_162708/0000/forgedNtuple_443.root, got 0 of 300
Error in <TFile::Init>: /pnfs/knu.ac.kr/data/cms/store/user/junghyun/ttHH2024_v15_had_MC_v1/TTto4Q_TuneCP5_13p6TeV_powheg-pythia8/TTbar_Hadronic/260930_162708/0000/forgedNtuple_443.root failed to read the file type data.
DS TTto4Q_TuneCP5_13p6TeV_powheg-pythia8/TTbar_Hadronic files=770 unreadable=1 branch_sets=1 differing=0
DS TTtoLNu2Q_TuneCP5_13p6TeV_powheg-pythia8/TTbar_SemiLep files=790 unreadable=0 branch_sets=1 differing=0
DS TWminusto2L2Nu_TuneCP5_13p6TeV_powheg-pythia8/ST_tW_top_dilep files=176 unreadable=0 branch_sets=1 differing=0
DS TWminusto4Q_TuneCP5_13p6TeV_powheg-pythia8/ST_tW_top_had files=154 unreadable=0 branch_sets=1 differing=0
DS TWminustoLNu2Q_TuneCP5_13p6TeV_powheg-pythia8/ST_tW_top_semilep files=252 unreadable=0 branch_sets=1 differing=0
DS TbarBQto2Q-t-channel-4FS_TuneCP5_13p6TeV_powheg-madspin-pythia8/ST_t_antitop_had files=825 unreadable=0 branch_sets=1 differing=0
DS TbarBQtoLNu-t-channel-4FS_TuneCP5_13p6TeV_powheg-madspin-pythia8/ST_t_antitop_lep files=249 unreadable=0 branch_sets=1 differing=0
DS TbarBto2Q-s-channel_TuneCP5_13p6TeV_powheg-pythia8/ST_s_antitop_had files=94 unreadable=0 branch_sets=1 differing=0
DS TbarBtoLNu-s-channel_TuneCP5_13p6TeV_powheg-pythia8/ST_s_antitop_lep files=224 unreadable=0 branch_sets=1 differing=0
DS TbarWplusto2L2Nu_TuneCP5_13p6TeV_powheg-pythia8/ST_tW_antitop_dilep files=90 unreadable=0 branch_sets=1 differing=0
DS TbarWplusto4Q_TuneCP5_13p6TeV_powheg-pythia8/ST_tW_antitop_had files=195 unreadable=0 branch_sets=1 differing=0
DS TbarWplustoLNu2Q_TuneCP5_13p6TeV_powheg-pythia8/ST_tW_antitop_semilep files=252 unreadable=0 branch_sets=1 differing=0
DS WW_TuneCP5_13p6TeV_pythia8/WW                 files=518 unreadable=0 branch_sets=1 differing=0
DS WZ_TuneCP5_13p6TeV_pythia8/WZ                 files=307 unreadable=0 branch_sets=1 differing=0
DS Wto2Q-3Jets_Bin-HT-1500to2500_TuneCP5_13p6TeV_madgraphMLM-pythia8/WJetsToQQ_HT1500to2500 files=372 unreadable=0 branch_sets=1 differing=0
DS Wto2Q-3Jets_Bin-HT-2500_TuneCP5_13p6TeV_madgraphMLM-pythia8/WJetsToQQ_HT2500toInf files=439 unreadable=0 branch_sets=1 differing=0
DS Wto2Q-3Jets_Bin-HT-400to800_TuneCP5_13p6TeV_madgraphMLM-pythia8/WJetsToQQ_HT400to800 files=2532 unreadable=0 branch_sets=1 differing=0
DS Wto2Q-3Jets_Bin-HT-800to1500_TuneCP5_13p6TeV_madgraphMLM-pythia8/WJetsToQQ_HT800to1500 files=414 unreadable=0 branch_sets=1 differing=0
DS ZZ_TuneCP5_13p6TeV_pythia8/ZZ                 files=76 unreadable=0 branch_sets=1 differing=0
DS Zto2Q-4Jets_Bin-HT-1500to2500_TuneCP5_13p6TeV_madgraphMLM-pythia8/ZJetsToQQ_HT1500to2500 files=557 unreadable=0 branch_sets=1 differing=0
DS Zto2Q-4Jets_Bin-HT-2500_TuneCP5_13p6TeV_madgraphMLM-pythia8/ZJetsToQQ_HT2500toInf files=495 unreadable=0 branch_sets=1 differing=0
DS Zto2Q-4Jets_Bin-HT-400to800_TuneCP5_13p6TeV_madgraphMLM-pythia8/ZJetsToQQ_HT400to800 files=961 unreadable=0 branch_sets=1 differing=0
DS Zto2Q-4Jets_Bin-HT-800to1500_TuneCP5_13p6TeV_madgraphMLM-pythia8/ZJetsToQQ_HT800to1500 files=456 unreadable=0 branch_sets=1 differing=0
UNREADABLE /pnfs/knu.ac.kr/data/cms/store/user/junghyun/ttHH2024_v15_had_MC_v1/TTto4Q_TuneCP5_13p6TeV_powheg-pythia8/TTbar_Hadronic/260930_162708/0000/forgedNtuple_443.root cannot open (Failed to open file /pnfs/knu.ac.kr/data/cms/store/user/junghyun/ttHH2024_v15_had_MC_v1/TTto4Q_TuneCP5_13p6TeV_powheg-py)
SUMMARY groups=60 with_differences=0 files=19111 unreadable=1
===========================================================================
end_utc     : 2026-10-05T07:29:11Z
wall_s      : 3179
EXIT        : 3
outputs     : (no file of this repo changed, apart from tmp/ condor/ runlogs/)
log         : runlogs/run_knu_d16_branchsig_mc_20261005_063612.log
log_kb      : 9
=== END ===================================================================
