

START---------------
WORKDIR  /u/user/jhlee/ttHH/CMSSW_14_2_1/src/tempTTHH
WORKDIR  /u/user/jhlee/ttHH/CMSSW_14_2_1/src/tempTTHH
TNM_PATH=/u/user/jhlee/ttHH/CMSSW_14_2_1/src/tempTTHH

--------- Check arugments ---------------------------------------

  - [ output file name ] --> /pnfs/knu.ac.kr/data/cms/store/user/junghyun/ttHH/AnalyzerOutput/BTagCSV_F/BTagCSV_F_47.root
  - [ runYear ] --> 2017
  - [ isData ] --> Data
  - [ sampleName ] --> BTagCSV_F
  - [ eraName ] --> F

--------- Check arugments ---------------------------------------


eventBuffer - All branches selected
 Output filename: /pnfs/knu.ac.kr/data/cms/store/user/junghyun/ttHH/AnalyzerOutput/BTagCSV_F/BTagCSV_F_47.root
[CorrectionsManager] json library path : /cvmfs/cms.cern.ch/rsync/cms-nanoAOD/jsonpog-integration
weight = 1

	[35m[ Warning ]: This analyzer commented out [ "WTF" log ] in the header, Please check if you want!!![0m

	[34m[ Log ]: --------------------------------------------------------------------------[0m
	[34m[ Log ]: Before start, Let's check the analysis information[0m
	[34m[ Log ]: Run Year    ----> [  2017  ][0m
	[34m[ Log ]: Data or MC  ----> [  Data  ][0m
	[34m[ Log ]: Sample Name ----> [  BTagCSV_F  ][0m
	[34m[ Log ]: --------------------------------------------------------------------------[0m

	[36m[ Log ]: Processed events of 2017, Data, BTagCSV_F: 0[0m
	[36m[ Log ]: Processed events of 2017, Data, BTagCSV_F: 10000[0m
	[36m[ Log ]: Processed events of 2017, Data, BTagCSV_F: 20000[0m
	[36m[ Log ]: Processed events of 2017, Data, BTagCSV_F: 30000[0m
	[36m[ Log ]: Processed events of 2017, Data, BTagCSV_F: 40000[0m
	[36m[ Log ]: Processed events of 2017, Data, BTagCSV_F: 50000[0m
	[36m[ Log ]: Processed events of 2017, Data, BTagCSV_F: 60000[0m
	[36m[ Log ]: Processed events of 2017, Data, BTagCSV_F: 70000[0m
	[36m[ Log ]: Processed events of 2017, Data, BTagCSV_F: 80000[0m
	[36m[ Log ]: Processed events of 2017, Data, BTagCSV_F: 90000[0m
	[36m[ Log ]: Processed events of 2017, Data, BTagCSV_F: 100000[0m
	[36m[ Log ]: Processed events of 2017, Data, BTagCSV_F: 110000[0m
	[36m[ Log ]: Processed events of 2017, Data, BTagCSV_F: 120000[0m
	[36m[ Log ]: Processed events of 2017, Data, BTagCSV_F: 130000[0m
	[36m[ Log ]: Processed events of 2017, Data, BTagCSV_F: 140000[0m
	[36m[ Log ]: Processed events of 2017, Data, BTagCSV_F: 150000[0m
	[36m[ Log ]: Processed events of 2017, Data, BTagCSV_F: 160000[0m
	[36m[ Log ]: Processed events of 2017, Data, BTagCSV_F: 170000[0m
	[36m[ Log ]: Processed events of 2017, Data, BTagCSV_F: 180000[0m
	[36m[ Log ]: Processed events of 2017, Data, BTagCSV_F: 190000[0m
	[36m[ Log ]: Processed events of 2017, Data, BTagCSV_F: 200000[0m
	[36m[ Log ]: Processed events of 2017, Data, BTagCSV_F: 210000[0m
	[36m[ Log ]: Processed events of 2017, Data, BTagCSV_F: 220000[0m
	[36m[ Log ]: Processed events of 2017, Data, BTagCSV_F: 230000[0m
	[36m[ Log ]: Processed events of 2017, Data, BTagCSV_F: 240000[0m
	[36m[ Log ]: Processed events of 2017, Data, BTagCSV_F: 250000[0m
	[36m[ Log ]: Processed events of 2017, Data, BTagCSV_F: 260000[0m
	[36m[ Log ]: Processed events of 2017, Data, BTagCSV_F: 270000[0m
	[36m[ Log ]: Processed events of 2017, Data, BTagCSV_F: 280000[0m
	[36m[ Log ]: Processed events of 2017, Data, BTagCSV_F: 290000[0m
	[36m[ Log ]: Processed events of 2017, Data, BTagCSV_F: 300000[0m
	[36m[ Log ]: Processed events of 2017, Data, BTagCSV_F: 310000[0m
	[36m[ Log ]: Processed events of 2017, Data, BTagCSV_F: 320000[0m
	[36m[ Log ]: Processed events of 2017, Data, BTagCSV_F: 330000[0m
	[36m[ Log ]: Processed events of 2017, Data, BTagCSV_F: 340000[0m
	[36m[ Log ]: Processed events of 2017, Data, BTagCSV_F: 350000[0m
	[36m[ Log ]: Processed events of 2017, Data, BTagCSV_F: 360000[0m
	[36m[ Log ]: Processed events of 2017, Data, BTagCSV_F: 370000[0m
	[36m[ Log ]: Processed events of 2017, Data, BTagCSV_F: 380000[0m
	[36m[ Log ]: Processed events of 2017, Data, BTagCSV_F: 390000[0m
	[36m[ Log ]: Processed events of 2017, Data, BTagCSV_F: 400000[0m
	[36m[ Log ]: Processed events of 2017, Data, BTagCSV_F: 410000[0m
	[36m[ Log ]: Processed events of 2017, Data, BTagCSV_F: 420000[0m
	[36m[ Log ]: Processed events of 2017, Data, BTagCSV_F: 430000[0m
	[36m[ Log ]: Processed events of 2017, Data, BTagCSV_F: 440000[0m
	[36m[ Log ]: Processed events of 2017, Data, BTagCSV_F: 450000[0m
	[36m[ Log ]: Processed events of 2017, Data, BTagCSV_F: 460000[0m
	[36m[ Log ]: Processed events of 2017, Data, BTagCSV_F: 470000[0m
	[36m[ Log ]: Processed events of 2017, Data, BTagCSV_F: 480000[0m
	[36m[ Log ]: Processed events of 2017, Data, BTagCSV_F: 490000[0m
	[36m[ Log ]: Processed events of 2017, Data, BTagCSV_F: 500000[0m
	[36m[ Log ]: Processed events of 2017, Data, BTagCSV_F: 510000[0m
	[36m[ Log ]: Processed events of 2017, Data, BTagCSV_F: 520000[0m
	[36m[ Log ]: Processed events of 2017, Data, BTagCSV_F: 530000[0m
	[36m[ Log ]: Processed events of 2017, Data, BTagCSV_F: 540000[0m
	[36m[ Log ]: Processed events of 2017, Data, BTagCSV_F: 550000[0m
	[36m[ Log ]: Processed events of 2017, Data, BTagCSV_F: 560000[0m
	[36m[ Log ]: Processed events of 2017, Data, BTagCSV_F: 570000[0m
	[36m[ Log ]: Processed events of 2017, Data, BTagCSV_F: 580000[0m
	[36m[ Log ]: Processed events of 2017, Data, BTagCSV_F: 590000[0m
	[36m[ Log ]: Processed events of 2017, Data, BTagCSV_F: 600000[0m
	[36m[ Log ]: Processed events of 2017, Data, BTagCSV_F: 610000[0m
	[36m[ Log ]: Processed events of 2017, Data, BTagCSV_F: 620000[0m
	[36m[ Log ]: Processed events of 2017, Data, BTagCSV_F: 630000[0m
	[36m[ Log ]: Processed events of 2017, Data, BTagCSV_F: 640000[0m
	[36m[ Log ]: Processed events of 2017, Data, BTagCSV_F: 650000[0m
	[36m[ Log ]: Processed events of 2017, Data, BTagCSV_F: 660000[0m
	[36m[ Log ]: Processed events of 2017, Data, BTagCSV_F: 670000[0m
	[36m[ Log ]: Processed events of 2017, Data, BTagCSV_F: 680000[0m
	[36m[ Log ]: Processed events of 2017, Data, BTagCSV_F: 690000[0m
	[36m[ Log ]: Processed events of 2017, Data, BTagCSV_F: 700000[0m
	[36m[ Log ]: Processed events of 2017, Data, BTagCSV_F: 710000[0m
	[36m[ Log ]: Processed events of 2017, Data, BTagCSV_F: 720000[0m
	[36m[ Log ]: Processed events of 2017, Data, BTagCSV_F: 730000[0m
	[36m[ Log ]: Processed events of 2017, Data, BTagCSV_F: 740000[0m
	[36m[ Log ]: Processed events of 2017, Data, BTagCSV_F: 750000[0m
	[36m[ Log ]: Processed events of 2017, Data, BTagCSV_F: 760000[0m
	[36m[ Log ]: Processed events of 2017, Data, BTagCSV_F: 770000[0m
	[36m[ Log ]: Processed events of 2017, Data, BTagCSV_F: 780000[0m
	[36m[ Log ]: Processed events of 2017, Data, BTagCSV_F: 790000[0m
	[36m[ Log ]: Processed events of 2017, Data, BTagCSV_F: 800000[0m
	[36m[ Log ]: Processed events of 2017, Data, BTagCSV_F: 810000[0m
	[36m[ Log ]: Processed events of 2017, Data, BTagCSV_F: 820000[0m
	[36m[ Log ]: Processed events of 2017, Data, BTagCSV_F: 830000[0m
	[36m[ Log ]: Processed events of 2017, Data, BTagCSV_F: 840000[0m
	[36m[ Log ]: Processed events of 2017, Data, BTagCSV_F: 850000[0m
	[36m[ Log ]: Processed events of 2017, Data, BTagCSV_F: 860000[0m
	[36m[ Log ]: Processed events of 2017, Data, BTagCSV_F: 870000[0m
	[36m[ Log ]: Processed events of 2017, Data, BTagCSV_F: 880000[0m
	[36m[ Log ]: Processed events of 2017, Data, BTagCSV_F: 890000[0m
	[36m[ Log ]: Processed events of 2017, Data, BTagCSV_F: 900000[0m
	[36m[ Log ]: Processed events of 2017, Data, BTagCSV_F: 910000[0m
	[36m[ Log ]: Processed events of 2017, Data, BTagCSV_F: 920000[0m
	[36m[ Log ]: Processed events of 2017, Data, BTagCSV_F: 930000[0m
	[36m[ Log ]: Processed events of 2017, Data, BTagCSV_F: 940000[0m
	[36m[ Log ]: Processed events of 2017, Data, BTagCSV_F: 950000[0m
	[36m[ Log ]: Processed events of 2017, Data, BTagCSV_F: 960000[0m
	[36m[ Log ]: Processed events of 2017, Data, BTagCSV_F: 970000[0m
	[36m[ Log ]: Processed events of 2017, Data, BTagCSV_F: 980000[0m
	[36m[ Log ]: Processed events of 2017, Data, BTagCSV_F: 990000[0m
	[36m[ Log ]: Processed events of 2017, Data, BTagCSV_F: 1000000[0m
	[36m[ Log ]: Processed events of 2017, Data, BTagCSV_F: 1010000[0m
	[36m[ Log ]: Processed events of 2017, Data, BTagCSV_F: 1020000[0m
	[36m[ Log ]: Processed events of 2017, Data, BTagCSV_F: 1030000[0m
	[36m[ Log ]: Processed events of 2017, Data, BTagCSV_F: 1040000[0m
	[36m[ Log ]: Processed events of 2017, Data, BTagCSV_F: 1050000[0m
	[36m[ Log ]: Processed events of 2017, Data, BTagCSV_F: 1060000[0m
	[36m[ Log ]: Processed events of 2017, Data, BTagCSV_F: 1070000[0m
	[36m[ Log ]: Processed events of 2017, Data, BTagCSV_F: 1080000[0m
	[36m[ Log ]: Processed events of 2017, Data, BTagCSV_F: 1090000[0m
	[36m[ Log ]: Processed events of 2017, Data, BTagCSV_F: 1100000[0m
	[36m[ Log ]: Processed events of 2017, Data, BTagCSV_F: 1110000[0m
	[36m[ Log ]: Processed events of 2017, Data, BTagCSV_F: 1120000[0m
	[36m[ Log ]: Processed events of 2017, Data, BTagCSV_F: 1130000[0m
	[36m[ Log ]: Processed events of 2017, Data, BTagCSV_F: 1140000[0m
	[36m[ Log ]: Processed events of 2017, Data, BTagCSV_F: 1150000[0m
	[36m[ Log ]: Processed events of 2017, Data, BTagCSV_F: 1160000[0m
	[36m[ Log ]: Processed events of 2017, Data, BTagCSV_F: 1170000[0m
	[36m[ Log ]: Processed events of 2017, Data, BTagCSV_F: 1180000[0m
	[36m[ Log ]: Processed events of 2017, Data, BTagCSV_F: 1190000[0m
	[36m[ Log ]: Processed events of 2017, Data, BTagCSV_F: 1200000[0m
	[36m[ Log ]: Processed events of 2017, Data, BTagCSV_F: 1210000[0m
	[36m[ Log ]: Processed events of 2017, Data, BTagCSV_F: 1220000[0m
	[36m[ Log ]: Processed events of 2017, Data, BTagCSV_F: 1230000[0m
	[36m[ Log ]: Processed events of 2017, Data, BTagCSV_F: 1240000[0m
