

START---------------
WORKDIR  /u/user/jhlee/ttHH/CMSSW_14_2_1/src/tempTTHH
WORKDIR  /u/user/jhlee/ttHH/CMSSW_14_2_1/src/tempTTHH
TNM_PATH=/u/user/jhlee/ttHH/CMSSW_14_2_1/src/tempTTHH

--------- Check arugments ---------------------------------------

  - [ output file name ] --> /pnfs/knu.ac.kr/data/cms/store/user/junghyun/ttHH/AnalyzerOutput/BTagCSV_F/BTagCSV_F_1.root
  - [ runYear ] --> 2017
  - [ isData ] --> Data
  - [ sampleName ] --> BTagCSV_F
  - [ eraName ] --> F

--------- Check arugments ---------------------------------------


eventBuffer - All branches selected
 Output filename: /pnfs/knu.ac.kr/data/cms/store/user/junghyun/ttHH/AnalyzerOutput/BTagCSV_F/BTagCSV_F_1.root
[CorrectionsManager] json library path : /cvmfs/cms.cern.ch/rsync/cms-nanoAOD/jsonpog-integration
weight = 1

	[35m[ Warning ]: This analyzer commented out [ "WTF" log ] in the header, Please check if you want!!![0m

	[34m[ Log ]: --------------------------------------------------------------------------[0m
	[34m[ Log ]: Before start, Let's check the analysis information[0m
	[34m[ Log ]: Run Year    ----> [  2017  ][0m
	[34m[ Log ]: Data or MC  ----> [  Data  ][0m
	[34m[ Log ]: Sample Name ----> [  BTagCSV_F  ][0m
	[34m[ Log ]: --------------------------------------------------------------------------[0m

	[36m[ Log ]: Processed events of 2017, Data, BTagCSV_F: 0[0m
	[36m[ Log ]: Processed events of 2017, Data, BTagCSV_F: 10000[0m
	[36m[ Log ]: Processed events of 2017, Data, BTagCSV_F: 20000[0m
	[36m[ Log ]: Processed events of 2017, Data, BTagCSV_F: 30000[0m
	[36m[ Log ]: Processed events of 2017, Data, BTagCSV_F: 40000[0m
	[36m[ Log ]: Processed events of 2017, Data, BTagCSV_F: 50000[0m
	[36m[ Log ]: Processed events of 2017, Data, BTagCSV_F: 60000[0m
	[36m[ Log ]: Processed events of 2017, Data, BTagCSV_F: 70000[0m
	[36m[ Log ]: Processed events of 2017, Data, BTagCSV_F: 80000[0m
