

START---------------
WORKDIR  /u/user/jhlee/ttHH/CMSSW_14_2_1/src/tempTTHH
WORKDIR  /u/user/jhlee/ttHH/CMSSW_14_2_1/src/tempTTHH
TNM_PATH=/u/user/jhlee/ttHH/CMSSW_14_2_1/src/tempTTHH

--------- Check arugments ---------------------------------------

  - [ output file name ] --> /pnfs/knu.ac.kr/data/cms/store/user/junghyun/ttHH/AnalyzerOutput/tttt/tttt_17.root
  - [ runYear ] --> 2017
  - [ isData ] --> MC
  - [ sampleName ] --> tttt
  - [ eraName ] --> A

--------- Check arugments ---------------------------------------


eventBuffer - All branches selected
 Output filename: /pnfs/knu.ac.kr/data/cms/store/user/junghyun/ttHH/AnalyzerOutput/tttt/tttt_17.root
[CorrectionsManager] json library path : /cvmfs/cms.cern.ch/rsync/cms-nanoAOD/jsonpog-integration
weight = 3.24234e-05

	[35m[ Warning ]: This analyzer commented out [ "WTF" log ] in the header, Please check if you want!!![0m

	[34m[ Log ]: --------------------------------------------------------------------------[0m
	[34m[ Log ]: Before start, Let's check the analysis information[0m
	[34m[ Log ]: Run Year    ----> [  2017  ][0m
	[34m[ Log ]: Data or MC  ----> [  MC  ][0m
	[34m[ Log ]: Sample Name ----> [  tttt  ][0m
	[34m[ Log ]: --------------------------------------------------------------------------[0m

	[36m[ Log ]: Processed events of 2017, MC, tttt: 0[0m
	[36m[ Log ]: Processed events of 2017, MC, tttt: 10000[0m
	[36m[ Log ]: Processed events of 2017, MC, tttt: 20000[0m
	[36m[ Log ]: Processed events of 2017, MC, tttt: 30000[0m
	[36m[ Log ]: Processed events of 2017, MC, tttt: 40000[0m
	[36m[ Log ]: Processed events of 2017, MC, tttt: 50000[0m
	[36m[ Log ]: Processed events of 2017, MC, tttt: 60000[0m
	[36m[ Log ]: Processed events of 2017, MC, tttt: 70000[0m
	[36m[ Log ]: Processed events of 2017, MC, tttt: 80000[0m
	[36m[ Log ]: Processed events of 2017, MC, tttt: 90000[0m
	[36m[ Log ]: Processed events of 2017, MC, tttt: 100000[0m
	[36m[ Log ]: Processed events of 2017, MC, tttt: 110000[0m
	[36m[ Log ]: Processed events of 2017, MC, tttt: 120000[0m
	[36m[ Log ]: Processed events of 2017, MC, tttt: 130000[0m
	[36m[ Log ]: Processed events of 2017, MC, tttt: 140000[0m
	[36m[ Log ]: Processed events of 2017, MC, tttt: 150000[0m
	[36m[ Log ]: Processed events of 2017, MC, tttt: 160000[0m
	[36m[ Log ]: Processed events of 2017, MC, tttt: 170000[0m
	[36m[ Log ]: Processed events of 2017, MC, tttt: 180000[0m
	[36m[ Log ]: Processed events of 2017, MC, tttt: 190000[0m
	[36m[ Log ]: Processed events of 2017, MC, tttt: 200000[0m
	[36m[ Log ]: Processed events of 2017, MC, tttt: 210000[0m
	[36m[ Log ]: Processed events of 2017, MC, tttt: 220000[0m
	[36m[ Log ]: Processed events of 2017, MC, tttt: 230000[0m
	[36m[ Log ]: Processed events of 2017, MC, tttt: 240000[0m
	[36m[ Log ]: Processed events of 2017, MC, tttt: 250000[0m
	[36m[ Log ]: Processed events of 2017, MC, tttt: 260000[0m
	[36m[ Log ]: Processed events of 2017, MC, tttt: 270000[0m
	[36m[ Log ]: Processed events of 2017, MC, tttt: 280000[0m
	[36m[ Log ]: Processed events of 2017, MC, tttt: 290000[0m
	[36m[ Log ]: Processed events of 2017, MC, tttt: 300000[0m
	[36m[ Log ]: Processed events of 2017, MC, tttt: 310000[0m
	[36m[ Log ]: Processed events of 2017, MC, tttt: 320000[0m
	[36m[ Log ]: Processed events of 2017, MC, tttt: 330000[0m
	[36m[ Log ]: Processed events of 2017, MC, tttt: 340000[0m
	[36m[ Log ]: Processed events of 2017, MC, tttt: 350000[0m
	[36m[ Log ]: Processed events of 2017, MC, tttt: 360000[0m
	[36m[ Log ]: Processed events of 2017, MC, tttt: 370000[0m
	[36m[ Log ]: Processed events of 2017, MC, tttt: 380000[0m
	[36m[ Log ]: Processed events of 2017, MC, tttt: 390000[0m
	[36m[ Log ]: Processed events of 2017, MC, tttt: 400000[0m
	[36m[ Log ]: Processed events of 2017, MC, tttt: 410000[0m
	[36m[ Log ]: Processed events of 2017, MC, tttt: 420000[0m
	[36m[ Log ]: Processed events of 2017, MC, tttt: 430000[0m
