

START---------------
WORKDIR  /u/user/jhlee/ttHH/CMSSW_14_2_1/src/tempTTHH
WORKDIR  /u/user/jhlee/ttHH/CMSSW_14_2_1/src/tempTTHH
TNM_PATH=/u/user/jhlee/ttHH/CMSSW_14_2_1/src/tempTTHH

--------- Check arugments ---------------------------------------

  - [ output file name ] --> /pnfs/knu.ac.kr/data/cms/store/user/junghyun/ttHH/AnalyzerOutput/ttZZto4b/ttZZto4b_19.root
  - [ runYear ] --> 2017
  - [ isData ] --> MC
  - [ sampleName ] --> ttZZto4b
  - [ eraName ] --> A

--------- Check arugments ---------------------------------------


eventBuffer - All branches selected
 Output filename: /pnfs/knu.ac.kr/data/cms/store/user/junghyun/ttHH/AnalyzerOutput/ttZZto4b/ttZZto4b_19.root
[CorrectionsManager] json library path : /cvmfs/cms.cern.ch/rsync/cms-nanoAOD/jsonpog-integration
weight = 1.87951e-07

	[35m[ Warning ]: This analyzer commented out [ "WTF" log ] in the header, Please check if you want!!![0m

	[34m[ Log ]: --------------------------------------------------------------------------[0m
	[34m[ Log ]: Before start, Let's check the analysis information[0m
	[34m[ Log ]: Run Year    ----> [  2017  ][0m
	[34m[ Log ]: Data or MC  ----> [  MC  ][0m
	[34m[ Log ]: Sample Name ----> [  ttZZto4b  ][0m
	[34m[ Log ]: --------------------------------------------------------------------------[0m

	[36m[ Log ]: Processed events of 2017, MC, ttZZto4b: 0[0m
	[36m[ Log ]: Processed events of 2017, MC, ttZZto4b: 10000[0m
	[36m[ Log ]: Processed events of 2017, MC, ttZZto4b: 20000[0m
	[36m[ Log ]: Processed events of 2017, MC, ttZZto4b: 30000[0m
	[36m[ Log ]: Processed events of 2017, MC, ttZZto4b: 40000[0m
	[36m[ Log ]: Processed events of 2017, MC, ttZZto4b: 50000[0m
	[36m[ Log ]: Processed events of 2017, MC, ttZZto4b: 60000[0m
	[36m[ Log ]: Processed events of 2017, MC, ttZZto4b: 70000[0m
	[36m[ Log ]: Processed events of 2017, MC, ttZZto4b: 80000[0m
	[36m[ Log ]: Processed events of 2017, MC, ttZZto4b: 90000[0m
	[36m[ Log ]: Processed events of 2017, MC, ttZZto4b: 100000[0m
	[36m[ Log ]: Processed events of 2017, MC, ttZZto4b: 110000[0m
	[36m[ Log ]: Processed events of 2017, MC, ttZZto4b: 120000[0m
	[36m[ Log ]: Processed events of 2017, MC, ttZZto4b: 130000[0m
	[36m[ Log ]: Processed events of 2017, MC, ttZZto4b: 140000[0m
	[36m[ Log ]: Processed events of 2017, MC, ttZZto4b: 150000[0m
	[36m[ Log ]: Processed events of 2017, MC, ttZZto4b: 160000[0m
	[36m[ Log ]: Processed events of 2017, MC, ttZZto4b: 170000[0m
	[36m[ Log ]: Processed events of 2017, MC, ttZZto4b: 180000[0m
	[36m[ Log ]: Processed events of 2017, MC, ttZZto4b: 190000[0m
	[36m[ Log ]: Processed events of 2017, MC, ttZZto4b: 200000[0m
	[36m[ Log ]: Processed events of 2017, MC, ttZZto4b: 210000[0m
	[36m[ Log ]: Processed events of 2017, MC, ttZZto4b: 220000[0m
	[36m[ Log ]: Processed events of 2017, MC, ttZZto4b: 230000[0m
	[36m[ Log ]: Processed events of 2017, MC, ttZZto4b: 240000[0m
	[36m[ Log ]: Processed events of 2017, MC, ttZZto4b: 250000[0m
	[36m[ Log ]: Processed events of 2017, MC, ttZZto4b: 260000[0m
	[36m[ Log ]: Processed events of 2017, MC, ttZZto4b: 270000[0m
	[36m[ Log ]: Processed events of 2017, MC, ttZZto4b: 280000[0m
	[36m[ Log ]: Processed events of 2017, MC, ttZZto4b: 290000[0m
	[36m[ Log ]: Processed events of 2017, MC, ttZZto4b: 300000[0m
	[36m[ Log ]: Processed events of 2017, MC, ttZZto4b: 310000[0m
	[36m[ Log ]: Processed events of 2017, MC, ttZZto4b: 320000[0m
	[36m[ Log ]: Processed events of 2017, MC, ttZZto4b: 330000[0m
	[36m[ Log ]: Processed events of 2017, MC, ttZZto4b: 340000[0m
	[36m[ Log ]: Processed events of 2017, MC, ttZZto4b: 350000[0m
	[36m[ Log ]: Processed events of 2017, MC, ttZZto4b: 360000[0m
	[36m[ Log ]: Processed events of 2017, MC, ttZZto4b: 370000[0m
	[36m[ Log ]: Processed events of 2017, MC, ttZZto4b: 380000[0m
	[36m[ Log ]: Processed events of 2017, MC, ttZZto4b: 390000[0m
	[36m[ Log ]: Processed events of 2017, MC, ttZZto4b: 400000[0m
	[36m[ Log ]: Processed events of 2017, MC, ttZZto4b: 410000[0m
	[36m[ Log ]: Processed events of 2017, MC, ttZZto4b: 420000[0m
	[36m[ Log ]: Processed events of 2017, MC, ttZZto4b: 430000[0m
	[36m[ Log ]: Processed events of 2017, MC, ttZZto4b: 440000[0m
	[36m[ Log ]: Processed events of 2017, MC, ttZZto4b: 450000[0m
	[36m[ Log ]: Processed events of 2017, MC, ttZZto4b: 460000[0m
	[36m[ Log ]: Processed events of 2017, MC, ttZZto4b: 470000[0m
	[36m[ Log ]: Processed events of 2017, MC, ttZZto4b: 480000[0m
	[36m[ Log ]: Processed events of 2017, MC, ttZZto4b: 490000[0m
	[36m[ Log ]: Processed events of 2017, MC, ttZZto4b: 500000[0m
	[36m[ Log ]: Processed events of 2017, MC, ttZZto4b: 510000[0m
	[36m[ Log ]: Processed events of 2017, MC, ttZZto4b: 520000[0m
	[36m[ Log ]: Processed events of 2017, MC, ttZZto4b: 530000[0m
	[36m[ Log ]: Processed events of 2017, MC, ttZZto4b: 540000[0m
