

START---------------
WORKDIR  /u/user/jhlee/ttHH/CMSSW_14_2_1/src/tempTTHH
WORKDIR  /u/user/jhlee/ttHH/CMSSW_14_2_1/src/tempTTHH
TNM_PATH=/u/user/jhlee/ttHH/CMSSW_14_2_1/src/tempTTHH

--------- Check arugments ---------------------------------------

  - [ output file name ] --> /pnfs/knu.ac.kr/data/cms/store/user/junghyun/ttHH/AnalyzerOutput/QCD_HT1500to2000/QCD_HT1500to2000_15.root
  - [ runYear ] --> 2017
  - [ isData ] --> MC
  - [ sampleName ] --> QCD_HT1500to2000
  - [ eraName ] --> A

--------- Check arugments ---------------------------------------


eventBuffer - All branches selected
 Output filename: /pnfs/knu.ac.kr/data/cms/store/user/junghyun/ttHH/AnalyzerOutput/QCD_HT1500to2000/QCD_HT1500to2000_15.root
[CorrectionsManager] json library path : /cvmfs/cms.cern.ch/rsync/cms-nanoAOD/jsonpog-integration
weight = 0.365896

	[35m[ Warning ]: This analyzer commented out [ "WTF" log ] in the header, Please check if you want!!![0m

	[34m[ Log ]: --------------------------------------------------------------------------[0m
	[34m[ Log ]: Before start, Let's check the analysis information[0m
	[34m[ Log ]: Run Year    ----> [  2017  ][0m
	[34m[ Log ]: Data or MC  ----> [  MC  ][0m
	[34m[ Log ]: Sample Name ----> [  QCD_HT1500to2000  ][0m
	[34m[ Log ]: --------------------------------------------------------------------------[0m

	[36m[ Log ]: Processed events of 2017, MC, QCD_HT1500to2000: 0[0m
	[36m[ Log ]: Processed events of 2017, MC, QCD_HT1500to2000: 10000[0m
	[36m[ Log ]: Processed events of 2017, MC, QCD_HT1500to2000: 20000[0m
	[36m[ Log ]: Processed events of 2017, MC, QCD_HT1500to2000: 30000[0m
	[36m[ Log ]: Processed events of 2017, MC, QCD_HT1500to2000: 40000[0m
	[36m[ Log ]: Processed events of 2017, MC, QCD_HT1500to2000: 50000[0m
	[36m[ Log ]: Processed events of 2017, MC, QCD_HT1500to2000: 60000[0m
	[36m[ Log ]: Processed events of 2017, MC, QCD_HT1500to2000: 70000[0m
	[36m[ Log ]: Processed events of 2017, MC, QCD_HT1500to2000: 80000[0m
	[36m[ Log ]: Processed events of 2017, MC, QCD_HT1500to2000: 90000[0m
	[36m[ Log ]: Processed events of 2017, MC, QCD_HT1500to2000: 100000[0m
	[36m[ Log ]: Processed events of 2017, MC, QCD_HT1500to2000: 110000[0m
	[36m[ Log ]: Processed events of 2017, MC, QCD_HT1500to2000: 120000[0m
	[36m[ Log ]: Processed events of 2017, MC, QCD_HT1500to2000: 130000[0m
	[36m[ Log ]: Processed events of 2017, MC, QCD_HT1500to2000: 140000[0m
	[36m[ Log ]: Processed events of 2017, MC, QCD_HT1500to2000: 150000[0m
	[36m[ Log ]: Processed events of 2017, MC, QCD_HT1500to2000: 160000[0m
	[36m[ Log ]: Processed events of 2017, MC, QCD_HT1500to2000: 170000[0m
	[36m[ Log ]: Processed events of 2017, MC, QCD_HT1500to2000: 180000[0m
	[36m[ Log ]: Processed events of 2017, MC, QCD_HT1500to2000: 190000[0m
	[36m[ Log ]: Processed events of 2017, MC, QCD_HT1500to2000: 200000[0m
	[36m[ Log ]: Processed events of 2017, MC, QCD_HT1500to2000: 210000[0m
	[36m[ Log ]: Processed events of 2017, MC, QCD_HT1500to2000: 220000[0m
	[36m[ Log ]: Processed events of 2017, MC, QCD_HT1500to2000: 230000[0m
	[36m[ Log ]: Processed events of 2017, MC, QCD_HT1500to2000: 240000[0m
	[36m[ Log ]: Processed events of 2017, MC, QCD_HT1500to2000: 250000[0m
	[36m[ Log ]: Processed events of 2017, MC, QCD_HT1500to2000: 260000[0m
	[36m[ Log ]: Processed events of 2017, MC, QCD_HT1500to2000: 270000[0m
	[36m[ Log ]: Processed events of 2017, MC, QCD_HT1500to2000: 280000[0m
	[36m[ Log ]: Processed events of 2017, MC, QCD_HT1500to2000: 290000[0m
	[36m[ Log ]: Processed events of 2017, MC, QCD_HT1500to2000: 300000[0m
	[36m[ Log ]: Processed events of 2017, MC, QCD_HT1500to2000: 310000[0m
	[36m[ Log ]: Processed events of 2017, MC, QCD_HT1500to2000: 320000[0m
	[36m[ Log ]: Processed events of 2017, MC, QCD_HT1500to2000: 330000[0m
	[36m[ Log ]: Processed events of 2017, MC, QCD_HT1500to2000: 340000[0m
	[36m[ Log ]: Processed events of 2017, MC, QCD_HT1500to2000: 350000[0m
	[36m[ Log ]: Processed events of 2017, MC, QCD_HT1500to2000: 360000[0m
	[36m[ Log ]: Processed events of 2017, MC, QCD_HT1500to2000: 370000[0m
	[36m[ Log ]: Processed events of 2017, MC, QCD_HT1500to2000: 380000[0m
	[36m[ Log ]: Processed events of 2017, MC, QCD_HT1500to2000: 390000[0m
	[36m[ Log ]: Processed events of 2017, MC, QCD_HT1500to2000: 400000[0m
	[36m[ Log ]: Processed events of 2017, MC, QCD_HT1500to2000: 410000[0m
	[36m[ Log ]: Processed events of 2017, MC, QCD_HT1500to2000: 420000[0m
	[36m[ Log ]: Processed events of 2017, MC, QCD_HT1500to2000: 430000[0m
	[36m[ Log ]: Processed events of 2017, MC, QCD_HT1500to2000: 440000[0m
	[36m[ Log ]: Processed events of 2017, MC, QCD_HT1500to2000: 450000[0m
	[36m[ Log ]: Processed events of 2017, MC, QCD_HT1500to2000: 460000[0m
	[36m[ Log ]: Processed events of 2017, MC, QCD_HT1500to2000: 470000[0m
	[36m[ Log ]: Processed events of 2017, MC, QCD_HT1500to2000: 480000[0m
	[36m[ Log ]: Processed events of 2017, MC, QCD_HT1500to2000: 490000[0m
	[36m[ Log ]: Processed events of 2017, MC, QCD_HT1500to2000: 500000[0m
	[36m[ Log ]: Processed events of 2017, MC, QCD_HT1500to2000: 510000[0m
	[36m[ Log ]: Processed events of 2017, MC, QCD_HT1500to2000: 520000[0m
	[36m[ Log ]: Processed events of 2017, MC, QCD_HT1500to2000: 530000[0m
	[36m[ Log ]: Processed events of 2017, MC, QCD_HT1500to2000: 540000[0m
	[36m[ Log ]: Processed events of 2017, MC, QCD_HT1500to2000: 550000[0m
	[36m[ Log ]: Processed events of 2017, MC, QCD_HT1500to2000: 560000[0m
	[36m[ Log ]: Processed events of 2017, MC, QCD_HT1500to2000: 570000[0m
	[36m[ Log ]: Processed events of 2017, MC, QCD_HT1500to2000: 580000[0m
	[36m[ Log ]: Processed events of 2017, MC, QCD_HT1500to2000: 590000[0m
	[36m[ Log ]: Processed events of 2017, MC, QCD_HT1500to2000: 600000[0m
	[36m[ Log ]: Processed events of 2017, MC, QCD_HT1500to2000: 610000[0m
	[36m[ Log ]: Processed events of 2017, MC, QCD_HT1500to2000: 620000[0m
	[36m[ Log ]: Processed events of 2017, MC, QCD_HT1500to2000: 630000[0m
	[36m[ Log ]: Processed events of 2017, MC, QCD_HT1500to2000: 640000[0m
	[36m[ Log ]: Processed events of 2017, MC, QCD_HT1500to2000: 650000[0m
	[36m[ Log ]: Processed events of 2017, MC, QCD_HT1500to2000: 660000[0m
	[36m[ Log ]: Processed events of 2017, MC, QCD_HT1500to2000: 670000[0m
	[36m[ Log ]: Processed events of 2017, MC, QCD_HT1500to2000: 680000[0m
	[36m[ Log ]: Processed events of 2017, MC, QCD_HT1500to2000: 690000[0m
	[36m[ Log ]: Processed events of 2017, MC, QCD_HT1500to2000: 700000[0m
	[36m[ Log ]: Processed events of 2017, MC, QCD_HT1500to2000: 710000[0m
	[36m[ Log ]: Processed events of 2017, MC, QCD_HT1500to2000: 720000[0m
	[36m[ Log ]: Processed events of 2017, MC, QCD_HT1500to2000: 730000[0m
	[36m[ Log ]: Processed events of 2017, MC, QCD_HT1500to2000: 740000[0m
	[36m[ Log ]: Processed events of 2017, MC, QCD_HT1500to2000: 750000[0m
	[36m[ Log ]: Processed events of 2017, MC, QCD_HT1500to2000: 760000[0m
	[36m[ Log ]: Processed events of 2017, MC, QCD_HT1500to2000: 770000[0m
	[36m[ Log ]: Processed events of 2017, MC, QCD_HT1500to2000: 780000[0m
	[36m[ Log ]: Processed events of 2017, MC, QCD_HT1500to2000: 790000[0m
	[36m[ Log ]: Processed events of 2017, MC, QCD_HT1500to2000: 800000[0m
	[36m[ Log ]: Processed events of 2017, MC, QCD_HT1500to2000: 810000[0m
	[36m[ Log ]: Processed events of 2017, MC, QCD_HT1500to2000: 820000[0m
	[36m[ Log ]: Processed events of 2017, MC, QCD_HT1500to2000: 830000[0m
	[36m[ Log ]: Processed events of 2017, MC, QCD_HT1500to2000: 840000[0m
	[36m[ Log ]: Processed events of 2017, MC, QCD_HT1500to2000: 850000[0m
	[36m[ Log ]: Processed events of 2017, MC, QCD_HT1500to2000: 860000[0m
	[36m[ Log ]: Processed events of 2017, MC, QCD_HT1500to2000: 870000[0m
	[36m[ Log ]: Processed events of 2017, MC, QCD_HT1500to2000: 880000[0m
	[36m[ Log ]: Processed events of 2017, MC, QCD_HT1500to2000: 890000[0m
	[36m[ Log ]: Processed events of 2017, MC, QCD_HT1500to2000: 900000[0m
	[36m[ Log ]: Processed events of 2017, MC, QCD_HT1500to2000: 910000[0m
	[36m[ Log ]: Processed events of 2017, MC, QCD_HT1500to2000: 920000[0m
	[36m[ Log ]: Processed events of 2017, MC, QCD_HT1500to2000: 930000[0m
	[36m[ Log ]: Processed events of 2017, MC, QCD_HT1500to2000: 940000[0m
	[36m[ Log ]: Processed events of 2017, MC, QCD_HT1500to2000: 950000[0m
	[36m[ Log ]: Processed events of 2017, MC, QCD_HT1500to2000: 960000[0m
	[36m[ Log ]: Processed events of 2017, MC, QCD_HT1500to2000: 970000[0m
	[36m[ Log ]: Processed events of 2017, MC, QCD_HT1500to2000: 980000[0m
	[36m[ Log ]: Processed events of 2017, MC, QCD_HT1500to2000: 990000[0m
