

START---------------
WORKDIR  /pool/condor/dir_2507241
WORKDIR  /afs/cern.ch/user/j/junghyun/ttHH_analysis/CMSSW_14_2_1/src/runii_tthhanalyzerV8
TNM_PATH=/afs/cern.ch/user/j/junghyun/ttHH_analysis/CMSSW_14_2_1/src/runii_tthhanalyzerV8

--------- Check arugments ---------------------------------------

  - [ output file name ] --> root://eosuser.cern.ch//eos/user/j/junghyun/ttHH/Btag_el9/JetHT_B/JetHT_B_26.root
  - [ runYear ] --> 2017
  - [ isData ] --> Data
  - [ sampleName ] --> JetHT_B
  - [ eraName ] --> B

--------- Check arugments ---------------------------------------


eventBuffer - All branches selected
** Warning ** itreestream - branch Events/Electron_genPartFlav not found
** Warning ** itreestream - branch Events/Electron_genPartIdx not found
** Warning ** itreestream - branch Events/FatJet_corr_JEC not found
** Warning ** itreestream - branch Events/FatJet_corr_JER not found
** Warning ** itreestream - branch Events/FatJet_corr_JMR not found
** Warning ** itreestream - branch Events/FatJet_corr_JMS not found
** Warning ** itreestream - branch Events/FatJet_genJetAK8Idx not found
** Warning ** itreestream - branch Events/FatJet_hadronFlavour not found
** Warning ** itreestream - branch Events/FatJet_mass_jerDown not found
** Warning ** itreestream - branch Events/FatJet_mass_jerUp not found
** Warning ** itreestream - branch Events/FatJet_mass_jesTotalDown not found
** Warning ** itreestream - branch Events/FatJet_mass_jesTotalUp not found
** Warning ** itreestream - branch Events/FatJet_mass_jmrDown not found
** Warning ** itreestream - branch Events/FatJet_mass_jmrUp not found
** Warning ** itreestream - branch Events/FatJet_mass_jmsDown not found
** Warning ** itreestream - branch Events/FatJet_mass_jmsUp not found
** Warning ** itreestream - branch Events/FatJet_mass_nom not found
** Warning ** itreestream - branch Events/FatJet_mass_raw not found
** Warning ** itreestream - branch Events/FatJet_msoftdrop_corr_JMR not found
** Warning ** itreestream - branch Events/FatJet_msoftdrop_corr_JMS not found
** Warning ** itreestream - branch Events/FatJet_msoftdrop_corr_PUPPI not found
** Warning ** itreestream - branch Events/FatJet_msoftdrop_jerDown not found
** Warning ** itreestream - branch Events/FatJet_msoftdrop_jerUp not found
** Warning ** itreestream - branch Events/FatJet_msoftdrop_jesTotalDown not found
** Warning ** itreestream - branch Events/FatJet_msoftdrop_jesTotalUp not found
** Warning ** itreestream - branch Events/FatJet_msoftdrop_jmrDown not found
** Warning ** itreestream - branch Events/FatJet_msoftdrop_jmrUp not found
** Warning ** itreestream - branch Events/FatJet_msoftdrop_jmsDown not found
** Warning ** itreestream - branch Events/FatJet_msoftdrop_jmsUp not found
** Warning ** itreestream - branch Events/FatJet_msoftdrop_nom not found
** Warning ** itreestream - branch Events/FatJet_msoftdrop_raw not found
** Warning ** itreestream - branch Events/FatJet_msoftdrop_tau21DDT_jerDown not found
** Warning ** itreestream - branch Events/FatJet_msoftdrop_tau21DDT_jerUp not found
** Warning ** itreestream - branch Events/FatJet_msoftdrop_tau21DDT_jmrDown not found
** Warning ** itreestream - branch Events/FatJet_msoftdrop_tau21DDT_jmrUp not found
** Warning ** itreestream - branch Events/FatJet_msoftdrop_tau21DDT_jmsDown not found
** Warning ** itreestream - branch Events/FatJet_msoftdrop_tau21DDT_jmsUp not found
** Warning ** itreestream - branch Events/FatJet_msoftdrop_tau21DDT_nom not found
** Warning ** itreestream - branch Events/FatJet_nBHadrons not found
** Warning ** itreestream - branch Events/FatJet_nCHadrons not found
** Warning ** itreestream - branch Events/FatJet_pt_jerDown not found
** Warning ** itreestream - branch Events/FatJet_pt_jerUp not found
** Warning ** itreestream - branch Events/FatJet_pt_jesTotalDown not found
** Warning ** itreestream - branch Events/FatJet_pt_jesTotalUp not found
** Warning ** itreestream - branch Events/FatJet_pt_nom not found
** Warning ** itreestream - branch Events/FatJet_pt_raw not found
** Warning ** itreestream - branch Events/GenIsolatedPhoton_eta not found
** Warning ** itreestream - branch Events/GenIsolatedPhoton_mass not found
** Warning ** itreestream - branch Events/GenIsolatedPhoton_phi not found
** Warning ** itreestream - branch Events/GenIsolatedPhoton_pt not found
** Warning ** itreestream - branch Events/GenJetAK8_eta not found
** Warning ** itreestream - branch Events/GenJetAK8_hadronFlavour not found
** Warning ** itreestream - branch Events/GenJetAK8_mass not found
** Warning ** itreestream - branch Events/GenJetAK8_partonFlavour not found
** Warning ** itreestream - branch Events/GenJetAK8_phi not found
** Warning ** itreestream - branch Events/GenJetAK8_pt not found
** Warning ** itreestream - branch Events/GenJet_eta not found
** Warning ** itreestream - branch Events/GenJet_hadronFlavour not found
** Warning ** itreestream - branch Events/GenJet_mass not found
** Warning ** itreestream - branch Events/GenJet_partonFlavour not found
** Warning ** itreestream - branch Events/GenJet_phi not found
** Warning ** itreestream - branch Events/GenJet_pt not found
** Warning ** itreestream - branch Events/GenMET_phi not found
** Warning ** itreestream - branch Events/GenMET_pt not found
** Warning ** itreestream - branch Events/GenPart_eta not found
** Warning ** itreestream - branch Events/GenPart_genPartIdxMother not found
** Warning ** itreestream - branch Events/GenPart_mass not found
** Warning ** itreestream - branch Events/GenPart_pdgId not found
** Warning ** itreestream - branch Events/GenPart_phi not found
** Warning ** itreestream - branch Events/GenPart_pt not found
** Warning ** itreestream - branch Events/GenPart_status not found
** Warning ** itreestream - branch Events/GenPart_statusFlags not found
** Warning ** itreestream - branch Events/GenVtx_t0 not found
** Warning ** itreestream - branch Events/GenVtx_x not found
** Warning ** itreestream - branch Events/GenVtx_y not found
** Warning ** itreestream - branch Events/GenVtx_z not found
** Warning ** itreestream - branch Events/Generator_binvar not found
** Warning ** itreestream - branch Events/Generator_id1 not found
** Warning ** itreestream - branch Events/Generator_id2 not found
** Warning ** itreestream - branch Events/Generator_scalePDF not found
** Warning ** itreestream - branch Events/Generator_weight not found
** Warning ** itreestream - branch Events/Generator_x1 not found
** Warning ** itreestream - branch Events/Generator_x2 not found
** Warning ** itreestream - branch Events/Generator_xpdf1 not found
** Warning ** itreestream - branch Events/Generator_xpdf2 not found
** Warning ** itreestream - branch Events/HLT_AK8PFHT750_TrimMass50 not found
** Warning ** itreestream - branch Events/HLT_AK8PFHT800_TrimMass50 not found
** Warning ** itreestream - branch Events/HLT_AK8PFHT850_TrimMass50 not found
** Warning ** itreestream - branch Events/HLT_AK8PFHT900_TrimMass50 not found
** Warning ** itreestream - branch Events/HLT_AK8PFJet15 not found
** Warning ** itreestream - branch Events/HLT_AK8PFJet25 not found
** Warning ** itreestream - branch Events/HLT_AK8PFJet330_TrimMass30_PFAK8BTagDeepCSV_p1 not found
** Warning ** itreestream - branch Events/HLT_AK8PFJet330_TrimMass30_PFAK8BTagDeepCSV_p17 not found
** Warning ** itreestream - branch Events/HLT_AK8PFJet330_TrimMass30_PFAK8BoostedDoubleB_np2 not found
** Warning ** itreestream - branch Events/HLT_AK8PFJet330_TrimMass30_PFAK8BoostedDoubleB_np4 not found
** Warning ** itreestream - branch Events/HLT_AK8PFJet330_TrimMass30_PFAK8BoostedDoubleB_p02 not found
** Warning ** itreestream - branch Events/HLT_AK8PFJet360_TrimMass30 not found
** Warning ** itreestream - branch Events/HLT_AK8PFJet380_TrimMass30 not found
** Warning ** itreestream - branch Events/HLT_AK8PFJet400_TrimMass30 not found
** Warning ** itreestream - branch Events/HLT_AK8PFJet420_TrimMass30 not found
** Warning ** itreestream - branch Events/HLT_AK8PFJetFwd140 not found
** Warning ** itreestream - branch Events/HLT_AK8PFJetFwd15 not found
** Warning ** itreestream - branch Events/HLT_AK8PFJetFwd200 not found
** Warning ** itreestream - branch Events/HLT_AK8PFJetFwd25 not found
** Warning ** itreestream - branch Events/HLT_AK8PFJetFwd260 not found
** Warning ** itreestream - branch Events/HLT_AK8PFJetFwd320 not found
** Warning ** itreestream - branch Events/HLT_AK8PFJetFwd40 not found
** Warning ** itreestream - branch Events/HLT_AK8PFJetFwd400 not found
** Warning ** itreestream - branch Events/HLT_AK8PFJetFwd450 not found
** Warning ** itreestream - branch Events/HLT_AK8PFJetFwd500 not found
** Warning ** itreestream - branch Events/HLT_AK8PFJetFwd60 not found
** Warning ** itreestream - branch Events/HLT_AK8PFJetFwd80 not found
** Warning ** itreestream - branch Events/HLT_Ele115_CaloIdVT_GsfTrkIdT not found
** Warning ** itreestream - branch Events/HLT_Ele12_CaloIdL_TrackIdL_IsoVL_PFJet30 not found
** Warning ** itreestream - branch Events/HLT_Ele135_CaloIdVT_GsfTrkIdT not found
** Warning ** itreestream - branch Events/HLT_Ele145_CaloIdVT_GsfTrkIdT not found
** Warning ** itreestream - branch Events/HLT_Ele15_CaloIdL_TrackIdL_IsoVL_PFJet30 not found
** Warning ** itreestream - branch Events/HLT_Ele15_Ele8_CaloIdL_TrackIdL_IsoVL not found
** Warning ** itreestream - branch Events/HLT_Ele15_IsoVVVL_PFHT450 not found
** Warning ** itreestream - branch Events/HLT_Ele15_IsoVVVL_PFHT450_CaloBTagDeepCSV_4p5 not found
** Warning ** itreestream - branch Events/HLT_Ele15_IsoVVVL_PFHT450_PFMET50 not found
** Warning ** itreestream - branch Events/HLT_Ele15_IsoVVVL_PFHT600 not found
** Warning ** itreestream - branch Events/HLT_Ele15_WPLoose_Gsf not found
** Warning ** itreestream - branch Events/HLT_Ele17_CaloIdM_TrackIdM_PFJet30 not found
** Warning ** itreestream - branch Events/HLT_Ele17_WPLoose_Gsf not found
** Warning ** itreestream - branch Events/HLT_Ele200_CaloIdVT_GsfTrkIdT not found
** Warning ** itreestream - branch Events/HLT_Ele20_WPLoose_Gsf not found
** Warning ** itreestream - branch Events/HLT_Ele20_WPTight_Gsf not found
** Warning ** itreestream - branch Events/HLT_Ele20_eta2p1_WPLoose_Gsf not found
** Warning ** itreestream - branch Events/HLT_Ele23_CaloIdL_TrackIdL_IsoVL_PFJet30 not found
** Warning ** itreestream - branch Events/HLT_Ele23_CaloIdM_TrackIdM_PFJet30 not found
** Warning ** itreestream - branch Events/HLT_Ele24_eta2p1_WPTight_Gsf_LooseChargedIsoPFTauHPS30_eta2p1_CrossL1 not found
** Warning ** itreestream - branch Events/HLT_Ele24_eta2p1_WPTight_Gsf_LooseChargedIsoPFTauHPS30_eta2p1_TightID_CrossL1 not found
** Warning ** itreestream - branch Events/HLT_Ele24_eta2p1_WPTight_Gsf_MediumChargedIsoPFTauHPS30_eta2p1_CrossL1 not found
** Warning ** itreestream - branch Events/HLT_Ele24_eta2p1_WPTight_Gsf_MediumChargedIsoPFTauHPS30_eta2p1_TightID_CrossL1 not found
** Warning ** itreestream - branch Events/HLT_Ele24_eta2p1_WPTight_Gsf_TightChargedIsoPFTauHPS30_eta2p1_CrossL1 not found
** Warning ** itreestream - branch Events/HLT_Ele24_eta2p1_WPTight_Gsf_TightChargedIsoPFTauHPS30_eta2p1_TightID_CrossL1 not found
** Warning ** itreestream - branch Events/HLT_Ele250_CaloIdVT_GsfTrkIdT not found
** Warning ** itreestream - branch Events/HLT_Ele27_Ele37_CaloIdL_MW not found
** Warning ** itreestream - branch Events/HLT_Ele28_HighEta_SC20_Mass55 not found
** Warning ** itreestream - branch Events/HLT_Ele28_WPTight_Gsf not found
** Warning ** itreestream - branch Events/HLT_Ele300_CaloIdVT_GsfTrkIdT not found
** Warning ** itreestream - branch Events/HLT_Ele30_WPTight_Gsf not found
** Warning ** itreestream - branch Events/HLT_Ele32_WPTight_Gsf not found
** Warning ** itreestream - branch Events/HLT_Ele35_WPTight_Gsf_L1EGMT not found
** Warning ** itreestream - branch Events/HLT_Ele50_CaloIdVT_GsfTrkIdT_PFJet165 not found
** Warning ** itreestream - branch Events/HLT_Ele50_IsoVVVL_PFHT450 not found
** Warning ** itreestream - branch Events/HLT_Ele8_CaloIdL_TrackIdL_IsoVL_PFJet30 not found
** Warning ** itreestream - branch Events/HLT_Ele8_CaloIdM_TrackIdM_PFJet30 not found
** Warning ** itreestream - branch Events/HLT_HT400_DisplacedDijet40_DisplacedTrack not found
** Warning ** itreestream - branch Events/HLT_HT425 not found
** Warning ** itreestream - branch Events/HLT_HT430_DisplacedDijet40_DisplacedTrack not found
** Warning ** itreestream - branch Events/HLT_HT430_DisplacedDijet60_DisplacedTrack not found
** Warning ** itreestream - branch Events/HLT_HT500_DisplacedDijet40_DisplacedTrack not found
** Warning ** itreestream - branch Events/HLT_HT550_DisplacedDijet60_Inclusive not found
** Warning ** itreestream - branch Events/HLT_HT650_DisplacedDijet60_Inclusive not found
** Warning ** itreestream - branch Events/HLT_IsoMu20_eta2p1_LooseChargedIsoPFTauHPS27_eta2p1_CrossL1 not found
** Warning ** itreestream - branch Events/HLT_IsoMu20_eta2p1_LooseChargedIsoPFTauHPS27_eta2p1_TightID_CrossL1 not found
** Warning ** itreestream - branch Events/HLT_IsoMu20_eta2p1_MediumChargedIsoPFTauHPS27_eta2p1_CrossL1 not found
** Warning ** itreestream - branch Events/HLT_IsoMu20_eta2p1_MediumChargedIsoPFTauHPS27_eta2p1_TightID_CrossL1 not found
** Warning ** itreestream - branch Events/HLT_IsoMu20_eta2p1_TightChargedIsoPFTauHPS27_eta2p1_CrossL1 not found
** Warning ** itreestream - branch Events/HLT_IsoMu20_eta2p1_TightChargedIsoPFTauHPS27_eta2p1_TightID_CrossL1 not found
** Warning ** itreestream - branch Events/HLT_IsoTkMu24 not found
** Warning ** itreestream - branch Events/HLT_IsoMu24_TwoProngs35 not found
** Warning ** itreestream - branch Events/HLT_IsoMu24_eta2p1_MediumChargedIsoPFTauHPS35_Trk1_TightID_eta2p1_Reg_CrossL1 not found
** Warning ** itreestream - branch Events/HLT_IsoMu24_eta2p1_MediumChargedIsoPFTauHPS35_Trk1_eta2p1_Reg_CrossL1 not found
** Warning ** itreestream - branch Events/HLT_IsoMu24_eta2p1_TightChargedIsoPFTauHPS35_Trk1_TightID_eta2p1_Reg_CrossL1 not found
** Warning ** itreestream - branch Events/HLT_IsoMu24_eta2p1_TightChargedIsoPFTauHPS35_Trk1_eta2p1_Reg_CrossL1 not found
** Warning ** itreestream - branch Events/HLT_IsoMu27_LooseChargedIsoPFTauHPS20_Trk1_eta2p1_SingleL1 not found
** Warning ** itreestream - branch Events/HLT_IsoMu27_MET90 not found
** Warning ** itreestream - branch Events/HLT_IsoMu27_MediumChargedIsoPFTauHPS20_Trk1_eta2p1_SingleL1 not found
** Warning ** itreestream - branch Events/HLT_IsoMu27_TightChargedIsoPFTauHPS20_Trk1_eta2p1_SingleL1 not found
** Warning ** itreestream - branch Events/HLT_IsoMu30 not found
** Warning ** itreestream - branch Events/HLT_IsoTrackHB not found
** Warning ** itreestream - branch Events/HLT_IsoTrackHE not found
** Warning ** itreestream - branch Events/HLT_MET105_IsoTrk50 not found
** Warning ** itreestream - branch Events/HLT_MET120_IsoTrk50 not found
** Warning ** itreestream - branch Events/HLT_Mu10_TrkIsoVVL_DiPFJet40_DEta3p5_MJJ750_HTT350_PFMETNoMu60 not found
** Warning ** itreestream - branch Events/HLT_Mu12 not found
** Warning ** itreestream - branch Events/HLT_Mu12_DoublePFJets100_CaloBTagDeepCSV_p71 not found
** Warning ** itreestream - branch Events/HLT_Mu12_DoublePFJets200_CaloBTagDeepCSV_p71 not found
** Warning ** itreestream - branch Events/HLT_Mu12_DoublePFJets350_CaloBTagDeepCSV_p71 not found
** Warning ** itreestream - branch Events/HLT_Mu12_DoublePFJets40MaxDeta1p6_DoubleCaloBTagDeepCSV_p71 not found
** Warning ** itreestream - branch Events/HLT_Mu12_DoublePFJets40_CaloBTagDeepCSV_p71 not found
** Warning ** itreestream - branch Events/HLT_Mu12_DoublePFJets54MaxDeta1p6_DoubleCaloBTagDeepCSV_p71 not found
** Warning ** itreestream - branch Events/HLT_Mu12_DoublePFJets62MaxDeta1p6_DoubleCaloBTagDeepCSV_p71 not found
** Warning ** itreestream - branch Events/HLT_Mu12_DoublePhoton20 not found
** Warning ** itreestream - branch Events/HLT_Mu12_IP6_part0 not found
** Warning ** itreestream - branch Events/HLT_Mu12_IP6_part1 not found
** Warning ** itreestream - branch Events/HLT_Mu12_IP6_part2 not found
** Warning ** itreestream - branch Events/HLT_Mu12_IP6_part3 not found
** Warning ** itreestream - branch Events/HLT_Mu12_IP6_part4 not found
** Warning ** itreestream - branch Events/HLT_Mu12_TrkIsoVVL_Ele23_CaloIdL_TrackIdL_IsoVL not found
** Warning ** itreestream - branch Events/HLT_Mu15 not found
** Warning ** itreestream - branch Events/HLT_Mu15_IsoVVVL_PFHT450 not found
** Warning ** itreestream - branch Events/HLT_Mu15_IsoVVVL_PFHT450_CaloBTagDeepCSV_4p5 not found
** Warning ** itreestream - branch Events/HLT_Mu15_IsoVVVL_PFHT450_PFMET50 not found
** Warning ** itreestream - branch Events/HLT_Mu15_IsoVVVL_PFHT600 not found
** Warning ** itreestream - branch Events/HLT_Mu17_Photon30_IsoCaloId not found
** Warning ** itreestream - branch Events/HLT_Mu17_TrkIsoVVL_TkMu8_TrkIsoVVL not found
** Warning ** itreestream - branch Events/HLT_Mu17_TrkIsoVVL_TkMu8_TrkIsoVVL_DZ not found
** Warning ** itreestream - branch Events/HLT_Mu17_TrkIsoVVL_Mu8_TrkIsoVVL_DZ_Mass3p8 not found
** Warning ** itreestream - branch Events/HLT_Mu18_Mu9 not found
** Warning ** itreestream - branch Events/HLT_Mu18_Mu9_DZ not found
** Warning ** itreestream - branch Events/HLT_Mu18_Mu9_SameSign not found
** Warning ** itreestream - branch Events/HLT_Mu18_Mu9_SameSign_DZ not found
** Warning ** itreestream - branch Events/HLT_Mu19 not found
** Warning ** itreestream - branch Events/HLT_Mu19_TrkIsoVVL not found
** Warning ** itreestream - branch Events/HLT_Mu19_TrkIsoVVL_Mu9_TrkIsoVVL not found
** Warning ** itreestream - branch Events/HLT_Mu19_TrkIsoVVL_Mu9_TrkIsoVVL_DZ not found
** Warning ** itreestream - branch Events/HLT_Mu19_TrkIsoVVL_Mu9_TrkIsoVVL_DZ_Mass3p8 not found
** Warning ** itreestream - branch Events/HLT_Mu19_TrkIsoVVL_Mu9_TrkIsoVVL_DZ_Mass8 not found
** Warning ** itreestream - branch Events/HLT_Mu20_Mu10 not found
** Warning ** itreestream - branch Events/HLT_Mu20_Mu10_DZ not found
** Warning ** itreestream - branch Events/HLT_Mu20_Mu10_SameSign not found
** Warning ** itreestream - branch Events/HLT_Mu20_Mu10_SameSign_DZ not found
** Warning ** itreestream - branch Events/HLT_Mu23_Mu12 not found
** Warning ** itreestream - branch Events/HLT_Mu23_Mu12_DZ not found
** Warning ** itreestream - branch Events/HLT_Mu23_Mu12_SameSign not found
** Warning ** itreestream - branch Events/HLT_Mu23_Mu12_SameSign_DZ not found
** Warning ** itreestream - branch Events/HLT_Mu23_TrkIsoVVL_Ele12_CaloIdL_TrackIdL_IsoVL not found
** Warning ** itreestream - branch Events/HLT_Mu25_TkMu0_Onia not found
** Warning ** itreestream - branch Events/HLT_Mu25_TkMu0_Phi not found
** Warning ** itreestream - branch Events/HLT_Mu27_Ele37_CaloIdL_MW not found
** Warning ** itreestream - branch Events/HLT_Mu30_TkMu0_Psi not found
** Warning ** itreestream - branch Events/HLT_Mu30_TkMu0_Upsilon not found
** Warning ** itreestream - branch Events/HLT_Mu37_Ele27_CaloIdL_MW not found
** Warning ** itreestream - branch Events/HLT_Mu37_TkMu27 not found
** Warning ** itreestream - branch Events/HLT_Mu38NoFiltersNoVtxDisplaced_Photon38_CaloIdL not found
** Warning ** itreestream - branch Events/HLT_Mu3_L1SingleMu5orSingleMu7 not found
** Warning ** itreestream - branch Events/HLT_Mu3_PFJet40 not found
** Warning ** itreestream - branch Events/HLT_Mu3er1p5_PFJet100er2p5_PFMET100_PFMHT100_IDTight not found
** Warning ** itreestream - branch Events/HLT_Mu3er1p5_PFJet100er2p5_PFMET70_PFMHT70_IDTight not found
** Warning ** itreestream - branch Events/HLT_Mu3er1p5_PFJet100er2p5_PFMET80_PFMHT80_IDTight not found
** Warning ** itreestream - branch Events/HLT_Mu3er1p5_PFJet100er2p5_PFMET90_PFMHT90_IDTight not found
** Warning ** itreestream - branch Events/HLT_Mu3er1p5_PFJet100er2p5_PFMETNoMu100_PFMHTNoMu100_IDTight not found
** Warning ** itreestream - branch Events/HLT_Mu3er1p5_PFJet100er2p5_PFMETNoMu70_PFMHTNoMu70_IDTight not found
** Warning ** itreestream - branch Events/HLT_Mu3er1p5_PFJet100er2p5_PFMETNoMu80_PFMHTNoMu80_IDTight not found
** Warning ** itreestream - branch Events/HLT_Mu3er1p5_PFJet100er2p5_PFMETNoMu90_PFMHTNoMu90_IDTight not found
** Warning ** itreestream - branch Events/HLT_Mu43NoFiltersNoVtxDisplaced_Photon43_CaloIdL not found
** Warning ** itreestream - branch Events/HLT_Mu43NoFiltersNoVtx_Photon43_CaloIdL not found
** Warning ** itreestream - branch Events/HLT_Mu48NoFiltersNoVtx_Photon48_CaloIdL not found
** Warning ** itreestream - branch Events/HLT_Mu4_TrkIsoVVL_DiPFJet90_40_DEta3p5_MJJ750_HTT300_PFMETNoMu60 not found
** Warning ** itreestream - branch Events/HLT_Mu50_IsoVVVL_PFHT450 not found
** Warning ** itreestream - branch Events/HLT_Mu55 not found
** Warning ** itreestream - branch Events/HLT_Mu7_IP4_part0 not found
** Warning ** itreestream - branch Events/HLT_Mu7_IP4_part1 not found
** Warning ** itreestream - branch Events/HLT_Mu7_IP4_part2 not found
** Warning ** itreestream - branch Events/HLT_Mu7_IP4_part3 not found
** Warning ** itreestream - branch Events/HLT_Mu7_IP4_part4 not found
** Warning ** itreestream - branch Events/HLT_Mu7p5_L2Mu2_Jpsi not found
** Warning ** itreestream - branch Events/HLT_Mu7p5_L2Mu2_Upsilon not found
** Warning ** itreestream - branch Events/HLT_Mu8_Ele8_CaloIdM_TrackIdM_Mass8_PFHT350 not found
** Warning ** itreestream - branch Events/HLT_Mu8_Ele8_CaloIdM_TrackIdM_Mass8_PFHT350_DZ not found
** Warning ** itreestream - branch Events/HLT_Mu8_IP3_part0 not found
** Warning ** itreestream - branch Events/HLT_Mu8_IP3_part1 not found
** Warning ** itreestream - branch Events/HLT_Mu8_IP3_part2 not found
** Warning ** itreestream - branch Events/HLT_Mu8_IP3_part3 not found
** Warning ** itreestream - branch Events/HLT_Mu8_IP3_part4 not found
** Warning ** itreestream - branch Events/HLT_Mu8_IP5_part0 not found
** Warning ** itreestream - branch Events/HLT_Mu8_IP5_part1 not found
** Warning ** itreestream - branch Events/HLT_Mu8_IP5_part2 not found
** Warning ** itreestream - branch Events/HLT_Mu8_IP5_part3 not found
** Warning ** itreestream - branch Events/HLT_Mu8_IP5_part4 not found
** Warning ** itreestream - branch Events/HLT_Mu8_IP6_part0 not found
** Warning ** itreestream - branch Events/HLT_Mu8_IP6_part1 not found
** Warning ** itreestream - branch Events/HLT_Mu8_IP6_part2 not found
** Warning ** itreestream - branch Events/HLT_Mu8_IP6_part3 not found
** Warning ** itreestream - branch Events/HLT_Mu8_IP6_part4 not found
** Warning ** itreestream - branch Events/HLT_Mu8_TrkIsoVVL_DiPFJet40_DEta3p5_MJJ750_HTT300_PFMETNoMu60 not found
** Warning ** itreestream - branch Events/HLT_Mu8_TrkIsoVVL_Ele23_CaloIdL_TrackIdL_IsoVL not found
** Warning ** itreestream - branch Events/HLT_Mu8_TrkIsoVVL_Ele23_CaloIdL_TrackIdL_IsoVL_DZ_CaloDiJet30 not found
** Warning ** itreestream - branch Events/HLT_Mu8_TrkIsoVVL_Ele23_CaloIdL_TrackIdL_IsoVL_DZ_CaloDiJet30_CaloBtagDeepCSV_1p5 not found
** Warning ** itreestream - branch Events/HLT_Mu8_TrkIsoVVL_Ele23_CaloIdL_TrackIdL_IsoVL_DZ_PFDiJet30 not found
** Warning ** itreestream - branch Events/HLT_Mu8_TrkIsoVVL_Ele23_CaloIdL_TrackIdL_IsoVL_DZ_PFDiJet30_PFBtagDeepCSV_1p5 not found
** Warning ** itreestream - branch Events/HLT_Mu9_IP4_part0 not found
** Warning ** itreestream - branch Events/HLT_Mu9_IP4_part1 not found
** Warning ** itreestream - branch Events/HLT_Mu9_IP4_part2 not found
** Warning ** itreestream - branch Events/HLT_Mu9_IP4_part3 not found
** Warning ** itreestream - branch Events/HLT_Mu9_IP4_part4 not found
** Warning ** itreestream - branch Events/HLT_Mu9_IP5_part0 not found
** Warning ** itreestream - branch Events/HLT_Mu9_IP5_part1 not found
** Warning ** itreestream - branch Events/HLT_Mu9_IP5_part2 not found
** Warning ** itreestream - branch Events/HLT_Mu9_IP5_part3 not found
** Warning ** itreestream - branch Events/HLT_Mu9_IP5_part4 not found
** Warning ** itreestream - branch Events/HLT_Mu9_IP6_part0 not found
** Warning ** itreestream - branch Events/HLT_Mu9_IP6_part1 not found
** Warning ** itreestream - branch Events/HLT_Mu9_IP6_part2 not found
** Warning ** itreestream - branch Events/HLT_Mu9_IP6_part3 not found
** Warning ** itreestream - branch Events/HLT_Mu9_IP6_part4 not found
** Warning ** itreestream - branch Events/HLT_OldMu100 not found
** Warning ** itreestream - branch Events/HLT_PFHT330PT30_QuadPFJet_75_60_45_40 not found
** Warning ** itreestream - branch Events/HLT_PFHT330PT30_QuadPFJet_75_60_45_40_TriplePFBTagDeepCSV_4p5 not found
** Warning ** itreestream - branch Events/HLT_PFHT300PT30_QuadPFJet_75_60_45_40_TriplePFBTagCSV_3p0 not found
** Warning ** itreestream - branch Events/HLT_PFHT350MinPFJet15 not found
** Warning ** itreestream - branch Events/HLT_PFHT400_SixPFJet32 not found
** Warning ** itreestream - branch Events/HLT_PFHT400_SixPFJet32_DoublePFBTagDeepCSV_2p94 not found
** Warning ** itreestream - branch Events/HLT_PFHT380_SixPFJet32_DoublePFBTagCSV_2p2 not found
** Warning ** itreestream - branch Events/HLT_PFHT450_SixPFJet36 not found
** Warning ** itreestream - branch Events/HLT_PFHT450_SixPFJet36_PFBTagDeepCSV_1p59 not found
** Warning ** itreestream - branch Events/HLT_PFHT430_SixPFJet40_PFBTagCSV_1p5 not found
** Warning ** itreestream - branch Events/HLT_PFJet15 not found
** Warning ** itreestream - branch Events/HLT_PFJet25 not found
** Warning ** itreestream - branch Events/HLT_PFJetFwd140 not found
** Warning ** itreestream - branch Events/HLT_PFJetFwd15 not found
** Warning ** itreestream - branch Events/HLT_PFJetFwd200 not found
** Warning ** itreestream - branch Events/HLT_PFJetFwd25 not found
** Warning ** itreestream - branch Events/HLT_PFJetFwd260 not found
** Warning ** itreestream - branch Events/HLT_PFJetFwd320 not found
** Warning ** itreestream - branch Events/HLT_PFJetFwd40 not found
** Warning ** itreestream - branch Events/HLT_PFJetFwd400 not found
** Warning ** itreestream - branch Events/HLT_PFJetFwd450 not found
** Warning ** itreestream - branch Events/HLT_PFJetFwd500 not found
** Warning ** itreestream - branch Events/HLT_PFJetFwd60 not found
** Warning ** itreestream - branch Events/HLT_PFJetFwd80 not found
** Warning ** itreestream - branch Events/HLT_PFMET100_PFMHT100_IDTight_CaloBTagDeepCSV_3p1 not found
** Warning ** itreestream - branch Events/HLT_PFMET100_PFMHT100_IDTight_PFHT60 not found
** Warning ** itreestream - branch Events/HLT_PFMET110_PFMHT110_IDTight_CaloBTagDeepCSV_3p1 not found
** Warning ** itreestream - branch Events/HLT_PFMET120_PFMHT120_IDTight_CaloBTagDeepCSV_3p1 not found
** Warning ** itreestream - branch Events/HLT_PFMET120_PFMHT120_IDTight_PFHT60 not found
** Warning ** itreestream - branch Events/HLT_PFMET130_PFMHT130_IDTight_CaloBTagDeepCSV_3p1 not found
** Warning ** itreestream - branch Events/HLT_PFMET140_PFMHT140_IDTight_CaloBTagDeepCSV_3p1 not found
** Warning ** itreestream - branch Events/HLT_PFMET200_HBHECleaned not found
** Warning ** itreestream - branch Events/HLT_PFMET200_HBHE_BeamHaloCleaned not found
** Warning ** itreestream - branch Events/HLT_PFMET200_NotCleaned not found
** Warning ** itreestream - branch Events/HLT_PFMET250_HBHECleaned not found
** Warning ** itreestream - branch Events/HLT_PFMET300_HBHECleaned not found
** Warning ** itreestream - branch Events/HLT_PFMETNoMu100_PFMHTNoMu100_IDTight_PFHT60 not found
** Warning ** itreestream - branch Events/HLT_PFMETNoMu120_PFMHTNoMu120_IDTight_PFHT60 not found
** Warning ** itreestream - branch Events/HLT_PFMETNoMu130_PFMHTNoMu130_IDTight not found
** Warning ** itreestream - branch Events/HLT_PFMETNoMu140_PFMHTNoMu140_IDTight not found
** Warning ** itreestream - branch Events/HLT_PFMETTypeOne100_PFMHT100_IDTight_PFHT60 not found
** Warning ** itreestream - branch Events/HLT_PFMETTypeOne120_PFMHT120_IDTight_PFHT60 not found
** Warning ** itreestream - branch Events/HLT_PFMETTypeOne200_HBHE_BeamHaloCleaned not found
** Warning ** itreestream - branch Events/HLT_Photon100EBHE10 not found
** Warning ** itreestream - branch Events/HLT_Photon100EB_TightID_TightIso not found
** Warning ** itreestream - branch Events/HLT_Photon100EEHE10 not found
** Warning ** itreestream - branch Events/HLT_Photon100EE_TightID_TightIso not found
** Warning ** itreestream - branch Events/HLT_Photon110EB_TightID_TightIso not found
** Warning ** itreestream - branch Events/HLT_Photon120EB_TightID_TightIso not found
** Warning ** itreestream - branch Events/HLT_Photon20 not found
** Warning ** itreestream - branch Events/HLT_Photon35_TwoProngs35 not found
** Warning ** itreestream - branch Events/HLT_Photon50_R9Id90_HE10_IsoM_EBOnly_PFJetsMJJ300DEta3_PFMET50 not found
** Warning ** itreestream - branch Events/HLT_Photon60_R9Id90_CaloIdL_IsoL not found
** Warning ** itreestream - branch Events/HLT_Photon60_R9Id90_CaloIdL_IsoL_DisplacedIdL not found
** Warning ** itreestream - branch Events/HLT_Photon75_R9Id90_HE10_IsoM_EBOnly_CaloMJJ300_PFJetsMJJ400DEta3 not found
** Warning ** itreestream - branch Events/HLT_Photon75_R9Id90_HE10_IsoM_EBOnly_CaloMJJ400_PFJetsMJJ600DEta3 not found
** Warning ** itreestream - branch Events/HLT_Photon75_R9Id90_HE10_IsoM_EBOnly_PFJetsMJJ300DEta3 not found
** Warning ** itreestream - branch Events/HLT_Photon75_R9Id90_HE10_IsoM_EBOnly_PFJetsMJJ600DEta3 not found
** Warning ** itreestream - branch Events/HLT_Photon90_CaloIdL_PFHT700 not found
** Warning ** itreestream - branch Events/HLT_Rsq0p35 not found
** Warning ** itreestream - branch Events/HLT_Rsq0p40 not found
** Warning ** itreestream - branch Events/HLT_RsqMR300_Rsq0p09_MR200 not found
** Warning ** itreestream - branch Events/HLT_RsqMR300_Rsq0p09_MR200_4jet not found
** Warning ** itreestream - branch Events/HLT_RsqMR320_Rsq0p09_MR200 not found
** Warning ** itreestream - branch Events/HLT_RsqMR320_Rsq0p09_MR200_4jet not found
** Warning ** itreestream - branch Events/HLT_SingleJet30_Mu12_SinglePFJet40 not found
** Warning ** itreestream - branch Events/HLT_SinglePhoton10_Eta3p1ForPPRef not found
** Warning ** itreestream - branch Events/HLT_SinglePhoton20_Eta3p1ForPPRef not found
** Warning ** itreestream - branch Events/HLT_SinglePhoton30_Eta3p1ForPPRef not found
** Warning ** itreestream - branch Events/HLT_Tau3Mu_Mu7_Mu1_TkMu1_IsoTau15 not found
** Warning ** itreestream - branch Events/HLT_Tau3Mu_Mu7_Mu1_TkMu1_IsoTau15_Charge1 not found
** Warning ** itreestream - branch Events/HLT_Tau3Mu_Mu7_Mu1_TkMu1_Tau15 not found
** Warning ** itreestream - branch Events/HLT_Tau3Mu_Mu7_Mu1_TkMu1_Tau15_Charge1 not found
** Warning ** itreestream - branch Events/HLT_TkMu100 not found
** Warning ** itreestream - branch Events/HLT_Trimuon5_3p5_2_Upsilon_Muon not found
** Warning ** itreestream - branch Events/HLT_TrimuonOpen_5_3p5_2_Upsilon_Muon not found
** Warning ** itreestream - branch Events/HLT_TrkMu12_DoubleTrkMu5NoFiltersNoVtx not found
** Warning ** itreestream - branch Events/HLT_TrkMu16NoFiltersNoVtx not found
** Warning ** itreestream - branch Events/HLT_TrkMu16_DoubleTrkMu6NoFiltersNoVtx not found
** Warning ** itreestream - branch Events/HLT_TrkMu17_DoubleTrkMu8NoFiltersNoVtx not found
** Warning ** itreestream - branch Events/HLT_TrkMu6NoFiltersNoVtx not found
** Warning ** itreestream - branch Events/Jet_corr_JEC not found
** Warning ** itreestream - branch Events/Jet_corr_JER not found
** Warning ** itreestream - branch Events/Jet_genJetIdx not found
** Warning ** itreestream - branch Events/Jet_hadronFlavour not found
** Warning ** itreestream - branch Events/Jet_mass_jerDown not found
** Warning ** itreestream - branch Events/Jet_mass_jerUp not found
** Warning ** itreestream - branch Events/Jet_mass_jesTotalDown not found
** Warning ** itreestream - branch Events/Jet_mass_jesTotalUp not found
** Warning ** itreestream - branch Events/Jet_mass_nom not found
** Warning ** itreestream - branch Events/Jet_mass_raw not found
** Warning ** itreestream - branch Events/Jet_partonFlavour not found
** Warning ** itreestream - branch Events/Jet_pt_jerDown not found
** Warning ** itreestream - branch Events/Jet_pt_jerUp not found
** Warning ** itreestream - branch Events/Jet_pt_jesTotalDown not found
** Warning ** itreestream - branch Events/Jet_pt_jesTotalUp not found
** Warning ** itreestream - branch Events/Jet_pt_nom not found
** Warning ** itreestream - branch Events/Jet_pt_raw not found
** Warning ** itreestream - branch Events/L1simulation_step not found
** Warning ** itreestream - branch Events/LHEPart_eta not found
** Warning ** itreestream - branch Events/LHEPart_incomingpz not found
** Warning ** itreestream - branch Events/LHEPart_mass not found
** Warning ** itreestream - branch Events/LHEPart_pdgId not found
** Warning ** itreestream - branch Events/LHEPart_phi not found
** Warning ** itreestream - branch Events/LHEPart_pt not found
** Warning ** itreestream - branch Events/LHEPart_spin not found
** Warning ** itreestream - branch Events/LHEPart_status not found
** Warning ** itreestream - branch Events/LHEPdfWeight not found
** Warning ** itreestream - branch Events/LHEReweightingWeight not found
** Warning ** itreestream - branch Events/LHEScaleWeight not found
** Warning ** itreestream - branch Events/LHEWeight_originalXWGTUP not found
** Warning ** itreestream - branch Events/LHE_AlphaS not found
** Warning ** itreestream - branch Events/LHE_HT not found
** Warning ** itreestream - branch Events/LHE_HTIncoming not found
** Warning ** itreestream - branch Events/LHE_Nb not found
** Warning ** itreestream - branch Events/LHE_Nc not found
** Warning ** itreestream - branch Events/LHE_Nglu not found
** Warning ** itreestream - branch Events/LHE_Njets not found
** Warning ** itreestream - branch Events/LHE_NpLO not found
** Warning ** itreestream - branch Events/LHE_NpNLO not found
** Warning ** itreestream - branch Events/LHE_Nuds not found
** Warning ** itreestream - branch Events/LHE_Vpt not found
** Warning ** itreestream - branch Events/MET_T1Smear_phi not found
** Warning ** itreestream - branch Events/MET_T1Smear_phi_jerDown not found
** Warning ** itreestream - branch Events/MET_T1Smear_phi_jerUp not found
** Warning ** itreestream - branch Events/MET_T1Smear_phi_jesTotalDown not found
** Warning ** itreestream - branch Events/MET_T1Smear_phi_jesTotalUp not found
** Warning ** itreestream - branch Events/MET_T1Smear_phi_unclustEnDown not found
** Warning ** itreestream - branch Events/MET_T1Smear_phi_unclustEnUp not found
** Warning ** itreestream - branch Events/MET_T1Smear_pt not found
** Warning ** itreestream - branch Events/MET_T1Smear_pt_jerDown not found
** Warning ** itreestream - branch Events/MET_T1Smear_pt_jerUp not found
** Warning ** itreestream - branch Events/MET_T1Smear_pt_jesTotalDown not found
** Warning ** itreestream - branch Events/MET_T1Smear_pt_jesTotalUp not found
** Warning ** itreestream - branch Events/MET_T1Smear_pt_unclustEnDown not found
** Warning ** itreestream - branch Events/MET_T1Smear_pt_unclustEnUp not found
** Warning ** itreestream - branch Events/MET_T1_phi not found
** Warning ** itreestream - branch Events/MET_T1_phi_jerDown not found
** Warning ** itreestream - branch Events/MET_T1_phi_jerUp not found
** Warning ** itreestream - branch Events/MET_T1_phi_jesTotalDown not found
** Warning ** itreestream - branch Events/MET_T1_phi_jesTotalUp not found
** Warning ** itreestream - branch Events/MET_T1_phi_unclustEnDown not found
** Warning ** itreestream - branch Events/MET_T1_phi_unclustEnUp not found
** Warning ** itreestream - branch Events/MET_T1_pt not found
** Warning ** itreestream - branch Events/MET_T1_pt_jerDown not found
** Warning ** itreestream - branch Events/MET_T1_pt_jerUp not found
** Warning ** itreestream - branch Events/MET_T1_pt_jesTotalDown not found
** Warning ** itreestream - branch Events/MET_T1_pt_jesTotalUp not found
** Warning ** itreestream - branch Events/MET_T1_pt_unclustEnDown not found
** Warning ** itreestream - branch Events/MET_T1_pt_unclustEnUp not found
** Warning ** itreestream - branch Events/MET_fiducialGenPhi not found
** Warning ** itreestream - branch Events/MET_fiducialGenPt not found
** Warning ** itreestream - branch Events/Muon_genPartFlav not found
** Warning ** itreestream - branch Events/Muon_genPartIdx not found
** Warning ** itreestream - branch Events/PSWeight not found
** Warning ** itreestream - branch Events/Photon_genPartFlav not found
** Warning ** itreestream - branch Events/Photon_genPartIdx not found
** Warning ** itreestream - branch Events/Pileup_gpudensity not found
** Warning ** itreestream - branch Events/Pileup_nPU not found
** Warning ** itreestream - branch Events/Pileup_nTrueInt not found
** Warning ** itreestream - branch Events/Pileup_pudensity not found
** Warning ** itreestream - branch Events/Pileup_sumEOOT not found
** Warning ** itreestream - branch Events/Pileup_sumLOOT not found
** Warning ** itreestream - branch Events/SubGenJetAK8_eta not found
** Warning ** itreestream - branch Events/SubGenJetAK8_mass not found
** Warning ** itreestream - branch Events/SubGenJetAK8_phi not found
** Warning ** itreestream - branch Events/SubGenJetAK8_pt not found
** Warning ** itreestream - branch Events/SubJet_hadronFlavour not found
** Warning ** itreestream - branch Events/SubJet_nBHadrons not found
** Warning ** itreestream - branch Events/SubJet_nCHadrons not found
** Warning ** itreestream - branch Events/Tau_genPartFlav not found
** Warning ** itreestream - branch Events/Tau_genPartIdx not found
** Warning ** itreestream - branch Events/boostedTau_genPartFlav not found
** Warning ** itreestream - branch Events/boostedTau_genPartIdx not found
** Warning ** itreestream - branch Events/btagWeight_CSVV2 not found
** Warning ** itreestream - branch Events/btagWeight_DeepCSVB not found
** Warning ** itreestream - branch Events/eventWeight not found
** Warning ** itreestream - branch Events/genTtbarId not found
** Warning ** itreestream - branch Events/genWeight not found
** Warning ** itreestream - branch Events/puWeight not found
** Warning ** itreestream - branch Events/puWeightDown not found
** Warning ** itreestream - branch Events/puWeightUp not found
 Output filename: root://eosuser.cern.ch//eos/user/j/junghyun/ttHH/Btag_el9/JetHT_B/JetHT_B_26.root
[CorrectionsManager] json library path : /cvmfs/cms.cern.ch/rsync/cms-nanoAOD/jsonpog-integration
weight = 1

	[35m[ Warning ]: This analyzer commented out [ "WTF" log ] in the header, Please check if you want!!![0m

	[34m[ Log ]: --------------------------------------------------------------------------[0m
	[34m[ Log ]: Before start, Let's check the analysis information[0m
	[34m[ Log ]: Run Year    ----> [  2017  ][0m
	[34m[ Log ]: Data or MC  ----> [  Data  ][0m
	[34m[ Log ]: Sample Name ----> [  JetHT_B  ][0m
	[34m[ Log ]: --------------------------------------------------------------------------[0m

	[36m[ Log ]: Processed events of 2017, Data, JetHT_B: 0[0m
	[36m[ Log ]: Processed events of 2017, Data, JetHT_B: 10000[0m
	[36m[ Log ]: Processed events of 2017, Data, JetHT_B: 20000[0m
	[36m[ Log ]: Processed events of 2017, Data, JetHT_B: 30000[0m
	[36m[ Log ]: Processed events of 2017, Data, JetHT_B: 40000[0m
	[36m[ Log ]: Processed events of 2017, Data, JetHT_B: 50000[0m
	[36m[ Log ]: Processed events of 2017, Data, JetHT_B: 60000[0m
	[36m[ Log ]: Processed events of 2017, Data, JetHT_B: 70000[0m
	[36m[ Log ]: Processed events of 2017, Data, JetHT_B: 80000[0m
	[36m[ Log ]: Processed events of 2017, Data, JetHT_B: 90000[0m
	[36m[ Log ]: Processed events of 2017, Data, JetHT_B: 100000[0m
	[36m[ Log ]: Processed events of 2017, Data, JetHT_B: 110000[0m
	[36m[ Log ]: Processed events of 2017, Data, JetHT_B: 120000[0m
	[36m[ Log ]: Processed events of 2017, Data, JetHT_B: 130000[0m
	[36m[ Log ]: Processed events of 2017, Data, JetHT_B: 140000[0m
	[36m[ Log ]: Processed events of 2017, Data, JetHT_B: 150000[0m
	[36m[ Log ]: Processed events of 2017, Data, JetHT_B: 160000[0m
	[36m[ Log ]: Processed events of 2017, Data, JetHT_B: 170000[0m
	[36m[ Log ]: Processed events of 2017, Data, JetHT_B: 180000[0m
	[36m[ Log ]: Processed events of 2017, Data, JetHT_B: 190000[0m
	[36m[ Log ]: Processed events of 2017, Data, JetHT_B: 200000[0m
	[36m[ Log ]: Processed events of 2017, Data, JetHT_B: 210000[0m
	[36m[ Log ]: Processed events of 2017, Data, JetHT_B: 220000[0m
	[36m[ Log ]: Processed events of 2017, Data, JetHT_B: 230000[0m
	[36m[ Log ]: Processed events of 2017, Data, JetHT_B: 240000[0m
	[36m[ Log ]: Processed events of 2017, Data, JetHT_B: 250000[0m
	[36m[ Log ]: Processed events of 2017, Data, JetHT_B: 260000[0m
	[36m[ Log ]: Processed events of 2017, Data, JetHT_B: 270000[0m
	[36m[ Log ]: Processed events of 2017, Data, JetHT_B: 280000[0m
	[36m[ Log ]: Processed events of 2017, Data, JetHT_B: 290000[0m
	[36m[ Log ]: Processed events of 2017, Data, JetHT_B: 300000[0m
	[36m[ Log ]: Processed events of 2017, Data, JetHT_B: 310000[0m
	[36m[ Log ]: Processed events of 2017, Data, JetHT_B: 320000[0m
	[36m[ Log ]: Processed events of 2017, Data, JetHT_B: 330000[0m
	[36m[ Log ]: Processed events of 2017, Data, JetHT_B: 340000[0m
	[36m[ Log ]: Processed events of 2017, Data, JetHT_B: 350000[0m
	[36m[ Log ]: Processed events of 2017, Data, JetHT_B: 360000[0m
	[36m[ Log ]: Processed events of 2017, Data, JetHT_B: 370000[0m
	[36m[ Log ]: Processed events of 2017, Data, JetHT_B: 380000[0m
	[36m[ Log ]: Processed events of 2017, Data, JetHT_B: 390000[0m
	[36m[ Log ]: Processed events of 2017, Data, JetHT_B: 400000[0m
	[36m[ Log ]: Processed events of 2017, Data, JetHT_B: 410000[0m
	[36m[ Log ]: Processed events of 2017, Data, JetHT_B: 420000[0m
	[36m[ Log ]: Processed events of 2017, Data, JetHT_B: 430000[0m
	[36m[ Log ]: Processed events of 2017, Data, JetHT_B: 440000[0m
	[36m[ Log ]: Processed events of 2017, Data, JetHT_B: 450000[0m
	[36m[ Log ]: Processed events of 2017, Data, JetHT_B: 460000[0m
	[36m[ Log ]: Processed events of 2017, Data, JetHT_B: 470000[0m
	[36m[ Log ]: Processed events of 2017, Data, JetHT_B: 480000[0m
	[36m[ Log ]: Processed events of 2017, Data, JetHT_B: 490000[0m
	[36m[ Log ]: Processed events of 2017, Data, JetHT_B: 500000[0m
	[36m[ Log ]: Processed events of 2017, Data, JetHT_B: 510000[0m
	[36m[ Log ]: Processed events of 2017, Data, JetHT_B: 520000[0m
	[36m[ Log ]: Processed events of 2017, Data, JetHT_B: 530000[0m
	[36m[ Log ]: Processed events of 2017, Data, JetHT_B: 540000[0m
	[36m[ Log ]: Processed events of 2017, Data, JetHT_B: 550000[0m
	[36m[ Log ]: Processed events of 2017, Data, JetHT_B: 560000[0m
	[36m[ Log ]: Processed events of 2017, Data, JetHT_B: 570000[0m
	[36m[ Log ]: Processed events of 2017, Data, JetHT_B: 580000[0m
	[36m[ Log ]: Processed events of 2017, Data, JetHT_B: 590000[0m
	[36m[ Log ]: Processed events of 2017, Data, JetHT_B: 600000[0m
	[36m[ Log ]: Processed events of 2017, Data, JetHT_B: 610000[0m
	[36m[ Log ]: Processed events of 2017, Data, JetHT_B: 620000[0m
	[36m[ Log ]: Processed events of 2017, Data, JetHT_B: 630000[0m
	[36m[ Log ]: Processed events of 2017, Data, JetHT_B: 640000[0m
	[36m[ Log ]: Processed events of 2017, Data, JetHT_B: 650000[0m
	[36m[ Log ]: Processed events of 2017, Data, JetHT_B: 660000[0m
	[36m[ Log ]: Processed events of 2017, Data, JetHT_B: 670000[0m
	[36m[ Log ]: Processed events of 2017, Data, JetHT_B: 680000[0m
	[36m[ Log ]: Processed events of 2017, Data, JetHT_B: 690000[0m
	[36m[ Log ]: Processed events of 2017, Data, JetHT_B: 700000[0m
	[36m[ Log ]: Processed events of 2017, Data, JetHT_B: 710000[0m
	[36m[ Log ]: Processed events of 2017, Data, JetHT_B: 720000[0m
	[36m[ Log ]: Processed events of 2017, Data, JetHT_B: 730000[0m
	[36m[ Log ]: Processed events of 2017, Data, JetHT_B: 740000[0m
	[36m[ Log ]: Processed events of 2017, Data, JetHT_B: 750000[0m
	[36m[ Log ]: Processed events of 2017, Data, JetHT_B: 760000[0m
	[36m[ Log ]: Processed events of 2017, Data, JetHT_B: 770000[0m
	[36m[ Log ]: Processed events of 2017, Data, JetHT_B: 780000[0m
	[36m[ Log ]: Processed events of 2017, Data, JetHT_B: 790000[0m
	[36m[ Log ]: Processed events of 2017, Data, JetHT_B: 800000[0m
	[36m[ Log ]: Processed events of 2017, Data, JetHT_B: 810000[0m
	[36m[ Log ]: Processed events of 2017, Data, JetHT_B: 820000[0m
	[36m[ Log ]: Processed events of 2017, Data, JetHT_B: 830000[0m
	[36m[ Log ]: Processed events of 2017, Data, JetHT_B: 840000[0m
	[36m[ Log ]: Processed events of 2017, Data, JetHT_B: 850000[0m
	[36m[ Log ]: Processed events of 2017, Data, JetHT_B: 860000[0m
	[36m[ Log ]: Processed events of 2017, Data, JetHT_B: 870000[0m
	[36m[ Log ]: Processed events of 2017, Data, JetHT_B: 880000[0m
	[36m[ Log ]: Processed events of 2017, Data, JetHT_B: 890000[0m
	[36m[ Log ]: Processed events of 2017, Data, JetHT_B: 900000[0m
	[36m[ Log ]: Processed events of 2017, Data, JetHT_B: 910000[0m
	[36m[ Log ]: Processed events of 2017, Data, JetHT_B: 920000[0m
	[36m[ Log ]: Processed events of 2017, Data, JetHT_B: 930000[0m
	[36m[ Log ]: Processed events of 2017, Data, JetHT_B: 940000[0m
	[36m[ Log ]: Processed events of 2017, Data, JetHT_B: 950000[0m
	[36m[ Log ]: Processed events of 2017, Data, JetHT_B: 960000[0m
	[36m[ Log ]: Processed events of 2017, Data, JetHT_B: 970000[0m
	[36m[ Log ]: Processed events of 2017, Data, JetHT_B: 980000[0m
	[36m[ Log ]: Processed events of 2017, Data, JetHT_B: 990000[0m
	[36m[ Log ]: Processed events of 2017, Data, JetHT_B: 1000000[0m
	[36m[ Log ]: Processed events of 2017, Data, JetHT_B: 1010000[0m
debug : Before [ if( input ) input->close(); ] in close() function in eventBuffer
debug : before [ _statuscode ] and [ close() ] in itreestream::close()
debug : end of itreestream::close()
debug : Before [ if( output ) output->close(); ] in close() function in eventBuffer
debug : End of close() function in eventBuffer
debug : before [ _statuscode ] and [ close() ] in ~itreestream
debug : before [ _statuscode ] and [ close() ] in itreestream::close()
debug : end of ~itreestream
