

START---------------
WORKDIR  /u/user/jhlee/ttHH/CMSSW_14_2_1/src/tempTTHH
WORKDIR  /u/user/jhlee/ttHH/CMSSW_14_2_1/src/tempTTHH
TNM_PATH=/u/user/jhlee/ttHH/CMSSW_14_2_1/src/tempTTHH

--------- Check arugments ---------------------------------------

  - [ output file name ] --> /pnfs/knu.ac.kr/data/cms/store/user/junghyun/ttHH/AnalyzerOutput/QCD_HT700to1000/QCD_HT700to1000_36.root
  - [ runYear ] --> 2017
  - [ isData ] --> MC
  - [ sampleName ] --> QCD_HT700to1000
  - [ eraName ] --> A

--------- Check arugments ---------------------------------------


eventBuffer - All branches selected
 Output filename: /pnfs/knu.ac.kr/data/cms/store/user/junghyun/ttHH/AnalyzerOutput/QCD_HT700to1000/QCD_HT700to1000_36.root
[CorrectionsManager] json library path : /cvmfs/cms.cern.ch/rsync/cms-nanoAOD/jsonpog-integration
weight = 5.58692

	[35m[ Warning ]: This analyzer commented out [ "WTF" log ] in the header, Please check if you want!!![0m

	[34m[ Log ]: --------------------------------------------------------------------------[0m
	[34m[ Log ]: Before start, Let's check the analysis information[0m
	[34m[ Log ]: Run Year    ----> [  2017  ][0m
	[34m[ Log ]: Data or MC  ----> [  MC  ][0m
	[34m[ Log ]: Sample Name ----> [  QCD_HT700to1000  ][0m
	[34m[ Log ]: --------------------------------------------------------------------------[0m

	[36m[ Log ]: Processed events of 2017, MC, QCD_HT700to1000: 0[0m
	[36m[ Log ]: Processed events of 2017, MC, QCD_HT700to1000: 10000[0m
	[36m[ Log ]: Processed events of 2017, MC, QCD_HT700to1000: 20000[0m
	[36m[ Log ]: Processed events of 2017, MC, QCD_HT700to1000: 30000[0m
	[36m[ Log ]: Processed events of 2017, MC, QCD_HT700to1000: 40000[0m
	[36m[ Log ]: Processed events of 2017, MC, QCD_HT700to1000: 50000[0m
	[36m[ Log ]: Processed events of 2017, MC, QCD_HT700to1000: 60000[0m
	[36m[ Log ]: Processed events of 2017, MC, QCD_HT700to1000: 70000[0m
	[36m[ Log ]: Processed events of 2017, MC, QCD_HT700to1000: 80000[0m
	[36m[ Log ]: Processed events of 2017, MC, QCD_HT700to1000: 90000[0m
	[36m[ Log ]: Processed events of 2017, MC, QCD_HT700to1000: 100000[0m
	[36m[ Log ]: Processed events of 2017, MC, QCD_HT700to1000: 110000[0m
	[36m[ Log ]: Processed events of 2017, MC, QCD_HT700to1000: 120000[0m
	[36m[ Log ]: Processed events of 2017, MC, QCD_HT700to1000: 130000[0m
	[36m[ Log ]: Processed events of 2017, MC, QCD_HT700to1000: 140000[0m
	[36m[ Log ]: Processed events of 2017, MC, QCD_HT700to1000: 150000[0m
	[36m[ Log ]: Processed events of 2017, MC, QCD_HT700to1000: 160000[0m
	[36m[ Log ]: Processed events of 2017, MC, QCD_HT700to1000: 170000[0m
	[36m[ Log ]: Processed events of 2017, MC, QCD_HT700to1000: 180000[0m
	[36m[ Log ]: Processed events of 2017, MC, QCD_HT700to1000: 190000[0m
	[36m[ Log ]: Processed events of 2017, MC, QCD_HT700to1000: 200000[0m
	[36m[ Log ]: Processed events of 2017, MC, QCD_HT700to1000: 210000[0m
	[36m[ Log ]: Processed events of 2017, MC, QCD_HT700to1000: 220000[0m
	[36m[ Log ]: Processed events of 2017, MC, QCD_HT700to1000: 230000[0m
	[36m[ Log ]: Processed events of 2017, MC, QCD_HT700to1000: 240000[0m
	[36m[ Log ]: Processed events of 2017, MC, QCD_HT700to1000: 250000[0m
	[36m[ Log ]: Processed events of 2017, MC, QCD_HT700to1000: 260000[0m
	[36m[ Log ]: Processed events of 2017, MC, QCD_HT700to1000: 270000[0m
	[36m[ Log ]: Processed events of 2017, MC, QCD_HT700to1000: 280000[0m
	[36m[ Log ]: Processed events of 2017, MC, QCD_HT700to1000: 290000[0m
	[36m[ Log ]: Processed events of 2017, MC, QCD_HT700to1000: 300000[0m
	[36m[ Log ]: Processed events of 2017, MC, QCD_HT700to1000: 310000[0m
	[36m[ Log ]: Processed events of 2017, MC, QCD_HT700to1000: 320000[0m
	[36m[ Log ]: Processed events of 2017, MC, QCD_HT700to1000: 330000[0m
	[36m[ Log ]: Processed events of 2017, MC, QCD_HT700to1000: 340000[0m
	[36m[ Log ]: Processed events of 2017, MC, QCD_HT700to1000: 350000[0m
	[36m[ Log ]: Processed events of 2017, MC, QCD_HT700to1000: 360000[0m
	[36m[ Log ]: Processed events of 2017, MC, QCD_HT700to1000: 370000[0m
	[36m[ Log ]: Processed events of 2017, MC, QCD_HT700to1000: 380000[0m
	[36m[ Log ]: Processed events of 2017, MC, QCD_HT700to1000: 390000[0m
	[36m[ Log ]: Processed events of 2017, MC, QCD_HT700to1000: 400000[0m
	[36m[ Log ]: Processed events of 2017, MC, QCD_HT700to1000: 410000[0m
	[36m[ Log ]: Processed events of 2017, MC, QCD_HT700to1000: 420000[0m
	[36m[ Log ]: Processed events of 2017, MC, QCD_HT700to1000: 430000[0m
	[36m[ Log ]: Processed events of 2017, MC, QCD_HT700to1000: 440000[0m
	[36m[ Log ]: Processed events of 2017, MC, QCD_HT700to1000: 450000[0m
	[36m[ Log ]: Processed events of 2017, MC, QCD_HT700to1000: 460000[0m
	[36m[ Log ]: Processed events of 2017, MC, QCD_HT700to1000: 470000[0m
