

START---------------
WORKDIR  /u/user/jhlee/ttHH/CMSSW_14_2_1/src/tempTTHH
WORKDIR  /u/user/jhlee/ttHH/CMSSW_14_2_1/src/tempTTHH
TNM_PATH=/u/user/jhlee/ttHH/CMSSW_14_2_1/src/tempTTHH

--------- Check arugments ---------------------------------------

  - [ output file name ] --> /pnfs/knu.ac.kr/data/cms/store/user/junghyun/ttHH/AnalyzerOutput/ttZtobb/ttZtobb_7.root
  - [ runYear ] --> 2017
  - [ isData ] --> MC
  - [ sampleName ] --> ttZtobb
  - [ eraName ] --> A

--------- Check arugments ---------------------------------------


eventBuffer - All branches selected
 Output filename: /pnfs/knu.ac.kr/data/cms/store/user/junghyun/ttHH/AnalyzerOutput/ttZtobb/ttZtobb_7.root
[CorrectionsManager] json library path : /cvmfs/cms.cern.ch/rsync/cms-nanoAOD/jsonpog-integration
weight = 0.000739973

	[35m[ Warning ]: This analyzer commented out [ "WTF" log ] in the header, Please check if you want!!![0m

	[34m[ Log ]: --------------------------------------------------------------------------[0m
	[34m[ Log ]: Before start, Let's check the analysis information[0m
	[34m[ Log ]: Run Year    ----> [  2017  ][0m
	[34m[ Log ]: Data or MC  ----> [  MC  ][0m
	[34m[ Log ]: Sample Name ----> [  ttZtobb  ][0m
	[34m[ Log ]: --------------------------------------------------------------------------[0m

	[36m[ Log ]: Processed events of 2017, MC, ttZtobb: 0[0m
	[36m[ Log ]: Processed events of 2017, MC, ttZtobb: 10000[0m
	[36m[ Log ]: Processed events of 2017, MC, ttZtobb: 20000[0m
	[36m[ Log ]: Processed events of 2017, MC, ttZtobb: 30000[0m
	[36m[ Log ]: Processed events of 2017, MC, ttZtobb: 40000[0m
	[36m[ Log ]: Processed events of 2017, MC, ttZtobb: 50000[0m
	[36m[ Log ]: Processed events of 2017, MC, ttZtobb: 60000[0m
	[36m[ Log ]: Processed events of 2017, MC, ttZtobb: 70000[0m
	[36m[ Log ]: Processed events of 2017, MC, ttZtobb: 80000[0m
	[36m[ Log ]: Processed events of 2017, MC, ttZtobb: 90000[0m
	[36m[ Log ]: Processed events of 2017, MC, ttZtobb: 100000[0m
