

START---------------
WORKDIR  /u/user/jhlee/ttHH/CMSSW_14_2_1/src/tempTTHH
WORKDIR  /u/user/jhlee/ttHH/CMSSW_14_2_1/src/tempTTHH
TNM_PATH=/u/user/jhlee/ttHH/CMSSW_14_2_1/src/tempTTHH

--------- Check arugments ---------------------------------------

  - [ output file name ] --> /pnfs/knu.ac.kr/data/cms/store/user/junghyun/ttHH/AnalyzerOutput/ttZtobb/ttZtobb_4.root
  - [ runYear ] --> 2017
  - [ isData ] --> MC
  - [ sampleName ] --> ttZtobb
  - [ eraName ] --> A

--------- Check arugments ---------------------------------------


eventBuffer - All branches selected
 Output filename: /pnfs/knu.ac.kr/data/cms/store/user/junghyun/ttHH/AnalyzerOutput/ttZtobb/ttZtobb_4.root
[CorrectionsManager] json library path : /cvmfs/cms.cern.ch/rsync/cms-nanoAOD/jsonpog-integration
weight = 0.000739973

	[35m[ Warning ]: This analyzer commented out [ "WTF" log ] in the header, Please check if you want!!![0m

	[34m[ Log ]: --------------------------------------------------------------------------[0m
	[34m[ Log ]: Before start, Let's check the analysis information[0m
	[34m[ Log ]: Run Year    ----> [  2017  ][0m
	[34m[ Log ]: Data or MC  ----> [  MC  ][0m
	[34m[ Log ]: Sample Name ----> [  ttZtobb  ][0m
	[34m[ Log ]: --------------------------------------------------------------------------[0m

	[36m[ Log ]: Processed events of 2017, MC, ttZtobb: 0[0m
	[36m[ Log ]: Processed events of 2017, MC, ttZtobb: 10000[0m
	[36m[ Log ]: Processed events of 2017, MC, ttZtobb: 20000[0m
	[36m[ Log ]: Processed events of 2017, MC, ttZtobb: 30000[0m
	[36m[ Log ]: Processed events of 2017, MC, ttZtobb: 40000[0m
	[36m[ Log ]: Processed events of 2017, MC, ttZtobb: 50000[0m
	[36m[ Log ]: Processed events of 2017, MC, ttZtobb: 60000[0m
	[36m[ Log ]: Processed events of 2017, MC, ttZtobb: 70000[0m
	[36m[ Log ]: Processed events of 2017, MC, ttZtobb: 80000[0m
	[36m[ Log ]: Processed events of 2017, MC, ttZtobb: 90000[0m
	[36m[ Log ]: Processed events of 2017, MC, ttZtobb: 100000[0m
	[36m[ Log ]: Processed events of 2017, MC, ttZtobb: 110000[0m
	[36m[ Log ]: Processed events of 2017, MC, ttZtobb: 120000[0m
	[36m[ Log ]: Processed events of 2017, MC, ttZtobb: 130000[0m
	[36m[ Log ]: Processed events of 2017, MC, ttZtobb: 140000[0m
	[36m[ Log ]: Processed events of 2017, MC, ttZtobb: 150000[0m
	[36m[ Log ]: Processed events of 2017, MC, ttZtobb: 160000[0m
	[36m[ Log ]: Processed events of 2017, MC, ttZtobb: 170000[0m
	[36m[ Log ]: Processed events of 2017, MC, ttZtobb: 180000[0m
	[36m[ Log ]: Processed events of 2017, MC, ttZtobb: 190000[0m
	[36m[ Log ]: Processed events of 2017, MC, ttZtobb: 200000[0m
	[36m[ Log ]: Processed events of 2017, MC, ttZtobb: 210000[0m
	[36m[ Log ]: Processed events of 2017, MC, ttZtobb: 220000[0m
	[36m[ Log ]: Processed events of 2017, MC, ttZtobb: 230000[0m
	[36m[ Log ]: Processed events of 2017, MC, ttZtobb: 240000[0m
	[36m[ Log ]: Processed events of 2017, MC, ttZtobb: 250000[0m
	[36m[ Log ]: Processed events of 2017, MC, ttZtobb: 260000[0m
	[36m[ Log ]: Processed events of 2017, MC, ttZtobb: 270000[0m
	[36m[ Log ]: Processed events of 2017, MC, ttZtobb: 280000[0m
	[36m[ Log ]: Processed events of 2017, MC, ttZtobb: 290000[0m
	[36m[ Log ]: Processed events of 2017, MC, ttZtobb: 300000[0m
	[36m[ Log ]: Processed events of 2017, MC, ttZtobb: 310000[0m
	[36m[ Log ]: Processed events of 2017, MC, ttZtobb: 320000[0m
	[36m[ Log ]: Processed events of 2017, MC, ttZtobb: 330000[0m
	[36m[ Log ]: Processed events of 2017, MC, ttZtobb: 340000[0m
	[36m[ Log ]: Processed events of 2017, MC, ttZtobb: 350000[0m
	[36m[ Log ]: Processed events of 2017, MC, ttZtobb: 360000[0m
	[36m[ Log ]: Processed events of 2017, MC, ttZtobb: 370000[0m
	[36m[ Log ]: Processed events of 2017, MC, ttZtobb: 380000[0m
	[36m[ Log ]: Processed events of 2017, MC, ttZtobb: 390000[0m
	[36m[ Log ]: Processed events of 2017, MC, ttZtobb: 400000[0m
	[36m[ Log ]: Processed events of 2017, MC, ttZtobb: 410000[0m
	[36m[ Log ]: Processed events of 2017, MC, ttZtobb: 420000[0m
	[36m[ Log ]: Processed events of 2017, MC, ttZtobb: 430000[0m
	[36m[ Log ]: Processed events of 2017, MC, ttZtobb: 440000[0m
	[36m[ Log ]: Processed events of 2017, MC, ttZtobb: 450000[0m
	[36m[ Log ]: Processed events of 2017, MC, ttZtobb: 460000[0m
	[36m[ Log ]: Processed events of 2017, MC, ttZtobb: 470000[0m
	[36m[ Log ]: Processed events of 2017, MC, ttZtobb: 480000[0m
	[36m[ Log ]: Processed events of 2017, MC, ttZtobb: 490000[0m
	[36m[ Log ]: Processed events of 2017, MC, ttZtobb: 500000[0m
	[36m[ Log ]: Processed events of 2017, MC, ttZtobb: 510000[0m
	[36m[ Log ]: Processed events of 2017, MC, ttZtobb: 520000[0m
	[36m[ Log ]: Processed events of 2017, MC, ttZtobb: 530000[0m
	[36m[ Log ]: Processed events of 2017, MC, ttZtobb: 540000[0m
	[36m[ Log ]: Processed events of 2017, MC, ttZtobb: 550000[0m
	[36m[ Log ]: Processed events of 2017, MC, ttZtobb: 560000[0m
	[36m[ Log ]: Processed events of 2017, MC, ttZtobb: 570000[0m
	[36m[ Log ]: Processed events of 2017, MC, ttZtobb: 580000[0m
	[36m[ Log ]: Processed events of 2017, MC, ttZtobb: 590000[0m
	[36m[ Log ]: Processed events of 2017, MC, ttZtobb: 600000[0m
