

START---------------
WORKDIR  /u/user/jhlee/ttHH/CMSSW_14_2_1/src/tempTTHH
WORKDIR  /u/user/jhlee/ttHH/CMSSW_14_2_1/src/tempTTHH
TNM_PATH=/u/user/jhlee/ttHH/CMSSW_14_2_1/src/tempTTHH

--------- Check arugments ---------------------------------------

  - [ output file name ] --> /pnfs/knu.ac.kr/data/cms/store/user/junghyun/ttHH/AnalyzerOutput/ttTohadronic/ttTohadronic_135.root
  - [ runYear ] --> 2017
  - [ isData ] --> MC
  - [ sampleName ] --> ttTohadronic
  - [ eraName ] --> A

--------- Check arugments ---------------------------------------


eventBuffer - All branches selected
 Output filename: /pnfs/knu.ac.kr/data/cms/store/user/junghyun/ttHH/AnalyzerOutput/ttTohadronic/ttTohadronic_135.root
[CorrectionsManager] json library path : /cvmfs/cms.cern.ch/rsync/cms-nanoAOD/jsonpog-integration
weight = 0.0674599

	[35m[ Warning ]: This analyzer commented out [ "WTF" log ] in the header, Please check if you want!!![0m

	[34m[ Log ]: --------------------------------------------------------------------------[0m
	[34m[ Log ]: Before start, Let's check the analysis information[0m
	[34m[ Log ]: Run Year    ----> [  2017  ][0m
	[34m[ Log ]: Data or MC  ----> [  MC  ][0m
	[34m[ Log ]: Sample Name ----> [  ttTohadronic  ][0m
	[34m[ Log ]: --------------------------------------------------------------------------[0m

	[36m[ Log ]: Processed events of 2017, MC, ttTohadronic: 0[0m
	[36m[ Log ]: Processed events of 2017, MC, ttTohadronic: 10000[0m
	[36m[ Log ]: Processed events of 2017, MC, ttTohadronic: 20000[0m
	[36m[ Log ]: Processed events of 2017, MC, ttTohadronic: 30000[0m
	[36m[ Log ]: Processed events of 2017, MC, ttTohadronic: 40000[0m
	[36m[ Log ]: Processed events of 2017, MC, ttTohadronic: 50000[0m
	[36m[ Log ]: Processed events of 2017, MC, ttTohadronic: 60000[0m
	[36m[ Log ]: Processed events of 2017, MC, ttTohadronic: 70000[0m
	[36m[ Log ]: Processed events of 2017, MC, ttTohadronic: 80000[0m
	[36m[ Log ]: Processed events of 2017, MC, ttTohadronic: 90000[0m
	[36m[ Log ]: Processed events of 2017, MC, ttTohadronic: 100000[0m
	[36m[ Log ]: Processed events of 2017, MC, ttTohadronic: 110000[0m
	[36m[ Log ]: Processed events of 2017, MC, ttTohadronic: 120000[0m
	[36m[ Log ]: Processed events of 2017, MC, ttTohadronic: 130000[0m
	[36m[ Log ]: Processed events of 2017, MC, ttTohadronic: 140000[0m
	[36m[ Log ]: Processed events of 2017, MC, ttTohadronic: 150000[0m
