Welcome to the [ bash_profile ]
Agent pid 90522
[main] Current mode --> Step03_Validation
Sample Name: JetHT_E
Current mode type --> Step03_Validation
Data or MC : Data
Weight : 1
  [ makeBTagWeight::Loop() ] : Current Sample --> Data JetHT, Era : E
  [ WARNING ] Empty bin when HT - 690.083, Jet6PT - 90.7387 and sf = 0
  [ WARNING ] Change sf [ 0 ] into -> 1.0
  [ WARNING ] Empty bin when HT - 673.922, Jet6PT - 95.0119 and sf = 0
  [ WARNING ] Change sf [ 0 ] into -> 1.0
  [ WARNING ] Empty bin when HT - 671.625, Jet6PT - 90.557 and sf = 0
  [ WARNING ] Change sf [ 0 ] into -> 1.0
  [ WARNING ] Empty bin when HT - 676.616, Jet6PT - 90.6392 and sf = 0
  [ WARNING ] Change sf [ 0 ] into -> 1.0
  [ WARNING ] Empty bin when HT - 679.351, Jet6PT - 91.7952 and sf = 0
  [ WARNING ] Change sf [ 0 ] into -> 1.0
  [ WARNING ] Empty bin when HT - 662.38, Jet6PT - 91.6925 and sf = 0
  [ WARNING ] Change sf [ 0 ] into -> 1.0
  [ WARNING ] Empty bin when HT - 692.681, Jet6PT - 91.9358 and sf = 0
  [ WARNING ] Change sf [ 0 ] into -> 1.0
  [ WARNING ] Empty bin when HT - 684.339, Jet6PT - 90.763 and sf = 0
  [ WARNING ] Change sf [ 0 ] into -> 1.0
  [ WARNING ] Empty bin when HT - 652.391, Jet6PT - 92.4348 and sf = 0
  [ WARNING ] Change sf [ 0 ] into -> 1.0
  [ WARNING ] Empty bin when HT - 699.125, Jet6PT - 90.3511 and sf = 0
  [ WARNING ] Change sf [ 0 ] into -> 1.0
  [ WARNING ] Empty bin when HT - 675.221, Jet6PT - 90.8715 and sf = 0
  [ WARNING ] Change sf [ 0 ] into -> 1.0
  [ WARNING ] Empty bin when HT - 694.2, Jet6PT - 94.0429 and sf = 0
  [ WARNING ] Change sf [ 0 ] into -> 1.0
  [ WARNING ] Empty bin when HT - 691.362, Jet6PT - 92.6761 and sf = 0
  [ WARNING ] Change sf [ 0 ] into -> 1.0
  [ WARNING ] Empty bin when HT - 669.068, Jet6PT - 90.0084 and sf = 0
  [ WARNING ] Change sf [ 0 ] into -> 1.0
  [ WARNING ] Empty bin when HT - 697.81, Jet6PT - 96.599 and sf = 0
  [ WARNING ] Change sf [ 0 ] into -> 1.0
  [ WARNING ] Empty bin when HT - 670.45, Jet6PT - 96.2167 and sf = 0
  [ WARNING ] Change sf [ 0 ] into -> 1.0
  [ WARNING ] Empty bin when HT - 697.243, Jet6PT - 90.2518 and sf = 0
  [ WARNING ] Change sf [ 0 ] into -> 1.0
  [ WARNING ] Empty bin when HT - 679.221, Jet6PT - 91.2119 and sf = 0
  [ WARNING ] Change sf [ 0 ] into -> 1.0
  [ WARNING ] Empty bin when HT - 679.198, Jet6PT - 94.5116 and sf = 0
  [ WARNING ] Change sf [ 0 ] into -> 1.0
  [ WARNING ] Empty bin when HT - 687.776, Jet6PT - 93.51 and sf = 0
  [ WARNING ] Change sf [ 0 ] into -> 1.0
  [ WARNING ] Empty bin when HT - 699.697, Jet6PT - 92.3435 and sf = 0
  [ WARNING ] Change sf [ 0 ] into -> 1.0
  [ WARNING ] Empty bin when HT - 669.497, Jet6PT - 95.1988 and sf = 0
  [ WARNING ] Change sf [ 0 ] into -> 1.0
  [ WARNING ] Empty bin when HT - 699.714, Jet6PT - 93.4249 and sf = 0
  [ WARNING ] Change sf [ 0 ] into -> 1.0
  [ WARNING ] Empty bin when HT - 683.206, Jet6PT - 98.8859 and sf = 0
  [ WARNING ] Change sf [ 0 ] into -> 1.0
  [ WARNING ] Empty bin when HT - 689.862, Jet6PT - 90.0179 and sf = 0
  [ WARNING ] Change sf [ 0 ] into -> 1.0
  [ WARNING ] Empty bin when HT - 695.169, Jet6PT - 91.028 and sf = 0
  [ WARNING ] Change sf [ 0 ] into -> 1.0
  [ WARNING ] Empty bin when HT - 679.76, Jet6PT - 90.4826 and sf = 0
  [ WARNING ] Change sf [ 0 ] into -> 1.0
  [ WARNING ] Empty bin when HT - 677.749, Jet6PT - 93.3694 and sf = 0
  [ WARNING ] Change sf [ 0 ] into -> 1.0
  [ WARNING ] Empty bin when HT - 699.769, Jet6PT - 90.3596 and sf = 0
  [ WARNING ] Change sf [ 0 ] into -> 1.0
  [ WARNING ] Empty bin when HT - 672.426, Jet6PT - 91.6374 and sf = 0
  [ WARNING ] Change sf [ 0 ] into -> 1.0
  [ WARNING ] Empty bin when HT - 666.108, Jet6PT - 92.0888 and sf = 0
  [ WARNING ] Change sf [ 0 ] into -> 1.0
  [ WARNING ] Empty bin when HT - 690.898, Jet6PT - 98.4944 and sf = 0
  [ WARNING ] Change sf [ 0 ] into -> 1.0
  [ WARNING ] Empty bin when HT - 697.766, Jet6PT - 93.2191 and sf = 0
  [ WARNING ] Change sf [ 0 ] into -> 1.0
  [ WARNING ] Empty bin when HT - 681.387, Jet6PT - 90.9141 and sf = 0
  [ WARNING ] Change sf [ 0 ] into -> 1.0
  [ WARNING ] Empty bin when HT - 692.258, Jet6PT - 90.6718 and sf = 0
  [ WARNING ] Change sf [ 0 ] into -> 1.0
  [ WARNING ] Empty bin when HT - 668.717, Jet6PT - 90.8692 and sf = 0
  [ WARNING ] Change sf [ 0 ] into -> 1.0
  [ WARNING ] Empty bin when HT - 696.779, Jet6PT - 92.6325 and sf = 0
  [ WARNING ] Change sf [ 0 ] into -> 1.0
  [ WARNING ] Empty bin when HT - 697.457, Jet6PT - 90.9353 and sf = 0
  [ WARNING ] Change sf [ 0 ] into -> 1.0
  [ WARNING ] Empty bin when HT - 696.182, Jet6PT - 91.7547 and sf = 0
  [ WARNING ] Change sf [ 0 ] into -> 1.0
  [ WARNING ] Empty bin when HT - 693.94, Jet6PT - 92.7637 and sf = 0
  [ WARNING ] Change sf [ 0 ] into -> 1.0
  [ WARNING ] Empty bin when HT - 698.451, Jet6PT - 92.4157 and sf = 0
  [ WARNING ] Change sf [ 0 ] into -> 1.0
  [ WARNING ] Empty bin when HT - 661.08, Jet6PT - 93.9052 and sf = 0
  [ WARNING ] Change sf [ 0 ] into -> 1.0
  [ WARNING ] Empty bin when HT - 653.884, Jet6PT - 90.6827 and sf = 0
  [ WARNING ] Change sf [ 0 ] into -> 1.0
  [ WARNING ] Empty bin when HT - 668.086, Jet6PT - 93.3424 and sf = 0
  [ WARNING ] Change sf [ 0 ] into -> 1.0
  [ WARNING ] Empty bin when HT - 662.696, Jet6PT - 90.8132 and sf = 0
  [ WARNING ] Change sf [ 0 ] into -> 1.0
  [ WARNING ] Empty bin when HT - 643.423, Jet6PT - 93.0365 and sf = 0
  [ WARNING ] Change sf [ 0 ] into -> 1.0
  [ WARNING ] Empty bin when HT - 642.813, Jet6PT - 90.3791 and sf = 0
  [ WARNING ] Change sf [ 0 ] into -> 1.0
  [ WARNING ] Empty bin when HT - 688.874, Jet6PT - 92.7525 and sf = 0
  [ WARNING ] Change sf [ 0 ] into -> 1.0
  [ WARNING ] Empty bin when HT - 693.814, Jet6PT - 91.3776 and sf = 0
  [ WARNING ] Change sf [ 0 ] into -> 1.0
  [ WARNING ] Empty bin when HT - 663.464, Jet6PT - 90.2623 and sf = 0
  [ WARNING ] Change sf [ 0 ] into -> 1.0
  [ WARNING ] Empty bin when HT - 670.309, Jet6PT - 90.8086 and sf = 0
  [ WARNING ] Change sf [ 0 ] into -> 1.0
  [ WARNING ] Empty bin when HT - 688.29, Jet6PT - 91.8187 and sf = 0
  [ WARNING ] Change sf [ 0 ] into -> 1.0
  [ WARNING ] Empty bin when HT - 615.599, Jet6PT - 90.349 and sf = 0
  [ WARNING ] Change sf [ 0 ] into -> 1.0
  [ WARNING ] Empty bin when HT - 691.989, Jet6PT - 93.2418 and sf = 0
  [ WARNING ] Change sf [ 0 ] into -> 1.0
  [ WARNING ] Empty bin when HT - 659.567, Jet6PT - 90.0754 and sf = 0
  [ WARNING ] Change sf [ 0 ] into -> 1.0
  [ WARNING ] Empty bin when HT - 660.564, Jet6PT - 93.6278 and sf = 0
  [ WARNING ] Change sf [ 0 ] into -> 1.0
  [ WARNING ] Empty bin when HT - 631.936, Jet6PT - 91.6184 and sf = 0
  [ WARNING ] Change sf [ 0 ] into -> 1.0
  [ WARNING ] Empty bin when HT - 688.103, Jet6PT - 90.8478 and sf = 0
  [ WARNING ] Change sf [ 0 ] into -> 1.0
  [ WARNING ] Empty bin when HT - 694.875, Jet6PT - 90.324 and sf = 0
  [ WARNING ] Change sf [ 0 ] into -> 1.0
  [ WARNING ] Empty bin when HT - 660.47, Jet6PT - 91.0509 and sf = 0
  [ WARNING ] Change sf [ 0 ] into -> 1.0
  [ WARNING ] Empty bin when HT - 694.851, Jet6PT - 94.515 and sf = 0
  [ WARNING ] Change sf [ 0 ] into -> 1.0
  [ WARNING ] Empty bin when HT - 699.073, Jet6PT - 92.4286 and sf = 0
  [ WARNING ] Change sf [ 0 ] into -> 1.0
  [ WARNING ] Empty bin when HT - 697.265, Jet6PT - 97.8476 and sf = 0
  [ WARNING ] Change sf [ 0 ] into -> 1.0
  [ WARNING ] Empty bin when HT - 646.958, Jet6PT - 92.1366 and sf = 0
  [ WARNING ] Change sf [ 0 ] into -> 1.0
  [ WARNING ] Empty bin when HT - 692.79, Jet6PT - 91.6273 and sf = 0
  [ WARNING ] Change sf [ 0 ] into -> 1.0
  [ WARNING ] Empty bin when HT - 670.681, Jet6PT - 90.7915 and sf = 0
  [ WARNING ] Change sf [ 0 ] into -> 1.0
  [ WARNING ] Empty bin when HT - 697.951, Jet6PT - 92.8708 and sf = 0
  [ WARNING ] Change sf [ 0 ] into -> 1.0
  [ WARNING ] Empty bin when HT - 678.652, Jet6PT - 90.8951 and sf = 0
  [ WARNING ] Change sf [ 0 ] into -> 1.0
  [ WARNING ] Empty bin when HT - 669.374, Jet6PT - 95.1425 and sf = 0
  [ WARNING ] Change sf [ 0 ] into -> 1.0
  [ WARNING ] Empty bin when HT - 650.436, Jet6PT - 91.1183 and sf = 0
  [ WARNING ] Change sf [ 0 ] into -> 1.0
  [ WARNING ] Empty bin when HT - 645.216, Jet6PT - 90.6224 and sf = 0
  [ WARNING ] Change sf [ 0 ] into -> 1.0
  [ WARNING ] Empty bin when HT - 641.752, Jet6PT - 91.6886 and sf = 0
  [ WARNING ] Change sf [ 0 ] into -> 1.0
  [ WARNING ] Empty bin when HT - 692.736, Jet6PT - 90.3736 and sf = 0
  [ WARNING ] Change sf [ 0 ] into -> 1.0
  [ WARNING ] Empty bin when HT - 673.082, Jet6PT - 93.224 and sf = 0
  [ WARNING ] Change sf [ 0 ] into -> 1.0
  [ WARNING ] Empty bin when HT - 660.59, Jet6PT - 93.0617 and sf = 0
  [ WARNING ] Change sf [ 0 ] into -> 1.0
  [ WARNING ] Empty bin when HT - 633.066, Jet6PT - 92.4601 and sf = 0
  [ WARNING ] Change sf [ 0 ] into -> 1.0
  [ WARNING ] Empty bin when HT - 693.476, Jet6PT - 91.835 and sf = 0
  [ WARNING ] Change sf [ 0 ] into -> 1.0
  [ WARNING ] Empty bin when HT - 678.497, Jet6PT - 91.4234 and sf = 0
  [ WARNING ] Change sf [ 0 ] into -> 1.0
  [ WARNING ] Empty bin when HT - 699.855, Jet6PT - 92.5943 and sf = 0
  [ WARNING ] Change sf [ 0 ] into -> 1.0
  [ WARNING ] Empty bin when HT - 696.574, Jet6PT - 91.8624 and sf = 0
  [ WARNING ] Change sf [ 0 ] into -> 1.0
  [ WARNING ] Empty bin when HT - 674.539, Jet6PT - 95.3881 and sf = 0
  [ WARNING ] Change sf [ 0 ] into -> 1.0
  [ WARNING ] Empty bin when HT - 675.114, Jet6PT - 93.7597 and sf = 0
  [ WARNING ] Change sf [ 0 ] into -> 1.0
  [ WARNING ] Empty bin when HT - 659.243, Jet6PT - 94.0371 and sf = 0
  [ WARNING ] Change sf [ 0 ] into -> 1.0
  [ WARNING ] Empty bin when HT - 650.179, Jet6PT - 92.8801 and sf = 0
  [ WARNING ] Change sf [ 0 ] into -> 1.0
  [ WARNING ] Empty bin when HT - 660.131, Jet6PT - 92.3634 and sf = 0
  [ WARNING ] Change sf [ 0 ] into -> 1.0
  [ WARNING ] Empty bin when HT - 696.732, Jet6PT - 94.2971 and sf = 0
  [ WARNING ] Change sf [ 0 ] into -> 1.0
  [ WARNING ] Empty bin when HT - 673.382, Jet6PT - 90.0625 and sf = 0
  [ WARNING ] Change sf [ 0 ] into -> 1.0
  [ WARNING ] Empty bin when HT - 683.736, Jet6PT - 97.3976 and sf = 0
  [ WARNING ] Change sf [ 0 ] into -> 1.0
  [ WARNING ] Empty bin when HT - 680.662, Jet6PT - 91.1766 and sf = 0
  [ WARNING ] Change sf [ 0 ] into -> 1.0
  [ WARNING ] Empty bin when HT - 648.562, Jet6PT - 92.7543 and sf = 0
  [ WARNING ] Change sf [ 0 ] into -> 1.0
  [ WARNING ] Empty bin when HT - 687.347, Jet6PT - 92.8759 and sf = 0
  [ WARNING ] Change sf [ 0 ] into -> 1.0
  [ WARNING ] Empty bin when HT - 658.834, Jet6PT - 90.6264 and sf = 0
  [ WARNING ] Change sf [ 0 ] into -> 1.0
  [ WARNING ] Empty bin when HT - 662.642, Jet6PT - 91.528 and sf = 0
  [ WARNING ] Change sf [ 0 ] into -> 1.0
  [ WARNING ] Empty bin when HT - 669.121, Jet6PT - 94.2465 and sf = 0
  [ WARNING ] Change sf [ 0 ] into -> 1.0
  [ WARNING ] Empty bin when HT - 693.234, Jet6PT - 91.7231 and sf = 0
  [ WARNING ] Change sf [ 0 ] into -> 1.0
  [ WARNING ] Empty bin when HT - 681.384, Jet6PT - 90.5841 and sf = 0
  [ WARNING ] Change sf [ 0 ] into -> 1.0
  [ WARNING ] Empty bin when HT - 698.846, Jet6PT - 94.8912 and sf = 0
  [ WARNING ] Change sf [ 0 ] into -> 1.0
  [ WARNING ] Empty bin when HT - 661.725, Jet6PT - 95.3065 and sf = 0
  [ WARNING ] Change sf [ 0 ] into -> 1.0
  [ WARNING ] Empty bin when HT - 675.105, Jet6PT - 92.6947 and sf = 0
  [ WARNING ] Change sf [ 0 ] into -> 1.0
  [ WARNING ] Empty bin when HT - 650.803, Jet6PT - 90.239 and sf = 0
  [ WARNING ] Change sf [ 0 ] into -> 1.0
  [ WARNING ] Empty bin when HT - 689.179, Jet6PT - 94.7699 and sf = 0
  [ WARNING ] Change sf [ 0 ] into -> 1.0
  [ WARNING ] Empty bin when HT - 668.725, Jet6PT - 93.7698 and sf = 0
  [ WARNING ] Change sf [ 0 ] into -> 1.0
  [ WARNING ] Empty bin when HT - 655.898, Jet6PT - 93.8834 and sf = 0
  [ WARNING ] Change sf [ 0 ] into -> 1.0
  [ WARNING ] Empty bin when HT - 696.055, Jet6PT - 93.9505 and sf = 0
  [ WARNING ] Change sf [ 0 ] into -> 1.0
  [ WARNING ] Empty bin when HT - 659.974, Jet6PT - 91.6675 and sf = 0
  [ WARNING ] Change sf [ 0 ] into -> 1.0
  [ WARNING ] Empty bin when HT - 686.436, Jet6PT - 92.8105 and sf = 0
  [ WARNING ] Change sf [ 0 ] into -> 1.0
  [ WARNING ] Empty bin when HT - 686.034, Jet6PT - 90.0433 and sf = 0
  [ WARNING ] Change sf [ 0 ] into -> 1.0
  [ WARNING ] Empty bin when HT - 641.014, Jet6PT - 90.5204 and sf = 0
  [ WARNING ] Change sf [ 0 ] into -> 1.0
  [ WARNING ] Empty bin when HT - 686.207, Jet6PT - 94.3877 and sf = 0
  [ WARNING ] Change sf [ 0 ] into -> 1.0
  [ WARNING ] Empty bin when HT - 689.059, Jet6PT - 90.9473 and sf = 0
  [ WARNING ] Change sf [ 0 ] into -> 1.0
  [ WARNING ] Empty bin when HT - 667.878, Jet6PT - 94.2822 and sf = 0
  [ WARNING ] Change sf [ 0 ] into -> 1.0
  [ WARNING ] Empty bin when HT - 675.806, Jet6PT - 97.7562 and sf = 0
  [ WARNING ] Change sf [ 0 ] into -> 1.0
  [ WARNING ] Empty bin when HT - 639.074, Jet6PT - 91.616 and sf = 0
  [ WARNING ] Change sf [ 0 ] into -> 1.0
  [ WARNING ] Empty bin when HT - 697.445, Jet6PT - 96.3371 and sf = 0
  [ WARNING ] Change sf [ 0 ] into -> 1.0
  [ WARNING ] Empty bin when HT - 678.692, Jet6PT - 90.647 and sf = 0
  [ WARNING ] Change sf [ 0 ] into -> 1.0
  [ WARNING ] Empty bin when HT - 686.787, Jet6PT - 92.1215 and sf = 0
  [ WARNING ] Change sf [ 0 ] into -> 1.0
  [ WARNING ] Empty bin when HT - 652.49, Jet6PT - 91.7369 and sf = 0
  [ WARNING ] Change sf [ 0 ] into -> 1.0
  [ WARNING ] Empty bin when HT - 695.29, Jet6PT - 93.4848 and sf = 0
  [ WARNING ] Change sf [ 0 ] into -> 1.0
  [ WARNING ] Empty bin when HT - 698.983, Jet6PT - 93.3088 and sf = 0
  [ WARNING ] Change sf [ 0 ] into -> 1.0
  [ WARNING ] Empty bin when HT - 665.244, Jet6PT - 90.1129 and sf = 0
  [ WARNING ] Change sf [ 0 ] into -> 1.0
  [ WARNING ] Empty bin when HT - 665.006, Jet6PT - 91.7368 and sf = 0
  [ WARNING ] Change sf [ 0 ] into -> 1.0
  [ WARNING ] Empty bin when HT - 678.768, Jet6PT - 93.2261 and sf = 0
  [ WARNING ] Change sf [ 0 ] into -> 1.0
  [ WARNING ] Empty bin when HT - 682.725, Jet6PT - 91.4037 and sf = 0
  [ WARNING ] Change sf [ 0 ] into -> 1.0
  [ WARNING ] Empty bin when HT - 697.65, Jet6PT - 92.1512 and sf = 0
  [ WARNING ] Change sf [ 0 ] into -> 1.0
  [ WARNING ] Empty bin when HT - 688.214, Jet6PT - 98.9935 and sf = 0
  [ WARNING ] Change sf [ 0 ] into -> 1.0
  [ WARNING ] Empty bin when HT - 697.886, Jet6PT - 91.0126 and sf = 0
  [ WARNING ] Change sf [ 0 ] into -> 1.0
  [ WARNING ] Empty bin when HT - 663.547, Jet6PT - 92.8209 and sf = 0
  [ WARNING ] Change sf [ 0 ] into -> 1.0
  [ WARNING ] Empty bin when HT - 696.508, Jet6PT - 96.9275 and sf = 0
  [ WARNING ] Change sf [ 0 ] into -> 1.0
  [ WARNING ] Empty bin when HT - 673.798, Jet6PT - 91.0154 and sf = 0
  [ WARNING ] Change sf [ 0 ] into -> 1.0
  [ WARNING ] Empty bin when HT - 695.941, Jet6PT - 91.8755 and sf = 0
  [ WARNING ] Change sf [ 0 ] into -> 1.0
  [ WARNING ] Empty bin when HT - 688.603, Jet6PT - 98.1826 and sf = 0
  [ WARNING ] Change sf [ 0 ] into -> 1.0
  [ WARNING ] Empty bin when HT - 683.002, Jet6PT - 91.5503 and sf = 0
  [ WARNING ] Change sf [ 0 ] into -> 1.0
  [ WARNING ] Empty bin when HT - 659.37, Jet6PT - 90.9976 and sf = 0
  [ WARNING ] Change sf [ 0 ] into -> 1.0
  [ WARNING ] Empty bin when HT - 691.342, Jet6PT - 90.9227 and sf = 0
  [ WARNING ] Change sf [ 0 ] into -> 1.0
  [ WARNING ] Empty bin when HT - 667.149, Jet6PT - 92.5172 and sf = 0
  [ WARNING ] Change sf [ 0 ] into -> 1.0
  [ WARNING ] Empty bin when HT - 695.116, Jet6PT - 91.5528 and sf = 0
  [ WARNING ] Change sf [ 0 ] into -> 1.0
  [ WARNING ] Empty bin when HT - 675.699, Jet6PT - 90.7489 and sf = 0
  [ WARNING ] Change sf [ 0 ] into -> 1.0
  [ WARNING ] Empty bin when HT - 698.331, Jet6PT - 91.9649 and sf = 0
  [ WARNING ] Change sf [ 0 ] into -> 1.0
  [ WARNING ] Empty bin when HT - 650.287, Jet6PT - 90.4111 and sf = 0
  [ WARNING ] Change sf [ 0 ] into -> 1.0
  [ WARNING ] Empty bin when HT - 658.677, Jet6PT - 91.6792 and sf = 0
  [ WARNING ] Change sf [ 0 ] into -> 1.0
  [ WARNING ] Empty bin when HT - 692.643, Jet6PT - 90.3612 and sf = 0
  [ WARNING ] Change sf [ 0 ] into -> 1.0
  [ WARNING ] Empty bin when HT - 692.481, Jet6PT - 93.0844 and sf = 0
  [ WARNING ] Change sf [ 0 ] into -> 1.0
  [ WARNING ] Empty bin when HT - 692.55, Jet6PT - 90.749 and sf = 0
  [ WARNING ] Change sf [ 0 ] into -> 1.0
  [ WARNING ] Empty bin when HT - 672.226, Jet6PT - 90.0545 and sf = 0
  [ WARNING ] Change sf [ 0 ] into -> 1.0
  [ WARNING ] Empty bin when HT - 679.425, Jet6PT - 91.5004 and sf = 0
  [ WARNING ] Change sf [ 0 ] into -> 1.0
  [ WARNING ] Empty bin when HT - 688.725, Jet6PT - 91.2793 and sf = 0
  [ WARNING ] Change sf [ 0 ] into -> 1.0
  [ WARNING ] Empty bin when HT - 697.844, Jet6PT - 97.9394 and sf = 0
  [ WARNING ] Change sf [ 0 ] into -> 1.0
  [ WARNING ] Empty bin when HT - 657.663, Jet6PT - 94.7748 and sf = 0
  [ WARNING ] Change sf [ 0 ] into -> 1.0
  [ WARNING ] Empty bin when HT - 691.971, Jet6PT - 92.5211 and sf = 0
  [ WARNING ] Change sf [ 0 ] into -> 1.0
  [ WARNING ] Empty bin when HT - 668.158, Jet6PT - 90.1888 and sf = 0
  [ WARNING ] Change sf [ 0 ] into -> 1.0
  [ WARNING ] Empty bin when HT - 692.173, Jet6PT - 91.4034 and sf = 0
  [ WARNING ] Change sf [ 0 ] into -> 1.0
  [ WARNING ] Empty bin when HT - 687.951, Jet6PT - 96.9058 and sf = 0
  [ WARNING ] Change sf [ 0 ] into -> 1.0
  [ WARNING ] Empty bin when HT - 661.315, Jet6PT - 98.9428 and sf = 0
  [ WARNING ] Change sf [ 0 ] into -> 1.0
  [ WARNING ] Empty bin when HT - 699.041, Jet6PT - 90.0804 and sf = 0
  [ WARNING ] Change sf [ 0 ] into -> 1.0
  [ WARNING ] Empty bin when HT - 694.454, Jet6PT - 91.874 and sf = 0
  [ WARNING ] Change sf [ 0 ] into -> 1.0
  [ WARNING ] Empty bin when HT - 693.446, Jet6PT - 92.0254 and sf = 0
  [ WARNING ] Change sf [ 0 ] into -> 1.0
  [ WARNING ] Empty bin when HT - 689.973, Jet6PT - 90.3782 and sf = 0
  [ WARNING ] Change sf [ 0 ] into -> 1.0
  [ WARNING ] Empty bin when HT - 680.16, Jet6PT - 95.6538 and sf = 0
  [ WARNING ] Change sf [ 0 ] into -> 1.0
  [ WARNING ] Empty bin when HT - 692.074, Jet6PT - 92.2517 and sf = 0
  [ WARNING ] Change sf [ 0 ] into -> 1.0
Event loop completed.
Output name --> Validation_JetHT_E.root
