Welcome to the [ bash_profile ]
Agent pid 89198
[main] Current mode --> Step03_Validation
Sample Name: tttt
Current mode type --> Step03_Validation
Data or MC : MC
Weight : 0.00399318
  [ WARNING ] Empty bin when HT - 670.065, Jet6PT - 90.486 and sf = 0
  [ WARNING ] Change sf [ 0 ] into -> 1.0
  [ WARNING ] Empty bin when HT - 690.451, Jet6PT - 96.4508 and sf = 0
  [ WARNING ] Change sf [ 0 ] into -> 1.0
  [ WARNING ] Empty bin when HT - 673.364, Jet6PT - 90.1707 and sf = 0
  [ WARNING ] Change sf [ 0 ] into -> 1.0
  [ WARNING ] Empty bin when HT - 621.523, Jet6PT - 90.7512 and sf = 0
  [ WARNING ] Change sf [ 0 ] into -> 1.0
  [ WARNING ] Empty bin when HT - 645.948, Jet6PT - 91.0584 and sf = 0
  [ WARNING ] Change sf [ 0 ] into -> 1.0
  [ WARNING ] Empty bin when HT - 671.494, Jet6PT - 90.4398 and sf = 0
  [ WARNING ] Change sf [ 0 ] into -> 1.0
  [ WARNING ] Empty bin when HT - 678.783, Jet6PT - 92.0297 and sf = 0
  [ WARNING ] Change sf [ 0 ] into -> 1.0
  [ WARNING ] Empty bin when HT - 666.299, Jet6PT - 91.3773 and sf = 0
  [ WARNING ] Change sf [ 0 ] into -> 1.0
  [ WARNING ] Empty bin when HT - 688.961, Jet6PT - 90.9469 and sf = 0
  [ WARNING ] Change sf [ 0 ] into -> 1.0
  [ WARNING ] Empty bin when HT - 668.186, Jet6PT - 90.3524 and sf = 0
  [ WARNING ] Change sf [ 0 ] into -> 1.0
  [ WARNING ] Empty bin when HT - 692.81, Jet6PT - 91.0529 and sf = 0
  [ WARNING ] Change sf [ 0 ] into -> 1.0
  [ WARNING ] Empty bin when HT - 694.451, Jet6PT - 93.3584 and sf = 0
  [ WARNING ] Change sf [ 0 ] into -> 1.0
  [ WARNING ] Empty bin when HT - 687.986, Jet6PT - 92.4154 and sf = 0
  [ WARNING ] Change sf [ 0 ] into -> 1.0
  [ WARNING ] Empty bin when HT - 624.8, Jet6PT - 90.9681 and sf = 0
  [ WARNING ] Change sf [ 0 ] into -> 1.0
  [ WARNING ] Empty bin when HT - 663.845, Jet6PT - 93.8764 and sf = 0
  [ WARNING ] Change sf [ 0 ] into -> 1.0
  [ WARNING ] Empty bin when HT - 689.136, Jet6PT - 95.318 and sf = 0
  [ WARNING ] Change sf [ 0 ] into -> 1.0
  [ WARNING ] Empty bin when HT - 674.781, Jet6PT - 92.3133 and sf = 0
  [ WARNING ] Change sf [ 0 ] into -> 1.0
  [ WARNING ] Empty bin when HT - 688.174, Jet6PT - 92.4098 and sf = 0
  [ WARNING ] Change sf [ 0 ] into -> 1.0
  [ WARNING ] Empty bin when HT - 681.585, Jet6PT - 94.1095 and sf = 0
  [ WARNING ] Change sf [ 0 ] into -> 1.0
  [ WARNING ] Empty bin when HT - 695.926, Jet6PT - 91.4184 and sf = 0
  [ WARNING ] Change sf [ 0 ] into -> 1.0
  [ WARNING ] Empty bin when HT - 677.103, Jet6PT - 98.155 and sf = 0
  [ WARNING ] Change sf [ 0 ] into -> 1.0
  [ WARNING ] Empty bin when HT - 654.5, Jet6PT - 93.021 and sf = 0
  [ WARNING ] Change sf [ 0 ] into -> 1.0
  [ WARNING ] Empty bin when HT - 696.973, Jet6PT - 91.4998 and sf = 0
  [ WARNING ] Change sf [ 0 ] into -> 1.0
  [ WARNING ] Empty bin when HT - 689.999, Jet6PT - 91.0605 and sf = 0
  [ WARNING ] Change sf [ 0 ] into -> 1.0
  [ WARNING ] Empty bin when HT - 697.161, Jet6PT - 94.4406 and sf = 0
  [ WARNING ] Change sf [ 0 ] into -> 1.0
  [ WARNING ] Empty bin when HT - 663.643, Jet6PT - 94.6473 and sf = 0
  [ WARNING ] Change sf [ 0 ] into -> 1.0
  [ WARNING ] Empty bin when HT - 674.699, Jet6PT - 91.4022 and sf = 0
  [ WARNING ] Change sf [ 0 ] into -> 1.0
  [ WARNING ] Empty bin when HT - 693.091, Jet6PT - 94.7314 and sf = 0
  [ WARNING ] Change sf [ 0 ] into -> 1.0
  [ WARNING ] Empty bin when HT - 683.801, Jet6PT - 91.6009 and sf = 0
  [ WARNING ] Change sf [ 0 ] into -> 1.0
  [ WARNING ] Empty bin when HT - 695.055, Jet6PT - 93.7186 and sf = 0
  [ WARNING ] Change sf [ 0 ] into -> 1.0
  [ WARNING ] Empty bin when HT - 693.819, Jet6PT - 94.2577 and sf = 0
  [ WARNING ] Change sf [ 0 ] into -> 1.0
  [ WARNING ] Empty bin when HT - 671.677, Jet6PT - 93.3058 and sf = 0
  [ WARNING ] Change sf [ 0 ] into -> 1.0
  [ WARNING ] Empty bin when HT - 664.473, Jet6PT - 90.845 and sf = 0
  [ WARNING ] Change sf [ 0 ] into -> 1.0
  [ WARNING ] Empty bin when HT - 698.951, Jet6PT - 90.3843 and sf = 0
  [ WARNING ] Change sf [ 0 ] into -> 1.0
  [ WARNING ] Empty bin when HT - 695.43, Jet6PT - 90.3646 and sf = 0
  [ WARNING ] Change sf [ 0 ] into -> 1.0
  [ WARNING ] Empty bin when HT - 635.166, Jet6PT - 91.6898 and sf = 0
  [ WARNING ] Change sf [ 0 ] into -> 1.0
  [ WARNING ] Empty bin when HT - 677.29, Jet6PT - 94.7728 and sf = 0
  [ WARNING ] Change sf [ 0 ] into -> 1.0
  [ WARNING ] Empty bin when HT - 681.875, Jet6PT - 91.1379 and sf = 0
  [ WARNING ] Change sf [ 0 ] into -> 1.0
  [ WARNING ] Empty bin when HT - 644.169, Jet6PT - 91.1064 and sf = 0
  [ WARNING ] Change sf [ 0 ] into -> 1.0
  [ WARNING ] Empty bin when HT - 684.449, Jet6PT - 90.0467 and sf = 0
  [ WARNING ] Change sf [ 0 ] into -> 1.0
  [ WARNING ] Empty bin when HT - 682.136, Jet6PT - 91.3246 and sf = 0
  [ WARNING ] Change sf [ 0 ] into -> 1.0
  [ WARNING ] Empty bin when HT - 645.451, Jet6PT - 90.198 and sf = 0
  [ WARNING ] Change sf [ 0 ] into -> 1.0
  [ WARNING ] Empty bin when HT - 680.485, Jet6PT - 94.6098 and sf = 0
  [ WARNING ] Change sf [ 0 ] into -> 1.0
  [ WARNING ] Empty bin when HT - 688.911, Jet6PT - 91.4424 and sf = 0
  [ WARNING ] Change sf [ 0 ] into -> 1.0
  [ WARNING ] Empty bin when HT - 696.931, Jet6PT - 91.2562 and sf = 0
  [ WARNING ] Change sf [ 0 ] into -> 1.0
  [ WARNING ] Empty bin when HT - 668.761, Jet6PT - 97.7128 and sf = 0
  [ WARNING ] Change sf [ 0 ] into -> 1.0
  [ WARNING ] Empty bin when HT - 652.767, Jet6PT - 95.861 and sf = 0
  [ WARNING ] Change sf [ 0 ] into -> 1.0
  [ WARNING ] Empty bin when HT - 674.551, Jet6PT - 92.3927 and sf = 0
  [ WARNING ] Change sf [ 0 ] into -> 1.0
  [ WARNING ] Empty bin when HT - 683.184, Jet6PT - 91.5193 and sf = 0
  [ WARNING ] Change sf [ 0 ] into -> 1.0
  [ WARNING ] Empty bin when HT - 668.357, Jet6PT - 96.257 and sf = 0
  [ WARNING ] Change sf [ 0 ] into -> 1.0
  [ WARNING ] Empty bin when HT - 696.627, Jet6PT - 90.7515 and sf = 0
  [ WARNING ] Change sf [ 0 ] into -> 1.0
  [ WARNING ] Empty bin when HT - 670.144, Jet6PT - 99.4577 and sf = 0
  [ WARNING ] Change sf [ 0 ] into -> 1.0
  [ WARNING ] Empty bin when HT - 693.579, Jet6PT - 91.0907 and sf = 0
  [ WARNING ] Change sf [ 0 ] into -> 1.0
  [ WARNING ] Empty bin when HT - 658.694, Jet6PT - 90.125 and sf = 0
  [ WARNING ] Change sf [ 0 ] into -> 1.0
  [ WARNING ] Empty bin when HT - 695.01, Jet6PT - 94.1869 and sf = 0
  [ WARNING ] Change sf [ 0 ] into -> 1.0
  [ WARNING ] Empty bin when HT - 697.062, Jet6PT - 91.6236 and sf = 0
  [ WARNING ] Change sf [ 0 ] into -> 1.0
  [ WARNING ] Empty bin when HT - 653.855, Jet6PT - 90.5271 and sf = 0
  [ WARNING ] Change sf [ 0 ] into -> 1.0
  [ WARNING ] Empty bin when HT - 678.555, Jet6PT - 92.6285 and sf = 0
  [ WARNING ] Change sf [ 0 ] into -> 1.0
  [ WARNING ] Empty bin when HT - 696.79, Jet6PT - 91.5049 and sf = 0
  [ WARNING ] Change sf [ 0 ] into -> 1.0
  [ WARNING ] Empty bin when HT - 696.8, Jet6PT - 93.1447 and sf = 0
  [ WARNING ] Change sf [ 0 ] into -> 1.0
  [ WARNING ] Empty bin when HT - 689.453, Jet6PT - 91.2031 and sf = 0
  [ WARNING ] Change sf [ 0 ] into -> 1.0
  [ WARNING ] Empty bin when HT - 673.315, Jet6PT - 96.0015 and sf = 0
  [ WARNING ] Change sf [ 0 ] into -> 1.0
  [ WARNING ] Empty bin when HT - 665.423, Jet6PT - 96.1076 and sf = 0
  [ WARNING ] Change sf [ 0 ] into -> 1.0
  [ WARNING ] Empty bin when HT - 696.968, Jet6PT - 91.7095 and sf = 0
  [ WARNING ] Change sf [ 0 ] into -> 1.0
  [ WARNING ] Empty bin when HT - 699.489, Jet6PT - 95.0286 and sf = 0
  [ WARNING ] Change sf [ 0 ] into -> 1.0
  [ WARNING ] Empty bin when HT - 680.269, Jet6PT - 91.3359 and sf = 0
  [ WARNING ] Change sf [ 0 ] into -> 1.0
  [ WARNING ] Empty bin when HT - 675.562, Jet6PT - 90.1556 and sf = 0
  [ WARNING ] Change sf [ 0 ] into -> 1.0
  [ WARNING ] Empty bin when HT - 689.03, Jet6PT - 90.3579 and sf = 0
  [ WARNING ] Change sf [ 0 ] into -> 1.0
  [ WARNING ] Empty bin when HT - 677.342, Jet6PT - 90.2075 and sf = 0
  [ WARNING ] Change sf [ 0 ] into -> 1.0
  [ WARNING ] Empty bin when HT - 696.819, Jet6PT - 98.0359 and sf = 0
  [ WARNING ] Change sf [ 0 ] into -> 1.0
  [ WARNING ] Empty bin when HT - 686.82, Jet6PT - 91.6762 and sf = 0
  [ WARNING ] Change sf [ 0 ] into -> 1.0
  [ WARNING ] Empty bin when HT - 665.414, Jet6PT - 95.0075 and sf = 0
  [ WARNING ] Change sf [ 0 ] into -> 1.0
  [ WARNING ] Empty bin when HT - 678.176, Jet6PT - 91.2295 and sf = 0
  [ WARNING ] Change sf [ 0 ] into -> 1.0
  [ WARNING ] Empty bin when HT - 674.837, Jet6PT - 99.8036 and sf = 0
  [ WARNING ] Change sf [ 0 ] into -> 1.0
  [ WARNING ] Empty bin when HT - 672.855, Jet6PT - 91.4153 and sf = 0
  [ WARNING ] Change sf [ 0 ] into -> 1.0
  [ WARNING ] Empty bin when HT - 688.45, Jet6PT - 90.9129 and sf = 0
  [ WARNING ] Change sf [ 0 ] into -> 1.0
  [ WARNING ] Empty bin when HT - 670.524, Jet6PT - 96.0565 and sf = 0
  [ WARNING ] Change sf [ 0 ] into -> 1.0
  [ WARNING ] Empty bin when HT - 691.82, Jet6PT - 92.9568 and sf = 0
  [ WARNING ] Change sf [ 0 ] into -> 1.0
  [ WARNING ] Empty bin when HT - 675.885, Jet6PT - 92.1121 and sf = 0
  [ WARNING ] Change sf [ 0 ] into -> 1.0
  [ WARNING ] Empty bin when HT - 692.902, Jet6PT - 90.6393 and sf = 0
  [ WARNING ] Change sf [ 0 ] into -> 1.0
  [ WARNING ] Empty bin when HT - 699.417, Jet6PT - 90.8696 and sf = 0
  [ WARNING ] Change sf [ 0 ] into -> 1.0
  [ WARNING ] Empty bin when HT - 668.422, Jet6PT - 90.3678 and sf = 0
  [ WARNING ] Change sf [ 0 ] into -> 1.0
  [ WARNING ] Empty bin when HT - 684.343, Jet6PT - 94.2137 and sf = 0
  [ WARNING ] Change sf [ 0 ] into -> 1.0
  [ WARNING ] Empty bin when HT - 689.407, Jet6PT - 90.6582 and sf = 0
  [ WARNING ] Change sf [ 0 ] into -> 1.0
  [ WARNING ] Empty bin when HT - 696.184, Jet6PT - 94.8212 and sf = 0
  [ WARNING ] Change sf [ 0 ] into -> 1.0
  [ WARNING ] Empty bin when HT - 692.028, Jet6PT - 94.0408 and sf = 0
  [ WARNING ] Change sf [ 0 ] into -> 1.0
  [ WARNING ] Empty bin when HT - 688.783, Jet6PT - 97.9687 and sf = 0
  [ WARNING ] Change sf [ 0 ] into -> 1.0
  [ WARNING ] Empty bin when HT - 628.097, Jet6PT - 90.1217 and sf = 0
  [ WARNING ] Change sf [ 0 ] into -> 1.0
  [ WARNING ] Empty bin when HT - 691.729, Jet6PT - 90.2951 and sf = 0
  [ WARNING ] Change sf [ 0 ] into -> 1.0
  [ WARNING ] Empty bin when HT - 696.732, Jet6PT - 91.8927 and sf = 0
  [ WARNING ] Change sf [ 0 ] into -> 1.0
  [ WARNING ] Empty bin when HT - 670.394, Jet6PT - 92.678 and sf = 0
  [ WARNING ] Change sf [ 0 ] into -> 1.0
  [ WARNING ] Empty bin when HT - 662.228, Jet6PT - 91.1057 and sf = 0
  [ WARNING ] Change sf [ 0 ] into -> 1.0
  [ WARNING ] Empty bin when HT - 654.411, Jet6PT - 90.7915 and sf = 0
  [ WARNING ] Change sf [ 0 ] into -> 1.0
  [ WARNING ] Empty bin when HT - 663.316, Jet6PT - 99.0229 and sf = 0
  [ WARNING ] Change sf [ 0 ] into -> 1.0
  [ WARNING ] Empty bin when HT - 699.825, Jet6PT - 94.6468 and sf = 0
  [ WARNING ] Change sf [ 0 ] into -> 1.0
  [ WARNING ] Empty bin when HT - 694.75, Jet6PT - 96.6415 and sf = 0
  [ WARNING ] Change sf [ 0 ] into -> 1.0
  [ WARNING ] Empty bin when HT - 670.978, Jet6PT - 90.1299 and sf = 0
  [ WARNING ] Change sf [ 0 ] into -> 1.0
  [ WARNING ] Empty bin when HT - 682.201, Jet6PT - 92.3589 and sf = 0
  [ WARNING ] Change sf [ 0 ] into -> 1.0
  [ WARNING ] Empty bin when HT - 631.063, Jet6PT - 90.7439 and sf = 0
  [ WARNING ] Change sf [ 0 ] into -> 1.0
  [ WARNING ] Empty bin when HT - 688.279, Jet6PT - 92.7945 and sf = 0
  [ WARNING ] Change sf [ 0 ] into -> 1.0
  [ WARNING ] Empty bin when HT - 673.601, Jet6PT - 90.3528 and sf = 0
  [ WARNING ] Change sf [ 0 ] into -> 1.0
  [ WARNING ] Empty bin when HT - 692.65, Jet6PT - 91.9546 and sf = 0
  [ WARNING ] Change sf [ 0 ] into -> 1.0
  [ WARNING ] Empty bin when HT - 689.863, Jet6PT - 97.3347 and sf = 0
  [ WARNING ] Change sf [ 0 ] into -> 1.0
  [ WARNING ] Empty bin when HT - 614.438, Jet6PT - 91.8796 and sf = 0
  [ WARNING ] Change sf [ 0 ] into -> 1.0
  [ WARNING ] Empty bin when HT - 659.681, Jet6PT - 93.4888 and sf = 0
  [ WARNING ] Change sf [ 0 ] into -> 1.0
  [ WARNING ] Empty bin when HT - 695.426, Jet6PT - 93.66 and sf = 0
  [ WARNING ] Change sf [ 0 ] into -> 1.0
  [ WARNING ] Empty bin when HT - 698.933, Jet6PT - 95.0625 and sf = 0
  [ WARNING ] Change sf [ 0 ] into -> 1.0
  [ WARNING ] Empty bin when HT - 678.202, Jet6PT - 90.539 and sf = 0
  [ WARNING ] Change sf [ 0 ] into -> 1.0
  [ WARNING ] Empty bin when HT - 691.232, Jet6PT - 90.2713 and sf = 0
  [ WARNING ] Change sf [ 0 ] into -> 1.0
  [ WARNING ] Empty bin when HT - 696.396, Jet6PT - 93.9571 and sf = 0
  [ WARNING ] Change sf [ 0 ] into -> 1.0
  [ WARNING ] Empty bin when HT - 661.547, Jet6PT - 92.8553 and sf = 0
  [ WARNING ] Change sf [ 0 ] into -> 1.0
  [ WARNING ] Empty bin when HT - 680.81, Jet6PT - 94.3382 and sf = 0
  [ WARNING ] Change sf [ 0 ] into -> 1.0
  [ WARNING ] Empty bin when HT - 675.255, Jet6PT - 91.0342 and sf = 0
  [ WARNING ] Change sf [ 0 ] into -> 1.0
  [ WARNING ] Empty bin when HT - 697.638, Jet6PT - 94.2076 and sf = 0
  [ WARNING ] Change sf [ 0 ] into -> 1.0
  [ WARNING ] Empty bin when HT - 680.521, Jet6PT - 90.7428 and sf = 0
  [ WARNING ] Change sf [ 0 ] into -> 1.0
  [ WARNING ] Empty bin when HT - 687.715, Jet6PT - 90.3703 and sf = 0
  [ WARNING ] Change sf [ 0 ] into -> 1.0
  [ WARNING ] Empty bin when HT - 685.306, Jet6PT - 91.4232 and sf = 0
  [ WARNING ] Change sf [ 0 ] into -> 1.0
  [ WARNING ] Empty bin when HT - 665.184, Jet6PT - 92.2247 and sf = 0
  [ WARNING ] Change sf [ 0 ] into -> 1.0
  [ WARNING ] Empty bin when HT - 667.314, Jet6PT - 92.0952 and sf = 0
  [ WARNING ] Change sf [ 0 ] into -> 1.0
  [ WARNING ] Empty bin when HT - 697.072, Jet6PT - 92.9982 and sf = 0
  [ WARNING ] Change sf [ 0 ] into -> 1.0
  [ WARNING ] Empty bin when HT - 670.362, Jet6PT - 90.2581 and sf = 0
  [ WARNING ] Change sf [ 0 ] into -> 1.0
  [ WARNING ] Empty bin when HT - 698.912, Jet6PT - 92.6294 and sf = 0
  [ WARNING ] Change sf [ 0 ] into -> 1.0
  [ WARNING ] Empty bin when HT - 666.118, Jet6PT - 91.4245 and sf = 0
  [ WARNING ] Change sf [ 0 ] into -> 1.0
  [ WARNING ] Empty bin when HT - 681.248, Jet6PT - 91.5187 and sf = 0
  [ WARNING ] Change sf [ 0 ] into -> 1.0
  [ WARNING ] Empty bin when HT - 698.171, Jet6PT - 91.0736 and sf = 0
  [ WARNING ] Change sf [ 0 ] into -> 1.0
  [ WARNING ] Empty bin when HT - 673.818, Jet6PT - 90.7573 and sf = 0
  [ WARNING ] Change sf [ 0 ] into -> 1.0
  [ WARNING ] Empty bin when HT - 683.12, Jet6PT - 91.229 and sf = 0
  [ WARNING ] Change sf [ 0 ] into -> 1.0
  [ WARNING ] Empty bin when HT - 679.091, Jet6PT - 95.3589 and sf = 0
  [ WARNING ] Change sf [ 0 ] into -> 1.0
  [ WARNING ] Empty bin when HT - 694.009, Jet6PT - 90.3974 and sf = 0
  [ WARNING ] Change sf [ 0 ] into -> 1.0
  [ WARNING ] Empty bin when HT - 677.892, Jet6PT - 94.7747 and sf = 0
  [ WARNING ] Change sf [ 0 ] into -> 1.0
  [ WARNING ] Empty bin when HT - 690.505, Jet6PT - 90.386 and sf = 0
  [ WARNING ] Change sf [ 0 ] into -> 1.0
  [ WARNING ] Empty bin when HT - 684.814, Jet6PT - 92.3001 and sf = 0
  [ WARNING ] Change sf [ 0 ] into -> 1.0
  [ WARNING ] Empty bin when HT - 696.878, Jet6PT - 90.4034 and sf = 0
  [ WARNING ] Change sf [ 0 ] into -> 1.0
  [ WARNING ] Empty bin when HT - 694.519, Jet6PT - 91.1746 and sf = 0
  [ WARNING ] Change sf [ 0 ] into -> 1.0
  [ WARNING ] Empty bin when HT - 688.51, Jet6PT - 92.5049 and sf = 0
  [ WARNING ] Change sf [ 0 ] into -> 1.0
  [ WARNING ] Empty bin when HT - 693.546, Jet6PT - 91.8229 and sf = 0
  [ WARNING ] Change sf [ 0 ] into -> 1.0
  [ WARNING ] Empty bin when HT - 695.644, Jet6PT - 97.9382 and sf = 0
  [ WARNING ] Change sf [ 0 ] into -> 1.0
  [ WARNING ] Empty bin when HT - 699.526, Jet6PT - 94.0749 and sf = 0
  [ WARNING ] Change sf [ 0 ] into -> 1.0
  [ WARNING ] Empty bin when HT - 695.297, Jet6PT - 90.415 and sf = 0
  [ WARNING ] Change sf [ 0 ] into -> 1.0
  [ WARNING ] Empty bin when HT - 670.701, Jet6PT - 90.6149 and sf = 0
  [ WARNING ] Change sf [ 0 ] into -> 1.0
  [ WARNING ] Empty bin when HT - 699.027, Jet6PT - 92.2937 and sf = 0
  [ WARNING ] Change sf [ 0 ] into -> 1.0
  [ WARNING ] Empty bin when HT - 699.229, Jet6PT - 93.059 and sf = 0
  [ WARNING ] Change sf [ 0 ] into -> 1.0
  [ WARNING ] Empty bin when HT - 697.797, Jet6PT - 90.4635 and sf = 0
  [ WARNING ] Change sf [ 0 ] into -> 1.0
  [ WARNING ] Empty bin when HT - 699.728, Jet6PT - 91.1085 and sf = 0
  [ WARNING ] Change sf [ 0 ] into -> 1.0
  [ WARNING ] Empty bin when HT - 677.122, Jet6PT - 91.764 and sf = 0
  [ WARNING ] Change sf [ 0 ] into -> 1.0
  [ WARNING ] Empty bin when HT - 664.36, Jet6PT - 92.5184 and sf = 0
  [ WARNING ] Change sf [ 0 ] into -> 1.0
  [ WARNING ] Empty bin when HT - 674.092, Jet6PT - 92.0814 and sf = 0
  [ WARNING ] Change sf [ 0 ] into -> 1.0
  [ WARNING ] Empty bin when HT - 667.005, Jet6PT - 91.0121 and sf = 0
  [ WARNING ] Change sf [ 0 ] into -> 1.0
  [ WARNING ] Empty bin when HT - 657.837, Jet6PT - 93.3811 and sf = 0
  [ WARNING ] Change sf [ 0 ] into -> 1.0
  [ WARNING ] Empty bin when HT - 664.902, Jet6PT - 91.4964 and sf = 0
  [ WARNING ] Change sf [ 0 ] into -> 1.0
  [ WARNING ] Empty bin when HT - 659.575, Jet6PT - 90.7563 and sf = 0
  [ WARNING ] Change sf [ 0 ] into -> 1.0
  [ WARNING ] Empty bin when HT - 678.985, Jet6PT - 91.0988 and sf = 0
  [ WARNING ] Change sf [ 0 ] into -> 1.0
  [ WARNING ] Empty bin when HT - 685.327, Jet6PT - 90.492 and sf = 0
  [ WARNING ] Change sf [ 0 ] into -> 1.0
  [ WARNING ] Empty bin when HT - 694.05, Jet6PT - 90.6863 and sf = 0
  [ WARNING ] Change sf [ 0 ] into -> 1.0
  [ WARNING ] Empty bin when HT - 687.85, Jet6PT - 100.338 and sf = 0
  [ WARNING ] Change sf [ 0 ] into -> 1.0
  [ WARNING ] Empty bin when HT - 675.779, Jet6PT - 92.8485 and sf = 0
  [ WARNING ] Change sf [ 0 ] into -> 1.0
  [ WARNING ] Empty bin when HT - 696.752, Jet6PT - 90.0239 and sf = 0
  [ WARNING ] Change sf [ 0 ] into -> 1.0
  [ WARNING ] Empty bin when HT - 659.922, Jet6PT - 90.6577 and sf = 0
  [ WARNING ] Change sf [ 0 ] into -> 1.0
  [ WARNING ] Empty bin when HT - 628.923, Jet6PT - 91.1442 and sf = 0
  [ WARNING ] Change sf [ 0 ] into -> 1.0
  [ WARNING ] Empty bin when HT - 687.341, Jet6PT - 96.6781 and sf = 0
  [ WARNING ] Change sf [ 0 ] into -> 1.0
  [ WARNING ] Empty bin when HT - 681.737, Jet6PT - 90.4894 and sf = 0
  [ WARNING ] Change sf [ 0 ] into -> 1.0
  [ WARNING ] Empty bin when HT - 647.557, Jet6PT - 90.3879 and sf = 0
  [ WARNING ] Change sf [ 0 ] into -> 1.0
  [ WARNING ] Empty bin when HT - 665.01, Jet6PT - 96.0395 and sf = 0
  [ WARNING ] Change sf [ 0 ] into -> 1.0
  [ WARNING ] Empty bin when HT - 670.529, Jet6PT - 90.2104 and sf = 0
  [ WARNING ] Change sf [ 0 ] into -> 1.0
  [ WARNING ] Empty bin when HT - 664.378, Jet6PT - 91.2268 and sf = 0
  [ WARNING ] Change sf [ 0 ] into -> 1.0
  [ WARNING ] Empty bin when HT - 688.832, Jet6PT - 90.6899 and sf = 0
  [ WARNING ] Change sf [ 0 ] into -> 1.0
  [ WARNING ] Empty bin when HT - 698.184, Jet6PT - 94.4149 and sf = 0
  [ WARNING ] Change sf [ 0 ] into -> 1.0
  [ WARNING ] Empty bin when HT - 675.99, Jet6PT - 90.0804 and sf = 0
  [ WARNING ] Change sf [ 0 ] into -> 1.0
  [ WARNING ] Empty bin when HT - 669.079, Jet6PT - 90.6926 and sf = 0
  [ WARNING ] Change sf [ 0 ] into -> 1.0
  [ WARNING ] Empty bin when HT - 690.41, Jet6PT - 91.7479 and sf = 0
  [ WARNING ] Change sf [ 0 ] into -> 1.0
  [ WARNING ] Empty bin when HT - 693.58, Jet6PT - 90.1589 and sf = 0
  [ WARNING ] Change sf [ 0 ] into -> 1.0
  [ WARNING ] Empty bin when HT - 696.895, Jet6PT - 93.0034 and sf = 0
  [ WARNING ] Change sf [ 0 ] into -> 1.0
  [ WARNING ] Empty bin when HT - 689.919, Jet6PT - 94.361 and sf = 0
  [ WARNING ] Change sf [ 0 ] into -> 1.0
  [ WARNING ] Empty bin when HT - 683.639, Jet6PT - 90.3257 and sf = 0
  [ WARNING ] Change sf [ 0 ] into -> 1.0
  [ WARNING ] Empty bin when HT - 682.037, Jet6PT - 91.5141 and sf = 0
  [ WARNING ] Change sf [ 0 ] into -> 1.0
  [ WARNING ] Empty bin when HT - 689.043, Jet6PT - 93.1347 and sf = 0
  [ WARNING ] Change sf [ 0 ] into -> 1.0
  [ WARNING ] Empty bin when HT - 639.403, Jet6PT - 90.3231 and sf = 0
  [ WARNING ] Change sf [ 0 ] into -> 1.0
  [ WARNING ] Empty bin when HT - 692.717, Jet6PT - 93.3513 and sf = 0
  [ WARNING ] Change sf [ 0 ] into -> 1.0
  [ WARNING ] Empty bin when HT - 677.109, Jet6PT - 95.2118 and sf = 0
  [ WARNING ] Change sf [ 0 ] into -> 1.0
  [ WARNING ] Empty bin when HT - 677.053, Jet6PT - 90.5314 and sf = 0
  [ WARNING ] Change sf [ 0 ] into -> 1.0
  [ WARNING ] Empty bin when HT - 698.665, Jet6PT - 91.0369 and sf = 0
  [ WARNING ] Change sf [ 0 ] into -> 1.0
  [ WARNING ] Empty bin when HT - 699.703, Jet6PT - 98.1154 and sf = 0
  [ WARNING ] Change sf [ 0 ] into -> 1.0
  [ WARNING ] Empty bin when HT - 690.519, Jet6PT - 93.3355 and sf = 0
  [ WARNING ] Change sf [ 0 ] into -> 1.0
  [ WARNING ] Empty bin when HT - 694.096, Jet6PT - 91.1513 and sf = 0
  [ WARNING ] Change sf [ 0 ] into -> 1.0
  [ WARNING ] Empty bin when HT - 698.801, Jet6PT - 93.6858 and sf = 0
  [ WARNING ] Change sf [ 0 ] into -> 1.0
  [ WARNING ] Empty bin when HT - 698.555, Jet6PT - 91.4617 and sf = 0
  [ WARNING ] Change sf [ 0 ] into -> 1.0
  [ WARNING ] Empty bin when HT - 687.191, Jet6PT - 90.3421 and sf = 0
  [ WARNING ] Change sf [ 0 ] into -> 1.0
  [ WARNING ] Empty bin when HT - 671.296, Jet6PT - 90.2359 and sf = 0
  [ WARNING ] Change sf [ 0 ] into -> 1.0
  [ WARNING ] Empty bin when HT - 660.404, Jet6PT - 92.3545 and sf = 0
  [ WARNING ] Change sf [ 0 ] into -> 1.0
  [ WARNING ] Empty bin when HT - 672.21, Jet6PT - 96.7519 and sf = 0
  [ WARNING ] Change sf [ 0 ] into -> 1.0
  [ WARNING ] Empty bin when HT - 680.306, Jet6PT - 90.7335 and sf = 0
  [ WARNING ] Change sf [ 0 ] into -> 1.0
  [ WARNING ] Empty bin when HT - 688.125, Jet6PT - 92.4495 and sf = 0
  [ WARNING ] Change sf [ 0 ] into -> 1.0
  [ WARNING ] Empty bin when HT - 692.452, Jet6PT - 91.7797 and sf = 0
  [ WARNING ] Change sf [ 0 ] into -> 1.0
  [ WARNING ] Empty bin when HT - 691.227, Jet6PT - 90.7305 and sf = 0
  [ WARNING ] Change sf [ 0 ] into -> 1.0
  [ WARNING ] Empty bin when HT - 693.556, Jet6PT - 91.4295 and sf = 0
  [ WARNING ] Change sf [ 0 ] into -> 1.0
  [ WARNING ] Empty bin when HT - 696.661, Jet6PT - 95.5649 and sf = 0
  [ WARNING ] Change sf [ 0 ] into -> 1.0
  [ WARNING ] Empty bin when HT - 699.858, Jet6PT - 90.7213 and sf = 0
  [ WARNING ] Change sf [ 0 ] into -> 1.0
  [ WARNING ] Empty bin when HT - 690.074, Jet6PT - 91.5243 and sf = 0
  [ WARNING ] Change sf [ 0 ] into -> 1.0
  [ WARNING ] Empty bin when HT - 677.541, Jet6PT - 95.6215 and sf = 0
  [ WARNING ] Change sf [ 0 ] into -> 1.0
  [ WARNING ] Empty bin when HT - 696.138, Jet6PT - 92.2791 and sf = 0
  [ WARNING ] Change sf [ 0 ] into -> 1.0
  [ WARNING ] Empty bin when HT - 673.06, Jet6PT - 93.7094 and sf = 0
  [ WARNING ] Change sf [ 0 ] into -> 1.0
  [ WARNING ] Empty bin when HT - 686.45, Jet6PT - 90.4029 and sf = 0
  [ WARNING ] Change sf [ 0 ] into -> 1.0
  [ WARNING ] Empty bin when HT - 687.415, Jet6PT - 96.783 and sf = 0
  [ WARNING ] Change sf [ 0 ] into -> 1.0
  [ WARNING ] Empty bin when HT - 697.07, Jet6PT - 92.5044 and sf = 0
  [ WARNING ] Change sf [ 0 ] into -> 1.0
  [ WARNING ] Empty bin when HT - 688.486, Jet6PT - 93.2378 and sf = 0
  [ WARNING ] Change sf [ 0 ] into -> 1.0
  [ WARNING ] Empty bin when HT - 692.974, Jet6PT - 93.1424 and sf = 0
  [ WARNING ] Change sf [ 0 ] into -> 1.0
  [ WARNING ] Empty bin when HT - 669.087, Jet6PT - 94.8751 and sf = 0
  [ WARNING ] Change sf [ 0 ] into -> 1.0
  [ WARNING ] Empty bin when HT - 680.252, Jet6PT - 94.2106 and sf = 0
  [ WARNING ] Change sf [ 0 ] into -> 1.0
  [ WARNING ] Empty bin when HT - 679.364, Jet6PT - 91.211 and sf = 0
  [ WARNING ] Change sf [ 0 ] into -> 1.0
  [ WARNING ] Empty bin when HT - 697.114, Jet6PT - 90.1149 and sf = 0
  [ WARNING ] Change sf [ 0 ] into -> 1.0
  [ WARNING ] Empty bin when HT - 681.747, Jet6PT - 90.9169 and sf = 0
  [ WARNING ] Change sf [ 0 ] into -> 1.0
  [ WARNING ] Empty bin when HT - 696.02, Jet6PT - 92.0351 and sf = 0
  [ WARNING ] Change sf [ 0 ] into -> 1.0
  [ WARNING ] Empty bin when HT - 699.083, Jet6PT - 98.48 and sf = 0
  [ WARNING ] Change sf [ 0 ] into -> 1.0
  [ WARNING ] Empty bin when HT - 699.596, Jet6PT - 92.7663 and sf = 0
  [ WARNING ] Change sf [ 0 ] into -> 1.0
  [ WARNING ] Empty bin when HT - 696.053, Jet6PT - 91.6985 and sf = 0
  [ WARNING ] Change sf [ 0 ] into -> 1.0
  [ WARNING ] Empty bin when HT - 678.629, Jet6PT - 93.1313 and sf = 0
  [ WARNING ] Change sf [ 0 ] into -> 1.0
  [ WARNING ] Empty bin when HT - 656.041, Jet6PT - 94.0746 and sf = 0
  [ WARNING ] Change sf [ 0 ] into -> 1.0
  [ WARNING ] Empty bin when HT - 695.581, Jet6PT - 92.353 and sf = 0
  [ WARNING ] Change sf [ 0 ] into -> 1.0
  [ WARNING ] Empty bin when HT - 660.71, Jet6PT - 90.1614 and sf = 0
  [ WARNING ] Change sf [ 0 ] into -> 1.0
  [ WARNING ] Empty bin when HT - 685.493, Jet6PT - 92.001 and sf = 0
  [ WARNING ] Change sf [ 0 ] into -> 1.0
  [ WARNING ] Empty bin when HT - 694.623, Jet6PT - 90.2204 and sf = 0
  [ WARNING ] Change sf [ 0 ] into -> 1.0
  [ WARNING ] Empty bin when HT - 689.734, Jet6PT - 90.0075 and sf = 0
  [ WARNING ] Change sf [ 0 ] into -> 1.0
  [ WARNING ] Empty bin when HT - 689.973, Jet6PT - 90.2773 and sf = 0
  [ WARNING ] Change sf [ 0 ] into -> 1.0
  [ WARNING ] Empty bin when HT - 654.37, Jet6PT - 94.6301 and sf = 0
  [ WARNING ] Change sf [ 0 ] into -> 1.0
  [ WARNING ] Empty bin when HT - 676.797, Jet6PT - 91.5515 and sf = 0
  [ WARNING ] Change sf [ 0 ] into -> 1.0
  [ WARNING ] Empty bin when HT - 680.543, Jet6PT - 99.0608 and sf = 0
  [ WARNING ] Change sf [ 0 ] into -> 1.0
  [ WARNING ] Empty bin when HT - 672.769, Jet6PT - 92.6616 and sf = 0
  [ WARNING ] Change sf [ 0 ] into -> 1.0
  [ WARNING ] Empty bin when HT - 692.182, Jet6PT - 90.7623 and sf = 0
  [ WARNING ] Change sf [ 0 ] into -> 1.0
  [ WARNING ] Empty bin when HT - 671.974, Jet6PT - 90.4684 and sf = 0
  [ WARNING ] Change sf [ 0 ] into -> 1.0
  [ WARNING ] Empty bin when HT - 662.175, Jet6PT - 91.2384 and sf = 0
  [ WARNING ] Change sf [ 0 ] into -> 1.0
  [ WARNING ] Empty bin when HT - 692.456, Jet6PT - 93.1534 and sf = 0
  [ WARNING ] Change sf [ 0 ] into -> 1.0
  [ WARNING ] Empty bin when HT - 677.877, Jet6PT - 91.4637 and sf = 0
  [ WARNING ] Change sf [ 0 ] into -> 1.0
  [ WARNING ] Empty bin when HT - 679.535, Jet6PT - 92.404 and sf = 0
  [ WARNING ] Change sf [ 0 ] into -> 1.0
  [ WARNING ] Empty bin when HT - 672.344, Jet6PT - 93.2368 and sf = 0
  [ WARNING ] Change sf [ 0 ] into -> 1.0
  [ WARNING ] Empty bin when HT - 694.28, Jet6PT - 92.2294 and sf = 0
  [ WARNING ] Change sf [ 0 ] into -> 1.0
  [ WARNING ] Empty bin when HT - 695.446, Jet6PT - 93.7195 and sf = 0
  [ WARNING ] Change sf [ 0 ] into -> 1.0
  [ WARNING ] Empty bin when HT - 692.345, Jet6PT - 91.5633 and sf = 0
  [ WARNING ] Change sf [ 0 ] into -> 1.0
  [ WARNING ] Empty bin when HT - 695.129, Jet6PT - 91.6769 and sf = 0
  [ WARNING ] Change sf [ 0 ] into -> 1.0
  [ WARNING ] Empty bin when HT - 682.362, Jet6PT - 92.638 and sf = 0
  [ WARNING ] Change sf [ 0 ] into -> 1.0
  [ WARNING ] Empty bin when HT - 696.092, Jet6PT - 95.7275 and sf = 0
  [ WARNING ] Change sf [ 0 ] into -> 1.0
  [ WARNING ] Empty bin when HT - 692.775, Jet6PT - 93.0974 and sf = 0
  [ WARNING ] Change sf [ 0 ] into -> 1.0
  [ WARNING ] Empty bin when HT - 677.656, Jet6PT - 93.2214 and sf = 0
  [ WARNING ] Change sf [ 0 ] into -> 1.0
  [ WARNING ] Empty bin when HT - 696.872, Jet6PT - 92.0075 and sf = 0
  [ WARNING ] Change sf [ 0 ] into -> 1.0
  [ WARNING ] Empty bin when HT - 692.045, Jet6PT - 90.6367 and sf = 0
  [ WARNING ] Change sf [ 0 ] into -> 1.0
Event loop completed.
Output name --> Validation_tttt.root
