Welcome to the [ bash_profile ]
Agent pid 89276
[main] Current mode --> Step03_Validation
Sample Name: tttW
Current mode type --> Step03_Validation
Data or MC : MC
Weight : 8.45385e-05
  [ WARNING ] Empty bin when HT - 671.049, Jet6PT - 90.6192 and sf = 0
  [ WARNING ] Change sf [ 0 ] into -> 1.0
  [ WARNING ] Empty bin when HT - 691.655, Jet6PT - 94.2977 and sf = 0
  [ WARNING ] Change sf [ 0 ] into -> 1.0
  [ WARNING ] Empty bin when HT - 698.178, Jet6PT - 90.4197 and sf = 0
  [ WARNING ] Change sf [ 0 ] into -> 1.0
  [ WARNING ] Empty bin when HT - 674.876, Jet6PT - 93.5955 and sf = 0
  [ WARNING ] Change sf [ 0 ] into -> 1.0
  [ WARNING ] Empty bin when HT - 695.449, Jet6PT - 90.8418 and sf = 0
  [ WARNING ] Change sf [ 0 ] into -> 1.0
  [ WARNING ] Empty bin when HT - 687.243, Jet6PT - 91.7969 and sf = 0
  [ WARNING ] Change sf [ 0 ] into -> 1.0
  [ WARNING ] Empty bin when HT - 698.365, Jet6PT - 90.5693 and sf = 0
  [ WARNING ] Change sf [ 0 ] into -> 1.0
  [ WARNING ] Empty bin when HT - 687.52, Jet6PT - 96.5793 and sf = 0
  [ WARNING ] Change sf [ 0 ] into -> 1.0
  [ WARNING ] Empty bin when HT - 681.946, Jet6PT - 93.1164 and sf = 0
  [ WARNING ] Change sf [ 0 ] into -> 1.0
  [ WARNING ] Empty bin when HT - 691.835, Jet6PT - 91.3235 and sf = 0
  [ WARNING ] Change sf [ 0 ] into -> 1.0
  [ WARNING ] Empty bin when HT - 681.502, Jet6PT - 94.6276 and sf = 0
  [ WARNING ] Change sf [ 0 ] into -> 1.0
  [ WARNING ] Empty bin when HT - 699.243, Jet6PT - 91.4045 and sf = 0
  [ WARNING ] Change sf [ 0 ] into -> 1.0
  [ WARNING ] Empty bin when HT - 695.648, Jet6PT - 95.0718 and sf = 0
  [ WARNING ] Change sf [ 0 ] into -> 1.0
  [ WARNING ] Empty bin when HT - 692.947, Jet6PT - 94.6922 and sf = 0
  [ WARNING ] Change sf [ 0 ] into -> 1.0
Event loop completed.
Output name --> Validation_tttW.root
