

START---------------
WORKDIR  /pool/condor/dir_1659160
WORKDIR  /afs/cern.ch/user/j/junghyun/ttHH_analysis/CMSSW_14_2_1/src/runii_tthhanalyzerV8
TNM_PATH=/afs/cern.ch/user/j/junghyun/ttHH_analysis/CMSSW_14_2_1/src/runii_tthhanalyzerV8

--------- Check arugments ---------------------------------------

  - [ output file name ] --> root://eosuser.cern.ch//eos/user/j/junghyun/ttHH/Btag_el9/SingleMuon_F/SingleMuon_F_16.root
  - [ runYear ] --> 2017
  - [ isData ] --> Data
  - [ sampleName ] --> SingleMuon_F
  - [ eraName ] --> F

--------- Check arugments ---------------------------------------


eventBuffer - All branches selected
** Warning ** itreestream - branch Events/Electron_genPartFlav not found
** Warning ** itreestream - branch Events/Electron_genPartIdx not found
** Warning ** itreestream - branch Events/FatJet_corr_JEC not found
** Warning ** itreestream - branch Events/FatJet_corr_JER not found
** Warning ** itreestream - branch Events/FatJet_corr_JMR not found
** Warning ** itreestream - branch Events/FatJet_corr_JMS not found
** Warning ** itreestream - branch Events/FatJet_genJetAK8Idx not found
** Warning ** itreestream - branch Events/FatJet_hadronFlavour not found
** Warning ** itreestream - branch Events/FatJet_mass_jerDown not found
** Warning ** itreestream - branch Events/FatJet_mass_jerUp not found
** Warning ** itreestream - branch Events/FatJet_mass_jesTotalDown not found
** Warning ** itreestream - branch Events/FatJet_mass_jesTotalUp not found
** Warning ** itreestream - branch Events/FatJet_mass_jmrDown not found
** Warning ** itreestream - branch Events/FatJet_mass_jmrUp not found
** Warning ** itreestream - branch Events/FatJet_mass_jmsDown not found
** Warning ** itreestream - branch Events/FatJet_mass_jmsUp not found
** Warning ** itreestream - branch Events/FatJet_mass_nom not found
** Warning ** itreestream - branch Events/FatJet_mass_raw not found
** Warning ** itreestream - branch Events/FatJet_msoftdrop_corr_JMR not found
** Warning ** itreestream - branch Events/FatJet_msoftdrop_corr_JMS not found
** Warning ** itreestream - branch Events/FatJet_msoftdrop_corr_PUPPI not found
** Warning ** itreestream - branch Events/FatJet_msoftdrop_jerDown not found
** Warning ** itreestream - branch Events/FatJet_msoftdrop_jerUp not found
** Warning ** itreestream - branch Events/FatJet_msoftdrop_jesTotalDown not found
** Warning ** itreestream - branch Events/FatJet_msoftdrop_jesTotalUp not found
** Warning ** itreestream - branch Events/FatJet_msoftdrop_jmrDown not found
** Warning ** itreestream - branch Events/FatJet_msoftdrop_jmrUp not found
** Warning ** itreestream - branch Events/FatJet_msoftdrop_jmsDown not found
** Warning ** itreestream - branch Events/FatJet_msoftdrop_jmsUp not found
** Warning ** itreestream - branch Events/FatJet_msoftdrop_nom not found
** Warning ** itreestream - branch Events/FatJet_msoftdrop_raw not found
** Warning ** itreestream - branch Events/FatJet_msoftdrop_tau21DDT_jerDown not found
** Warning ** itreestream - branch Events/FatJet_msoftdrop_tau21DDT_jerUp not found
** Warning ** itreestream - branch Events/FatJet_msoftdrop_tau21DDT_jmrDown not found
** Warning ** itreestream - branch Events/FatJet_msoftdrop_tau21DDT_jmrUp not found
** Warning ** itreestream - branch Events/FatJet_msoftdrop_tau21DDT_jmsDown not found
** Warning ** itreestream - branch Events/FatJet_msoftdrop_tau21DDT_jmsUp not found
** Warning ** itreestream - branch Events/FatJet_msoftdrop_tau21DDT_nom not found
** Warning ** itreestream - branch Events/FatJet_nBHadrons not found
** Warning ** itreestream - branch Events/FatJet_nCHadrons not found
** Warning ** itreestream - branch Events/FatJet_pt_jerDown not found
** Warning ** itreestream - branch Events/FatJet_pt_jerUp not found
** Warning ** itreestream - branch Events/FatJet_pt_jesTotalDown not found
** Warning ** itreestream - branch Events/FatJet_pt_jesTotalUp not found
** Warning ** itreestream - branch Events/FatJet_pt_nom not found
** Warning ** itreestream - branch Events/FatJet_pt_raw not found
** Warning ** itreestream - branch Events/GenIsolatedPhoton_eta not found
** Warning ** itreestream - branch Events/GenIsolatedPhoton_mass not found
** Warning ** itreestream - branch Events/GenIsolatedPhoton_phi not found
** Warning ** itreestream - branch Events/GenIsolatedPhoton_pt not found
** Warning ** itreestream - branch Events/GenJetAK8_eta not found
** Warning ** itreestream - branch Events/GenJetAK8_hadronFlavour not found
** Warning ** itreestream - branch Events/GenJetAK8_mass not found
** Warning ** itreestream - branch Events/GenJetAK8_partonFlavour not found
** Warning ** itreestream - branch Events/GenJetAK8_phi not found
** Warning ** itreestream - branch Events/GenJetAK8_pt not found
** Warning ** itreestream - branch Events/GenJet_eta not found
** Warning ** itreestream - branch Events/GenJet_hadronFlavour not found
** Warning ** itreestream - branch Events/GenJet_mass not found
** Warning ** itreestream - branch Events/GenJet_partonFlavour not found
** Warning ** itreestream - branch Events/GenJet_phi not found
** Warning ** itreestream - branch Events/GenJet_pt not found
** Warning ** itreestream - branch Events/GenMET_phi not found
** Warning ** itreestream - branch Events/GenMET_pt not found
** Warning ** itreestream - branch Events/GenPart_eta not found
** Warning ** itreestream - branch Events/GenPart_genPartIdxMother not found
** Warning ** itreestream - branch Events/GenPart_mass not found
** Warning ** itreestream - branch Events/GenPart_pdgId not found
** Warning ** itreestream - branch Events/GenPart_phi not found
** Warning ** itreestream - branch Events/GenPart_pt not found
** Warning ** itreestream - branch Events/GenPart_status not found
** Warning ** itreestream - branch Events/GenPart_statusFlags not found
** Warning ** itreestream - branch Events/GenVtx_t0 not found
** Warning ** itreestream - branch Events/GenVtx_x not found
** Warning ** itreestream - branch Events/GenVtx_y not found
** Warning ** itreestream - branch Events/GenVtx_z not found
** Warning ** itreestream - branch Events/Generator_binvar not found
** Warning ** itreestream - branch Events/Generator_id1 not found
** Warning ** itreestream - branch Events/Generator_id2 not found
** Warning ** itreestream - branch Events/Generator_scalePDF not found
** Warning ** itreestream - branch Events/Generator_weight not found
** Warning ** itreestream - branch Events/Generator_x1 not found
** Warning ** itreestream - branch Events/Generator_x2 not found
** Warning ** itreestream - branch Events/Generator_xpdf1 not found
** Warning ** itreestream - branch Events/Generator_xpdf2 not found
** Warning ** itreestream - branch Events/HLT_AK8PFJet15 not found
** Warning ** itreestream - branch Events/HLT_AK8PFJet25 not found
** Warning ** itreestream - branch Events/HLT_AK8PFJet330_TrimMass30_PFAK8BTagDeepCSV_p1 not found
** Warning ** itreestream - branch Events/HLT_AK8PFJet330_TrimMass30_PFAK8BTagDeepCSV_p17 not found
** Warning ** itreestream - branch Events/HLT_AK8PFJet330_TrimMass30_PFAK8BoostedDoubleB_np2 not found
** Warning ** itreestream - branch Events/HLT_AK8PFJet330_TrimMass30_PFAK8BoostedDoubleB_np4 not found
** Warning ** itreestream - branch Events/HLT_AK8PFJet330_TrimMass30_PFAK8BoostedDoubleB_p02 not found
** Warning ** itreestream - branch Events/HLT_AK8PFJetFwd15 not found
** Warning ** itreestream - branch Events/HLT_AK8PFJetFwd25 not found
** Warning ** itreestream - branch Events/HLT_Ele15_CaloIdL_TrackIdL_IsoVL_PFJet30 not found
** Warning ** itreestream - branch Events/HLT_Ele15_Ele8_CaloIdL_TrackIdL_IsoVL not found
** Warning ** itreestream - branch Events/HLT_Ele15_IsoVVVL_PFHT450_CaloBTagDeepCSV_4p5 not found
** Warning ** itreestream - branch Events/HLT_Ele15_WPLoose_Gsf not found
** Warning ** itreestream - branch Events/HLT_Ele17_WPLoose_Gsf not found
** Warning ** itreestream - branch Events/HLT_Ele24_eta2p1_WPTight_Gsf_LooseChargedIsoPFTauHPS30_eta2p1_CrossL1 not found
** Warning ** itreestream - branch Events/HLT_Ele24_eta2p1_WPTight_Gsf_LooseChargedIsoPFTauHPS30_eta2p1_TightID_CrossL1 not found
** Warning ** itreestream - branch Events/HLT_Ele24_eta2p1_WPTight_Gsf_MediumChargedIsoPFTauHPS30_eta2p1_CrossL1 not found
** Warning ** itreestream - branch Events/HLT_Ele24_eta2p1_WPTight_Gsf_MediumChargedIsoPFTauHPS30_eta2p1_TightID_CrossL1 not found
** Warning ** itreestream - branch Events/HLT_Ele24_eta2p1_WPTight_Gsf_TightChargedIsoPFTauHPS30_eta2p1_CrossL1 not found
** Warning ** itreestream - branch Events/HLT_Ele24_eta2p1_WPTight_Gsf_TightChargedIsoPFTauHPS30_eta2p1_TightID_CrossL1 not found
** Warning ** itreestream - branch Events/HLT_Ele28_WPTight_Gsf not found
** Warning ** itreestream - branch Events/HLT_Ele30_WPTight_Gsf not found
** Warning ** itreestream - branch Events/HLT_HT500_DisplacedDijet40_DisplacedTrack not found
** Warning ** itreestream - branch Events/HLT_IsoMu20_eta2p1_LooseChargedIsoPFTauHPS27_eta2p1_CrossL1 not found
** Warning ** itreestream - branch Events/HLT_IsoMu20_eta2p1_LooseChargedIsoPFTauHPS27_eta2p1_TightID_CrossL1 not found
** Warning ** itreestream - branch Events/HLT_IsoMu20_eta2p1_MediumChargedIsoPFTauHPS27_eta2p1_CrossL1 not found
** Warning ** itreestream - branch Events/HLT_IsoMu20_eta2p1_MediumChargedIsoPFTauHPS27_eta2p1_TightID_CrossL1 not found
** Warning ** itreestream - branch Events/HLT_IsoMu20_eta2p1_TightChargedIsoPFTauHPS27_eta2p1_CrossL1 not found
** Warning ** itreestream - branch Events/HLT_IsoMu20_eta2p1_TightChargedIsoPFTauHPS27_eta2p1_TightID_CrossL1 not found
** Warning ** itreestream - branch Events/HLT_IsoTkMu24 not found
** Warning ** itreestream - branch Events/HLT_IsoMu24_TwoProngs35 not found
** Warning ** itreestream - branch Events/HLT_IsoMu24_eta2p1_MediumChargedIsoPFTauHPS35_Trk1_TightID_eta2p1_Reg_CrossL1 not found
** Warning ** itreestream - branch Events/HLT_IsoMu24_eta2p1_MediumChargedIsoPFTauHPS35_Trk1_eta2p1_Reg_CrossL1 not found
** Warning ** itreestream - branch Events/HLT_IsoMu24_eta2p1_TightChargedIsoPFTauHPS35_Trk1_TightID_eta2p1_Reg_CrossL1 not found
** Warning ** itreestream - branch Events/HLT_IsoMu24_eta2p1_TightChargedIsoPFTauHPS35_Trk1_eta2p1_Reg_CrossL1 not found
** Warning ** itreestream - branch Events/HLT_IsoMu27_LooseChargedIsoPFTauHPS20_Trk1_eta2p1_SingleL1 not found
** Warning ** itreestream - branch Events/HLT_IsoMu27_MET90 not found
** Warning ** itreestream - branch Events/HLT_IsoMu27_MediumChargedIsoPFTauHPS20_Trk1_eta2p1_SingleL1 not found
** Warning ** itreestream - branch Events/HLT_IsoMu27_TightChargedIsoPFTauHPS20_Trk1_eta2p1_SingleL1 not found
** Warning ** itreestream - branch Events/HLT_Mu12 not found
** Warning ** itreestream - branch Events/HLT_Mu12_DoublePFJets100_CaloBTagDeepCSV_p71 not found
** Warning ** itreestream - branch Events/HLT_Mu12_DoublePFJets200_CaloBTagDeepCSV_p71 not found
** Warning ** itreestream - branch Events/HLT_Mu12_DoublePFJets350_CaloBTagDeepCSV_p71 not found
** Warning ** itreestream - branch Events/HLT_Mu12_DoublePFJets40MaxDeta1p6_DoubleCaloBTagDeepCSV_p71 not found
** Warning ** itreestream - branch Events/HLT_Mu12_DoublePFJets40_CaloBTagDeepCSV_p71 not found
** Warning ** itreestream - branch Events/HLT_Mu12_DoublePFJets54MaxDeta1p6_DoubleCaloBTagDeepCSV_p71 not found
** Warning ** itreestream - branch Events/HLT_Mu12_DoublePFJets62MaxDeta1p6_DoubleCaloBTagDeepCSV_p71 not found
** Warning ** itreestream - branch Events/HLT_Mu12_IP6_part0 not found
** Warning ** itreestream - branch Events/HLT_Mu12_IP6_part1 not found
** Warning ** itreestream - branch Events/HLT_Mu12_IP6_part2 not found
** Warning ** itreestream - branch Events/HLT_Mu12_IP6_part3 not found
** Warning ** itreestream - branch Events/HLT_Mu12_IP6_part4 not found
** Warning ** itreestream - branch Events/HLT_Mu15 not found
** Warning ** itreestream - branch Events/HLT_Mu15_IsoVVVL_PFHT450_CaloBTagDeepCSV_4p5 not found
** Warning ** itreestream - branch Events/HLT_Mu17_TrkIsoVVL_TkMu8_TrkIsoVVL not found
** Warning ** itreestream - branch Events/HLT_Mu17_TrkIsoVVL_TkMu8_TrkIsoVVL_DZ not found
** Warning ** itreestream - branch Events/HLT_Mu30_TkMu0_Psi not found
** Warning ** itreestream - branch Events/HLT_Mu30_TkMu0_Upsilon not found
** Warning ** itreestream - branch Events/HLT_Mu38NoFiltersNoVtxDisplaced_Photon38_CaloIdL not found
** Warning ** itreestream - branch Events/HLT_Mu3_L1SingleMu5orSingleMu7 not found
** Warning ** itreestream - branch Events/HLT_Mu3er1p5_PFJet100er2p5_PFMET100_PFMHT100_IDTight not found
** Warning ** itreestream - branch Events/HLT_Mu3er1p5_PFJet100er2p5_PFMET70_PFMHT70_IDTight not found
** Warning ** itreestream - branch Events/HLT_Mu3er1p5_PFJet100er2p5_PFMET80_PFMHT80_IDTight not found
** Warning ** itreestream - branch Events/HLT_Mu3er1p5_PFJet100er2p5_PFMET90_PFMHT90_IDTight not found
** Warning ** itreestream - branch Events/HLT_Mu3er1p5_PFJet100er2p5_PFMETNoMu100_PFMHTNoMu100_IDTight not found
** Warning ** itreestream - branch Events/HLT_Mu3er1p5_PFJet100er2p5_PFMETNoMu70_PFMHTNoMu70_IDTight not found
** Warning ** itreestream - branch Events/HLT_Mu3er1p5_PFJet100er2p5_PFMETNoMu80_PFMHTNoMu80_IDTight not found
** Warning ** itreestream - branch Events/HLT_Mu3er1p5_PFJet100er2p5_PFMETNoMu90_PFMHTNoMu90_IDTight not found
** Warning ** itreestream - branch Events/HLT_Mu43NoFiltersNoVtxDisplaced_Photon43_CaloIdL not found
** Warning ** itreestream - branch Events/HLT_Mu4_TrkIsoVVL_DiPFJet90_40_DEta3p5_MJJ750_HTT300_PFMETNoMu60 not found
** Warning ** itreestream - branch Events/HLT_Mu7_IP4_part0 not found
** Warning ** itreestream - branch Events/HLT_Mu7_IP4_part1 not found
** Warning ** itreestream - branch Events/HLT_Mu7_IP4_part2 not found
** Warning ** itreestream - branch Events/HLT_Mu7_IP4_part3 not found
** Warning ** itreestream - branch Events/HLT_Mu7_IP4_part4 not found
** Warning ** itreestream - branch Events/HLT_Mu8_IP3_part0 not found
** Warning ** itreestream - branch Events/HLT_Mu8_IP3_part1 not found
** Warning ** itreestream - branch Events/HLT_Mu8_IP3_part2 not found
** Warning ** itreestream - branch Events/HLT_Mu8_IP3_part3 not found
** Warning ** itreestream - branch Events/HLT_Mu8_IP3_part4 not found
** Warning ** itreestream - branch Events/HLT_Mu8_IP5_part0 not found
** Warning ** itreestream - branch Events/HLT_Mu8_IP5_part1 not found
** Warning ** itreestream - branch Events/HLT_Mu8_IP5_part2 not found
** Warning ** itreestream - branch Events/HLT_Mu8_IP5_part3 not found
** Warning ** itreestream - branch Events/HLT_Mu8_IP5_part4 not found
** Warning ** itreestream - branch Events/HLT_Mu8_IP6_part0 not found
** Warning ** itreestream - branch Events/HLT_Mu8_IP6_part1 not found
** Warning ** itreestream - branch Events/HLT_Mu8_IP6_part2 not found
** Warning ** itreestream - branch Events/HLT_Mu8_IP6_part3 not found
** Warning ** itreestream - branch Events/HLT_Mu8_IP6_part4 not found
** Warning ** itreestream - branch Events/HLT_Mu8_TrkIsoVVL_Ele23_CaloIdL_TrackIdL_IsoVL_DZ_CaloDiJet30 not found
** Warning ** itreestream - branch Events/HLT_Mu8_TrkIsoVVL_Ele23_CaloIdL_TrackIdL_IsoVL_DZ_CaloDiJet30_CaloBtagDeepCSV_1p5 not found
** Warning ** itreestream - branch Events/HLT_Mu8_TrkIsoVVL_Ele23_CaloIdL_TrackIdL_IsoVL_DZ_PFDiJet30 not found
** Warning ** itreestream - branch Events/HLT_Mu8_TrkIsoVVL_Ele23_CaloIdL_TrackIdL_IsoVL_DZ_PFDiJet30_PFBtagDeepCSV_1p5 not found
** Warning ** itreestream - branch Events/HLT_Mu9_IP4_part0 not found
** Warning ** itreestream - branch Events/HLT_Mu9_IP4_part1 not found
** Warning ** itreestream - branch Events/HLT_Mu9_IP4_part2 not found
** Warning ** itreestream - branch Events/HLT_Mu9_IP4_part3 not found
** Warning ** itreestream - branch Events/HLT_Mu9_IP4_part4 not found
** Warning ** itreestream - branch Events/HLT_Mu9_IP5_part0 not found
** Warning ** itreestream - branch Events/HLT_Mu9_IP5_part1 not found
** Warning ** itreestream - branch Events/HLT_Mu9_IP5_part2 not found
** Warning ** itreestream - branch Events/HLT_Mu9_IP5_part3 not found
** Warning ** itreestream - branch Events/HLT_Mu9_IP5_part4 not found
** Warning ** itreestream - branch Events/HLT_Mu9_IP6_part0 not found
** Warning ** itreestream - branch Events/HLT_Mu9_IP6_part1 not found
** Warning ** itreestream - branch Events/HLT_Mu9_IP6_part2 not found
** Warning ** itreestream - branch Events/HLT_Mu9_IP6_part3 not found
** Warning ** itreestream - branch Events/HLT_Mu9_IP6_part4 not found
** Warning ** itreestream - branch Events/HLT_PFHT330PT30_QuadPFJet_75_60_45_40 not found
** Warning ** itreestream - branch Events/HLT_PFHT330PT30_QuadPFJet_75_60_45_40_TriplePFBTagDeepCSV_4p5 not found
** Warning ** itreestream - branch Events/HLT_HT300PT30_QuadJet_75_60_45_40_TripeCSV_p07 not found
** Warning ** itreestream - branch Events/HLT_PFHT400_SixPFJet32 not found
** Warning ** itreestream - branch Events/HLT_PFHT400_SixPFJet32_DoublePFBTagDeepCSV_2p94 not found
** Warning ** itreestream - branch Events/HLT_PFHT380_SixJet32_DoubleBTagCSV_p075 not found
** Warning ** itreestream - branch Events/HLT_PFHT450_SixPFJet36 not found
** Warning ** itreestream - branch Events/HLT_PFHT450_SixPFJet36_PFBTagDeepCSV_1p59 not found
** Warning ** itreestream - branch Events/HLT_PFHT430_SixJet40_BTagCSV_p080 not found
** Warning ** itreestream - branch Events/HLT_PFJet15 not found
** Warning ** itreestream - branch Events/HLT_PFJet25 not found
** Warning ** itreestream - branch Events/HLT_PFJetFwd15 not found
** Warning ** itreestream - branch Events/HLT_PFJetFwd25 not found
** Warning ** itreestream - branch Events/HLT_PFMET100_PFMHT100_IDTight_CaloBTagDeepCSV_3p1 not found
** Warning ** itreestream - branch Events/HLT_PFMET110_PFMHT110_IDTight_CaloBTagDeepCSV_3p1 not found
** Warning ** itreestream - branch Events/HLT_PFMET120_PFMHT120_IDTight_CaloBTagDeepCSV_3p1 not found
** Warning ** itreestream - branch Events/HLT_PFMET130_PFMHT130_IDTight_CaloBTagDeepCSV_3p1 not found
** Warning ** itreestream - branch Events/HLT_PFMET140_PFMHT140_IDTight_CaloBTagDeepCSV_3p1 not found
** Warning ** itreestream - branch Events/HLT_Photon100EBHE10 not found
** Warning ** itreestream - branch Events/HLT_Photon100EB_TightID_TightIso not found
** Warning ** itreestream - branch Events/HLT_Photon100EEHE10 not found
** Warning ** itreestream - branch Events/HLT_Photon100EE_TightID_TightIso not found
** Warning ** itreestream - branch Events/HLT_Photon110EB_TightID_TightIso not found
** Warning ** itreestream - branch Events/HLT_Photon120EB_TightID_TightIso not found
** Warning ** itreestream - branch Events/HLT_Photon20 not found
** Warning ** itreestream - branch Events/HLT_Photon35_TwoProngs35 not found
** Warning ** itreestream - branch Events/HLT_Photon75_R9Id90_HE10_IsoM_EBOnly_CaloMJJ300_PFJetsMJJ400DEta3 not found
** Warning ** itreestream - branch Events/HLT_Photon75_R9Id90_HE10_IsoM_EBOnly_CaloMJJ400_PFJetsMJJ600DEta3 not found
** Warning ** itreestream - branch Events/HLT_Photon90_CaloIdL_PFHT700 not found
** Warning ** itreestream - branch Events/HLT_SinglePhoton10_Eta3p1ForPPRef not found
** Warning ** itreestream - branch Events/HLT_SinglePhoton20_Eta3p1ForPPRef not found
** Warning ** itreestream - branch Events/HLT_SinglePhoton30_Eta3p1ForPPRef not found
** Warning ** itreestream - branch Events/HLT_TrimuonOpen_5_3p5_2_Upsilon_Muon not found
** Warning ** itreestream - branch Events/HLT_TrkMu16NoFiltersNoVtx not found
** Warning ** itreestream - branch Events/HLT_TrkMu6NoFiltersNoVtx not found
** Warning ** itreestream - branch Events/Jet_corr_JEC not found
** Warning ** itreestream - branch Events/Jet_corr_JER not found
** Warning ** itreestream - branch Events/Jet_genJetIdx not found
** Warning ** itreestream - branch Events/Jet_hadronFlavour not found
** Warning ** itreestream - branch Events/Jet_mass_jerDown not found
** Warning ** itreestream - branch Events/Jet_mass_jerUp not found
** Warning ** itreestream - branch Events/Jet_mass_jesTotalDown not found
** Warning ** itreestream - branch Events/Jet_mass_jesTotalUp not found
** Warning ** itreestream - branch Events/Jet_mass_nom not found
** Warning ** itreestream - branch Events/Jet_mass_raw not found
** Warning ** itreestream - branch Events/Jet_partonFlavour not found
** Warning ** itreestream - branch Events/Jet_pt_jerDown not found
** Warning ** itreestream - branch Events/Jet_pt_jerUp not found
** Warning ** itreestream - branch Events/Jet_pt_jesTotalDown not found
** Warning ** itreestream - branch Events/Jet_pt_jesTotalUp not found
** Warning ** itreestream - branch Events/Jet_pt_nom not found
** Warning ** itreestream - branch Events/Jet_pt_raw not found
** Warning ** itreestream - branch Events/L1simulation_step not found
** Warning ** itreestream - branch Events/LHEPart_eta not found
** Warning ** itreestream - branch Events/LHEPart_incomingpz not found
** Warning ** itreestream - branch Events/LHEPart_mass not found
** Warning ** itreestream - branch Events/LHEPart_pdgId not found
** Warning ** itreestream - branch Events/LHEPart_phi not found
** Warning ** itreestream - branch Events/LHEPart_pt not found
** Warning ** itreestream - branch Events/LHEPart_spin not found
** Warning ** itreestream - branch Events/LHEPart_status not found
** Warning ** itreestream - branch Events/LHEPdfWeight not found
** Warning ** itreestream - branch Events/LHEReweightingWeight not found
** Warning ** itreestream - branch Events/LHEScaleWeight not found
** Warning ** itreestream - branch Events/LHEWeight_originalXWGTUP not found
** Warning ** itreestream - branch Events/LHE_AlphaS not found
** Warning ** itreestream - branch Events/LHE_HT not found
** Warning ** itreestream - branch Events/LHE_HTIncoming not found
** Warning ** itreestream - branch Events/LHE_Nb not found
** Warning ** itreestream - branch Events/LHE_Nc not found
** Warning ** itreestream - branch Events/LHE_Nglu not found
** Warning ** itreestream - branch Events/LHE_Njets not found
** Warning ** itreestream - branch Events/LHE_NpLO not found
** Warning ** itreestream - branch Events/LHE_NpNLO not found
** Warning ** itreestream - branch Events/LHE_Nuds not found
** Warning ** itreestream - branch Events/LHE_Vpt not found
** Warning ** itreestream - branch Events/MET_T1Smear_phi not found
** Warning ** itreestream - branch Events/MET_T1Smear_phi_jerDown not found
** Warning ** itreestream - branch Events/MET_T1Smear_phi_jerUp not found
** Warning ** itreestream - branch Events/MET_T1Smear_phi_jesTotalDown not found
** Warning ** itreestream - branch Events/MET_T1Smear_phi_jesTotalUp not found
** Warning ** itreestream - branch Events/MET_T1Smear_phi_unclustEnDown not found
** Warning ** itreestream - branch Events/MET_T1Smear_phi_unclustEnUp not found
** Warning ** itreestream - branch Events/MET_T1Smear_pt not found
** Warning ** itreestream - branch Events/MET_T1Smear_pt_jerDown not found
** Warning ** itreestream - branch Events/MET_T1Smear_pt_jerUp not found
** Warning ** itreestream - branch Events/MET_T1Smear_pt_jesTotalDown not found
** Warning ** itreestream - branch Events/MET_T1Smear_pt_jesTotalUp not found
** Warning ** itreestream - branch Events/MET_T1Smear_pt_unclustEnDown not found
** Warning ** itreestream - branch Events/MET_T1Smear_pt_unclustEnUp not found
** Warning ** itreestream - branch Events/MET_T1_phi not found
** Warning ** itreestream - branch Events/MET_T1_phi_jerDown not found
** Warning ** itreestream - branch Events/MET_T1_phi_jerUp not found
** Warning ** itreestream - branch Events/MET_T1_phi_jesTotalDown not found
** Warning ** itreestream - branch Events/MET_T1_phi_jesTotalUp not found
** Warning ** itreestream - branch Events/MET_T1_phi_unclustEnDown not found
** Warning ** itreestream - branch Events/MET_T1_phi_unclustEnUp not found
** Warning ** itreestream - branch Events/MET_T1_pt not found
** Warning ** itreestream - branch Events/MET_T1_pt_jerDown not found
** Warning ** itreestream - branch Events/MET_T1_pt_jerUp not found
** Warning ** itreestream - branch Events/MET_T1_pt_jesTotalDown not found
** Warning ** itreestream - branch Events/MET_T1_pt_jesTotalUp not found
** Warning ** itreestream - branch Events/MET_T1_pt_unclustEnDown not found
** Warning ** itreestream - branch Events/MET_T1_pt_unclustEnUp not found
** Warning ** itreestream - branch Events/MET_fiducialGenPhi not found
** Warning ** itreestream - branch Events/MET_fiducialGenPt not found
** Warning ** itreestream - branch Events/Muon_genPartFlav not found
** Warning ** itreestream - branch Events/Muon_genPartIdx not found
** Warning ** itreestream - branch Events/PSWeight not found
** Warning ** itreestream - branch Events/Photon_genPartFlav not found
** Warning ** itreestream - branch Events/Photon_genPartIdx not found
** Warning ** itreestream - branch Events/Pileup_gpudensity not found
** Warning ** itreestream - branch Events/Pileup_nPU not found
** Warning ** itreestream - branch Events/Pileup_nTrueInt not found
** Warning ** itreestream - branch Events/Pileup_pudensity not found
** Warning ** itreestream - branch Events/Pileup_sumEOOT not found
** Warning ** itreestream - branch Events/Pileup_sumLOOT not found
** Warning ** itreestream - branch Events/SubGenJetAK8_eta not found
** Warning ** itreestream - branch Events/SubGenJetAK8_mass not found
** Warning ** itreestream - branch Events/SubGenJetAK8_phi not found
** Warning ** itreestream - branch Events/SubGenJetAK8_pt not found
** Warning ** itreestream - branch Events/SubJet_hadronFlavour not found
** Warning ** itreestream - branch Events/SubJet_nBHadrons not found
** Warning ** itreestream - branch Events/SubJet_nCHadrons not found
** Warning ** itreestream - branch Events/Tau_genPartFlav not found
** Warning ** itreestream - branch Events/Tau_genPartIdx not found
** Warning ** itreestream - branch Events/boostedTau_genPartFlav not found
** Warning ** itreestream - branch Events/boostedTau_genPartIdx not found
** Warning ** itreestream - branch Events/btagWeight_CSVV2 not found
** Warning ** itreestream - branch Events/btagWeight_DeepCSVB not found
** Warning ** itreestream - branch Events/eventWeight not found
** Warning ** itreestream - branch Events/genTtbarId not found
** Warning ** itreestream - branch Events/genWeight not found
** Warning ** itreestream - branch Events/puWeight not found
** Warning ** itreestream - branch Events/puWeightDown not found
** Warning ** itreestream - branch Events/puWeightUp not found
 Output filename: root://eosuser.cern.ch//eos/user/j/junghyun/ttHH/Btag_el9/SingleMuon_F/SingleMuon_F_16.root
[CorrectionsManager] json library path : /cvmfs/cms.cern.ch/rsync/cms-nanoAOD/jsonpog-integration
weight = 1

	[35m[ Warning ]: This analyzer commented out [ "WTF" log ] in the header, Please check if you want!!![0m

	[34m[ Log ]: --------------------------------------------------------------------------[0m
	[34m[ Log ]: Before start, Let's check the analysis information[0m
	[34m[ Log ]: Run Year    ----> [  2017  ][0m
	[34m[ Log ]: Data or MC  ----> [  Data  ][0m
	[34m[ Log ]: Sample Name ----> [  SingleMuon_F  ][0m
	[34m[ Log ]: --------------------------------------------------------------------------[0m

	[36m[ Log ]: Processed events of 2017, Data, SingleMuon_F: 0[0m
	[36m[ Log ]: Processed events of 2017, Data, SingleMuon_F: 10000[0m
	[36m[ Log ]: Processed events of 2017, Data, SingleMuon_F: 20000[0m
	[36m[ Log ]: Processed events of 2017, Data, SingleMuon_F: 30000[0m
	[36m[ Log ]: Processed events of 2017, Data, SingleMuon_F: 40000[0m
	[36m[ Log ]: Processed events of 2017, Data, SingleMuon_F: 50000[0m
	[36m[ Log ]: Processed events of 2017, Data, SingleMuon_F: 60000[0m
	[36m[ Log ]: Processed events of 2017, Data, SingleMuon_F: 70000[0m
	[36m[ Log ]: Processed events of 2017, Data, SingleMuon_F: 80000[0m
	[36m[ Log ]: Processed events of 2017, Data, SingleMuon_F: 90000[0m
	[36m[ Log ]: Processed events of 2017, Data, SingleMuon_F: 100000[0m
	[36m[ Log ]: Processed events of 2017, Data, SingleMuon_F: 110000[0m
	[36m[ Log ]: Processed events of 2017, Data, SingleMuon_F: 120000[0m
	[36m[ Log ]: Processed events of 2017, Data, SingleMuon_F: 130000[0m
	[36m[ Log ]: Processed events of 2017, Data, SingleMuon_F: 140000[0m
	[36m[ Log ]: Processed events of 2017, Data, SingleMuon_F: 150000[0m
	[36m[ Log ]: Processed events of 2017, Data, SingleMuon_F: 160000[0m
	[36m[ Log ]: Processed events of 2017, Data, SingleMuon_F: 170000[0m
	[36m[ Log ]: Processed events of 2017, Data, SingleMuon_F: 180000[0m
	[36m[ Log ]: Processed events of 2017, Data, SingleMuon_F: 190000[0m
	[36m[ Log ]: Processed events of 2017, Data, SingleMuon_F: 200000[0m
	[36m[ Log ]: Processed events of 2017, Data, SingleMuon_F: 210000[0m
	[36m[ Log ]: Processed events of 2017, Data, SingleMuon_F: 220000[0m
	[36m[ Log ]: Processed events of 2017, Data, SingleMuon_F: 230000[0m
	[36m[ Log ]: Processed events of 2017, Data, SingleMuon_F: 240000[0m
	[36m[ Log ]: Processed events of 2017, Data, SingleMuon_F: 250000[0m
	[36m[ Log ]: Processed events of 2017, Data, SingleMuon_F: 260000[0m
	[36m[ Log ]: Processed events of 2017, Data, SingleMuon_F: 270000[0m
	[36m[ Log ]: Processed events of 2017, Data, SingleMuon_F: 280000[0m
	[36m[ Log ]: Processed events of 2017, Data, SingleMuon_F: 290000[0m
	[36m[ Log ]: Processed events of 2017, Data, SingleMuon_F: 300000[0m
	[36m[ Log ]: Processed events of 2017, Data, SingleMuon_F: 310000[0m
	[36m[ Log ]: Processed events of 2017, Data, SingleMuon_F: 320000[0m
	[36m[ Log ]: Processed events of 2017, Data, SingleMuon_F: 330000[0m
	[36m[ Log ]: Processed events of 2017, Data, SingleMuon_F: 340000[0m
	[36m[ Log ]: Processed events of 2017, Data, SingleMuon_F: 350000[0m
	[36m[ Log ]: Processed events of 2017, Data, SingleMuon_F: 360000[0m
	[36m[ Log ]: Processed events of 2017, Data, SingleMuon_F: 370000[0m
	[36m[ Log ]: Processed events of 2017, Data, SingleMuon_F: 380000[0m
	[36m[ Log ]: Processed events of 2017, Data, SingleMuon_F: 390000[0m
	[36m[ Log ]: Processed events of 2017, Data, SingleMuon_F: 400000[0m
	[36m[ Log ]: Processed events of 2017, Data, SingleMuon_F: 410000[0m
	[36m[ Log ]: Processed events of 2017, Data, SingleMuon_F: 420000[0m
	[36m[ Log ]: Processed events of 2017, Data, SingleMuon_F: 430000[0m
	[36m[ Log ]: Processed events of 2017, Data, SingleMuon_F: 440000[0m
	[36m[ Log ]: Processed events of 2017, Data, SingleMuon_F: 450000[0m
	[36m[ Log ]: Processed events of 2017, Data, SingleMuon_F: 460000[0m
	[36m[ Log ]: Processed events of 2017, Data, SingleMuon_F: 470000[0m
	[36m[ Log ]: Processed events of 2017, Data, SingleMuon_F: 480000[0m
	[36m[ Log ]: Processed events of 2017, Data, SingleMuon_F: 490000[0m
	[36m[ Log ]: Processed events of 2017, Data, SingleMuon_F: 500000[0m
	[36m[ Log ]: Processed events of 2017, Data, SingleMuon_F: 510000[0m
	[36m[ Log ]: Processed events of 2017, Data, SingleMuon_F: 520000[0m
	[36m[ Log ]: Processed events of 2017, Data, SingleMuon_F: 530000[0m
	[36m[ Log ]: Processed events of 2017, Data, SingleMuon_F: 540000[0m
	[36m[ Log ]: Processed events of 2017, Data, SingleMuon_F: 550000[0m
	[36m[ Log ]: Processed events of 2017, Data, SingleMuon_F: 560000[0m
	[36m[ Log ]: Processed events of 2017, Data, SingleMuon_F: 570000[0m
	[36m[ Log ]: Processed events of 2017, Data, SingleMuon_F: 580000[0m
	[36m[ Log ]: Processed events of 2017, Data, SingleMuon_F: 590000[0m
	[36m[ Log ]: Processed events of 2017, Data, SingleMuon_F: 600000[0m
	[36m[ Log ]: Processed events of 2017, Data, SingleMuon_F: 610000[0m
	[36m[ Log ]: Processed events of 2017, Data, SingleMuon_F: 620000[0m
	[36m[ Log ]: Processed events of 2017, Data, SingleMuon_F: 630000[0m
	[36m[ Log ]: Processed events of 2017, Data, SingleMuon_F: 640000[0m
	[36m[ Log ]: Processed events of 2017, Data, SingleMuon_F: 650000[0m
	[36m[ Log ]: Processed events of 2017, Data, SingleMuon_F: 660000[0m
	[36m[ Log ]: Processed events of 2017, Data, SingleMuon_F: 670000[0m
	[36m[ Log ]: Processed events of 2017, Data, SingleMuon_F: 680000[0m
	[36m[ Log ]: Processed events of 2017, Data, SingleMuon_F: 690000[0m
	[36m[ Log ]: Processed events of 2017, Data, SingleMuon_F: 700000[0m
	[36m[ Log ]: Processed events of 2017, Data, SingleMuon_F: 710000[0m
	[36m[ Log ]: Processed events of 2017, Data, SingleMuon_F: 720000[0m
	[36m[ Log ]: Processed events of 2017, Data, SingleMuon_F: 730000[0m
	[36m[ Log ]: Processed events of 2017, Data, SingleMuon_F: 740000[0m
	[36m[ Log ]: Processed events of 2017, Data, SingleMuon_F: 750000[0m
	[36m[ Log ]: Processed events of 2017, Data, SingleMuon_F: 760000[0m
	[36m[ Log ]: Processed events of 2017, Data, SingleMuon_F: 770000[0m
	[36m[ Log ]: Processed events of 2017, Data, SingleMuon_F: 780000[0m
	[36m[ Log ]: Processed events of 2017, Data, SingleMuon_F: 790000[0m
	[36m[ Log ]: Processed events of 2017, Data, SingleMuon_F: 800000[0m
	[36m[ Log ]: Processed events of 2017, Data, SingleMuon_F: 810000[0m
	[36m[ Log ]: Processed events of 2017, Data, SingleMuon_F: 820000[0m
	[36m[ Log ]: Processed events of 2017, Data, SingleMuon_F: 830000[0m
	[36m[ Log ]: Processed events of 2017, Data, SingleMuon_F: 840000[0m
	[36m[ Log ]: Processed events of 2017, Data, SingleMuon_F: 850000[0m
	[36m[ Log ]: Processed events of 2017, Data, SingleMuon_F: 860000[0m
	[36m[ Log ]: Processed events of 2017, Data, SingleMuon_F: 870000[0m
	[36m[ Log ]: Processed events of 2017, Data, SingleMuon_F: 880000[0m
	[36m[ Log ]: Processed events of 2017, Data, SingleMuon_F: 890000[0m
	[36m[ Log ]: Processed events of 2017, Data, SingleMuon_F: 900000[0m
	[36m[ Log ]: Processed events of 2017, Data, SingleMuon_F: 910000[0m
	[36m[ Log ]: Processed events of 2017, Data, SingleMuon_F: 920000[0m
	[36m[ Log ]: Processed events of 2017, Data, SingleMuon_F: 930000[0m
	[36m[ Log ]: Processed events of 2017, Data, SingleMuon_F: 940000[0m
	[36m[ Log ]: Processed events of 2017, Data, SingleMuon_F: 950000[0m
	[36m[ Log ]: Processed events of 2017, Data, SingleMuon_F: 960000[0m
	[36m[ Log ]: Processed events of 2017, Data, SingleMuon_F: 970000[0m
	[36m[ Log ]: Processed events of 2017, Data, SingleMuon_F: 980000[0m
	[36m[ Log ]: Processed events of 2017, Data, SingleMuon_F: 990000[0m
	[36m[ Log ]: Processed events of 2017, Data, SingleMuon_F: 1000000[0m
	[36m[ Log ]: Processed events of 2017, Data, SingleMuon_F: 1010000[0m
	[36m[ Log ]: Processed events of 2017, Data, SingleMuon_F: 1020000[0m
	[36m[ Log ]: Processed events of 2017, Data, SingleMuon_F: 1030000[0m
	[36m[ Log ]: Processed events of 2017, Data, SingleMuon_F: 1040000[0m
	[36m[ Log ]: Processed events of 2017, Data, SingleMuon_F: 1050000[0m
	[36m[ Log ]: Processed events of 2017, Data, SingleMuon_F: 1060000[0m
	[36m[ Log ]: Processed events of 2017, Data, SingleMuon_F: 1070000[0m
	[36m[ Log ]: Processed events of 2017, Data, SingleMuon_F: 1080000[0m
	[36m[ Log ]: Processed events of 2017, Data, SingleMuon_F: 1090000[0m
	[36m[ Log ]: Processed events of 2017, Data, SingleMuon_F: 1100000[0m
	[36m[ Log ]: Processed events of 2017, Data, SingleMuon_F: 1110000[0m
	[36m[ Log ]: Processed events of 2017, Data, SingleMuon_F: 1120000[0m
	[36m[ Log ]: Processed events of 2017, Data, SingleMuon_F: 1130000[0m
	[36m[ Log ]: Processed events of 2017, Data, SingleMuon_F: 1140000[0m
	[36m[ Log ]: Processed events of 2017, Data, SingleMuon_F: 1150000[0m
	[36m[ Log ]: Processed events of 2017, Data, SingleMuon_F: 1160000[0m
	[36m[ Log ]: Processed events of 2017, Data, SingleMuon_F: 1170000[0m
	[36m[ Log ]: Processed events of 2017, Data, SingleMuon_F: 1180000[0m
	[36m[ Log ]: Processed events of 2017, Data, SingleMuon_F: 1190000[0m
	[36m[ Log ]: Processed events of 2017, Data, SingleMuon_F: 1200000[0m
	[36m[ Log ]: Processed events of 2017, Data, SingleMuon_F: 1210000[0m
	[36m[ Log ]: Processed events of 2017, Data, SingleMuon_F: 1220000[0m
	[36m[ Log ]: Processed events of 2017, Data, SingleMuon_F: 1230000[0m
	[36m[ Log ]: Processed events of 2017, Data, SingleMuon_F: 1240000[0m
	[36m[ Log ]: Processed events of 2017, Data, SingleMuon_F: 1250000[0m
	[36m[ Log ]: Processed events of 2017, Data, SingleMuon_F: 1260000[0m
	[36m[ Log ]: Processed events of 2017, Data, SingleMuon_F: 1270000[0m
	[36m[ Log ]: Processed events of 2017, Data, SingleMuon_F: 1280000[0m
	[36m[ Log ]: Processed events of 2017, Data, SingleMuon_F: 1290000[0m
	[36m[ Log ]: Processed events of 2017, Data, SingleMuon_F: 1300000[0m
	[36m[ Log ]: Processed events of 2017, Data, SingleMuon_F: 1310000[0m
	[36m[ Log ]: Processed events of 2017, Data, SingleMuon_F: 1320000[0m
	[36m[ Log ]: Processed events of 2017, Data, SingleMuon_F: 1330000[0m
	[36m[ Log ]: Processed events of 2017, Data, SingleMuon_F: 1340000[0m
	[36m[ Log ]: Processed events of 2017, Data, SingleMuon_F: 1350000[0m
	[36m[ Log ]: Processed events of 2017, Data, SingleMuon_F: 1360000[0m
	[36m[ Log ]: Processed events of 2017, Data, SingleMuon_F: 1370000[0m
	[36m[ Log ]: Processed events of 2017, Data, SingleMuon_F: 1380000[0m
	[36m[ Log ]: Processed events of 2017, Data, SingleMuon_F: 1390000[0m
	[36m[ Log ]: Processed events of 2017, Data, SingleMuon_F: 1400000[0m
	[36m[ Log ]: Processed events of 2017, Data, SingleMuon_F: 1410000[0m
	[36m[ Log ]: Processed events of 2017, Data, SingleMuon_F: 1420000[0m
	[36m[ Log ]: Processed events of 2017, Data, SingleMuon_F: 1430000[0m
	[36m[ Log ]: Processed events of 2017, Data, SingleMuon_F: 1440000[0m
	[36m[ Log ]: Processed events of 2017, Data, SingleMuon_F: 1450000[0m
	[36m[ Log ]: Processed events of 2017, Data, SingleMuon_F: 1460000[0m
	[36m[ Log ]: Processed events of 2017, Data, SingleMuon_F: 1470000[0m
	[36m[ Log ]: Processed events of 2017, Data, SingleMuon_F: 1480000[0m
	[36m[ Log ]: Processed events of 2017, Data, SingleMuon_F: 1490000[0m
	[36m[ Log ]: Processed events of 2017, Data, SingleMuon_F: 1500000[0m
	[36m[ Log ]: Processed events of 2017, Data, SingleMuon_F: 1510000[0m
	[36m[ Log ]: Processed events of 2017, Data, SingleMuon_F: 1520000[0m
	[36m[ Log ]: Processed events of 2017, Data, SingleMuon_F: 1530000[0m
	[36m[ Log ]: Processed events of 2017, Data, SingleMuon_F: 1540000[0m
	[36m[ Log ]: Processed events of 2017, Data, SingleMuon_F: 1550000[0m
	[36m[ Log ]: Processed events of 2017, Data, SingleMuon_F: 1560000[0m
	[36m[ Log ]: Processed events of 2017, Data, SingleMuon_F: 1570000[0m
	[36m[ Log ]: Processed events of 2017, Data, SingleMuon_F: 1580000[0m
	[36m[ Log ]: Processed events of 2017, Data, SingleMuon_F: 1590000[0m
	[36m[ Log ]: Processed events of 2017, Data, SingleMuon_F: 1600000[0m
	[36m[ Log ]: Processed events of 2017, Data, SingleMuon_F: 1610000[0m
	[36m[ Log ]: Processed events of 2017, Data, SingleMuon_F: 1620000[0m
	[36m[ Log ]: Processed events of 2017, Data, SingleMuon_F: 1630000[0m
	[36m[ Log ]: Processed events of 2017, Data, SingleMuon_F: 1640000[0m
	[36m[ Log ]: Processed events of 2017, Data, SingleMuon_F: 1650000[0m
	[36m[ Log ]: Processed events of 2017, Data, SingleMuon_F: 1660000[0m
	[36m[ Log ]: Processed events of 2017, Data, SingleMuon_F: 1670000[0m
	[36m[ Log ]: Processed events of 2017, Data, SingleMuon_F: 1680000[0m
	[36m[ Log ]: Processed events of 2017, Data, SingleMuon_F: 1690000[0m
	[36m[ Log ]: Processed events of 2017, Data, SingleMuon_F: 1700000[0m
	[36m[ Log ]: Processed events of 2017, Data, SingleMuon_F: 1710000[0m
	[36m[ Log ]: Processed events of 2017, Data, SingleMuon_F: 1720000[0m
	[36m[ Log ]: Processed events of 2017, Data, SingleMuon_F: 1730000[0m
	[36m[ Log ]: Processed events of 2017, Data, SingleMuon_F: 1740000[0m
	[36m[ Log ]: Processed events of 2017, Data, SingleMuon_F: 1750000[0m
	[36m[ Log ]: Processed events of 2017, Data, SingleMuon_F: 1760000[0m
	[36m[ Log ]: Processed events of 2017, Data, SingleMuon_F: 1770000[0m
	[36m[ Log ]: Processed events of 2017, Data, SingleMuon_F: 1780000[0m
	[36m[ Log ]: Processed events of 2017, Data, SingleMuon_F: 1790000[0m
	[36m[ Log ]: Processed events of 2017, Data, SingleMuon_F: 1800000[0m
	[36m[ Log ]: Processed events of 2017, Data, SingleMuon_F: 1810000[0m
	[36m[ Log ]: Processed events of 2017, Data, SingleMuon_F: 1820000[0m
	[36m[ Log ]: Processed events of 2017, Data, SingleMuon_F: 1830000[0m
	[36m[ Log ]: Processed events of 2017, Data, SingleMuon_F: 1840000[0m
	[36m[ Log ]: Processed events of 2017, Data, SingleMuon_F: 1850000[0m
	[36m[ Log ]: Processed events of 2017, Data, SingleMuon_F: 1860000[0m
	[36m[ Log ]: Processed events of 2017, Data, SingleMuon_F: 1870000[0m
	[36m[ Log ]: Processed events of 2017, Data, SingleMuon_F: 1880000[0m
	[36m[ Log ]: Processed events of 2017, Data, SingleMuon_F: 1890000[0m
	[36m[ Log ]: Processed events of 2017, Data, SingleMuon_F: 1900000[0m
	[36m[ Log ]: Processed events of 2017, Data, SingleMuon_F: 1910000[0m
	[36m[ Log ]: Processed events of 2017, Data, SingleMuon_F: 1920000[0m
	[36m[ Log ]: Processed events of 2017, Data, SingleMuon_F: 1930000[0m
	[36m[ Log ]: Processed events of 2017, Data, SingleMuon_F: 1940000[0m
	[36m[ Log ]: Processed events of 2017, Data, SingleMuon_F: 1950000[0m
	[36m[ Log ]: Processed events of 2017, Data, SingleMuon_F: 1960000[0m
	[36m[ Log ]: Processed events of 2017, Data, SingleMuon_F: 1970000[0m
	[36m[ Log ]: Processed events of 2017, Data, SingleMuon_F: 1980000[0m
	[36m[ Log ]: Processed events of 2017, Data, SingleMuon_F: 1990000[0m
	[36m[ Log ]: Processed events of 2017, Data, SingleMuon_F: 2000000[0m
	[36m[ Log ]: Processed events of 2017, Data, SingleMuon_F: 2010000[0m
	[36m[ Log ]: Processed events of 2017, Data, SingleMuon_F: 2020000[0m
	[36m[ Log ]: Processed events of 2017, Data, SingleMuon_F: 2030000[0m
	[36m[ Log ]: Processed events of 2017, Data, SingleMuon_F: 2040000[0m
	[36m[ Log ]: Processed events of 2017, Data, SingleMuon_F: 2050000[0m
	[36m[ Log ]: Processed events of 2017, Data, SingleMuon_F: 2060000[0m
	[36m[ Log ]: Processed events of 2017, Data, SingleMuon_F: 2070000[0m
	[36m[ Log ]: Processed events of 2017, Data, SingleMuon_F: 2080000[0m
	[36m[ Log ]: Processed events of 2017, Data, SingleMuon_F: 2090000[0m
	[36m[ Log ]: Processed events of 2017, Data, SingleMuon_F: 2100000[0m
	[36m[ Log ]: Processed events of 2017, Data, SingleMuon_F: 2110000[0m
	[36m[ Log ]: Processed events of 2017, Data, SingleMuon_F: 2120000[0m
	[36m[ Log ]: Processed events of 2017, Data, SingleMuon_F: 2130000[0m
	[36m[ Log ]: Processed events of 2017, Data, SingleMuon_F: 2140000[0m
	[36m[ Log ]: Processed events of 2017, Data, SingleMuon_F: 2150000[0m
	[36m[ Log ]: Processed events of 2017, Data, SingleMuon_F: 2160000[0m
	[36m[ Log ]: Processed events of 2017, Data, SingleMuon_F: 2170000[0m
	[36m[ Log ]: Processed events of 2017, Data, SingleMuon_F: 2180000[0m
	[36m[ Log ]: Processed events of 2017, Data, SingleMuon_F: 2190000[0m
	[36m[ Log ]: Processed events of 2017, Data, SingleMuon_F: 2200000[0m
	[36m[ Log ]: Processed events of 2017, Data, SingleMuon_F: 2210000[0m
	[36m[ Log ]: Processed events of 2017, Data, SingleMuon_F: 2220000[0m
	[36m[ Log ]: Processed events of 2017, Data, SingleMuon_F: 2230000[0m
	[36m[ Log ]: Processed events of 2017, Data, SingleMuon_F: 2240000[0m
	[36m[ Log ]: Processed events of 2017, Data, SingleMuon_F: 2250000[0m
	[36m[ Log ]: Processed events of 2017, Data, SingleMuon_F: 2260000[0m
	[36m[ Log ]: Processed events of 2017, Data, SingleMuon_F: 2270000[0m
	[36m[ Log ]: Processed events of 2017, Data, SingleMuon_F: 2280000[0m
	[36m[ Log ]: Processed events of 2017, Data, SingleMuon_F: 2290000[0m
	[36m[ Log ]: Processed events of 2017, Data, SingleMuon_F: 2300000[0m
	[36m[ Log ]: Processed events of 2017, Data, SingleMuon_F: 2310000[0m
	[36m[ Log ]: Processed events of 2017, Data, SingleMuon_F: 2320000[0m
	[36m[ Log ]: Processed events of 2017, Data, SingleMuon_F: 2330000[0m
	[36m[ Log ]: Processed events of 2017, Data, SingleMuon_F: 2340000[0m
	[36m[ Log ]: Processed events of 2017, Data, SingleMuon_F: 2350000[0m
	[36m[ Log ]: Processed events of 2017, Data, SingleMuon_F: 2360000[0m
	[36m[ Log ]: Processed events of 2017, Data, SingleMuon_F: 2370000[0m
	[36m[ Log ]: Processed events of 2017, Data, SingleMuon_F: 2380000[0m
	[36m[ Log ]: Processed events of 2017, Data, SingleMuon_F: 2390000[0m
	[36m[ Log ]: Processed events of 2017, Data, SingleMuon_F: 2400000[0m
	[36m[ Log ]: Processed events of 2017, Data, SingleMuon_F: 2410000[0m
	[36m[ Log ]: Processed events of 2017, Data, SingleMuon_F: 2420000[0m
	[36m[ Log ]: Processed events of 2017, Data, SingleMuon_F: 2430000[0m
	[36m[ Log ]: Processed events of 2017, Data, SingleMuon_F: 2440000[0m
	[36m[ Log ]: Processed events of 2017, Data, SingleMuon_F: 2450000[0m
	[36m[ Log ]: Processed events of 2017, Data, SingleMuon_F: 2460000[0m
	[36m[ Log ]: Processed events of 2017, Data, SingleMuon_F: 2470000[0m
	[36m[ Log ]: Processed events of 2017, Data, SingleMuon_F: 2480000[0m
	[36m[ Log ]: Processed events of 2017, Data, SingleMuon_F: 2490000[0m
	[36m[ Log ]: Processed events of 2017, Data, SingleMuon_F: 2500000[0m
	[36m[ Log ]: Processed events of 2017, Data, SingleMuon_F: 2510000[0m
	[36m[ Log ]: Processed events of 2017, Data, SingleMuon_F: 2520000[0m
	[36m[ Log ]: Processed events of 2017, Data, SingleMuon_F: 2530000[0m
	[36m[ Log ]: Processed events of 2017, Data, SingleMuon_F: 2540000[0m
	[36m[ Log ]: Processed events of 2017, Data, SingleMuon_F: 2550000[0m
	[36m[ Log ]: Processed events of 2017, Data, SingleMuon_F: 2560000[0m
	[36m[ Log ]: Processed events of 2017, Data, SingleMuon_F: 2570000[0m
	[36m[ Log ]: Processed events of 2017, Data, SingleMuon_F: 2580000[0m
	[36m[ Log ]: Processed events of 2017, Data, SingleMuon_F: 2590000[0m
	[36m[ Log ]: Processed events of 2017, Data, SingleMuon_F: 2600000[0m
	[36m[ Log ]: Processed events of 2017, Data, SingleMuon_F: 2610000[0m
	[36m[ Log ]: Processed events of 2017, Data, SingleMuon_F: 2620000[0m
	[36m[ Log ]: Processed events of 2017, Data, SingleMuon_F: 2630000[0m
	[36m[ Log ]: Processed events of 2017, Data, SingleMuon_F: 2640000[0m
	[36m[ Log ]: Processed events of 2017, Data, SingleMuon_F: 2650000[0m
	[36m[ Log ]: Processed events of 2017, Data, SingleMuon_F: 2660000[0m
	[36m[ Log ]: Processed events of 2017, Data, SingleMuon_F: 2670000[0m
	[36m[ Log ]: Processed events of 2017, Data, SingleMuon_F: 2680000[0m
	[36m[ Log ]: Processed events of 2017, Data, SingleMuon_F: 2690000[0m
	[36m[ Log ]: Processed events of 2017, Data, SingleMuon_F: 2700000[0m
	[36m[ Log ]: Processed events of 2017, Data, SingleMuon_F: 2710000[0m
	[36m[ Log ]: Processed events of 2017, Data, SingleMuon_F: 2720000[0m
	[36m[ Log ]: Processed events of 2017, Data, SingleMuon_F: 2730000[0m
	[36m[ Log ]: Processed events of 2017, Data, SingleMuon_F: 2740000[0m
	[36m[ Log ]: Processed events of 2017, Data, SingleMuon_F: 2750000[0m
	[36m[ Log ]: Processed events of 2017, Data, SingleMuon_F: 2760000[0m
	[36m[ Log ]: Processed events of 2017, Data, SingleMuon_F: 2770000[0m
debug : Before [ if( input ) input->close(); ] in close() function in eventBuffer
debug : before [ _statuscode ] and [ close() ] in itreestream::close()
debug : end of itreestream::close()
debug : Before [ if( output ) output->close(); ] in close() function in eventBuffer
debug : End of close() function in eventBuffer
debug : before [ _statuscode ] and [ close() ] in ~itreestream
debug : before [ _statuscode ] and [ close() ] in itreestream::close()
debug : end of ~itreestream
