

START---------------
WORKDIR  /u/user/jhlee/ttHH/CMSSW_14_2_1/src/tempTTHH
WORKDIR  /u/user/jhlee/ttHH/CMSSW_14_2_1/src/tempTTHH
TNM_PATH=/u/user/jhlee/ttHH/CMSSW_14_2_1/src/tempTTHH

--------- Check arugments ---------------------------------------

  - [ output file name ] --> /pnfs/knu.ac.kr/data/cms/store/user/junghyun/ttHH/AnalyzerOutput/ttWZ/ttWZ_1.root
  - [ runYear ] --> 2017
  - [ isData ] --> MC
  - [ sampleName ] --> ttWZ
  - [ eraName ] --> A

--------- Check arugments ---------------------------------------


eventBuffer - All branches selected
 Output filename: /pnfs/knu.ac.kr/data/cms/store/user/junghyun/ttHH/AnalyzerOutput/ttWZ/ttWZ_1.root
[CorrectionsManager] json library path : /cvmfs/cms.cern.ch/rsync/cms-nanoAOD/jsonpog-integration
weight = 0.000290123

	[35m[ Warning ]: This analyzer commented out [ "WTF" log ] in the header, Please check if you want!!![0m

	[34m[ Log ]: --------------------------------------------------------------------------[0m
	[34m[ Log ]: Before start, Let's check the analysis information[0m
	[34m[ Log ]: Run Year    ----> [  2017  ][0m
	[34m[ Log ]: Data or MC  ----> [  MC  ][0m
	[34m[ Log ]: Sample Name ----> [  ttWZ  ][0m
	[34m[ Log ]: --------------------------------------------------------------------------[0m

	[36m[ Log ]: Processed events of 2017, MC, ttWZ: 0[0m
	[36m[ Log ]: Processed events of 2017, MC, ttWZ: 10000[0m
	[36m[ Log ]: Processed events of 2017, MC, ttWZ: 20000[0m
	[36m[ Log ]: Processed events of 2017, MC, ttWZ: 30000[0m
	[36m[ Log ]: Processed events of 2017, MC, ttWZ: 40000[0m
	[36m[ Log ]: Processed events of 2017, MC, ttWZ: 50000[0m
	[36m[ Log ]: Processed events of 2017, MC, ttWZ: 60000[0m
	[36m[ Log ]: Processed events of 2017, MC, ttWZ: 70000[0m
	[36m[ Log ]: Processed events of 2017, MC, ttWZ: 80000[0m
	[36m[ Log ]: Processed events of 2017, MC, ttWZ: 90000[0m
	[36m[ Log ]: Processed events of 2017, MC, ttWZ: 100000[0m
	[36m[ Log ]: Processed events of 2017, MC, ttWZ: 110000[0m
	[36m[ Log ]: Processed events of 2017, MC, ttWZ: 120000[0m
	[36m[ Log ]: Processed events of 2017, MC, ttWZ: 130000[0m
	[36m[ Log ]: Processed events of 2017, MC, ttWZ: 140000[0m
	[36m[ Log ]: Processed events of 2017, MC, ttWZ: 150000[0m
	[36m[ Log ]: Processed events of 2017, MC, ttWZ: 160000[0m
	[36m[ Log ]: Processed events of 2017, MC, ttWZ: 170000[0m
	[36m[ Log ]: Processed events of 2017, MC, ttWZ: 180000[0m
	[36m[ Log ]: Processed events of 2017, MC, ttWZ: 190000[0m
	[36m[ Log ]: Processed events of 2017, MC, ttWZ: 200000[0m
	[36m[ Log ]: Processed events of 2017, MC, ttWZ: 210000[0m
	[36m[ Log ]: Processed events of 2017, MC, ttWZ: 220000[0m
	[36m[ Log ]: Processed events of 2017, MC, ttWZ: 230000[0m
	[36m[ Log ]: Processed events of 2017, MC, ttWZ: 240000[0m
	[36m[ Log ]: Processed events of 2017, MC, ttWZ: 250000[0m
	[36m[ Log ]: Processed events of 2017, MC, ttWZ: 260000[0m
	[36m[ Log ]: Processed events of 2017, MC, ttWZ: 270000[0m
	[36m[ Log ]: Processed events of 2017, MC, ttWZ: 280000[0m
	[36m[ Log ]: Processed events of 2017, MC, ttWZ: 290000[0m
	[36m[ Log ]: Processed events of 2017, MC, ttWZ: 300000[0m
	[36m[ Log ]: Processed events of 2017, MC, ttWZ: 310000[0m
	[36m[ Log ]: Processed events of 2017, MC, ttWZ: 320000[0m
	[36m[ Log ]: Processed events of 2017, MC, ttWZ: 330000[0m
	[36m[ Log ]: Processed events of 2017, MC, ttWZ: 340000[0m
