>>> [main] B-Tag Reweight: QCD_HT200to300

  [BTagSFProcessor] b-tag JSON: /Users/jhlee/correctionLib/corrections/jsonpog-integration/POG/BTV/2017_UL/btagging.json.gz
  [BTagSFProcessor] deepJet_shape inputs (5): systematic flavor abseta pt discriminant 
  [BTagSFProcessor] trigger SF JSON: ../DerivedCorr/TriggerSF/trigger_sf.json.gz
  [BTagSFProcessor] Init complete.


╔══════════════════════════════════════════════════════════════╗
║          B-Tag Reweight Configuration                        ║
╠══════════════════════════════════════════════════════════════╣
║ [Section 1] Path & I/O                                       ║
╟──────────────────────────────────────────────────────────────╢
  Input base dir : /Users/jhlee/ttHH/ntuple/skimmed/gen_tier3/
  Tree path      : Tree/Tree
  Trigger SF JSON: ../DerivedCorr/TriggerSF/trigger_sf.json.gz
╟──────────────────────────────────────────────────────────────╢
║ [Section 1-C] B-Tag Reweight                                 ║
╟──────────────────────────────────────────────────────────────╢
  btagCorrectionName    : deepJet_shape
  btagReweightJSON      : btagNormReweight.json
  btagOutPrefix         : bTagReweight_
  btagMaxNJetsBin       : 25
  btagMaxJetsForPerJet  : 12
  btagSystematics       : 19 variations
  btagJSONPaths         :
    /cvmfs/cms-griddata.cern.ch/cat/metadata/BTV/Run2-2017-UL-NanoAODv9/latest/btagging.json.gz
    /Users/jhlee/correctionLib/corrections/jsonpog-integration/POG/BTV/2017_UL/btagging.json.gz
╟──────────────────────────────────────────────────────────────╢
║ Reweight Axis                                                ║
╟──────────────────────────────────────────────────────────────╢
  useHTForReweight      : TRUE (2D: nJets × HT)
  reweightHT_edges      : [500, 550, 600, 700, 800, 1000, 1100, 1200, 1300, 1400, 1500, 1600, 1700, 1800, 2100, 2500]
  nHTBins               : 15
  totalReweightBins     : 390
╟──────────────────────────────────────────────────────────────╢
║ [Section 2] Analysis Flags                                   ║
╟──────────────────────────────────────────────────────────────╢
  minNJets         : 6
  verbose          : false
  progressInterval : 10000000
╟──────────────────────────────────────────────────────────────╢
║ [Section 3] Histogram Definitions                            ║
╟──────────────────────────────────────────────────────────────╢
  nJets  : 20 bins [5.5, 25.5]
  HT     : 50 bins [0, 2500] GeV
  nbJets : 10 bins [-0.5, 9.5]
  jetPt  : 50 bins [0, 600] GeV
  bTag   : 50 bins [0, 1]
╚══════════════════════════════════════════════════════════════╝

Sample Name: QCD_HT200to300
  Type   : MC
  Weight : 1071.94

>>> Total entries: 314

  Reweight mode  : 2D (nJets × HT)
  Total flat bins: 390
  nHTBins        : 15

╔══════════════════════════════════════════════════════════════╗
║  Pass 1: Computing Normalization Ratios                      ║
╚══════════════════════════════════════════════════════════════╝
    [Pass 1] 0 / 314 (0.0%)

  Normalization ratios (central):
  nJets \ HT  |         [500.0,550.0)         [550.0,600.0)         [600.0,700.0)         [700.0,800.0)         [800.0,1000.0)         [1000.0,1100.0)         [1100.0,1200.0)         [1200.0,1300.0)         [1300.0,1400.0)         [1400.0,1500.0)         [1500.0,1600.0)         [1600.0,1700.0)         [1700.0,1800.0)         [1800.0,2100.0)         [2100.0,2500.0)
  --------------------------------------------------------------------------------------------------------------------------------------------------------------------
      6        |   0.47186   0.59093   0.57987   0.64767   0.81693   0.72401   0.74713   1.00000   1.00000   1.00000   1.00000   1.00000   1.00000   1.00000   1.00000
      7        |   0.75319   0.67326   0.75406   0.80165   0.31097   0.45294   0.70330   0.53747   0.68796   1.00000   1.00000   1.00000   1.00000   1.00000   1.00000
      8        |   0.37883   0.45449   0.41445   0.65441   0.36205   0.53725   0.39406   1.00000   1.00000   0.47478   1.00000   1.00000   1.00000   1.00000   1.00000
      9        |   1.18624   1.00000   0.47341   1.00000   0.32836   1.00000   1.00000   1.00000   1.00000   1.00000   1.00000   1.00000   1.00000   1.00000   1.00000
     10        |   1.00000   0.46841   1.00000   1.00000   1.00000   1.00000   0.47413   1.00000   1.00000   1.00000   1.00000   1.00000   1.00000   1.00000   1.00000

╔══════════════════════════════════════════════════════════════╗
║  Pass 2: Applying B-Tag Reweight & Filling Histograms        ║
╚══════════════════════════════════════════════════════════════╝
    [Pass 2] 0 / 314 (0.0%)

╔══════════════════════════════════════════════════════════════╗
║  B-Tag Reweight Summary                                      ║
╠══════════════════════════════════════════════════════════════╣
  Events processed : 314
  Events passed    : 100
  Σ weight (noSF)      : 73121.1646
  Σ weight (withSF)    : 138480.0285
  Σ weight (reweighted): 73121.1646
  Deviation: 0.0000 %  [OK]
╚══════════════════════════════════════════════════════════════╝

>>> Writing output to: bTagReweight_QCD_HT200to300.root
>>> Done.
