>>> [main] B-Tag Reweight: QCD_HT1500to2000

  [BTagSFProcessor] b-tag JSON: /Users/jhlee/correctionLib/corrections/jsonpog-integration/POG/BTV/2017_UL/btagging.json.gz
  [BTagSFProcessor] deepJet_shape inputs (5): systematic flavor abseta pt discriminant 
  [BTagSFProcessor] trigger SF JSON: ../DerivedCorr/TriggerSF/trigger_sf.json.gz
  [BTagSFProcessor] Init complete.


╔══════════════════════════════════════════════════════════════╗
║          B-Tag Reweight Configuration                        ║
╠══════════════════════════════════════════════════════════════╣
║ [Section 1] Path & I/O                                       ║
╟──────────────────────────────────────────────────────────────╢
  Input base dir : /Users/jhlee/ttHH/ntuple/skimmed/gen_tier3/
  Tree path      : Tree/Tree
  Trigger SF JSON: ../DerivedCorr/TriggerSF/trigger_sf.json.gz
╟──────────────────────────────────────────────────────────────╢
║ [Section 1-C] B-Tag Reweight                                 ║
╟──────────────────────────────────────────────────────────────╢
  btagCorrectionName    : deepJet_shape
  btagReweightJSON      : btagNormReweight.json
  btagOutPrefix         : bTagReweight_
  btagMaxNJetsBin       : 25
  btagMaxJetsForPerJet  : 12
  btagSystematics       : 19 variations
  btagJSONPaths         :
    /cvmfs/cms-griddata.cern.ch/cat/metadata/BTV/Run2-2017-UL-NanoAODv9/latest/btagging.json.gz
    /Users/jhlee/correctionLib/corrections/jsonpog-integration/POG/BTV/2017_UL/btagging.json.gz
╟──────────────────────────────────────────────────────────────╢
║ Reweight Axis                                                ║
╟──────────────────────────────────────────────────────────────╢
  useHTForReweight      : TRUE (2D: nJets × HT)
  reweightHT_edges      : [500, 550, 600, 700, 800, 1000, 1100, 1200, 1300, 1400, 1500, 1600, 1700, 1800, 2100, 2500]
  nHTBins               : 15
  totalReweightBins     : 390
╟──────────────────────────────────────────────────────────────╢
║ [Section 2] Analysis Flags                                   ║
╟──────────────────────────────────────────────────────────────╢
  minNJets         : 6
  verbose          : false
  progressInterval : 10000000
╟──────────────────────────────────────────────────────────────╢
║ [Section 3] Histogram Definitions                            ║
╟──────────────────────────────────────────────────────────────╢
  nJets  : 20 bins [5.5, 25.5]
  HT     : 50 bins [0, 2500] GeV
  nbJets : 10 bins [-0.5, 9.5]
  jetPt  : 50 bins [0, 600] GeV
  bTag   : 50 bins [0, 1]
╚══════════════════════════════════════════════════════════════╝

Sample Name: QCD_HT1500to2000
  Type   : MC
  Weight : 0.365896

>>> Total entries: 1506846

  Reweight mode  : 2D (nJets × HT)
  Total flat bins: 390
  nHTBins        : 15

╔══════════════════════════════════════════════════════════════╗
║  Pass 1: Computing Normalization Ratios                      ║
╚══════════════════════════════════════════════════════════════╝
    [Pass 1] 0 / 1506846 (0.0%)

  Normalization ratios (central):
  nJets \ HT  |         [500.0,550.0)         [550.0,600.0)         [600.0,700.0)         [700.0,800.0)         [800.0,1000.0)         [1000.0,1100.0)         [1100.0,1200.0)         [1200.0,1300.0)         [1300.0,1400.0)         [1400.0,1500.0)         [1500.0,1600.0)         [1600.0,1700.0)         [1700.0,1800.0)         [1800.0,2100.0)         [2100.0,2500.0)
  --------------------------------------------------------------------------------------------------------------------------------------------------------------------
      6        |   1.00000   0.74988   0.35896   0.65207   0.69605   0.75726   0.77666   0.79107   0.78513   0.78031   0.76971   0.75815   0.74714   0.72558   0.69276
      7        |   1.00000   1.00013   0.62381   0.93360   0.70086   0.72248   0.76821   0.76935   0.78110   0.77019   0.76239   0.75290   0.74054   0.72017   0.68801
      8        |   1.00000   1.00000   1.06597   1.00000   0.72488   0.76758   0.78094   0.76323   0.76206   0.76505   0.75372   0.74362   0.73262   0.71483   0.68018
      9        |   1.00000   1.00000   1.00000   0.86701   1.02109   0.70681   0.75694   0.76354   0.75275   0.74982   0.73662   0.73190   0.72513   0.70507   0.67208
     10        |   1.00000   1.00000   1.00000   1.00000   1.00000   1.18842   0.79343   0.79013   0.77180   0.73034   0.73993   0.72594   0.70981   0.69882   0.66167
     11        |   1.00000   1.00000   1.00000   1.00000   1.00000   1.00000   0.97725   0.89111   0.70544   0.67806   0.71450   0.71725   0.68433   0.69513   0.66219
     12        |   1.00000   1.00000   1.00000   1.00000   1.00000   1.00000   1.72846   0.55155   0.84083   0.72770   0.76316   0.68015   0.71046   0.66950   0.65869

╔══════════════════════════════════════════════════════════════╗
║  Pass 2: Applying B-Tag Reweight & Filling Histograms        ║
╚══════════════════════════════════════════════════════════════╝
    [Pass 2] 0 / 1506846 (0.0%)

╔══════════════════════════════════════════════════════════════╗
║  B-Tag Reweight Summary                                      ║
╠══════════════════════════════════════════════════════════════╣
  Events processed : 1506846
  Events passed    : 1506254
  Σ weight (noSF)      : 521568.4220
  Σ weight (withSF)    : 705752.9049
  Σ weight (reweighted): 521568.4220
  Deviation: 0.0000 %  [OK]
╚══════════════════════════════════════════════════════════════╝

>>> Writing output to: bTagReweight_QCD_HT1500to2000.root
>>> Done.
