>>> [main] B-Tag Reweight: QCD_HT700to1000

  [BTagSFProcessor] b-tag JSON: /Users/jhlee/correctionLib/corrections/jsonpog-integration/POG/BTV/2017_UL/btagging.json.gz
  [BTagSFProcessor] deepJet_shape inputs (5): systematic flavor abseta pt discriminant 
  [BTagSFProcessor] trigger SF JSON: ../DerivedCorr/TriggerSF/trigger_sf.json.gz
  [BTagSFProcessor] Init complete.


╔══════════════════════════════════════════════════════════════╗
║          B-Tag Reweight Configuration                        ║
╠══════════════════════════════════════════════════════════════╣
║ [Section 1] Path & I/O                                       ║
╟──────────────────────────────────────────────────────────────╢
  Input base dir : /Users/jhlee/ttHH/ntuple/skimmed/gen_tier3/
  Tree path      : Tree/Tree
  Trigger SF JSON: ../DerivedCorr/TriggerSF/trigger_sf.json.gz
╟──────────────────────────────────────────────────────────────╢
║ [Section 1-C] B-Tag Reweight                                 ║
╟──────────────────────────────────────────────────────────────╢
  btagCorrectionName    : deepJet_shape
  btagReweightJSON      : btagNormReweight.json
  btagOutPrefix         : bTagReweight_
  btagMaxNJetsBin       : 25
  btagMaxJetsForPerJet  : 12
  btagSystematics       : 19 variations
  btagJSONPaths         :
    /cvmfs/cms-griddata.cern.ch/cat/metadata/BTV/Run2-2017-UL-NanoAODv9/latest/btagging.json.gz
    /Users/jhlee/correctionLib/corrections/jsonpog-integration/POG/BTV/2017_UL/btagging.json.gz
╟──────────────────────────────────────────────────────────────╢
║ Reweight Axis                                                ║
╟──────────────────────────────────────────────────────────────╢
  useHTForReweight      : TRUE (2D: nJets × HT)
  reweightHT_edges      : [500, 550, 600, 700, 800, 1000, 1100, 1200, 1300, 1400, 1500, 1600, 1700, 1800, 2100, 2500]
  nHTBins               : 15
  totalReweightBins     : 390
╟──────────────────────────────────────────────────────────────╢
║ [Section 2] Analysis Flags                                   ║
╟──────────────────────────────────────────────────────────────╢
  minNJets         : 6
  verbose          : false
  progressInterval : 10000000
╟──────────────────────────────────────────────────────────────╢
║ [Section 3] Histogram Definitions                            ║
╟──────────────────────────────────────────────────────────────╢
  nJets  : 20 bins [5.5, 25.5]
  HT     : 50 bins [0, 2500] GeV
  nbJets : 10 bins [-0.5, 9.5]
  jetPt  : 50 bins [0, 600] GeV
  bTag   : 50 bins [0, 1]
╚══════════════════════════════════════════════════════════════╝

Sample Name: QCD_HT700to1000
  Type   : MC
  Weight : 5.58692

>>> Total entries: 369032

  Reweight mode  : 2D (nJets × HT)
  Total flat bins: 390
  nHTBins        : 15

╔══════════════════════════════════════════════════════════════╗
║  Pass 1: Computing Normalization Ratios                      ║
║  Process keys: 1 (QCD_HT700to1000)
╚══════════════════════════════════════════════════════════════╝
    [Pass 1] 0 / 369032 (0.0%)

  Normalization ratios (central):
  ── Process: QCD_HT700to1000 ──
  nJets/HT  |       HT0       HT1       HT2       HT3       HT4       HT5       HT6       HT7       HT8       HT9      HT10      HT11      HT12      HT13      HT14
  ----------+------------------------------------------------------------------------------------------------------------------------------------------------------
      8        |   0.81533   0.84300   0.86313   0.86477   0.85400   0.83338   0.83848   0.82953   0.81653   0.82628   0.80093   0.77439   0.63281   0.75609   1.00000
      9        |   0.99007   0.81926   0.83285   0.84784   0.83374   0.82445   0.81766   0.82499   0.79833   0.81922   0.77207   0.69101   0.61315   0.70301   1.15513
     10        |   1.00000   0.90943   0.79038   0.80645   0.81174   0.80812   0.82596   0.80646   0.79799   0.72952   0.80990   0.79508   0.75618   1.00000   1.00000
     11        |   1.00000   1.00000   1.13536   0.74907   0.80157   0.79356   0.78459   0.79594   0.82016   0.82475   0.72974   0.87413   0.70119   0.93166   1.00000
     12        |   1.00000   1.00000   1.00000   1.03257   0.78448   0.75848   0.82398   0.86039   0.75692   0.74147   0.83308   0.71415   1.00000   1.00000   1.00000
     13        |   1.00000   1.00000   1.00000   1.00000   0.75423   0.92815   0.71109   0.96145   0.73221   0.77559   0.49980   1.00000   0.81371   1.00000   1.00000
     14        |   1.00000   1.00000   1.00000   1.00000   1.25424   0.40218   0.91429   0.76888   1.00000   1.00000   1.20138   1.00000   1.00000   1.00000   1.00000
     15        |   1.00000   1.00000   1.00000   1.00000   1.00000   1.00000   1.00000   0.53648   1.00000   1.00000   1.00000   1.00000   1.00000   1.00000   1.00000

╔══════════════════════════════════════════════════════════════╗
║  Pass 2: Applying B-Tag Reweight & Filling Histograms        ║
╚══════════════════════════════════════════════════════════════╝
    [Pass 2] 0 / 369032 (0.0%)

╔══════════════════════════════════════════════════════════════╗
║  B-Tag Reweight Summary                                      ║
╠══════════════════════════════════════════════════════════════╣
  Events processed : 369032
  Events passed    : 154580
  Σ weight (noSF)      : 642068.7665
  Σ weight (withSF)    : 765036.0525
  Σ weight (reweighted): 642068.7665
  Deviation: 0.0000 %  [OK]
╚══════════════════════════════════════════════════════════════╝

>>> Writing output to: bTagReweight_QCD_HT700to1000.root
>>> Done.
