>>> [main] B-Tag Reweight: QCD_HT500to700

  [BTagSFProcessor] b-tag JSON: /Users/jhlee/correctionLib/corrections/jsonpog-integration/POG/BTV/2017_UL/btagging.json.gz
  [BTagSFProcessor] deepJet_shape inputs (5): systematic flavor abseta pt discriminant 
  [BTagSFProcessor] trigger SF JSON: TriggerSF/trigger_sf.json.gz
  [BTagSFProcessor] Init complete.


╔══════════════════════════════════════════════════════════════╗
║          B-Tag Reweight Configuration                        ║
╠══════════════════════════════════════════════════════════════╣
║ [Section 1] Path & I/O                                       ║
╟──────────────────────────────────────────────────────────────╢
  Input base dir : /Users/jhlee/ttHH/ntuple/skimmed/gen_tier3/
  Tree path      : Tree/Tree
  Trigger SF JSON: TriggerSF/trigger_sf.json.gz
╟──────────────────────────────────────────────────────────────╢
║ [Section 1-C] B-Tag Reweight                                 ║
╟──────────────────────────────────────────────────────────────╢
  btagCorrectionName    : deepJet_shape
  btagReweightJSON      : btagNormReweight.json
  btagOutPrefix         : bTagReweight_
  btagMaxNJetsBin       : 25
  btagMaxJetsForPerJet  : 12
  btagSystematics       : 19 variations
  btagJSONPaths         :
    /cvmfs/cms-griddata.cern.ch/cat/metadata/BTV/Run2-2017-UL-NanoAODv9/latest/btagging.json.gz
    /Users/jhlee/correctionLib/corrections/jsonpog-integration/POG/BTV/2017_UL/btagging.json.gz
╟──────────────────────────────────────────────────────────────╢
║ Reweight Axis                                                ║
╟──────────────────────────────────────────────────────────────╢
  useHTForReweight      : TRUE (2D: nJets × HT)
  reweightHT_edges      : [500, 550, 600, 700, 800, 1000, 1100, 1200, 1300, 1400, 1500, 1600, 1700, 1800, 2100, 2500]
  nHTBins               : 15
  totalReweightBins     : 390
╟──────────────────────────────────────────────────────────────╢
║ [Section 2] Analysis Flags                                   ║
╟──────────────────────────────────────────────────────────────╢
  minNJets         : 6
  verbose          : false
  progressInterval : 10000000
╟──────────────────────────────────────────────────────────────╢
║ [Section 3] Histogram Definitions                            ║
╟──────────────────────────────────────────────────────────────╢
  nJets  : 20 bins [5.5, 25.5]
  HT     : 50 bins [0, 2500] GeV
  nbJets : 10 bins [-0.5, 9.5]
  jetPt  : 50 bins [0, 600] GeV
  bTag   : 50 bins [0, 1]
╚══════════════════════════════════════════════════════════════╝

Sample Name: QCD_HT500to700
  Type   : MC
  Weight : 20.7758

>>> Total entries: 1117749

  Reweight mode  : 2D (nJets × HT)
  Total flat bins: 390
  nHTBins        : 15

╔══════════════════════════════════════════════════════════════╗
║  Pass 1: Accumulating per-process (Σω_noSF, Σω_withSF)       ║
║  Process groups for this sample: tt+LF
╚══════════════════════════════════════════════════════════════╝
    [Pass 1] 0 / 1117749 (0.0%)

  Per-process accumulators (central):
  ── tt+LF ──
  bin  | sumNoSF        | sumWithSF      | local r (preview)
  -----+----------------+----------------+---------
    90 |    200136.1196 |    218038.9879 | 0.917891
    91 |    306899.0523 |    334290.1761 | 0.918062
    92 |    604782.0710 |    661831.0812 | 0.913801
    93 |    275803.0914 |    303304.7014 | 0.909327
    94 |     69990.3656 |     78163.5820 | 0.895434
    95 |      1827.7905 |      2129.4247 | 0.858349
    96 |       462.6034 |       631.2913 | 0.732789
    97 |       135.7239 |       203.2093 | 0.667902
    98 |        20.7555 |        19.0244 | 1.090989
    99 |        19.5689 |        19.0717 | 1.026069
   100 |        16.3377 |        47.4105 | 0.344601
   105 |     88759.0458 |     99702.6566 | 0.890238
   106 |    179150.7695 |    200424.2833 | 0.893858
   107 |    472887.7060 |    529283.4452 | 0.893449
   108 |    299474.3032 |    336438.7297 | 0.890130
   109 |    110071.0813 |    125267.5886 | 0.878688
   110 |      4017.7840 |      4736.2446 | 0.848306
   111 |      1028.5361 |      1254.5697 | 0.819832
   112 |       108.6761 |       155.0724 | 0.700809
   114 |        56.2272 |        79.7003 | 0.705483
   120 |     14868.9802 |     17482.6936 | 0.850497
   121 |     44159.1973 |     50739.4453 | 0.870313
   122 |    161994.7285 |    185115.6235 | 0.875100
   123 |    143339.5987 |    164796.1326 | 0.869800
   124 |     75684.8869 |     88427.7823 | 0.855895
   125 |      4045.5229 |      5019.8834 | 0.805900
   126 |      1139.7817 |      1428.3887 | 0.797949
   127 |       240.7492 |       371.1818 | 0.648602
   128 |        48.1754 |        53.5297 | 0.899977
   130 |        17.4515 |        43.2339 | 0.403653
   131 |        20.9383 |        44.4102 | 0.471476
   135 |      1241.7300 |      1450.3425 | 0.856163
   136 |      5661.3908 |      6659.1646 | 0.850165
   137 |     32158.4934 |     37518.6329 | 0.857134
   138 |     41675.0235 |     49923.2842 | 0.834781
   139 |     34025.2669 |     39607.7818 | 0.859055
   140 |      2548.6379 |      3231.5039 | 0.788685
   141 |       526.6823 |       841.3804 | 0.625974
   142 |       244.5756 |       402.4015 | 0.607790
   150 |       111.7140 |       119.6348 | 0.933792
   151 |       479.9822 |       607.1702 | 0.790523
   152 |      4240.2611 |      5209.7261 | 0.813912
   153 |      8247.3316 |      9901.2105 | 0.832962
   154 |      8753.8463 |     10661.4384 | 0.821076
   155 |      1232.7409 |      1569.7527 | 0.785309
   156 |       338.3042 |       459.6827 | 0.735952
   157 |       159.6979 |       273.1314 | 0.584692
   158 |        16.6269 |        47.4170 | 0.350653
   166 |         9.8398 |        17.8764 | 0.550432
   167 |       277.3480 |       405.2085 | 0.684457
   168 |      1216.8670 |      1587.7342 | 0.766417
   169 |      2136.8366 |      2806.3296 | 0.761435
   170 |       415.3816 |       568.4266 | 0.730757
   171 |       134.8247 |       172.7228 | 0.780584
   172 |        30.8045 |        34.5426 | 0.891784
   173 |        38.1613 |        29.6873 | 1.285441
   182 |        31.5440 |        69.6442 | 0.452930
   183 |        72.7533 |       144.3732 | 0.503926
   184 |       466.2223 |       575.2777 | 0.810430
   185 |       153.7186 |       240.5600 | 0.639003
   186 |        58.5717 |        90.1327 | 0.649838
   187 |        18.9349 |        11.4572 | 1.652658
   199 |        21.8881 |        51.7109 | 0.423279
   200 |        33.8364 |        73.5978 | 0.459748
   202 |        16.6938 |        25.6015 | 0.652065
   231 |        19.0920 |        35.8489 | 0.532568

╔══════════════════════════════════════════════════════════════╗
║  Pass 2: Filling validation histograms (3-tier)              ║
╚══════════════════════════════════════════════════════════════╝
    [Pass 2] 0 / 1117749 (0.0%)

╔══════════════════════════════════════════════════════════════╗
║  B-Tag Reweight Summary                                      ║
╠══════════════════════════════════════════════════════════════╣
  Events processed : 1117749
  Events passed    : 239151
  Σ weight (noSF)      : 3208023.2434
  Σ weight (withSF)    : 3584966.9435
  Σ weight (reweighted): 3208023.2434
  Deviation (in-sample): 0.0000 %  [OK]
  Note: this is a sample-local closure preview. The true
  per-group closure is verified after group-sum in makeReweightJSON
  and JSON-based application downstream.
╚══════════════════════════════════════════════════════════════╝

>>> Writing output to: bTagReweight_QCD_HT500to700.root
>>> Done.
