>>> [main] B-Tag Reweight: ttHtobb

  [BTagSFProcessor] b-tag JSON: /Users/jhlee/correctionLib/corrections/jsonpog-integration/POG/BTV/2017_UL/btagging.json.gz
  [BTagSFProcessor] deepJet_shape inputs (5): systematic flavor abseta pt discriminant 
  [BTagSFProcessor] trigger SF JSON: ../DerivedCorr/TriggerSF/trigger_sf.json.gz
  [BTagSFProcessor] Init complete.


╔══════════════════════════════════════════════════════════════╗
║          B-Tag Reweight Configuration                        ║
╠══════════════════════════════════════════════════════════════╣
║ [Section 1] Path & I/O                                       ║
╟──────────────────────────────────────────────────────────────╢
  Input base dir : /Users/jhlee/ttHH/ntuple/skimmed/gen_tier3/
  Tree path      : Tree/Tree
  Trigger SF JSON: ../DerivedCorr/TriggerSF/trigger_sf.json.gz
╟──────────────────────────────────────────────────────────────╢
║ [Section 1-C] B-Tag Reweight                                 ║
╟──────────────────────────────────────────────────────────────╢
  btagCorrectionName    : deepJet_shape
  btagReweightJSON      : btagNormReweight.json
  btagOutPrefix         : bTagReweight_
  btagMaxNJetsBin       : 25
  btagMaxJetsForPerJet  : 12
  btagSystematics       : 19 variations
  btagJSONPaths         :
    /cvmfs/cms-griddata.cern.ch/cat/metadata/BTV/Run2-2017-UL-NanoAODv9/latest/btagging.json.gz
    /Users/jhlee/correctionLib/corrections/jsonpog-integration/POG/BTV/2017_UL/btagging.json.gz
╟──────────────────────────────────────────────────────────────╢
║ Reweight Axis                                                ║
╟──────────────────────────────────────────────────────────────╢
  useHTForReweight      : TRUE (2D: nJets × HT)
  reweightHT_edges      : [500, 550, 600, 700, 800, 1000, 1100, 1200, 1300, 1400, 1500, 1600, 1700, 1800, 2100, 2500]
  nHTBins               : 15
  totalReweightBins     : 390
╟──────────────────────────────────────────────────────────────╢
║ [Section 2] Analysis Flags                                   ║
╟──────────────────────────────────────────────────────────────╢
  minNJets         : 6
  verbose          : false
  progressInterval : 10000000
╟──────────────────────────────────────────────────────────────╢
║ [Section 3] Histogram Definitions                            ║
╟──────────────────────────────────────────────────────────────╢
  nJets  : 20 bins [5.5, 25.5]
  HT     : 50 bins [0, 2500] GeV
  nbJets : 10 bins [-0.5, 9.5]
  jetPt  : 50 bins [0, 600] GeV
  bTag   : 50 bins [0, 1]
╚══════════════════════════════════════════════════════════════╝

Sample Name: ttHtobb
  Type   : MC
  Weight : 0.0031253

>>> Total entries: 944484

  Reweight mode  : 2D (nJets × HT)
  Total flat bins: 390
  nHTBins        : 15

╔══════════════════════════════════════════════════════════════╗
║  Pass 1: Computing Normalization Ratios                      ║
║  Process keys: 1 (ttHtobb)
╚══════════════════════════════════════════════════════════════╝
    [Pass 1] 0 / 944484 (0.0%)

  Normalization ratios (central):
  ── Process: ttHtobb ──
  nJets/HT  |       HT0       HT1       HT2       HT3       HT4       HT5       HT6       HT7       HT8       HT9      HT10      HT11      HT12      HT13      HT14
  ----------+------------------------------------------------------------------------------------------------------------------------------------------------------
      8        |   0.97408   0.96554   0.95715   0.94836   0.93671   0.90316   0.89125   0.87628   0.86151   0.85305   0.82834   0.83983   0.80510   0.78795   0.76092
      9        |   0.96521   0.95960   0.94085   0.93058   0.92380   0.89386   0.87840   0.86065   0.85205   0.83985   0.83617   0.81420   0.80014   0.78789   0.73871
     10        |   0.94284   0.94585   0.92339   0.91660   0.91332   0.87982   0.86681   0.85251   0.83564   0.83183   0.82418   0.80702   0.79697   0.76361   0.71840
     11        |   1.06046   0.96220   0.90055   0.90030   0.90379   0.85677   0.85164   0.83963   0.81007   0.81520   0.81940   0.80724   0.80432   0.75782   0.72530
     12        |   1.01422   0.89700   0.90186   0.89899   0.86151   0.85874   0.85285   0.81383   0.83543   0.78025   0.78647   0.78867   0.73380   0.73829   0.70068
     13        |   1.00000   1.00000   0.87155   0.88240   0.81805   0.86648   0.80320   0.76808   0.78651   0.72504   0.76984   0.77088   0.77391   0.68569   0.72789
     14        |   1.00000   1.00000   0.39390   0.68414   0.77560   0.90914   0.73956   0.74504   0.68056   0.76750   0.82896   0.81905   0.72732   0.74326   0.73303
     15        |   1.00000   1.00000   1.00000   1.00000   0.98715   0.75027   0.85343   0.89689   0.76081   0.66254   0.91161   0.81926   0.92596   0.86275   0.68850

╔══════════════════════════════════════════════════════════════╗
║  Pass 2: Applying B-Tag Reweight & Filling Histograms        ║
╚══════════════════════════════════════════════════════════════╝
    [Pass 2] 0 / 944484 (0.0%)

╔══════════════════════════════════════════════════════════════╗
║  B-Tag Reweight Summary                                      ║
╠══════════════════════════════════════════════════════════════╣
  Events processed : 944484
  Events passed    : 905030
  Σ weight (noSF)      : 1210.0311
  Σ weight (withSF)    : 1319.4268
  Σ weight (reweighted): 1210.0311
  Deviation: 0.0000 %  [OK]
╚══════════════════════════════════════════════════════════════╝

>>> Writing output to: bTagReweight_ttHtobb.root
>>> Done.
