>>> [main] B-Tag Reweight: TTTo2L2Nu

  [BTagSFProcessor] b-tag JSON: /Users/jhlee/correctionLib/corrections/jsonpog-integration/POG/BTV/2017_UL/btagging.json.gz
  [BTagSFProcessor] deepJet_shape inputs (5): systematic flavor abseta pt discriminant 
  [BTagSFProcessor] trigger SF JSON: ../DerivedCorr/TriggerSF/trigger_sf.json.gz
  [BTagSFProcessor] Init complete.


╔══════════════════════════════════════════════════════════════╗
║          B-Tag Reweight Configuration                        ║
╠══════════════════════════════════════════════════════════════╣
║ [Section 1] Path & I/O                                       ║
╟──────────────────────────────────────────────────────────────╢
  Input base dir : /Users/jhlee/ttHH/ntuple/skimmed/gen_tier3/
  Tree path      : Tree/Tree
  Trigger SF JSON: ../DerivedCorr/TriggerSF/trigger_sf.json.gz
╟──────────────────────────────────────────────────────────────╢
║ [Section 1-C] B-Tag Reweight                                 ║
╟──────────────────────────────────────────────────────────────╢
  btagCorrectionName    : deepJet_shape
  btagReweightJSON      : btagNormReweight.json
  btagOutPrefix         : bTagReweight_
  btagMaxNJetsBin       : 25
  btagMaxJetsForPerJet  : 12
  btagSystematics       : 19 variations
  btagJSONPaths         :
    /cvmfs/cms-griddata.cern.ch/cat/metadata/BTV/Run2-2017-UL-NanoAODv9/latest/btagging.json.gz
    /Users/jhlee/correctionLib/corrections/jsonpog-integration/POG/BTV/2017_UL/btagging.json.gz
╟──────────────────────────────────────────────────────────────╢
║ Reweight Axis                                                ║
╟──────────────────────────────────────────────────────────────╢
  useHTForReweight      : TRUE (2D: nJets × HT)
  reweightHT_edges      : [500, 550, 600, 700, 800, 1000, 1100, 1200, 1300, 1400, 1500, 1600, 1700, 1800, 2100, 2500]
  nHTBins               : 15
  totalReweightBins     : 390
╟──────────────────────────────────────────────────────────────╢
║ [Section 2] Analysis Flags                                   ║
╟──────────────────────────────────────────────────────────────╢
  minNJets         : 6
  verbose          : false
  progressInterval : 10000000
╟──────────────────────────────────────────────────────────────╢
║ [Section 3] Histogram Definitions                            ║
╟──────────────────────────────────────────────────────────────╢
  nJets  : 20 bins [5.5, 25.5]
  HT     : 50 bins [0, 2500] GeV
  nbJets : 10 bins [-0.5, 9.5]
  jetPt  : 50 bins [0, 600] GeV
  bTag   : 50 bins [0, 1]
╚══════════════════════════════════════════════════════════════╝

Sample Name: TTTo2L2Nu
  Type   : MC
  Weight : 0.000476156

>>> Total entries: 138573

  Reweight mode  : 2D (nJets × HT)
  Total flat bins: 390
  nHTBins        : 15

╔══════════════════════════════════════════════════════════════╗
║  Pass 1: Computing Normalization Ratios                      ║
║  Process keys: 3 (TTTo2L2Nu_LF, TTTo2L2Nu_cc, TTTo2L2Nu_B)
╚══════════════════════════════════════════════════════════════╝
    [Pass 1] 0 / 138573 (0.0%)

  Normalization ratios (central):
  ── Process: TTTo2L2Nu_LF ──
  nJets/HT  |       HT0       HT1       HT2       HT3       HT4       HT5       HT6       HT7       HT8       HT9      HT10      HT11      HT12      HT13      HT14
  ----------+------------------------------------------------------------------------------------------------------------------------------------------------------
      8        |   0.80301   0.79792   0.80707   0.80782   0.79938   0.78426   0.75924   0.75581   0.74486   0.75695   0.72782   0.70594   0.71235   0.67670   0.63618
      9        |   0.78270   0.75763   0.76008   0.77167   0.77150   0.75897   0.74303   0.73845   0.72864   0.73976   0.70337   0.72942   0.62413   0.69562   0.61743
     10        |   0.73273   0.71850   0.76564   0.72064   0.75916   0.73528   0.71027   0.68879   0.71980   0.68864   0.66769   0.65709   0.75313   0.62831   0.61177
     11        |   1.00000   0.86912   0.78951   0.66552   0.73841   0.75075   0.68971   0.73381   0.63774   0.63819   0.72681   0.57407   0.67102   0.62545   0.63479
     12        |   1.00000   1.00000   0.73685   1.09083   0.80682   0.78868   0.50611   0.67109   0.53848   0.90157   0.55059   0.54741   0.50790   0.78438   0.81485
     13        |   1.00000   1.00000   1.00000   0.39018   0.63119   0.97963   0.77216   0.67153   0.59182   0.30194   0.48868   0.57610   1.00000   0.67833   0.88257
     14        |   1.00000   1.00000   1.00000   1.00000   1.00000   1.00000   1.00000   1.00000   0.53775   0.60547   1.00000   1.00000   0.66597   1.00000   1.00000
  ── Process: TTTo2L2Nu_cc ──
  nJets/HT  |       HT0       HT1       HT2       HT3       HT4       HT5       HT6       HT7       HT8       HT9      HT10      HT11      HT12      HT13      HT14
  ----------+------------------------------------------------------------------------------------------------------------------------------------------------------
      8        |   0.83813   0.83703   0.84278   0.85058   0.84155   0.83037   0.79856   0.78470   0.80133   0.76594   0.76201   0.76337   0.81551   0.72744   0.73429
      9        |   0.78234   0.81499   0.79156   0.81094   0.81696   0.79182   0.81636   0.77071   0.80648   0.78270   0.75180   0.75207   0.82422   0.74306   0.67751
     10        |   0.97668   0.74326   0.76188   0.72957   0.77899   0.81060   0.76277   0.75542   0.71340   0.73133   0.68548   0.70463   0.81957   0.71016   0.67385
     11        |   1.00221   0.40002   0.76434   0.76701   0.74481   0.69991   0.73270   0.70456   0.74573   0.74642   0.71817   0.85360   0.62373   0.63314   0.67131
     12        |   1.00000   1.00000   0.25014   0.86146   0.81098   0.87011   0.69704   0.77140   0.76346   0.57017   0.62755   0.72931   0.61147   0.66548   0.65828
     13        |   1.00000   1.00000   1.00000   1.00000   0.51786   1.00000   0.93928   0.63345   1.01240   0.97004   0.98743   1.00000   1.00000   0.75466   0.89453
     14        |   1.00000   1.00000   1.00000   1.00000   1.00000   1.00000   1.00000   0.92039   1.00000   1.43185   1.00000   1.00000   1.70217   0.69494   1.00000
  ── Process: TTTo2L2Nu_B ──
  nJets/HT  |       HT0       HT1       HT2       HT3       HT4       HT5       HT6       HT7       HT8       HT9      HT10      HT11      HT12      HT13      HT14
  ----------+------------------------------------------------------------------------------------------------------------------------------------------------------
      8        |   0.84263   0.84210   0.82396   0.82400   0.82728   0.81500   0.78004   0.76109   0.80029   0.75136   0.78899   0.76046   0.72238   0.70826   0.71473
      9        |   0.80643   0.82741   0.80791   0.82112   0.79429   0.75311   0.76967   0.76824   0.74537   0.74682   0.67174   0.73581   0.68135   0.69547   0.64994
     10        |   0.67391   0.79349   0.80486   0.75051   0.73365   0.72220   0.74888   0.76076   0.72017   0.74884   0.68696   0.68081   0.59670   0.53325   0.63068
     11        |   1.00000   0.65366   0.89534   0.71618   0.76177   0.73494   0.70064   0.67657   0.61733   0.79194   0.65244   0.76917   0.77428   0.82420   0.76490
     12        |   1.00000   1.00000   0.83763   0.75701   0.78330   0.87063   0.55850   0.54978   0.79172   0.65417   0.96645   0.68274   0.72374   0.68890   0.64003
     13        |   1.00000   1.00000   1.00000   0.31400   0.77072   0.27207   1.00000   0.43356   0.48974   0.76094   1.42084   1.00000   1.04423   0.60911   0.45408
     14        |   1.00000   1.00000   1.00000   1.00000   1.00000   0.81304   0.52826   1.35510   1.16225   1.00000   0.38121   1.00000   1.00000   0.30770   0.32836

╔══════════════════════════════════════════════════════════════╗
║  Pass 2: Applying B-Tag Reweight & Filling Histograms        ║
╚══════════════════════════════════════════════════════════════╝
    [Pass 2] 0 / 138573 (0.0%)

╔══════════════════════════════════════════════════════════════╗
║  B-Tag Reweight Summary                                      ║
╠══════════════════════════════════════════════════════════════╣
  Events processed : 138573
  Events passed    : 118872
  Σ weight (noSF)      : 3088.6049
  Σ weight (withSF)    : 3933.9598
  Σ weight (reweighted): 3088.6036
  Deviation: 0.0000 %  [OK]
╚══════════════════════════════════════════════════════════════╝

>>> Writing output to: bTagReweight_TTTo2L2Nu.root
>>> Done.
