>>> [main] B-Tag Reweight: TTToHadronic

  [BTagSFProcessor] b-tag JSON: /Users/jhlee/correctionLib/corrections/jsonpog-integration/POG/BTV/2017_UL/btagging.json.gz
  [BTagSFProcessor] deepJet_shape inputs (5): systematic flavor abseta pt discriminant 
  [BTagSFProcessor] trigger SF JSON: ../DerivedCorr/TriggerSF/trigger_sf.json.gz
  [BTagSFProcessor] Init complete.


╔══════════════════════════════════════════════════════════════╗
║          B-Tag Reweight Configuration                        ║
╠══════════════════════════════════════════════════════════════╣
║ [Section 1] Path & I/O                                       ║
╟──────────────────────────────────────────────────────────────╢
  Input base dir : /Users/jhlee/ttHH/ntuple/skimmed/gen_tier3/
  Tree path      : Tree/Tree
  Trigger SF JSON: ../DerivedCorr/TriggerSF/trigger_sf.json.gz
╟──────────────────────────────────────────────────────────────╢
║ [Section 1-C] B-Tag Reweight                                 ║
╟──────────────────────────────────────────────────────────────╢
  btagCorrectionName    : deepJet_shape
  btagReweightJSON      : btagNormReweight.json
  btagOutPrefix         : bTagReweight_
  btagMaxNJetsBin       : 25
  btagMaxJetsForPerJet  : 12
  btagSystematics       : 19 variations
  btagJSONPaths         :
    /cvmfs/cms-griddata.cern.ch/cat/metadata/BTV/Run2-2017-UL-NanoAODv9/latest/btagging.json.gz
    /Users/jhlee/correctionLib/corrections/jsonpog-integration/POG/BTV/2017_UL/btagging.json.gz
╟──────────────────────────────────────────────────────────────╢
║ Reweight Axis                                                ║
╟──────────────────────────────────────────────────────────────╢
  useHTForReweight      : TRUE (2D: nJets × HT)
  reweightHT_edges      : [500, 550, 600, 700, 800, 1000, 1100, 1200, 1300, 1400, 1500, 1600, 1700, 1800, 2100, 2500]
  nHTBins               : 15
  totalReweightBins     : 390
╟──────────────────────────────────────────────────────────────╢
║ [Section 2] Analysis Flags                                   ║
╟──────────────────────────────────────────────────────────────╢
  minNJets         : 6
  verbose          : false
  progressInterval : 10000000
╟──────────────────────────────────────────────────────────────╢
║ [Section 3] Histogram Definitions                            ║
╟──────────────────────────────────────────────────────────────╢
  nJets  : 20 bins [5.5, 25.5]
  HT     : 50 bins [0, 2500] GeV
  nbJets : 10 bins [-0.5, 9.5]
  jetPt  : 50 bins [0, 600] GeV
  bTag   : 50 bins [0, 1]
╚══════════════════════════════════════════════════════════════╝

Sample Name: TTToHadronic
  Type   : MC
  Weight : 0.000214351

>>> Total entries: 5892305

  Reweight mode  : 2D (nJets × HT)
  Total flat bins: 390
  nHTBins        : 15

╔══════════════════════════════════════════════════════════════╗
║  Pass 1: Computing Normalization Ratios                      ║
║  Process keys: 3 (TTToHadronic_LF, TTToHadronic_cc, TTToHadronic_B)
╚══════════════════════════════════════════════════════════════╝
    [Pass 1] 0 / 5892305 (0.0%)

  Normalization ratios (central):
  ── Process: TTToHadronic_LF ──
  nJets/HT  |       HT0       HT1       HT2       HT3       HT4       HT5       HT6       HT7       HT8       HT9      HT10      HT11      HT12      HT13      HT14
  ----------+------------------------------------------------------------------------------------------------------------------------------------------------------
      8        |   0.96752   0.95975   0.95270   0.94394   0.92635   0.89974   0.87106   0.84988   0.83341   0.81747   0.80421   0.78920   0.77266   0.74979   0.69210
      9        |   0.95140   0.94012   0.93323   0.92567   0.91366   0.88890   0.86270   0.84381   0.82828   0.80845   0.79327   0.78087   0.77650   0.74975   0.68635
     10        |   0.92598   0.92120   0.91134   0.90717   0.89203   0.87682   0.85227   0.83596   0.81768   0.79978   0.78664   0.77383   0.75953   0.73796   0.66908
     11        |   0.90942   0.86340   0.87554   0.88119   0.87197   0.86567   0.85061   0.82295   0.80886   0.79356   0.78681   0.76917   0.76054   0.72697   0.67047
     12        |   1.06066   1.01950   0.85730   0.87238   0.86201   0.84769   0.82310   0.79355   0.81028   0.78477   0.78294   0.77149   0.71801   0.71589   0.65294
     13        |   1.00000   1.00000   0.75638   0.87335   0.80344   0.85625   0.87401   0.78214   0.76223   0.72073   0.76439   0.85650   0.69582   0.68788   0.71350
     14        |   1.00000   1.00000   1.00000   0.76394   0.80160   0.83710   0.84169   0.69335   0.86391   0.71463   0.77855   0.69436   0.75966   0.68101   0.63290
     15        |   1.00000   1.00000   1.00000   1.31493   0.64920   0.68302   0.90376   0.85182   0.76655   0.84024   0.76462   0.48070   0.75462   0.62408   0.56814
  ── Process: TTToHadronic_cc ──
  nJets/HT  |       HT0       HT1       HT2       HT3       HT4       HT5       HT6       HT7       HT8       HT9      HT10      HT11      HT12      HT13      HT14
  ----------+------------------------------------------------------------------------------------------------------------------------------------------------------
      8        |   0.97754   0.96684   0.96386   0.95405   0.94053   0.91357   0.89352   0.88081   0.86507   0.85349   0.82982   0.82864   0.82064   0.79832   0.75587
      9        |   0.96612   0.94941   0.94798   0.93622   0.92609   0.90579   0.88414   0.86337   0.85935   0.83833   0.82611   0.81269   0.79773   0.78339   0.73742
     10        |   0.94713   0.92437   0.92418   0.92468   0.91354   0.89537   0.87234   0.85554   0.85417   0.82871   0.81365   0.79669   0.79711   0.76400   0.71448
     11        |   0.91310   0.91051   0.89549   0.89584   0.89854   0.87374   0.86915   0.85620   0.82731   0.82946   0.81013   0.79181   0.78887   0.77569   0.70221
     12        |   1.00000   0.83309   0.89814   0.85757   0.86074   0.87775   0.85994   0.83492   0.83370   0.83538   0.81694   0.77247   0.75366   0.75659   0.66069
     13        |   1.00000   1.00000   0.92609   0.84477   0.78145   0.82836   0.86913   0.83783   0.80176   0.69773   0.78607   0.67816   0.78929   0.76875   0.63236
     14        |   1.00000   1.00000   1.02898   0.89964   0.89910   0.81316   0.82897   0.86122   0.85451   0.69848   0.71078   0.74170   0.73691   0.75125   0.64096
     15        |   1.00000   1.00000   1.00000   0.63598   1.12796   0.79878   0.74391   0.93246   0.85729   0.87748   0.83636   0.89617   0.68422   0.77377   0.81109
  ── Process: TTToHadronic_B ──
  nJets/HT  |       HT0       HT1       HT2       HT3       HT4       HT5       HT6       HT7       HT8       HT9      HT10      HT11      HT12      HT13      HT14
  ----------+------------------------------------------------------------------------------------------------------------------------------------------------------
      8        |   0.96330   0.95457   0.94266   0.93093   0.91395   0.88710   0.86568   0.85239   0.83709   0.83423   0.81283   0.80946   0.78619   0.77431   0.73413
      9        |   0.94891   0.94220   0.92635   0.91876   0.90392   0.87415   0.85092   0.84243   0.83544   0.81307   0.80136   0.78960   0.78173   0.76858   0.73171
     10        |   0.95551   0.93831   0.91268   0.90402   0.88033   0.86486   0.85351   0.83944   0.82461   0.80568   0.79075   0.77968   0.79826   0.75786   0.70498
     11        |   0.90136   0.89582   0.88909   0.87909   0.86127   0.83146   0.83756   0.82827   0.79493   0.80898   0.81910   0.81004   0.74881   0.76294   0.69365
     12        |   1.00000   1.16906   0.85075   0.86568   0.86013   0.83384   0.79325   0.79600   0.81521   0.80650   0.76544   0.87338   0.74092   0.77667   0.65232
     13        |   1.00000   0.95818   1.01258   0.91514   0.78730   0.78584   0.86875   0.76948   0.76327   0.77983   0.68671   0.77884   0.76634   0.74037   0.70735
     14        |   1.00000   1.00000   1.20286   0.45350   0.84208   0.82983   0.84213   0.79830   0.98766   0.77328   0.61183   0.71589   0.62159   0.72731   0.61997
     15        |   1.00000   1.00000   1.00000   1.00000   1.41978   0.37642   0.60374   1.13427   1.00244   0.63086   0.91517   0.58365   0.58246   0.91484   0.63288

╔══════════════════════════════════════════════════════════════╗
║  Pass 2: Applying B-Tag Reweight & Filling Histograms        ║
╚══════════════════════════════════════════════════════════════╝
    [Pass 2] 0 / 5892305 (0.0%)

╔══════════════════════════════════════════════════════════════╗
║  B-Tag Reweight Summary                                      ║
╠══════════════════════════════════════════════════════════════╣
  Events processed : 5892305
  Events passed    : 4880332
  Σ weight (noSF)      : 242976.2078
  Σ weight (withSF)    : 265870.0872
  Σ weight (reweighted): 242976.2078
  Deviation: 0.0000 %  [OK]
╚══════════════════════════════════════════════════════════════╝

>>> Writing output to: bTagReweight_TTToHadronic.root
>>> Done.
