>>> [main] B-Tag Reweight: ttWH

  [BTagSFProcessor] b-tag JSON: /Users/jhlee/correctionLib/corrections/jsonpog-integration/POG/BTV/2017_UL/btagging.json.gz
  [BTagSFProcessor] deepJet_shape inputs (5): systematic flavor abseta pt discriminant 
  [BTagSFProcessor] trigger SF JSON: ../DerivedCorr/TriggerSF/trigger_sf.json.gz
  [BTagSFProcessor] Init complete.


╔══════════════════════════════════════════════════════════════╗
║          B-Tag Reweight Configuration                        ║
╠══════════════════════════════════════════════════════════════╣
║ [Section 1] Path & I/O                                       ║
╟──────────────────────────────────────────────────────────────╢
  Input base dir : /Users/jhlee/ttHH/ntuple/skimmed/gen_tier3/
  Tree path      : Tree/Tree
  Trigger SF JSON: ../DerivedCorr/TriggerSF/trigger_sf.json.gz
╟──────────────────────────────────────────────────────────────╢
║ [Section 1-C] B-Tag Reweight                                 ║
╟──────────────────────────────────────────────────────────────╢
  btagCorrectionName    : deepJet_shape
  btagReweightJSON      : btagNormReweight.json
  btagOutPrefix         : bTagReweight_
  btagMaxNJetsBin       : 25
  btagMaxJetsForPerJet  : 12
  btagSystematics       : 19 variations
  btagJSONPaths         :
    /cvmfs/cms-griddata.cern.ch/cat/metadata/BTV/Run2-2017-UL-NanoAODv9/latest/btagging.json.gz
    /Users/jhlee/correctionLib/corrections/jsonpog-integration/POG/BTV/2017_UL/btagging.json.gz
╟──────────────────────────────────────────────────────────────╢
║ Reweight Axis                                                ║
╟──────────────────────────────────────────────────────────────╢
  useHTForReweight      : TRUE (2D: nJets × HT)
  reweightHT_edges      : [500, 550, 600, 700, 800, 1000, 1100, 1200, 1300, 1400, 1500, 1600, 1700, 1800, 2100, 2500]
  nHTBins               : 15
  totalReweightBins     : 390
╟──────────────────────────────────────────────────────────────╢
║ [Section 2] Analysis Flags                                   ║
╟──────────────────────────────────────────────────────────────╢
  minNJets         : 6
  verbose          : false
  progressInterval : 10000000
╟──────────────────────────────────────────────────────────────╢
║ [Section 3] Histogram Definitions                            ║
╟──────────────────────────────────────────────────────────────╢
  nJets  : 20 bins [5.5, 25.5]
  HT     : 50 bins [0, 2500] GeV
  nbJets : 10 bins [-0.5, 9.5]
  jetPt  : 50 bins [0, 600] GeV
  bTag   : 50 bins [0, 1]
╚══════════════════════════════════════════════════════════════╝

Sample Name: ttWH
  Type   : MC
  Weight : 0.000131699

>>> Total entries: 138970

  Reweight mode  : 2D (nJets × HT)
  Total flat bins: 390
  nHTBins        : 15

╔══════════════════════════════════════════════════════════════╗
║  Pass 1: Computing Normalization Ratios                      ║
╚══════════════════════════════════════════════════════════════╝
    [Pass 1] 0 / 138970 (0.0%)

  Normalization ratios (central):
  nJets \ HT  |         [500.0,550.0)         [550.0,600.0)         [600.0,700.0)         [700.0,800.0)         [800.0,1000.0)         [1000.0,1100.0)         [1100.0,1200.0)         [1200.0,1300.0)         [1300.0,1400.0)         [1400.0,1500.0)         [1500.0,1600.0)         [1600.0,1700.0)         [1700.0,1800.0)         [1800.0,2100.0)         [2100.0,2500.0)
  --------------------------------------------------------------------------------------------------------------------------------------------------------------------
      6        |   0.95375   0.94918   0.94968   0.94365   0.93732   0.90569   0.88090   0.85776   0.87194   0.90101   0.85493   0.88352   0.82202   0.83346   0.78852
      7        |   0.94378   0.93080   0.93273   0.92417   0.90944   0.87633   0.87175   0.86272   0.86112   0.86180   0.83906   0.85576   0.84653   0.83283   0.79494
      8        |   0.93252   0.91587   0.92165   0.91436   0.90315   0.87222   0.86362   0.83693   0.84154   0.85882   0.85595   0.81038   0.80647   0.77906   0.79734
      9        |   0.93594   0.93501   0.91329   0.90223   0.89318   0.88904   0.85824   0.84236   0.84820   0.83337   0.83306   0.74881   0.78143   0.82370   0.76205
     10        |   0.91501   0.93387   0.89247   0.89874   0.87771   0.86300   0.86963   0.85529   0.83948   0.81013   0.85270   0.80617   0.85044   0.76966   0.76857
     11        |   0.89371   0.69258   0.86981   0.87308   0.86435   0.86659   0.86326   0.83731   0.82137   0.87680   0.79520   0.92295   0.67800   0.80958   0.74254
     12        |   1.00000   1.00000   1.01447   0.88581   0.82501   0.83118   0.85788   0.76070   0.83852   0.90461   0.82043   0.60635   0.70924   0.65327   0.49488

╔══════════════════════════════════════════════════════════════╗
║  Pass 2: Applying B-Tag Reweight & Filling Histograms        ║
╚══════════════════════════════════════════════════════════════╝
    [Pass 2] 0 / 138970 (0.0%)

╔══════════════════════════════════════════════════════════════╗
║  B-Tag Reweight Summary                                      ║
╠══════════════════════════════════════════════════════════════╣
  Events processed : 138970
  Events passed    : 125709
  Σ weight (noSF)      : 13.4306
  Σ weight (withSF)    : 14.9159
  Σ weight (reweighted): 13.4306
  Deviation: 0.0000 %  [OK]
╚══════════════════════════════════════════════════════════════╝

>>> Writing output to: bTagReweight_ttWH.root
>>> Done.
