>>> [main] B-Tag Reweight: ttZHto4b

  [BTagSFProcessor] b-tag JSON: /Users/jhlee/correctionLib/corrections/jsonpog-integration/POG/BTV/2017_UL/btagging.json.gz
  [BTagSFProcessor] deepJet_shape inputs (5): systematic flavor abseta pt discriminant 
  [BTagSFProcessor] trigger SF JSON: ../DerivedCorr/TriggerSF/trigger_sf.json.gz
  [BTagSFProcessor] Init complete.


╔══════════════════════════════════════════════════════════════╗
║          B-Tag Reweight Configuration                        ║
╠══════════════════════════════════════════════════════════════╣
║ [Section 1] Path & I/O                                       ║
╟──────────────────────────────────────────────────────────────╢
  Input base dir : /Users/jhlee/ttHH/ntuple/skimmed/gen_tier3/
  Tree path      : Tree/Tree
  Trigger SF JSON: ../DerivedCorr/TriggerSF/trigger_sf.json.gz
╟──────────────────────────────────────────────────────────────╢
║ [Section 1-C] B-Tag Reweight                                 ║
╟──────────────────────────────────────────────────────────────╢
  btagCorrectionName    : deepJet_shape
  btagReweightJSON      : btagNormReweight.json
  btagOutPrefix         : bTagReweight_
  btagMaxNJetsBin       : 25
  btagMaxJetsForPerJet  : 12
  btagSystematics       : 19 variations
  btagJSONPaths         :
    /cvmfs/cms-griddata.cern.ch/cat/metadata/BTV/Run2-2017-UL-NanoAODv9/latest/btagging.json.gz
    /Users/jhlee/correctionLib/corrections/jsonpog-integration/POG/BTV/2017_UL/btagging.json.gz
╟──────────────────────────────────────────────────────────────╢
║ Reweight Axis                                                ║
╟──────────────────────────────────────────────────────────────╢
  useHTForReweight      : TRUE (2D: nJets × HT)
  reweightHT_edges      : [500, 550, 600, 700, 800, 1000, 1100, 1200, 1300, 1400, 1500, 1600, 1700, 1800, 2100, 2500]
  nHTBins               : 15
  totalReweightBins     : 390
╟──────────────────────────────────────────────────────────────╢
║ [Section 2] Analysis Flags                                   ║
╟──────────────────────────────────────────────────────────────╢
  minNJets         : 6
  verbose          : false
  progressInterval : 10000000
╟──────────────────────────────────────────────────────────────╢
║ [Section 3] Histogram Definitions                            ║
╟──────────────────────────────────────────────────────────────╢
  nJets  : 20 bins [5.5, 25.5]
  HT     : 50 bins [0, 2500] GeV
  nbJets : 10 bins [-0.5, 9.5]
  jetPt  : 50 bins [0, 600] GeV
  bTag   : 50 bins [0, 1]
╚══════════════════════════════════════════════════════════════╝

Sample Name: ttZHto4b
  Type   : MC
  Weight : 1.11247e-06

>>> Total entries: 1580215

  Reweight mode  : 2D (nJets × HT)
  Total flat bins: 390
  nHTBins        : 15

╔══════════════════════════════════════════════════════════════╗
║  Pass 1: Computing Normalization Ratios                      ║
║  Process keys: 1 (ttZHto4b)
╚══════════════════════════════════════════════════════════════╝
    [Pass 1] 0 / 1580215 (0.0%)

  Normalization ratios (central):
  ── Process: ttZHto4b ──
  nJets/HT  |       HT0       HT1       HT2       HT3       HT4       HT5       HT6       HT7       HT8       HT9      HT10      HT11      HT12      HT13      HT14
  ----------+------------------------------------------------------------------------------------------------------------------------------------------------------
      8        |   0.96122   0.95861   0.95215   0.94699   0.94834   0.93445   0.92864   0.92869   0.92139   0.91775   0.91581   0.90544   0.89992   0.89027   0.87506
      9        |   0.95906   0.95451   0.94026   0.93534   0.93393   0.92105   0.91708   0.91255   0.90041   0.90928   0.89251   0.88539   0.88543   0.87890   0.84531
     10        |   0.95904   0.94044   0.92804   0.92356   0.92203   0.90830   0.90063   0.89923   0.89607   0.88882   0.88452   0.88303   0.85507   0.85036   0.82179
     11        |   0.99622   0.94406   0.91817   0.90108   0.90438   0.89442   0.89526   0.88120   0.87148   0.87934   0.86434   0.86114   0.84329   0.83701   0.78564
     12        |   0.85952   0.94926   0.92065   0.89458   0.89093   0.88686   0.86506   0.87809   0.87069   0.86507   0.83739   0.81748   0.84664   0.81002   0.76227
     13        |   1.00000   1.08676   0.73091   0.82976   0.83359   0.88475   0.86183   0.84537   0.82345   0.85259   0.78811   0.83810   0.82491   0.82389   0.78554
     14        |   1.00000   1.00000   0.90166   0.88492   0.84012   0.77271   0.87043   0.83337   0.77100   0.89334   0.84117   0.84832   0.69619   0.83743   0.70058
     15        |   1.00000   1.00000   1.00000   1.00000   0.89598   0.79723   0.94086   0.62468   0.79004   0.76951   0.78302   0.81370   0.71636   0.71852   0.67015

╔══════════════════════════════════════════════════════════════╗
║  Pass 2: Applying B-Tag Reweight & Filling Histograms        ║
╚══════════════════════════════════════════════════════════════╝
    [Pass 2] 0 / 1580215 (0.0%)

╔══════════════════════════════════════════════════════════════╗
║  B-Tag Reweight Summary                                      ║
╠══════════════════════════════════════════════════════════════╣
  Events processed : 1580215
  Events passed    : 1562591
  Σ weight (noSF)      : 1.5903
  Σ weight (withSF)    : 1.7126
  Σ weight (reweighted): 1.5903
  Deviation: 0.0000 %  [OK]
╚══════════════════════════════════════════════════════════════╝

>>> Writing output to: bTagReweight_ttZHto4b.root
>>> Done.
