>>> [main] B-Tag Reweight: ttZZto4b

  [BTagSFProcessor] b-tag JSON: /Users/jhlee/correctionLib/corrections/jsonpog-integration/POG/BTV/2017_UL/btagging.json.gz
  [BTagSFProcessor] deepJet_shape inputs (5): systematic flavor abseta pt discriminant 
  [BTagSFProcessor] trigger SF JSON: ../DerivedCorr/TriggerSF/trigger_sf.json.gz
  [BTagSFProcessor] Init complete.


╔══════════════════════════════════════════════════════════════╗
║          B-Tag Reweight Configuration                        ║
╠══════════════════════════════════════════════════════════════╣
║ [Section 1] Path & I/O                                       ║
╟──────────────────────────────────────────────────────────────╢
  Input base dir : /Users/jhlee/ttHH/ntuple/skimmed/gen_tier3/
  Tree path      : Tree/Tree
  Trigger SF JSON: ../DerivedCorr/TriggerSF/trigger_sf.json.gz
╟──────────────────────────────────────────────────────────────╢
║ [Section 1-C] B-Tag Reweight                                 ║
╟──────────────────────────────────────────────────────────────╢
  btagCorrectionName    : deepJet_shape
  btagReweightJSON      : btagNormReweight.json
  btagOutPrefix         : bTagReweight_
  btagMaxNJetsBin       : 25
  btagMaxJetsForPerJet  : 12
  btagSystematics       : 19 variations
  btagJSONPaths         :
    /cvmfs/cms-griddata.cern.ch/cat/metadata/BTV/Run2-2017-UL-NanoAODv9/latest/btagging.json.gz
    /Users/jhlee/correctionLib/corrections/jsonpog-integration/POG/BTV/2017_UL/btagging.json.gz
╟──────────────────────────────────────────────────────────────╢
║ Reweight Axis                                                ║
╟──────────────────────────────────────────────────────────────╢
  useHTForReweight      : TRUE (2D: nJets × HT)
  reweightHT_edges      : [500, 550, 600, 700, 800, 1000, 1100, 1200, 1300, 1400, 1500, 1600, 1700, 1800, 2100, 2500]
  nHTBins               : 15
  totalReweightBins     : 390
╟──────────────────────────────────────────────────────────────╢
║ [Section 2] Analysis Flags                                   ║
╟──────────────────────────────────────────────────────────────╢
  minNJets         : 6
  verbose          : false
  progressInterval : 10000000
╟──────────────────────────────────────────────────────────────╢
║ [Section 3] Histogram Definitions                            ║
╟──────────────────────────────────────────────────────────────╢
  nJets  : 20 bins [5.5, 25.5]
  HT     : 50 bins [0, 2500] GeV
  nbJets : 10 bins [-0.5, 9.5]
  jetPt  : 50 bins [0, 600] GeV
  bTag   : 50 bins [0, 1]
╚══════════════════════════════════════════════════════════════╝

Sample Name: ttZZto4b
  Type   : MC
  Weight : 3.82437e-07

>>> Total entries: 1235981

  Reweight mode  : 2D (nJets × HT)
  Total flat bins: 390
  nHTBins        : 15

╔══════════════════════════════════════════════════════════════╗
║  Pass 1: Computing Normalization Ratios                      ║
║  Process keys: 1 (ttZZto4b)
╚══════════════════════════════════════════════════════════════╝
    [Pass 1] 0 / 1235981 (0.0%)

  Normalization ratios (central):
  ── Process: ttZZto4b ──
  nJets/HT  |       HT0       HT1       HT2       HT3       HT4       HT5       HT6       HT7       HT8       HT9      HT10      HT11      HT12      HT13      HT14
  ----------+------------------------------------------------------------------------------------------------------------------------------------------------------
      8        |   0.96185   0.96453   0.95100   0.94634   0.94806   0.93208   0.92972   0.92537   0.92182   0.92477   0.91412   0.91502   0.90745   0.89771   0.87458
      9        |   0.95962   0.95569   0.94070   0.93490   0.93631   0.92429   0.91995   0.91322   0.91172   0.90679   0.89084   0.87894   0.89722   0.87129   0.84446
     10        |   0.95346   0.95128   0.92960   0.92159   0.92006   0.91499   0.89824   0.89793   0.90337   0.88864   0.87243   0.86378   0.88408   0.86277   0.79809
     11        |   0.93671   0.91922   0.91256   0.92426   0.90459   0.89283   0.89353   0.89281   0.88487   0.86679   0.83838   0.85402   0.85108   0.83735   0.78433
     12        |   1.03323   0.88055   0.91613   0.88464   0.90580   0.88238   0.88394   0.86826   0.86867   0.89166   0.83820   0.84179   0.82642   0.82010   0.78015
     13        |   1.00000   0.51349   0.89652   0.86990   0.87432   0.89912   0.86498   0.84123   0.82300   0.82676   0.82809   0.78119   0.80915   0.78105   0.73711
     14        |   1.00000   1.00000   1.00000   0.85685   0.78140   0.88010   0.86103   0.78834   0.77136   0.85226   0.81967   0.86018   0.70017   0.82326   0.73793
     15        |   1.00000   1.00000   1.00000   1.56469   0.92827   0.53023   0.64124   0.78513   0.70081   0.68985   0.77722   0.94498   0.83847   0.79065   0.68197

╔══════════════════════════════════════════════════════════════╗
║  Pass 2: Applying B-Tag Reweight & Filling Histograms        ║
╚══════════════════════════════════════════════════════════════╝
    [Pass 2] 0 / 1235981 (0.0%)

╔══════════════════════════════════════════════════════════════╗
║  B-Tag Reweight Summary                                      ║
╠══════════════════════════════════════════════════════════════╣
  Events processed : 1235981
  Events passed    : 1219034
  Σ weight (noSF)      : 0.4248
  Σ weight (withSF)    : 0.4564
  Σ weight (reweighted): 0.4248
  Deviation: 0.0000 %  [OK]
╚══════════════════════════════════════════════════════════════╝

>>> Writing output to: bTagReweight_ttZZto4b.root
>>> Done.
