000 (12494146.000.000) 06/09 06:33:32 Job submitted from host: <188.185.114.121:9618?addrs=188.185.114.121-9618+[2001-1458-d00-a--100-273]-9618&alias=bigbird19.cern.ch&noUDP&sock=schedd_2045_4743>
...
000 (12494146.001.000) 06/09 06:33:32 Job submitted from host: <188.185.114.121:9618?addrs=188.185.114.121-9618+[2001-1458-d00-a--100-273]-9618&alias=bigbird19.cern.ch&noUDP&sock=schedd_2045_4743>
...
000 (12494146.002.000) 06/09 06:33:32 Job submitted from host: <188.185.114.121:9618?addrs=188.185.114.121-9618+[2001-1458-d00-a--100-273]-9618&alias=bigbird19.cern.ch&noUDP&sock=schedd_2045_4743>
...
000 (12494146.003.000) 06/09 06:33:32 Job submitted from host: <188.185.114.121:9618?addrs=188.185.114.121-9618+[2001-1458-d00-a--100-273]-9618&alias=bigbird19.cern.ch&noUDP&sock=schedd_2045_4743>
...
040 (12494146.000.000) 06/09 06:35:35 Started transferring input files
	Transferring to host: <188.185.208.96:9618?addrs=188.185.208.96-9618+[2001-1458-303-f--100-5d]-9618&alias=b9p09p9864.cern.ch&noUDP&sock=slot1_10_9015_a208_7380>
...
040 (12494146.000.000) 06/09 06:35:35 Finished transferring input files
...
040 (12494146.003.000) 06/09 06:35:36 Started transferring input files
	Transferring to host: <188.185.212.188:9618?addrs=188.185.212.188-9618+[2001-1458-303-19--100-38]-9618&alias=b9p26p4851.cern.ch&noUDP&sock=slot1_16_8461_4a31_11119>
...
040 (12494146.001.000) 06/09 06:35:36 Started transferring input files
	Transferring to host: <188.185.198.33:9618?addrs=188.185.198.33-9618+[2001-1458-303-25--100-1d]-9618&alias=b9p15p6596.cern.ch&noUDP&sock=slot1_1_9043_5c89_5829>
...
001 (12494146.000.000) 06/09 06:35:37 Job executing on host: <188.185.208.96:9618?addrs=188.185.208.96-9618+[2001-1458-303-f--100-5d]-9618&alias=b9p09p9864.cern.ch&noUDP&sock=startd_8883_93de>
	SlotName: slot1_10@b9p09p9864.cern.ch
	CondorScratchDir = "/pool/condor/dir_3780821"
	Cpus = 4
	Disk = 3660
	GPUs = 0
	Memory = 12000
...
040 (12494146.001.000) 06/09 06:35:37 Finished transferring input files
...
040 (12494146.003.000) 06/09 06:35:37 Finished transferring input files
...
001 (12494146.003.000) 06/09 06:35:37 Job executing on host: <188.185.212.188:9618?addrs=188.185.212.188-9618+[2001-1458-303-19--100-38]-9618&alias=b9p26p4851.cern.ch&noUDP&sock=startd_8399_9808>
	SlotName: slot1_16@b9p26p4851.cern.ch
	CondorScratchDir = "/pool/condor/dir_2849324"
	Cpus = 4
	Disk = 3883
	GPUs = 0
	Memory = 12000
...
001 (12494146.001.000) 06/09 06:35:37 Job executing on host: <188.185.198.33:9618?addrs=188.185.198.33-9618+[2001-1458-303-25--100-1d]-9618&alias=b9p15p6596.cern.ch&noUDP&sock=startd_8908_b9bd>
	SlotName: slot1_1@b9p15p6596.cern.ch
	CondorScratchDir = "/pool/condor/dir_827530"
	Cpus = 4
	Disk = 3814
	GPUs = 0
	Memory = 12000
...
040 (12494146.002.000) 06/09 06:35:40 Started transferring input files
	Transferring to host: <128.142.248.59:9618?addrs=128.142.248.59-9618+[2001-1458-301-73--100-12b]-9618&alias=b9g23p7544.cern.ch&noUDP&sock=slot1_25_3787723_41c4_38782>
...
040 (12494146.002.000) 06/09 06:35:40 Finished transferring input files
...
001 (12494146.002.000) 06/09 06:35:41 Job executing on host: <128.142.248.59:9618?addrs=128.142.248.59-9618+[2001-1458-301-73--100-12b]-9618&alias=b9g23p7544.cern.ch&noUDP&sock=startd_6283_31a2>
	SlotName: slot1_25@b9g23p7544.cern.ch
	CondorScratchDir = "/pool/condor/dir_4012589"
	Cpus = 4
	Disk = 3845
	GPUs = 0
	Memory = 12000
...
006 (12494146.003.000) 06/09 06:35:46 Image size of job updated: 253760
	248  -  MemoryUsage of job (MB)
	253760  -  ResidentSetSize of job (KB)
...
006 (12494146.001.000) 06/09 06:35:46 Image size of job updated: 182304
	179  -  MemoryUsage of job (MB)
	182304  -  ResidentSetSize of job (KB)
...
006 (12494146.002.000) 06/09 06:35:49 Image size of job updated: 341764
	334  -  MemoryUsage of job (MB)
	341764  -  ResidentSetSize of job (KB)
...
006 (12494146.000.000) 06/09 06:35:50 Image size of job updated: 79584
	78  -  MemoryUsage of job (MB)
	79584  -  ResidentSetSize of job (KB)
...
006 (12494146.000.000) 06/09 06:40:20 Image size of job updated: 5309632
	78  -  MemoryUsage of job (MB)
	79584  -  ResidentSetSize of job (KB)
...
040 (12494146.000.000) 06/09 06:40:20 Started transferring output files
...
040 (12494146.000.000) 06/09 06:40:20 Finished transferring output files
...
005 (12494146.000.000) 06/09 06:40:20 Job terminated.
	(1) Normal termination (return value 0)
		Usr 0 00:01:12, Sys 0 00:00:11  -  Run Remote Usage
		Usr 0 00:00:00, Sys 0 00:00:00  -  Run Local Usage
		Usr 0 00:01:12, Sys 0 00:00:11  -  Total Remote Usage
		Usr 0 00:00:00, Sys 0 00:00:00  -  Total Local Usage
	54716  -  Run Bytes Sent By Job
	10852  -  Run Bytes Received By Job
	54716  -  Total Bytes Sent By Job
	10852  -  Total Bytes Received By Job
	Partitionable Resources :    Usage  Request Allocated 
	   Cpus                 :        0        4         4 
	   Disk (KB)            :      132        1      3660 
	   GPUs                 :                           0 
	   Memory (MB)          :       78    12000     12000 

	Job terminated of its own accord at 2025-06-09T04:40:20Z with exit-code 0.
...
006 (12494146.003.000) 06/09 06:40:47 Image size of job updated: 7061172
	6896  -  MemoryUsage of job (MB)
	7061172  -  ResidentSetSize of job (KB)
...
006 (12494146.001.000) 06/09 06:40:47 Image size of job updated: 5928744
	5790  -  MemoryUsage of job (MB)
	5928744  -  ResidentSetSize of job (KB)
...
006 (12494146.002.000) 06/09 06:40:49 Image size of job updated: 1122056
	1096  -  MemoryUsage of job (MB)
	1122056  -  ResidentSetSize of job (KB)
...
006 (12494146.003.000) 06/09 06:45:47 Image size of job updated: 14089864
	13760  -  MemoryUsage of job (MB)
	14089864  -  ResidentSetSize of job (KB)
...
006 (12494146.001.000) 06/09 06:45:47 Image size of job updated: 11883880
	11606  -  MemoryUsage of job (MB)
	11883880  -  ResidentSetSize of job (KB)
...
006 (12494146.002.000) 06/09 06:45:50 Image size of job updated: 1934672
	1890  -  MemoryUsage of job (MB)
	1934672  -  ResidentSetSize of job (KB)
...
006 (12494146.003.000) 06/09 06:50:47 Image size of job updated: 21011452
	20519  -  MemoryUsage of job (MB)
	21011452  -  ResidentSetSize of job (KB)
...
006 (12494146.001.000) 06/09 06:50:48 Image size of job updated: 17894460
	17476  -  MemoryUsage of job (MB)
	17894460  -  ResidentSetSize of job (KB)
...
006 (12494146.002.000) 06/09 06:50:50 Image size of job updated: 2744892
	2681  -  MemoryUsage of job (MB)
	2744892  -  ResidentSetSize of job (KB)
...
006 (12494146.001.000) 06/09 06:55:49 Image size of job updated: 23787784
	23231  -  MemoryUsage of job (MB)
	23787784  -  ResidentSetSize of job (KB)
...
006 (12494146.002.000) 06/09 06:55:50 Image size of job updated: 3558604
	3476  -  MemoryUsage of job (MB)
	3558604  -  ResidentSetSize of job (KB)
...
006 (12494146.003.000) 06/09 07:00:49 Image size of job updated: 22794644
	22261  -  MemoryUsage of job (MB)
	22794644  -  ResidentSetSize of job (KB)
...
006 (12494146.002.000) 06/09 07:00:51 Image size of job updated: 4089816
	3994  -  MemoryUsage of job (MB)
	4089816  -  ResidentSetSize of job (KB)
...
040 (12494146.003.000) 06/09 07:01:43 Started transferring output files
...
040 (12494146.003.000) 06/09 07:01:43 Finished transferring output files
...
005 (12494146.003.000) 06/09 07:01:43 Job terminated.
	(1) Normal termination (return value 0)
		Usr 0 00:07:10, Sys 0 00:01:50  -  Run Remote Usage
		Usr 0 00:00:00, Sys 0 00:00:00  -  Run Local Usage
		Usr 0 00:07:10, Sys 0 00:01:50  -  Total Remote Usage
		Usr 0 00:00:00, Sys 0 00:00:00  -  Total Local Usage
	64864  -  Run Bytes Sent By Job
	10852  -  Run Bytes Received By Job
	64864  -  Total Bytes Sent By Job
	10852  -  Total Bytes Received By Job
	Partitionable Resources :    Usage  Request Allocated 
	   Cpus                 :     0.20        4         4 
	   Disk (KB)            :   140           1      3883 
	   GPUs                 :                           0 
	   Memory (MB)          : 22261       12000     12000 

	Job terminated of its own accord at 2025-06-09T05:01:43Z with exit-code 0.
...
006 (12494146.002.000) 06/09 07:05:52 Image size of job updated: 4904364
	4790  -  MemoryUsage of job (MB)
	4904364  -  ResidentSetSize of job (KB)
...
006 (12494146.002.000) 06/09 07:10:52 Image size of job updated: 5718568
	5585  -  MemoryUsage of job (MB)
	5718568  -  ResidentSetSize of job (KB)
...
040 (12494146.001.000) 06/09 07:13:55 Started transferring output files
...
040 (12494146.001.000) 06/09 07:13:55 Finished transferring output files
...
005 (12494146.001.000) 06/09 07:13:55 Job terminated.
	(1) Normal termination (return value 0)
		Usr 0 00:14:41, Sys 0 00:02:00  -  Run Remote Usage
		Usr 0 00:00:00, Sys 0 00:00:00  -  Run Local Usage
		Usr 0 00:14:41, Sys 0 00:02:00  -  Total Remote Usage
		Usr 0 00:00:00, Sys 0 00:00:00  -  Total Local Usage
	67345  -  Run Bytes Sent By Job
	10852  -  Run Bytes Received By Job
	67345  -  Total Bytes Sent By Job
	10852  -  Total Bytes Received By Job
	Partitionable Resources :    Usage  Request Allocated 
	   Cpus                 :     0.11        4         4 
	   Disk (KB)            :   142           1      3814 
	   GPUs                 :                           0 
	   Memory (MB)          : 23231       12000     12000 

	Job terminated of its own accord at 2025-06-09T05:13:55Z with exit-code 0.
...
006 (12494146.002.000) 06/09 07:15:52 Image size of job updated: 6529596
	6377  -  MemoryUsage of job (MB)
	6529596  -  ResidentSetSize of job (KB)
...
006 (12494146.002.000) 06/09 07:20:53 Image size of job updated: 7340904
	7169  -  MemoryUsage of job (MB)
	7340904  -  ResidentSetSize of job (KB)
...
006 (12494146.002.000) 06/09 07:25:54 Image size of job updated: 8160612
	7970  -  MemoryUsage of job (MB)
	8160612  -  ResidentSetSize of job (KB)
...
006 (12494146.002.000) 06/09 07:30:54 Image size of job updated: 9085088
	8873  -  MemoryUsage of job (MB)
	9085088  -  ResidentSetSize of job (KB)
...
006 (12494146.002.000) 06/09 07:35:55 Image size of job updated: 9924036
	9692  -  MemoryUsage of job (MB)
	9924036  -  ResidentSetSize of job (KB)
...
006 (12494146.002.000) 06/09 07:40:56 Image size of job updated: 10733580
	10483  -  MemoryUsage of job (MB)
	10733580  -  ResidentSetSize of job (KB)
...
006 (12494146.002.000) 06/09 07:45:56 Image size of job updated: 11741148
	11466  -  MemoryUsage of job (MB)
	11741148  -  ResidentSetSize of job (KB)
...
006 (12494146.002.000) 06/09 07:50:56 Image size of job updated: 12548720
	12255  -  MemoryUsage of job (MB)
	12548720  -  ResidentSetSize of job (KB)
...
006 (12494146.002.000) 06/09 07:55:57 Image size of job updated: 13358140
	13046  -  MemoryUsage of job (MB)
	13358140  -  ResidentSetSize of job (KB)
...
006 (12494146.002.000) 06/09 08:00:57 Image size of job updated: 14271852
	13938  -  MemoryUsage of job (MB)
	14271852  -  ResidentSetSize of job (KB)
...
006 (12494146.002.000) 06/09 08:05:57 Image size of job updated: 15126164
	14772  -  MemoryUsage of job (MB)
	15126164  -  ResidentSetSize of job (KB)
...
006 (12494146.002.000) 06/09 08:10:58 Image size of job updated: 15947456
	15574  -  MemoryUsage of job (MB)
	15947456  -  ResidentSetSize of job (KB)
...
006 (12494146.002.000) 06/09 08:15:59 Image size of job updated: 16761276
	16369  -  MemoryUsage of job (MB)
	16761276  -  ResidentSetSize of job (KB)
...
006 (12494146.002.000) 06/09 08:20:59 Image size of job updated: 17572324
	17161  -  MemoryUsage of job (MB)
	17572324  -  ResidentSetSize of job (KB)
...
006 (12494146.002.000) 06/09 08:26:00 Image size of job updated: 18384872
	17954  -  MemoryUsage of job (MB)
	18384872  -  ResidentSetSize of job (KB)
...
006 (12494146.002.000) 06/09 08:31:01 Image size of job updated: 19196304
	18747  -  MemoryUsage of job (MB)
	19196304  -  ResidentSetSize of job (KB)
...
006 (12494146.002.000) 06/09 08:36:01 Image size of job updated: 20002848
	19535  -  MemoryUsage of job (MB)
	20002848  -  ResidentSetSize of job (KB)
...
006 (12494146.002.000) 06/09 08:41:01 Image size of job updated: 20824484
	20337  -  MemoryUsage of job (MB)
	20824484  -  ResidentSetSize of job (KB)
...
006 (12494146.002.000) 06/09 08:46:02 Image size of job updated: 21704120
	21196  -  MemoryUsage of job (MB)
	21704120  -  ResidentSetSize of job (KB)
...
006 (12494146.002.000) 06/09 08:51:03 Image size of job updated: 22585744
	22057  -  MemoryUsage of job (MB)
	22585744  -  ResidentSetSize of job (KB)
...
006 (12494146.002.000) 06/09 08:56:03 Image size of job updated: 23427256
	22879  -  MemoryUsage of job (MB)
	23427256  -  ResidentSetSize of job (KB)
...
006 (12494146.002.000) 06/09 09:01:03 Image size of job updated: 24243024
	23675  -  MemoryUsage of job (MB)
	24243024  -  ResidentSetSize of job (KB)
...
040 (12494146.002.000) 06/09 10:46:26 Started transferring output files
...
040 (12494146.002.000) 06/09 10:46:26 Finished transferring output files
...
005 (12494146.002.000) 06/09 10:46:26 Job terminated.
	(1) Normal termination (return value 0)
		Usr 0 00:15:51, Sys 0 00:02:28  -  Run Remote Usage
		Usr 0 00:00:00, Sys 0 00:00:00  -  Run Local Usage
		Usr 0 00:15:51, Sys 0 00:02:28  -  Total Remote Usage
		Usr 0 00:00:00, Sys 0 00:00:00  -  Total Local Usage
	68076  -  Run Bytes Sent By Job
	10852  -  Run Bytes Received By Job
	68076  -  Total Bytes Sent By Job
	10852  -  Total Bytes Received By Job
	Partitionable Resources :    Usage  Request Allocated 
	   Cpus                 :     0.23        4         4 
	   Disk (KB)            :   143           1      3845 
	   GPUs                 :                           0 
	   Memory (MB)          : 23675       12000     12000 

	Job terminated of its own accord at 2025-06-09T08:46:26Z with exit-code 0.
...
