000 (12494144.000.000) 06/09 06:33:30 Job submitted from host: <188.185.114.121:9618?addrs=188.185.114.121-9618+[2001-1458-d00-a--100-273]-9618&alias=bigbird19.cern.ch&noUDP&sock=schedd_2045_4743>
...
000 (12494144.001.000) 06/09 06:33:30 Job submitted from host: <188.185.114.121:9618?addrs=188.185.114.121-9618+[2001-1458-d00-a--100-273]-9618&alias=bigbird19.cern.ch&noUDP&sock=schedd_2045_4743>
...
000 (12494144.002.000) 06/09 06:33:30 Job submitted from host: <188.185.114.121:9618?addrs=188.185.114.121-9618+[2001-1458-d00-a--100-273]-9618&alias=bigbird19.cern.ch&noUDP&sock=schedd_2045_4743>
...
000 (12494144.003.000) 06/09 06:33:30 Job submitted from host: <188.185.114.121:9618?addrs=188.185.114.121-9618+[2001-1458-d00-a--100-273]-9618&alias=bigbird19.cern.ch&noUDP&sock=schedd_2045_4743>
...
000 (12494144.004.000) 06/09 06:33:30 Job submitted from host: <188.185.114.121:9618?addrs=188.185.114.121-9618+[2001-1458-d00-a--100-273]-9618&alias=bigbird19.cern.ch&noUDP&sock=schedd_2045_4743>
...
000 (12494144.005.000) 06/09 06:33:30 Job submitted from host: <188.185.114.121:9618?addrs=188.185.114.121-9618+[2001-1458-d00-a--100-273]-9618&alias=bigbird19.cern.ch&noUDP&sock=schedd_2045_4743>
...
000 (12494144.006.000) 06/09 06:33:30 Job submitted from host: <188.185.114.121:9618?addrs=188.185.114.121-9618+[2001-1458-d00-a--100-273]-9618&alias=bigbird19.cern.ch&noUDP&sock=schedd_2045_4743>
...
000 (12494144.007.000) 06/09 06:33:30 Job submitted from host: <188.185.114.121:9618?addrs=188.185.114.121-9618+[2001-1458-d00-a--100-273]-9618&alias=bigbird19.cern.ch&noUDP&sock=schedd_2045_4743>
...
000 (12494144.008.000) 06/09 06:33:30 Job submitted from host: <188.185.114.121:9618?addrs=188.185.114.121-9618+[2001-1458-d00-a--100-273]-9618&alias=bigbird19.cern.ch&noUDP&sock=schedd_2045_4743>
...
000 (12494144.009.000) 06/09 06:33:30 Job submitted from host: <188.185.114.121:9618?addrs=188.185.114.121-9618+[2001-1458-d00-a--100-273]-9618&alias=bigbird19.cern.ch&noUDP&sock=schedd_2045_4743>
...
000 (12494144.010.000) 06/09 06:33:30 Job submitted from host: <188.185.114.121:9618?addrs=188.185.114.121-9618+[2001-1458-d00-a--100-273]-9618&alias=bigbird19.cern.ch&noUDP&sock=schedd_2045_4743>
...
040 (12494144.006.000) 06/09 06:35:29 Started transferring input files
	Transferring to host: <188.185.192.168:9618?addrs=188.185.192.168-9618+[2001-1458-303-1f--100-a4]-9618&alias=b9p13p8493.cern.ch&noUDP&sock=slot1_7_8816_6b60_8123>
...
040 (12494144.006.000) 06/09 06:35:29 Finished transferring input files
...
040 (12494144.001.000) 06/09 06:35:29 Started transferring input files
	Transferring to host: <188.185.198.40:9618?addrs=188.185.198.40-9618+[2001-1458-303-25--100-24]-9618&alias=b9p15p0899.cern.ch&noUDP&sock=slot1_3_9208_9e70_5102>
...
040 (12494144.001.000) 06/09 06:35:29 Finished transferring input files
...
040 (12494144.003.000) 06/09 06:35:30 Started transferring input files
	Transferring to host: <128.142.161.85:9618?addrs=128.142.161.85-9618+[2001-1458-301-b8--100-13]-9618&alias=b9g03p2120.cern.ch&noUDP&sock=slot1_25_1350218_7a33_9062>
...
040 (12494144.002.000) 06/09 06:35:30 Started transferring input files
	Transferring to host: <128.142.161.102:9618?addrs=128.142.161.102-9618+[2001-1458-301-b8--100-24]-9618&alias=b9g03p0525.cern.ch&noUDP&sock=slot1_15_1546926_0ef2_43285>
...
040 (12494144.008.000) 06/09 06:35:30 Started transferring input files
	Transferring to host: <188.185.210.184:9618?addrs=188.185.210.184-9618+[2001-1458-303-15--100-34]-9618&alias=b9p22p5620.cern.ch&noUDP&sock=slot1_1_7851_7d58_10443>
...
040 (12494144.002.000) 06/09 06:35:30 Finished transferring input files
...
040 (12494144.003.000) 06/09 06:35:30 Finished transferring input files
...
001 (12494144.006.000) 06/09 06:35:30 Job executing on host: <188.185.192.168:9618?addrs=188.185.192.168-9618+[2001-1458-303-1f--100-a4]-9618&alias=b9p13p8493.cern.ch&noUDP&sock=startd_8672_d963>
	SlotName: slot1_7@b9p13p8493.cern.ch
	CondorScratchDir = "/pool/condor/dir_1142419"
	Cpus = 4
	Disk = 3856
	GPUs = 0
	Memory = 12000
...
001 (12494144.001.000) 06/09 06:35:30 Job executing on host: <188.185.198.40:9618?addrs=188.185.198.40-9618+[2001-1458-303-25--100-24]-9618&alias=b9p15p0899.cern.ch&noUDP&sock=startd_9112_a70e>
	SlotName: slot1_3@b9p15p0899.cern.ch
	CondorScratchDir = "/pool/condor/dir_1797024"
	Cpus = 4
	Disk = 3870
	GPUs = 0
	Memory = 12000
...
040 (12494144.008.000) 06/09 06:35:30 Finished transferring input files
...
001 (12494144.002.000) 06/09 06:35:31 Job executing on host: <128.142.161.102:9618?addrs=128.142.161.102-9618+[2001-1458-301-b8--100-24]-9618&alias=b9g03p0525.cern.ch&noUDP&sock=startd_3212_be49>
	SlotName: slot1_15@b9g03p0525.cern.ch
	CondorScratchDir = "/pool/condor/dir_635844"
	Cpus = 4
	Disk = 4120
	GPUs = 0
	Memory = 12000
...
001 (12494144.003.000) 06/09 06:35:31 Job executing on host: <128.142.161.85:9618?addrs=128.142.161.85-9618+[2001-1458-301-b8--100-13]-9618&alias=b9g03p2120.cern.ch&noUDP&sock=startd_4148808_c88e>
	SlotName: slot1_25@b9g03p2120.cern.ch
	CondorScratchDir = "/pool/condor/dir_3045467"
	Cpus = 4
	Disk = 4019
	GPUs = 0
	Memory = 12000
...
001 (12494144.008.000) 06/09 06:35:31 Job executing on host: <188.185.210.184:9618?addrs=188.185.210.184-9618+[2001-1458-303-15--100-34]-9618&alias=b9p22p5620.cern.ch&noUDP&sock=startd_7292_48b1>
	SlotName: slot1_1@b9p22p5620.cern.ch
	CondorScratchDir = "/pool/condor/dir_839285"
	Cpus = 4
	Disk = 3904
	GPUs = 0
	Memory = 12000
...
040 (12494144.000.000) 06/09 06:35:31 Started transferring input files
	Transferring to host: <188.185.194.123:9618?addrs=188.185.194.123-9618+[2001-1458-303-21--100-77]-9618&alias=b9p20p9107.cern.ch&noUDP&sock=slot1_7_3118_a9b8_6504>
...
040 (12494144.000.000) 06/09 06:35:31 Finished transferring input files
...
040 (12494144.004.000) 06/09 06:35:32 Started transferring input files
	Transferring to host: <188.185.209.84:9618?addrs=188.185.209.84-9618+[2001-1458-303-11--100-51]-9618&alias=b9p11p6104.cern.ch&noUDP&sock=slot1_15_9069_ae4a_7735>
...
040 (12494144.004.000) 06/09 06:35:32 Finished transferring input files
...
001 (12494144.000.000) 06/09 06:35:33 Job executing on host: <188.185.194.123:9618?addrs=188.185.194.123-9618+[2001-1458-303-21--100-77]-9618&alias=b9p20p9107.cern.ch&noUDP&sock=startd_2753_e851>
	SlotName: slot1_7@b9p20p9107.cern.ch
	CondorScratchDir = "/pool/condor/dir_1901843"
	Cpus = 4
	Disk = 3794
	GPUs = 0
	Memory = 12000
...
040 (12494144.005.000) 06/09 06:35:33 Started transferring input files
	Transferring to host: <128.142.248.13:9618?addrs=128.142.248.13-9618+[2001-1458-301-73--100-fd]-9618&alias=b9g23p7326.cern.ch&noUDP&sock=slot1_1_434249_7454_29515>
...
040 (12494144.005.000) 06/09 06:35:33 Finished transferring input files
...
001 (12494144.004.000) 06/09 06:35:34 Job executing on host: <188.185.209.84:9618?addrs=188.185.209.84-9618+[2001-1458-303-11--100-51]-9618&alias=b9p11p6104.cern.ch&noUDP&sock=startd_8103_8fff>
	SlotName: slot1_15@b9p11p6104.cern.ch
	CondorScratchDir = "/pool/condor/dir_3169817"
	Cpus = 4
	Disk = 3788
	GPUs = 0
	Memory = 12000
...
040 (12494144.009.000) 06/09 06:35:34 Started transferring input files
	Transferring to host: <188.185.210.182:9618?addrs=188.185.210.182-9618+[2001-1458-303-15--100-32]-9618&alias=b9p22p0222.cern.ch&noUDP&sock=slot1_21_6487_6da1_7371>
...
040 (12494144.007.000) 06/09 06:35:34 Started transferring input files
	Transferring to host: <188.185.208.146:9618?addrs=188.185.208.146-9618+[2001-1458-303-10--100-f]-9618&alias=b9p10p7008.cern.ch&noUDP&sock=slot1_12_9088_116b_7172>
...
040 (12494144.009.000) 06/09 06:35:34 Finished transferring input files
...
040 (12494144.007.000) 06/09 06:35:34 Finished transferring input files
...
001 (12494144.005.000) 06/09 06:35:34 Job executing on host: <128.142.248.13:9618?addrs=128.142.248.13-9618+[2001-1458-301-73--100-fd]-9618&alias=b9g23p7326.cern.ch&noUDP&sock=startd_5664_9c82>
	SlotName: slot1_1@b9g23p7326.cern.ch
	CondorScratchDir = "/pool/condor/dir_493045"
	Cpus = 4
	Disk = 3779
	GPUs = 0
	Memory = 12000
...
001 (12494144.007.000) 06/09 06:35:35 Job executing on host: <188.185.208.146:9618?addrs=188.185.208.146-9618+[2001-1458-303-10--100-f]-9618&alias=b9p10p7008.cern.ch&noUDP&sock=startd_8938_4d94>
	SlotName: slot1_12@b9p10p7008.cern.ch
	CondorScratchDir = "/pool/condor/dir_475090"
	Cpus = 4
	Disk = 3827
	GPUs = 0
	Memory = 12000
...
001 (12494144.009.000) 06/09 06:35:35 Job executing on host: <188.185.210.182:9618?addrs=188.185.210.182-9618+[2001-1458-303-15--100-32]-9618&alias=b9p22p0222.cern.ch&noUDP&sock=startd_6212_7e68>
	SlotName: slot1_21@b9p22p0222.cern.ch
	CondorScratchDir = "/pool/condor/dir_1058460"
	Cpus = 4
	Disk = 3857
	GPUs = 0
	Memory = 12000
...
040 (12494144.010.000) 06/09 06:35:35 Started transferring input files
	Transferring to host: <188.185.195.109:9618?addrs=188.185.195.109-9618+[2001-1458-303-22--100-69]-9618&alias=b9p17p6101.cern.ch&noUDP&sock=slot1_7_7246_3660_8340>
...
040 (12494144.010.000) 06/09 06:35:35 Finished transferring input files
...
001 (12494144.010.000) 06/09 06:35:36 Job executing on host: <188.185.195.109:9618?addrs=188.185.195.109-9618+[2001-1458-303-22--100-69]-9618&alias=b9p17p6101.cern.ch&noUDP&sock=startd_6825_f5f6>
	SlotName: slot1_7@b9p17p6101.cern.ch
	CondorScratchDir = "/pool/condor/dir_820845"
	Cpus = 4
	Disk = 3851
	GPUs = 0
	Memory = 12000
...
006 (12494144.001.000) 06/09 06:35:39 Image size of job updated: 368064
	360  -  MemoryUsage of job (MB)
	368064  -  ResidentSetSize of job (KB)
...
006 (12494144.008.000) 06/09 06:35:40 Image size of job updated: 340800
	333  -  MemoryUsage of job (MB)
	340800  -  ResidentSetSize of job (KB)
...
006 (12494144.000.000) 06/09 06:35:41 Image size of job updated: 3596
	4  -  MemoryUsage of job (MB)
	3596  -  ResidentSetSize of job (KB)
...
006 (12494144.005.000) 06/09 06:35:43 Image size of job updated: 396248
	387  -  MemoryUsage of job (MB)
	396248  -  ResidentSetSize of job (KB)
...
006 (12494144.002.000) 06/09 06:35:44 Image size of job updated: 87572
	86  -  MemoryUsage of job (MB)
	87572  -  ResidentSetSize of job (KB)
...
006 (12494144.009.000) 06/09 06:35:44 Image size of job updated: 399440
	391  -  MemoryUsage of job (MB)
	399440  -  ResidentSetSize of job (KB)
...
006 (12494144.006.000) 06/09 06:35:44 Image size of job updated: 142728
	140  -  MemoryUsage of job (MB)
	142728  -  ResidentSetSize of job (KB)
...
006 (12494144.003.000) 06/09 06:35:45 Image size of job updated: 1652
	2  -  MemoryUsage of job (MB)
	1652  -  ResidentSetSize of job (KB)
...
006 (12494144.004.000) 06/09 06:35:47 Image size of job updated: 83324
	82  -  MemoryUsage of job (MB)
	83324  -  ResidentSetSize of job (KB)
...
006 (12494144.007.000) 06/09 06:35:49 Image size of job updated: 36140
	36  -  MemoryUsage of job (MB)
	36140  -  ResidentSetSize of job (KB)
...
006 (12494144.010.000) 06/09 06:35:50 Image size of job updated: 59884
	59  -  MemoryUsage of job (MB)
	59884  -  ResidentSetSize of job (KB)
...
006 (12494144.001.000) 06/09 06:40:40 Image size of job updated: 1361368
	1330  -  MemoryUsage of job (MB)
	1361368  -  ResidentSetSize of job (KB)
...
006 (12494144.008.000) 06/09 06:40:41 Image size of job updated: 1623096
	1586  -  MemoryUsage of job (MB)
	1623096  -  ResidentSetSize of job (KB)
...
006 (12494144.000.000) 06/09 06:40:41 Image size of job updated: 1315260
	1285  -  MemoryUsage of job (MB)
	1315260  -  ResidentSetSize of job (KB)
...
006 (12494144.005.000) 06/09 06:40:44 Image size of job updated: 1444268
	1411  -  MemoryUsage of job (MB)
	1444268  -  ResidentSetSize of job (KB)
...
006 (12494144.002.000) 06/09 06:40:45 Image size of job updated: 1139272
	1113  -  MemoryUsage of job (MB)
	1139272  -  ResidentSetSize of job (KB)
...
006 (12494144.009.000) 06/09 06:40:45 Image size of job updated: 1436508
	1403  -  MemoryUsage of job (MB)
	1436508  -  ResidentSetSize of job (KB)
...
006 (12494144.006.000) 06/09 06:40:45 Image size of job updated: 1148988
	1123  -  MemoryUsage of job (MB)
	1148988  -  ResidentSetSize of job (KB)
...
006 (12494144.003.000) 06/09 06:40:46 Image size of job updated: 1077276
	1053  -  MemoryUsage of job (MB)
	1077276  -  ResidentSetSize of job (KB)
...
006 (12494144.004.000) 06/09 06:40:47 Image size of job updated: 1247968
	1219  -  MemoryUsage of job (MB)
	1247968  -  ResidentSetSize of job (KB)
...
006 (12494144.010.000) 06/09 06:40:50 Image size of job updated: 1012052
	989  -  MemoryUsage of job (MB)
	1012052  -  ResidentSetSize of job (KB)
...
006 (12494144.007.000) 06/09 06:40:50 Image size of job updated: 1236300
	1208  -  MemoryUsage of job (MB)
	1236300  -  ResidentSetSize of job (KB)
...
006 (12494144.003.000) 06/09 06:41:29 Image size of job updated: 1197464
	1053  -  MemoryUsage of job (MB)
	1077276  -  ResidentSetSize of job (KB)
...
040 (12494144.003.000) 06/09 06:41:29 Started transferring output files
...
040 (12494144.003.000) 06/09 06:41:29 Finished transferring output files
...
005 (12494144.003.000) 06/09 06:41:29 Job terminated.
	(1) Normal termination (return value 0)
		Usr 0 00:01:39, Sys 0 00:00:06  -  Run Remote Usage
		Usr 0 00:00:00, Sys 0 00:00:00  -  Run Local Usage
		Usr 0 00:01:39, Sys 0 00:00:06  -  Total Remote Usage
		Usr 0 00:00:00, Sys 0 00:00:00  -  Total Local Usage
	43923  -  Run Bytes Sent By Job
	10856  -  Run Bytes Received By Job
	43923  -  Total Bytes Sent By Job
	10856  -  Total Bytes Received By Job
	Partitionable Resources :    Usage  Request Allocated 
	   Cpus                 :        0        4         4 
	   Disk (KB)            :      119        1      4019 
	   GPUs                 :                           0 
	   Memory (MB)          :     1053    12000     12000 

	Job terminated of its own accord at 2025-06-09T04:41:29Z with exit-code 0.
...
006 (12494144.001.000) 06/09 06:45:41 Image size of job updated: 2231164
	2179  -  MemoryUsage of job (MB)
	2231164  -  ResidentSetSize of job (KB)
...
006 (12494144.008.000) 06/09 06:45:41 Image size of job updated: 2847336
	2781  -  MemoryUsage of job (MB)
	2847336  -  ResidentSetSize of job (KB)
...
006 (12494144.000.000) 06/09 06:45:41 Image size of job updated: 2202560
	2151  -  MemoryUsage of job (MB)
	2202560  -  ResidentSetSize of job (KB)
...
006 (12494144.005.000) 06/09 06:45:44 Image size of job updated: 2427104
	2371  -  MemoryUsage of job (MB)
	2427104  -  ResidentSetSize of job (KB)
...
006 (12494144.002.000) 06/09 06:45:46 Image size of job updated: 2119832
	2071  -  MemoryUsage of job (MB)
	2119832  -  ResidentSetSize of job (KB)
...
006 (12494144.009.000) 06/09 06:45:46 Image size of job updated: 2419480
	2363  -  MemoryUsage of job (MB)
	2419480  -  ResidentSetSize of job (KB)
...
006 (12494144.006.000) 06/09 06:45:46 Image size of job updated: 2148988
	2099  -  MemoryUsage of job (MB)
	2148988  -  ResidentSetSize of job (KB)
...
006 (12494144.004.000) 06/09 06:45:47 Image size of job updated: 2359740
	2305  -  MemoryUsage of job (MB)
	2359740  -  ResidentSetSize of job (KB)
...
006 (12494144.010.000) 06/09 06:45:50 Image size of job updated: 1913440
	1869  -  MemoryUsage of job (MB)
	1913440  -  ResidentSetSize of job (KB)
...
006 (12494144.007.000) 06/09 06:45:51 Image size of job updated: 2337304
	2283  -  MemoryUsage of job (MB)
	2337304  -  ResidentSetSize of job (KB)
...
006 (12494144.004.000) 06/09 06:49:12 Image size of job updated: 3202472
	2305  -  MemoryUsage of job (MB)
	2359752  -  ResidentSetSize of job (KB)
...
040 (12494144.004.000) 06/09 06:49:12 Started transferring output files
...
040 (12494144.004.000) 06/09 06:49:12 Finished transferring output files
...
005 (12494144.004.000) 06/09 06:49:12 Job terminated.
	(1) Normal termination (return value 0)
		Usr 0 00:03:06, Sys 0 00:00:23  -  Run Remote Usage
		Usr 0 00:00:00, Sys 0 00:00:00  -  Run Local Usage
		Usr 0 00:03:06, Sys 0 00:00:23  -  Total Remote Usage
		Usr 0 00:00:00, Sys 0 00:00:00  -  Total Local Usage
	45795  -  Run Bytes Sent By Job
	10856  -  Run Bytes Received By Job
	45795  -  Total Bytes Sent By Job
	10856  -  Total Bytes Received By Job
	Partitionable Resources :    Usage  Request Allocated 
	   Cpus                 :     0.30        4         4 
	   Disk (KB)            :   124           1      3788 
	   GPUs                 :                           0 
	   Memory (MB)          :  2305       12000     12000 

	Job terminated of its own accord at 2025-06-09T04:49:12Z with exit-code 0.
...
006 (12494144.001.000) 06/09 06:50:41 Image size of job updated: 3200088
	3126  -  MemoryUsage of job (MB)
	3200088  -  ResidentSetSize of job (KB)
...
006 (12494144.008.000) 06/09 06:50:41 Image size of job updated: 4050956
	3957  -  MemoryUsage of job (MB)
	4050956  -  ResidentSetSize of job (KB)
...
006 (12494144.000.000) 06/09 06:50:42 Image size of job updated: 3190796
	3117  -  MemoryUsage of job (MB)
	3190796  -  ResidentSetSize of job (KB)
...
006 (12494144.005.000) 06/09 06:50:44 Image size of job updated: 3507316
	3426  -  MemoryUsage of job (MB)
	3507316  -  ResidentSetSize of job (KB)
...
006 (12494144.002.000) 06/09 06:50:46 Image size of job updated: 3217084
	3142  -  MemoryUsage of job (MB)
	3217084  -  ResidentSetSize of job (KB)
...
006 (12494144.009.000) 06/09 06:50:46 Image size of job updated: 3504100
	3422  -  MemoryUsage of job (MB)
	3504100  -  ResidentSetSize of job (KB)
...
006 (12494144.006.000) 06/09 06:50:46 Image size of job updated: 3188536
	3114  -  MemoryUsage of job (MB)
	3188536  -  ResidentSetSize of job (KB)
...
006 (12494144.010.000) 06/09 06:50:51 Image size of job updated: 2884352
	2817  -  MemoryUsage of job (MB)
	2884352  -  ResidentSetSize of job (KB)
...
006 (12494144.007.000) 06/09 06:50:51 Image size of job updated: 3536636
	3454  -  MemoryUsage of job (MB)
	3536636  -  ResidentSetSize of job (KB)
...
006 (12494144.008.000) 06/09 06:55:42 Image size of job updated: 5189064
	5068  -  MemoryUsage of job (MB)
	5189064  -  ResidentSetSize of job (KB)
...
006 (12494144.001.000) 06/09 06:55:42 Image size of job updated: 4076052
	3981  -  MemoryUsage of job (MB)
	4076052  -  ResidentSetSize of job (KB)
...
006 (12494144.000.000) 06/09 06:55:43 Image size of job updated: 4078304
	3983  -  MemoryUsage of job (MB)
	4078304  -  ResidentSetSize of job (KB)
...
006 (12494144.005.000) 06/09 06:55:46 Image size of job updated: 4489324
	4385  -  MemoryUsage of job (MB)
	4489324  -  ResidentSetSize of job (KB)
...
006 (12494144.002.000) 06/09 06:55:46 Image size of job updated: 4205132
	4107  -  MemoryUsage of job (MB)
	4205132  -  ResidentSetSize of job (KB)
...
006 (12494144.009.000) 06/09 06:55:47 Image size of job updated: 4493576
	4389  -  MemoryUsage of job (MB)
	4493576  -  ResidentSetSize of job (KB)
...
006 (12494144.006.000) 06/09 06:55:47 Image size of job updated: 4142932
	4046  -  MemoryUsage of job (MB)
	4142932  -  ResidentSetSize of job (KB)
...
006 (12494144.010.000) 06/09 06:55:51 Image size of job updated: 3757816
	3670  -  MemoryUsage of job (MB)
	3757816  -  ResidentSetSize of job (KB)
...
006 (12494144.007.000) 06/09 06:55:52 Image size of job updated: 4614616
	4507  -  MemoryUsage of job (MB)
	4614616  -  ResidentSetSize of job (KB)
...
006 (12494144.007.000) 06/09 06:59:45 Image size of job updated: 5494148
	4507  -  MemoryUsage of job (MB)
	4614632  -  ResidentSetSize of job (KB)
...
040 (12494144.007.000) 06/09 06:59:45 Started transferring output files
...
040 (12494144.007.000) 06/09 06:59:45 Finished transferring output files
...
005 (12494144.007.000) 06/09 06:59:45 Job terminated.
	(1) Normal termination (return value 0)
		Usr 0 00:05:33, Sys 0 00:00:38  -  Run Remote Usage
		Usr 0 00:00:00, Sys 0 00:00:00  -  Run Local Usage
		Usr 0 00:05:33, Sys 0 00:00:38  -  Total Remote Usage
		Usr 0 00:00:00, Sys 0 00:00:00  -  Total Local Usage
	47954  -  Run Bytes Sent By Job
	10856  -  Run Bytes Received By Job
	47954  -  Total Bytes Sent By Job
	10856  -  Total Bytes Received By Job
	Partitionable Resources :    Usage  Request Allocated 
	   Cpus                 :     0.27        4         4 
	   Disk (KB)            :   126           1      3827 
	   GPUs                 :                           0 
	   Memory (MB)          :  4507       12000     12000 

	Job terminated of its own accord at 2025-06-09T04:59:45Z with exit-code 0.
...
006 (12494144.008.000) 06/09 07:00:42 Image size of job updated: 6108092
	5965  -  MemoryUsage of job (MB)
	6108092  -  ResidentSetSize of job (KB)
...
006 (12494144.001.000) 06/09 07:00:43 Image size of job updated: 4666652
	4558  -  MemoryUsage of job (MB)
	4666652  -  ResidentSetSize of job (KB)
...
006 (12494144.000.000) 06/09 07:00:43 Image size of job updated: 4665608
	4557  -  MemoryUsage of job (MB)
	4665608  -  ResidentSetSize of job (KB)
...
006 (12494144.005.000) 06/09 07:00:46 Image size of job updated: 5191924
	5071  -  MemoryUsage of job (MB)
	5191924  -  ResidentSetSize of job (KB)
...
006 (12494144.002.000) 06/09 07:00:47 Image size of job updated: 5214200
	5092  -  MemoryUsage of job (MB)
	5214200  -  ResidentSetSize of job (KB)
...
006 (12494144.009.000) 06/09 07:00:48 Image size of job updated: 5204280
	5083  -  MemoryUsage of job (MB)
	5204280  -  ResidentSetSize of job (KB)
...
006 (12494144.006.000) 06/09 07:00:48 Image size of job updated: 5106424
	4987  -  MemoryUsage of job (MB)
	5106424  -  ResidentSetSize of job (KB)
...
006 (12494144.010.000) 06/09 07:00:52 Image size of job updated: 4646632
	4538  -  MemoryUsage of job (MB)
	4646632  -  ResidentSetSize of job (KB)
...
006 (12494144.002.000) 06/09 07:01:32 Image size of job updated: 5373432
	5092  -  MemoryUsage of job (MB)
	5214200  -  ResidentSetSize of job (KB)
...
040 (12494144.002.000) 06/09 07:01:32 Started transferring output files
...
040 (12494144.002.000) 06/09 07:01:32 Finished transferring output files
...
005 (12494144.002.000) 06/09 07:01:32 Job terminated.
	(1) Normal termination (return value 0)
		Usr 0 00:06:55, Sys 0 00:00:34  -  Run Remote Usage
		Usr 0 00:00:00, Sys 0 00:00:00  -  Run Local Usage
		Usr 0 00:06:55, Sys 0 00:00:34  -  Total Remote Usage
		Usr 0 00:00:00, Sys 0 00:00:00  -  Total Local Usage
	47882  -  Run Bytes Sent By Job
	10856  -  Run Bytes Received By Job
	47882  -  Total Bytes Sent By Job
	10856  -  Total Bytes Received By Job
	Partitionable Resources :    Usage  Request Allocated 
	   Cpus                 :     0.34        4         4 
	   Disk (KB)            :   123           1      4120 
	   GPUs                 :                           0 
	   Memory (MB)          :  5092       12000     12000 

	Job terminated of its own accord at 2025-06-09T05:01:32Z with exit-code 0.
...
040 (12494144.009.000) 06/09 07:03:22 Started transferring output files
...
040 (12494144.009.000) 06/09 07:03:22 Finished transferring output files
...
005 (12494144.009.000) 06/09 07:03:22 Job terminated.
	(1) Normal termination (return value 0)
		Usr 0 00:05:41, Sys 0 00:00:45  -  Run Remote Usage
		Usr 0 00:00:00, Sys 0 00:00:00  -  Run Local Usage
		Usr 0 00:05:41, Sys 0 00:00:45  -  Total Remote Usage
		Usr 0 00:00:00, Sys 0 00:00:00  -  Total Local Usage
	48171  -  Run Bytes Sent By Job
	10856  -  Run Bytes Received By Job
	48171  -  Total Bytes Sent By Job
	10856  -  Total Bytes Received By Job
	Partitionable Resources :    Usage  Request Allocated 
	   Cpus                 :     0.19        4         4 
	   Disk (KB)            :   124           1      3857 
	   GPUs                 :                           0 
	   Memory (MB)          :  5083       12000     12000 

	Job terminated of its own accord at 2025-06-09T05:03:22Z with exit-code 0.
...
006 (12494144.008.000) 06/09 07:05:42 Image size of job updated: 7269324
	7099  -  MemoryUsage of job (MB)
	7269324  -  ResidentSetSize of job (KB)
...
006 (12494144.001.000) 06/09 07:05:43 Image size of job updated: 5616040
	5485  -  MemoryUsage of job (MB)
	5616040  -  ResidentSetSize of job (KB)
...
006 (12494144.000.000) 06/09 07:05:44 Image size of job updated: 5611952
	5481  -  MemoryUsage of job (MB)
	5611952  -  ResidentSetSize of job (KB)
...
006 (12494144.005.000) 06/09 07:05:46 Image size of job updated: 6229596
	6084  -  MemoryUsage of job (MB)
	6229596  -  ResidentSetSize of job (KB)
...
006 (12494144.006.000) 06/09 07:05:48 Image size of job updated: 6097820
	5955  -  MemoryUsage of job (MB)
	6097820  -  ResidentSetSize of job (KB)
...
006 (12494144.010.000) 06/09 07:05:53 Image size of job updated: 5600084
	5469  -  MemoryUsage of job (MB)
	5600084  -  ResidentSetSize of job (KB)
...
040 (12494144.008.000) 06/09 07:06:20 Started transferring output files
...
040 (12494144.008.000) 06/09 07:06:20 Finished transferring output files
...
005 (12494144.008.000) 06/09 07:06:20 Job terminated.
	(1) Normal termination (return value 0)
		Usr 0 00:06:29, Sys 0 00:00:45  -  Run Remote Usage
		Usr 0 00:00:00, Sys 0 00:00:00  -  Run Local Usage
		Usr 0 00:06:29, Sys 0 00:00:45  -  Total Remote Usage
		Usr 0 00:00:00, Sys 0 00:00:00  -  Total Local Usage
	49754  -  Run Bytes Sent By Job
	10856  -  Run Bytes Received By Job
	49754  -  Total Bytes Sent By Job
	10856  -  Total Bytes Received By Job
	Partitionable Resources :    Usage  Request Allocated 
	   Cpus                 :     0.21        4         4 
	   Disk (KB)            :   125           1      3904 
	   GPUs                 :                           0 
	   Memory (MB)          :  7099       12000     12000 

	Job terminated of its own accord at 2025-06-09T05:06:20Z with exit-code 0.
...
006 (12494144.001.000) 06/09 07:10:43 Image size of job updated: 6467016
	6316  -  MemoryUsage of job (MB)
	6467016  -  ResidentSetSize of job (KB)
...
006 (12494144.000.000) 06/09 07:10:45 Image size of job updated: 6480900
	6330  -  MemoryUsage of job (MB)
	6480900  -  ResidentSetSize of job (KB)
...
006 (12494144.005.000) 06/09 07:10:47 Image size of job updated: 7196704
	7029  -  MemoryUsage of job (MB)
	7196704  -  ResidentSetSize of job (KB)
...
006 (12494144.006.000) 06/09 07:10:49 Image size of job updated: 7040248
	6876  -  MemoryUsage of job (MB)
	7040248  -  ResidentSetSize of job (KB)
...
006 (12494144.010.000) 06/09 07:10:53 Image size of job updated: 6440924
	6290  -  MemoryUsage of job (MB)
	6440924  -  ResidentSetSize of job (KB)
...
006 (12494144.001.000) 06/09 07:15:44 Image size of job updated: 7322488
	7151  -  MemoryUsage of job (MB)
	7322488  -  ResidentSetSize of job (KB)
...
006 (12494144.000.000) 06/09 07:15:45 Image size of job updated: 7364852
	7193  -  MemoryUsage of job (MB)
	7364852  -  ResidentSetSize of job (KB)
...
006 (12494144.005.000) 06/09 07:15:48 Image size of job updated: 8151500
	7961  -  MemoryUsage of job (MB)
	8151500  -  ResidentSetSize of job (KB)
...
006 (12494144.006.000) 06/09 07:15:50 Image size of job updated: 7985664
	7799  -  MemoryUsage of job (MB)
	7985664  -  ResidentSetSize of job (KB)
...
006 (12494144.010.000) 06/09 07:15:54 Image size of job updated: 7342776
	7171  -  MemoryUsage of job (MB)
	7342776  -  ResidentSetSize of job (KB)
...
040 (12494144.005.000) 06/09 07:18:07 Started transferring output files
...
040 (12494144.005.000) 06/09 07:18:07 Finished transferring output files
...
005 (12494144.005.000) 06/09 07:18:07 Job terminated.
	(1) Normal termination (return value 0)
		Usr 0 00:13:36, Sys 0 00:00:53  -  Run Remote Usage
		Usr 0 00:00:00, Sys 0 00:00:00  -  Run Local Usage
		Usr 0 00:13:36, Sys 0 00:00:53  -  Total Remote Usage
		Usr 0 00:00:00, Sys 0 00:00:00  -  Total Local Usage
	50918  -  Run Bytes Sent By Job
	10856  -  Run Bytes Received By Job
	50918  -  Total Bytes Sent By Job
	10856  -  Total Bytes Received By Job
	Partitionable Resources :    Usage  Request Allocated 
	   Cpus                 :     0.60        4         4 
	   Disk (KB)            :   127           1      3779 
	   GPUs                 :                           0 
	   Memory (MB)          :  7961       12000     12000 

	Job terminated of its own accord at 2025-06-09T05:18:07Z with exit-code 0.
...
006 (12494144.001.000) 06/09 07:20:44 Image size of job updated: 8171696
	7981  -  MemoryUsage of job (MB)
	8171696  -  ResidentSetSize of job (KB)
...
006 (12494144.000.000) 06/09 07:20:45 Image size of job updated: 8197744
	8006  -  MemoryUsage of job (MB)
	8197744  -  ResidentSetSize of job (KB)
...
006 (12494144.006.000) 06/09 07:20:50 Image size of job updated: 8938864
	8730  -  MemoryUsage of job (MB)
	8938864  -  ResidentSetSize of job (KB)
...
006 (12494144.010.000) 06/09 07:20:55 Image size of job updated: 8214336
	8022  -  MemoryUsage of job (MB)
	8214336  -  ResidentSetSize of job (KB)
...
006 (12494144.001.000) 06/09 07:25:44 Image size of job updated: 9036976
	8826  -  MemoryUsage of job (MB)
	9036976  -  ResidentSetSize of job (KB)
...
006 (12494144.000.000) 06/09 07:25:46 Image size of job updated: 9078328
	8866  -  MemoryUsage of job (MB)
	9078328  -  ResidentSetSize of job (KB)
...
006 (12494144.006.000) 06/09 07:25:50 Image size of job updated: 9901344
	9670  -  MemoryUsage of job (MB)
	9901344  -  ResidentSetSize of job (KB)
...
006 (12494144.010.000) 06/09 07:25:55 Image size of job updated: 9116256
	8903  -  MemoryUsage of job (MB)
	9116256  -  ResidentSetSize of job (KB)
...
006 (12494144.006.000) 06/09 07:30:12 Image size of job updated: 10728764
	9670  -  MemoryUsage of job (MB)
	9901344  -  ResidentSetSize of job (KB)
...
040 (12494144.006.000) 06/09 07:30:12 Started transferring output files
...
040 (12494144.006.000) 06/09 07:30:12 Finished transferring output files
...
005 (12494144.006.000) 06/09 07:30:12 Job terminated.
	(1) Normal termination (return value 0)
		Usr 0 00:17:20, Sys 0 00:01:07  -  Run Remote Usage
		Usr 0 00:00:00, Sys 0 00:00:00  -  Run Local Usage
		Usr 0 00:17:20, Sys 0 00:01:07  -  Total Remote Usage
		Usr 0 00:00:00, Sys 0 00:00:00  -  Total Local Usage
	53182  -  Run Bytes Sent By Job
	10856  -  Run Bytes Received By Job
	53182  -  Total Bytes Sent By Job
	10856  -  Total Bytes Received By Job
	Partitionable Resources :    Usage  Request Allocated 
	   Cpus                 :     0.33        4         4 
	   Disk (KB)            :   129           1      3856 
	   GPUs                 :                           0 
	   Memory (MB)          :  9670       12000     12000 

	Job terminated of its own accord at 2025-06-09T05:30:12Z with exit-code 0.
...
006 (12494144.001.000) 06/09 07:30:45 Image size of job updated: 9898428
	9667  -  MemoryUsage of job (MB)
	9898428  -  ResidentSetSize of job (KB)
...
006 (12494144.000.000) 06/09 07:30:46 Image size of job updated: 9964300
	9731  -  MemoryUsage of job (MB)
	9964300  -  ResidentSetSize of job (KB)
...
006 (12494144.010.000) 06/09 07:30:56 Image size of job updated: 10035088
	9800  -  MemoryUsage of job (MB)
	10035088  -  ResidentSetSize of job (KB)
...
006 (12494144.001.000) 06/09 07:35:46 Image size of job updated: 10738652
	10487  -  MemoryUsage of job (MB)
	10738652  -  ResidentSetSize of job (KB)
...
006 (12494144.000.000) 06/09 07:35:46 Image size of job updated: 10790400
	10538  -  MemoryUsage of job (MB)
	10790400  -  ResidentSetSize of job (KB)
...
006 (12494144.010.000) 06/09 07:35:57 Image size of job updated: 10859140
	10526  -  MemoryUsage of job (MB)
	10778000  -  ResidentSetSize of job (KB)
...
040 (12494144.010.000) 06/09 07:36:06 Started transferring output files
...
040 (12494144.010.000) 06/09 07:36:06 Finished transferring output files
...
005 (12494144.010.000) 06/09 07:36:06 Job terminated.
	(1) Normal termination (return value 0)
		Usr 0 00:20:30, Sys 0 00:01:40  -  Run Remote Usage
		Usr 0 00:00:00, Sys 0 00:00:00  -  Run Local Usage
		Usr 0 00:20:30, Sys 0 00:01:40  -  Total Remote Usage
		Usr 0 00:00:00, Sys 0 00:00:00  -  Total Local Usage
	53254  -  Run Bytes Sent By Job
	10856  -  Run Bytes Received By Job
	53254  -  Total Bytes Sent By Job
	10856  -  Total Bytes Received By Job
	Partitionable Resources :    Usage  Request Allocated 
	   Cpus                 :     0.40        4         4 
	   Disk (KB)            :   129           1      3851 
	   GPUs                 :                           0 
	   Memory (MB)          : 10526       12000     12000 

	Job terminated of its own accord at 2025-06-09T05:36:06Z with exit-code 0.
...
040 (12494144.001.000) 06/09 07:36:51 Started transferring output files
...
040 (12494144.001.000) 06/09 07:36:51 Finished transferring output files
...
005 (12494144.001.000) 06/09 07:36:51 Job terminated.
	(1) Normal termination (return value 0)
		Usr 0 00:19:34, Sys 0 00:01:29  -  Run Remote Usage
		Usr 0 00:00:00, Sys 0 00:00:00  -  Run Local Usage
		Usr 0 00:19:34, Sys 0 00:01:29  -  Total Remote Usage
		Usr 0 00:00:00, Sys 0 00:00:00  -  Total Local Usage
	53255  -  Run Bytes Sent By Job
	10856  -  Run Bytes Received By Job
	53255  -  Total Bytes Sent By Job
	10856  -  Total Bytes Received By Job
	Partitionable Resources :    Usage  Request Allocated 
	   Cpus                 :     0.30        4         4 
	   Disk (KB)            :   129           1      3870 
	   GPUs                 :                           0 
	   Memory (MB)          : 10487       12000     12000 

	Job terminated of its own accord at 2025-06-09T05:36:51Z with exit-code 0.
...
040 (12494144.000.000) 06/09 07:37:37 Started transferring output files
...
040 (12494144.000.000) 06/09 07:37:37 Finished transferring output files
...
005 (12494144.000.000) 06/09 07:37:37 Job terminated.
	(1) Normal termination (return value 0)
		Usr 0 00:21:03, Sys 0 00:01:36  -  Run Remote Usage
		Usr 0 00:00:00, Sys 0 00:00:00  -  Run Local Usage
		Usr 0 00:21:03, Sys 0 00:01:36  -  Total Remote Usage
		Usr 0 00:00:00, Sys 0 00:00:00  -  Total Local Usage
	53253  -  Run Bytes Sent By Job
	10856  -  Run Bytes Received By Job
	53253  -  Total Bytes Sent By Job
	10856  -  Total Bytes Received By Job
	Partitionable Resources :    Usage  Request Allocated 
	   Cpus                 :     0.39        4         4 
	   Disk (KB)            :   129           1      3794 
	   GPUs                 :                           0 
	   Memory (MB)          : 10538       12000     12000 

	Job terminated of its own accord at 2025-06-09T05:37:37Z with exit-code 0.
...
