

START---------------
WORKDIR  /u/user/jhlee/ttHH/CMSSW_14_2_1/src/tempTTHH
WORKDIR  /u/user/jhlee/ttHH/CMSSW_14_2_1/src/tempTTHH
TNM_PATH=/u/user/jhlee/ttHH/CMSSW_14_2_1/src/tempTTHH

--------- Check arugments ---------------------------------------

  - [ output file name ] --> /pnfs/knu.ac.kr/data/cms/store/user/junghyun/ttHH/AnalyzerOutput/ttWH/ttWH_6.root
  - [ runYear ] --> 2017
  - [ isData ] --> MC
  - [ sampleName ] --> ttWH
  - [ eraName ] --> A

--------- Check arugments ---------------------------------------


eventBuffer - All branches selected
 Output filename: /pnfs/knu.ac.kr/data/cms/store/user/junghyun/ttHH/AnalyzerOutput/ttWH/ttWH_6.root
[CorrectionsManager] json library path : /cvmfs/cms.cern.ch/rsync/cms-nanoAOD/jsonpog-integration
weight = 0.000131699

	[35m[ Warning ]: This analyzer commented out [ "WTF" log ] in the header, Please check if you want!!![0m

	[34m[ Log ]: --------------------------------------------------------------------------[0m
	[34m[ Log ]: Before start, Let's check the analysis information[0m
	[34m[ Log ]: Run Year    ----> [  2017  ][0m
	[34m[ Log ]: Data or MC  ----> [  MC  ][0m
	[34m[ Log ]: Sample Name ----> [  ttWH  ][0m
	[34m[ Log ]: --------------------------------------------------------------------------[0m

	[36m[ Log ]: Processed events of 2017, MC, ttWH: 0[0m
	[36m[ Log ]: Processed events of 2017, MC, ttWH: 10000[0m
	[36m[ Log ]: Processed events of 2017, MC, ttWH: 20000[0m
	[36m[ Log ]: Processed events of 2017, MC, ttWH: 30000[0m
	[36m[ Log ]: Processed events of 2017, MC, ttWH: 40000[0m
	[36m[ Log ]: Processed events of 2017, MC, ttWH: 50000[0m
	[36m[ Log ]: Processed events of 2017, MC, ttWH: 60000[0m
	[36m[ Log ]: Processed events of 2017, MC, ttWH: 70000[0m
	[36m[ Log ]: Processed events of 2017, MC, ttWH: 80000[0m
	[36m[ Log ]: Processed events of 2017, MC, ttWH: 90000[0m
	[36m[ Log ]: Processed events of 2017, MC, ttWH: 100000[0m
	[36m[ Log ]: Processed events of 2017, MC, ttWH: 110000[0m
	[36m[ Log ]: Processed events of 2017, MC, ttWH: 120000[0m
	[36m[ Log ]: Processed events of 2017, MC, ttWH: 130000[0m
	[36m[ Log ]: Processed events of 2017, MC, ttWH: 140000[0m
	[36m[ Log ]: Processed events of 2017, MC, ttWH: 150000[0m
	[36m[ Log ]: Processed events of 2017, MC, ttWH: 160000[0m
	[36m[ Log ]: Processed events of 2017, MC, ttWH: 170000[0m
	[36m[ Log ]: Processed events of 2017, MC, ttWH: 180000[0m
	[36m[ Log ]: Processed events of 2017, MC, ttWH: 190000[0m
	[36m[ Log ]: Processed events of 2017, MC, ttWH: 200000[0m
	[36m[ Log ]: Processed events of 2017, MC, ttWH: 210000[0m
	[36m[ Log ]: Processed events of 2017, MC, ttWH: 220000[0m
	[36m[ Log ]: Processed events of 2017, MC, ttWH: 230000[0m
