

START---------------
WORKDIR  /u/user/jhlee/ttHH/CMSSW_14_2_1/src/tempTTHH
WORKDIR  /u/user/jhlee/ttHH/CMSSW_14_2_1/src/tempTTHH
TNM_PATH=/u/user/jhlee/ttHH/CMSSW_14_2_1/src/tempTTHH

--------- Check arugments ---------------------------------------

  - [ output file name ] --> /pnfs/knu.ac.kr/data/cms/store/user/junghyun/ttHH/AnalyzerOutput/tt4b/tt4b_6.root
  - [ runYear ] --> 2017
  - [ isData ] --> MC
  - [ sampleName ] --> tt4b
  - [ eraName ] --> A

--------- Check arugments ---------------------------------------


eventBuffer - All branches selected
 Output filename: /pnfs/knu.ac.kr/data/cms/store/user/junghyun/ttHH/AnalyzerOutput/tt4b/tt4b_6.root
[CorrectionsManager] json library path : /cvmfs/cms.cern.ch/rsync/cms-nanoAOD/jsonpog-integration
weight = 0.00129997

	[35m[ Warning ]: This analyzer commented out [ "WTF" log ] in the header, Please check if you want!!![0m

	[34m[ Log ]: --------------------------------------------------------------------------[0m
	[34m[ Log ]: Before start, Let's check the analysis information[0m
	[34m[ Log ]: Run Year    ----> [  2017  ][0m
	[34m[ Log ]: Data or MC  ----> [  MC  ][0m
	[34m[ Log ]: Sample Name ----> [  tt4b  ][0m
	[34m[ Log ]: --------------------------------------------------------------------------[0m

	[36m[ Log ]: Processed events of 2017, MC, tt4b: 0[0m
	[36m[ Log ]: Processed events of 2017, MC, tt4b: 10000[0m
	[36m[ Log ]: Processed events of 2017, MC, tt4b: 20000[0m
	[36m[ Log ]: Processed events of 2017, MC, tt4b: 30000[0m
	[36m[ Log ]: Processed events of 2017, MC, tt4b: 40000[0m
	[36m[ Log ]: Processed events of 2017, MC, tt4b: 50000[0m
	[36m[ Log ]: Processed events of 2017, MC, tt4b: 60000[0m
	[36m[ Log ]: Processed events of 2017, MC, tt4b: 70000[0m
	[36m[ Log ]: Processed events of 2017, MC, tt4b: 80000[0m
	[36m[ Log ]: Processed events of 2017, MC, tt4b: 90000[0m
	[36m[ Log ]: Processed events of 2017, MC, tt4b: 100000[0m
	[36m[ Log ]: Processed events of 2017, MC, tt4b: 110000[0m
	[36m[ Log ]: Processed events of 2017, MC, tt4b: 120000[0m
	[36m[ Log ]: Processed events of 2017, MC, tt4b: 130000[0m
	[36m[ Log ]: Processed events of 2017, MC, tt4b: 140000[0m
	[36m[ Log ]: Processed events of 2017, MC, tt4b: 150000[0m
	[36m[ Log ]: Processed events of 2017, MC, tt4b: 160000[0m
	[36m[ Log ]: Processed events of 2017, MC, tt4b: 170000[0m
	[36m[ Log ]: Processed events of 2017, MC, tt4b: 180000[0m
	[36m[ Log ]: Processed events of 2017, MC, tt4b: 190000[0m
	[36m[ Log ]: Processed events of 2017, MC, tt4b: 200000[0m
	[36m[ Log ]: Processed events of 2017, MC, tt4b: 210000[0m
	[36m[ Log ]: Processed events of 2017, MC, tt4b: 220000[0m
	[36m[ Log ]: Processed events of 2017, MC, tt4b: 230000[0m
	[36m[ Log ]: Processed events of 2017, MC, tt4b: 240000[0m
	[36m[ Log ]: Processed events of 2017, MC, tt4b: 250000[0m
	[36m[ Log ]: Processed events of 2017, MC, tt4b: 260000[0m
	[36m[ Log ]: Processed events of 2017, MC, tt4b: 270000[0m
	[36m[ Log ]: Processed events of 2017, MC, tt4b: 280000[0m
	[36m[ Log ]: Processed events of 2017, MC, tt4b: 290000[0m
	[36m[ Log ]: Processed events of 2017, MC, tt4b: 300000[0m
	[36m[ Log ]: Processed events of 2017, MC, tt4b: 310000[0m
	[36m[ Log ]: Processed events of 2017, MC, tt4b: 320000[0m
	[36m[ Log ]: Processed events of 2017, MC, tt4b: 330000[0m
	[36m[ Log ]: Processed events of 2017, MC, tt4b: 340000[0m
	[36m[ Log ]: Processed events of 2017, MC, tt4b: 350000[0m
	[36m[ Log ]: Processed events of 2017, MC, tt4b: 360000[0m
	[36m[ Log ]: Processed events of 2017, MC, tt4b: 370000[0m
	[36m[ Log ]: Processed events of 2017, MC, tt4b: 380000[0m
	[36m[ Log ]: Processed events of 2017, MC, tt4b: 390000[0m
	[36m[ Log ]: Processed events of 2017, MC, tt4b: 400000[0m
	[36m[ Log ]: Processed events of 2017, MC, tt4b: 410000[0m
	[36m[ Log ]: Processed events of 2017, MC, tt4b: 420000[0m
	[36m[ Log ]: Processed events of 2017, MC, tt4b: 430000[0m
	[36m[ Log ]: Processed events of 2017, MC, tt4b: 440000[0m
	[36m[ Log ]: Processed events of 2017, MC, tt4b: 450000[0m
	[36m[ Log ]: Processed events of 2017, MC, tt4b: 460000[0m
	[36m[ Log ]: Processed events of 2017, MC, tt4b: 470000[0m
	[36m[ Log ]: Processed events of 2017, MC, tt4b: 480000[0m
	[36m[ Log ]: Processed events of 2017, MC, tt4b: 490000[0m
	[36m[ Log ]: Processed events of 2017, MC, tt4b: 500000[0m
	[36m[ Log ]: Processed events of 2017, MC, tt4b: 510000[0m
	[36m[ Log ]: Processed events of 2017, MC, tt4b: 520000[0m
	[36m[ Log ]: Processed events of 2017, MC, tt4b: 530000[0m
	[36m[ Log ]: Processed events of 2017, MC, tt4b: 540000[0m
	[36m[ Log ]: Processed events of 2017, MC, tt4b: 550000[0m
	[36m[ Log ]: Processed events of 2017, MC, tt4b: 560000[0m
	[36m[ Log ]: Processed events of 2017, MC, tt4b: 570000[0m
	[36m[ Log ]: Processed events of 2017, MC, tt4b: 580000[0m
	[36m[ Log ]: Processed events of 2017, MC, tt4b: 590000[0m
	[36m[ Log ]: Processed events of 2017, MC, tt4b: 600000[0m
	[36m[ Log ]: Processed events of 2017, MC, tt4b: 610000[0m
	[36m[ Log ]: Processed events of 2017, MC, tt4b: 620000[0m
	[36m[ Log ]: Processed events of 2017, MC, tt4b: 630000[0m
	[36m[ Log ]: Processed events of 2017, MC, tt4b: 640000[0m
	[36m[ Log ]: Processed events of 2017, MC, tt4b: 650000[0m
	[36m[ Log ]: Processed events of 2017, MC, tt4b: 660000[0m
	[36m[ Log ]: Processed events of 2017, MC, tt4b: 670000[0m
	[36m[ Log ]: Processed events of 2017, MC, tt4b: 680000[0m
	[36m[ Log ]: Processed events of 2017, MC, tt4b: 690000[0m
	[36m[ Log ]: Processed events of 2017, MC, tt4b: 700000[0m
	[36m[ Log ]: Processed events of 2017, MC, tt4b: 710000[0m
	[36m[ Log ]: Processed events of 2017, MC, tt4b: 720000[0m
	[36m[ Log ]: Processed events of 2017, MC, tt4b: 730000[0m
	[36m[ Log ]: Processed events of 2017, MC, tt4b: 740000[0m
	[36m[ Log ]: Processed events of 2017, MC, tt4b: 750000[0m
	[36m[ Log ]: Processed events of 2017, MC, tt4b: 760000[0m
	[36m[ Log ]: Processed events of 2017, MC, tt4b: 770000[0m
	[36m[ Log ]: Processed events of 2017, MC, tt4b: 780000[0m
	[36m[ Log ]: Processed events of 2017, MC, tt4b: 790000[0m
	[36m[ Log ]: Processed events of 2017, MC, tt4b: 800000[0m
	[36m[ Log ]: Processed events of 2017, MC, tt4b: 810000[0m
	[36m[ Log ]: Processed events of 2017, MC, tt4b: 820000[0m
	[36m[ Log ]: Processed events of 2017, MC, tt4b: 830000[0m
	[36m[ Log ]: Processed events of 2017, MC, tt4b: 840000[0m
	[36m[ Log ]: Processed events of 2017, MC, tt4b: 850000[0m
	[36m[ Log ]: Processed events of 2017, MC, tt4b: 860000[0m
	[36m[ Log ]: Processed events of 2017, MC, tt4b: 870000[0m
	[36m[ Log ]: Processed events of 2017, MC, tt4b: 880000[0m
	[36m[ Log ]: Processed events of 2017, MC, tt4b: 890000[0m
	[36m[ Log ]: Processed events of 2017, MC, tt4b: 900000[0m
	[36m[ Log ]: Processed events of 2017, MC, tt4b: 910000[0m
	[36m[ Log ]: Processed events of 2017, MC, tt4b: 920000[0m
	[36m[ Log ]: Processed events of 2017, MC, tt4b: 930000[0m
	[36m[ Log ]: Processed events of 2017, MC, tt4b: 940000[0m
	[36m[ Log ]: Processed events of 2017, MC, tt4b: 950000[0m
	[36m[ Log ]: Processed events of 2017, MC, tt4b: 960000[0m
	[36m[ Log ]: Processed events of 2017, MC, tt4b: 970000[0m
	[36m[ Log ]: Processed events of 2017, MC, tt4b: 980000[0m
	[36m[ Log ]: Processed events of 2017, MC, tt4b: 990000[0m
	[36m[ Log ]: Processed events of 2017, MC, tt4b: 1000000[0m
	[36m[ Log ]: Processed events of 2017, MC, tt4b: 1010000[0m
	[36m[ Log ]: Processed events of 2017, MC, tt4b: 1020000[0m
	[36m[ Log ]: Processed events of 2017, MC, tt4b: 1030000[0m
	[36m[ Log ]: Processed events of 2017, MC, tt4b: 1040000[0m
