

START---------------
WORKDIR  /u/user/jhlee/ttHH/CMSSW_14_2_1/src/tempTTHH
WORKDIR  /u/user/jhlee/ttHH/CMSSW_14_2_1/src/tempTTHH
TNM_PATH=/u/user/jhlee/ttHH/CMSSW_14_2_1/src/tempTTHH

--------- Check arugments ---------------------------------------

  - [ output file name ] --> /pnfs/knu.ac.kr/data/cms/store/user/junghyun/ttHH/AnalyzerOutput/QCD_HT200to300/QCD_HT200to300_6.root
  - [ runYear ] --> 2017
  - [ isData ] --> MC
  - [ sampleName ] --> QCD_HT200to300
  - [ eraName ] --> A

--------- Check arugments ---------------------------------------


eventBuffer - All branches selected
 Output filename: /pnfs/knu.ac.kr/data/cms/store/user/junghyun/ttHH/AnalyzerOutput/QCD_HT200to300/QCD_HT200to300_6.root
[CorrectionsManager] json library path : /cvmfs/cms.cern.ch/rsync/cms-nanoAOD/jsonpog-integration
weight = 1071.94

	[35m[ Warning ]: This analyzer commented out [ "WTF" log ] in the header, Please check if you want!!![0m

	[34m[ Log ]: --------------------------------------------------------------------------[0m
	[34m[ Log ]: Before start, Let's check the analysis information[0m
	[34m[ Log ]: Run Year    ----> [  2017  ][0m
	[34m[ Log ]: Data or MC  ----> [  MC  ][0m
	[34m[ Log ]: Sample Name ----> [  QCD_HT200to300  ][0m
	[34m[ Log ]: --------------------------------------------------------------------------[0m

	[36m[ Log ]: Processed events of 2017, MC, QCD_HT200to300: 0[0m
	[36m[ Log ]: Processed events of 2017, MC, QCD_HT200to300: 10000[0m
	[36m[ Log ]: Processed events of 2017, MC, QCD_HT200to300: 20000[0m
	[36m[ Log ]: Processed events of 2017, MC, QCD_HT200to300: 30000[0m
	[36m[ Log ]: Processed events of 2017, MC, QCD_HT200to300: 40000[0m
	[36m[ Log ]: Processed events of 2017, MC, QCD_HT200to300: 50000[0m
	[36m[ Log ]: Processed events of 2017, MC, QCD_HT200to300: 60000[0m
	[36m[ Log ]: Processed events of 2017, MC, QCD_HT200to300: 70000[0m
	[36m[ Log ]: Processed events of 2017, MC, QCD_HT200to300: 80000[0m
	[36m[ Log ]: Processed events of 2017, MC, QCD_HT200to300: 90000[0m
	[36m[ Log ]: Processed events of 2017, MC, QCD_HT200to300: 100000[0m
	[36m[ Log ]: Processed events of 2017, MC, QCD_HT200to300: 110000[0m
	[36m[ Log ]: Processed events of 2017, MC, QCD_HT200to300: 120000[0m
	[36m[ Log ]: Processed events of 2017, MC, QCD_HT200to300: 130000[0m
	[36m[ Log ]: Processed events of 2017, MC, QCD_HT200to300: 140000[0m
	[36m[ Log ]: Processed events of 2017, MC, QCD_HT200to300: 150000[0m
	[36m[ Log ]: Processed events of 2017, MC, QCD_HT200to300: 160000[0m
	[36m[ Log ]: Processed events of 2017, MC, QCD_HT200to300: 170000[0m
	[36m[ Log ]: Processed events of 2017, MC, QCD_HT200to300: 180000[0m
	[36m[ Log ]: Processed events of 2017, MC, QCD_HT200to300: 190000[0m
	[36m[ Log ]: Processed events of 2017, MC, QCD_HT200to300: 200000[0m
	[36m[ Log ]: Processed events of 2017, MC, QCD_HT200to300: 210000[0m
	[36m[ Log ]: Processed events of 2017, MC, QCD_HT200to300: 220000[0m
	[36m[ Log ]: Processed events of 2017, MC, QCD_HT200to300: 230000[0m
	[36m[ Log ]: Processed events of 2017, MC, QCD_HT200to300: 240000[0m
	[36m[ Log ]: Processed events of 2017, MC, QCD_HT200to300: 250000[0m
	[36m[ Log ]: Processed events of 2017, MC, QCD_HT200to300: 260000[0m
	[36m[ Log ]: Processed events of 2017, MC, QCD_HT200to300: 270000[0m
	[36m[ Log ]: Processed events of 2017, MC, QCD_HT200to300: 280000[0m
	[36m[ Log ]: Processed events of 2017, MC, QCD_HT200to300: 290000[0m
	[36m[ Log ]: Processed events of 2017, MC, QCD_HT200to300: 300000[0m
	[36m[ Log ]: Processed events of 2017, MC, QCD_HT200to300: 310000[0m
	[36m[ Log ]: Processed events of 2017, MC, QCD_HT200to300: 320000[0m
	[36m[ Log ]: Processed events of 2017, MC, QCD_HT200to300: 330000[0m
	[36m[ Log ]: Processed events of 2017, MC, QCD_HT200to300: 340000[0m
	[36m[ Log ]: Processed events of 2017, MC, QCD_HT200to300: 350000[0m
	[36m[ Log ]: Processed events of 2017, MC, QCD_HT200to300: 360000[0m
