

START---------------
WORKDIR  /u/user/jhlee/ttHH/CMSSW_14_2_1/src/tempTTHH
WORKDIR  /u/user/jhlee/ttHH/CMSSW_14_2_1/src/tempTTHH
TNM_PATH=/u/user/jhlee/ttHH/CMSSW_14_2_1/src/tempTTHH

--------- Check arugments ---------------------------------------

  - [ output file name ] --> /pnfs/knu.ac.kr/data/cms/store/user/junghyun/ttHH/AnalyzerOutput/QCD_HT500to700/QCD_HT500to700_25.root
  - [ runYear ] --> 2017
  - [ isData ] --> MC
  - [ sampleName ] --> QCD_HT500to700
  - [ eraName ] --> A

--------- Check arugments ---------------------------------------


eventBuffer - All branches selected
 Output filename: /pnfs/knu.ac.kr/data/cms/store/user/junghyun/ttHH/AnalyzerOutput/QCD_HT500to700/QCD_HT500to700_25.root
[CorrectionsManager] json library path : /cvmfs/cms.cern.ch/rsync/cms-nanoAOD/jsonpog-integration
weight = 20.7758

	[35m[ Warning ]: This analyzer commented out [ "WTF" log ] in the header, Please check if you want!!![0m

	[34m[ Log ]: --------------------------------------------------------------------------[0m
	[34m[ Log ]: Before start, Let's check the analysis information[0m
	[34m[ Log ]: Run Year    ----> [  2017  ][0m
	[34m[ Log ]: Data or MC  ----> [  MC  ][0m
	[34m[ Log ]: Sample Name ----> [  QCD_HT500to700  ][0m
	[34m[ Log ]: --------------------------------------------------------------------------[0m

	[36m[ Log ]: Processed events of 2017, MC, QCD_HT500to700: 0[0m
	[36m[ Log ]: Processed events of 2017, MC, QCD_HT500to700: 10000[0m
	[36m[ Log ]: Processed events of 2017, MC, QCD_HT500to700: 20000[0m
	[36m[ Log ]: Processed events of 2017, MC, QCD_HT500to700: 30000[0m
	[36m[ Log ]: Processed events of 2017, MC, QCD_HT500to700: 40000[0m
	[36m[ Log ]: Processed events of 2017, MC, QCD_HT500to700: 50000[0m
	[36m[ Log ]: Processed events of 2017, MC, QCD_HT500to700: 60000[0m
	[36m[ Log ]: Processed events of 2017, MC, QCD_HT500to700: 70000[0m
	[36m[ Log ]: Processed events of 2017, MC, QCD_HT500to700: 80000[0m
	[36m[ Log ]: Processed events of 2017, MC, QCD_HT500to700: 90000[0m
	[36m[ Log ]: Processed events of 2017, MC, QCD_HT500to700: 100000[0m
	[36m[ Log ]: Processed events of 2017, MC, QCD_HT500to700: 110000[0m
	[36m[ Log ]: Processed events of 2017, MC, QCD_HT500to700: 120000[0m
	[36m[ Log ]: Processed events of 2017, MC, QCD_HT500to700: 130000[0m
	[36m[ Log ]: Processed events of 2017, MC, QCD_HT500to700: 140000[0m
	[36m[ Log ]: Processed events of 2017, MC, QCD_HT500to700: 150000[0m
	[36m[ Log ]: Processed events of 2017, MC, QCD_HT500to700: 160000[0m
	[36m[ Log ]: Processed events of 2017, MC, QCD_HT500to700: 170000[0m
	[36m[ Log ]: Processed events of 2017, MC, QCD_HT500to700: 180000[0m
	[36m[ Log ]: Processed events of 2017, MC, QCD_HT500to700: 190000[0m
	[36m[ Log ]: Processed events of 2017, MC, QCD_HT500to700: 200000[0m
	[36m[ Log ]: Processed events of 2017, MC, QCD_HT500to700: 210000[0m
	[36m[ Log ]: Processed events of 2017, MC, QCD_HT500to700: 220000[0m
	[36m[ Log ]: Processed events of 2017, MC, QCD_HT500to700: 230000[0m
	[36m[ Log ]: Processed events of 2017, MC, QCD_HT500to700: 240000[0m
	[36m[ Log ]: Processed events of 2017, MC, QCD_HT500to700: 250000[0m
	[36m[ Log ]: Processed events of 2017, MC, QCD_HT500to700: 260000[0m
	[36m[ Log ]: Processed events of 2017, MC, QCD_HT500to700: 270000[0m
	[36m[ Log ]: Processed events of 2017, MC, QCD_HT500to700: 280000[0m
	[36m[ Log ]: Processed events of 2017, MC, QCD_HT500to700: 290000[0m
	[36m[ Log ]: Processed events of 2017, MC, QCD_HT500to700: 300000[0m
	[36m[ Log ]: Processed events of 2017, MC, QCD_HT500to700: 310000[0m
	[36m[ Log ]: Processed events of 2017, MC, QCD_HT500to700: 320000[0m
	[36m[ Log ]: Processed events of 2017, MC, QCD_HT500to700: 330000[0m
	[36m[ Log ]: Processed events of 2017, MC, QCD_HT500to700: 340000[0m
	[36m[ Log ]: Processed events of 2017, MC, QCD_HT500to700: 350000[0m
	[36m[ Log ]: Processed events of 2017, MC, QCD_HT500to700: 360000[0m
	[36m[ Log ]: Processed events of 2017, MC, QCD_HT500to700: 370000[0m
	[36m[ Log ]: Processed events of 2017, MC, QCD_HT500to700: 380000[0m
	[36m[ Log ]: Processed events of 2017, MC, QCD_HT500to700: 390000[0m
	[36m[ Log ]: Processed events of 2017, MC, QCD_HT500to700: 400000[0m
	[36m[ Log ]: Processed events of 2017, MC, QCD_HT500to700: 410000[0m
	[36m[ Log ]: Processed events of 2017, MC, QCD_HT500to700: 420000[0m
	[36m[ Log ]: Processed events of 2017, MC, QCD_HT500to700: 430000[0m
	[36m[ Log ]: Processed events of 2017, MC, QCD_HT500to700: 440000[0m
	[36m[ Log ]: Processed events of 2017, MC, QCD_HT500to700: 450000[0m
	[36m[ Log ]: Processed events of 2017, MC, QCD_HT500to700: 460000[0m
	[36m[ Log ]: Processed events of 2017, MC, QCD_HT500to700: 470000[0m
	[36m[ Log ]: Processed events of 2017, MC, QCD_HT500to700: 480000[0m
