000 (12494015.000.000) 06/09 05:24:08 Job submitted from host: <188.185.114.121:9618?addrs=188.185.114.121-9618+[2001-1458-d00-a--100-273]-9618&alias=bigbird19.cern.ch&noUDP&sock=schedd_2045_4743>
...
000 (12494015.001.000) 06/09 05:24:08 Job submitted from host: <188.185.114.121:9618?addrs=188.185.114.121-9618+[2001-1458-d00-a--100-273]-9618&alias=bigbird19.cern.ch&noUDP&sock=schedd_2045_4743>
...
000 (12494015.002.000) 06/09 05:24:08 Job submitted from host: <188.185.114.121:9618?addrs=188.185.114.121-9618+[2001-1458-d00-a--100-273]-9618&alias=bigbird19.cern.ch&noUDP&sock=schedd_2045_4743>
...
000 (12494015.003.000) 06/09 05:24:08 Job submitted from host: <188.185.114.121:9618?addrs=188.185.114.121-9618+[2001-1458-d00-a--100-273]-9618&alias=bigbird19.cern.ch&noUDP&sock=schedd_2045_4743>
...
000 (12494015.004.000) 06/09 05:24:08 Job submitted from host: <188.185.114.121:9618?addrs=188.185.114.121-9618+[2001-1458-d00-a--100-273]-9618&alias=bigbird19.cern.ch&noUDP&sock=schedd_2045_4743>
...
000 (12494015.005.000) 06/09 05:24:08 Job submitted from host: <188.185.114.121:9618?addrs=188.185.114.121-9618+[2001-1458-d00-a--100-273]-9618&alias=bigbird19.cern.ch&noUDP&sock=schedd_2045_4743>
...
000 (12494015.006.000) 06/09 05:24:08 Job submitted from host: <188.185.114.121:9618?addrs=188.185.114.121-9618+[2001-1458-d00-a--100-273]-9618&alias=bigbird19.cern.ch&noUDP&sock=schedd_2045_4743>
...
000 (12494015.007.000) 06/09 05:24:08 Job submitted from host: <188.185.114.121:9618?addrs=188.185.114.121-9618+[2001-1458-d00-a--100-273]-9618&alias=bigbird19.cern.ch&noUDP&sock=schedd_2045_4743>
...
000 (12494015.008.000) 06/09 05:24:08 Job submitted from host: <188.185.114.121:9618?addrs=188.185.114.121-9618+[2001-1458-d00-a--100-273]-9618&alias=bigbird19.cern.ch&noUDP&sock=schedd_2045_4743>
...
000 (12494015.009.000) 06/09 05:24:08 Job submitted from host: <188.185.114.121:9618?addrs=188.185.114.121-9618+[2001-1458-d00-a--100-273]-9618&alias=bigbird19.cern.ch&noUDP&sock=schedd_2045_4743>
...
000 (12494015.010.000) 06/09 05:24:08 Job submitted from host: <188.185.114.121:9618?addrs=188.185.114.121-9618+[2001-1458-d00-a--100-273]-9618&alias=bigbird19.cern.ch&noUDP&sock=schedd_2045_4743>
...
040 (12494015.000.000) 06/09 05:26:11 Started transferring input files
	Transferring to host: <128.142.248.217:9618?addrs=128.142.248.217-9618+[2001-1458-301-73--100-d8]-9618&alias=b9g23p8981.cern.ch&noUDP&sock=slot1_6_2286025_2a7a_26904>
...
040 (12494015.000.000) 06/09 05:26:11 Finished transferring input files
...
040 (12494015.002.000) 06/09 05:26:12 Started transferring input files
	Transferring to host: <188.185.196.165:9618?addrs=188.185.196.165-9618+[2001-1458-303-23--100-a1]-9618&alias=b9p16p1641.cern.ch&noUDP&sock=slot1_30_8364_f1cd_7568>
...
001 (12494015.000.000) 06/09 05:26:12 Job executing on host: <128.142.248.217:9618?addrs=128.142.248.217-9618+[2001-1458-301-73--100-d8]-9618&alias=b9g23p8981.cern.ch&noUDP&sock=startd_6784_d694>
	SlotName: slot1_6@b9g23p8981.cern.ch
	CondorScratchDir = "/pool/condor/dir_1626154"
	Cpus = 4
	Disk = 3888
	GPUs = 0
	Memory = 12000
...
040 (12494015.002.000) 06/09 05:26:12 Finished transferring input files
...
040 (12494015.003.000) 06/09 05:26:13 Started transferring input files
	Transferring to host: <188.185.192.149:9618?addrs=188.185.192.149-9618+[2001-1458-303-1f--100-91]-9618&alias=b9p13p9545.cern.ch&noUDP&sock=slot1_20_3256_e57d_7022>
...
040 (12494015.003.000) 06/09 05:26:13 Finished transferring input files
...
001 (12494015.002.000) 06/09 05:26:13 Job executing on host: <188.185.196.165:9618?addrs=188.185.196.165-9618+[2001-1458-303-23--100-a1]-9618&alias=b9p16p1641.cern.ch&noUDP&sock=startd_7642_5ad6>
	SlotName: slot1_30@b9p16p1641.cern.ch
	CondorScratchDir = "/pool/condor/dir_747122"
	Cpus = 4
	Disk = 3861
	GPUs = 0
	Memory = 12000
...
001 (12494015.003.000) 06/09 05:26:14 Job executing on host: <188.185.192.149:9618?addrs=188.185.192.149-9618+[2001-1458-303-1f--100-91]-9618&alias=b9p13p9545.cern.ch&noUDP&sock=startd_3055_0deb>
	SlotName: slot1_20@b9p13p9545.cern.ch
	CondorScratchDir = "/pool/condor/dir_2323532"
	Cpus = 4
	Disk = 3786
	GPUs = 0
	Memory = 12000
...
040 (12494015.001.000) 06/09 05:26:14 Started transferring input files
	Transferring to host: <188.185.192.171:9618?addrs=188.185.192.171-9618+[2001-1458-303-1f--100-a7]-9618&alias=b9p13p8753.cern.ch&noUDP&sock=slot1_35_6852_9a90_7895>
...
040 (12494015.001.000) 06/09 05:26:14 Finished transferring input files
...
040 (12494015.009.000) 06/09 05:26:14 Started transferring input files
	Transferring to host: <188.185.193.137:9618?addrs=188.185.193.137-9618+[2001-1458-303-20--100-85]-9618&alias=b9p19p6030.cern.ch&noUDP&sock=slot1_2_3908_4a18_7275>
...
040 (12494015.009.000) 06/09 05:26:14 Finished transferring input files
...
001 (12494015.001.000) 06/09 05:26:15 Job executing on host: <188.185.192.171:9618?addrs=188.185.192.171-9618+[2001-1458-303-1f--100-a7]-9618&alias=b9p13p8753.cern.ch&noUDP&sock=startd_5990_3862>
	SlotName: slot1_35@b9p13p8753.cern.ch
	CondorScratchDir = "/pool/condor/dir_2547426"
	Cpus = 4
	Disk = 3794
	GPUs = 0
	Memory = 12000
...
040 (12494015.004.000) 06/09 05:26:15 Started transferring input files
	Transferring to host: <188.185.195.71:9618?addrs=188.185.195.71-9618+[2001-1458-303-22--100-43]-9618&alias=b9p17p2582.cern.ch&noUDP&sock=slot1_28_7113_807a_7081>
...
040 (12494015.004.000) 06/09 05:26:15 Finished transferring input files
...
040 (12494015.006.000) 06/09 05:26:15 Started transferring input files
	Transferring to host: <188.185.196.52:9618?addrs=188.185.196.52-9618+[2001-1458-303-23--100-30]-9618&alias=b9p16p0444.cern.ch&noUDP&sock=slot1_38_8671_40fa_6873>
...
040 (12494015.006.000) 06/09 05:26:15 Finished transferring input files
...
001 (12494015.009.000) 06/09 05:26:15 Job executing on host: <188.185.193.137:9618?addrs=188.185.193.137-9618+[2001-1458-303-20--100-85]-9618&alias=b9p19p6030.cern.ch&noUDP&sock=startd_2591_c9f9>
	SlotName: slot1_2@b9p19p6030.cern.ch
	CondorScratchDir = "/pool/condor/dir_2319087"
	Cpus = 4
	Disk = 3883
	GPUs = 0
	Memory = 12000
...
040 (12494015.005.000) 06/09 05:26:15 Started transferring input files
	Transferring to host: <128.142.248.91:9618?addrs=128.142.248.91-9618+[2001-1458-301-73--100-14b]-9618&alias=b9g23p7085.cern.ch&noUDP&sock=slot1_23_302697_2b6e_14558>
...
040 (12494015.005.000) 06/09 05:26:15 Finished transferring input files
...
001 (12494015.004.000) 06/09 05:26:16 Job executing on host: <188.185.195.71:9618?addrs=188.185.195.71-9618+[2001-1458-303-22--100-43]-9618&alias=b9p17p2582.cern.ch&noUDP&sock=startd_6070_17f5>
	SlotName: slot1_28@b9p17p2582.cern.ch
	CondorScratchDir = "/pool/condor/dir_11796"
	Cpus = 4
	Disk = 3859
	GPUs = 0
	Memory = 12000
...
001 (12494015.006.000) 06/09 05:26:16 Job executing on host: <188.185.196.52:9618?addrs=188.185.196.52-9618+[2001-1458-303-23--100-30]-9618&alias=b9p16p0444.cern.ch&noUDP&sock=startd_8194_fb1e>
	SlotName: slot1_38@b9p16p0444.cern.ch
	CondorScratchDir = "/pool/condor/dir_3808739"
	Cpus = 4
	Disk = 3807
	GPUs = 0
	Memory = 12000
...
001 (12494015.005.000) 06/09 05:26:16 Job executing on host: <128.142.248.91:9618?addrs=128.142.248.91-9618+[2001-1458-301-73--100-14b]-9618&alias=b9g23p7085.cern.ch&noUDP&sock=startd_6374_9cc0>
	SlotName: slot1_23@b9g23p7085.cern.ch
	CondorScratchDir = "/pool/condor/dir_1981314"
	Cpus = 4
	Disk = 3892
	GPUs = 0
	Memory = 12000
...
040 (12494015.010.000) 06/09 05:26:16 Started transferring input files
	Transferring to host: <188.185.198.88:9618?addrs=188.185.198.88-9618+[2001-1458-303-25--100-54]-9618&alias=b9p15p5046.cern.ch&noUDP&sock=slot1_13_4928_f8c1_5856>
...
040 (12494015.010.000) 06/09 05:26:16 Finished transferring input files
...
040 (12494015.007.000) 06/09 05:26:16 Started transferring input files
	Transferring to host: <188.185.195.131:9618?addrs=188.185.195.131-9618+[2001-1458-303-22--100-7f]-9618&alias=b9p17p1747.cern.ch&noUDP&sock=slot1_16_7236_2a9f_6732>
...
040 (12494015.007.000) 06/09 05:26:16 Finished transferring input files
...
001 (12494015.010.000) 06/09 05:26:17 Job executing on host: <188.185.198.88:9618?addrs=188.185.198.88-9618+[2001-1458-303-25--100-54]-9618&alias=b9p15p5046.cern.ch&noUDP&sock=startd_3990_62f8>
	SlotName: slot1_13@b9p15p5046.cern.ch
	CondorScratchDir = "/pool/condor/dir_4179930"
	Cpus = 4
	Disk = 3978
	GPUs = 0
	Memory = 12000
...
001 (12494015.007.000) 06/09 05:26:17 Job executing on host: <188.185.195.131:9618?addrs=188.185.195.131-9618+[2001-1458-303-22--100-7f]-9618&alias=b9p17p1747.cern.ch&noUDP&sock=startd_6749_d4c4>
	SlotName: slot1_16@b9p17p1747.cern.ch
	CondorScratchDir = "/pool/condor/dir_948572"
	Cpus = 4
	Disk = 3930
	GPUs = 0
	Memory = 12000
...
006 (12494015.003.000) 06/09 05:26:22 Image size of job updated: 12396
	13  -  MemoryUsage of job (MB)
	12396  -  ResidentSetSize of job (KB)
...
006 (12494015.004.000) 06/09 05:26:24 Image size of job updated: 322820
	316  -  MemoryUsage of job (MB)
	322820  -  ResidentSetSize of job (KB)
...
006 (12494015.000.000) 06/09 05:26:25 Image size of job updated: 77720
	76  -  MemoryUsage of job (MB)
	77720  -  ResidentSetSize of job (KB)
...
006 (12494015.002.000) 06/09 05:26:26 Image size of job updated: 60700
	60  -  MemoryUsage of job (MB)
	60700  -  ResidentSetSize of job (KB)
...
006 (12494015.010.000) 06/09 05:26:26 Image size of job updated: 353688
	346  -  MemoryUsage of job (MB)
	353688  -  ResidentSetSize of job (KB)
...
006 (12494015.001.000) 06/09 05:26:28 Image size of job updated: 67008
	66  -  MemoryUsage of job (MB)
	67008  -  ResidentSetSize of job (KB)
...
006 (12494015.009.000) 06/09 05:26:28 Image size of job updated: 25032
	25  -  MemoryUsage of job (MB)
	25032  -  ResidentSetSize of job (KB)
...
006 (12494015.006.000) 06/09 05:26:30 Image size of job updated: 79004
	78  -  MemoryUsage of job (MB)
	79004  -  ResidentSetSize of job (KB)
...
006 (12494015.005.000) 06/09 05:26:30 Image size of job updated: 1656
	2  -  MemoryUsage of job (MB)
	1656  -  ResidentSetSize of job (KB)
...
006 (12494015.007.000) 06/09 05:26:31 Image size of job updated: 39892
	39  -  MemoryUsage of job (MB)
	39892  -  ResidentSetSize of job (KB)
...
022 (12494015.008.000) 06/09 05:26:38 Job disconnected, attempting to reconnect
    Socket between submit and execute hosts closed unexpectedly
    Trying to reconnect to slot1_31@b9p19p8579.cern.ch <188.185.193.153:9618?addrs=188.185.193.153-9618+[2001-1458-303-20--100-95]-9618&alias=b9p19p8579.cern.ch&noUDP&sock=startd_3041_7397>
...
024 (12494015.008.000) 06/09 05:26:46 Job reconnection failed
    Job not found at execution machine
    Can not reconnect to slot1_31@b9p19p8579.cern.ch, rescheduling job
...
040 (12494015.008.000) 06/09 05:26:49 Started transferring input files
	Transferring to host: <128.142.161.140:9618?addrs=128.142.161.140-9618+[2001-1458-301-b9--100-9]-9618&alias=b9g03p3557.cern.ch&noUDP&sock=slot1_22_386368_f559_42107>
...
040 (12494015.008.000) 06/09 05:26:49 Finished transferring input files
...
001 (12494015.008.000) 06/09 05:26:50 Job executing on host: <128.142.161.140:9618?addrs=128.142.161.140-9618+[2001-1458-301-b9--100-9]-9618&alias=b9g03p3557.cern.ch&noUDP&sock=startd_3258_4ba5>
	SlotName: slot1_22@b9g03p3557.cern.ch
	CondorScratchDir = "/pool/condor/dir_2820149"
	Cpus = 4
	Disk = 4009
	GPUs = 0
	Memory = 12000
...
006 (12494015.008.000) 06/09 05:26:59 Image size of job updated: 388380
	380  -  MemoryUsage of job (MB)
	388380  -  ResidentSetSize of job (KB)
...
006 (12494015.003.000) 06/09 05:31:22 Image size of job updated: 1028356
	1005  -  MemoryUsage of job (MB)
	1028356  -  ResidentSetSize of job (KB)
...
006 (12494015.004.000) 06/09 05:31:24 Image size of job updated: 1255604
	1227  -  MemoryUsage of job (MB)
	1255604  -  ResidentSetSize of job (KB)
...
006 (12494015.000.000) 06/09 05:31:25 Image size of job updated: 1033800
	1010  -  MemoryUsage of job (MB)
	1033800  -  ResidentSetSize of job (KB)
...
006 (12494015.002.000) 06/09 05:31:26 Image size of job updated: 576160
	563  -  MemoryUsage of job (MB)
	576160  -  ResidentSetSize of job (KB)
...
006 (12494015.010.000) 06/09 05:31:27 Image size of job updated: 1347852
	1317  -  MemoryUsage of job (MB)
	1347852  -  ResidentSetSize of job (KB)
...
006 (12494015.001.000) 06/09 05:31:28 Image size of job updated: 569272
	556  -  MemoryUsage of job (MB)
	569272  -  ResidentSetSize of job (KB)
...
006 (12494015.009.000) 06/09 05:31:29 Image size of job updated: 550392
	538  -  MemoryUsage of job (MB)
	550392  -  ResidentSetSize of job (KB)
...
006 (12494015.005.000) 06/09 05:31:31 Image size of job updated: 882436
	862  -  MemoryUsage of job (MB)
	882436  -  ResidentSetSize of job (KB)
...
006 (12494015.006.000) 06/09 05:31:31 Image size of job updated: 1044832
	1021  -  MemoryUsage of job (MB)
	1044832  -  ResidentSetSize of job (KB)
...
006 (12494015.007.000) 06/09 05:31:32 Image size of job updated: 401300
	392  -  MemoryUsage of job (MB)
	401300  -  ResidentSetSize of job (KB)
...
006 (12494015.008.000) 06/09 05:32:00 Image size of job updated: 705292
	689  -  MemoryUsage of job (MB)
	705292  -  ResidentSetSize of job (KB)
...
040 (12494015.003.000) 06/09 05:33:51 Started transferring output files
...
040 (12494015.003.000) 06/09 05:33:51 Finished transferring output files
...
005 (12494015.003.000) 06/09 05:33:51 Job terminated.
	(1) Normal termination (return value 0)
		Usr 0 00:01:45, Sys 0 00:00:07  -  Run Remote Usage
		Usr 0 00:00:00, Sys 0 00:00:00  -  Run Local Usage
		Usr 0 00:01:45, Sys 0 00:00:07  -  Total Remote Usage
		Usr 0 00:00:00, Sys 0 00:00:00  -  Total Local Usage
	44073  -  Run Bytes Sent By Job
	10856  -  Run Bytes Received By Job
	44073  -  Total Bytes Sent By Job
	10856  -  Total Bytes Received By Job
	Partitionable Resources :    Usage  Request Allocated 
	   Cpus                 :     0.37        4         4 
	   Disk (KB)            :   120           1      3786 
	   GPUs                 :                           0 
	   Memory (MB)          :  1005       12000     12000 

	Job terminated of its own accord at 2025-06-09T03:33:51Z with exit-code 0.
...
006 (12494015.004.000) 06/09 05:36:25 Image size of job updated: 2060720
	2013  -  MemoryUsage of job (MB)
	2060720  -  ResidentSetSize of job (KB)
...
006 (12494015.000.000) 06/09 05:36:26 Image size of job updated: 1878064
	1835  -  MemoryUsage of job (MB)
	1878064  -  ResidentSetSize of job (KB)
...
006 (12494015.002.000) 06/09 05:36:27 Image size of job updated: 995044
	972  -  MemoryUsage of job (MB)
	995044  -  ResidentSetSize of job (KB)
...
006 (12494015.010.000) 06/09 05:36:28 Image size of job updated: 2279708
	2227  -  MemoryUsage of job (MB)
	2279708  -  ResidentSetSize of job (KB)
...
006 (12494015.001.000) 06/09 05:36:29 Image size of job updated: 1010688
	987  -  MemoryUsage of job (MB)
	1010688  -  ResidentSetSize of job (KB)
...
006 (12494015.009.000) 06/09 05:36:30 Image size of job updated: 966036
	944  -  MemoryUsage of job (MB)
	966036  -  ResidentSetSize of job (KB)
...
006 (12494015.005.000) 06/09 05:36:32 Image size of job updated: 1715884
	1676  -  MemoryUsage of job (MB)
	1715884  -  ResidentSetSize of job (KB)
...
006 (12494015.006.000) 06/09 05:36:32 Image size of job updated: 1975892
	1930  -  MemoryUsage of job (MB)
	1975892  -  ResidentSetSize of job (KB)
...
006 (12494015.007.000) 06/09 05:36:32 Image size of job updated: 672912
	658  -  MemoryUsage of job (MB)
	672912  -  ResidentSetSize of job (KB)
...
006 (12494015.008.000) 06/09 05:37:00 Image size of job updated: 999924
	977  -  MemoryUsage of job (MB)
	999924  -  ResidentSetSize of job (KB)
...
006 (12494015.004.000) 06/09 05:41:25 Image size of job updated: 2893180
	2826  -  MemoryUsage of job (MB)
	2893180  -  ResidentSetSize of job (KB)
...
006 (12494015.000.000) 06/09 05:41:26 Image size of job updated: 2736432
	2673  -  MemoryUsage of job (MB)
	2736432  -  ResidentSetSize of job (KB)
...
006 (12494015.002.000) 06/09 05:41:27 Image size of job updated: 1438868
	1406  -  MemoryUsage of job (MB)
	1438868  -  ResidentSetSize of job (KB)
...
006 (12494015.010.000) 06/09 05:41:28 Image size of job updated: 3314148
	3237  -  MemoryUsage of job (MB)
	3314148  -  ResidentSetSize of job (KB)
...
006 (12494015.001.000) 06/09 05:41:29 Image size of job updated: 1457512
	1424  -  MemoryUsage of job (MB)
	1457512  -  ResidentSetSize of job (KB)
...
006 (12494015.009.000) 06/09 05:41:30 Image size of job updated: 1382028
	1350  -  MemoryUsage of job (MB)
	1382028  -  ResidentSetSize of job (KB)
...
006 (12494015.005.000) 06/09 05:41:32 Image size of job updated: 2544076
	2485  -  MemoryUsage of job (MB)
	2544076  -  ResidentSetSize of job (KB)
...
006 (12494015.006.000) 06/09 05:41:32 Image size of job updated: 2993776
	2924  -  MemoryUsage of job (MB)
	2993776  -  ResidentSetSize of job (KB)
...
006 (12494015.007.000) 06/09 05:41:32 Image size of job updated: 967492
	945  -  MemoryUsage of job (MB)
	967492  -  ResidentSetSize of job (KB)
...
006 (12494015.008.000) 06/09 05:42:00 Image size of job updated: 1269568
	1240  -  MemoryUsage of job (MB)
	1269568  -  ResidentSetSize of job (KB)
...
040 (12494015.004.000) 06/09 05:44:39 Started transferring output files
...
040 (12494015.004.000) 06/09 05:44:39 Finished transferring output files
...
005 (12494015.004.000) 06/09 05:44:39 Job terminated.
	(1) Normal termination (return value 0)
		Usr 0 00:05:48, Sys 0 00:00:24  -  Run Remote Usage
		Usr 0 00:00:00, Sys 0 00:00:00  -  Run Local Usage
		Usr 0 00:05:48, Sys 0 00:00:24  -  Total Remote Usage
		Usr 0 00:00:00, Sys 0 00:00:00  -  Total Local Usage
	45943  -  Run Bytes Sent By Job
	10856  -  Run Bytes Received By Job
	45943  -  Total Bytes Sent By Job
	10856  -  Total Bytes Received By Job
	Partitionable Resources :    Usage  Request Allocated 
	   Cpus                 :     0.38        4         4 
	   Disk (KB)            :   122           1      3859 
	   GPUs                 :                           0 
	   Memory (MB)          :  2826       12000     12000 

	Job terminated of its own accord at 2025-06-09T03:44:39Z with exit-code 0.
...
006 (12494015.000.000) 06/09 05:46:26 Image size of job updated: 3671612
	3586  -  MemoryUsage of job (MB)
	3671612  -  ResidentSetSize of job (KB)
...
006 (12494015.002.000) 06/09 05:46:27 Image size of job updated: 1882488
	1839  -  MemoryUsage of job (MB)
	1882488  -  ResidentSetSize of job (KB)
...
006 (12494015.001.000) 06/09 05:46:29 Image size of job updated: 1905584
	1861  -  MemoryUsage of job (MB)
	1905584  -  ResidentSetSize of job (KB)
...
006 (12494015.010.000) 06/09 05:46:29 Image size of job updated: 4250008
	4151  -  MemoryUsage of job (MB)
	4250008  -  ResidentSetSize of job (KB)
...
006 (12494015.009.000) 06/09 05:46:30 Image size of job updated: 1799064
	1757  -  MemoryUsage of job (MB)
	1799064  -  ResidentSetSize of job (KB)
...
006 (12494015.005.000) 06/09 05:46:33 Image size of job updated: 3462976
	3382  -  MemoryUsage of job (MB)
	3462976  -  ResidentSetSize of job (KB)
...
006 (12494015.006.000) 06/09 05:46:33 Image size of job updated: 3907576
	3816  -  MemoryUsage of job (MB)
	3907576  -  ResidentSetSize of job (KB)
...
006 (12494015.007.000) 06/09 05:46:34 Image size of job updated: 1235016
	1207  -  MemoryUsage of job (MB)
	1235016  -  ResidentSetSize of job (KB)
...
006 (12494015.008.000) 06/09 05:47:01 Image size of job updated: 1566616
	1530  -  MemoryUsage of job (MB)
	1566616  -  ResidentSetSize of job (KB)
...
006 (12494015.000.000) 06/09 05:51:27 Image size of job updated: 4518144
	4413  -  MemoryUsage of job (MB)
	4518144  -  ResidentSetSize of job (KB)
...
006 (12494015.002.000) 06/09 05:51:28 Image size of job updated: 2325080
	2271  -  MemoryUsage of job (MB)
	2325080  -  ResidentSetSize of job (KB)
...
006 (12494015.001.000) 06/09 05:51:30 Image size of job updated: 2326356
	2272  -  MemoryUsage of job (MB)
	2326356  -  ResidentSetSize of job (KB)
...
006 (12494015.010.000) 06/09 05:51:30 Image size of job updated: 5187624
	5067  -  MemoryUsage of job (MB)
	5187624  -  ResidentSetSize of job (KB)
...
006 (12494015.009.000) 06/09 05:51:31 Image size of job updated: 2234408
	2183  -  MemoryUsage of job (MB)
	2234408  -  ResidentSetSize of job (KB)
...
006 (12494015.005.000) 06/09 05:51:34 Image size of job updated: 4294652
	4194  -  MemoryUsage of job (MB)
	4294652  -  ResidentSetSize of job (KB)
...
006 (12494015.006.000) 06/09 05:51:34 Image size of job updated: 4855528
	4742  -  MemoryUsage of job (MB)
	4855528  -  ResidentSetSize of job (KB)
...
006 (12494015.007.000) 06/09 05:51:34 Image size of job updated: 1532740
	1497  -  MemoryUsage of job (MB)
	1532740  -  ResidentSetSize of job (KB)
...
006 (12494015.008.000) 06/09 05:52:01 Image size of job updated: 1835728
	1793  -  MemoryUsage of job (MB)
	1835728  -  ResidentSetSize of job (KB)
...
006 (12494015.000.000) 06/09 05:56:27 Image size of job updated: 5387584
	5262  -  MemoryUsage of job (MB)
	5387584  -  ResidentSetSize of job (KB)
...
006 (12494015.002.000) 06/09 05:56:28 Image size of job updated: 2868040
	2801  -  MemoryUsage of job (MB)
	2868040  -  ResidentSetSize of job (KB)
...
006 (12494015.010.000) 06/09 05:56:30 Image size of job updated: 6155212
	6011  -  MemoryUsage of job (MB)
	6155212  -  ResidentSetSize of job (KB)
...
006 (12494015.001.000) 06/09 05:56:30 Image size of job updated: 2872232
	2805  -  MemoryUsage of job (MB)
	2872232  -  ResidentSetSize of job (KB)
...
006 (12494015.009.000) 06/09 05:56:31 Image size of job updated: 2661324
	2599  -  MemoryUsage of job (MB)
	2661324  -  ResidentSetSize of job (KB)
...
006 (12494015.005.000) 06/09 05:56:34 Image size of job updated: 5159984
	5040  -  MemoryUsage of job (MB)
	5159984  -  ResidentSetSize of job (KB)
...
006 (12494015.006.000) 06/09 05:56:34 Image size of job updated: 5835424
	5699  -  MemoryUsage of job (MB)
	5835424  -  ResidentSetSize of job (KB)
...
006 (12494015.007.000) 06/09 05:56:34 Image size of job updated: 1800808
	1759  -  MemoryUsage of job (MB)
	1800808  -  ResidentSetSize of job (KB)
...
006 (12494015.008.000) 06/09 05:57:01 Image size of job updated: 2132292
	2083  -  MemoryUsage of job (MB)
	2132292  -  ResidentSetSize of job (KB)
...
006 (12494015.000.000) 06/09 06:01:27 Image size of job updated: 6336516
	6189  -  MemoryUsage of job (MB)
	6336516  -  ResidentSetSize of job (KB)
...
006 (12494015.002.000) 06/09 06:01:28 Image size of job updated: 3313204
	3236  -  MemoryUsage of job (MB)
	3313204  -  ResidentSetSize of job (KB)
...
006 (12494015.010.000) 06/09 06:01:30 Image size of job updated: 7061744
	6897  -  MemoryUsage of job (MB)
	7061744  -  ResidentSetSize of job (KB)
...
006 (12494015.001.000) 06/09 06:01:30 Image size of job updated: 3322524
	3245  -  MemoryUsage of job (MB)
	3322524  -  ResidentSetSize of job (KB)
...
006 (12494015.009.000) 06/09 06:01:31 Image size of job updated: 3208316
	3134  -  MemoryUsage of job (MB)
	3208316  -  ResidentSetSize of job (KB)
...
006 (12494015.005.000) 06/09 06:01:34 Image size of job updated: 6090088
	5948  -  MemoryUsage of job (MB)
	6090088  -  ResidentSetSize of job (KB)
...
006 (12494015.006.000) 06/09 06:01:35 Image size of job updated: 6778920
	6621  -  MemoryUsage of job (MB)
	6778920  -  ResidentSetSize of job (KB)
...
006 (12494015.007.000) 06/09 06:01:35 Image size of job updated: 2070548
	2023  -  MemoryUsage of job (MB)
	2070548  -  ResidentSetSize of job (KB)
...
006 (12494015.008.000) 06/09 06:02:02 Image size of job updated: 2402368
	2347  -  MemoryUsage of job (MB)
	2402368  -  ResidentSetSize of job (KB)
...
006 (12494015.000.000) 06/09 06:06:28 Image size of job updated: 7160844
	6994  -  MemoryUsage of job (MB)
	7160844  -  ResidentSetSize of job (KB)
...
006 (12494015.002.000) 06/09 06:06:29 Image size of job updated: 3757024
	3669  -  MemoryUsage of job (MB)
	3757024  -  ResidentSetSize of job (KB)
...
006 (12494015.010.000) 06/09 06:06:31 Image size of job updated: 7991232
	7804  -  MemoryUsage of job (MB)
	7991232  -  ResidentSetSize of job (KB)
...
006 (12494015.001.000) 06/09 06:06:31 Image size of job updated: 3774152
	3686  -  MemoryUsage of job (MB)
	3774152  -  ResidentSetSize of job (KB)
...
006 (12494015.009.000) 06/09 06:06:32 Image size of job updated: 3626760
	3542  -  MemoryUsage of job (MB)
	3626760  -  ResidentSetSize of job (KB)
...
006 (12494015.005.000) 06/09 06:06:35 Image size of job updated: 6922328
	6761  -  MemoryUsage of job (MB)
	6922328  -  ResidentSetSize of job (KB)
...
006 (12494015.006.000) 06/09 06:06:36 Image size of job updated: 7681768
	7502  -  MemoryUsage of job (MB)
	7681768  -  ResidentSetSize of job (KB)
...
006 (12494015.007.000) 06/09 06:06:36 Image size of job updated: 2367156
	2312  -  MemoryUsage of job (MB)
	2367156  -  ResidentSetSize of job (KB)
...
006 (12494015.008.000) 06/09 06:07:03 Image size of job updated: 2699364
	2637  -  MemoryUsage of job (MB)
	2699364  -  ResidentSetSize of job (KB)
...
006 (12494015.000.000) 06/09 06:11:29 Image size of job updated: 8032576
	7845  -  MemoryUsage of job (MB)
	8032576  -  ResidentSetSize of job (KB)
...
006 (12494015.002.000) 06/09 06:11:30 Image size of job updated: 4204220
	4106  -  MemoryUsage of job (MB)
	4204220  -  ResidentSetSize of job (KB)
...
006 (12494015.010.000) 06/09 06:11:32 Image size of job updated: 8897192
	8689  -  MemoryUsage of job (MB)
	8897192  -  ResidentSetSize of job (KB)
...
006 (12494015.001.000) 06/09 06:11:32 Image size of job updated: 4222040
	4124  -  MemoryUsage of job (MB)
	4222040  -  ResidentSetSize of job (KB)
...
006 (12494015.009.000) 06/09 06:11:32 Image size of job updated: 4075040
	3980  -  MemoryUsage of job (MB)
	4075040  -  ResidentSetSize of job (KB)
...
006 (12494015.005.000) 06/09 06:11:35 Image size of job updated: 7761732
	7580  -  MemoryUsage of job (MB)
	7761732  -  ResidentSetSize of job (KB)
...
006 (12494015.006.000) 06/09 06:11:36 Image size of job updated: 8610252
	8409  -  MemoryUsage of job (MB)
	8610252  -  ResidentSetSize of job (KB)
...
006 (12494015.007.000) 06/09 06:11:36 Image size of job updated: 2635116
	2574  -  MemoryUsage of job (MB)
	2635116  -  ResidentSetSize of job (KB)
...
006 (12494015.008.000) 06/09 06:12:03 Image size of job updated: 2967760
	2899  -  MemoryUsage of job (MB)
	2967760  -  ResidentSetSize of job (KB)
...
006 (12494015.005.000) 06/09 06:16:13 Image size of job updated: 8501532
	7580  -  MemoryUsage of job (MB)
	7761780  -  ResidentSetSize of job (KB)
...
040 (12494015.005.000) 06/09 06:16:13 Started transferring output files
...
040 (12494015.005.000) 06/09 06:16:13 Finished transferring output files
...
005 (12494015.005.000) 06/09 06:16:13 Job terminated.
	(1) Normal termination (return value 0)
		Usr 0 00:14:57, Sys 0 00:01:09  -  Run Remote Usage
		Usr 0 00:00:00, Sys 0 00:00:00  -  Run Local Usage
		Usr 0 00:14:57, Sys 0 00:01:09  -  Total Remote Usage
		Usr 0 00:00:00, Sys 0 00:00:00  -  Total Local Usage
	51069  -  Run Bytes Sent By Job
	10856  -  Run Bytes Received By Job
	51069  -  Total Bytes Sent By Job
	10856  -  Total Bytes Received By Job
	Partitionable Resources :    Usage  Request Allocated 
	   Cpus                 :     0.50        4         4 
	   Disk (KB)            :   126           1      3892 
	   GPUs                 :                           0 
	   Memory (MB)          :  7580       12000     12000 

	Job terminated of its own accord at 2025-06-09T04:16:13Z with exit-code 0.
...
006 (12494015.000.000) 06/09 06:16:29 Image size of job updated: 8869164
	8662  -  MemoryUsage of job (MB)
	8869164  -  ResidentSetSize of job (KB)
...
006 (12494015.002.000) 06/09 06:16:30 Image size of job updated: 4648276
	4540  -  MemoryUsage of job (MB)
	4648276  -  ResidentSetSize of job (KB)
...
006 (12494015.010.000) 06/09 06:16:32 Image size of job updated: 9857792
	9627  -  MemoryUsage of job (MB)
	9857792  -  ResidentSetSize of job (KB)
...
006 (12494015.001.000) 06/09 06:16:32 Image size of job updated: 4670072
	4561  -  MemoryUsage of job (MB)
	4670072  -  ResidentSetSize of job (KB)
...
006 (12494015.009.000) 06/09 06:16:32 Image size of job updated: 4522748
	4417  -  MemoryUsage of job (MB)
	4522748  -  ResidentSetSize of job (KB)
...
006 (12494015.006.000) 06/09 06:16:36 Image size of job updated: 9552692
	9329  -  MemoryUsage of job (MB)
	9552692  -  ResidentSetSize of job (KB)
...
006 (12494015.007.000) 06/09 06:16:37 Image size of job updated: 3005604
	2936  -  MemoryUsage of job (MB)
	3005604  -  ResidentSetSize of job (KB)
...
006 (12494015.008.000) 06/09 06:17:04 Image size of job updated: 3366940
	3289  -  MemoryUsage of job (MB)
	3366940  -  ResidentSetSize of job (KB)
...
006 (12494015.000.000) 06/09 06:21:30 Image size of job updated: 9753672
	9526  -  MemoryUsage of job (MB)
	9753672  -  ResidentSetSize of job (KB)
...
006 (12494015.002.000) 06/09 06:21:31 Image size of job updated: 5095064
	4976  -  MemoryUsage of job (MB)
	5094440  -  ResidentSetSize of job (KB)
...
006 (12494015.010.000) 06/09 06:21:33 Image size of job updated: 10792128
	10540  -  MemoryUsage of job (MB)
	10792128  -  ResidentSetSize of job (KB)
...
006 (12494015.001.000) 06/09 06:21:33 Image size of job updated: 5122456
	5003  -  MemoryUsage of job (MB)
	5122456  -  ResidentSetSize of job (KB)
...
006 (12494015.009.000) 06/09 06:21:33 Image size of job updated: 4944676
	4829  -  MemoryUsage of job (MB)
	4944676  -  ResidentSetSize of job (KB)
...
006 (12494015.006.000) 06/09 06:21:37 Image size of job updated: 10471472
	10227  -  MemoryUsage of job (MB)
	10471472  -  ResidentSetSize of job (KB)
...
006 (12494015.007.000) 06/09 06:21:38 Image size of job updated: 3301972
	3225  -  MemoryUsage of job (MB)
	3301972  -  ResidentSetSize of job (KB)
...
006 (12494015.008.000) 06/09 06:22:05 Image size of job updated: 3639172
	3554  -  MemoryUsage of job (MB)
	3639172  -  ResidentSetSize of job (KB)
...
006 (12494015.006.000) 06/09 06:23:06 Image size of job updated: 10732288
	10227  -  MemoryUsage of job (MB)
	10471472  -  ResidentSetSize of job (KB)
...
040 (12494015.006.000) 06/09 06:23:06 Started transferring output files
...
040 (12494015.006.000) 06/09 06:23:07 Finished transferring output files
...
005 (12494015.006.000) 06/09 06:23:07 Job terminated.
	(1) Normal termination (return value 0)
		Usr 0 00:18:33, Sys 0 00:01:04  -  Run Remote Usage
		Usr 0 00:00:00, Sys 0 00:00:00  -  Run Local Usage
		Usr 0 00:18:33, Sys 0 00:01:04  -  Total Remote Usage
		Usr 0 00:00:00, Sys 0 00:00:00  -  Total Local Usage
	53332  -  Run Bytes Sent By Job
	10856  -  Run Bytes Received By Job
	53332  -  Total Bytes Sent By Job
	10856  -  Total Bytes Received By Job
	Partitionable Resources :    Usage  Request Allocated 
	   Cpus                 :     0.29        4         4 
	   Disk (KB)            :   129           1      3807 
	   GPUs                 :                           0 
	   Memory (MB)          : 10227       12000     12000 

	Job terminated of its own accord at 2025-06-09T04:23:06Z with exit-code 0.
...
040 (12494015.010.000) 06/09 06:23:53 Started transferring output files
...
040 (12494015.010.000) 06/09 06:23:53 Finished transferring output files
...
005 (12494015.010.000) 06/09 06:23:53 Job terminated.
	(1) Normal termination (return value 0)
		Usr 0 00:18:24, Sys 0 00:01:11  -  Run Remote Usage
		Usr 0 00:00:00, Sys 0 00:00:00  -  Run Local Usage
		Usr 0 00:18:24, Sys 0 00:01:11  -  Total Remote Usage
		Usr 0 00:00:00, Sys 0 00:00:00  -  Total Local Usage
	53405  -  Run Bytes Sent By Job
	10856  -  Run Bytes Received By Job
	53405  -  Total Bytes Sent By Job
	10856  -  Total Bytes Received By Job
	Partitionable Resources :    Usage  Request Allocated 
	   Cpus                 :     0.31        4         4 
	   Disk (KB)            :   129           1      3978 
	   GPUs                 :                           0 
	   Memory (MB)          : 10540       12000     12000 

	Job terminated of its own accord at 2025-06-09T04:23:53Z with exit-code 0.
...
006 (12494015.002.000) 06/09 06:24:24 Image size of job updated: 5324336
	4976  -  MemoryUsage of job (MB)
	5094440  -  ResidentSetSize of job (KB)
...
040 (12494015.002.000) 06/09 06:24:24 Started transferring output files
...
040 (12494015.002.000) 06/09 06:24:24 Finished transferring output files
...
005 (12494015.002.000) 06/09 06:24:24 Job terminated.
	(1) Normal termination (return value 0)
		Usr 0 00:09:54, Sys 0 00:00:42  -  Run Remote Usage
		Usr 0 00:00:00, Sys 0 00:00:00  -  Run Local Usage
		Usr 0 00:09:54, Sys 0 00:00:42  -  Total Remote Usage
		Usr 0 00:00:00, Sys 0 00:00:00  -  Total Local Usage
	48032  -  Run Bytes Sent By Job
	10856  -  Run Bytes Received By Job
	48032  -  Total Bytes Sent By Job
	10856  -  Total Bytes Received By Job
	Partitionable Resources :    Usage  Request Allocated 
	   Cpus                 :     0.14        4         4 
	   Disk (KB)            :   124           1      3861 
	   GPUs                 :                           0 
	   Memory (MB)          :  4976       12000     12000 

	Job terminated of its own accord at 2025-06-09T04:24:24Z with exit-code 0.
...
006 (12494015.000.000) 06/09 06:26:31 Image size of job updated: 10610944
	10363  -  MemoryUsage of job (MB)
	10610944  -  ResidentSetSize of job (KB)
...
006 (12494015.001.000) 06/09 06:26:34 Image size of job updated: 5609208
	5478  -  MemoryUsage of job (MB)
	5609208  -  ResidentSetSize of job (KB)
...
006 (12494015.009.000) 06/09 06:26:34 Image size of job updated: 5361848
	5237  -  MemoryUsage of job (MB)
	5361848  -  ResidentSetSize of job (KB)
...
006 (12494015.007.000) 06/09 06:26:38 Image size of job updated: 3569836
	3487  -  MemoryUsage of job (MB)
	3569836  -  ResidentSetSize of job (KB)
...
006 (12494015.008.000) 06/09 06:27:05 Image size of job updated: 3934892
	3843  -  MemoryUsage of job (MB)
	3934892  -  ResidentSetSize of job (KB)
...
006 (12494015.000.000) 06/09 06:28:04 Image size of job updated: 10844036
	10363  -  MemoryUsage of job (MB)
	10610944  -  ResidentSetSize of job (KB)
...
040 (12494015.000.000) 06/09 06:28:04 Started transferring output files
...
040 (12494015.000.000) 06/09 06:28:04 Finished transferring output files
...
005 (12494015.000.000) 06/09 06:28:04 Job terminated.
	(1) Normal termination (return value 0)
		Usr 0 00:18:07, Sys 0 00:01:07  -  Run Remote Usage
		Usr 0 00:00:00, Sys 0 00:00:00  -  Run Local Usage
		Usr 0 00:18:07, Sys 0 00:01:07  -  Total Remote Usage
		Usr 0 00:00:00, Sys 0 00:00:00  -  Total Local Usage
	53403  -  Run Bytes Sent By Job
	10856  -  Run Bytes Received By Job
	53403  -  Total Bytes Sent By Job
	10856  -  Total Bytes Received By Job
	Partitionable Resources :    Usage  Request Allocated 
	   Cpus                 :     0.27        4         4 
	   Disk (KB)            :   129           1      3888 
	   GPUs                 :                           0 
	   Memory (MB)          : 10363       12000     12000 

	Job terminated of its own accord at 2025-06-09T04:28:04Z with exit-code 0.
...
006 (12494015.009.000) 06/09 06:30:09 Image size of job updated: 5721984
	5237  -  MemoryUsage of job (MB)
	5361864  -  ResidentSetSize of job (KB)
...
040 (12494015.009.000) 06/09 06:30:09 Started transferring output files
...
040 (12494015.009.000) 06/09 06:30:10 Finished transferring output files
...
005 (12494015.009.000) 06/09 06:30:10 Job terminated.
	(1) Normal termination (return value 0)
		Usr 0 00:10:31, Sys 0 00:00:52  -  Run Remote Usage
		Usr 0 00:00:00, Sys 0 00:00:00  -  Run Local Usage
		Usr 0 00:10:31, Sys 0 00:00:52  -  Total Remote Usage
		Usr 0 00:00:00, Sys 0 00:00:00  -  Total Local Usage
	48321  -  Run Bytes Sent By Job
	10856  -  Run Bytes Received By Job
	48321  -  Total Bytes Sent By Job
	10856  -  Total Bytes Received By Job
	Partitionable Resources :    Usage  Request Allocated 
	   Cpus                 :     0.28        4         4 
	   Disk (KB)            :   124           1      3883 
	   GPUs                 :                           0 
	   Memory (MB)          :  5237       12000     12000 

	Job terminated of its own accord at 2025-06-09T04:30:09Z with exit-code 0.
...
006 (12494015.001.000) 06/09 06:31:34 Image size of job updated: 6066220
	5925  -  MemoryUsage of job (MB)
	6066220  -  ResidentSetSize of job (KB)
...
006 (12494015.007.000) 06/09 06:31:39 Image size of job updated: 3840956
	3751  -  MemoryUsage of job (MB)
	3840956  -  ResidentSetSize of job (KB)
...
006 (12494015.008.000) 06/09 06:32:05 Image size of job updated: 4207104
	4109  -  MemoryUsage of job (MB)
	4207104  -  ResidentSetSize of job (KB)
...
006 (12494015.001.000) 06/09 06:36:35 Image size of job updated: 6527132
	6375  -  MemoryUsage of job (MB)
	6527132  -  ResidentSetSize of job (KB)
...
006 (12494015.007.000) 06/09 06:36:40 Image size of job updated: 4137404
	4041  -  MemoryUsage of job (MB)
	4137404  -  ResidentSetSize of job (KB)
...
006 (12494015.008.000) 06/09 06:37:06 Image size of job updated: 4504928
	4400  -  MemoryUsage of job (MB)
	4504928  -  ResidentSetSize of job (KB)
...
006 (12494015.001.000) 06/09 06:41:36 Image size of job updated: 6954648
	6792  -  MemoryUsage of job (MB)
	6954648  -  ResidentSetSize of job (KB)
...
006 (12494015.007.000) 06/09 06:41:40 Image size of job updated: 4407184
	4304  -  MemoryUsage of job (MB)
	4407184  -  ResidentSetSize of job (KB)
...
006 (12494015.008.000) 06/09 06:42:06 Image size of job updated: 4775192
	4664  -  MemoryUsage of job (MB)
	4775192  -  ResidentSetSize of job (KB)
...
006 (12494015.001.000) 06/09 06:46:36 Image size of job updated: 7402304
	7229  -  MemoryUsage of job (MB)
	7402304  -  ResidentSetSize of job (KB)
...
006 (12494015.007.000) 06/09 06:46:40 Image size of job updated: 4677884
	4569  -  MemoryUsage of job (MB)
	4677884  -  ResidentSetSize of job (KB)
...
006 (12494015.008.000) 06/09 06:47:06 Image size of job updated: 5074300
	4956  -  MemoryUsage of job (MB)
	5074300  -  ResidentSetSize of job (KB)
...
006 (12494015.001.000) 06/09 06:51:36 Image size of job updated: 7849812
	7666  -  MemoryUsage of job (MB)
	7849812  -  ResidentSetSize of job (KB)
...
006 (12494015.007.000) 06/09 06:51:41 Image size of job updated: 4975112
	4859  -  MemoryUsage of job (MB)
	4975112  -  ResidentSetSize of job (KB)
...
006 (12494015.008.000) 06/09 06:52:07 Image size of job updated: 5364660
	5239  -  MemoryUsage of job (MB)
	5364660  -  ResidentSetSize of job (KB)
...
006 (12494015.001.000) 06/09 06:56:37 Image size of job updated: 8296756
	8103  -  MemoryUsage of job (MB)
	8296756  -  ResidentSetSize of job (KB)
...
006 (12494015.007.000) 06/09 06:56:41 Image size of job updated: 5243856
	5121  -  MemoryUsage of job (MB)
	5243856  -  ResidentSetSize of job (KB)
...
006 (12494015.008.000) 06/09 06:57:08 Image size of job updated: 5587892
	5457  -  MemoryUsage of job (MB)
	5587892  -  ResidentSetSize of job (KB)
...
006 (12494015.007.000) 06/09 07:00:18 Image size of job updated: 5494972
	5121  -  MemoryUsage of job (MB)
	5243856  -  ResidentSetSize of job (KB)
...
040 (12494015.007.000) 06/09 07:00:18 Started transferring output files
...
040 (12494015.007.000) 06/09 07:00:18 Finished transferring output files
...
005 (12494015.007.000) 06/09 07:00:18 Job terminated.
	(1) Normal termination (return value 0)
		Usr 0 00:09:36, Sys 0 00:00:38  -  Run Remote Usage
		Usr 0 00:00:00, Sys 0 00:00:00  -  Run Local Usage
		Usr 0 00:09:36, Sys 0 00:00:38  -  Total Remote Usage
		Usr 0 00:00:00, Sys 0 00:00:00  -  Total Local Usage
	48104  -  Run Bytes Sent By Job
	10856  -  Run Bytes Received By Job
	48104  -  Total Bytes Sent By Job
	10856  -  Total Bytes Received By Job
	Partitionable Resources :    Usage  Request Allocated 
	   Cpus                 :     0.05        4         4 
	   Disk (KB)            :   124           1      3930 
	   GPUs                 :                           0 
	   Memory (MB)          :  5121       12000     12000 

	Job terminated of its own accord at 2025-06-09T05:00:18Z with exit-code 0.
...
006 (12494015.001.000) 06/09 07:01:37 Image size of job updated: 8744584
	8540  -  MemoryUsage of job (MB)
	8744584  -  ResidentSetSize of job (KB)
...
006 (12494015.008.000) 06/09 07:02:08 Image size of job updated: 5697396
	5564  -  MemoryUsage of job (MB)
	5697396  -  ResidentSetSize of job (KB)
...
006 (12494015.001.000) 06/09 07:06:37 Image size of job updated: 9195080
	8980  -  MemoryUsage of job (MB)
	9195080  -  ResidentSetSize of job (KB)
...
006 (12494015.008.000) 06/09 07:07:08 Image size of job updated: 5965648
	5826  -  MemoryUsage of job (MB)
	5965648  -  ResidentSetSize of job (KB)
...
006 (12494015.001.000) 06/09 07:11:38 Image size of job updated: 9642388
	9417  -  MemoryUsage of job (MB)
	9642388  -  ResidentSetSize of job (KB)
...
006 (12494015.008.000) 06/09 07:12:09 Image size of job updated: 6263240
	6117  -  MemoryUsage of job (MB)
	6263240  -  ResidentSetSize of job (KB)
...
006 (12494015.001.000) 06/09 07:16:39 Image size of job updated: 10090372
	9854  -  MemoryUsage of job (MB)
	10090372  -  ResidentSetSize of job (KB)
...
006 (12494015.008.000) 06/09 07:17:09 Image size of job updated: 6531892
	6379  -  MemoryUsage of job (MB)
	6531892  -  ResidentSetSize of job (KB)
...
006 (12494015.001.000) 06/09 07:21:39 Image size of job updated: 10537308
	10291  -  MemoryUsage of job (MB)
	10537308  -  ResidentSetSize of job (KB)
...
006 (12494015.008.000) 06/09 07:22:09 Image size of job updated: 6829060
	6670  -  MemoryUsage of job (MB)
	6829060  -  ResidentSetSize of job (KB)
...
006 (12494015.001.000) 06/09 07:25:31 Image size of job updated: 10848040
	10291  -  MemoryUsage of job (MB)
	10537308  -  ResidentSetSize of job (KB)
...
040 (12494015.001.000) 06/09 07:25:31 Started transferring output files
...
040 (12494015.001.000) 06/09 07:25:31 Finished transferring output files
...
005 (12494015.001.000) 06/09 07:25:31 Job terminated.
	(1) Normal termination (return value 0)
		Usr 0 00:19:32, Sys 0 00:01:30  -  Run Remote Usage
		Usr 0 00:00:00, Sys 0 00:00:00  -  Run Local Usage
		Usr 0 00:19:32, Sys 0 00:01:30  -  Total Remote Usage
		Usr 0 00:00:00, Sys 0 00:00:00  -  Total Local Usage
	53405  -  Run Bytes Sent By Job
	10856  -  Run Bytes Received By Job
	53405  -  Total Bytes Sent By Job
	10856  -  Total Bytes Received By Job
	Partitionable Resources :    Usage  Request Allocated 
	   Cpus                 :     0.20        4         4 
	   Disk (KB)            :   129           1      3794 
	   GPUs                 :                           0 
	   Memory (MB)          : 10291       12000     12000 

	Job terminated of its own accord at 2025-06-09T05:25:31Z with exit-code 0.
...
006 (12494015.008.000) 06/09 07:27:10 Image size of job updated: 7097772
	6932  -  MemoryUsage of job (MB)
	7097772  -  ResidentSetSize of job (KB)
...
040 (12494015.008.000) 06/09 07:31:52 Started transferring output files
...
040 (12494015.008.000) 06/09 07:31:52 Finished transferring output files
...
005 (12494015.008.000) 06/09 07:31:52 Job terminated.
	(1) Normal termination (return value 0)
		Usr 0 00:12:10, Sys 0 00:00:52  -  Run Remote Usage
		Usr 0 00:00:00, Sys 0 00:00:00  -  Run Local Usage
		Usr 0 00:12:10, Sys 0 00:00:52  -  Total Remote Usage
		Usr 0 00:00:00, Sys 0 00:00:00  -  Total Local Usage
	49905  -  Run Bytes Sent By Job
	10856  -  Run Bytes Received By Job
	49905  -  Total Bytes Sent By Job
	10856  -  Total Bytes Received By Job
	Partitionable Resources :    Usage  Request Allocated 
	   Cpus                 :     0.05        4         4 
	   Disk (KB)            :   126           1      4009 
	   GPUs                 :                           0 
	   Memory (MB)          :  6932       12000     12000 

	Job terminated of its own accord at 2025-06-09T05:31:52Z with exit-code 0.
...
