000 (12494033.000.000) 06/09 05:39:39 Job submitted from host: <188.185.114.121:9618?addrs=188.185.114.121-9618+[2001-1458-d00-a--100-273]-9618&alias=bigbird19.cern.ch&noUDP&sock=schedd_2045_4743>
...
000 (12494033.001.000) 06/09 05:39:39 Job submitted from host: <188.185.114.121:9618?addrs=188.185.114.121-9618+[2001-1458-d00-a--100-273]-9618&alias=bigbird19.cern.ch&noUDP&sock=schedd_2045_4743>
...
000 (12494033.002.000) 06/09 05:39:39 Job submitted from host: <188.185.114.121:9618?addrs=188.185.114.121-9618+[2001-1458-d00-a--100-273]-9618&alias=bigbird19.cern.ch&noUDP&sock=schedd_2045_4743>
...
000 (12494033.003.000) 06/09 05:39:39 Job submitted from host: <188.185.114.121:9618?addrs=188.185.114.121-9618+[2001-1458-d00-a--100-273]-9618&alias=bigbird19.cern.ch&noUDP&sock=schedd_2045_4743>
...
040 (12494033.001.000) 06/09 05:43:18 Started transferring input files
	Transferring to host: <188.185.215.155:9618?addrs=188.185.215.155-9618+[2001-1458-303-26--100-17]-9618&alias=b9p18p6980.cern.ch&noUDP&sock=slot1_3_8674_5e1a_7244>
...
040 (12494033.001.000) 06/09 05:43:18 Finished transferring input files
...
040 (12494033.000.000) 06/09 05:43:18 Started transferring input files
	Transferring to host: <188.185.198.92:9618?addrs=188.185.198.92-9618+[2001-1458-303-25--100-58]-9618&alias=b9p15p3439.cern.ch&noUDP&sock=slot1_22_8986_3326_5637>
...
040 (12494033.000.000) 06/09 05:43:18 Finished transferring input files
...
040 (12494033.002.000) 06/09 05:43:19 Started transferring input files
	Transferring to host: <188.185.192.168:9618?addrs=188.185.192.168-9618+[2001-1458-303-1f--100-a4]-9618&alias=b9p13p8493.cern.ch&noUDP&sock=slot1_6_8816_6b60_8086>
...
040 (12494033.002.000) 06/09 05:43:19 Finished transferring input files
...
040 (12494033.003.000) 06/09 05:43:19 Started transferring input files
	Transferring to host: <188.185.193.124:9618?addrs=188.185.193.124-9618+[2001-1458-303-20--100-78]-9618&alias=b9p19p6217.cern.ch&noUDP&sock=slot1_8_3095_7517_6855>
...
040 (12494033.003.000) 06/09 05:43:19 Finished transferring input files
...
001 (12494033.001.000) 06/09 05:43:19 Job executing on host: <188.185.215.155:9618?addrs=188.185.215.155-9618+[2001-1458-303-26--100-17]-9618&alias=b9p18p6980.cern.ch&noUDP&sock=startd_8071_9cf8>
	SlotName: slot1_3@b9p18p6980.cern.ch
	CondorScratchDir = "/pool/condor/dir_941556"
	Cpus = 4
	Disk = 3650
	GPUs = 0
	Memory = 12000
...
001 (12494033.000.000) 06/09 05:43:19 Job executing on host: <188.185.198.92:9618?addrs=188.185.198.92-9618+[2001-1458-303-25--100-58]-9618&alias=b9p15p3439.cern.ch&noUDP&sock=startd_8832_988a>
	SlotName: slot1_22@b9p15p3439.cern.ch
	CondorScratchDir = "/pool/condor/dir_1290268"
	Cpus = 4
	Disk = 3808
	GPUs = 0
	Memory = 12000
...
001 (12494033.002.000) 06/09 05:43:20 Job executing on host: <188.185.192.168:9618?addrs=188.185.192.168-9618+[2001-1458-303-1f--100-a4]-9618&alias=b9p13p8493.cern.ch&noUDP&sock=startd_8672_d963>
	SlotName: slot1_6@b9p13p8493.cern.ch
	CondorScratchDir = "/pool/condor/dir_855785"
	Cpus = 4
	Disk = 3856
	GPUs = 0
	Memory = 12000
...
001 (12494033.003.000) 06/09 05:43:20 Job executing on host: <188.185.193.124:9618?addrs=188.185.193.124-9618+[2001-1458-303-20--100-78]-9618&alias=b9p19p6217.cern.ch&noUDP&sock=startd_2632_e95b>
	SlotName: slot1_8@b9p19p6217.cern.ch
	CondorScratchDir = "/pool/condor/dir_2234451"
	Cpus = 4
	Disk = 3886
	GPUs = 0
	Memory = 12000
...
006 (12494033.000.000) 06/09 05:43:33 Image size of job updated: 30132
	30  -  MemoryUsage of job (MB)
	30132  -  ResidentSetSize of job (KB)
...
006 (12494033.001.000) 06/09 05:43:33 Image size of job updated: 38264
	38  -  MemoryUsage of job (MB)
	38264  -  ResidentSetSize of job (KB)
...
006 (12494033.002.000) 06/09 05:43:34 Image size of job updated: 93256
	92  -  MemoryUsage of job (MB)
	93256  -  ResidentSetSize of job (KB)
...
006 (12494033.003.000) 06/09 05:43:34 Image size of job updated: 52632
	52  -  MemoryUsage of job (MB)
	52632  -  ResidentSetSize of job (KB)
...
006 (12494033.000.000) 06/09 05:48:33 Image size of job updated: 1704696
	1665  -  MemoryUsage of job (MB)
	1704696  -  ResidentSetSize of job (KB)
...
006 (12494033.001.000) 06/09 05:48:34 Image size of job updated: 910256
	889  -  MemoryUsage of job (MB)
	910256  -  ResidentSetSize of job (KB)
...
006 (12494033.003.000) 06/09 05:48:35 Image size of job updated: 4909292
	4795  -  MemoryUsage of job (MB)
	4909292  -  ResidentSetSize of job (KB)
...
006 (12494033.002.000) 06/09 05:48:35 Image size of job updated: 5470256
	5343  -  MemoryUsage of job (MB)
	5470256  -  ResidentSetSize of job (KB)
...
006 (12494033.000.000) 06/09 05:53:33 Image size of job updated: 3421580
	3342  -  MemoryUsage of job (MB)
	3421580  -  ResidentSetSize of job (KB)
...
006 (12494033.001.000) 06/09 05:53:34 Image size of job updated: 1849200
	1806  -  MemoryUsage of job (MB)
	1849200  -  ResidentSetSize of job (KB)
...
006 (12494033.003.000) 06/09 05:53:35 Image size of job updated: 10149676
	9912  -  MemoryUsage of job (MB)
	10149676  -  ResidentSetSize of job (KB)
...
006 (12494033.002.000) 06/09 05:53:36 Image size of job updated: 11242800
	10980  -  MemoryUsage of job (MB)
	11242800  -  ResidentSetSize of job (KB)
...
006 (12494033.000.000) 06/09 05:58:34 Image size of job updated: 5149744
	5030  -  MemoryUsage of job (MB)
	5149744  -  ResidentSetSize of job (KB)
...
006 (12494033.003.000) 06/09 05:58:35 Image size of job updated: 15613084
	15248  -  MemoryUsage of job (MB)
	15613084  -  ResidentSetSize of job (KB)
...
006 (12494033.001.000) 06/09 05:58:35 Image size of job updated: 2788472
	2724  -  MemoryUsage of job (MB)
	2788472  -  ResidentSetSize of job (KB)
...
006 (12494033.002.000) 06/09 05:58:36 Image size of job updated: 16952492
	16556  -  MemoryUsage of job (MB)
	16952492  -  ResidentSetSize of job (KB)
...
006 (12494033.000.000) 06/09 05:59:08 Image size of job updated: 5360516
	5030  -  MemoryUsage of job (MB)
	5149744  -  ResidentSetSize of job (KB)
...
040 (12494033.000.000) 06/09 05:59:08 Started transferring output files
...
040 (12494033.000.000) 06/09 05:59:08 Finished transferring output files
...
005 (12494033.000.000) 06/09 05:59:08 Job terminated.
	(1) Normal termination (return value 0)
		Usr 0 00:02:01, Sys 0 00:00:12  -  Run Remote Usage
		Usr 0 00:00:00, Sys 0 00:00:00  -  Run Local Usage
		Usr 0 00:02:01, Sys 0 00:00:12  -  Total Remote Usage
		Usr 0 00:00:00, Sys 0 00:00:00  -  Total Local Usage
	54872  -  Run Bytes Sent By Job
	10852  -  Run Bytes Received By Job
	54872  -  Total Bytes Sent By Job
	10852  -  Total Bytes Received By Job
	Partitionable Resources :    Usage  Request Allocated 
	   Cpus                 :     0.19        4         4 
	   Disk (KB)            :   130           1      3808 
	   GPUs                 :                           0 
	   Memory (MB)          :  5030       12000     12000 

	Job terminated of its own accord at 2025-06-09T03:59:08Z with exit-code 0.
...
006 (12494033.003.000) 06/09 06:03:36 Image size of job updated: 20852056
	20364  -  MemoryUsage of job (MB)
	20852056  -  ResidentSetSize of job (KB)
...
006 (12494033.001.000) 06/09 06:03:36 Image size of job updated: 3727504
	3641  -  MemoryUsage of job (MB)
	3727504  -  ResidentSetSize of job (KB)
...
006 (12494033.002.000) 06/09 06:03:36 Image size of job updated: 22853900
	22319  -  MemoryUsage of job (MB)
	22853900  -  ResidentSetSize of job (KB)
...
006 (12494033.003.000) 06/09 06:08:36 Image size of job updated: 24278124
	23564  -  MemoryUsage of job (MB)
	24129068  -  ResidentSetSize of job (KB)
...
006 (12494033.001.000) 06/09 06:08:36 Image size of job updated: 4659532
	4551  -  MemoryUsage of job (MB)
	4659532  -  ResidentSetSize of job (KB)
...
006 (12494033.002.000) 06/09 06:08:37 Image size of job updated: 24275920
	23170  -  MemoryUsage of job (MB)
	23725084  -  ResidentSetSize of job (KB)
...
006 (12494033.003.000) 06/09 06:13:36 Image size of job updated: 24278124
	23653  -  MemoryUsage of job (MB)
	24220612  -  ResidentSetSize of job (KB)
...
006 (12494033.002.000) 06/09 06:13:37 Image size of job updated: 24275920
	23391  -  MemoryUsage of job (MB)
	23951668  -  ResidentSetSize of job (KB)
...
006 (12494033.001.000) 06/09 06:13:37 Image size of job updated: 5592004
	5461  -  MemoryUsage of job (MB)
	5592004  -  ResidentSetSize of job (KB)
...
006 (12494033.003.000) 06/09 06:17:21 Image size of job updated: 24278124
	23654  -  MemoryUsage of job (MB)
	24220784  -  ResidentSetSize of job (KB)
...
040 (12494033.003.000) 06/09 06:17:21 Started transferring output files
...
040 (12494033.003.000) 06/09 06:17:21 Finished transferring output files
...
005 (12494033.003.000) 06/09 06:17:21 Job terminated.
	(1) Normal termination (return value 0)
		Usr 0 00:13:37, Sys 0 00:01:53  -  Run Remote Usage
		Usr 0 00:00:00, Sys 0 00:00:00  -  Run Local Usage
		Usr 0 00:13:37, Sys 0 00:01:53  -  Total Remote Usage
		Usr 0 00:00:00, Sys 0 00:00:00  -  Total Local Usage
	65020  -  Run Bytes Sent By Job
	10852  -  Run Bytes Received By Job
	65020  -  Total Bytes Sent By Job
	10852  -  Total Bytes Received By Job
	Partitionable Resources :    Usage  Request Allocated 
	   Cpus                 :     0.50        4         4 
	   Disk (KB)            :   141           1      3886 
	   GPUs                 :                           0 
	   Memory (MB)          : 23654       12000     12000 

	Job terminated of its own accord at 2025-06-09T04:17:21Z with exit-code 0.
...
006 (12494033.002.000) 06/09 06:18:37 Image size of job updated: 24275920
	23611  -  MemoryUsage of job (MB)
	24176648  -  ResidentSetSize of job (KB)
...
006 (12494033.001.000) 06/09 06:18:38 Image size of job updated: 6530912
	6378  -  MemoryUsage of job (MB)
	6530912  -  ResidentSetSize of job (KB)
...
040 (12494033.002.000) 06/09 06:22:32 Started transferring output files
...
040 (12494033.002.000) 06/09 06:22:32 Finished transferring output files
...
005 (12494033.002.000) 06/09 06:22:32 Job terminated.
	(1) Normal termination (return value 0)
		Usr 0 00:12:44, Sys 0 00:01:49  -  Run Remote Usage
		Usr 0 00:00:00, Sys 0 00:00:00  -  Run Local Usage
		Usr 0 00:12:44, Sys 0 00:01:49  -  Total Remote Usage
		Usr 0 00:00:00, Sys 0 00:00:00  -  Total Local Usage
	68231  -  Run Bytes Sent By Job
	10852  -  Run Bytes Received By Job
	68231  -  Total Bytes Sent By Job
	10852  -  Total Bytes Received By Job
	Partitionable Resources :    Usage  Request Allocated 
	   Cpus                 :     0.39        4         4 
	   Disk (KB)            :   143           1      3856 
	   GPUs                 :                           0 
	   Memory (MB)          : 23611       12000     12000 

	Job terminated of its own accord at 2025-06-09T04:22:32Z with exit-code 0.
...
006 (12494033.001.000) 06/09 06:23:38 Image size of job updated: 7471668
	7297  -  MemoryUsage of job (MB)
	7471668  -  ResidentSetSize of job (KB)
...
006 (12494033.001.000) 06/09 06:28:39 Image size of job updated: 8411852
	8215  -  MemoryUsage of job (MB)
	8411852  -  ResidentSetSize of job (KB)
...
006 (12494033.001.000) 06/09 06:33:40 Image size of job updated: 9351536
	9133  -  MemoryUsage of job (MB)
	9351536  -  ResidentSetSize of job (KB)
...
006 (12494033.001.000) 06/09 06:38:40 Image size of job updated: 10288364
	10048  -  MemoryUsage of job (MB)
	10288364  -  ResidentSetSize of job (KB)
...
006 (12494033.001.000) 06/09 06:43:40 Image size of job updated: 11343688
	11078  -  MemoryUsage of job (MB)
	11343688  -  ResidentSetSize of job (KB)
...
006 (12494033.001.000) 06/09 06:48:41 Image size of job updated: 12281128
	11994  -  MemoryUsage of job (MB)
	12281128  -  ResidentSetSize of job (KB)
...
006 (12494033.001.000) 06/09 06:53:41 Image size of job updated: 13218592
	12909  -  MemoryUsage of job (MB)
	13218592  -  ResidentSetSize of job (KB)
...
006 (12494033.001.000) 06/09 06:58:41 Image size of job updated: 14154164
	13823  -  MemoryUsage of job (MB)
	14154164  -  ResidentSetSize of job (KB)
...
006 (12494033.001.000) 06/09 07:03:42 Image size of job updated: 15090632
	14737  -  MemoryUsage of job (MB)
	15090632  -  ResidentSetSize of job (KB)
...
006 (12494033.001.000) 06/09 07:08:42 Image size of job updated: 16033208
	15658  -  MemoryUsage of job (MB)
	16033208  -  ResidentSetSize of job (KB)
...
006 (12494033.001.000) 06/09 07:13:42 Image size of job updated: 16973036
	16576  -  MemoryUsage of job (MB)
	16973036  -  ResidentSetSize of job (KB)
...
006 (12494033.001.000) 06/09 07:18:43 Image size of job updated: 17904804
	17486  -  MemoryUsage of job (MB)
	17904804  -  ResidentSetSize of job (KB)
...
006 (12494033.001.000) 06/09 07:23:44 Image size of job updated: 18846852
	18406  -  MemoryUsage of job (MB)
	18846852  -  ResidentSetSize of job (KB)
...
006 (12494033.001.000) 06/09 07:28:44 Image size of job updated: 19780900
	19318  -  MemoryUsage of job (MB)
	19780900  -  ResidentSetSize of job (KB)
...
006 (12494033.001.000) 06/09 07:33:45 Image size of job updated: 20721316
	20236  -  MemoryUsage of job (MB)
	20721316  -  ResidentSetSize of job (KB)
...
006 (12494033.001.000) 06/09 07:38:46 Image size of job updated: 21677308
	21170  -  MemoryUsage of job (MB)
	21677308  -  ResidentSetSize of job (KB)
...
006 (12494033.001.000) 06/09 07:43:46 Image size of job updated: 22620564
	22091  -  MemoryUsage of job (MB)
	22620564  -  ResidentSetSize of job (KB)
...
006 (12494033.001.000) 06/09 07:48:46 Image size of job updated: 23579516
	23027  -  MemoryUsage of job (MB)
	23579516  -  ResidentSetSize of job (KB)
...
006 (12494033.001.000) 06/09 07:53:47 Image size of job updated: 24484888
	23650  -  MemoryUsage of job (MB)
	24216596  -  ResidentSetSize of job (KB)
...
040 (12494033.001.000) 06/09 09:14:18 Started transferring output files
...
040 (12494033.001.000) 06/09 09:14:18 Finished transferring output files
...
005 (12494033.001.000) 06/09 09:14:18 Job terminated.
	(1) Normal termination (return value 0)
		Usr 0 00:13:19, Sys 0 00:01:51  -  Run Remote Usage
		Usr 0 00:00:00, Sys 0 00:00:00  -  Run Local Usage
		Usr 0 00:13:19, Sys 0 00:01:51  -  Total Remote Usage
		Usr 0 00:00:00, Sys 0 00:00:00  -  Total Local Usage
	67501  -  Run Bytes Sent By Job
	10852  -  Run Bytes Received By Job
	67501  -  Total Bytes Sent By Job
	10852  -  Total Bytes Received By Job
	Partitionable Resources :    Usage  Request Allocated 
	   Cpus                 :     0.15        4         4 
	   Disk (KB)            :   143           1      3650 
	   GPUs                 :                           0 
	   Memory (MB)          : 23650       12000     12000 

	Job terminated of its own accord at 2025-06-09T07:14:18Z with exit-code 0.
...
