000 (12419565.000.000) 06/02 22:03:35 Job submitted from host: <188.185.114.121:9618?addrs=188.185.114.121-9618+[2001-1458-d00-a--100-273]-9618&alias=bigbird19.cern.ch&noUDP&sock=schedd_2045_4743>
...
000 (12419565.001.000) 06/02 22:03:35 Job submitted from host: <188.185.114.121:9618?addrs=188.185.114.121-9618+[2001-1458-d00-a--100-273]-9618&alias=bigbird19.cern.ch&noUDP&sock=schedd_2045_4743>
...
000 (12419565.002.000) 06/02 22:03:35 Job submitted from host: <188.185.114.121:9618?addrs=188.185.114.121-9618+[2001-1458-d00-a--100-273]-9618&alias=bigbird19.cern.ch&noUDP&sock=schedd_2045_4743>
...
000 (12419565.003.000) 06/02 22:03:35 Job submitted from host: <188.185.114.121:9618?addrs=188.185.114.121-9618+[2001-1458-d00-a--100-273]-9618&alias=bigbird19.cern.ch&noUDP&sock=schedd_2045_4743>
...
000 (12419565.004.000) 06/02 22:03:35 Job submitted from host: <188.185.114.121:9618?addrs=188.185.114.121-9618+[2001-1458-d00-a--100-273]-9618&alias=bigbird19.cern.ch&noUDP&sock=schedd_2045_4743>
...
040 (12419565.001.000) 06/02 22:54:53 Entered queue to transfer input files
	Transferring to host: <188.185.214.48:9618?addrs=188.185.214.48-9618+[2001-1458-303-1c--100-2c]-9618&alias=b9p29p4214.cern.ch&noUDP&sock=slot1_3_8423_83f0_1006>
...
040 (12419565.004.000) 06/02 22:54:53 Entered queue to transfer input files
	Transferring to host: <188.185.204.135:9618?addrs=188.185.204.135-9618+[2001-1458-303-8--100-7b]-9618&alias=b9p02p6005.cern.ch&noUDP&sock=slot1_4_8447_6cf1_704>
...
040 (12419565.000.000) 06/02 22:54:53 Entered queue to transfer input files
	Transferring to host: <188.185.213.29:9618?addrs=188.185.213.29-9618+[2001-1458-303-1a--100-19]-9618&alias=b9p27p4542.cern.ch&noUDP&sock=slot1_9_8381_ec2e_793>
...
040 (12419565.003.000) 06/02 22:54:54 Entered queue to transfer input files
	Transferring to host: <188.185.215.92:9618?addrs=188.185.215.92-9618+[2001-1458-303-1e--100-58]-9618&alias=b9p31p7012.cern.ch&noUDP&sock=slot1_5_8244_64c8_709>
...
040 (12419565.002.000) 06/02 22:55:21 Entered queue to transfer input files
	Transferring to host: <128.142.196.65:9618?addrs=128.142.196.65-9618+[2001-1458-301-3c--100-3f]-9618&alias=b9g32p1856.cern.ch&noUDP&sock=slot1_3_16036_9005_15830>
...
040 (12419565.001.000) 06/02 23:18:41 Started transferring input files
	Seconds spent in queue: 1428
...
040 (12419565.004.000) 06/02 23:18:41 Started transferring input files
	Seconds spent in queue: 1428
...
040 (12419565.000.000) 06/02 23:18:41 Started transferring input files
	Seconds spent in queue: 1428
...
040 (12419565.001.000) 06/02 23:18:41 Finished transferring input files
...
040 (12419565.004.000) 06/02 23:18:41 Finished transferring input files
...
040 (12419565.000.000) 06/02 23:18:41 Finished transferring input files
...
040 (12419565.003.000) 06/02 23:18:41 Started transferring input files
	Seconds spent in queue: 1427
...
040 (12419565.003.000) 06/02 23:18:41 Finished transferring input files
...
040 (12419565.002.000) 06/02 23:18:41 Started transferring input files
	Seconds spent in queue: 1400
...
040 (12419565.002.000) 06/02 23:18:41 Finished transferring input files
...
001 (12419565.001.000) 06/02 23:18:42 Job executing on host: <188.185.214.48:9618?addrs=188.185.214.48-9618+[2001-1458-303-1c--100-2c]-9618&alias=b9p29p4214.cern.ch&noUDP&sock=startd_8351_ab7c>
	SlotName: slot1_3@b9p29p4214.cern.ch
	CondorScratchDir = "/pool/condor/dir_1802365"
	Cpus = 4
	Disk = 3701
	GPUs = 0
	Memory = 12000
...
001 (12419565.004.000) 06/02 23:18:42 Job executing on host: <188.185.204.135:9618?addrs=188.185.204.135-9618+[2001-1458-303-8--100-7b]-9618&alias=b9p02p6005.cern.ch&noUDP&sock=startd_7444_8b16>
	SlotName: slot1_4@b9p02p6005.cern.ch
	CondorScratchDir = "/pool/condor/dir_3596467"
	Cpus = 4
	Disk = 3740
	GPUs = 0
	Memory = 12000
...
001 (12419565.000.000) 06/02 23:18:42 Job executing on host: <188.185.213.29:9618?addrs=188.185.213.29-9618+[2001-1458-303-1a--100-19]-9618&alias=b9p27p4542.cern.ch&noUDP&sock=startd_8325_d606>
	SlotName: slot1_9@b9p27p4542.cern.ch
	CondorScratchDir = "/pool/condor/dir_1121364"
	Cpus = 4
	Disk = 3627
	GPUs = 0
	Memory = 12000
...
001 (12419565.003.000) 06/02 23:18:42 Job executing on host: <188.185.215.92:9618?addrs=188.185.215.92-9618+[2001-1458-303-1e--100-58]-9618&alias=b9p31p7012.cern.ch&noUDP&sock=startd_7661_6323>
	SlotName: slot1_5@b9p31p7012.cern.ch
	CondorScratchDir = "/pool/condor/dir_937638"
	Cpus = 4
	Disk = 3850
	GPUs = 0
	Memory = 12000
...
001 (12419565.002.000) 06/02 23:18:42 Job executing on host: <128.142.196.65:9618?addrs=128.142.196.65-9618+[2001-1458-301-3c--100-3f]-9618&alias=b9g32p1856.cern.ch&noUDP&sock=startd_14805_93b9>
	SlotName: slot1_3@b9g32p1856.cern.ch
	CondorScratchDir = "/pool/condor/dir_1817757"
	Cpus = 4
	Disk = 3773
	GPUs = 0
	Memory = 12000
...
006 (12419565.003.000) 06/02 23:18:50 Image size of job updated: 11404
	12  -  MemoryUsage of job (MB)
	11404  -  ResidentSetSize of job (KB)
...
006 (12419565.001.000) 06/02 23:18:50 Image size of job updated: 92444
	91  -  MemoryUsage of job (MB)
	92444  -  ResidentSetSize of job (KB)
...
006 (12419565.004.000) 06/02 23:18:55 Image size of job updated: 81324
	80  -  MemoryUsage of job (MB)
	81324  -  ResidentSetSize of job (KB)
...
006 (12419565.000.000) 06/02 23:18:55 Image size of job updated: 14304
	2  -  MemoryUsage of job (MB)
	1320  -  ResidentSetSize of job (KB)
...
006 (12419565.002.000) 06/02 23:18:55 Image size of job updated: 24128
	5  -  MemoryUsage of job (MB)
	5032  -  ResidentSetSize of job (KB)
...
006 (12419565.001.000) 06/02 23:20:35 Image size of job updated: 92444
	104  -  MemoryUsage of job (MB)
	105476  -  ResidentSetSize of job (KB)
...
040 (12419565.001.000) 06/02 23:20:35 Started transferring output files
	Seconds spent in queue: 1542
...
040 (12419565.001.000) 06/02 23:20:35 Finished transferring output files
...
005 (12419565.001.000) 06/02 23:20:35 Job terminated.
	(1) Normal termination (return value 0)
		Usr 0 00:00:08, Sys 0 00:00:02  -  Run Remote Usage
		Usr 0 00:00:00, Sys 0 00:00:00  -  Run Local Usage
		Usr 0 00:00:08, Sys 0 00:00:02  -  Total Remote Usage
		Usr 0 00:00:00, Sys 0 00:00:00  -  Total Local Usage
	42856  -  Run Bytes Sent By Job
	10836  -  Run Bytes Received By Job
	42856  -  Total Bytes Sent By Job
	10836  -  Total Bytes Received By Job
	Partitionable Resources :    Usage  Request Allocated 
	   Cpus                 :        0        4         4 
	   Disk (KB)            :      118        1      3701 
	   GPUs                 :                           0 
	   Memory (MB)          :      104    12000     12000 

	Job terminated of its own accord at 2025-06-02T21:20:35Z with exit-code 0.
...
006 (12419565.004.000) 06/02 23:21:14 Image size of job updated: 215796
	80  -  MemoryUsage of job (MB)
	81372  -  ResidentSetSize of job (KB)
...
040 (12419565.004.000) 06/02 23:21:14 Started transferring output files
	Seconds spent in queue: 1581
...
040 (12419565.004.000) 06/02 23:21:14 Finished transferring output files
...
005 (12419565.004.000) 06/02 23:21:14 Job terminated.
	(1) Normal termination (return value 0)
		Usr 0 00:00:09, Sys 0 00:00:02  -  Run Remote Usage
		Usr 0 00:00:00, Sys 0 00:00:00  -  Run Local Usage
		Usr 0 00:00:09, Sys 0 00:00:02  -  Total Remote Usage
		Usr 0 00:00:00, Sys 0 00:00:00  -  Total Local Usage
	42840  -  Run Bytes Sent By Job
	10836  -  Run Bytes Received By Job
	42840  -  Total Bytes Sent By Job
	10836  -  Total Bytes Received By Job
	Partitionable Resources :    Usage  Request Allocated 
	   Cpus                 :        0        4         4 
	   Disk (KB)            :      120        1      3740 
	   GPUs                 :                           0 
	   Memory (MB)          :       80    12000     12000 

	Job terminated of its own accord at 2025-06-02T21:21:14Z with exit-code 0.
...
006 (12419565.002.000) 06/02 23:21:24 Image size of job updated: 215944
	5  -  MemoryUsage of job (MB)
	5032  -  ResidentSetSize of job (KB)
...
040 (12419565.002.000) 06/02 23:21:24 Started transferring output files
	Seconds spent in queue: 1563
...
040 (12419565.002.000) 06/02 23:21:24 Finished transferring output files
...
005 (12419565.002.000) 06/02 23:21:24 Job terminated.
	(1) Normal termination (return value 0)
		Usr 0 00:00:11, Sys 0 00:00:03  -  Run Remote Usage
		Usr 0 00:00:00, Sys 0 00:00:00  -  Run Local Usage
		Usr 0 00:00:11, Sys 0 00:00:03  -  Total Remote Usage
		Usr 0 00:00:00, Sys 0 00:00:00  -  Total Local Usage
	42840  -  Run Bytes Sent By Job
	10836  -  Run Bytes Received By Job
	42840  -  Total Bytes Sent By Job
	10836  -  Total Bytes Received By Job
	Partitionable Resources :    Usage  Request Allocated 
	   Cpus                 :     0.03        4         4 
	   Disk (KB)            :   118           1      3773 
	   GPUs                 :                           0 
	   Memory (MB)          :     5       12000     12000 

	Job terminated of its own accord at 2025-06-02T21:21:24Z with exit-code 0.
...
006 (12419565.003.000) 06/02 23:21:39 Image size of job updated: 288356
	282  -  MemoryUsage of job (MB)
	288356  -  ResidentSetSize of job (KB)
...
040 (12419565.003.000) 06/02 23:21:39 Started transferring output files
	Seconds spent in queue: 1605
...
040 (12419565.003.000) 06/02 23:21:39 Finished transferring output files
...
005 (12419565.003.000) 06/02 23:21:39 Job terminated.
	(1) Normal termination (return value 0)
		Usr 0 00:00:12, Sys 0 00:00:03  -  Run Remote Usage
		Usr 0 00:00:00, Sys 0 00:00:00  -  Run Local Usage
		Usr 0 00:00:12, Sys 0 00:00:03  -  Total Remote Usage
		Usr 0 00:00:00, Sys 0 00:00:00  -  Total Local Usage
	45523  -  Run Bytes Sent By Job
	10836  -  Run Bytes Received By Job
	45523  -  Total Bytes Sent By Job
	10836  -  Total Bytes Received By Job
	Partitionable Resources :    Usage  Request Allocated 
	   Cpus                 :        0        4         4 
	   Disk (KB)            :      121        1      3850 
	   GPUs                 :                           0 
	   Memory (MB)          :      282    12000     12000 

	Job terminated of its own accord at 2025-06-02T21:21:39Z with exit-code 0.
...
006 (12419565.000.000) 06/02 23:23:55 Image size of job updated: 381520
	373  -  MemoryUsage of job (MB)
	381520  -  ResidentSetSize of job (KB)
...
006 (12419565.000.000) 06/02 23:28:56 Image size of job updated: 663968
	649  -  MemoryUsage of job (MB)
	663968  -  ResidentSetSize of job (KB)
...
006 (12419565.000.000) 06/02 23:33:56 Image size of job updated: 946948
	925  -  MemoryUsage of job (MB)
	946948  -  ResidentSetSize of job (KB)
...
006 (12419565.000.000) 06/02 23:38:56 Image size of job updated: 1229652
	1201  -  MemoryUsage of job (MB)
	1229652  -  ResidentSetSize of job (KB)
...
006 (12419565.000.000) 06/02 23:43:57 Image size of job updated: 1511644
	1477  -  MemoryUsage of job (MB)
	1511644  -  ResidentSetSize of job (KB)
...
006 (12419565.000.000) 06/02 23:48:57 Image size of job updated: 1794292
	1753  -  MemoryUsage of job (MB)
	1794292  -  ResidentSetSize of job (KB)
...
006 (12419565.000.000) 06/02 23:53:57 Image size of job updated: 2076804
	2029  -  MemoryUsage of job (MB)
	2076804  -  ResidentSetSize of job (KB)
...
006 (12419565.000.000) 06/02 23:58:58 Image size of job updated: 2353356
	2299  -  MemoryUsage of job (MB)
	2353356  -  ResidentSetSize of job (KB)
...
006 (12419565.000.000) 06/03 00:03:58 Image size of job updated: 2618528
	2558  -  MemoryUsage of job (MB)
	2618528  -  ResidentSetSize of job (KB)
...
006 (12419565.000.000) 06/03 00:08:58 Image size of job updated: 2980156
	2911  -  MemoryUsage of job (MB)
	2980156  -  ResidentSetSize of job (KB)
...
006 (12419565.000.000) 06/03 00:13:59 Image size of job updated: 3263064
	3187  -  MemoryUsage of job (MB)
	3263064  -  ResidentSetSize of job (KB)
...
006 (12419565.000.000) 06/03 00:18:59 Image size of job updated: 3545404
	3463  -  MemoryUsage of job (MB)
	3545404  -  ResidentSetSize of job (KB)
...
006 (12419565.000.000) 06/03 00:24:00 Image size of job updated: 3828664
	3739  -  MemoryUsage of job (MB)
	3828664  -  ResidentSetSize of job (KB)
...
006 (12419565.000.000) 06/03 00:29:01 Image size of job updated: 4111172
	4015  -  MemoryUsage of job (MB)
	4111172  -  ResidentSetSize of job (KB)
...
006 (12419565.000.000) 06/03 00:30:57 Image size of job updated: 4205652
	4015  -  MemoryUsage of job (MB)
	4111172  -  ResidentSetSize of job (KB)
...
040 (12419565.000.000) 06/03 00:31:02 Entered queue to transfer output files
...
040 (12419565.000.000) 06/03 00:35:03 Started transferring output files
	Seconds spent in queue: 6010
...
040 (12419565.000.000) 06/03 00:35:03 Finished transferring output files
...
005 (12419565.000.000) 06/03 00:35:03 Job terminated.
	(1) Normal termination (return value 0)
		Usr 0 00:03:45, Sys 0 00:00:30  -  Run Remote Usage
		Usr 0 00:00:00, Sys 0 00:00:00  -  Run Local Usage
		Usr 0 00:03:45, Sys 0 00:00:30  -  Total Remote Usage
		Usr 0 00:00:00, Sys 0 00:00:00  -  Total Local Usage
	44877  -  Run Bytes Sent By Job
	10836  -  Run Bytes Received By Job
	44877  -  Total Bytes Sent By Job
	10836  -  Total Bytes Received By Job
	Partitionable Resources :    Usage  Request Allocated 
	   Cpus                 :     0.09        4         4 
	   Disk (KB)            :   120           1      3627 
	   GPUs                 :                           0 
	   Memory (MB)          :  4015       12000     12000 

	Job terminated of its own accord at 2025-06-02T22:30:57Z with exit-code 0.
...
