000 (12419570.000.000) 06/02 22:03:41 Job submitted from host: <188.185.114.121:9618?addrs=188.185.114.121-9618+[2001-1458-d00-a--100-273]-9618&alias=bigbird19.cern.ch&noUDP&sock=schedd_2045_4743>
...
000 (12419570.001.000) 06/02 22:03:41 Job submitted from host: <188.185.114.121:9618?addrs=188.185.114.121-9618+[2001-1458-d00-a--100-273]-9618&alias=bigbird19.cern.ch&noUDP&sock=schedd_2045_4743>
...
000 (12419570.002.000) 06/02 22:03:41 Job submitted from host: <188.185.114.121:9618?addrs=188.185.114.121-9618+[2001-1458-d00-a--100-273]-9618&alias=bigbird19.cern.ch&noUDP&sock=schedd_2045_4743>
...
000 (12419570.003.000) 06/02 22:03:41 Job submitted from host: <188.185.114.121:9618?addrs=188.185.114.121-9618+[2001-1458-d00-a--100-273]-9618&alias=bigbird19.cern.ch&noUDP&sock=schedd_2045_4743>
...
000 (12419570.004.000) 06/02 22:03:41 Job submitted from host: <188.185.114.121:9618?addrs=188.185.114.121-9618+[2001-1458-d00-a--100-273]-9618&alias=bigbird19.cern.ch&noUDP&sock=schedd_2045_4743>
...
000 (12419570.005.000) 06/02 22:03:41 Job submitted from host: <188.185.114.121:9618?addrs=188.185.114.121-9618+[2001-1458-d00-a--100-273]-9618&alias=bigbird19.cern.ch&noUDP&sock=schedd_2045_4743>
...
000 (12419570.006.000) 06/02 22:03:41 Job submitted from host: <188.185.114.121:9618?addrs=188.185.114.121-9618+[2001-1458-d00-a--100-273]-9618&alias=bigbird19.cern.ch&noUDP&sock=schedd_2045_4743>
...
000 (12419570.007.000) 06/02 22:03:41 Job submitted from host: <188.185.114.121:9618?addrs=188.185.114.121-9618+[2001-1458-d00-a--100-273]-9618&alias=bigbird19.cern.ch&noUDP&sock=schedd_2045_4743>
...
000 (12419570.008.000) 06/02 22:03:41 Job submitted from host: <188.185.114.121:9618?addrs=188.185.114.121-9618+[2001-1458-d00-a--100-273]-9618&alias=bigbird19.cern.ch&noUDP&sock=schedd_2045_4743>
...
000 (12419570.009.000) 06/02 22:03:41 Job submitted from host: <188.185.114.121:9618?addrs=188.185.114.121-9618+[2001-1458-d00-a--100-273]-9618&alias=bigbird19.cern.ch&noUDP&sock=schedd_2045_4743>
...
000 (12419570.010.000) 06/02 22:03:41 Job submitted from host: <188.185.114.121:9618?addrs=188.185.114.121-9618+[2001-1458-d00-a--100-273]-9618&alias=bigbird19.cern.ch&noUDP&sock=schedd_2045_4743>
...
000 (12419570.011.000) 06/02 22:03:41 Job submitted from host: <188.185.114.121:9618?addrs=188.185.114.121-9618+[2001-1458-d00-a--100-273]-9618&alias=bigbird19.cern.ch&noUDP&sock=schedd_2045_4743>
...
000 (12419570.012.000) 06/02 22:03:41 Job submitted from host: <188.185.114.121:9618?addrs=188.185.114.121-9618+[2001-1458-d00-a--100-273]-9618&alias=bigbird19.cern.ch&noUDP&sock=schedd_2045_4743>
...
000 (12419570.013.000) 06/02 22:03:41 Job submitted from host: <188.185.114.121:9618?addrs=188.185.114.121-9618+[2001-1458-d00-a--100-273]-9618&alias=bigbird19.cern.ch&noUDP&sock=schedd_2045_4743>
...
000 (12419570.014.000) 06/02 22:03:41 Job submitted from host: <188.185.114.121:9618?addrs=188.185.114.121-9618+[2001-1458-d00-a--100-273]-9618&alias=bigbird19.cern.ch&noUDP&sock=schedd_2045_4743>
...
000 (12419570.015.000) 06/02 22:03:41 Job submitted from host: <188.185.114.121:9618?addrs=188.185.114.121-9618+[2001-1458-d00-a--100-273]-9618&alias=bigbird19.cern.ch&noUDP&sock=schedd_2045_4743>
...
000 (12419570.016.000) 06/02 22:03:41 Job submitted from host: <188.185.114.121:9618?addrs=188.185.114.121-9618+[2001-1458-d00-a--100-273]-9618&alias=bigbird19.cern.ch&noUDP&sock=schedd_2045_4743>
...
000 (12419570.017.000) 06/02 22:03:41 Job submitted from host: <188.185.114.121:9618?addrs=188.185.114.121-9618+[2001-1458-d00-a--100-273]-9618&alias=bigbird19.cern.ch&noUDP&sock=schedd_2045_4743>
...
000 (12419570.018.000) 06/02 22:03:41 Job submitted from host: <188.185.114.121:9618?addrs=188.185.114.121-9618+[2001-1458-d00-a--100-273]-9618&alias=bigbird19.cern.ch&noUDP&sock=schedd_2045_4743>
...
000 (12419570.019.000) 06/02 22:03:41 Job submitted from host: <188.185.114.121:9618?addrs=188.185.114.121-9618+[2001-1458-d00-a--100-273]-9618&alias=bigbird19.cern.ch&noUDP&sock=schedd_2045_4743>
...
000 (12419570.020.000) 06/02 22:03:41 Job submitted from host: <188.185.114.121:9618?addrs=188.185.114.121-9618+[2001-1458-d00-a--100-273]-9618&alias=bigbird19.cern.ch&noUDP&sock=schedd_2045_4743>
...
000 (12419570.021.000) 06/02 22:03:41 Job submitted from host: <188.185.114.121:9618?addrs=188.185.114.121-9618+[2001-1458-d00-a--100-273]-9618&alias=bigbird19.cern.ch&noUDP&sock=schedd_2045_4743>
...
000 (12419570.022.000) 06/02 22:03:41 Job submitted from host: <188.185.114.121:9618?addrs=188.185.114.121-9618+[2001-1458-d00-a--100-273]-9618&alias=bigbird19.cern.ch&noUDP&sock=schedd_2045_4743>
...
000 (12419570.023.000) 06/02 22:03:41 Job submitted from host: <188.185.114.121:9618?addrs=188.185.114.121-9618+[2001-1458-d00-a--100-273]-9618&alias=bigbird19.cern.ch&noUDP&sock=schedd_2045_4743>
...
000 (12419570.024.000) 06/02 22:03:41 Job submitted from host: <188.185.114.121:9618?addrs=188.185.114.121-9618+[2001-1458-d00-a--100-273]-9618&alias=bigbird19.cern.ch&noUDP&sock=schedd_2045_4743>
...
000 (12419570.025.000) 06/02 22:03:41 Job submitted from host: <188.185.114.121:9618?addrs=188.185.114.121-9618+[2001-1458-d00-a--100-273]-9618&alias=bigbird19.cern.ch&noUDP&sock=schedd_2045_4743>
...
040 (12419570.000.000) 06/02 22:55:06 Entered queue to transfer input files
	Transferring to host: <188.185.204.231:9618?addrs=188.185.204.231-9618+[2001-1458-303-8--100-64]-9618&alias=b9p02p9489.cern.ch&noUDP&sock=slot1_18_9091_2e8b_843>
...
040 (12419570.001.000) 06/02 22:55:06 Entered queue to transfer input files
	Transferring to host: <188.185.204.239:9618?addrs=188.185.204.239-9618+[2001-1458-303-8--100-6c]-9618&alias=b9p02p0016.cern.ch&noUDP&sock=slot1_11_9159_180e_825>
...
040 (12419570.002.000) 06/02 22:55:06 Entered queue to transfer input files
	Transferring to host: <188.185.207.230:9618?addrs=188.185.207.230-9618+[2001-1458-303-e--100-63]-9618&alias=b9p08p8866.cern.ch&noUDP&sock=slot1_9_9528_167d_930>
...
040 (12419570.003.000) 06/02 22:55:07 Entered queue to transfer input files
	Transferring to host: <188.185.205.138:9618?addrs=188.185.205.138-9618+[2001-1458-303-a--100-7]-9618&alias=b9p04p5793.cern.ch&noUDP&sock=slot1_6_9392_4377_781>
...
040 (12419570.007.000) 06/02 22:55:07 Entered queue to transfer input files
	Transferring to host: <128.142.33.14:9618?addrs=128.142.33.14-9618+[2001-1458-301-53--100-b]-9618&alias=b9g34p3197.cern.ch&noUDP&sock=slot1_2_499610_3116_55614>
...
040 (12419570.005.000) 06/02 22:55:07 Entered queue to transfer input files
	Transferring to host: <188.185.209.163:9618?addrs=188.185.209.163-9618+[2001-1458-303-12--100-20]-9618&alias=b9p12p5876.cern.ch&noUDP&sock=slot1_25_9019_7388_858>
...
040 (12419570.004.000) 06/02 22:55:07 Entered queue to transfer input files
	Transferring to host: <188.185.204.158:9618?addrs=188.185.204.158-9618+[2001-1458-303-8--100-92]-9618&alias=b9p02p0813.cern.ch&noUDP&sock=slot1_5_8230_8788_795>
...
040 (12419570.006.000) 06/02 22:55:08 Entered queue to transfer input files
	Transferring to host: <188.185.209.81:9618?addrs=188.185.209.81-9618+[2001-1458-303-11--100-4e]-9618&alias=b9p11p4508.cern.ch&noUDP&sock=slot1_12_9118_34ac_823>
...
040 (12419570.010.000) 06/02 22:55:08 Entered queue to transfer input files
	Transferring to host: <188.185.209.64:9618?addrs=188.185.209.64-9618+[2001-1458-303-11--100-3d]-9618&alias=b9p11p9443.cern.ch&noUDP&sock=slot1_8_8982_61a6_776>
...
040 (12419570.013.000) 06/02 22:55:09 Entered queue to transfer input files
	Transferring to host: <188.185.192.88:9618?addrs=188.185.192.88-9618+[2001-1458-303-1f--100-54]-9618&alias=b9p13p5626.cern.ch&noUDP&sock=slot1_5_8799_70ff_1215>
...
040 (12419570.012.000) 06/02 22:55:09 Entered queue to transfer input files
	Transferring to host: <188.185.210.225:9618?addrs=188.185.210.225-9618+[2001-1458-303-15--100-5d]-9618&alias=b9p22p2530.cern.ch&noUDP&sock=slot1_4_8465_1bb1_1150>
...
040 (12419570.008.000) 06/02 22:55:09 Entered queue to transfer input files
	Transferring to host: <188.185.204.173:9618?addrs=188.185.204.173-9618+[2001-1458-303-8--100-a1]-9618&alias=b9p02p8393.cern.ch&noUDP&sock=slot1_11_7462_6769_725>
...
040 (12419570.009.000) 06/02 22:55:09 Entered queue to transfer input files
	Transferring to host: <188.185.208.152:9618?addrs=188.185.208.152-9618+[2001-1458-303-10--100-15]-9618&alias=b9p10p6711.cern.ch&noUDP&sock=slot1_13_9142_1dad_779>
...
040 (12419570.014.000) 06/02 22:55:10 Entered queue to transfer input files
	Transferring to host: <188.185.213.231:9618?addrs=188.185.213.231-9618+[2001-1458-303-1b--100-63]-9618&alias=b9p28p9038.cern.ch&noUDP&sock=slot1_4_7184_871d_974>
...
040 (12419570.016.000) 06/02 22:55:10 Entered queue to transfer input files
	Transferring to host: <128.142.161.85:9618?addrs=128.142.161.85-9618+[2001-1458-301-b8--100-13]-9618&alias=b9g03p2120.cern.ch&noUDP&sock=slot1_1_2711096_239f_11974>
...
040 (12419570.015.000) 06/02 22:55:10 Entered queue to transfer input files
	Transferring to host: <188.185.210.62:9618?addrs=188.185.210.62-9618+[2001-1458-303-1--100-3a]-9618&alias=b9p21p9921.cern.ch&noUDP&sock=slot1_2_8479_f8f2_1103>
...
040 (12419570.011.000) 06/02 22:55:10 Entered queue to transfer input files
	Transferring to host: <188.185.206.147:9618?addrs=188.185.206.147-9618+[2001-1458-303-c--100-10]-9618&alias=b9p06p5677.cern.ch&noUDP&sock=slot1_23_9377_b1d6_644>
...
040 (12419570.018.000) 06/02 22:55:11 Entered queue to transfer input files
	Transferring to host: <188.185.210.140:9618?addrs=188.185.210.140-9618+[2001-1458-303-15--100-8]-9618&alias=b9p22p7590.cern.ch&noUDP&sock=slot1_5_8408_f24f_1022>
...
040 (12419570.017.000) 06/02 22:55:12 Entered queue to transfer input files
	Transferring to host: <188.185.214.86:9618?addrs=188.185.214.86-9618+[2001-1458-303-1c--100-52]-9618&alias=b9p29p2890.cern.ch&noUDP&sock=slot1_12_6503_b3a2_836>
...
040 (12419570.019.000) 06/02 22:55:12 Entered queue to transfer input files
	Transferring to host: <188.185.195.79:9618?addrs=188.185.195.79-9618+[2001-1458-303-22--100-4b]-9618&alias=b9p17p1368.cern.ch&noUDP&sock=slot1_8_9287_4813_674>
...
040 (12419570.022.000) 06/02 22:55:13 Entered queue to transfer input files
	Transferring to host: <188.185.194.42:9618?addrs=188.185.194.42-9618+[2001-1458-303-21--100-26]-9618&alias=b9p20p7281.cern.ch&noUDP&sock=slot1_1_4429_618d_711>
...
040 (12419570.020.000) 06/02 22:55:13 Entered queue to transfer input files
	Transferring to host: <188.185.195.57:9618?addrs=188.185.195.57-9618+[2001-1458-303-22--100-35]-9618&alias=b9p17p7907.cern.ch&noUDP&sock=slot1_22_4153_ea02_738>
...
040 (12419570.021.000) 06/02 22:55:13 Entered queue to transfer input files
	Transferring to host: <188.185.193.28:9618?addrs=188.185.193.28-9618+[2001-1458-303-20--100-18]-9618&alias=b9p19p6111.cern.ch&noUDP&sock=slot1_4_3252_13fd_638>
...
040 (12419570.024.000) 06/02 22:55:13 Entered queue to transfer input files
	Transferring to host: <188.185.208.145:9618?addrs=188.185.208.145-9618+[2001-1458-303-10--100-e]-9618&alias=b9p10p1680.cern.ch&noUDP&sock=slot1_24_7942_9b7c_812>
...
040 (12419570.023.000) 06/02 22:55:14 Entered queue to transfer input files
	Transferring to host: <188.185.206.197:9618?addrs=188.185.206.197-9618+[2001-1458-303-c--100-42]-9618&alias=b9p06p2472.cern.ch&noUDP&sock=slot1_10_6248_07f7_675>
...
040 (12419570.025.000) 06/02 22:55:14 Entered queue to transfer input files
	Transferring to host: <188.185.205.177:9618?addrs=188.185.205.177-9618+[2001-1458-303-a--100-2e]-9618&alias=b9p04p7919.cern.ch&noUDP&sock=slot1_12_9314_4e34_823>
...
040 (12419570.000.000) 06/02 23:18:41 Started transferring input files
	Seconds spent in queue: 1415
...
040 (12419570.001.000) 06/02 23:18:41 Started transferring input files
	Seconds spent in queue: 1415
...
040 (12419570.000.000) 06/02 23:18:41 Finished transferring input files
...
040 (12419570.001.000) 06/02 23:18:41 Finished transferring input files
...
040 (12419570.003.000) 06/02 23:18:41 Started transferring input files
	Seconds spent in queue: 1414
...
040 (12419570.002.000) 06/02 23:18:41 Started transferring input files
	Seconds spent in queue: 1415
...
040 (12419570.003.000) 06/02 23:18:41 Finished transferring input files
...
040 (12419570.007.000) 06/02 23:18:41 Started transferring input files
	Seconds spent in queue: 1414
...
040 (12419570.002.000) 06/02 23:18:41 Finished transferring input files
...
040 (12419570.005.000) 06/02 23:18:41 Started transferring input files
	Seconds spent in queue: 1414
...
040 (12419570.007.000) 06/02 23:18:41 Finished transferring input files
...
040 (12419570.005.000) 06/02 23:18:41 Finished transferring input files
...
040 (12419570.004.000) 06/02 23:18:41 Started transferring input files
	Seconds spent in queue: 1414
...
040 (12419570.006.000) 06/02 23:18:41 Started transferring input files
	Seconds spent in queue: 1413
...
040 (12419570.004.000) 06/02 23:18:41 Finished transferring input files
...
040 (12419570.013.000) 06/02 23:18:41 Started transferring input files
	Seconds spent in queue: 1412
...
040 (12419570.010.000) 06/02 23:18:41 Started transferring input files
	Seconds spent in queue: 1413
...
040 (12419570.006.000) 06/02 23:18:41 Finished transferring input files
...
040 (12419570.012.000) 06/02 23:18:41 Started transferring input files
	Seconds spent in queue: 1412
...
040 (12419570.008.000) 06/02 23:18:41 Started transferring input files
	Seconds spent in queue: 1412
...
040 (12419570.012.000) 06/02 23:18:41 Finished transferring input files
...
040 (12419570.013.000) 06/02 23:18:41 Finished transferring input files
...
040 (12419570.010.000) 06/02 23:18:41 Finished transferring input files
...
040 (12419570.014.000) 06/02 23:18:41 Started transferring input files
	Seconds spent in queue: 1411
...
040 (12419570.009.000) 06/02 23:18:41 Started transferring input files
	Seconds spent in queue: 1412
...
040 (12419570.008.000) 06/02 23:18:41 Finished transferring input files
...
040 (12419570.014.000) 06/02 23:18:41 Finished transferring input files
...
040 (12419570.009.000) 06/02 23:18:41 Finished transferring input files
...
040 (12419570.015.000) 06/02 23:18:41 Started transferring input files
	Seconds spent in queue: 1411
...
040 (12419570.016.000) 06/02 23:18:41 Started transferring input files
	Seconds spent in queue: 1411
...
040 (12419570.015.000) 06/02 23:18:41 Finished transferring input files
...
040 (12419570.018.000) 06/02 23:18:41 Started transferring input files
	Seconds spent in queue: 1410
...
040 (12419570.016.000) 06/02 23:18:41 Finished transferring input files
...
040 (12419570.011.000) 06/02 23:18:41 Started transferring input files
	Seconds spent in queue: 1411
...
040 (12419570.017.000) 06/02 23:18:41 Started transferring input files
	Seconds spent in queue: 1409
...
040 (12419570.019.000) 06/02 23:18:41 Started transferring input files
	Seconds spent in queue: 1409
...
040 (12419570.018.000) 06/02 23:18:41 Finished transferring input files
...
040 (12419570.011.000) 06/02 23:18:41 Finished transferring input files
...
040 (12419570.017.000) 06/02 23:18:41 Finished transferring input files
...
040 (12419570.022.000) 06/02 23:18:41 Started transferring input files
	Seconds spent in queue: 1408
...
040 (12419570.019.000) 06/02 23:18:41 Finished transferring input files
...
040 (12419570.022.000) 06/02 23:18:41 Finished transferring input files
...
040 (12419570.020.000) 06/02 23:18:41 Started transferring input files
	Seconds spent in queue: 1408
...
040 (12419570.021.000) 06/02 23:18:41 Started transferring input files
	Seconds spent in queue: 1408
...
040 (12419570.020.000) 06/02 23:18:41 Finished transferring input files
...
040 (12419570.024.000) 06/02 23:18:41 Started transferring input files
	Seconds spent in queue: 1408
...
040 (12419570.021.000) 06/02 23:18:41 Finished transferring input files
...
040 (12419570.024.000) 06/02 23:18:41 Finished transferring input files
...
040 (12419570.023.000) 06/02 23:18:41 Started transferring input files
	Seconds spent in queue: 1407
...
040 (12419570.023.000) 06/02 23:18:41 Finished transferring input files
...
040 (12419570.025.000) 06/02 23:18:41 Started transferring input files
	Seconds spent in queue: 1407
...
040 (12419570.025.000) 06/02 23:18:41 Finished transferring input files
...
001 (12419570.001.000) 06/02 23:18:42 Job executing on host: <188.185.204.239:9618?addrs=188.185.204.239-9618+[2001-1458-303-8--100-6c]-9618&alias=b9p02p0016.cern.ch&noUDP&sock=startd_9109_9846>
	SlotName: slot1_11@b9p02p0016.cern.ch
	CondorScratchDir = "/pool/condor/dir_2990893"
	Cpus = 4
	Disk = 3622
	GPUs = 0
	Memory = 12000
...
001 (12419570.000.000) 06/02 23:18:42 Job executing on host: <188.185.204.231:9618?addrs=188.185.204.231-9618+[2001-1458-303-8--100-64]-9618&alias=b9p02p9489.cern.ch&noUDP&sock=startd_9039_94a5>
	SlotName: slot1_18@b9p02p9489.cern.ch
	CondorScratchDir = "/pool/condor/dir_2272528"
	Cpus = 4
	Disk = 3786
	GPUs = 0
	Memory = 12000
...
001 (12419570.003.000) 06/02 23:18:42 Job executing on host: <188.185.205.138:9618?addrs=188.185.205.138-9618+[2001-1458-303-a--100-7]-9618&alias=b9p04p5793.cern.ch&noUDP&sock=startd_9309_c737>
	SlotName: slot1_6@b9p04p5793.cern.ch
	CondorScratchDir = "/pool/condor/dir_30866"
	Cpus = 4
	Disk = 3596
	GPUs = 0
	Memory = 12000
...
001 (12419570.002.000) 06/02 23:18:42 Job executing on host: <188.185.207.230:9618?addrs=188.185.207.230-9618+[2001-1458-303-e--100-63]-9618&alias=b9p08p8866.cern.ch&noUDP&sock=startd_9065_6a1b>
	SlotName: slot1_9@b9p08p8866.cern.ch
	CondorScratchDir = "/pool/condor/dir_173449"
	Cpus = 4
	Disk = 3608
	GPUs = 0
	Memory = 12000
...
001 (12419570.005.000) 06/02 23:18:42 Job executing on host: <188.185.209.163:9618?addrs=188.185.209.163-9618+[2001-1458-303-12--100-20]-9618&alias=b9p12p5876.cern.ch&noUDP&sock=startd_8070_ed5f>
	SlotName: slot1_25@b9p12p5876.cern.ch
	CondorScratchDir = "/pool/condor/dir_4012020"
	Cpus = 4
	Disk = 3634
	GPUs = 0
	Memory = 12000
...
001 (12419570.007.000) 06/02 23:18:42 Job executing on host: <128.142.33.14:9618?addrs=128.142.33.14-9618+[2001-1458-301-53--100-b]-9618&alias=b9g34p3197.cern.ch&noUDP&sock=startd_5694_3059>
	SlotName: slot1_2@b9g34p3197.cern.ch
	CondorScratchDir = "/pool/condor/dir_2057041"
	Cpus = 4
	Disk = 3731
	GPUs = 0
	Memory = 12000
...
001 (12419570.010.000) 06/02 23:18:42 Job executing on host: <188.185.209.64:9618?addrs=188.185.209.64-9618+[2001-1458-303-11--100-3d]-9618&alias=b9p11p9443.cern.ch&noUDP&sock=startd_8047_26b2>
	SlotName: slot1_8@b9p11p9443.cern.ch
	CondorScratchDir = "/pool/condor/dir_2735539"
	Cpus = 4
	Disk = 3805
	GPUs = 0
	Memory = 12000
...
001 (12419570.016.000) 06/02 23:18:42 Job executing on host: <128.142.161.85:9618?addrs=128.142.161.85-9618+[2001-1458-301-b8--100-13]-9618&alias=b9g03p2120.cern.ch&noUDP&sock=startd_4148808_c88e>
	SlotName: slot1_1@b9g03p2120.cern.ch
	CondorScratchDir = "/pool/condor/dir_946180"
	Cpus = 4
	Disk = 4017
	GPUs = 0
	Memory = 12000
...
001 (12419570.023.000) 06/02 23:18:42 Job executing on host: <188.185.206.197:9618?addrs=188.185.206.197-9618+[2001-1458-303-c--100-42]-9618&alias=b9p06p2472.cern.ch&noUDP&sock=startd_5459_ff98>
	SlotName: slot1_10@b9p06p2472.cern.ch
	CondorScratchDir = "/pool/condor/dir_2362091"
	Cpus = 4
	Disk = 3454
	GPUs = 0
	Memory = 12000
...
001 (12419570.021.000) 06/02 23:18:42 Job executing on host: <188.185.193.28:9618?addrs=188.185.193.28-9618+[2001-1458-303-20--100-18]-9618&alias=b9p19p6111.cern.ch&noUDP&sock=startd_3032_473d>
	SlotName: slot1_4@b9p19p6111.cern.ch
	CondorScratchDir = "/pool/condor/dir_1914957"
	Cpus = 4
	Disk = 3945
	GPUs = 0
	Memory = 12000
...
001 (12419570.022.000) 06/02 23:18:42 Job executing on host: <188.185.194.42:9618?addrs=188.185.194.42-9618+[2001-1458-303-21--100-26]-9618&alias=b9p20p7281.cern.ch&noUDP&sock=startd_2739_4dfd>
	SlotName: slot1_1@b9p20p7281.cern.ch
	CondorScratchDir = "/pool/condor/dir_1424194"
	Cpus = 4
	Disk = 3839
	GPUs = 0
	Memory = 12000
...
001 (12419570.017.000) 06/02 23:18:42 Job executing on host: <188.185.214.86:9618?addrs=188.185.214.86-9618+[2001-1458-303-1c--100-52]-9618&alias=b9p29p2890.cern.ch&noUDP&sock=startd_6226_18bc>
	SlotName: slot1_12@b9p29p2890.cern.ch
	CondorScratchDir = "/pool/condor/dir_1283014"
	Cpus = 4
	Disk = 3881
	GPUs = 0
	Memory = 12000
...
001 (12419570.024.000) 06/02 23:18:42 Job executing on host: <188.185.208.145:9618?addrs=188.185.208.145-9618+[2001-1458-303-10--100-e]-9618&alias=b9p10p1680.cern.ch&noUDP&sock=startd_6713_235b>
	SlotName: slot1_24@b9p10p1680.cern.ch
	CondorScratchDir = "/pool/condor/dir_3026167"
	Cpus = 4
	Disk = 3624
	GPUs = 0
	Memory = 12000
...
001 (12419570.004.000) 06/02 23:18:42 Job executing on host: <188.185.204.158:9618?addrs=188.185.204.158-9618+[2001-1458-303-8--100-92]-9618&alias=b9p02p0813.cern.ch&noUDP&sock=startd_7251_294f>
	SlotName: slot1_5@b9p02p0813.cern.ch
	CondorScratchDir = "/pool/condor/dir_2944777"
	Cpus = 4
	Disk = 3633
	GPUs = 0
	Memory = 12000
...
001 (12419570.015.000) 06/02 23:18:42 Job executing on host: <188.185.210.62:9618?addrs=188.185.210.62-9618+[2001-1458-303-1--100-3a]-9618&alias=b9p21p9921.cern.ch&noUDP&sock=startd_8397_38d7>
	SlotName: slot1_2@b9p21p9921.cern.ch
	CondorScratchDir = "/pool/condor/dir_277444"
	Cpus = 4
	Disk = 3850
	GPUs = 0
	Memory = 12000
...
001 (12419570.013.000) 06/02 23:18:42 Job executing on host: <188.185.192.88:9618?addrs=188.185.192.88-9618+[2001-1458-303-1f--100-54]-9618&alias=b9p13p5626.cern.ch&noUDP&sock=startd_8722_251f>
	SlotName: slot1_5@b9p13p5626.cern.ch
	CondorScratchDir = "/pool/condor/dir_1782035"
	Cpus = 4
	Disk = 3888
	GPUs = 0
	Memory = 12000
...
001 (12419570.018.000) 06/02 23:18:42 Job executing on host: <188.185.210.140:9618?addrs=188.185.210.140-9618+[2001-1458-303-15--100-8]-9618&alias=b9p22p7590.cern.ch&noUDP&sock=startd_8336_6190>
	SlotName: slot1_5@b9p22p7590.cern.ch
	CondorScratchDir = "/pool/condor/dir_1807537"
	Cpus = 4
	Disk = 3798
	GPUs = 0
	Memory = 12000
...
001 (12419570.011.000) 06/02 23:18:42 Job executing on host: <188.185.206.147:9618?addrs=188.185.206.147-9618+[2001-1458-303-c--100-10]-9618&alias=b9p06p5677.cern.ch&noUDP&sock=startd_9192_86a2>
	SlotName: slot1_23@b9p06p5677.cern.ch
	CondorScratchDir = "/pool/condor/dir_2508819"
	Cpus = 4
	Disk = 3708
	GPUs = 0
	Memory = 12000
...
001 (12419570.008.000) 06/02 23:18:42 Job executing on host: <188.185.204.173:9618?addrs=188.185.204.173-9618+[2001-1458-303-8--100-a1]-9618&alias=b9p02p8393.cern.ch&noUDP&sock=startd_6497_fae6>
	SlotName: slot1_11@b9p02p8393.cern.ch
	CondorScratchDir = "/pool/condor/dir_3719489"
	Cpus = 4
	Disk = 3643
	GPUs = 0
	Memory = 12000
...
001 (12419570.020.000) 06/02 23:18:42 Job executing on host: <188.185.195.57:9618?addrs=188.185.195.57-9618+[2001-1458-303-22--100-35]-9618&alias=b9p17p7907.cern.ch&noUDP&sock=startd_2603_051c>
	SlotName: slot1_22@b9p17p7907.cern.ch
	CondorScratchDir = "/pool/condor/dir_1074878"
	Cpus = 4
	Disk = 3864
	GPUs = 0
	Memory = 12000
...
001 (12419570.009.000) 06/02 23:18:42 Job executing on host: <188.185.208.152:9618?addrs=188.185.208.152-9618+[2001-1458-303-10--100-15]-9618&alias=b9p10p6711.cern.ch&noUDP&sock=startd_9060_fc22>
	SlotName: slot1_13@b9p10p6711.cern.ch
	CondorScratchDir = "/pool/condor/dir_3346343"
	Cpus = 4
	Disk = 3528
	GPUs = 0
	Memory = 12000
...
001 (12419570.019.000) 06/02 23:18:42 Job executing on host: <188.185.195.79:9618?addrs=188.185.195.79-9618+[2001-1458-303-22--100-4b]-9618&alias=b9p17p1368.cern.ch&noUDP&sock=startd_9201_b2fc>
	SlotName: slot1_8@b9p17p1368.cern.ch
	CondorScratchDir = "/pool/condor/dir_872294"
	Cpus = 4
	Disk = 3837
	GPUs = 0
	Memory = 12000
...
001 (12419570.012.000) 06/02 23:18:42 Job executing on host: <188.185.210.225:9618?addrs=188.185.210.225-9618+[2001-1458-303-15--100-5d]-9618&alias=b9p22p2530.cern.ch&noUDP&sock=startd_8372_12f9>
	SlotName: slot1_4@b9p22p2530.cern.ch
	CondorScratchDir = "/pool/condor/dir_1439045"
	Cpus = 4
	Disk = 3787
	GPUs = 0
	Memory = 12000
...
001 (12419570.006.000) 06/02 23:18:42 Job executing on host: <188.185.209.81:9618?addrs=188.185.209.81-9618+[2001-1458-303-11--100-4e]-9618&alias=b9p11p4508.cern.ch&noUDP&sock=startd_8932_3002>
	SlotName: slot1_12@b9p11p4508.cern.ch
	CondorScratchDir = "/pool/condor/dir_3449479"
	Cpus = 4
	Disk = 3508
	GPUs = 0
	Memory = 12000
...
001 (12419570.014.000) 06/02 23:18:42 Job executing on host: <188.185.213.231:9618?addrs=188.185.213.231-9618+[2001-1458-303-1b--100-63]-9618&alias=b9p28p9038.cern.ch&noUDP&sock=startd_6302_39ee>
	SlotName: slot1_4@b9p28p9038.cern.ch
	CondorScratchDir = "/pool/condor/dir_2202296"
	Cpus = 4
	Disk = 3894
	GPUs = 0
	Memory = 12000
...
001 (12419570.025.000) 06/02 23:18:42 Job executing on host: <188.185.205.177:9618?addrs=188.185.205.177-9618+[2001-1458-303-a--100-2e]-9618&alias=b9p04p7919.cern.ch&noUDP&sock=startd_9265_990c>
	SlotName: slot1_12@b9p04p7919.cern.ch
	CondorScratchDir = "/pool/condor/dir_4065117"
	Cpus = 4
	Disk = 3697
	GPUs = 0
	Memory = 12000
...
006 (12419570.000.000) 06/02 23:18:50 Image size of job updated: 31580
	31  -  MemoryUsage of job (MB)
	31580  -  ResidentSetSize of job (KB)
...
006 (12419570.015.000) 06/02 23:18:50 Image size of job updated: 146796
	144  -  MemoryUsage of job (MB)
	146796  -  ResidentSetSize of job (KB)
...
006 (12419570.019.000) 06/02 23:18:50 Image size of job updated: 23452
	23  -  MemoryUsage of job (MB)
	23452  -  ResidentSetSize of job (KB)
...
006 (12419570.022.000) 06/02 23:18:50 Image size of job updated: 10392
	11  -  MemoryUsage of job (MB)
	10392  -  ResidentSetSize of job (KB)
...
006 (12419570.021.000) 06/02 23:18:50 Image size of job updated: 31900
	32  -  MemoryUsage of job (MB)
	31900  -  ResidentSetSize of job (KB)
...
006 (12419570.012.000) 06/02 23:18:50 Image size of job updated: 78900
	78  -  MemoryUsage of job (MB)
	78900  -  ResidentSetSize of job (KB)
...
006 (12419570.013.000) 06/02 23:18:50 Image size of job updated: 142976
	140  -  MemoryUsage of job (MB)
	142976  -  ResidentSetSize of job (KB)
...
006 (12419570.006.000) 06/02 23:18:50 Image size of job updated: 19704
	20  -  MemoryUsage of job (MB)
	19704  -  ResidentSetSize of job (KB)
...
006 (12419570.014.000) 06/02 23:18:50 Image size of job updated: 83876
	82  -  MemoryUsage of job (MB)
	83876  -  ResidentSetSize of job (KB)
...
006 (12419570.017.000) 06/02 23:18:50 Image size of job updated: 15956
	16  -  MemoryUsage of job (MB)
	15956  -  ResidentSetSize of job (KB)
...
006 (12419570.001.000) 06/02 23:18:50 Image size of job updated: 31380
	31  -  MemoryUsage of job (MB)
	31380  -  ResidentSetSize of job (KB)
...
006 (12419570.007.000) 06/02 23:18:50 Image size of job updated: 2044
	2  -  MemoryUsage of job (MB)
	2044  -  ResidentSetSize of job (KB)
...
006 (12419570.018.000) 06/02 23:18:51 Image size of job updated: 136916
	134  -  MemoryUsage of job (MB)
	136916  -  ResidentSetSize of job (KB)
...
006 (12419570.005.000) 06/02 23:18:55 Image size of job updated: 67072
	66  -  MemoryUsage of job (MB)
	67072  -  ResidentSetSize of job (KB)
...
006 (12419570.011.000) 06/02 23:18:55 Image size of job updated: 14304
	2  -  MemoryUsage of job (MB)
	1320  -  ResidentSetSize of job (KB)
...
006 (12419570.023.000) 06/02 23:18:55 Image size of job updated: 14296
	2  -  MemoryUsage of job (MB)
	1312  -  ResidentSetSize of job (KB)
...
006 (12419570.008.000) 06/02 23:18:55 Image size of job updated: 21968
	2  -  MemoryUsage of job (MB)
	1412  -  ResidentSetSize of job (KB)
...
006 (12419570.002.000) 06/02 23:18:55 Image size of job updated: 85712
	84  -  MemoryUsage of job (MB)
	85712  -  ResidentSetSize of job (KB)
...
006 (12419570.025.000) 06/02 23:18:55 Image size of job updated: 14292
	2  -  MemoryUsage of job (MB)
	1164  -  ResidentSetSize of job (KB)
...
006 (12419570.003.000) 06/02 23:18:55 Image size of job updated: 31440
	31  -  MemoryUsage of job (MB)
	31440  -  ResidentSetSize of job (KB)
...
006 (12419570.010.000) 06/02 23:18:55 Image size of job updated: 83236
	82  -  MemoryUsage of job (MB)
	83236  -  ResidentSetSize of job (KB)
...
006 (12419570.004.000) 06/02 23:18:55 Image size of job updated: 18756
	11  -  MemoryUsage of job (MB)
	11240  -  ResidentSetSize of job (KB)
...
006 (12419570.020.000) 06/02 23:18:55 Image size of job updated: 19076
	19  -  MemoryUsage of job (MB)
	19076  -  ResidentSetSize of job (KB)
...
006 (12419570.016.000) 06/02 23:18:55 Image size of job updated: 1652
	2  -  MemoryUsage of job (MB)
	1652  -  ResidentSetSize of job (KB)
...
006 (12419570.024.000) 06/02 23:18:55 Image size of job updated: 24360
	2  -  MemoryUsage of job (MB)
	1408  -  ResidentSetSize of job (KB)
...
006 (12419570.009.000) 06/02 23:18:55 Image size of job updated: 14292
	2  -  MemoryUsage of job (MB)
	1320  -  ResidentSetSize of job (KB)
...
006 (12419570.007.000) 06/02 23:19:54 Image size of job updated: 88324
	87  -  MemoryUsage of job (MB)
	88324  -  ResidentSetSize of job (KB)
...
040 (12419570.007.000) 06/02 23:19:54 Started transferring output files
	Seconds spent in queue: 1487
...
040 (12419570.007.000) 06/02 23:19:54 Finished transferring output files
...
005 (12419570.007.000) 06/02 23:19:54 Job terminated.
	(1) Normal termination (return value 0)
		Usr 0 00:00:08, Sys 0 00:00:01  -  Run Remote Usage
		Usr 0 00:00:00, Sys 0 00:00:00  -  Run Local Usage
		Usr 0 00:00:08, Sys 0 00:00:01  -  Total Remote Usage
		Usr 0 00:00:00, Sys 0 00:00:00  -  Total Local Usage
	45545  -  Run Bytes Sent By Job
	10842  -  Run Bytes Received By Job
	45545  -  Total Bytes Sent By Job
	10842  -  Total Bytes Received By Job
	Partitionable Resources :    Usage  Request Allocated 
	   Cpus                 :        0        4         4 
	   Disk (KB)            :      121        1      3731 
	   GPUs                 :                           0 
	   Memory (MB)          :       87    12000     12000 

	Job terminated of its own accord at 2025-06-02T21:19:54Z with exit-code 0.
...
006 (12419570.019.000) 06/02 23:20:06 Image size of job updated: 205924
	202  -  MemoryUsage of job (MB)
	205924  -  ResidentSetSize of job (KB)
...
040 (12419570.019.000) 06/02 23:20:06 Started transferring output files
	Seconds spent in queue: 1494
...
040 (12419570.019.000) 06/02 23:20:06 Finished transferring output files
...
005 (12419570.019.000) 06/02 23:20:06 Job terminated.
	(1) Normal termination (return value 0)
		Usr 0 00:00:13, Sys 0 00:00:02  -  Run Remote Usage
		Usr 0 00:00:00, Sys 0 00:00:00  -  Run Local Usage
		Usr 0 00:00:13, Sys 0 00:00:02  -  Total Remote Usage
		Usr 0 00:00:00, Sys 0 00:00:00  -  Total Local Usage
	45546  -  Run Bytes Sent By Job
	10842  -  Run Bytes Received By Job
	45546  -  Total Bytes Sent By Job
	10842  -  Total Bytes Received By Job
	Partitionable Resources :    Usage  Request Allocated 
	   Cpus                 :        0        4         4 
	   Disk (KB)            :      121        1      3837 
	   GPUs                 :                           0 
	   Memory (MB)          :      202    12000     12000 

	Job terminated of its own accord at 2025-06-02T21:20:06Z with exit-code 0.
...
006 (12419570.011.000) 06/02 23:20:30 Image size of job updated: 162596
	2  -  MemoryUsage of job (MB)
	1320  -  ResidentSetSize of job (KB)
...
040 (12419570.011.000) 06/02 23:20:30 Started transferring output files
	Seconds spent in queue: 1520
...
040 (12419570.011.000) 06/02 23:20:30 Finished transferring output files
...
005 (12419570.011.000) 06/02 23:20:30 Job terminated.
	(1) Normal termination (return value 0)
		Usr 0 00:00:06, Sys 0 00:00:02  -  Run Remote Usage
		Usr 0 00:00:00, Sys 0 00:00:00  -  Run Local Usage
		Usr 0 00:00:06, Sys 0 00:00:02  -  Total Remote Usage
		Usr 0 00:00:00, Sys 0 00:00:00  -  Total Local Usage
	45547  -  Run Bytes Sent By Job
	10842  -  Run Bytes Received By Job
	45547  -  Total Bytes Sent By Job
	10842  -  Total Bytes Received By Job
	Partitionable Resources :    Usage  Request Allocated 
	   Cpus                 :     0.01        4         4 
	   Disk (KB)            :   121           1      3708 
	   GPUs                 :                           0 
	   Memory (MB)          :     2       12000     12000 

	Job terminated of its own accord at 2025-06-02T21:20:30Z with exit-code 0.
...
006 (12419570.022.000) 06/02 23:20:36 Image size of job updated: 179348
	176  -  MemoryUsage of job (MB)
	179348  -  ResidentSetSize of job (KB)
...
040 (12419570.022.000) 06/02 23:20:36 Started transferring output files
	Seconds spent in queue: 1523
...
040 (12419570.022.000) 06/02 23:20:36 Finished transferring output files
...
005 (12419570.022.000) 06/02 23:20:36 Job terminated.
	(1) Normal termination (return value 0)
		Usr 0 00:00:23, Sys 0 00:00:03  -  Run Remote Usage
		Usr 0 00:00:00, Sys 0 00:00:00  -  Run Local Usage
		Usr 0 00:00:23, Sys 0 00:00:03  -  Total Remote Usage
		Usr 0 00:00:00, Sys 0 00:00:00  -  Total Local Usage
	45611  -  Run Bytes Sent By Job
	10842  -  Run Bytes Received By Job
	45611  -  Total Bytes Sent By Job
	10842  -  Total Bytes Received By Job
	Partitionable Resources :    Usage  Request Allocated 
	   Cpus                 :        0        4         4 
	   Disk (KB)            :      121        1      3839 
	   GPUs                 :                           0 
	   Memory (MB)          :      176    12000     12000 

	Job terminated of its own accord at 2025-06-02T21:20:36Z with exit-code 0.
...
006 (12419570.017.000) 06/02 23:21:04 Image size of job updated: 161612
	158  -  MemoryUsage of job (MB)
	161612  -  ResidentSetSize of job (KB)
...
040 (12419570.017.000) 06/02 23:21:04 Started transferring output files
	Seconds spent in queue: 1552
...
040 (12419570.017.000) 06/02 23:21:04 Finished transferring output files
...
005 (12419570.017.000) 06/02 23:21:04 Job terminated.
	(1) Normal termination (return value 0)
		Usr 0 00:00:10, Sys 0 00:00:03  -  Run Remote Usage
		Usr 0 00:00:00, Sys 0 00:00:00  -  Run Local Usage
		Usr 0 00:00:10, Sys 0 00:00:03  -  Total Remote Usage
		Usr 0 00:00:00, Sys 0 00:00:00  -  Total Local Usage
	42863  -  Run Bytes Sent By Job
	10842  -  Run Bytes Received By Job
	42863  -  Total Bytes Sent By Job
	10842  -  Total Bytes Received By Job
	Partitionable Resources :    Usage  Request Allocated 
	   Cpus                 :        0        4         4 
	   Disk (KB)            :      118        1      3881 
	   GPUs                 :                           0 
	   Memory (MB)          :      158    12000     12000 

	Job terminated of its own accord at 2025-06-02T21:21:04Z with exit-code 0.
...
006 (12419570.006.000) 06/02 23:22:40 Image size of job updated: 317528
	311  -  MemoryUsage of job (MB)
	317528  -  ResidentSetSize of job (KB)
...
040 (12419570.006.000) 06/02 23:22:41 Started transferring output files
	Seconds spent in queue: 1653
...
040 (12419570.006.000) 06/02 23:22:41 Finished transferring output files
...
005 (12419570.006.000) 06/02 23:22:41 Job terminated.
	(1) Normal termination (return value 0)
		Usr 0 00:00:27, Sys 0 00:00:04  -  Run Remote Usage
		Usr 0 00:00:00, Sys 0 00:00:00  -  Run Local Usage
		Usr 0 00:00:27, Sys 0 00:00:04  -  Total Remote Usage
		Usr 0 00:00:00, Sys 0 00:00:00  -  Total Local Usage
	43053  -  Run Bytes Sent By Job
	10842  -  Run Bytes Received By Job
	43053  -  Total Bytes Sent By Job
	10842  -  Total Bytes Received By Job
	Partitionable Resources :    Usage  Request Allocated 
	   Cpus                 :        0        4         4 
	   Disk (KB)            :      119        1      3508 
	   GPUs                 :                           0 
	   Memory (MB)          :      311    12000     12000 

	Job terminated of its own accord at 2025-06-02T21:22:40Z with exit-code 0.
...
006 (12419570.004.000) 06/02 23:23:46 Image size of job updated: 608208
	16  -  MemoryUsage of job (MB)
	15824  -  ResidentSetSize of job (KB)
...
040 (12419570.004.000) 06/02 23:23:46 Started transferring output files
	Seconds spent in queue: 1719
...
040 (12419570.004.000) 06/02 23:23:46 Finished transferring output files
...
005 (12419570.004.000) 06/02 23:23:46 Job terminated.
	(1) Normal termination (return value 0)
		Usr 0 00:00:32, Sys 0 00:00:05  -  Run Remote Usage
		Usr 0 00:00:00, Sys 0 00:00:00  -  Run Local Usage
		Usr 0 00:00:32, Sys 0 00:00:05  -  Total Remote Usage
		Usr 0 00:00:00, Sys 0 00:00:00  -  Total Local Usage
	45801  -  Run Bytes Sent By Job
	10842  -  Run Bytes Received By Job
	45801  -  Total Bytes Sent By Job
	10842  -  Total Bytes Received By Job
	Partitionable Resources :    Usage  Request Allocated 
	   Cpus                 :        0        4         4 
	   Disk (KB)            :      121        1      3633 
	   GPUs                 :                           0 
	   Memory (MB)          :       16    12000     12000 

	Job terminated of its own accord at 2025-06-02T21:23:46Z with exit-code 0.
...
006 (12419570.012.000) 06/02 23:23:50 Image size of job updated: 358452
	351  -  MemoryUsage of job (MB)
	358452  -  ResidentSetSize of job (KB)
...
006 (12419570.001.000) 06/02 23:23:50 Image size of job updated: 600824
	587  -  MemoryUsage of job (MB)
	600824  -  ResidentSetSize of job (KB)
...
006 (12419570.021.000) 06/02 23:23:50 Image size of job updated: 752504
	735  -  MemoryUsage of job (MB)
	752504  -  ResidentSetSize of job (KB)
...
006 (12419570.013.000) 06/02 23:23:50 Image size of job updated: 706788
	691  -  MemoryUsage of job (MB)
	706788  -  ResidentSetSize of job (KB)
...
006 (12419570.014.000) 06/02 23:23:50 Image size of job updated: 648528
	634  -  MemoryUsage of job (MB)
	648528  -  ResidentSetSize of job (KB)
...
006 (12419570.000.000) 06/02 23:23:50 Image size of job updated: 597776
	584  -  MemoryUsage of job (MB)
	597776  -  ResidentSetSize of job (KB)
...
006 (12419570.015.000) 06/02 23:23:50 Image size of job updated: 373920
	366  -  MemoryUsage of job (MB)
	373920  -  ResidentSetSize of job (KB)
...
006 (12419570.018.000) 06/02 23:23:52 Image size of job updated: 408016
	399  -  MemoryUsage of job (MB)
	408016  -  ResidentSetSize of job (KB)
...
006 (12419570.008.000) 06/02 23:23:55 Image size of job updated: 644172
	630  -  MemoryUsage of job (MB)
	644172  -  ResidentSetSize of job (KB)
...
006 (12419570.003.000) 06/02 23:23:55 Image size of job updated: 314328
	307  -  MemoryUsage of job (MB)
	314328  -  ResidentSetSize of job (KB)
...
006 (12419570.005.000) 06/02 23:23:55 Image size of job updated: 676376
	661  -  MemoryUsage of job (MB)
	676376  -  ResidentSetSize of job (KB)
...
006 (12419570.016.000) 06/02 23:23:55 Image size of job updated: 430596
	421  -  MemoryUsage of job (MB)
	430596  -  ResidentSetSize of job (KB)
...
006 (12419570.023.000) 06/02 23:23:55 Image size of job updated: 676240
	661  -  MemoryUsage of job (MB)
	676240  -  ResidentSetSize of job (KB)
...
006 (12419570.025.000) 06/02 23:23:55 Image size of job updated: 643928
	629  -  MemoryUsage of job (MB)
	643928  -  ResidentSetSize of job (KB)
...
006 (12419570.002.000) 06/02 23:23:55 Image size of job updated: 649180
	634  -  MemoryUsage of job (MB)
	649180  -  ResidentSetSize of job (KB)
...
006 (12419570.020.000) 06/02 23:23:55 Image size of job updated: 186192
	182  -  MemoryUsage of job (MB)
	186192  -  ResidentSetSize of job (KB)
...
006 (12419570.010.000) 06/02 23:23:55 Image size of job updated: 309308
	303  -  MemoryUsage of job (MB)
	309308  -  ResidentSetSize of job (KB)
...
006 (12419570.024.000) 06/02 23:23:55 Image size of job updated: 305532
	299  -  MemoryUsage of job (MB)
	305532  -  ResidentSetSize of job (KB)
...
006 (12419570.009.000) 06/02 23:23:55 Image size of job updated: 799728
	781  -  MemoryUsage of job (MB)
	799728  -  ResidentSetSize of job (KB)
...
006 (12419570.013.000) 06/02 23:28:50 Image size of job updated: 1258468
	1229  -  MemoryUsage of job (MB)
	1258468  -  ResidentSetSize of job (KB)
...
006 (12419570.001.000) 06/02 23:28:50 Image size of job updated: 845724
	826  -  MemoryUsage of job (MB)
	845724  -  ResidentSetSize of job (KB)
...
006 (12419570.021.000) 06/02 23:28:50 Image size of job updated: 1241412
	1213  -  MemoryUsage of job (MB)
	1241412  -  ResidentSetSize of job (KB)
...
006 (12419570.012.000) 06/02 23:28:50 Image size of job updated: 572304
	559  -  MemoryUsage of job (MB)
	572304  -  ResidentSetSize of job (KB)
...
006 (12419570.014.000) 06/02 23:28:50 Image size of job updated: 1168776
	1142  -  MemoryUsage of job (MB)
	1168776  -  ResidentSetSize of job (KB)
...
006 (12419570.015.000) 06/02 23:28:51 Image size of job updated: 588160
	575  -  MemoryUsage of job (MB)
	588160  -  ResidentSetSize of job (KB)
...
040 (12419570.014.000) 06/02 23:28:51 Started transferring output files
	Seconds spent in queue: 2021
...
040 (12419570.014.000) 06/02 23:28:51 Finished transferring output files
...
005 (12419570.014.000) 06/02 23:28:51 Job terminated.
	(1) Normal termination (return value 0)
		Usr 0 00:01:03, Sys 0 00:00:08  -  Run Remote Usage
		Usr 0 00:00:00, Sys 0 00:00:00  -  Run Local Usage
		Usr 0 00:01:03, Sys 0 00:00:08  -  Total Remote Usage
		Usr 0 00:00:00, Sys 0 00:00:00  -  Total Local Usage
	46188  -  Run Bytes Sent By Job
	10842  -  Run Bytes Received By Job
	46188  -  Total Bytes Sent By Job
	10842  -  Total Bytes Received By Job
	Partitionable Resources :    Usage  Request Allocated 
	   Cpus                 :     0.12        4         4 
	   Disk (KB)            :   122           1      3894 
	   GPUs                 :                           0 
	   Memory (MB)          :  1142       12000     12000 

	Job terminated of its own accord at 2025-06-02T21:28:51Z with exit-code 0.
...
006 (12419570.000.000) 06/02 23:28:52 Image size of job updated: 810076
	792  -  MemoryUsage of job (MB)
	810076  -  ResidentSetSize of job (KB)
...
006 (12419570.018.000) 06/02 23:28:53 Image size of job updated: 713968
	698  -  MemoryUsage of job (MB)
	713968  -  ResidentSetSize of job (KB)
...
006 (12419570.008.000) 06/02 23:28:55 Image size of job updated: 1194416
	1167  -  MemoryUsage of job (MB)
	1194416  -  ResidentSetSize of job (KB)
...
006 (12419570.003.000) 06/02 23:28:55 Image size of job updated: 528600
	517  -  MemoryUsage of job (MB)
	528600  -  ResidentSetSize of job (KB)
...
006 (12419570.005.000) 06/02 23:28:56 Image size of job updated: 1225152
	1197  -  MemoryUsage of job (MB)
	1225152  -  ResidentSetSize of job (KB)
...
006 (12419570.016.000) 06/02 23:28:56 Image size of job updated: 797368
	779  -  MemoryUsage of job (MB)
	797368  -  ResidentSetSize of job (KB)
...
006 (12419570.023.000) 06/02 23:28:56 Image size of job updated: 1254720
	1226  -  MemoryUsage of job (MB)
	1254720  -  ResidentSetSize of job (KB)
...
006 (12419570.025.000) 06/02 23:28:56 Image size of job updated: 1161452
	1135  -  MemoryUsage of job (MB)
	1161452  -  ResidentSetSize of job (KB)
...
006 (12419570.020.000) 06/02 23:28:56 Image size of job updated: 345136
	338  -  MemoryUsage of job (MB)
	345136  -  ResidentSetSize of job (KB)
...
006 (12419570.024.000) 06/02 23:28:56 Image size of job updated: 548220
	536  -  MemoryUsage of job (MB)
	548220  -  ResidentSetSize of job (KB)
...
006 (12419570.009.000) 06/02 23:28:56 Image size of job updated: 1505348
	1471  -  MemoryUsage of job (MB)
	1505348  -  ResidentSetSize of job (KB)
...
006 (12419570.010.000) 06/02 23:28:56 Image size of job updated: 522744
	511  -  MemoryUsage of job (MB)
	522744  -  ResidentSetSize of job (KB)
...
006 (12419570.002.000) 06/02 23:28:56 Image size of job updated: 1225740
	1198  -  MemoryUsage of job (MB)
	1225740  -  ResidentSetSize of job (KB)
...
006 (12419570.008.000) 06/02 23:32:12 Image size of job updated: 1561032
	1167  -  MemoryUsage of job (MB)
	1194416  -  ResidentSetSize of job (KB)
...
040 (12419570.008.000) 06/02 23:32:12 Started transferring output files
	Seconds spent in queue: 2223
...
040 (12419570.008.000) 06/02 23:32:12 Finished transferring output files
...
005 (12419570.008.000) 06/02 23:32:12 Job terminated.
	(1) Normal termination (return value 0)
		Usr 0 00:01:26, Sys 0 00:00:11  -  Run Remote Usage
		Usr 0 00:00:00, Sys 0 00:00:00  -  Run Local Usage
		Usr 0 00:01:26, Sys 0 00:00:11  -  Total Remote Usage
		Usr 0 00:00:00, Sys 0 00:00:00  -  Total Local Usage
	46446  -  Run Bytes Sent By Job
	10842  -  Run Bytes Received By Job
	46446  -  Total Bytes Sent By Job
	10842  -  Total Bytes Received By Job
	Partitionable Resources :    Usage  Request Allocated 
	   Cpus                 :     0.12        4         4 
	   Disk (KB)            :   122           1      3643 
	   GPUs                 :                           0 
	   Memory (MB)          :  1167       12000     12000 

	Job terminated of its own accord at 2025-06-02T21:32:12Z with exit-code 0.
...
006 (12419570.024.000) 06/02 23:32:27 Image size of job updated: 672156
	536  -  MemoryUsage of job (MB)
	548424  -  ResidentSetSize of job (KB)
...
040 (12419570.024.000) 06/02 23:32:27 Started transferring output files
	Seconds spent in queue: 2234
...
040 (12419570.024.000) 06/02 23:32:27 Finished transferring output files
...
005 (12419570.024.000) 06/02 23:32:27 Job terminated.
	(1) Normal termination (return value 0)
		Usr 0 00:00:36, Sys 0 00:00:05  -  Run Remote Usage
		Usr 0 00:00:00, Sys 0 00:00:00  -  Run Local Usage
		Usr 0 00:00:36, Sys 0 00:00:05  -  Total Remote Usage
		Usr 0 00:00:00, Sys 0 00:00:00  -  Total Local Usage
	45867  -  Run Bytes Sent By Job
	10842  -  Run Bytes Received By Job
	45867  -  Total Bytes Sent By Job
	10842  -  Total Bytes Received By Job
	Partitionable Resources :    Usage  Request Allocated 
	   Cpus                 :     0.08        4         4 
	   Disk (KB)            :   121           1      3624 
	   GPUs                 :                           0 
	   Memory (MB)          :   536       12000     12000 

	Job terminated of its own accord at 2025-06-02T21:32:27Z with exit-code 0.
...
006 (12419570.001.000) 06/02 23:33:50 Image size of job updated: 1059528
	1035  -  MemoryUsage of job (MB)
	1059528  -  ResidentSetSize of job (KB)
...
006 (12419570.013.000) 06/02 23:33:50 Image size of job updated: 1808848
	1767  -  MemoryUsage of job (MB)
	1808848  -  ResidentSetSize of job (KB)
...
006 (12419570.021.000) 06/02 23:33:50 Image size of job updated: 1729916
	1690  -  MemoryUsage of job (MB)
	1729916  -  ResidentSetSize of job (KB)
...
006 (12419570.012.000) 06/02 23:33:50 Image size of job updated: 786880
	769  -  MemoryUsage of job (MB)
	786880  -  ResidentSetSize of job (KB)
...
006 (12419570.015.000) 06/02 23:33:51 Image size of job updated: 803220
	785  -  MemoryUsage of job (MB)
	803220  -  ResidentSetSize of job (KB)
...
006 (12419570.000.000) 06/02 23:33:52 Image size of job updated: 1022784
	999  -  MemoryUsage of job (MB)
	1022784  -  ResidentSetSize of job (KB)
...
006 (12419570.018.000) 06/02 23:33:53 Image size of job updated: 1019904
	996  -  MemoryUsage of job (MB)
	1019904  -  ResidentSetSize of job (KB)
...
006 (12419570.003.000) 06/02 23:33:56 Image size of job updated: 743244
	726  -  MemoryUsage of job (MB)
	743244  -  ResidentSetSize of job (KB)
...
006 (12419570.005.000) 06/02 23:33:56 Image size of job updated: 1804448
	1763  -  MemoryUsage of job (MB)
	1804448  -  ResidentSetSize of job (KB)
...
006 (12419570.016.000) 06/02 23:33:56 Image size of job updated: 1158460
	1132  -  MemoryUsage of job (MB)
	1158460  -  ResidentSetSize of job (KB)
...
006 (12419570.025.000) 06/02 23:33:56 Image size of job updated: 1706200
	1667  -  MemoryUsage of job (MB)
	1706200  -  ResidentSetSize of job (KB)
...
006 (12419570.023.000) 06/02 23:33:56 Image size of job updated: 1802316
	1761  -  MemoryUsage of job (MB)
	1802316  -  ResidentSetSize of job (KB)
...
006 (12419570.020.000) 06/02 23:33:56 Image size of job updated: 865876
	846  -  MemoryUsage of job (MB)
	865876  -  ResidentSetSize of job (KB)
...
006 (12419570.009.000) 06/02 23:33:56 Image size of job updated: 2240504
	2188  -  MemoryUsage of job (MB)
	2240504  -  ResidentSetSize of job (KB)
...
006 (12419570.010.000) 06/02 23:33:56 Image size of job updated: 736048
	719  -  MemoryUsage of job (MB)
	736048  -  ResidentSetSize of job (KB)
...
006 (12419570.002.000) 06/02 23:33:56 Image size of job updated: 1743508
	1703  -  MemoryUsage of job (MB)
	1743508  -  ResidentSetSize of job (KB)
...
006 (12419570.009.000) 06/02 23:37:20 Image size of job updated: 2795264
	2188  -  MemoryUsage of job (MB)
	2240504  -  ResidentSetSize of job (KB)
...
040 (12419570.009.000) 06/02 23:37:20 Started transferring output files
	Seconds spent in queue: 2531
...
040 (12419570.009.000) 06/02 23:37:20 Finished transferring output files
...
005 (12419570.009.000) 06/02 23:37:20 Job terminated.
	(1) Normal termination (return value 0)
		Usr 0 00:02:20, Sys 0 00:00:17  -  Run Remote Usage
		Usr 0 00:00:00, Sys 0 00:00:00  -  Run Local Usage
		Usr 0 00:02:20, Sys 0 00:00:17  -  Total Remote Usage
		Usr 0 00:00:00, Sys 0 00:00:00  -  Total Local Usage
	47161  -  Run Bytes Sent By Job
	10842  -  Run Bytes Received By Job
	47161  -  Total Bytes Sent By Job
	10842  -  Total Bytes Received By Job
	Partitionable Resources :    Usage  Request Allocated 
	   Cpus                 :     0.13        4         4 
	   Disk (KB)            :   123           1      3528 
	   GPUs                 :                           0 
	   Memory (MB)          :  2188       12000     12000 

	Job terminated of its own accord at 2025-06-02T21:37:20Z with exit-code 0.
...
006 (12419570.001.000) 06/02 23:38:51 Image size of job updated: 1273944
	1245  -  MemoryUsage of job (MB)
	1273944  -  ResidentSetSize of job (KB)
...
006 (12419570.013.000) 06/02 23:38:51 Image size of job updated: 2360136
	2305  -  MemoryUsage of job (MB)
	2360136  -  ResidentSetSize of job (KB)
...
006 (12419570.021.000) 06/02 23:38:51 Image size of job updated: 2240960
	2189  -  MemoryUsage of job (MB)
	2240960  -  ResidentSetSize of job (KB)
...
006 (12419570.012.000) 06/02 23:38:51 Image size of job updated: 1000784
	978  -  MemoryUsage of job (MB)
	1000784  -  ResidentSetSize of job (KB)
...
006 (12419570.000.000) 06/02 23:38:52 Image size of job updated: 1235020
	1207  -  MemoryUsage of job (MB)
	1235020  -  ResidentSetSize of job (KB)
...
006 (12419570.015.000) 06/02 23:38:52 Image size of job updated: 1017500
	994  -  MemoryUsage of job (MB)
	1017500  -  ResidentSetSize of job (KB)
...
006 (12419570.018.000) 06/02 23:38:53 Image size of job updated: 1325684
	1295  -  MemoryUsage of job (MB)
	1325684  -  ResidentSetSize of job (KB)
...
006 (12419570.003.000) 06/02 23:38:56 Image size of job updated: 957668
	936  -  MemoryUsage of job (MB)
	957668  -  ResidentSetSize of job (KB)
...
006 (12419570.016.000) 06/02 23:38:57 Image size of job updated: 1499716
	1465  -  MemoryUsage of job (MB)
	1499716  -  ResidentSetSize of job (KB)
...
006 (12419570.020.000) 06/02 23:38:57 Image size of job updated: 1386888
	1355  -  MemoryUsage of job (MB)
	1386888  -  ResidentSetSize of job (KB)
...
006 (12419570.025.000) 06/02 23:38:57 Image size of job updated: 2227240
	2176  -  MemoryUsage of job (MB)
	2227240  -  ResidentSetSize of job (KB)
...
006 (12419570.023.000) 06/02 23:38:57 Image size of job updated: 2380232
	2325  -  MemoryUsage of job (MB)
	2380232  -  ResidentSetSize of job (KB)
...
006 (12419570.010.000) 06/02 23:38:57 Image size of job updated: 949304
	928  -  MemoryUsage of job (MB)
	949304  -  ResidentSetSize of job (KB)
...
006 (12419570.002.000) 06/02 23:38:57 Image size of job updated: 2291548
	2238  -  MemoryUsage of job (MB)
	2291548  -  ResidentSetSize of job (KB)
...
006 (12419570.005.000) 06/02 23:38:57 Image size of job updated: 2383788
	2328  -  MemoryUsage of job (MB)
	2383788  -  ResidentSetSize of job (KB)
...
006 (12419570.025.000) 06/02 23:40:35 Image size of job updated: 2388396
	2176  -  MemoryUsage of job (MB)
	2227240  -  ResidentSetSize of job (KB)
...
040 (12419570.025.000) 06/02 23:40:35 Started transferring output files
	Seconds spent in queue: 2721
...
040 (12419570.025.000) 06/02 23:40:35 Finished transferring output files
...
005 (12419570.025.000) 06/02 23:40:35 Job terminated.
	(1) Normal termination (return value 0)
		Usr 0 00:02:01, Sys 0 00:00:16  -  Run Remote Usage
		Usr 0 00:00:00, Sys 0 00:00:00  -  Run Local Usage
		Usr 0 00:02:01, Sys 0 00:00:16  -  Total Remote Usage
		Usr 0 00:00:00, Sys 0 00:00:00  -  Total Local Usage
	46968  -  Run Bytes Sent By Job
	10842  -  Run Bytes Received By Job
	46968  -  Total Bytes Sent By Job
	10842  -  Total Bytes Received By Job
	Partitionable Resources :    Usage  Request Allocated 
	   Cpus                 :     0.11        4         4 
	   Disk (KB)            :   122           1      3697 
	   GPUs                 :                           0 
	   Memory (MB)          :  2176       12000     12000 

	Job terminated of its own accord at 2025-06-02T21:40:35Z with exit-code 0.
...
006 (12419570.005.000) 06/02 23:43:35 Image size of job updated: 2963872
	2328  -  MemoryUsage of job (MB)
	2383788  -  ResidentSetSize of job (KB)
...
040 (12419570.005.000) 06/02 23:43:35 Started transferring output files
	Seconds spent in queue: 2908
...
040 (12419570.005.000) 06/02 23:43:35 Finished transferring output files
...
005 (12419570.005.000) 06/02 23:43:35 Job terminated.
	(1) Normal termination (return value 0)
		Usr 0 00:02:32, Sys 0 00:00:19  -  Run Remote Usage
		Usr 0 00:00:00, Sys 0 00:00:00  -  Run Local Usage
		Usr 0 00:02:32, Sys 0 00:00:19  -  Total Remote Usage
		Usr 0 00:00:00, Sys 0 00:00:00  -  Total Local Usage
	44607  -  Run Bytes Sent By Job
	10842  -  Run Bytes Received By Job
	44607  -  Total Bytes Sent By Job
	10842  -  Total Bytes Received By Job
	Partitionable Resources :    Usage  Request Allocated 
	   Cpus                 :     0.12        4         4 
	   Disk (KB)            :   120           1      3634 
	   GPUs                 :                           0 
	   Memory (MB)          :  2328       12000     12000 

	Job terminated of its own accord at 2025-06-02T21:43:35Z with exit-code 0.
...
006 (12419570.012.000) 06/02 23:43:51 Image size of job updated: 1214516
	1187  -  MemoryUsage of job (MB)
	1214516  -  ResidentSetSize of job (KB)
...
006 (12419570.001.000) 06/02 23:43:52 Image size of job updated: 1488776
	1454  -  MemoryUsage of job (MB)
	1488776  -  ResidentSetSize of job (KB)
...
006 (12419570.013.000) 06/02 23:43:52 Image size of job updated: 3002204
	2932  -  MemoryUsage of job (MB)
	3002204  -  ResidentSetSize of job (KB)
...
006 (12419570.021.000) 06/02 23:43:52 Image size of job updated: 2737288
	2674  -  MemoryUsage of job (MB)
	2737288  -  ResidentSetSize of job (KB)
...
006 (12419570.015.000) 06/02 23:43:53 Image size of job updated: 1231972
	1204  -  MemoryUsage of job (MB)
	1231972  -  ResidentSetSize of job (KB)
...
006 (12419570.000.000) 06/02 23:43:53 Image size of job updated: 1446988
	1414  -  MemoryUsage of job (MB)
	1446988  -  ResidentSetSize of job (KB)
...
006 (12419570.018.000) 06/02 23:43:54 Image size of job updated: 1632416
	1595  -  MemoryUsage of job (MB)
	1632416  -  ResidentSetSize of job (KB)
...
006 (12419570.003.000) 06/02 23:43:56 Image size of job updated: 1171604
	1145  -  MemoryUsage of job (MB)
	1171604  -  ResidentSetSize of job (KB)
...
006 (12419570.016.000) 06/02 23:43:57 Image size of job updated: 1866756
	1824  -  MemoryUsage of job (MB)
	1866756  -  ResidentSetSize of job (KB)
...
006 (12419570.020.000) 06/02 23:43:57 Image size of job updated: 1907740
	1864  -  MemoryUsage of job (MB)
	1907740  -  ResidentSetSize of job (KB)
...
006 (12419570.010.000) 06/02 23:43:57 Image size of job updated: 1162980
	1136  -  MemoryUsage of job (MB)
	1162980  -  ResidentSetSize of job (KB)
...
006 (12419570.023.000) 06/02 23:43:57 Image size of job updated: 3049164
	2978  -  MemoryUsage of job (MB)
	3049164  -  ResidentSetSize of job (KB)
...
006 (12419570.002.000) 06/02 23:43:57 Image size of job updated: 2900156
	2833  -  MemoryUsage of job (MB)
	2900156  -  ResidentSetSize of job (KB)
...
006 (12419570.012.000) 06/02 23:48:51 Image size of job updated: 1398696
	1366  -  MemoryUsage of job (MB)
	1398696  -  ResidentSetSize of job (KB)
...
006 (12419570.001.000) 06/02 23:48:52 Image size of job updated: 1702636
	1663  -  MemoryUsage of job (MB)
	1702636  -  ResidentSetSize of job (KB)
...
006 (12419570.013.000) 06/02 23:48:52 Image size of job updated: 3523864
	3442  -  MemoryUsage of job (MB)
	3523864  -  ResidentSetSize of job (KB)
...
006 (12419570.021.000) 06/02 23:48:52 Image size of job updated: 3318036
	3241  -  MemoryUsage of job (MB)
	3318036  -  ResidentSetSize of job (KB)
...
006 (12419570.015.000) 06/02 23:48:53 Image size of job updated: 1446216
	1413  -  MemoryUsage of job (MB)
	1446216  -  ResidentSetSize of job (KB)
...
006 (12419570.000.000) 06/02 23:48:54 Image size of job updated: 1658872
	1620  -  MemoryUsage of job (MB)
	1658872  -  ResidentSetSize of job (KB)
...
006 (12419570.018.000) 06/02 23:48:54 Image size of job updated: 1938052
	1893  -  MemoryUsage of job (MB)
	1938052  -  ResidentSetSize of job (KB)
...
006 (12419570.003.000) 06/02 23:48:57 Image size of job updated: 1385408
	1353  -  MemoryUsage of job (MB)
	1385408  -  ResidentSetSize of job (KB)
...
006 (12419570.016.000) 06/02 23:48:57 Image size of job updated: 2233128
	2181  -  MemoryUsage of job (MB)
	2233128  -  ResidentSetSize of job (KB)
...
006 (12419570.020.000) 06/02 23:48:57 Image size of job updated: 2397920
	2342  -  MemoryUsage of job (MB)
	2397920  -  ResidentSetSize of job (KB)
...
006 (12419570.023.000) 06/02 23:48:58 Image size of job updated: 3629008
	3544  -  MemoryUsage of job (MB)
	3629008  -  ResidentSetSize of job (KB)
...
006 (12419570.002.000) 06/02 23:48:58 Image size of job updated: 3449824
	3369  -  MemoryUsage of job (MB)
	3449824  -  ResidentSetSize of job (KB)
...
006 (12419570.010.000) 06/02 23:48:58 Image size of job updated: 1376648
	1345  -  MemoryUsage of job (MB)
	1376648  -  ResidentSetSize of job (KB)
...
006 (12419570.023.000) 06/02 23:51:36 Image size of job updated: 3902092
	3544  -  MemoryUsage of job (MB)
	3629008  -  ResidentSetSize of job (KB)
...
040 (12419570.023.000) 06/02 23:51:36 Started transferring output files
	Seconds spent in queue: 3382
...
040 (12419570.023.000) 06/02 23:51:36 Finished transferring output files
...
005 (12419570.023.000) 06/02 23:51:36 Job terminated.
	(1) Normal termination (return value 0)
		Usr 0 00:03:18, Sys 0 00:00:26  -  Run Remote Usage
		Usr 0 00:00:00, Sys 0 00:00:00  -  Run Local Usage
		Usr 0 00:03:18, Sys 0 00:00:26  -  Total Remote Usage
		Usr 0 00:00:00, Sys 0 00:00:00  -  Total Local Usage
	47878  -  Run Bytes Sent By Job
	10842  -  Run Bytes Received By Job
	47878  -  Total Bytes Sent By Job
	10842  -  Total Bytes Received By Job
	Partitionable Resources :    Usage  Request Allocated 
	   Cpus                 :     0.11        4         4 
	   Disk (KB)            :   123           1      3454 
	   GPUs                 :                           0 
	   Memory (MB)          :  3544       12000     12000 

	Job terminated of its own accord at 2025-06-02T21:51:36Z with exit-code 0.
...
006 (12419570.002.000) 06/02 23:53:50 Image size of job updated: 3936308
	3369  -  MemoryUsage of job (MB)
	3449824  -  ResidentSetSize of job (KB)
...
040 (12419570.002.000) 06/02 23:53:50 Started transferring output files
	Seconds spent in queue: 3524
...
040 (12419570.002.000) 06/02 23:53:50 Finished transferring output files
...
005 (12419570.002.000) 06/02 23:53:50 Job terminated.
	(1) Normal termination (return value 0)
		Usr 0 00:03:36, Sys 0 00:00:28  -  Run Remote Usage
		Usr 0 00:00:00, Sys 0 00:00:00  -  Run Local Usage
		Usr 0 00:03:36, Sys 0 00:00:28  -  Total Remote Usage
		Usr 0 00:00:00, Sys 0 00:00:00  -  Total Local Usage
	47875  -  Run Bytes Sent By Job
	10842  -  Run Bytes Received By Job
	47875  -  Total Bytes Sent By Job
	10842  -  Total Bytes Received By Job
	Partitionable Resources :    Usage  Request Allocated 
	   Cpus                 :     0.10        4         4 
	   Disk (KB)            :   123           1      3608 
	   GPUs                 :                           0 
	   Memory (MB)          :  3369       12000     12000 

	Job terminated of its own accord at 2025-06-02T21:53:50Z with exit-code 0.
...
006 (12419570.012.000) 06/02 23:53:52 Image size of job updated: 1614088
	1577  -  MemoryUsage of job (MB)
	1614088  -  ResidentSetSize of job (KB)
...
006 (12419570.015.000) 06/02 23:53:53 Image size of job updated: 1661056
	1623  -  MemoryUsage of job (MB)
	1661056  -  ResidentSetSize of job (KB)
...
006 (12419570.001.000) 06/02 23:53:53 Image size of job updated: 1947696
	1903  -  MemoryUsage of job (MB)
	1947696  -  ResidentSetSize of job (KB)
...
006 (12419570.013.000) 06/02 23:53:53 Image size of job updated: 4044552
	3950  -  MemoryUsage of job (MB)
	4044552  -  ResidentSetSize of job (KB)
...
006 (12419570.021.000) 06/02 23:53:53 Image size of job updated: 3838224
	3749  -  MemoryUsage of job (MB)
	3838224  -  ResidentSetSize of job (KB)
...
006 (12419570.000.000) 06/02 23:53:54 Image size of job updated: 1870904
	1828  -  MemoryUsage of job (MB)
	1870904  -  ResidentSetSize of job (KB)
...
006 (12419570.018.000) 06/02 23:53:54 Image size of job updated: 2221420
	2170  -  MemoryUsage of job (MB)
	2221420  -  ResidentSetSize of job (KB)
...
006 (12419570.003.000) 06/02 23:53:57 Image size of job updated: 1599596
	1563  -  MemoryUsage of job (MB)
	1599596  -  ResidentSetSize of job (KB)
...
006 (12419570.016.000) 06/02 23:53:58 Image size of job updated: 2599780
	2539  -  MemoryUsage of job (MB)
	2599780  -  ResidentSetSize of job (KB)
...
006 (12419570.020.000) 06/02 23:53:58 Image size of job updated: 3009668
	2940  -  MemoryUsage of job (MB)
	3009668  -  ResidentSetSize of job (KB)
...
006 (12419570.010.000) 06/02 23:53:59 Image size of job updated: 1589816
	1553  -  MemoryUsage of job (MB)
	1589816  -  ResidentSetSize of job (KB)
...
040 (12419570.013.000) 06/02 23:55:54 Started transferring output files
	Seconds spent in queue: 3645
...
040 (12419570.013.000) 06/02 23:55:54 Finished transferring output files
...
005 (12419570.013.000) 06/02 23:55:54 Job terminated.
	(1) Normal termination (return value 0)
		Usr 0 00:05:02, Sys 0 00:00:20  -  Run Remote Usage
		Usr 0 00:00:00, Sys 0 00:00:00  -  Run Local Usage
		Usr 0 00:05:02, Sys 0 00:00:20  -  Total Remote Usage
		Usr 0 00:00:00, Sys 0 00:00:00  -  Total Local Usage
	48073  -  Run Bytes Sent By Job
	10842  -  Run Bytes Received By Job
	48073  -  Total Bytes Sent By Job
	10842  -  Total Bytes Received By Job
	Partitionable Resources :    Usage  Request Allocated 
	   Cpus                 :     0.12        4         4 
	   Disk (KB)            :   124           1      3888 
	   GPUs                 :                           0 
	   Memory (MB)          :  3950       12000     12000 

	Job terminated of its own accord at 2025-06-02T21:55:54Z with exit-code 0.
...
006 (12419570.016.000) 06/02 23:57:46 Image size of job updated: 2934832
	2539  -  MemoryUsage of job (MB)
	2599780  -  ResidentSetSize of job (KB)
...
040 (12419570.016.000) 06/02 23:57:46 Started transferring output files
	Seconds spent in queue: 3756
...
040 (12419570.016.000) 06/02 23:57:46 Finished transferring output files
...
005 (12419570.016.000) 06/02 23:57:46 Job terminated.
	(1) Normal termination (return value 0)
		Usr 0 00:04:16, Sys 0 00:00:19  -  Run Remote Usage
		Usr 0 00:00:00, Sys 0 00:00:00  -  Run Local Usage
		Usr 0 00:04:16, Sys 0 00:00:19  -  Total Remote Usage
		Usr 0 00:00:00, Sys 0 00:00:00  -  Total Local Usage
	47316  -  Run Bytes Sent By Job
	10842  -  Run Bytes Received By Job
	47316  -  Total Bytes Sent By Job
	10842  -  Total Bytes Received By Job
	Partitionable Resources :    Usage  Request Allocated 
	   Cpus                 :     0.12        4         4 
	   Disk (KB)            :   122           1      4017 
	   GPUs                 :                           0 
	   Memory (MB)          :  2539       12000     12000 

	Job terminated of its own accord at 2025-06-02T21:57:46Z with exit-code 0.
...
006 (12419570.012.000) 06/02 23:58:52 Image size of job updated: 1827692
	1785  -  MemoryUsage of job (MB)
	1827692  -  ResidentSetSize of job (KB)
...
006 (12419570.015.000) 06/02 23:58:54 Image size of job updated: 1876060
	1833  -  MemoryUsage of job (MB)
	1876060  -  ResidentSetSize of job (KB)
...
006 (12419570.001.000) 06/02 23:58:54 Image size of job updated: 2162408
	2112  -  MemoryUsage of job (MB)
	2162408  -  ResidentSetSize of job (KB)
...
006 (12419570.021.000) 06/02 23:58:54 Image size of job updated: 4329216
	4228  -  MemoryUsage of job (MB)
	4329216  -  ResidentSetSize of job (KB)
...
006 (12419570.018.000) 06/02 23:58:55 Image size of job updated: 2519548
	2461  -  MemoryUsage of job (MB)
	2519548  -  ResidentSetSize of job (KB)
...
006 (12419570.000.000) 06/02 23:58:55 Image size of job updated: 2083288
	2035  -  MemoryUsage of job (MB)
	2083288  -  ResidentSetSize of job (KB)
...
006 (12419570.003.000) 06/02 23:58:58 Image size of job updated: 1813676
	1772  -  MemoryUsage of job (MB)
	1813676  -  ResidentSetSize of job (KB)
...
006 (12419570.020.000) 06/02 23:58:58 Image size of job updated: 3519828
	3438  -  MemoryUsage of job (MB)
	3519828  -  ResidentSetSize of job (KB)
...
006 (12419570.010.000) 06/02 23:58:59 Image size of job updated: 1803564
	1762  -  MemoryUsage of job (MB)
	1803564  -  ResidentSetSize of job (KB)
...
040 (12419570.015.000) 06/03 00:03:24 Started transferring output files
	Seconds spent in queue: 4094
...
040 (12419570.015.000) 06/03 00:03:24 Finished transferring output files
...
005 (12419570.015.000) 06/03 00:03:25 Job terminated.
	(1) Normal termination (return value 0)
		Usr 0 00:02:03, Sys 0 00:00:16  -  Run Remote Usage
		Usr 0 00:00:00, Sys 0 00:00:00  -  Run Local Usage
		Usr 0 00:02:03, Sys 0 00:00:16  -  Total Remote Usage
		Usr 0 00:00:00, Sys 0 00:00:00  -  Total Local Usage
	46967  -  Run Bytes Sent By Job
	10842  -  Run Bytes Received By Job
	46967  -  Total Bytes Sent By Job
	10842  -  Total Bytes Received By Job
	Partitionable Resources :    Usage  Request Allocated 
	   Cpus                 :     0.03        4         4 
	   Disk (KB)            :   122           1      3850 
	   GPUs                 :                           0 
	   Memory (MB)          :  1833       12000     12000 

	Job terminated of its own accord at 2025-06-02T22:03:24Z with exit-code 0.
...
006 (12419570.012.000) 06/03 00:03:52 Image size of job updated: 2041856
	1994  -  MemoryUsage of job (MB)
	2041856  -  ResidentSetSize of job (KB)
...
006 (12419570.001.000) 06/03 00:03:54 Image size of job updated: 4554616
	4448  -  MemoryUsage of job (MB)
	4554616  -  ResidentSetSize of job (KB)
...
006 (12419570.021.000) 06/03 00:03:54 Image size of job updated: 4819268
	4707  -  MemoryUsage of job (MB)
	4819268  -  ResidentSetSize of job (KB)
...
006 (12419570.018.000) 06/03 00:03:55 Image size of job updated: 2916064
	2848  -  MemoryUsage of job (MB)
	2916064  -  ResidentSetSize of job (KB)
...
006 (12419570.000.000) 06/03 00:03:56 Image size of job updated: 2295664
	2242  -  MemoryUsage of job (MB)
	2295664  -  ResidentSetSize of job (KB)
...
006 (12419570.003.000) 06/03 00:03:58 Image size of job updated: 4422572
	4319  -  MemoryUsage of job (MB)
	4422572  -  ResidentSetSize of job (KB)
...
006 (12419570.020.000) 06/03 00:03:59 Image size of job updated: 4020888
	3927  -  MemoryUsage of job (MB)
	4020888  -  ResidentSetSize of job (KB)
...
006 (12419570.010.000) 06/03 00:04:00 Image size of job updated: 3083360
	3012  -  MemoryUsage of job (MB)
	3083360  -  ResidentSetSize of job (KB)
...
006 (12419570.010.000) 06/03 00:04:12 Image size of job updated: 3245104
	3012  -  MemoryUsage of job (MB)
	3083360  -  ResidentSetSize of job (KB)
...
040 (12419570.010.000) 06/03 00:04:13 Started transferring output files
	Seconds spent in queue: 4145
...
040 (12419570.010.000) 06/03 00:04:13 Finished transferring output files
...
005 (12419570.010.000) 06/03 00:04:13 Job terminated.
	(1) Normal termination (return value 0)
		Usr 0 00:02:50, Sys 0 00:00:19  -  Run Remote Usage
		Usr 0 00:00:00, Sys 0 00:00:00  -  Run Local Usage
		Usr 0 00:02:50, Sys 0 00:00:19  -  Total Remote Usage
		Usr 0 00:00:00, Sys 0 00:00:00  -  Total Local Usage
	47423  -  Run Bytes Sent By Job
	10842  -  Run Bytes Received By Job
	47423  -  Total Bytes Sent By Job
	10842  -  Total Bytes Received By Job
	Partitionable Resources :    Usage  Request Allocated 
	   Cpus                 :     0.08        4         4 
	   Disk (KB)            :   123           1      3805 
	   GPUs                 :                           0 
	   Memory (MB)          :  3012       12000     12000 

	Job terminated of its own accord at 2025-06-02T22:04:12Z with exit-code 0.
...
006 (12419570.003.000) 06/03 00:06:01 Image size of job updated: 6354652
	4320  -  MemoryUsage of job (MB)
	4423064  -  ResidentSetSize of job (KB)
...
040 (12419570.003.000) 06/03 00:06:01 Started transferring output files
	Seconds spent in queue: 4254
...
040 (12419570.003.000) 06/03 00:06:01 Finished transferring output files
...
005 (12419570.003.000) 06/03 00:06:01 Job terminated.
	(1) Normal termination (return value 0)
		Usr 0 00:05:00, Sys 0 00:00:30  -  Run Remote Usage
		Usr 0 00:00:00, Sys 0 00:00:00  -  Run Local Usage
		Usr 0 00:05:00, Sys 0 00:00:30  -  Total Remote Usage
		Usr 0 00:00:00, Sys 0 00:00:00  -  Total Local Usage
	49434  -  Run Bytes Sent By Job
	10842  -  Run Bytes Received By Job
	49434  -  Total Bytes Sent By Job
	10842  -  Total Bytes Received By Job
	Partitionable Resources :    Usage  Request Allocated 
	   Cpus                 :     0.07        4         4 
	   Disk (KB)            :   125           1      3596 
	   GPUs                 :                           0 
	   Memory (MB)          :  4320       12000     12000 

	Job terminated of its own accord at 2025-06-02T22:06:01Z with exit-code 0.
...
040 (12419570.001.000) 06/03 00:07:21 Entered queue to transfer output files
...
006 (12419570.012.000) 06/03 00:08:53 Image size of job updated: 2255620
	2203  -  MemoryUsage of job (MB)
	2255620  -  ResidentSetSize of job (KB)
...
006 (12419570.018.000) 06/03 00:08:55 Image size of job updated: 3222404
	3147  -  MemoryUsage of job (MB)
	3222404  -  ResidentSetSize of job (KB)
...
006 (12419570.021.000) 06/03 00:08:55 Image size of job updated: 5337132
	5213  -  MemoryUsage of job (MB)
	5337132  -  ResidentSetSize of job (KB)
...
006 (12419570.000.000) 06/03 00:08:56 Image size of job updated: 2477860
	2420  -  MemoryUsage of job (MB)
	2477860  -  ResidentSetSize of job (KB)
...
006 (12419570.020.000) 06/03 00:09:00 Image size of job updated: 4543128
	4437  -  MemoryUsage of job (MB)
	4543128  -  ResidentSetSize of job (KB)
...
006 (12419570.012.000) 06/03 00:13:54 Image size of job updated: 2469900
	2413  -  MemoryUsage of job (MB)
	2469900  -  ResidentSetSize of job (KB)
...
006 (12419570.021.000) 06/03 00:13:56 Image size of job updated: 5888600
	5751  -  MemoryUsage of job (MB)
	5888600  -  ResidentSetSize of job (KB)
...
006 (12419570.000.000) 06/03 00:13:56 Image size of job updated: 2689296
	2627  -  MemoryUsage of job (MB)
	2689296  -  ResidentSetSize of job (KB)
...
006 (12419570.018.000) 06/03 00:13:57 Image size of job updated: 3511208
	3429  -  MemoryUsage of job (MB)
	3511208  -  ResidentSetSize of job (KB)
...
006 (12419570.020.000) 06/03 00:14:00 Image size of job updated: 5056932
	4939  -  MemoryUsage of job (MB)
	5056932  -  ResidentSetSize of job (KB)
...
006 (12419570.020.000) 06/03 00:14:41 Image size of job updated: 5103596
	4939  -  MemoryUsage of job (MB)
	5057004  -  ResidentSetSize of job (KB)
...
040 (12419570.020.000) 06/03 00:14:46 Entered queue to transfer output files
...
040 (12419570.021.000) 06/03 00:18:24 Entered queue to transfer output files
...
006 (12419570.012.000) 06/03 00:18:54 Image size of job updated: 2683212
	2621  -  MemoryUsage of job (MB)
	2683212  -  ResidentSetSize of job (KB)
...
006 (12419570.018.000) 06/03 00:18:57 Image size of job updated: 3511208
	3429  -  MemoryUsage of job (MB)
	3511212  -  ResidentSetSize of job (KB)
...
006 (12419570.000.000) 06/03 00:18:57 Image size of job updated: 2886456
	2819  -  MemoryUsage of job (MB)
	2886456  -  ResidentSetSize of job (KB)
...
006 (12419570.012.000) 06/03 00:23:55 Image size of job updated: 2986976
	2917  -  MemoryUsage of job (MB)
	2986976  -  ResidentSetSize of job (KB)
...
006 (12419570.000.000) 06/03 00:23:58 Image size of job updated: 3174180
	3100  -  MemoryUsage of job (MB)
	3174180  -  ResidentSetSize of job (KB)
...
006 (12419570.012.000) 06/03 00:28:56 Image size of job updated: 3170744
	3097  -  MemoryUsage of job (MB)
	3170744  -  ResidentSetSize of job (KB)
...
006 (12419570.000.000) 06/03 00:28:58 Image size of job updated: 3386944
	3308  -  MemoryUsage of job (MB)
	3386944  -  ResidentSetSize of job (KB)
...
006 (12419570.012.000) 06/03 00:33:56 Image size of job updated: 3385208
	3306  -  MemoryUsage of job (MB)
	3385208  -  ResidentSetSize of job (KB)
...
006 (12419570.000.000) 06/03 00:33:59 Image size of job updated: 3569228
	3486  -  MemoryUsage of job (MB)
	3569228  -  ResidentSetSize of job (KB)
...
006 (12419570.012.000) 06/03 00:38:57 Image size of job updated: 3600036
	3516  -  MemoryUsage of job (MB)
	3600036  -  ResidentSetSize of job (KB)
...
006 (12419570.000.000) 06/03 00:39:00 Image size of job updated: 3781276
	3693  -  MemoryUsage of job (MB)
	3781276  -  ResidentSetSize of job (KB)
...
040 (12419570.001.000) 06/03 00:41:28 Started transferring output files
	Seconds spent in queue: 6382
...
040 (12419570.001.000) 06/03 00:41:28 Finished transferring output files
...
005 (12419570.001.000) 06/03 00:41:28 Job terminated.
	(1) Normal termination (return value 0)
		Usr 0 00:06:21, Sys 0 00:00:47  -  Run Remote Usage
		Usr 0 00:00:00, Sys 0 00:00:00  -  Run Local Usage
		Usr 0 00:06:21, Sys 0 00:00:47  -  Total Remote Usage
		Usr 0 00:00:00, Sys 0 00:00:00  -  Total Local Usage
	50086  -  Run Bytes Sent By Job
	10842  -  Run Bytes Received By Job
	50086  -  Total Bytes Sent By Job
	10842  -  Total Bytes Received By Job
	Partitionable Resources :    Usage  Request Allocated 
	   Cpus                 :        0        4         4 
	   Disk (KB)            :      126        1      3622 
	   GPUs                 :                           0 
	   Memory (MB)          :     4448    12000     12000 

	Job terminated of its own accord at 2025-06-02T22:07:16Z with exit-code 0.
...
040 (12419570.021.000) 06/03 00:41:50 Started transferring output files
	Seconds spent in queue: 6397
...
040 (12419570.021.000) 06/03 00:41:50 Finished transferring output files
...
005 (12419570.021.000) 06/03 00:41:50 Job terminated.
	(1) Normal termination (return value 0)
		Usr 0 00:09:13, Sys 0 00:00:41  -  Run Remote Usage
		Usr 0 00:00:00, Sys 0 00:00:00  -  Run Local Usage
		Usr 0 00:09:13, Sys 0 00:00:41  -  Total Remote Usage
		Usr 0 00:00:00, Sys 0 00:00:00  -  Total Local Usage
	46624  -  Run Bytes Sent By Job
	10842  -  Run Bytes Received By Job
	46624  -  Total Bytes Sent By Job
	10842  -  Total Bytes Received By Job
	Partitionable Resources :    Usage  Request Allocated 
	   Cpus                 :        0        4         4 
	   Disk (KB)            :      122        1      3945 
	   GPUs                 :                           0 
	   Memory (MB)          :     5751    12000     12000 

	Job terminated of its own accord at 2025-06-02T22:18:19Z with exit-code 0.
...
040 (12419570.018.000) 06/03 00:43:46 Entered queue to transfer output files
...
040 (12419570.018.000) 06/03 00:43:50 Started transferring output files
	Seconds spent in queue: 6519
...
040 (12419570.018.000) 06/03 00:43:50 Finished transferring output files
...
005 (12419570.018.000) 06/03 00:43:50 Job terminated.
	(1) Normal termination (return value 0)
		Usr 0 00:04:56, Sys 0 00:00:40  -  Run Remote Usage
		Usr 0 00:00:00, Sys 0 00:00:00  -  Run Local Usage
		Usr 0 00:04:56, Sys 0 00:00:40  -  Total Remote Usage
		Usr 0 00:00:00, Sys 0 00:00:00  -  Total Local Usage
	48788  -  Run Bytes Sent By Job
	10842  -  Run Bytes Received By Job
	48788  -  Total Bytes Sent By Job
	10842  -  Total Bytes Received By Job
	Partitionable Resources :    Usage  Request Allocated 
	   Cpus                 :     0.10        4         4 
	   Disk (KB)            :   124           1      3798 
	   GPUs                 :                           0 
	   Memory (MB)          :  3429       12000     12000 

	Job terminated of its own accord at 2025-06-02T22:43:41Z with exit-code 0.
...
006 (12419570.012.000) 06/03 00:43:58 Image size of job updated: 3814256
	3725  -  MemoryUsage of job (MB)
	3814256  -  ResidentSetSize of job (KB)
...
006 (12419570.000.000) 06/03 00:44:00 Image size of job updated: 3963412
	3871  -  MemoryUsage of job (MB)
	3963412  -  ResidentSetSize of job (KB)
...
040 (12419570.020.000) 06/03 00:45:02 Started transferring output files
	Seconds spent in queue: 6589
...
040 (12419570.020.000) 06/03 00:45:02 Finished transferring output files
...
005 (12419570.020.000) 06/03 00:45:03 Job terminated.
	(1) Normal termination (return value 0)
		Usr 0 00:07:28, Sys 0 00:00:34  -  Run Remote Usage
		Usr 0 00:00:00, Sys 0 00:00:00  -  Run Local Usage
		Usr 0 00:07:28, Sys 0 00:00:34  -  Total Remote Usage
		Usr 0 00:00:00, Sys 0 00:00:00  -  Total Local Usage
	48658  -  Run Bytes Sent By Job
	10842  -  Run Bytes Received By Job
	48658  -  Total Bytes Sent By Job
	10842  -  Total Bytes Received By Job
	Partitionable Resources :    Usage  Request Allocated 
	   Cpus                 :        0        4         4 
	   Disk (KB)            :      124        1      3864 
	   GPUs                 :                           0 
	   Memory (MB)          :     4939    12000     12000 

	Job terminated of its own accord at 2025-06-02T22:14:41Z with exit-code 0.
...
006 (12419570.012.000) 06/03 00:48:58 Image size of job updated: 4028212
	3934  -  MemoryUsage of job (MB)
	4028212  -  ResidentSetSize of job (KB)
...
006 (12419570.000.000) 06/03 00:49:00 Image size of job updated: 4175220
	4078  -  MemoryUsage of job (MB)
	4175220  -  ResidentSetSize of job (KB)
...
006 (12419570.012.000) 06/03 00:53:58 Image size of job updated: 4244304
	4145  -  MemoryUsage of job (MB)
	4244304  -  ResidentSetSize of job (KB)
...
006 (12419570.000.000) 06/03 00:54:01 Image size of job updated: 4389096
	4287  -  MemoryUsage of job (MB)
	4389096  -  ResidentSetSize of job (KB)
...
040 (12419570.012.000) 06/03 00:58:10 Entered queue to transfer output files
...
040 (12419570.012.000) 06/03 00:58:10 Started transferring output files
	Seconds spent in queue: 7381
...
040 (12419570.012.000) 06/03 00:58:10 Finished transferring output files
...
005 (12419570.012.000) 06/03 00:58:10 Job terminated.
	(1) Normal termination (return value 0)
		Usr 0 00:03:26, Sys 0 00:00:28  -  Run Remote Usage
		Usr 0 00:00:00, Sys 0 00:00:00  -  Run Local Usage
		Usr 0 00:03:26, Sys 0 00:00:28  -  Total Remote Usage
		Usr 0 00:00:00, Sys 0 00:00:00  -  Total Local Usage
	48138  -  Run Bytes Sent By Job
	10842  -  Run Bytes Received By Job
	48138  -  Total Bytes Sent By Job
	10842  -  Total Bytes Received By Job
	Partitionable Resources :    Usage  Request Allocated 
	   Cpus                 :     0.06        4         4 
	   Disk (KB)            :   124           1      3787 
	   GPUs                 :                           0 
	   Memory (MB)          :  4145       12000     12000 

	Job terminated of its own accord at 2025-06-02T22:58:05Z with exit-code 0.
...
006 (12419570.000.000) 06/03 00:59:01 Image size of job updated: 4571436
	4465  -  MemoryUsage of job (MB)
	4571436  -  ResidentSetSize of job (KB)
...
006 (12419570.000.000) 06/03 01:04:01 Image size of job updated: 4782868
	4671  -  MemoryUsage of job (MB)
	4782868  -  ResidentSetSize of job (KB)
...
006 (12419570.000.000) 06/03 01:09:02 Image size of job updated: 4964708
	4849  -  MemoryUsage of job (MB)
	4964708  -  ResidentSetSize of job (KB)
...
006 (12419570.000.000) 06/03 01:14:02 Image size of job updated: 5176700
	5056  -  MemoryUsage of job (MB)
	5176700  -  ResidentSetSize of job (KB)
...
006 (12419570.000.000) 06/03 01:19:02 Image size of job updated: 5360272
	5235  -  MemoryUsage of job (MB)
	5360272  -  ResidentSetSize of job (KB)
...
006 (12419570.000.000) 06/03 01:24:03 Image size of job updated: 5632096
	5501  -  MemoryUsage of job (MB)
	5632096  -  ResidentSetSize of job (KB)
...
006 (12419570.000.000) 06/03 01:29:03 Image size of job updated: 5813876
	5678  -  MemoryUsage of job (MB)
	5813876  -  ResidentSetSize of job (KB)
...
006 (12419570.000.000) 06/03 01:34:03 Image size of job updated: 6026040
	5885  -  MemoryUsage of job (MB)
	6026040  -  ResidentSetSize of job (KB)
...
006 (12419570.000.000) 06/03 01:39:05 Image size of job updated: 6208372
	6063  -  MemoryUsage of job (MB)
	6208372  -  ResidentSetSize of job (KB)
...
006 (12419570.000.000) 06/03 01:44:05 Image size of job updated: 6421616
	6272  -  MemoryUsage of job (MB)
	6421616  -  ResidentSetSize of job (KB)
...
006 (12419570.000.000) 06/03 01:49:05 Image size of job updated: 6633720
	6479  -  MemoryUsage of job (MB)
	6633720  -  ResidentSetSize of job (KB)
...
006 (12419570.000.000) 06/03 01:54:06 Image size of job updated: 6815416
	6656  -  MemoryUsage of job (MB)
	6815416  -  ResidentSetSize of job (KB)
...
006 (12419570.000.000) 06/03 01:59:07 Image size of job updated: 7026812
	6863  -  MemoryUsage of job (MB)
	7026812  -  ResidentSetSize of job (KB)
...
006 (12419570.000.000) 06/03 02:04:07 Image size of job updated: 7208768
	7040  -  MemoryUsage of job (MB)
	7208768  -  ResidentSetSize of job (KB)
...
040 (12419570.000.000) 06/03 02:08:52 Entered queue to transfer output files
...
040 (12419570.000.000) 06/03 02:16:55 Started transferring output files
	Seconds spent in queue: 12109
...
040 (12419570.000.000) 06/03 02:16:55 Finished transferring output files
...
005 (12419570.000.000) 06/03 02:16:55 Job terminated.
	(1) Normal termination (return value 0)
		Usr 0 00:06:42, Sys 0 00:00:52  -  Run Remote Usage
		Usr 0 00:00:00, Sys 0 00:00:00  -  Run Local Usage
		Usr 0 00:06:42, Sys 0 00:00:52  -  Total Remote Usage
		Usr 0 00:00:00, Sys 0 00:00:00  -  Total Local Usage
	49891  -  Run Bytes Sent By Job
	10842  -  Run Bytes Received By Job
	49891  -  Total Bytes Sent By Job
	10842  -  Total Bytes Received By Job
	Partitionable Resources :    Usage  Request Allocated 
	   Cpus                 :        0        4         4 
	   Disk (KB)            :      125        1      3786 
	   GPUs                 :                           0 
	   Memory (MB)          :     7040    12000     12000 

	Job terminated of its own accord at 2025-06-03T00:08:47Z with exit-code 0.
...
