000 (12494014.000.000) 06/09 05:23:40 Job submitted from host: <188.185.114.121:9618?addrs=188.185.114.121-9618+[2001-1458-d00-a--100-273]-9618&alias=bigbird19.cern.ch&noUDP&sock=schedd_2045_4743>
...
000 (12494014.001.000) 06/09 05:23:40 Job submitted from host: <188.185.114.121:9618?addrs=188.185.114.121-9618+[2001-1458-d00-a--100-273]-9618&alias=bigbird19.cern.ch&noUDP&sock=schedd_2045_4743>
...
000 (12494014.002.000) 06/09 05:23:40 Job submitted from host: <188.185.114.121:9618?addrs=188.185.114.121-9618+[2001-1458-d00-a--100-273]-9618&alias=bigbird19.cern.ch&noUDP&sock=schedd_2045_4743>
...
000 (12494014.003.000) 06/09 05:23:40 Job submitted from host: <188.185.114.121:9618?addrs=188.185.114.121-9618+[2001-1458-d00-a--100-273]-9618&alias=bigbird19.cern.ch&noUDP&sock=schedd_2045_4743>
...
000 (12494014.004.000) 06/09 05:23:40 Job submitted from host: <188.185.114.121:9618?addrs=188.185.114.121-9618+[2001-1458-d00-a--100-273]-9618&alias=bigbird19.cern.ch&noUDP&sock=schedd_2045_4743>
...
000 (12494014.005.000) 06/09 05:23:40 Job submitted from host: <188.185.114.121:9618?addrs=188.185.114.121-9618+[2001-1458-d00-a--100-273]-9618&alias=bigbird19.cern.ch&noUDP&sock=schedd_2045_4743>
...
000 (12494014.006.000) 06/09 05:23:40 Job submitted from host: <188.185.114.121:9618?addrs=188.185.114.121-9618+[2001-1458-d00-a--100-273]-9618&alias=bigbird19.cern.ch&noUDP&sock=schedd_2045_4743>
...
000 (12494014.007.000) 06/09 05:23:40 Job submitted from host: <188.185.114.121:9618?addrs=188.185.114.121-9618+[2001-1458-d00-a--100-273]-9618&alias=bigbird19.cern.ch&noUDP&sock=schedd_2045_4743>
...
000 (12494014.008.000) 06/09 05:23:40 Job submitted from host: <188.185.114.121:9618?addrs=188.185.114.121-9618+[2001-1458-d00-a--100-273]-9618&alias=bigbird19.cern.ch&noUDP&sock=schedd_2045_4743>
...
000 (12494014.009.000) 06/09 05:23:40 Job submitted from host: <188.185.114.121:9618?addrs=188.185.114.121-9618+[2001-1458-d00-a--100-273]-9618&alias=bigbird19.cern.ch&noUDP&sock=schedd_2045_4743>
...
000 (12494014.010.000) 06/09 05:23:40 Job submitted from host: <188.185.114.121:9618?addrs=188.185.114.121-9618+[2001-1458-d00-a--100-273]-9618&alias=bigbird19.cern.ch&noUDP&sock=schedd_2045_4743>
...
000 (12494014.011.000) 06/09 05:23:40 Job submitted from host: <188.185.114.121:9618?addrs=188.185.114.121-9618+[2001-1458-d00-a--100-273]-9618&alias=bigbird19.cern.ch&noUDP&sock=schedd_2045_4743>
...
000 (12494014.012.000) 06/09 05:23:40 Job submitted from host: <188.185.114.121:9618?addrs=188.185.114.121-9618+[2001-1458-d00-a--100-273]-9618&alias=bigbird19.cern.ch&noUDP&sock=schedd_2045_4743>
...
040 (12494014.002.000) 06/09 05:26:09 Started transferring input files
	Transferring to host: <188.185.198.115:9618?addrs=188.185.198.115-9618+[2001-1458-303-25--100-6f]-9618&alias=b9p15p8791.cern.ch&noUDP&sock=slot1_22_8427_5570_6184>
...
040 (12494014.002.000) 06/09 05:26:09 Finished transferring input files
...
040 (12494014.001.000) 06/09 05:26:09 Started transferring input files
	Transferring to host: <128.142.51.203:9618?addrs=128.142.51.203-9618+[2001-1458-301-3--100-8]-9618&alias=b9g02p3210.cern.ch&noUDP&sock=slot1_19_8028_33c0_33722>
...
040 (12494014.001.000) 06/09 05:26:10 Finished transferring input files
...
040 (12494014.000.000) 06/09 05:26:10 Started transferring input files
	Transferring to host: <188.184.185.69:9618?addrs=188.184.185.69-9618+[2001-1458-301-52--100-44]-9618&alias=b9g37p2364.cern.ch&noUDP&sock=slot1_5_2932465_a029_25729>
...
040 (12494014.000.000) 06/09 05:26:10 Finished transferring input files
...
040 (12494014.009.000) 06/09 05:26:10 Started transferring input files
	Transferring to host: <188.185.194.47:9618?addrs=188.185.194.47-9618+[2001-1458-303-21--100-2b]-9618&alias=b9p20p7602.cern.ch&noUDP&sock=slot1_3_3709_1370_7138>
...
040 (12494014.009.000) 06/09 05:26:10 Finished transferring input files
...
040 (12494014.007.000) 06/09 05:26:10 Started transferring input files
	Transferring to host: <128.142.161.83:9618?addrs=128.142.161.83-9618+[2001-1458-301-b8--100-11]-9618&alias=b9g03p4706.cern.ch&noUDP&sock=slot1_28_215870_b183_15218>
...
040 (12494014.007.000) 06/09 05:26:10 Finished transferring input files
...
040 (12494014.005.000) 06/09 05:26:10 Started transferring input files
	Transferring to host: <188.185.193.61:9618?addrs=188.185.193.61-9618+[2001-1458-303-20--100-39]-9618&alias=b9p19p3628.cern.ch&noUDP&sock=slot1_7_3318_94c0_7055>
...
040 (12494014.005.000) 06/09 05:26:10 Finished transferring input files
...
001 (12494014.002.000) 06/09 05:26:10 Job executing on host: <188.185.198.115:9618?addrs=188.185.198.115-9618+[2001-1458-303-25--100-6f]-9618&alias=b9p15p8791.cern.ch&noUDP&sock=startd_7261_0541>
	SlotName: slot1_22@b9p15p8791.cern.ch
	CondorScratchDir = "/pool/condor/dir_4096960"
	Cpus = 4
	Disk = 3658
	GPUs = 0
	Memory = 12000
...
001 (12494014.001.000) 06/09 05:26:11 Job executing on host: <128.142.51.203:9618?addrs=128.142.51.203-9618+[2001-1458-301-3--100-8]-9618&alias=b9g02p3210.cern.ch&noUDP&sock=startd_6741_5802>
	SlotName: slot1_19@b9g02p3210.cern.ch
	CondorScratchDir = "/pool/condor/dir_1539856"
	Cpus = 4
	Disk = 3914
	GPUs = 0
	Memory = 12000
...
001 (12494014.000.000) 06/09 05:26:11 Job executing on host: <188.184.185.69:9618?addrs=188.184.185.69-9618+[2001-1458-301-52--100-44]-9618&alias=b9g37p2364.cern.ch&noUDP&sock=startd_2932300_7aef>
	SlotName: slot1_5@b9g37p2364.cern.ch
	CondorScratchDir = "/pool/condor/dir_4115004"
	Cpus = 4
	Disk = 3866
	GPUs = 0
	Memory = 12000
...
040 (12494014.012.000) 06/09 05:26:11 Started transferring input files
	Transferring to host: <188.185.192.70:9618?addrs=188.185.192.70-9618+[2001-1458-303-1f--100-42]-9618&alias=b9p13p3947.cern.ch&noUDP&sock=slot1_15_8946_0425_8880>
...
040 (12494014.012.000) 06/09 05:26:11 Finished transferring input files
...
001 (12494014.009.000) 06/09 05:26:11 Job executing on host: <188.185.194.47:9618?addrs=188.185.194.47-9618+[2001-1458-303-21--100-2b]-9618&alias=b9p20p7602.cern.ch&noUDP&sock=startd_3148_d83a>
	SlotName: slot1_3@b9p20p7602.cern.ch
	CondorScratchDir = "/pool/condor/dir_258399"
	Cpus = 4
	Disk = 3914
	GPUs = 0
	Memory = 12000
...
001 (12494014.007.000) 06/09 05:26:11 Job executing on host: <128.142.161.83:9618?addrs=128.142.161.83-9618+[2001-1458-301-b8--100-11]-9618&alias=b9g03p4706.cern.ch&noUDP&sock=startd_998631_61c5>
	SlotName: slot1_28@b9g03p4706.cern.ch
	CondorScratchDir = "/pool/condor/dir_1355375"
	Cpus = 4
	Disk = 4038
	GPUs = 0
	Memory = 12000
...
001 (12494014.005.000) 06/09 05:26:11 Job executing on host: <188.185.193.61:9618?addrs=188.185.193.61-9618+[2001-1458-303-20--100-39]-9618&alias=b9p19p3628.cern.ch&noUDP&sock=startd_3029_3874>
	SlotName: slot1_7@b9p19p3628.cern.ch
	CondorScratchDir = "/pool/condor/dir_2200871"
	Cpus = 4
	Disk = 3734
	GPUs = 0
	Memory = 12000
...
040 (12494014.010.000) 06/09 05:26:11 Started transferring input files
	Transferring to host: <128.142.161.143:9618?addrs=128.142.161.143-9618+[2001-1458-301-b9--100-c]-9618&alias=b9g03p2726.cern.ch&noUDP&sock=slot1_2_2223017_5477_53590>
...
040 (12494014.010.000) 06/09 05:26:11 Finished transferring input files
...
001 (12494014.012.000) 06/09 05:26:12 Job executing on host: <188.185.192.70:9618?addrs=188.185.192.70-9618+[2001-1458-303-1f--100-42]-9618&alias=b9p13p3947.cern.ch&noUDP&sock=startd_8473_5a0a>
	SlotName: slot1_15@b9p13p3947.cern.ch
	CondorScratchDir = "/pool/condor/dir_1853754"
	Cpus = 4
	Disk = 3961
	GPUs = 0
	Memory = 12000
...
040 (12494014.003.000) 06/09 05:26:12 Started transferring input files
	Transferring to host: <128.142.248.61:9618?addrs=128.142.248.61-9618+[2001-1458-301-73--100-12d]-9618&alias=b9g23p8424.cern.ch&noUDP&sock=slot1_16_1655717_28da_29117>
...
040 (12494014.003.000) 06/09 05:26:12 Finished transferring input files
...
001 (12494014.010.000) 06/09 05:26:12 Job executing on host: <128.142.161.143:9618?addrs=128.142.161.143-9618+[2001-1458-301-b9--100-c]-9618&alias=b9g03p2726.cern.ch&noUDP&sock=startd_6216_3cc9>
	SlotName: slot1_2@b9g03p2726.cern.ch
	CondorScratchDir = "/pool/condor/dir_2534448"
	Cpus = 4
	Disk = 3785
	GPUs = 0
	Memory = 12000
...
001 (12494014.003.000) 06/09 05:26:13 Job executing on host: <128.142.248.61:9618?addrs=128.142.248.61-9618+[2001-1458-301-73--100-12d]-9618&alias=b9g23p8424.cern.ch&noUDP&sock=startd_4388_61a9>
	SlotName: slot1_16@b9g23p8424.cern.ch
	CondorScratchDir = "/pool/condor/dir_2394999"
	Cpus = 4
	Disk = 3869
	GPUs = 0
	Memory = 12000
...
040 (12494014.006.000) 06/09 05:26:13 Started transferring input files
	Transferring to host: <188.185.198.28:9618?addrs=188.185.198.28-9618+[2001-1458-303-25--100-18]-9618&alias=b9p15p9200.cern.ch&noUDP&sock=slot1_7_8979_4486_7636>
...
040 (12494014.006.000) 06/09 05:26:13 Finished transferring input files
...
040 (12494014.008.000) 06/09 05:26:13 Started transferring input files
	Transferring to host: <128.142.248.113:9618?addrs=128.142.248.113-9618+[2001-1458-301-73--100-161]-9618&alias=b9g23p8916.cern.ch&noUDP&sock=slot1_2_81862_ef3a_28815>
...
040 (12494014.008.000) 06/09 05:26:13 Finished transferring input files
...
040 (12494014.004.000) 06/09 05:26:13 Started transferring input files
	Transferring to host: <188.185.195.100:9618?addrs=188.185.195.100-9618+[2001-1458-303-22--100-60]-9618&alias=b9p17p8991.cern.ch&noUDP&sock=slot1_20_8554_d115_7487>
...
040 (12494014.004.000) 06/09 05:26:13 Finished transferring input files
...
040 (12494014.011.000) 06/09 05:26:14 Started transferring input files
	Transferring to host: <188.185.195.22:9618?addrs=188.185.195.22-9618+[2001-1458-303-22--100-12]-9618&alias=b9p17p9664.cern.ch&noUDP&sock=slot1_6_6428_db7e_6481>
...
040 (12494014.011.000) 06/09 05:26:14 Finished transferring input files
...
001 (12494014.006.000) 06/09 05:26:14 Job executing on host: <188.185.198.28:9618?addrs=188.185.198.28-9618+[2001-1458-303-25--100-18]-9618&alias=b9p15p9200.cern.ch&noUDP&sock=startd_8921_a478>
	SlotName: slot1_7@b9p15p9200.cern.ch
	CondorScratchDir = "/pool/condor/dir_3164307"
	Cpus = 4
	Disk = 3927
	GPUs = 0
	Memory = 12000
...
001 (12494014.008.000) 06/09 05:26:14 Job executing on host: <128.142.248.113:9618?addrs=128.142.248.113-9618+[2001-1458-301-73--100-161]-9618&alias=b9g23p8916.cern.ch&noUDP&sock=startd_5788_aa40>
	SlotName: slot1_2@b9g23p8916.cern.ch
	CondorScratchDir = "/pool/condor/dir_2946123"
	Cpus = 4
	Disk = 3963
	GPUs = 0
	Memory = 12000
...
001 (12494014.004.000) 06/09 05:26:14 Job executing on host: <188.185.195.100:9618?addrs=188.185.195.100-9618+[2001-1458-303-22--100-60]-9618&alias=b9p17p8991.cern.ch&noUDP&sock=startd_7567_e93c>
	SlotName: slot1_20@b9p17p8991.cern.ch
	CondorScratchDir = "/pool/condor/dir_1915580"
	Cpus = 4
	Disk = 3858
	GPUs = 0
	Memory = 12000
...
001 (12494014.011.000) 06/09 05:26:15 Job executing on host: <188.185.195.22:9618?addrs=188.185.195.22-9618+[2001-1458-303-22--100-12]-9618&alias=b9p17p9664.cern.ch&noUDP&sock=startd_5857_fe49>
	SlotName: slot1_6@b9p17p9664.cern.ch
	CondorScratchDir = "/pool/condor/dir_1088330"
	Cpus = 4
	Disk = 3437
	GPUs = 0
	Memory = 12000
...
006 (12494014.001.000) 06/09 05:26:19 Image size of job updated: 326604
	319  -  MemoryUsage of job (MB)
	326604  -  ResidentSetSize of job (KB)
...
006 (12494014.000.000) 06/09 05:26:19 Image size of job updated: 2488
	3  -  MemoryUsage of job (MB)
	2488  -  ResidentSetSize of job (KB)
...
006 (12494014.009.000) 06/09 05:26:19 Image size of job updated: 83576
	82  -  MemoryUsage of job (MB)
	83576  -  ResidentSetSize of job (KB)
...
006 (12494014.005.000) 06/09 05:26:19 Image size of job updated: 357092
	349  -  MemoryUsage of job (MB)
	357092  -  ResidentSetSize of job (KB)
...
006 (12494014.002.000) 06/09 05:26:19 Image size of job updated: 343020
	335  -  MemoryUsage of job (MB)
	343020  -  ResidentSetSize of job (KB)
...
006 (12494014.012.000) 06/09 05:26:20 Image size of job updated: 323264
	316  -  MemoryUsage of job (MB)
	323264  -  ResidentSetSize of job (KB)
...
006 (12494014.010.000) 06/09 05:26:20 Image size of job updated: 2164
	3  -  MemoryUsage of job (MB)
	2164  -  ResidentSetSize of job (KB)
...
006 (12494014.011.000) 06/09 05:26:23 Image size of job updated: 322376
	315  -  MemoryUsage of job (MB)
	322376  -  ResidentSetSize of job (KB)
...
006 (12494014.004.000) 06/09 05:26:23 Image size of job updated: 322856
	316  -  MemoryUsage of job (MB)
	322856  -  ResidentSetSize of job (KB)
...
006 (12494014.007.000) 06/09 05:26:24 Image size of job updated: 1656
	2  -  MemoryUsage of job (MB)
	1656  -  ResidentSetSize of job (KB)
...
006 (12494014.003.000) 06/09 05:26:26 Image size of job updated: 86276
	85  -  MemoryUsage of job (MB)
	86276  -  ResidentSetSize of job (KB)
...
006 (12494014.006.000) 06/09 05:26:28 Image size of job updated: 18912
	19  -  MemoryUsage of job (MB)
	18912  -  ResidentSetSize of job (KB)
...
006 (12494014.008.000) 06/09 05:26:28 Image size of job updated: 77056
	76  -  MemoryUsage of job (MB)
	77056  -  ResidentSetSize of job (KB)
...
040 (12494014.012.000) 06/09 05:31:13 Started transferring output files
...
040 (12494014.012.000) 06/09 05:31:14 Finished transferring output files
...
005 (12494014.012.000) 06/09 05:31:14 Job terminated.
	(1) Normal termination (return value 0)
		Usr 0 00:00:57, Sys 0 00:00:05  -  Run Remote Usage
		Usr 0 00:00:00, Sys 0 00:00:00  -  Run Local Usage
		Usr 0 00:00:57, Sys 0 00:00:05  -  Total Remote Usage
		Usr 0 00:00:00, Sys 0 00:00:00  -  Total Local Usage
	43500  -  Run Bytes Sent By Job
	10856  -  Run Bytes Received By Job
	43500  -  Total Bytes Sent By Job
	10856  -  Total Bytes Received By Job
	Partitionable Resources :    Usage  Request Allocated 
	   Cpus                 :        0        4         4 
	   Disk (KB)            :      119        1      3961 
	   GPUs                 :                           0 
	   Memory (MB)          :      316    12000     12000 

	Job terminated of its own accord at 2025-06-09T03:31:13Z with exit-code 0.
...
006 (12494014.001.000) 06/09 05:31:19 Image size of job updated: 864024
	844  -  MemoryUsage of job (MB)
	864024  -  ResidentSetSize of job (KB)
...
006 (12494014.000.000) 06/09 05:31:19 Image size of job updated: 1013984
	991  -  MemoryUsage of job (MB)
	1013984  -  ResidentSetSize of job (KB)
...
006 (12494014.009.000) 06/09 05:31:19 Image size of job updated: 887272
	867  -  MemoryUsage of job (MB)
	887272  -  ResidentSetSize of job (KB)
...
006 (12494014.005.000) 06/09 05:31:19 Image size of job updated: 875388
	855  -  MemoryUsage of job (MB)
	875388  -  ResidentSetSize of job (KB)
...
006 (12494014.002.000) 06/09 05:31:20 Image size of job updated: 881724
	862  -  MemoryUsage of job (MB)
	881724  -  ResidentSetSize of job (KB)
...
006 (12494014.010.000) 06/09 05:31:20 Image size of job updated: 817480
	799  -  MemoryUsage of job (MB)
	817480  -  ResidentSetSize of job (KB)
...
006 (12494014.011.000) 06/09 05:31:23 Image size of job updated: 839228
	820  -  MemoryUsage of job (MB)
	839228  -  ResidentSetSize of job (KB)
...
006 (12494014.004.000) 06/09 05:31:24 Image size of job updated: 650676
	636  -  MemoryUsage of job (MB)
	650676  -  ResidentSetSize of job (KB)
...
006 (12494014.007.000) 06/09 05:31:24 Image size of job updated: 559772
	547  -  MemoryUsage of job (MB)
	559772  -  ResidentSetSize of job (KB)
...
006 (12494014.003.000) 06/09 05:31:26 Image size of job updated: 617524
	604  -  MemoryUsage of job (MB)
	617524  -  ResidentSetSize of job (KB)
...
006 (12494014.006.000) 06/09 05:31:29 Image size of job updated: 582640
	569  -  MemoryUsage of job (MB)
	582640  -  ResidentSetSize of job (KB)
...
006 (12494014.008.000) 06/09 05:31:29 Image size of job updated: 572960
	560  -  MemoryUsage of job (MB)
	572960  -  ResidentSetSize of job (KB)
...
040 (12494014.000.000) 06/09 05:33:14 Started transferring output files
...
040 (12494014.000.000) 06/09 05:33:14 Finished transferring output files
...
005 (12494014.000.000) 06/09 05:33:14 Job terminated.
	(1) Normal termination (return value 0)
		Usr 0 00:01:45, Sys 0 00:00:09  -  Run Remote Usage
		Usr 0 00:00:00, Sys 0 00:00:00  -  Run Local Usage
		Usr 0 00:01:45, Sys 0 00:00:09  -  Total Remote Usage
		Usr 0 00:00:00, Sys 0 00:00:00  -  Total Local Usage
	44071  -  Run Bytes Sent By Job
	10856  -  Run Bytes Received By Job
	44071  -  Total Bytes Sent By Job
	10856  -  Total Bytes Received By Job
	Partitionable Resources :    Usage  Request Allocated 
	   Cpus                 :     0.04        4         4 
	   Disk (KB)            :   120           1      3866 
	   GPUs                 :                           0 
	   Memory (MB)          :   991       12000     12000 

	Job terminated of its own accord at 2025-06-09T03:33:14Z with exit-code 0.
...
006 (12494014.006.000) 06/09 05:35:42 Image size of job updated: 942748
	569  -  MemoryUsage of job (MB)
	582640  -  ResidentSetSize of job (KB)
...
040 (12494014.006.000) 06/09 05:35:43 Started transferring output files
...
040 (12494014.006.000) 06/09 05:35:43 Finished transferring output files
...
005 (12494014.006.000) 06/09 05:35:43 Job terminated.
	(1) Normal termination (return value 0)
		Usr 0 00:01:20, Sys 0 00:00:06  -  Run Remote Usage
		Usr 0 00:00:00, Sys 0 00:00:00  -  Run Local Usage
		Usr 0 00:01:20, Sys 0 00:00:06  -  Total Remote Usage
		Usr 0 00:00:00, Sys 0 00:00:00  -  Total Local Usage
	44001  -  Run Bytes Sent By Job
	10856  -  Run Bytes Received By Job
	44001  -  Total Bytes Sent By Job
	10856  -  Total Bytes Received By Job
	Partitionable Resources :    Usage  Request Allocated 
	   Cpus                 :        0        4         4 
	   Disk (KB)            :      120        1      3927 
	   GPUs                 :                           0 
	   Memory (MB)          :      569    12000     12000 

	Job terminated of its own accord at 2025-06-09T03:35:42Z with exit-code 0.
...
006 (12494014.001.000) 06/09 05:36:19 Image size of job updated: 1324716
	1294  -  MemoryUsage of job (MB)
	1324716  -  ResidentSetSize of job (KB)
...
006 (12494014.005.000) 06/09 05:36:20 Image size of job updated: 1334208
	1303  -  MemoryUsage of job (MB)
	1334208  -  ResidentSetSize of job (KB)
...
006 (12494014.002.000) 06/09 05:36:20 Image size of job updated: 1307444
	1277  -  MemoryUsage of job (MB)
	1307444  -  ResidentSetSize of job (KB)
...
006 (12494014.009.000) 06/09 05:36:20 Image size of job updated: 1382356
	1350  -  MemoryUsage of job (MB)
	1382356  -  ResidentSetSize of job (KB)
...
006 (12494014.010.000) 06/09 05:36:21 Image size of job updated: 1247408
	1219  -  MemoryUsage of job (MB)
	1247408  -  ResidentSetSize of job (KB)
...
006 (12494014.004.000) 06/09 05:36:24 Image size of job updated: 873704
	854  -  MemoryUsage of job (MB)
	873704  -  ResidentSetSize of job (KB)
...
006 (12494014.011.000) 06/09 05:36:24 Image size of job updated: 1295968
	1266  -  MemoryUsage of job (MB)
	1295968  -  ResidentSetSize of job (KB)
...
006 (12494014.007.000) 06/09 05:36:25 Image size of job updated: 1023964
	1000  -  MemoryUsage of job (MB)
	1023964  -  ResidentSetSize of job (KB)
...
006 (12494014.003.000) 06/09 05:36:27 Image size of job updated: 1080224
	1055  -  MemoryUsage of job (MB)
	1080224  -  ResidentSetSize of job (KB)
...
006 (12494014.008.000) 06/09 05:36:30 Image size of job updated: 1025960
	1002  -  MemoryUsage of job (MB)
	1025960  -  ResidentSetSize of job (KB)
...
040 (12494014.005.000) 06/09 05:38:42 Started transferring output files
...
040 (12494014.005.000) 06/09 05:38:42 Finished transferring output files
...
005 (12494014.005.000) 06/09 05:38:42 Job terminated.
	(1) Normal termination (return value 0)
		Usr 0 00:02:02, Sys 0 00:00:09  -  Run Remote Usage
		Usr 0 00:00:00, Sys 0 00:00:00  -  Run Local Usage
		Usr 0 00:02:02, Sys 0 00:00:09  -  Total Remote Usage
		Usr 0 00:00:00, Sys 0 00:00:00  -  Total Local Usage
	44361  -  Run Bytes Sent By Job
	10856  -  Run Bytes Received By Job
	44361  -  Total Bytes Sent By Job
	10856  -  Total Bytes Received By Job
	Partitionable Resources :    Usage  Request Allocated 
	   Cpus                 :     0.17        4         4 
	   Disk (KB)            :   120           1      3734 
	   GPUs                 :                           0 
	   Memory (MB)          :  1303       12000     12000 

	Job terminated of its own accord at 2025-06-09T03:38:42Z with exit-code 0.
...
040 (12494014.011.000) 06/09 05:40:10 Started transferring output files
...
040 (12494014.011.000) 06/09 05:40:10 Finished transferring output files
...
005 (12494014.011.000) 06/09 05:40:10 Job terminated.
	(1) Normal termination (return value 0)
		Usr 0 00:02:16, Sys 0 00:00:11  -  Run Remote Usage
		Usr 0 00:00:00, Sys 0 00:00:00  -  Run Local Usage
		Usr 0 00:02:16, Sys 0 00:00:11  -  Total Remote Usage
		Usr 0 00:00:00, Sys 0 00:00:00  -  Total Local Usage
	44505  -  Run Bytes Sent By Job
	10856  -  Run Bytes Received By Job
	44505  -  Total Bytes Sent By Job
	10856  -  Total Bytes Received By Job
	Partitionable Resources :    Usage  Request Allocated 
	   Cpus                 :     0.10        4         4 
	   Disk (KB)            :   120           1      3437 
	   GPUs                 :                           0 
	   Memory (MB)          :  1266       12000     12000 

	Job terminated of its own accord at 2025-06-09T03:40:10Z with exit-code 0.
...
006 (12494014.001.000) 06/09 05:41:20 Image size of job updated: 1757728
	1717  -  MemoryUsage of job (MB)
	1757728  -  ResidentSetSize of job (KB)
...
006 (12494014.009.000) 06/09 05:41:21 Image size of job updated: 1862224
	1819  -  MemoryUsage of job (MB)
	1862224  -  ResidentSetSize of job (KB)
...
006 (12494014.010.000) 06/09 05:41:21 Image size of job updated: 1676636
	1638  -  MemoryUsage of job (MB)
	1676636  -  ResidentSetSize of job (KB)
...
006 (12494014.002.000) 06/09 05:41:21 Image size of job updated: 1762328
	1722  -  MemoryUsage of job (MB)
	1762328  -  ResidentSetSize of job (KB)
...
006 (12494014.004.000) 06/09 05:41:24 Image size of job updated: 1071652
	1047  -  MemoryUsage of job (MB)
	1071652  -  ResidentSetSize of job (KB)
...
006 (12494014.007.000) 06/09 05:41:25 Image size of job updated: 1507624
	1473  -  MemoryUsage of job (MB)
	1507624  -  ResidentSetSize of job (KB)
...
006 (12494014.003.000) 06/09 05:41:27 Image size of job updated: 1566704
	1530  -  MemoryUsage of job (MB)
	1566704  -  ResidentSetSize of job (KB)
...
006 (12494014.008.000) 06/09 05:41:30 Image size of job updated: 1474556
	1440  -  MemoryUsage of job (MB)
	1474556  -  ResidentSetSize of job (KB)
...
006 (12494014.001.000) 06/09 05:46:21 Image size of job updated: 2188324
	2138  -  MemoryUsage of job (MB)
	2188324  -  ResidentSetSize of job (KB)
...
006 (12494014.009.000) 06/09 05:46:21 Image size of job updated: 2346000
	2292  -  MemoryUsage of job (MB)
	2346000  -  ResidentSetSize of job (KB)
...
006 (12494014.010.000) 06/09 05:46:21 Image size of job updated: 2108988
	2060  -  MemoryUsage of job (MB)
	2108988  -  ResidentSetSize of job (KB)
...
006 (12494014.002.000) 06/09 05:46:22 Image size of job updated: 2194376
	2143  -  MemoryUsage of job (MB)
	2194376  -  ResidentSetSize of job (KB)
...
006 (12494014.007.000) 06/09 05:46:25 Image size of job updated: 1970136
	1924  -  MemoryUsage of job (MB)
	1970136  -  ResidentSetSize of job (KB)
...
006 (12494014.004.000) 06/09 05:46:25 Image size of job updated: 1298108
	1268  -  MemoryUsage of job (MB)
	1298108  -  ResidentSetSize of job (KB)
...
006 (12494014.003.000) 06/09 05:46:27 Image size of job updated: 2056252
	2009  -  MemoryUsage of job (MB)
	2056252  -  ResidentSetSize of job (KB)
...
006 (12494014.008.000) 06/09 05:46:31 Image size of job updated: 1912616
	1868  -  MemoryUsage of job (MB)
	1912616  -  ResidentSetSize of job (KB)
...
006 (12494014.001.000) 06/09 05:51:21 Image size of job updated: 2618492
	2558  -  MemoryUsage of job (MB)
	2618492  -  ResidentSetSize of job (KB)
...
006 (12494014.002.000) 06/09 05:51:22 Image size of job updated: 2646068
	2585  -  MemoryUsage of job (MB)
	2646068  -  ResidentSetSize of job (KB)
...
006 (12494014.009.000) 06/09 05:51:22 Image size of job updated: 2928460
	2860  -  MemoryUsage of job (MB)
	2928460  -  ResidentSetSize of job (KB)
...
006 (12494014.010.000) 06/09 05:51:22 Image size of job updated: 2538308
	2479  -  MemoryUsage of job (MB)
	2538308  -  ResidentSetSize of job (KB)
...
006 (12494014.004.000) 06/09 05:51:26 Image size of job updated: 1495796
	1461  -  MemoryUsage of job (MB)
	1495796  -  ResidentSetSize of job (KB)
...
006 (12494014.007.000) 06/09 05:51:26 Image size of job updated: 2430900
	2374  -  MemoryUsage of job (MB)
	2430900  -  ResidentSetSize of job (KB)
...
006 (12494014.003.000) 06/09 05:51:28 Image size of job updated: 2620500
	2560  -  MemoryUsage of job (MB)
	2620500  -  ResidentSetSize of job (KB)
...
006 (12494014.008.000) 06/09 05:51:32 Image size of job updated: 2342880
	2288  -  MemoryUsage of job (MB)
	2342880  -  ResidentSetSize of job (KB)
...
006 (12494014.001.000) 06/09 05:56:21 Image size of job updated: 3159060
	3086  -  MemoryUsage of job (MB)
	3159060  -  ResidentSetSize of job (KB)
...
006 (12494014.002.000) 06/09 05:56:22 Image size of job updated: 3208244
	3134  -  MemoryUsage of job (MB)
	3208244  -  ResidentSetSize of job (KB)
...
006 (12494014.009.000) 06/09 05:56:23 Image size of job updated: 3415188
	3336  -  MemoryUsage of job (MB)
	3415188  -  ResidentSetSize of job (KB)
...
006 (12494014.010.000) 06/09 05:56:23 Image size of job updated: 3076260
	3005  -  MemoryUsage of job (MB)
	3076260  -  ResidentSetSize of job (KB)
...
006 (12494014.004.000) 06/09 05:56:26 Image size of job updated: 1710708
	1671  -  MemoryUsage of job (MB)
	1710708  -  ResidentSetSize of job (KB)
...
006 (12494014.007.000) 06/09 05:56:27 Image size of job updated: 2996632
	2927  -  MemoryUsage of job (MB)
	2996632  -  ResidentSetSize of job (KB)
...
006 (12494014.003.000) 06/09 05:56:29 Image size of job updated: 3105292
	3033  -  MemoryUsage of job (MB)
	3105292  -  ResidentSetSize of job (KB)
...
006 (12494014.008.000) 06/09 05:56:32 Image size of job updated: 2900256
	2833  -  MemoryUsage of job (MB)
	2900256  -  ResidentSetSize of job (KB)
...
006 (12494014.001.000) 06/09 06:01:22 Image size of job updated: 3621756
	3537  -  MemoryUsage of job (MB)
	3621756  -  ResidentSetSize of job (KB)
...
006 (12494014.002.000) 06/09 06:01:23 Image size of job updated: 3634568
	3550  -  MemoryUsage of job (MB)
	3634568  -  ResidentSetSize of job (KB)
...
006 (12494014.009.000) 06/09 06:01:23 Image size of job updated: 3913660
	3822  -  MemoryUsage of job (MB)
	3913660  -  ResidentSetSize of job (KB)
...
006 (12494014.010.000) 06/09 06:01:23 Image size of job updated: 3508708
	3427  -  MemoryUsage of job (MB)
	3508708  -  ResidentSetSize of job (KB)
...
040 (12494014.002.000) 06/09 06:01:26 Started transferring output files
...
040 (12494014.002.000) 06/09 06:01:26 Finished transferring output files
...
005 (12494014.002.000) 06/09 06:01:26 Job terminated.
	(1) Normal termination (return value 0)
		Usr 0 00:06:06, Sys 0 00:00:30  -  Run Remote Usage
		Usr 0 00:00:00, Sys 0 00:00:00  -  Run Local Usage
		Usr 0 00:06:06, Sys 0 00:00:30  -  Total Remote Usage
		Usr 0 00:00:00, Sys 0 00:00:00  -  Total Local Usage
	46881  -  Run Bytes Sent By Job
	10856  -  Run Bytes Received By Job
	46881  -  Total Bytes Sent By Job
	10856  -  Total Bytes Received By Job
	Partitionable Resources :    Usage  Request Allocated 
	   Cpus                 :     0.13        4         4 
	   Disk (KB)            :   122           1      3658 
	   GPUs                 :                           0 
	   Memory (MB)          :  3550       12000     12000 

	Job terminated of its own accord at 2025-06-09T04:01:26Z with exit-code 0.
...
006 (12494014.007.000) 06/09 06:01:27 Image size of job updated: 3464928
	3384  -  MemoryUsage of job (MB)
	3464928  -  ResidentSetSize of job (KB)
...
006 (12494014.004.000) 06/09 06:01:27 Image size of job updated: 1918164
	1874  -  MemoryUsage of job (MB)
	1918164  -  ResidentSetSize of job (KB)
...
006 (12494014.003.000) 06/09 06:01:29 Image size of job updated: 3596420
	3513  -  MemoryUsage of job (MB)
	3596420  -  ResidentSetSize of job (KB)
...
006 (12494014.008.000) 06/09 06:01:33 Image size of job updated: 3331724
	3254  -  MemoryUsage of job (MB)
	3331724  -  ResidentSetSize of job (KB)
...
006 (12494014.001.000) 06/09 06:06:22 Image size of job updated: 4052832
	3958  -  MemoryUsage of job (MB)
	4052832  -  ResidentSetSize of job (KB)
...
006 (12494014.009.000) 06/09 06:06:23 Image size of job updated: 4395380
	4293  -  MemoryUsage of job (MB)
	4395380  -  ResidentSetSize of job (KB)
...
006 (12494014.010.000) 06/09 06:06:24 Image size of job updated: 3942296
	3850  -  MemoryUsage of job (MB)
	3942296  -  ResidentSetSize of job (KB)
...
006 (12494014.004.000) 06/09 06:06:28 Image size of job updated: 2117060
	2068  -  MemoryUsage of job (MB)
	2117060  -  ResidentSetSize of job (KB)
...
006 (12494014.007.000) 06/09 06:06:28 Image size of job updated: 3934356
	3843  -  MemoryUsage of job (MB)
	3934356  -  ResidentSetSize of job (KB)
...
006 (12494014.003.000) 06/09 06:06:30 Image size of job updated: 4060044
	3965  -  MemoryUsage of job (MB)
	4060044  -  ResidentSetSize of job (KB)
...
006 (12494014.008.000) 06/09 06:06:34 Image size of job updated: 3788392
	3700  -  MemoryUsage of job (MB)
	3788392  -  ResidentSetSize of job (KB)
...
006 (12494014.001.000) 06/09 06:11:22 Image size of job updated: 4518012
	4413  -  MemoryUsage of job (MB)
	4518012  -  ResidentSetSize of job (KB)
...
006 (12494014.009.000) 06/09 06:11:24 Image size of job updated: 4888356
	4774  -  MemoryUsage of job (MB)
	4888356  -  ResidentSetSize of job (KB)
...
006 (12494014.010.000) 06/09 06:11:25 Image size of job updated: 4404468
	4302  -  MemoryUsage of job (MB)
	4404468  -  ResidentSetSize of job (KB)
...
006 (12494014.004.000) 06/09 06:11:28 Image size of job updated: 2342120
	2288  -  MemoryUsage of job (MB)
	2342120  -  ResidentSetSize of job (KB)
...
006 (12494014.007.000) 06/09 06:11:29 Image size of job updated: 4414808
	4312  -  MemoryUsage of job (MB)
	4414808  -  ResidentSetSize of job (KB)
...
006 (12494014.003.000) 06/09 06:11:31 Image size of job updated: 4544452
	4438  -  MemoryUsage of job (MB)
	4544452  -  ResidentSetSize of job (KB)
...
006 (12494014.008.000) 06/09 06:11:34 Image size of job updated: 4221984
	4124  -  MemoryUsage of job (MB)
	4221984  -  ResidentSetSize of job (KB)
...
040 (12494014.009.000) 06/09 06:14:45 Started transferring output files
...
040 (12494014.009.000) 06/09 06:14:45 Finished transferring output files
...
005 (12494014.009.000) 06/09 06:14:45 Job terminated.
	(1) Normal termination (return value 0)
		Usr 0 00:07:50, Sys 0 00:00:33  -  Run Remote Usage
		Usr 0 00:00:00, Sys 0 00:00:00  -  Run Local Usage
		Usr 0 00:07:50, Sys 0 00:00:33  -  Total Remote Usage
		Usr 0 00:00:00, Sys 0 00:00:00  -  Total Local Usage
	48752  -  Run Bytes Sent By Job
	10856  -  Run Bytes Received By Job
	48752  -  Total Bytes Sent By Job
	10856  -  Total Bytes Received By Job
	Partitionable Resources :    Usage  Request Allocated 
	   Cpus                 :     0.11        4         4 
	   Disk (KB)            :   124           1      3914 
	   GPUs                 :                           0 
	   Memory (MB)          :  4774       12000     12000 

	Job terminated of its own accord at 2025-06-09T04:14:45Z with exit-code 0.
...
006 (12494014.001.000) 06/09 06:16:23 Image size of job updated: 4949904
	4834  -  MemoryUsage of job (MB)
	4949904  -  ResidentSetSize of job (KB)
...
006 (12494014.010.000) 06/09 06:16:25 Image size of job updated: 4838240
	4725  -  MemoryUsage of job (MB)
	4838240  -  ResidentSetSize of job (KB)
...
006 (12494014.004.000) 06/09 06:16:28 Image size of job updated: 2540108
	2481  -  MemoryUsage of job (MB)
	2540108  -  ResidentSetSize of job (KB)
...
006 (12494014.007.000) 06/09 06:16:29 Image size of job updated: 4944744
	4829  -  MemoryUsage of job (MB)
	4944744  -  ResidentSetSize of job (KB)
...
006 (12494014.003.000) 06/09 06:16:31 Image size of job updated: 5077340
	4959  -  MemoryUsage of job (MB)
	5077340  -  ResidentSetSize of job (KB)
...
006 (12494014.008.000) 06/09 06:16:35 Image size of job updated: 4677900
	4569  -  MemoryUsage of job (MB)
	4677900  -  ResidentSetSize of job (KB)
...
006 (12494014.001.000) 06/09 06:21:24 Image size of job updated: 5464992
	5337  -  MemoryUsage of job (MB)
	5464992  -  ResidentSetSize of job (KB)
...
006 (12494014.010.000) 06/09 06:21:25 Image size of job updated: 5355020
	5230  -  MemoryUsage of job (MB)
	5355020  -  ResidentSetSize of job (KB)
...
006 (12494014.004.000) 06/09 06:21:29 Image size of job updated: 2766456
	2702  -  MemoryUsage of job (MB)
	2766456  -  ResidentSetSize of job (KB)
...
006 (12494014.007.000) 06/09 06:21:29 Image size of job updated: 5405204
	5279  -  MemoryUsage of job (MB)
	5405204  -  ResidentSetSize of job (KB)
...
006 (12494014.003.000) 06/09 06:21:32 Image size of job updated: 5559520
	5430  -  MemoryUsage of job (MB)
	5559520  -  ResidentSetSize of job (KB)
...
006 (12494014.008.000) 06/09 06:21:36 Image size of job updated: 5174428
	5054  -  MemoryUsage of job (MB)
	5174428  -  ResidentSetSize of job (KB)
...
006 (12494014.001.000) 06/09 06:26:24 Image size of job updated: 5911616
	5774  -  MemoryUsage of job (MB)
	5911616  -  ResidentSetSize of job (KB)
...
006 (12494014.010.000) 06/09 06:26:26 Image size of job updated: 5796740
	5661  -  MemoryUsage of job (MB)
	5796740  -  ResidentSetSize of job (KB)
...
006 (12494014.004.000) 06/09 06:26:29 Image size of job updated: 3071324
	3000  -  MemoryUsage of job (MB)
	3071324  -  ResidentSetSize of job (KB)
...
006 (12494014.007.000) 06/09 06:26:30 Image size of job updated: 5859568
	5593  -  MemoryUsage of job (MB)
	5726676  -  ResidentSetSize of job (KB)
...
040 (12494014.007.000) 06/09 06:26:32 Started transferring output files
...
040 (12494014.007.000) 06/09 06:26:32 Finished transferring output files
...
005 (12494014.007.000) 06/09 06:26:32 Job terminated.
	(1) Normal termination (return value 0)
		Usr 0 00:10:11, Sys 0 00:00:41  -  Run Remote Usage
		Usr 0 00:00:00, Sys 0 00:00:00  -  Run Local Usage
		Usr 0 00:10:11, Sys 0 00:00:41  -  Total Remote Usage
		Usr 0 00:00:00, Sys 0 00:00:00  -  Total Local Usage
	49905  -  Run Bytes Sent By Job
	10856  -  Run Bytes Received By Job
	49905  -  Total Bytes Sent By Job
	10856  -  Total Bytes Received By Job
	Partitionable Resources :    Usage  Request Allocated 
	   Cpus                 :     0.15        4         4 
	   Disk (KB)            :   125           1      4038 
	   GPUs                 :                           0 
	   Memory (MB)          :  5593       12000     12000 

	Job terminated of its own accord at 2025-06-09T04:26:32Z with exit-code 0.
...
006 (12494014.003.000) 06/09 06:26:33 Image size of job updated: 6047116
	5906  -  MemoryUsage of job (MB)
	6047116  -  ResidentSetSize of job (KB)
...
006 (12494014.008.000) 06/09 06:26:36 Image size of job updated: 5630680
	5499  -  MemoryUsage of job (MB)
	5630680  -  ResidentSetSize of job (KB)
...
006 (12494014.001.000) 06/09 06:31:24 Image size of job updated: 6346976
	6199  -  MemoryUsage of job (MB)
	6346976  -  ResidentSetSize of job (KB)
...
006 (12494014.010.000) 06/09 06:31:26 Image size of job updated: 6227524
	6082  -  MemoryUsage of job (MB)
	6227524  -  ResidentSetSize of job (KB)
...
006 (12494014.004.000) 06/09 06:31:29 Image size of job updated: 3272244
	3196  -  MemoryUsage of job (MB)
	3272244  -  ResidentSetSize of job (KB)
...
006 (12494014.003.000) 06/09 06:31:33 Image size of job updated: 6516928
	6365  -  MemoryUsage of job (MB)
	6516928  -  ResidentSetSize of job (KB)
...
006 (12494014.008.000) 06/09 06:31:36 Image size of job updated: 6058344
	5917  -  MemoryUsage of job (MB)
	6058344  -  ResidentSetSize of job (KB)
...
006 (12494014.003.000) 06/09 06:33:44 Image size of job updated: 6703940
	6365  -  MemoryUsage of job (MB)
	6516972  -  ResidentSetSize of job (KB)
...
040 (12494014.003.000) 06/09 06:33:44 Started transferring output files
...
040 (12494014.003.000) 06/09 06:33:44 Finished transferring output files
...
005 (12494014.003.000) 06/09 06:33:45 Job terminated.
	(1) Normal termination (return value 0)
		Usr 0 00:11:52, Sys 0 00:00:53  -  Run Remote Usage
		Usr 0 00:00:00, Sys 0 00:00:00  -  Run Local Usage
		Usr 0 00:11:52, Sys 0 00:00:53  -  Total Remote Usage
		Usr 0 00:00:00, Sys 0 00:00:00  -  Total Local Usage
	50996  -  Run Bytes Sent By Job
	10856  -  Run Bytes Received By Job
	50996  -  Total Bytes Sent By Job
	10856  -  Total Bytes Received By Job
	Partitionable Resources :    Usage  Request Allocated 
	   Cpus                 :     0.40        4         4 
	   Disk (KB)            :   127           1      3869 
	   GPUs                 :                           0 
	   Memory (MB)          :  6365       12000     12000 

	Job terminated of its own accord at 2025-06-09T04:33:44Z with exit-code 0.
...
006 (12494014.001.000) 06/09 06:36:25 Image size of job updated: 6805240
	6646  -  MemoryUsage of job (MB)
	6805240  -  ResidentSetSize of job (KB)
...
006 (12494014.010.000) 06/09 06:36:26 Image size of job updated: 6693616
	6537  -  MemoryUsage of job (MB)
	6693616  -  ResidentSetSize of job (KB)
...
006 (12494014.004.000) 06/09 06:36:30 Image size of job updated: 3494288
	3413  -  MemoryUsage of job (MB)
	3494288  -  ResidentSetSize of job (KB)
...
006 (12494014.008.000) 06/09 06:36:37 Image size of job updated: 6487372
	6336  -  MemoryUsage of job (MB)
	6487372  -  ResidentSetSize of job (KB)
...
006 (12494014.001.000) 06/09 06:41:25 Image size of job updated: 7239228
	7070  -  MemoryUsage of job (MB)
	7239228  -  ResidentSetSize of job (KB)
...
006 (12494014.010.000) 06/09 06:41:27 Image size of job updated: 7119528
	6953  -  MemoryUsage of job (MB)
	7119528  -  ResidentSetSize of job (KB)
...
006 (12494014.004.000) 06/09 06:41:31 Image size of job updated: 3695576
	3609  -  MemoryUsage of job (MB)
	3695576  -  ResidentSetSize of job (KB)
...
006 (12494014.008.000) 06/09 06:41:37 Image size of job updated: 6942160
	6780  -  MemoryUsage of job (MB)
	6942160  -  ResidentSetSize of job (KB)
...
040 (12494014.010.000) 06/09 06:44:17 Started transferring output files
...
040 (12494014.010.000) 06/09 06:44:17 Finished transferring output files
...
005 (12494014.010.000) 06/09 06:44:17 Job terminated.
	(1) Normal termination (return value 0)
		Usr 0 00:13:14, Sys 0 00:01:05  -  Run Remote Usage
		Usr 0 00:00:00, Sys 0 00:00:00  -  Run Local Usage
		Usr 0 00:13:14, Sys 0 00:01:05  -  Total Remote Usage
		Usr 0 00:00:00, Sys 0 00:00:00  -  Total Local Usage
	51434  -  Run Bytes Sent By Job
	10856  -  Run Bytes Received By Job
	51434  -  Total Bytes Sent By Job
	10856  -  Total Bytes Received By Job
	Partitionable Resources :    Usage  Request Allocated 
	   Cpus                 :     0.23        4         4 
	   Disk (KB)            :   127           1      3785 
	   GPUs                 :                           0 
	   Memory (MB)          :  6953       12000     12000 

	Job terminated of its own accord at 2025-06-09T04:44:17Z with exit-code 0.
...
006 (12494014.001.000) 06/09 06:46:25 Image size of job updated: 7700224
	7520  -  MemoryUsage of job (MB)
	7700224  -  ResidentSetSize of job (KB)
...
006 (12494014.004.000) 06/09 06:46:31 Image size of job updated: 3921048
	3830  -  MemoryUsage of job (MB)
	3921048  -  ResidentSetSize of job (KB)
...
006 (12494014.008.000) 06/09 06:46:37 Image size of job updated: 7373064
	7201  -  MemoryUsage of job (MB)
	7373064  -  ResidentSetSize of job (KB)
...
006 (12494014.001.000) 06/09 06:51:26 Image size of job updated: 8135032
	7945  -  MemoryUsage of job (MB)
	8135032  -  ResidentSetSize of job (KB)
...
006 (12494014.004.000) 06/09 06:51:32 Image size of job updated: 4119080
	4023  -  MemoryUsage of job (MB)
	4119080  -  ResidentSetSize of job (KB)
...
006 (12494014.008.000) 06/09 06:51:38 Image size of job updated: 7829108
	7646  -  MemoryUsage of job (MB)
	7829108  -  ResidentSetSize of job (KB)
...
006 (12494014.001.000) 06/09 06:56:27 Image size of job updated: 8593260
	8392  -  MemoryUsage of job (MB)
	8593260  -  ResidentSetSize of job (KB)
...
006 (12494014.004.000) 06/09 06:56:33 Image size of job updated: 4344904
	4244  -  MemoryUsage of job (MB)
	4344904  -  ResidentSetSize of job (KB)
...
006 (12494014.008.000) 06/09 06:56:38 Image size of job updated: 8258736
	8066  -  MemoryUsage of job (MB)
	8258736  -  ResidentSetSize of job (KB)
...
006 (12494014.001.000) 06/09 07:01:27 Image size of job updated: 8750440
	8546  -  MemoryUsage of job (MB)
	8750440  -  ResidentSetSize of job (KB)
...
006 (12494014.008.000) 06/09 07:01:38 Image size of job updated: 8713448
	8510  -  MemoryUsage of job (MB)
	8713448  -  ResidentSetSize of job (KB)
...
006 (12494014.001.000) 06/09 07:06:27 Image size of job updated: 9210036
	8995  -  MemoryUsage of job (MB)
	9210036  -  ResidentSetSize of job (KB)
...
006 (12494014.004.000) 06/09 07:06:33 Image size of job updated: 4475816
	4371  -  MemoryUsage of job (MB)
	4475816  -  ResidentSetSize of job (KB)
...
006 (12494014.008.000) 06/09 07:06:39 Image size of job updated: 9142676
	8929  -  MemoryUsage of job (MB)
	9142676  -  ResidentSetSize of job (KB)
...
006 (12494014.001.000) 06/09 07:11:28 Image size of job updated: 9643948
	9418  -  MemoryUsage of job (MB)
	9643948  -  ResidentSetSize of job (KB)
...
006 (12494014.004.000) 06/09 07:11:34 Image size of job updated: 4674748
	4566  -  MemoryUsage of job (MB)
	4674748  -  ResidentSetSize of job (KB)
...
006 (12494014.008.000) 06/09 07:11:40 Image size of job updated: 9568696
	9345  -  MemoryUsage of job (MB)
	9568696  -  ResidentSetSize of job (KB)
...
006 (12494014.001.000) 06/09 07:16:29 Image size of job updated: 10104296
	9868  -  MemoryUsage of job (MB)
	10104296  -  ResidentSetSize of job (KB)
...
006 (12494014.004.000) 06/09 07:16:34 Image size of job updated: 4947264
	4832  -  MemoryUsage of job (MB)
	4947264  -  ResidentSetSize of job (KB)
...
006 (12494014.008.000) 06/09 07:16:40 Image size of job updated: 10024228
	9790  -  MemoryUsage of job (MB)
	10024228  -  ResidentSetSize of job (KB)
...
006 (12494014.001.000) 06/09 07:21:29 Image size of job updated: 10537744
	10291  -  MemoryUsage of job (MB)
	10537744  -  ResidentSetSize of job (KB)
...
006 (12494014.004.000) 06/09 07:21:34 Image size of job updated: 5169908
	5049  -  MemoryUsage of job (MB)
	5169908  -  ResidentSetSize of job (KB)
...
006 (12494014.008.000) 06/09 07:21:41 Image size of job updated: 10453072
	10209  -  MemoryUsage of job (MB)
	10453072  -  ResidentSetSize of job (KB)
...
006 (12494014.008.000) 06/09 07:22:44 Image size of job updated: 10516492
	10209  -  MemoryUsage of job (MB)
	10453072  -  ResidentSetSize of job (KB)
...
040 (12494014.008.000) 06/09 07:22:44 Started transferring output files
...
040 (12494014.008.000) 06/09 07:22:44 Finished transferring output files
...
005 (12494014.008.000) 06/09 07:22:44 Job terminated.
	(1) Normal termination (return value 0)
		Usr 0 00:19:20, Sys 0 00:01:23  -  Run Remote Usage
		Usr 0 00:00:00, Sys 0 00:00:00  -  Run Local Usage
		Usr 0 00:19:20, Sys 0 00:01:23  -  Total Remote Usage
		Usr 0 00:00:00, Sys 0 00:00:00  -  Total Local Usage
	55814  -  Run Bytes Sent By Job
	10856  -  Run Bytes Received By Job
	55814  -  Total Bytes Sent By Job
	10856  -  Total Bytes Received By Job
	Partitionable Resources :    Usage  Request Allocated 
	   Cpus                 :     0.11        4         4 
	   Disk (KB)            :   131           1      3963 
	   GPUs                 :                           0 
	   Memory (MB)          : 10209       12000     12000 

	Job terminated of its own accord at 2025-06-09T05:22:44Z with exit-code 0.
...
006 (12494014.001.000) 06/09 07:26:30 Image size of job updated: 10998304
	10741  -  MemoryUsage of job (MB)
	10998304  -  ResidentSetSize of job (KB)
...
006 (12494014.004.000) 06/09 07:26:35 Image size of job updated: 5368188
	5243  -  MemoryUsage of job (MB)
	5368188  -  ResidentSetSize of job (KB)
...
006 (12494014.001.000) 06/09 07:26:55 Image size of job updated: 10998304
	10741  -  MemoryUsage of job (MB)
	10998560  -  ResidentSetSize of job (KB)
...
040 (12494014.001.000) 06/09 07:26:55 Started transferring output files
...
040 (12494014.001.000) 06/09 07:26:55 Finished transferring output files
...
005 (12494014.001.000) 06/09 07:26:55 Job terminated.
	(1) Normal termination (return value 0)
		Usr 0 00:19:46, Sys 0 00:01:23  -  Run Remote Usage
		Usr 0 00:00:00, Sys 0 00:00:00  -  Run Local Usage
		Usr 0 00:19:46, Sys 0 00:01:23  -  Total Remote Usage
		Usr 0 00:00:00, Sys 0 00:00:00  -  Total Local Usage
	56396  -  Run Bytes Sent By Job
	10856  -  Run Bytes Received By Job
	56396  -  Total Bytes Sent By Job
	10856  -  Total Bytes Received By Job
	Partitionable Resources :    Usage  Request Allocated 
	   Cpus                 :     0.14        4         4 
	   Disk (KB)            :   132           1      3914 
	   GPUs                 :                           0 
	   Memory (MB)          : 10741       12000     12000 

	Job terminated of its own accord at 2025-06-09T05:26:55Z with exit-code 0.
...
006 (12494014.004.000) 06/09 07:31:35 Image size of job updated: 5593900
	5463  -  MemoryUsage of job (MB)
	5593900  -  ResidentSetSize of job (KB)
...
040 (12494014.004.000) 06/09 07:34:39 Started transferring output files
...
040 (12494014.004.000) 06/09 07:34:39 Finished transferring output files
...
005 (12494014.004.000) 06/09 07:34:39 Job terminated.
	(1) Normal termination (return value 0)
		Usr 0 00:10:38, Sys 0 00:00:42  -  Run Remote Usage
		Usr 0 00:00:00, Sys 0 00:00:00  -  Run Local Usage
		Usr 0 00:10:38, Sys 0 00:00:42  -  Total Remote Usage
		Usr 0 00:00:00, Sys 0 00:00:00  -  Total Local Usage
	49689  -  Run Bytes Sent By Job
	10856  -  Run Bytes Received By Job
	49689  -  Total Bytes Sent By Job
	10856  -  Total Bytes Received By Job
	Partitionable Resources :    Usage  Request Allocated 
	   Cpus                 :     0.15        4         4 
	   Disk (KB)            :   125           1      3858 
	   GPUs                 :                           0 
	   Memory (MB)          :  5463       12000     12000 

	Job terminated of its own accord at 2025-06-09T05:34:39Z with exit-code 0.
...
