000 (12419566.000.000) 06/02 22:03:37 Job submitted from host: <188.185.114.121:9618?addrs=188.185.114.121-9618+[2001-1458-d00-a--100-273]-9618&alias=bigbird19.cern.ch&noUDP&sock=schedd_2045_4743>
...
000 (12419566.001.000) 06/02 22:03:37 Job submitted from host: <188.185.114.121:9618?addrs=188.185.114.121-9618+[2001-1458-d00-a--100-273]-9618&alias=bigbird19.cern.ch&noUDP&sock=schedd_2045_4743>
...
000 (12419566.002.000) 06/02 22:03:37 Job submitted from host: <188.185.114.121:9618?addrs=188.185.114.121-9618+[2001-1458-d00-a--100-273]-9618&alias=bigbird19.cern.ch&noUDP&sock=schedd_2045_4743>
...
000 (12419566.003.000) 06/02 22:03:37 Job submitted from host: <188.185.114.121:9618?addrs=188.185.114.121-9618+[2001-1458-d00-a--100-273]-9618&alias=bigbird19.cern.ch&noUDP&sock=schedd_2045_4743>
...
000 (12419566.004.000) 06/02 22:03:37 Job submitted from host: <188.185.114.121:9618?addrs=188.185.114.121-9618+[2001-1458-d00-a--100-273]-9618&alias=bigbird19.cern.ch&noUDP&sock=schedd_2045_4743>
...
000 (12419566.005.000) 06/02 22:03:37 Job submitted from host: <188.185.114.121:9618?addrs=188.185.114.121-9618+[2001-1458-d00-a--100-273]-9618&alias=bigbird19.cern.ch&noUDP&sock=schedd_2045_4743>
...
000 (12419566.006.000) 06/02 22:03:37 Job submitted from host: <188.185.114.121:9618?addrs=188.185.114.121-9618+[2001-1458-d00-a--100-273]-9618&alias=bigbird19.cern.ch&noUDP&sock=schedd_2045_4743>
...
000 (12419566.007.000) 06/02 22:03:37 Job submitted from host: <188.185.114.121:9618?addrs=188.185.114.121-9618+[2001-1458-d00-a--100-273]-9618&alias=bigbird19.cern.ch&noUDP&sock=schedd_2045_4743>
...
000 (12419566.008.000) 06/02 22:03:37 Job submitted from host: <188.185.114.121:9618?addrs=188.185.114.121-9618+[2001-1458-d00-a--100-273]-9618&alias=bigbird19.cern.ch&noUDP&sock=schedd_2045_4743>
...
000 (12419566.009.000) 06/02 22:03:37 Job submitted from host: <188.185.114.121:9618?addrs=188.185.114.121-9618+[2001-1458-d00-a--100-273]-9618&alias=bigbird19.cern.ch&noUDP&sock=schedd_2045_4743>
...
000 (12419566.010.000) 06/02 22:03:37 Job submitted from host: <188.185.114.121:9618?addrs=188.185.114.121-9618+[2001-1458-d00-a--100-273]-9618&alias=bigbird19.cern.ch&noUDP&sock=schedd_2045_4743>
...
040 (12419566.001.000) 06/02 22:54:54 Entered queue to transfer input files
	Transferring to host: <188.185.210.145:9618?addrs=188.185.210.145-9618+[2001-1458-303-15--100-d]-9618&alias=b9p22p1386.cern.ch&noUDP&sock=slot1_2_8404_20cf_645>
...
040 (12419566.005.000) 06/02 22:54:55 Entered queue to transfer input files
	Transferring to host: <188.185.211.197:9618?addrs=188.185.211.197-9618+[2001-1458-303-17--100-41]-9618&alias=b9p24p6664.cern.ch&noUDP&sock=slot1_7_8390_438e_686>
...
040 (12419566.002.000) 06/02 22:54:55 Entered queue to transfer input files
	Transferring to host: <188.185.214.151:9618?addrs=188.185.214.151-9618+[2001-1458-303-1d--100-13]-9618&alias=b9p30p9744.cern.ch&noUDP&sock=slot1_21_8454_5b91_622>
...
040 (12419566.003.000) 06/02 22:54:55 Entered queue to transfer input files
	Transferring to host: <188.185.205.211:9618?addrs=188.185.205.211-9618+[2001-1458-303-a--100-50]-9618&alias=b9p04p3844.cern.ch&noUDP&sock=slot1_3_9403_0397_842>
...
040 (12419566.007.000) 06/02 22:54:56 Entered queue to transfer input files
	Transferring to host: <128.142.33.206:9618?addrs=128.142.33.206-9618+[2001-1458-301-39--100-b]-9618&alias=b9g24p1210.cern.ch&noUDP&sock=slot1_10_552052_532a_53374>
...
040 (12419566.006.000) 06/02 22:54:56 Entered queue to transfer input files
	Transferring to host: <128.142.240.103:9618?addrs=128.142.240.103-9618+[2001-1458-301-11--100-67]-9618&alias=b9g29p7607.cern.ch&noUDP&sock=slot1_1_22995_cec0_8224>
...
040 (12419566.008.000) 06/02 22:54:56 Entered queue to transfer input files
	Transferring to host: <188.185.195.70:9618?addrs=188.185.195.70-9618+[2001-1458-303-22--100-42]-9618&alias=b9p17p2904.cern.ch&noUDP&sock=slot1_11_8824_0e60_655>
...
040 (12419566.004.000) 06/02 22:54:56 Entered queue to transfer input files
	Transferring to host: <188.185.209.87:9618?addrs=188.185.209.87-9618+[2001-1458-303-11--100-54]-9618&alias=b9p11p2849.cern.ch&noUDP&sock=slot1_20_9083_8b8a_745>
...
040 (12419566.009.000) 06/02 22:54:57 Entered queue to transfer input files
	Transferring to host: <188.185.194.100:9618?addrs=188.185.194.100-9618+[2001-1458-303-21--100-60]-9618&alias=b9p20p2262.cern.ch&noUDP&sock=slot1_5_4115_23c0_668>
...
040 (12419566.010.000) 06/02 22:54:58 Entered queue to transfer input files
	Transferring to host: <128.142.192.169:9618?addrs=128.142.192.169-9618+[2001-1458-301-56--100-25]-9618&alias=b9g18p4493.cern.ch&noUDP&sock=slot1_3_3331185_ef7f_20806>
...
040 (12419566.000.000) 06/02 22:55:17 Entered queue to transfer input files
	Transferring to host: <188.185.211.38:9618?addrs=188.185.211.38-9618+[2001-1458-303-16--100-22]-9618&alias=b9p23p5517.cern.ch&noUDP&sock=slot1_4_8452_f2d1_655>
...
040 (12419566.001.000) 06/02 23:18:41 Started transferring input files
	Seconds spent in queue: 1427
...
040 (12419566.005.000) 06/02 23:18:41 Started transferring input files
	Seconds spent in queue: 1426
...
040 (12419566.002.000) 06/02 23:18:41 Started transferring input files
	Seconds spent in queue: 1426
...
040 (12419566.003.000) 06/02 23:18:41 Started transferring input files
	Seconds spent in queue: 1426
...
040 (12419566.007.000) 06/02 23:18:41 Started transferring input files
	Seconds spent in queue: 1425
...
040 (12419566.006.000) 06/02 23:18:41 Started transferring input files
	Seconds spent in queue: 1425
...
040 (12419566.005.000) 06/02 23:18:41 Finished transferring input files
...
040 (12419566.001.000) 06/02 23:18:41 Finished transferring input files
...
040 (12419566.002.000) 06/02 23:18:41 Finished transferring input files
...
040 (12419566.003.000) 06/02 23:18:41 Finished transferring input files
...
040 (12419566.007.000) 06/02 23:18:41 Finished transferring input files
...
040 (12419566.006.000) 06/02 23:18:41 Finished transferring input files
...
040 (12419566.004.000) 06/02 23:18:41 Started transferring input files
	Seconds spent in queue: 1425
...
040 (12419566.008.000) 06/02 23:18:41 Started transferring input files
	Seconds spent in queue: 1425
...
040 (12419566.004.000) 06/02 23:18:41 Finished transferring input files
...
040 (12419566.009.000) 06/02 23:18:41 Started transferring input files
	Seconds spent in queue: 1424
...
040 (12419566.008.000) 06/02 23:18:41 Finished transferring input files
...
040 (12419566.009.000) 06/02 23:18:41 Finished transferring input files
...
040 (12419566.010.000) 06/02 23:18:41 Started transferring input files
	Seconds spent in queue: 1423
...
040 (12419566.010.000) 06/02 23:18:41 Finished transferring input files
...
040 (12419566.000.000) 06/02 23:18:41 Started transferring input files
	Seconds spent in queue: 1404
...
040 (12419566.000.000) 06/02 23:18:41 Finished transferring input files
...
001 (12419566.005.000) 06/02 23:18:42 Job executing on host: <188.185.211.197:9618?addrs=188.185.211.197-9618+[2001-1458-303-17--100-41]-9618&alias=b9p24p6664.cern.ch&noUDP&sock=startd_8329_9467>
	SlotName: slot1_7@b9p24p6664.cern.ch
	CondorScratchDir = "/pool/condor/dir_1619966"
	Cpus = 4
	Disk = 3858
	GPUs = 0
	Memory = 12000
...
001 (12419566.001.000) 06/02 23:18:42 Job executing on host: <188.185.210.145:9618?addrs=188.185.210.145-9618+[2001-1458-303-15--100-d]-9618&alias=b9p22p1386.cern.ch&noUDP&sock=startd_8240_8879>
	SlotName: slot1_2@b9p22p1386.cern.ch
	CondorScratchDir = "/pool/condor/dir_1456259"
	Cpus = 4
	Disk = 3360
	GPUs = 0
	Memory = 12000
...
001 (12419566.002.000) 06/02 23:18:42 Job executing on host: <188.185.214.151:9618?addrs=188.185.214.151-9618+[2001-1458-303-1d--100-13]-9618&alias=b9p30p9744.cern.ch&noUDP&sock=startd_8325_d606>
	SlotName: slot1_21@b9p30p9744.cern.ch
	CondorScratchDir = "/pool/condor/dir_1071808"
	Cpus = 4
	Disk = 3589
	GPUs = 0
	Memory = 12000
...
001 (12419566.003.000) 06/02 23:18:42 Job executing on host: <188.185.205.211:9618?addrs=188.185.205.211-9618+[2001-1458-303-a--100-50]-9618&alias=b9p04p3844.cern.ch&noUDP&sock=startd_9351_9631>
	SlotName: slot1_3@b9p04p3844.cern.ch
	CondorScratchDir = "/pool/condor/dir_3249963"
	Cpus = 4
	Disk = 3674
	GPUs = 0
	Memory = 12000
...
001 (12419566.006.000) 06/02 23:18:42 Job executing on host: <128.142.240.103:9618?addrs=128.142.240.103-9618+[2001-1458-301-11--100-67]-9618&alias=b9g29p7607.cern.ch&noUDP&sock=startd_3309367_1442>
	SlotName: slot1_1@b9g29p7607.cern.ch
	CondorScratchDir = "/pool/condor/dir_3561112"
	Cpus = 4
	Disk = 3747
	GPUs = 0
	Memory = 12000
...
001 (12419566.007.000) 06/02 23:18:42 Job executing on host: <128.142.33.206:9618?addrs=128.142.33.206-9618+[2001-1458-301-39--100-b]-9618&alias=b9g24p1210.cern.ch&noUDP&sock=startd_2526_3451>
	SlotName: slot1_10@b9g24p1210.cern.ch
	CondorScratchDir = "/pool/condor/dir_2980115"
	Cpus = 4
	Disk = 3802
	GPUs = 0
	Memory = 12000
...
001 (12419566.004.000) 06/02 23:18:42 Job executing on host: <188.185.209.87:9618?addrs=188.185.209.87-9618+[2001-1458-303-11--100-54]-9618&alias=b9p11p2849.cern.ch&noUDP&sock=startd_9035_d644>
	SlotName: slot1_20@b9p11p2849.cern.ch
	CondorScratchDir = "/pool/condor/dir_3861835"
	Cpus = 4
	Disk = 3667
	GPUs = 0
	Memory = 12000
...
001 (12419566.008.000) 06/02 23:18:42 Job executing on host: <188.185.195.70:9618?addrs=188.185.195.70-9618+[2001-1458-303-22--100-42]-9618&alias=b9p17p2904.cern.ch&noUDP&sock=startd_8767_02e2>
	SlotName: slot1_11@b9p17p2904.cern.ch
	CondorScratchDir = "/pool/condor/dir_1003942"
	Cpus = 4
	Disk = 3925
	GPUs = 0
	Memory = 12000
...
001 (12419566.009.000) 06/02 23:18:42 Job executing on host: <188.185.194.100:9618?addrs=188.185.194.100-9618+[2001-1458-303-21--100-60]-9618&alias=b9p20p2262.cern.ch&noUDP&sock=startd_2697_7f03>
	SlotName: slot1_5@b9p20p2262.cern.ch
	CondorScratchDir = "/pool/condor/dir_2937507"
	Cpus = 4
	Disk = 3857
	GPUs = 0
	Memory = 12000
...
001 (12419566.010.000) 06/02 23:18:42 Job executing on host: <128.142.192.169:9618?addrs=128.142.192.169-9618+[2001-1458-301-56--100-25]-9618&alias=b9g18p4493.cern.ch&noUDP&sock=startd_3135_ed7e>
	SlotName: slot1_3@b9g18p4493.cern.ch
	CondorScratchDir = "/pool/condor/dir_1004949"
	Cpus = 4
	Disk = 3798
	GPUs = 0
	Memory = 12000
...
001 (12419566.000.000) 06/02 23:18:42 Job executing on host: <188.185.211.38:9618?addrs=188.185.211.38-9618+[2001-1458-303-16--100-22]-9618&alias=b9p23p5517.cern.ch&noUDP&sock=startd_8394_2a0f>
	SlotName: slot1_4@b9p23p5517.cern.ch
	CondorScratchDir = "/pool/condor/dir_806436"
	Cpus = 4
	Disk = 3623
	GPUs = 0
	Memory = 12000
...
006 (12419566.005.000) 06/02 23:18:50 Image size of job updated: 119400
	117  -  MemoryUsage of job (MB)
	119400  -  ResidentSetSize of job (KB)
...
006 (12419566.009.000) 06/02 23:18:50 Image size of job updated: 24020
	24  -  MemoryUsage of job (MB)
	24020  -  ResidentSetSize of job (KB)
...
006 (12419566.006.000) 06/02 23:18:50 Image size of job updated: 27524
	27  -  MemoryUsage of job (MB)
	27524  -  ResidentSetSize of job (KB)
...
006 (12419566.008.000) 06/02 23:18:50 Image size of job updated: 100940
	99  -  MemoryUsage of job (MB)
	100940  -  ResidentSetSize of job (KB)
...
006 (12419566.002.000) 06/02 23:18:50 Image size of job updated: 13896
	14  -  MemoryUsage of job (MB)
	13896  -  ResidentSetSize of job (KB)
...
006 (12419566.001.000) 06/02 23:18:50 Image size of job updated: 121948
	120  -  MemoryUsage of job (MB)
	121948  -  ResidentSetSize of job (KB)
...
006 (12419566.000.000) 06/02 23:18:50 Image size of job updated: 23240
	23  -  MemoryUsage of job (MB)
	23240  -  ResidentSetSize of job (KB)
...
006 (12419566.007.000) 06/02 23:18:50 Image size of job updated: 207684
	203  -  MemoryUsage of job (MB)
	207684  -  ResidentSetSize of job (KB)
...
006 (12419566.003.000) 06/02 23:18:55 Image size of job updated: 14584
	2  -  MemoryUsage of job (MB)
	1412  -  ResidentSetSize of job (KB)
...
006 (12419566.004.000) 06/02 23:18:55 Image size of job updated: 14288
	2  -  MemoryUsage of job (MB)
	1304  -  ResidentSetSize of job (KB)
...
006 (12419566.010.000) 06/02 23:18:55 Image size of job updated: 24352
	24  -  MemoryUsage of job (MB)
	24352  -  ResidentSetSize of job (KB)
...
006 (12419566.005.000) 06/02 23:19:40 Image size of job updated: 119400
	118  -  MemoryUsage of job (MB)
	120680  -  ResidentSetSize of job (KB)
...
040 (12419566.005.000) 06/02 23:19:40 Started transferring output files
	Seconds spent in queue: 1485
...
040 (12419566.005.000) 06/02 23:19:40 Finished transferring output files
...
005 (12419566.005.000) 06/02 23:19:40 Job terminated.
	(1) Normal termination (return value 0)
		Usr 0 00:00:07, Sys 0 00:00:02  -  Run Remote Usage
		Usr 0 00:00:00, Sys 0 00:00:00  -  Run Local Usage
		Usr 0 00:00:07, Sys 0 00:00:02  -  Total Remote Usage
		Usr 0 00:00:00, Sys 0 00:00:00  -  Total Local Usage
	42840  -  Run Bytes Sent By Job
	10836  -  Run Bytes Received By Job
	42840  -  Total Bytes Sent By Job
	10836  -  Total Bytes Received By Job
	Partitionable Resources :    Usage  Request Allocated 
	   Cpus                 :        0        4         4 
	   Disk (KB)            :      118        1      3858 
	   GPUs                 :                           0 
	   Memory (MB)          :      118    12000     12000 

	Job terminated of its own accord at 2025-06-02T21:19:40Z with exit-code 0.
...
006 (12419566.007.000) 06/02 23:19:59 Image size of job updated: 207684
	240  -  MemoryUsage of job (MB)
	245572  -  ResidentSetSize of job (KB)
...
040 (12419566.007.000) 06/02 23:19:59 Started transferring output files
	Seconds spent in queue: 1503
...
040 (12419566.007.000) 06/02 23:19:59 Finished transferring output files
...
005 (12419566.007.000) 06/02 23:19:59 Job terminated.
	(1) Normal termination (return value 0)
		Usr 0 00:00:10, Sys 0 00:00:02  -  Run Remote Usage
		Usr 0 00:00:00, Sys 0 00:00:00  -  Run Local Usage
		Usr 0 00:00:10, Sys 0 00:00:02  -  Total Remote Usage
		Usr 0 00:00:00, Sys 0 00:00:00  -  Total Local Usage
	42856  -  Run Bytes Sent By Job
	10836  -  Run Bytes Received By Job
	42856  -  Total Bytes Sent By Job
	10836  -  Total Bytes Received By Job
	Partitionable Resources :    Usage  Request Allocated 
	   Cpus                 :        0        4         4 
	   Disk (KB)            :      118        1      3802 
	   GPUs                 :                           0 
	   Memory (MB)          :      240    12000     12000 

	Job terminated of its own accord at 2025-06-02T21:19:59Z with exit-code 0.
...
006 (12419566.003.000) 06/02 23:20:20 Image size of job updated: 175872
	2  -  MemoryUsage of job (MB)
	1412  -  ResidentSetSize of job (KB)
...
040 (12419566.003.000) 06/02 23:20:20 Started transferring output files
	Seconds spent in queue: 1525
...
040 (12419566.003.000) 06/02 23:20:20 Finished transferring output files
...
005 (12419566.003.000) 06/02 23:20:20 Job terminated.
	(1) Normal termination (return value 0)
		Usr 0 00:00:09, Sys 0 00:00:02  -  Run Remote Usage
		Usr 0 00:00:00, Sys 0 00:00:00  -  Run Local Usage
		Usr 0 00:00:09, Sys 0 00:00:02  -  Total Remote Usage
		Usr 0 00:00:00, Sys 0 00:00:00  -  Total Local Usage
	42840  -  Run Bytes Sent By Job
	10836  -  Run Bytes Received By Job
	42840  -  Total Bytes Sent By Job
	10836  -  Total Bytes Received By Job
	Partitionable Resources :    Usage  Request Allocated 
	   Cpus                 :        0        4         4 
	   Disk (KB)            :      121        1      3674 
	   GPUs                 :                           0 
	   Memory (MB)          :        2    12000     12000 

	Job terminated of its own accord at 2025-06-02T21:20:20Z with exit-code 0.
...
006 (12419566.001.000) 06/02 23:20:49 Image size of job updated: 121948
	124  -  MemoryUsage of job (MB)
	126748  -  ResidentSetSize of job (KB)
...
040 (12419566.001.000) 06/02 23:20:49 Started transferring output files
	Seconds spent in queue: 1555
...
040 (12419566.001.000) 06/02 23:20:49 Finished transferring output files
...
005 (12419566.001.000) 06/02 23:20:49 Job terminated.
	(1) Normal termination (return value 0)
		Usr 0 00:00:15, Sys 0 00:00:03  -  Run Remote Usage
		Usr 0 00:00:00, Sys 0 00:00:00  -  Run Local Usage
		Usr 0 00:00:15, Sys 0 00:00:03  -  Total Remote Usage
		Usr 0 00:00:00, Sys 0 00:00:00  -  Total Local Usage
	42901  -  Run Bytes Sent By Job
	10836  -  Run Bytes Received By Job
	42901  -  Total Bytes Sent By Job
	10836  -  Total Bytes Received By Job
	Partitionable Resources :    Usage  Request Allocated 
	   Cpus                 :     0.08        4         4 
	   Disk (KB)            :   118           1      3360 
	   GPUs                 :                           0 
	   Memory (MB)          :   124       12000     12000 

	Job terminated of its own accord at 2025-06-02T21:20:49Z with exit-code 0.
...
006 (12419566.010.000) 06/02 23:20:58 Image size of job updated: 212692
	24  -  MemoryUsage of job (MB)
	24352  -  ResidentSetSize of job (KB)
...
040 (12419566.010.000) 06/02 23:20:58 Started transferring output files
	Seconds spent in queue: 1560
...
040 (12419566.010.000) 06/02 23:20:58 Finished transferring output files
...
005 (12419566.010.000) 06/02 23:20:58 Job terminated.
	(1) Normal termination (return value 0)
		Usr 0 00:00:15, Sys 0 00:00:02  -  Run Remote Usage
		Usr 0 00:00:00, Sys 0 00:00:00  -  Run Local Usage
		Usr 0 00:00:15, Sys 0 00:00:02  -  Total Remote Usage
		Usr 0 00:00:00, Sys 0 00:00:00  -  Total Local Usage
	42842  -  Run Bytes Sent By Job
	10836  -  Run Bytes Received By Job
	42842  -  Total Bytes Sent By Job
	10836  -  Total Bytes Received By Job
	Partitionable Resources :    Usage  Request Allocated 
	   Cpus                 :     0.41        4         4 
	   Disk (KB)            :   118           1      3798 
	   GPUs                 :                           0 
	   Memory (MB)          :    24       12000     12000 

	Job terminated of its own accord at 2025-06-02T21:20:58Z with exit-code 0.
...
006 (12419566.004.000) 06/02 23:21:15 Image size of job updated: 340732
	2  -  MemoryUsage of job (MB)
	1304  -  ResidentSetSize of job (KB)
...
040 (12419566.004.000) 06/02 23:21:15 Started transferring output files
	Seconds spent in queue: 1579
...
040 (12419566.004.000) 06/02 23:21:15 Finished transferring output files
...
005 (12419566.004.000) 06/02 23:21:15 Job terminated.
	(1) Normal termination (return value 0)
		Usr 0 00:00:16, Sys 0 00:00:03  -  Run Remote Usage
		Usr 0 00:00:00, Sys 0 00:00:00  -  Run Local Usage
		Usr 0 00:00:16, Sys 0 00:00:03  -  Total Remote Usage
		Usr 0 00:00:00, Sys 0 00:00:00  -  Total Local Usage
	42901  -  Run Bytes Sent By Job
	10836  -  Run Bytes Received By Job
	42901  -  Total Bytes Sent By Job
	10836  -  Total Bytes Received By Job
	Partitionable Resources :    Usage  Request Allocated 
	   Cpus                 :     0.00        4         4 
	   Disk (KB)            :   121           1      3667 
	   GPUs                 :                           0 
	   Memory (MB)          :     2       12000     12000 

	Job terminated of its own accord at 2025-06-02T21:21:15Z with exit-code 0.
...
006 (12419566.008.000) 06/02 23:21:44 Image size of job updated: 102900
	105  -  MemoryUsage of job (MB)
	107468  -  ResidentSetSize of job (KB)
...
040 (12419566.008.000) 06/02 23:21:44 Started transferring output files
	Seconds spent in queue: 1608
...
040 (12419566.008.000) 06/02 23:21:44 Finished transferring output files
...
005 (12419566.008.000) 06/02 23:21:45 Job terminated.
	(1) Normal termination (return value 0)
		Usr 0 00:00:16, Sys 0 00:00:02  -  Run Remote Usage
		Usr 0 00:00:00, Sys 0 00:00:00  -  Run Local Usage
		Usr 0 00:00:16, Sys 0 00:00:02  -  Total Remote Usage
		Usr 0 00:00:00, Sys 0 00:00:00  -  Total Local Usage
	42840  -  Run Bytes Sent By Job
	10836  -  Run Bytes Received By Job
	42840  -  Total Bytes Sent By Job
	10836  -  Total Bytes Received By Job
	Partitionable Resources :    Usage  Request Allocated 
	   Cpus                 :     0.04        4         4 
	   Disk (KB)            :   118           1      3925 
	   GPUs                 :                           0 
	   Memory (MB)          :   105       12000     12000 

	Job terminated of its own accord at 2025-06-02T21:21:44Z with exit-code 0.
...
006 (12419566.006.000) 06/02 23:22:19 Image size of job updated: 289736
	283  -  MemoryUsage of job (MB)
	289736  -  ResidentSetSize of job (KB)
...
040 (12419566.006.000) 06/02 23:22:19 Started transferring output files
	Seconds spent in queue: 1643
...
040 (12419566.006.000) 06/02 23:22:19 Finished transferring output files
...
005 (12419566.006.000) 06/02 23:22:19 Job terminated.
	(1) Normal termination (return value 0)
		Usr 0 00:00:24, Sys 0 00:00:04  -  Run Remote Usage
		Usr 0 00:00:00, Sys 0 00:00:00  -  Run Local Usage
		Usr 0 00:00:24, Sys 0 00:00:04  -  Total Remote Usage
		Usr 0 00:00:00, Sys 0 00:00:00  -  Total Local Usage
	42962  -  Run Bytes Sent By Job
	10836  -  Run Bytes Received By Job
	42962  -  Total Bytes Sent By Job
	10836  -  Total Bytes Received By Job
	Partitionable Resources :    Usage  Request Allocated 
	   Cpus                 :        0        4         4 
	   Disk (KB)            :      118        1      3747 
	   GPUs                 :                           0 
	   Memory (MB)          :      283    12000     12000 

	Job terminated of its own accord at 2025-06-02T21:22:19Z with exit-code 0.
...
006 (12419566.000.000) 06/02 23:22:40 Image size of job updated: 301268
	295  -  MemoryUsage of job (MB)
	301268  -  ResidentSetSize of job (KB)
...
040 (12419566.000.000) 06/02 23:22:40 Started transferring output files
	Seconds spent in queue: 1643
...
040 (12419566.000.000) 06/02 23:22:40 Finished transferring output files
...
005 (12419566.000.000) 06/02 23:22:40 Job terminated.
	(1) Normal termination (return value 0)
		Usr 0 00:00:13, Sys 0 00:00:03  -  Run Remote Usage
		Usr 0 00:00:00, Sys 0 00:00:00  -  Run Local Usage
		Usr 0 00:00:13, Sys 0 00:00:03  -  Total Remote Usage
		Usr 0 00:00:00, Sys 0 00:00:00  -  Total Local Usage
	42839  -  Run Bytes Sent By Job
	10836  -  Run Bytes Received By Job
	42839  -  Total Bytes Sent By Job
	10836  -  Total Bytes Received By Job
	Partitionable Resources :    Usage  Request Allocated 
	   Cpus                 :        0        4         4 
	   Disk (KB)            :      118        1      3623 
	   GPUs                 :                           0 
	   Memory (MB)          :      295    12000     12000 

	Job terminated of its own accord at 2025-06-02T21:22:40Z with exit-code 0.
...
006 (12419566.002.000) 06/02 23:23:50 Image size of job updated: 666600
	651  -  MemoryUsage of job (MB)
	666600  -  ResidentSetSize of job (KB)
...
006 (12419566.009.000) 06/02 23:23:50 Image size of job updated: 553664
	541  -  MemoryUsage of job (MB)
	553664  -  ResidentSetSize of job (KB)
...
006 (12419566.002.000) 06/02 23:28:50 Image size of job updated: 1006228
	983  -  MemoryUsage of job (MB)
	1006228  -  ResidentSetSize of job (KB)
...
006 (12419566.009.000) 06/02 23:28:51 Image size of job updated: 741900
	725  -  MemoryUsage of job (MB)
	741900  -  ResidentSetSize of job (KB)
...
040 (12419566.009.000) 06/02 23:29:38 Started transferring output files
	Seconds spent in queue: 2081
...
040 (12419566.009.000) 06/02 23:29:38 Finished transferring output files
...
005 (12419566.009.000) 06/02 23:29:38 Job terminated.
	(1) Normal termination (return value 0)
		Usr 0 00:00:38, Sys 0 00:00:04  -  Run Remote Usage
		Usr 0 00:00:00, Sys 0 00:00:00  -  Run Local Usage
		Usr 0 00:00:38, Sys 0 00:00:04  -  Total Remote Usage
		Usr 0 00:00:00, Sys 0 00:00:00  -  Total Local Usage
	42962  -  Run Bytes Sent By Job
	10836  -  Run Bytes Received By Job
	42962  -  Total Bytes Sent By Job
	10836  -  Total Bytes Received By Job
	Partitionable Resources :    Usage  Request Allocated 
	   Cpus                 :     0.04        4         4 
	   Disk (KB)            :   118           1      3857 
	   GPUs                 :                           0 
	   Memory (MB)          :   725       12000     12000 

	Job terminated of its own accord at 2025-06-02T21:29:38Z with exit-code 0.
...
006 (12419566.002.000) 06/02 23:33:51 Image size of job updated: 1346300
	1315  -  MemoryUsage of job (MB)
	1346300  -  ResidentSetSize of job (KB)
...
006 (12419566.002.000) 06/02 23:38:52 Image size of job updated: 1654684
	1616  -  MemoryUsage of job (MB)
	1654684  -  ResidentSetSize of job (KB)
...
006 (12419566.002.000) 06/02 23:43:52 Image size of job updated: 1994988
	1949  -  MemoryUsage of job (MB)
	1994988  -  ResidentSetSize of job (KB)
...
006 (12419566.002.000) 06/02 23:48:52 Image size of job updated: 2278276
	2225  -  MemoryUsage of job (MB)
	2278276  -  ResidentSetSize of job (KB)
...
006 (12419566.002.000) 06/02 23:53:53 Image size of job updated: 2549712
	2490  -  MemoryUsage of job (MB)
	2549712  -  ResidentSetSize of job (KB)
...
006 (12419566.002.000) 06/02 23:58:54 Image size of job updated: 2827256
	2761  -  MemoryUsage of job (MB)
	2827256  -  ResidentSetSize of job (KB)
...
040 (12419566.002.000) 06/03 00:03:02 Started transferring output files
	Seconds spent in queue: 4087
...
040 (12419566.002.000) 06/03 00:03:02 Finished transferring output files
...
005 (12419566.002.000) 06/03 00:03:02 Job terminated.
	(1) Normal termination (return value 0)
		Usr 0 00:02:35, Sys 0 00:00:21  -  Run Remote Usage
		Usr 0 00:00:00, Sys 0 00:00:00  -  Run Local Usage
		Usr 0 00:02:35, Sys 0 00:00:21  -  Total Remote Usage
		Usr 0 00:00:00, Sys 0 00:00:00  -  Total Local Usage
	44257  -  Run Bytes Sent By Job
	10836  -  Run Bytes Received By Job
	44257  -  Total Bytes Sent By Job
	10836  -  Total Bytes Received By Job
	Partitionable Resources :    Usage  Request Allocated 
	   Cpus                 :     0.09        4         4 
	   Disk (KB)            :   120           1      3589 
	   GPUs                 :                           0 
	   Memory (MB)          :  2761       12000     12000 

	Job terminated of its own accord at 2025-06-02T22:03:02Z with exit-code 0.
...
