000 (12419568.000.000) 06/02 22:03:39 Job submitted from host: <188.185.114.121:9618?addrs=188.185.114.121-9618+[2001-1458-d00-a--100-273]-9618&alias=bigbird19.cern.ch&noUDP&sock=schedd_2045_4743>
...
000 (12419568.001.000) 06/02 22:03:39 Job submitted from host: <188.185.114.121:9618?addrs=188.185.114.121-9618+[2001-1458-d00-a--100-273]-9618&alias=bigbird19.cern.ch&noUDP&sock=schedd_2045_4743>
...
040 (12419568.000.000) 06/02 22:55:01 Entered queue to transfer input files
	Transferring to host: <188.185.214.191:9618?addrs=188.185.214.191-9618+[2001-1458-303-1d--100-3b]-9618&alias=b9p30p7448.cern.ch&noUDP&sock=slot1_1_8387_266e_643>
...
040 (12419568.001.000) 06/02 22:55:01 Entered queue to transfer input files
	Transferring to host: <188.185.214.179:9618?addrs=188.185.214.179-9618+[2001-1458-303-1d--100-2f]-9618&alias=b9p30p2749.cern.ch&noUDP&sock=slot1_10_6521_6262_682>
...
040 (12419568.000.000) 06/02 23:18:41 Started transferring input files
	Seconds spent in queue: 1420
...
040 (12419568.001.000) 06/02 23:18:41 Started transferring input files
	Seconds spent in queue: 1420
...
040 (12419568.000.000) 06/02 23:18:41 Finished transferring input files
...
040 (12419568.001.000) 06/02 23:18:41 Finished transferring input files
...
001 (12419568.000.000) 06/02 23:18:42 Job executing on host: <188.185.214.191:9618?addrs=188.185.214.191-9618+[2001-1458-303-1d--100-3b]-9618&alias=b9p30p7448.cern.ch&noUDP&sock=startd_8333_52c8>
	SlotName: slot1_1@b9p30p7448.cern.ch
	CondorScratchDir = "/pool/condor/dir_906511"
	Cpus = 4
	Disk = 3780
	GPUs = 0
	Memory = 12000
...
001 (12419568.001.000) 06/02 23:18:42 Job executing on host: <188.185.214.179:9618?addrs=188.185.214.179-9618+[2001-1458-303-1d--100-2f]-9618&alias=b9p30p2749.cern.ch&noUDP&sock=startd_6222_5a5b>
	SlotName: slot1_10@b9p30p2749.cern.ch
	CondorScratchDir = "/pool/condor/dir_1551185"
	Cpus = 4
	Disk = 3812
	GPUs = 0
	Memory = 12000
...
006 (12419568.000.000) 06/02 23:18:50 Image size of job updated: 10708
	11  -  MemoryUsage of job (MB)
	10708  -  ResidentSetSize of job (KB)
...
006 (12419568.001.000) 06/02 23:18:50 Image size of job updated: 222404
	218  -  MemoryUsage of job (MB)
	222404  -  ResidentSetSize of job (KB)
...
006 (12419568.000.000) 06/02 23:21:39 Image size of job updated: 286296
	280  -  MemoryUsage of job (MB)
	286296  -  ResidentSetSize of job (KB)
...
040 (12419568.000.000) 06/02 23:21:39 Started transferring output files
	Seconds spent in queue: 1598
...
040 (12419568.000.000) 06/02 23:21:39 Finished transferring output files
...
005 (12419568.000.000) 06/02 23:21:39 Job terminated.
	(1) Normal termination (return value 0)
		Usr 0 00:00:09, Sys 0 00:00:02  -  Run Remote Usage
		Usr 0 00:00:00, Sys 0 00:00:00  -  Run Local Usage
		Usr 0 00:00:09, Sys 0 00:00:02  -  Total Remote Usage
		Usr 0 00:00:00, Sys 0 00:00:00  -  Total Local Usage
	42839  -  Run Bytes Sent By Job
	10836  -  Run Bytes Received By Job
	42839  -  Total Bytes Sent By Job
	10836  -  Total Bytes Received By Job
	Partitionable Resources :    Usage  Request Allocated 
	   Cpus                 :        0        4         4 
	   Disk (KB)            :      118        1      3780 
	   GPUs                 :                           0 
	   Memory (MB)          :      280    12000     12000 

	Job terminated of its own accord at 2025-06-02T21:21:39Z with exit-code 0.
...
006 (12419568.001.000) 06/02 23:23:50 Image size of job updated: 504216
	493  -  MemoryUsage of job (MB)
	504216  -  ResidentSetSize of job (KB)
...
006 (12419568.001.000) 06/02 23:28:51 Image size of job updated: 715692
	699  -  MemoryUsage of job (MB)
	715692  -  ResidentSetSize of job (KB)
...
006 (12419568.001.000) 06/02 23:33:51 Image size of job updated: 927612
	906  -  MemoryUsage of job (MB)
	927612  -  ResidentSetSize of job (KB)
...
006 (12419568.001.000) 06/02 23:38:51 Image size of job updated: 1138892
	1113  -  MemoryUsage of job (MB)
	1138892  -  ResidentSetSize of job (KB)
...
006 (12419568.001.000) 06/02 23:43:52 Image size of job updated: 1350388
	1319  -  MemoryUsage of job (MB)
	1350388  -  ResidentSetSize of job (KB)
...
006 (12419568.001.000) 06/02 23:48:52 Image size of job updated: 1531740
	1496  -  MemoryUsage of job (MB)
	1531740  -  ResidentSetSize of job (KB)
...
006 (12419568.001.000) 06/02 23:53:52 Image size of job updated: 1743272
	1703  -  MemoryUsage of job (MB)
	1743272  -  ResidentSetSize of job (KB)
...
006 (12419568.001.000) 06/02 23:58:53 Image size of job updated: 1955052
	1910  -  MemoryUsage of job (MB)
	1955052  -  ResidentSetSize of job (KB)
...
006 (12419568.001.000) 06/03 00:03:53 Image size of job updated: 2167144
	2117  -  MemoryUsage of job (MB)
	2167144  -  ResidentSetSize of job (KB)
...
006 (12419568.001.000) 06/03 00:08:53 Image size of job updated: 2378388
	2323  -  MemoryUsage of job (MB)
	2378388  -  ResidentSetSize of job (KB)
...
006 (12419568.001.000) 06/03 00:13:54 Image size of job updated: 2589604
	2529  -  MemoryUsage of job (MB)
	2589604  -  ResidentSetSize of job (KB)
...
006 (12419568.001.000) 06/03 00:18:55 Image size of job updated: 2771100
	2707  -  MemoryUsage of job (MB)
	2771100  -  ResidentSetSize of job (KB)
...
006 (12419568.001.000) 06/03 00:23:55 Image size of job updated: 3073184
	3002  -  MemoryUsage of job (MB)
	3073184  -  ResidentSetSize of job (KB)
...
006 (12419568.001.000) 06/03 00:28:56 Image size of job updated: 3286672
	3210  -  MemoryUsage of job (MB)
	3286672  -  ResidentSetSize of job (KB)
...
006 (12419568.001.000) 06/03 00:33:57 Image size of job updated: 3498656
	3417  -  MemoryUsage of job (MB)
	3498656  -  ResidentSetSize of job (KB)
...
006 (12419568.001.000) 06/03 00:38:57 Image size of job updated: 3711136
	3625  -  MemoryUsage of job (MB)
	3711136  -  ResidentSetSize of job (KB)
...
006 (12419568.001.000) 06/03 00:43:57 Image size of job updated: 3922076
	3831  -  MemoryUsage of job (MB)
	3922076  -  ResidentSetSize of job (KB)
...
040 (12419568.001.000) 06/03 00:47:40 Entered queue to transfer output files
...
040 (12419568.001.000) 06/03 00:47:56 Started transferring output files
	Seconds spent in queue: 6775
...
040 (12419568.001.000) 06/03 00:47:56 Finished transferring output files
...
005 (12419568.001.000) 06/03 00:47:56 Job terminated.
	(1) Normal termination (return value 0)
		Usr 0 00:03:41, Sys 0 00:00:31  -  Run Remote Usage
		Usr 0 00:00:00, Sys 0 00:00:00  -  Run Local Usage
		Usr 0 00:03:41, Sys 0 00:00:31  -  Total Remote Usage
		Usr 0 00:00:00, Sys 0 00:00:00  -  Total Local Usage
	44939  -  Run Bytes Sent By Job
	10836  -  Run Bytes Received By Job
	44939  -  Total Bytes Sent By Job
	10836  -  Total Bytes Received By Job
	Partitionable Resources :    Usage  Request Allocated 
	   Cpus                 :     0.03        4         4 
	   Disk (KB)            :   120           1      3812 
	   GPUs                 :                           0 
	   Memory (MB)          :  3831       12000     12000 

	Job terminated of its own accord at 2025-06-02T22:47:34Z with exit-code 0.
...
