000 (12419550.000.000) 06/02 22:03:10 Job submitted from host: <188.185.114.121:9618?addrs=188.185.114.121-9618+[2001-1458-d00-a--100-273]-9618&alias=bigbird19.cern.ch&noUDP&sock=schedd_2045_4743>
...
000 (12419550.001.000) 06/02 22:03:10 Job submitted from host: <188.185.114.121:9618?addrs=188.185.114.121-9618+[2001-1458-d00-a--100-273]-9618&alias=bigbird19.cern.ch&noUDP&sock=schedd_2045_4743>
...
000 (12419550.002.000) 06/02 22:03:10 Job submitted from host: <188.185.114.121:9618?addrs=188.185.114.121-9618+[2001-1458-d00-a--100-273]-9618&alias=bigbird19.cern.ch&noUDP&sock=schedd_2045_4743>
...
040 (12419550.000.000) 06/02 22:24:47 Entered queue to transfer input files
	Transferring to host: <188.185.209.214:9618?addrs=188.185.209.214-9618+[2001-1458-303-12--100-53]-9618&alias=b9p12p0096.cern.ch&noUDP&sock=slot1_22_9099_d18b_965>
...
040 (12419550.001.000) 06/02 22:24:48 Entered queue to transfer input files
	Transferring to host: <188.185.206.157:9618?addrs=188.185.206.157-9618+[2001-1458-303-c--100-1a]-9618&alias=b9p06p7146.cern.ch&noUDP&sock=slot1_17_9337_82d5_1079>
...
040 (12419550.002.000) 06/02 22:24:48 Entered queue to transfer input files
	Transferring to host: <188.185.206.154:9618?addrs=188.185.206.154-9618+[2001-1458-303-c--100-17]-9618&alias=b9p06p5094.cern.ch&noUDP&sock=slot1_13_9349_f755_452>
...
040 (12419550.000.000) 06/02 23:18:37 Started transferring input files
	Seconds spent in queue: 3230
...
040 (12419550.000.000) 06/02 23:18:37 Finished transferring input files
...
040 (12419550.001.000) 06/02 23:18:37 Started transferring input files
	Seconds spent in queue: 3229
...
040 (12419550.002.000) 06/02 23:18:37 Started transferring input files
	Seconds spent in queue: 3229
...
040 (12419550.002.000) 06/02 23:18:37 Finished transferring input files
...
040 (12419550.001.000) 06/02 23:18:37 Finished transferring input files
...
001 (12419550.000.000) 06/02 23:18:38 Job executing on host: <188.185.209.214:9618?addrs=188.185.209.214-9618+[2001-1458-303-12--100-53]-9618&alias=b9p12p0096.cern.ch&noUDP&sock=startd_9048_c0ff>
	SlotName: slot1_22@b9p12p0096.cern.ch
	CondorScratchDir = "/pool/condor/dir_2818436"
	Cpus = 4
	Disk = 3718
	GPUs = 0
	Memory = 12000
...
001 (12419550.002.000) 06/02 23:18:38 Job executing on host: <188.185.206.154:9618?addrs=188.185.206.154-9618+[2001-1458-303-c--100-17]-9618&alias=b9p06p5094.cern.ch&noUDP&sock=startd_9270_0705>
	SlotName: slot1_13@b9p06p5094.cern.ch
	CondorScratchDir = "/pool/condor/dir_1544187"
	Cpus = 4
	Disk = 3847
	GPUs = 0
	Memory = 12000
...
001 (12419550.001.000) 06/02 23:18:38 Job executing on host: <188.185.206.157:9618?addrs=188.185.206.157-9618+[2001-1458-303-c--100-1a]-9618&alias=b9p06p7146.cern.ch&noUDP&sock=startd_9283_f1c0>
	SlotName: slot1_17@b9p06p7146.cern.ch
	CondorScratchDir = "/pool/condor/dir_3955977"
	Cpus = 4
	Disk = 3681
	GPUs = 0
	Memory = 12000
...
006 (12419550.002.000) 06/02 23:18:51 Image size of job updated: 15808
	5  -  MemoryUsage of job (MB)
	5056  -  ResidentSetSize of job (KB)
...
006 (12419550.000.000) 06/02 23:18:51 Image size of job updated: 24352
	2  -  MemoryUsage of job (MB)
	1412  -  ResidentSetSize of job (KB)
...
006 (12419550.001.000) 06/02 23:18:51 Image size of job updated: 14300
	3  -  MemoryUsage of job (MB)
	2384  -  ResidentSetSize of job (KB)
...
006 (12419550.002.000) 06/02 23:23:51 Image size of job updated: 1121984
	1096  -  MemoryUsage of job (MB)
	1121984  -  ResidentSetSize of job (KB)
...
006 (12419550.000.000) 06/02 23:23:51 Image size of job updated: 919636
	899  -  MemoryUsage of job (MB)
	919636  -  ResidentSetSize of job (KB)
...
006 (12419550.001.000) 06/02 23:23:51 Image size of job updated: 1268544
	1239  -  MemoryUsage of job (MB)
	1268544  -  ResidentSetSize of job (KB)
...
006 (12419550.000.000) 06/02 23:28:52 Image size of job updated: 1971244
	1926  -  MemoryUsage of job (MB)
	1971244  -  ResidentSetSize of job (KB)
...
006 (12419550.001.000) 06/02 23:28:52 Image size of job updated: 2172448
	2122  -  MemoryUsage of job (MB)
	2172448  -  ResidentSetSize of job (KB)
...
006 (12419550.002.000) 06/02 23:28:52 Image size of job updated: 2307084
	2254  -  MemoryUsage of job (MB)
	2307084  -  ResidentSetSize of job (KB)
...
006 (12419550.000.000) 06/02 23:33:52 Image size of job updated: 3063768
	2992  -  MemoryUsage of job (MB)
	3063768  -  ResidentSetSize of job (KB)
...
006 (12419550.001.000) 06/02 23:33:52 Image size of job updated: 3400364
	3321  -  MemoryUsage of job (MB)
	3400364  -  ResidentSetSize of job (KB)
...
006 (12419550.002.000) 06/02 23:33:53 Image size of job updated: 3490084
	3409  -  MemoryUsage of job (MB)
	3490084  -  ResidentSetSize of job (KB)
...
006 (12419550.000.000) 06/02 23:38:52 Image size of job updated: 4133304
	4037  -  MemoryUsage of job (MB)
	4133304  -  ResidentSetSize of job (KB)
...
006 (12419550.002.000) 06/02 23:38:53 Image size of job updated: 4572312
	4466  -  MemoryUsage of job (MB)
	4572312  -  ResidentSetSize of job (KB)
...
006 (12419550.001.000) 06/02 23:38:53 Image size of job updated: 4599304
	4492  -  MemoryUsage of job (MB)
	4599304  -  ResidentSetSize of job (KB)
...
006 (12419550.002.000) 06/02 23:42:00 Image size of job updated: 5304788
	4466  -  MemoryUsage of job (MB)
	4572312  -  ResidentSetSize of job (KB)
...
040 (12419550.002.000) 06/02 23:42:00 Started transferring output files
	Seconds spent in queue: 4632
...
040 (12419550.002.000) 06/02 23:42:00 Finished transferring output files
...
005 (12419550.002.000) 06/02 23:42:00 Job terminated.
	(1) Normal termination (return value 0)
		Usr 0 00:01:19, Sys 0 00:00:14  -  Run Remote Usage
		Usr 0 00:00:00, Sys 0 00:00:00  -  Run Local Usage
		Usr 0 00:01:19, Sys 0 00:00:14  -  Total Remote Usage
		Usr 0 00:00:00, Sys 0 00:00:00  -  Total Local Usage
	62949  -  Run Bytes Sent By Job
	10846  -  Run Bytes Received By Job
	62949  -  Total Bytes Sent By Job
	10846  -  Total Bytes Received By Job
	Partitionable Resources :    Usage  Request Allocated 
	   Cpus                 :     0.08        4         4 
	   Disk (KB)            :   139           1      3847 
	   GPUs                 :                           0 
	   Memory (MB)          :  4466       12000     12000 

	Job terminated of its own accord at 2025-06-02T21:42:00Z with exit-code 0.
...
006 (12419550.000.000) 06/02 23:43:53 Image size of job updated: 5023424
	4906  -  MemoryUsage of job (MB)
	5023424  -  ResidentSetSize of job (KB)
...
006 (12419550.001.000) 06/02 23:43:54 Image size of job updated: 5745144
	5611  -  MemoryUsage of job (MB)
	5745144  -  ResidentSetSize of job (KB)
...
006 (12419550.000.000) 06/02 23:48:53 Image size of job updated: 6084376
	5942  -  MemoryUsage of job (MB)
	6084376  -  ResidentSetSize of job (KB)
...
006 (12419550.001.000) 06/02 23:48:54 Image size of job updated: 7186936
	7019  -  MemoryUsage of job (MB)
	7186936  -  ResidentSetSize of job (KB)
...
006 (12419550.000.000) 06/02 23:53:54 Image size of job updated: 7174052
	7006  -  MemoryUsage of job (MB)
	7174052  -  ResidentSetSize of job (KB)
...
006 (12419550.001.000) 06/02 23:53:55 Image size of job updated: 8530316
	8331  -  MemoryUsage of job (MB)
	8530316  -  ResidentSetSize of job (KB)
...
006 (12419550.000.000) 06/02 23:58:55 Image size of job updated: 8255732
	8063  -  MemoryUsage of job (MB)
	8255732  -  ResidentSetSize of job (KB)
...
006 (12419550.001.000) 06/02 23:58:55 Image size of job updated: 9868780
	9638  -  MemoryUsage of job (MB)
	9868780  -  ResidentSetSize of job (KB)
...
006 (12419550.000.000) 06/03 00:03:55 Image size of job updated: 9232484
	9017  -  MemoryUsage of job (MB)
	9232484  -  ResidentSetSize of job (KB)
...
006 (12419550.001.000) 06/03 00:03:55 Image size of job updated: 11213760
	10951  -  MemoryUsage of job (MB)
	11213760  -  ResidentSetSize of job (KB)
...
006 (12419550.001.000) 06/03 00:08:56 Image size of job updated: 12447656
	12156  -  MemoryUsage of job (MB)
	12447656  -  ResidentSetSize of job (KB)
...
006 (12419550.000.000) 06/03 00:08:56 Image size of job updated: 10092176
	9856  -  MemoryUsage of job (MB)
	10092176  -  ResidentSetSize of job (KB)
...
006 (12419550.001.000) 06/03 00:13:56 Image size of job updated: 13852700
	13529  -  MemoryUsage of job (MB)
	13852700  -  ResidentSetSize of job (KB)
...
006 (12419550.000.000) 06/03 00:13:57 Image size of job updated: 11169124
	10908  -  MemoryUsage of job (MB)
	11169124  -  ResidentSetSize of job (KB)
...
006 (12419550.001.000) 06/03 00:18:56 Image size of job updated: 14974048
	14624  -  MemoryUsage of job (MB)
	14974048  -  ResidentSetSize of job (KB)
...
006 (12419550.000.000) 06/03 00:18:57 Image size of job updated: 12124416
	11841  -  MemoryUsage of job (MB)
	12124416  -  ResidentSetSize of job (KB)
...
006 (12419550.001.000) 06/03 00:22:50 Image size of job updated: 15997412
	14624  -  MemoryUsage of job (MB)
	14974048  -  ResidentSetSize of job (KB)
...
040 (12419550.001.000) 06/03 00:22:55 Entered queue to transfer output files
...
006 (12419550.000.000) 06/03 00:23:58 Image size of job updated: 13067932
	12762  -  MemoryUsage of job (MB)
	13067932  -  ResidentSetSize of job (KB)
...
006 (12419550.000.000) 06/03 00:28:58 Image size of job updated: 13934296
	13608  -  MemoryUsage of job (MB)
	13934296  -  ResidentSetSize of job (KB)
...
006 (12419550.000.000) 06/03 00:33:58 Image size of job updated: 14692604
	14349  -  MemoryUsage of job (MB)
	14692604  -  ResidentSetSize of job (KB)
...
006 (12419550.000.000) 06/03 00:38:55 Image size of job updated: 15645528
	14349  -  MemoryUsage of job (MB)
	14692604  -  ResidentSetSize of job (KB)
...
040 (12419550.000.000) 06/03 00:39:00 Entered queue to transfer output files
...
040 (12419550.000.000) 06/03 00:39:29 Started transferring output files
	Seconds spent in queue: 8082
...
040 (12419550.000.000) 06/03 00:39:29 Finished transferring output files
...
005 (12419550.000.000) 06/03 00:39:29 Job terminated.
	(1) Normal termination (return value 0)
		Usr 0 00:04:06, Sys 0 00:00:42  -  Run Remote Usage
		Usr 0 00:00:00, Sys 0 00:00:00  -  Run Local Usage
		Usr 0 00:04:06, Sys 0 00:00:42  -  Total Remote Usage
		Usr 0 00:00:00, Sys 0 00:00:00  -  Total Local Usage
	66468  -  Run Bytes Sent By Job
	10846  -  Run Bytes Received By Job
	66468  -  Total Bytes Sent By Job
	10846  -  Total Bytes Received By Job
	Partitionable Resources :    Usage  Request Allocated 
	   Cpus                 :     0.03        4         4 
	   Disk (KB)            :   145           1      3718 
	   GPUs                 :                           0 
	   Memory (MB)          : 14349       12000     12000 

	Job terminated of its own accord at 2025-06-02T22:38:55Z with exit-code 0.
...
040 (12419550.001.000) 06/03 00:39:34 Started transferring output files
	Seconds spent in queue: 8086
...
040 (12419550.001.000) 06/03 00:39:34 Finished transferring output files
...
005 (12419550.001.000) 06/03 00:39:34 Job terminated.
	(1) Normal termination (return value 0)
		Usr 0 00:03:43, Sys 0 00:00:33  -  Run Remote Usage
		Usr 0 00:00:00, Sys 0 00:00:00  -  Run Local Usage
		Usr 0 00:03:43, Sys 0 00:00:33  -  Total Remote Usage
		Usr 0 00:00:00, Sys 0 00:00:00  -  Total Local Usage
	66606  -  Run Bytes Sent By Job
	10846  -  Run Bytes Received By Job
	66606  -  Total Bytes Sent By Job
	10846  -  Total Bytes Received By Job
	Partitionable Resources :    Usage  Request Allocated 
	   Cpus                 :        0        4         4 
	   Disk (KB)            :      144        1      3681 
	   GPUs                 :                           0 
	   Memory (MB)          :    14624    12000     12000 

	Job terminated of its own accord at 2025-06-02T22:22:50Z with exit-code 0.
...
