000 (12494032.000.000) 06/09 05:39:16 Job submitted from host: <188.185.114.121:9618?addrs=188.185.114.121-9618+[2001-1458-d00-a--100-273]-9618&alias=bigbird19.cern.ch&noUDP&sock=schedd_2045_4743>
...
040 (12494032.000.000) 06/09 05:40:11 Started transferring input files
	Transferring to host: <188.185.195.22:9618?addrs=188.185.195.22-9618+[2001-1458-303-22--100-12]-9618&alias=b9p17p9664.cern.ch&noUDP&sock=slot1_6_6428_db7e_6496>
...
040 (12494032.000.000) 06/09 05:40:11 Finished transferring input files
...
001 (12494032.000.000) 06/09 05:40:12 Job executing on host: <188.185.195.22:9618?addrs=188.185.195.22-9618+[2001-1458-303-22--100-12]-9618&alias=b9p17p9664.cern.ch&noUDP&sock=startd_5857_fe49>
	SlotName: slot1_6@b9p17p9664.cern.ch
	CondorScratchDir = "/pool/condor/dir_1097889"
	Cpus = 4
	Disk = 3455
	GPUs = 0
	Memory = 12000
...
006 (12494032.000.000) 06/09 05:40:20 Image size of job updated: 92156
	90  -  MemoryUsage of job (MB)
	92156  -  ResidentSetSize of job (KB)
...
006 (12494032.000.000) 06/09 05:45:20 Image size of job updated: 1071640
	1047  -  MemoryUsage of job (MB)
	1071640  -  ResidentSetSize of job (KB)
...
006 (12494032.000.000) 06/09 05:50:21 Image size of job updated: 2122552
	2073  -  MemoryUsage of job (MB)
	2122552  -  ResidentSetSize of job (KB)
...
006 (12494032.000.000) 06/09 05:55:22 Image size of job updated: 3286212
	3210  -  MemoryUsage of job (MB)
	3286212  -  ResidentSetSize of job (KB)
...
006 (12494032.000.000) 06/09 06:00:22 Image size of job updated: 4384712
	4282  -  MemoryUsage of job (MB)
	4384712  -  ResidentSetSize of job (KB)
...
006 (12494032.000.000) 06/09 06:05:23 Image size of job updated: 5429376
	5303  -  MemoryUsage of job (MB)
	5429376  -  ResidentSetSize of job (KB)
...
006 (12494032.000.000) 06/09 06:10:25 Image size of job updated: 6531592
	6379  -  MemoryUsage of job (MB)
	6531592  -  ResidentSetSize of job (KB)
...
006 (12494032.000.000) 06/09 06:15:25 Image size of job updated: 7583264
	7406  -  MemoryUsage of job (MB)
	7583264  -  ResidentSetSize of job (KB)
...
006 (12494032.000.000) 06/09 06:20:25 Image size of job updated: 8751832
	8547  -  MemoryUsage of job (MB)
	8751832  -  ResidentSetSize of job (KB)
...
006 (12494032.000.000) 06/09 06:25:26 Image size of job updated: 9852200
	9622  -  MemoryUsage of job (MB)
	9852200  -  ResidentSetSize of job (KB)
...
006 (12494032.000.000) 06/09 06:30:27 Image size of job updated: 11019280
	10762  -  MemoryUsage of job (MB)
	11019280  -  ResidentSetSize of job (KB)
...
006 (12494032.000.000) 06/09 06:35:27 Image size of job updated: 12173448
	11889  -  MemoryUsage of job (MB)
	12173448  -  ResidentSetSize of job (KB)
...
006 (12494032.000.000) 06/09 06:40:27 Image size of job updated: 13312472
	13001  -  MemoryUsage of job (MB)
	13312472  -  ResidentSetSize of job (KB)
...
006 (12494032.000.000) 06/09 06:45:28 Image size of job updated: 14426956
	14089  -  MemoryUsage of job (MB)
	14426956  -  ResidentSetSize of job (KB)
...
006 (12494032.000.000) 06/09 06:50:29 Image size of job updated: 15479728
	15117  -  MemoryUsage of job (MB)
	15479728  -  ResidentSetSize of job (KB)
...
006 (12494032.000.000) 06/09 06:55:29 Image size of job updated: 16650652
	16261  -  MemoryUsage of job (MB)
	16650652  -  ResidentSetSize of job (KB)
...
006 (12494032.000.000) 06/09 07:00:30 Image size of job updated: 17755252
	17340  -  MemoryUsage of job (MB)
	17755252  -  ResidentSetSize of job (KB)
...
006 (12494032.000.000) 06/09 07:05:31 Image size of job updated: 18807804
	18367  -  MemoryUsage of job (MB)
	18807804  -  ResidentSetSize of job (KB)
...
006 (12494032.000.000) 06/09 07:10:31 Image size of job updated: 19978104
	19510  -  MemoryUsage of job (MB)
	19978104  -  ResidentSetSize of job (KB)
...
006 (12494032.000.000) 06/09 07:15:31 Image size of job updated: 21081648
	20588  -  MemoryUsage of job (MB)
	21081648  -  ResidentSetSize of job (KB)
...
006 (12494032.000.000) 06/09 07:20:32 Image size of job updated: 22205440
	21685  -  MemoryUsage of job (MB)
	22205440  -  ResidentSetSize of job (KB)
...
006 (12494032.000.000) 06/09 07:25:33 Image size of job updated: 23366968
	22820  -  MemoryUsage of job (MB)
	23366968  -  ResidentSetSize of job (KB)
...
006 (12494032.000.000) 06/09 07:30:33 Image size of job updated: 24467804
	23895  -  MemoryUsage of job (MB)
	24467804  -  ResidentSetSize of job (KB)
...
040 (12494032.000.000) 06/09 09:11:09 Started transferring output files
...
040 (12494032.000.000) 06/09 09:11:09 Finished transferring output files
...
005 (12494032.000.000) 06/09 09:11:09 Job terminated.
	(1) Normal termination (return value 0)
		Usr 0 00:13:34, Sys 0 00:02:21  -  Run Remote Usage
		Usr 0 00:00:00, Sys 0 00:00:00  -  Run Local Usage
		Usr 0 00:13:34, Sys 0 00:02:21  -  Total Remote Usage
		Usr 0 00:00:00, Sys 0 00:00:00  -  Total Local Usage
	78548  -  Run Bytes Sent By Job
	10852  -  Run Bytes Received By Job
	78548  -  Total Bytes Sent By Job
	10852  -  Total Bytes Received By Job
	Partitionable Resources :    Usage  Request Allocated 
	   Cpus                 :     0.06        4         4 
	   Disk (KB)            :   154           1      3455 
	   GPUs                 :                           0 
	   Memory (MB)          : 23895       12000     12000 

	Job terminated of its own accord at 2025-06-09T07:11:09Z with exit-code 0.
...
