000 (12419569.000.000) 06/02 22:03:40 Job submitted from host: <188.185.114.121:9618?addrs=188.185.114.121-9618+[2001-1458-d00-a--100-273]-9618&alias=bigbird19.cern.ch&noUDP&sock=schedd_2045_4743>
...
000 (12419569.001.000) 06/02 22:03:40 Job submitted from host: <188.185.114.121:9618?addrs=188.185.114.121-9618+[2001-1458-d00-a--100-273]-9618&alias=bigbird19.cern.ch&noUDP&sock=schedd_2045_4743>
...
000 (12419569.002.000) 06/02 22:03:40 Job submitted from host: <188.185.114.121:9618?addrs=188.185.114.121-9618+[2001-1458-d00-a--100-273]-9618&alias=bigbird19.cern.ch&noUDP&sock=schedd_2045_4743>
...
000 (12419569.003.000) 06/02 22:03:40 Job submitted from host: <188.185.114.121:9618?addrs=188.185.114.121-9618+[2001-1458-d00-a--100-273]-9618&alias=bigbird19.cern.ch&noUDP&sock=schedd_2045_4743>
...
000 (12419569.004.000) 06/02 22:03:40 Job submitted from host: <188.185.114.121:9618?addrs=188.185.114.121-9618+[2001-1458-d00-a--100-273]-9618&alias=bigbird19.cern.ch&noUDP&sock=schedd_2045_4743>
...
000 (12419569.005.000) 06/02 22:03:40 Job submitted from host: <188.185.114.121:9618?addrs=188.185.114.121-9618+[2001-1458-d00-a--100-273]-9618&alias=bigbird19.cern.ch&noUDP&sock=schedd_2045_4743>
...
000 (12419569.006.000) 06/02 22:03:40 Job submitted from host: <188.185.114.121:9618?addrs=188.185.114.121-9618+[2001-1458-d00-a--100-273]-9618&alias=bigbird19.cern.ch&noUDP&sock=schedd_2045_4743>
...
000 (12419569.007.000) 06/02 22:03:40 Job submitted from host: <188.185.114.121:9618?addrs=188.185.114.121-9618+[2001-1458-d00-a--100-273]-9618&alias=bigbird19.cern.ch&noUDP&sock=schedd_2045_4743>
...
000 (12419569.008.000) 06/02 22:03:40 Job submitted from host: <188.185.114.121:9618?addrs=188.185.114.121-9618+[2001-1458-d00-a--100-273]-9618&alias=bigbird19.cern.ch&noUDP&sock=schedd_2045_4743>
...
000 (12419569.009.000) 06/02 22:03:40 Job submitted from host: <188.185.114.121:9618?addrs=188.185.114.121-9618+[2001-1458-d00-a--100-273]-9618&alias=bigbird19.cern.ch&noUDP&sock=schedd_2045_4743>
...
000 (12419569.010.000) 06/02 22:03:40 Job submitted from host: <188.185.114.121:9618?addrs=188.185.114.121-9618+[2001-1458-d00-a--100-273]-9618&alias=bigbird19.cern.ch&noUDP&sock=schedd_2045_4743>
...
000 (12419569.011.000) 06/02 22:03:40 Job submitted from host: <188.185.114.121:9618?addrs=188.185.114.121-9618+[2001-1458-d00-a--100-273]-9618&alias=bigbird19.cern.ch&noUDP&sock=schedd_2045_4743>
...
000 (12419569.012.000) 06/02 22:03:40 Job submitted from host: <188.185.114.121:9618?addrs=188.185.114.121-9618+[2001-1458-d00-a--100-273]-9618&alias=bigbird19.cern.ch&noUDP&sock=schedd_2045_4743>
...
040 (12419569.000.000) 06/02 22:55:01 Entered queue to transfer input files
	Transferring to host: <128.142.161.83:9618?addrs=128.142.161.83-9618+[2001-1458-301-b8--100-11]-9618&alias=b9g03p4706.cern.ch&noUDP&sock=slot1_5_215870_b183_5659>
...
040 (12419569.002.000) 06/02 22:55:01 Entered queue to transfer input files
	Transferring to host: <188.185.213.167:9618?addrs=188.185.213.167-9618+[2001-1458-303-1b--100-23]-9618&alias=b9p28p1049.cern.ch&noUDP&sock=slot1_12_6603_2926_953>
...
040 (12419569.001.000) 06/02 22:55:01 Entered queue to transfer input files
	Transferring to host: <188.185.206.97:9618?addrs=188.185.206.97-9618+[2001-1458-303-b--100-5e]-9618&alias=b9p05p8220.cern.ch&noUDP&sock=slot1_5_9401_9ad7_889>
...
040 (12419569.004.000) 06/02 22:55:03 Entered queue to transfer input files
	Transferring to host: <188.185.212.141:9618?addrs=188.185.212.141-9618+[2001-1458-303-19--100-9]-9618&alias=b9p26p6221.cern.ch&noUDP&sock=slot1_12_8313_02ab_640>
...
040 (12419569.005.000) 06/02 22:55:03 Entered queue to transfer input files
	Transferring to host: <188.185.193.170:9618?addrs=188.185.193.170-9618+[2001-1458-303-20--100-a6]-9618&alias=b9p19p6010.cern.ch&noUDP&sock=slot1_9_4471_f94f_612>
...
040 (12419569.007.000) 06/02 22:55:03 Entered queue to transfer input files
	Transferring to host: <188.185.196.65:9618?addrs=188.185.196.65-9618+[2001-1458-303-23--100-3d]-9618&alias=b9p16p1796.cern.ch&noUDP&sock=slot1_1_7497_108a_829>
...
040 (12419569.003.000) 06/02 22:55:03 Entered queue to transfer input files
	Transferring to host: <188.185.206.41:9618?addrs=188.185.206.41-9618+[2001-1458-303-b--100-26]-9618&alias=b9p05p0465.cern.ch&noUDP&sock=slot1_5_6396_4f7d_862>
...
040 (12419569.006.000) 06/02 22:55:04 Entered queue to transfer input files
	Transferring to host: <188.185.211.208:9618?addrs=188.185.211.208-9618+[2001-1458-303-17--100-4c]-9618&alias=b9p24p5433.cern.ch&noUDP&sock=slot1_5_7824_7737_693>
...
040 (12419569.008.000) 06/02 22:55:04 Entered queue to transfer input files
	Transferring to host: <128.142.33.217:9618?addrs=128.142.33.217-9618+[2001-1458-301-39--100-16]-9618&alias=b9g24p1590.cern.ch&noUDP&sock=slot1_3_3727188_df86_18195>
...
040 (12419569.009.000) 06/02 22:55:05 Entered queue to transfer input files
	Transferring to host: <188.185.212.191:9618?addrs=188.185.212.191-9618+[2001-1458-303-19--100-3b]-9618&alias=b9p26p1640.cern.ch&noUDP&sock=slot1_3_7722_98f3_712>
...
040 (12419569.011.000) 06/02 22:55:05 Entered queue to transfer input files
	Transferring to host: <188.185.213.64:9618?addrs=188.185.213.64-9618+[2001-1458-303-1a--100-3c]-9618&alias=b9p27p1896.cern.ch&noUDP&sock=slot1_15_8420_66cf_696>
...
040 (12419569.010.000) 06/02 22:55:05 Entered queue to transfer input files
	Transferring to host: <128.142.33.204:9618?addrs=128.142.33.204-9618+[2001-1458-301-39--100-9]-9618&alias=b9g24p7720.cern.ch&noUDP&sock=slot1_3_3964_bf1a_40725>
...
040 (12419569.012.000) 06/02 22:55:06 Entered queue to transfer input files
	Transferring to host: <188.185.213.230:9618?addrs=188.185.213.230-9618+[2001-1458-303-1b--100-62]-9618&alias=b9p28p6468.cern.ch&noUDP&sock=slot1_4_8386_720e_679>
...
040 (12419569.000.000) 06/02 23:18:41 Started transferring input files
	Seconds spent in queue: 1420
...
040 (12419569.000.000) 06/02 23:18:41 Finished transferring input files
...
040 (12419569.002.000) 06/02 23:18:41 Started transferring input files
	Seconds spent in queue: 1420
...
040 (12419569.001.000) 06/02 23:18:41 Started transferring input files
	Seconds spent in queue: 1420
...
040 (12419569.002.000) 06/02 23:18:41 Finished transferring input files
...
040 (12419569.001.000) 06/02 23:18:41 Finished transferring input files
...
040 (12419569.005.000) 06/02 23:18:41 Started transferring input files
	Seconds spent in queue: 1418
...
040 (12419569.004.000) 06/02 23:18:41 Started transferring input files
	Seconds spent in queue: 1418
...
040 (12419569.007.000) 06/02 23:18:41 Started transferring input files
	Seconds spent in queue: 1418
...
040 (12419569.003.000) 06/02 23:18:41 Started transferring input files
	Seconds spent in queue: 1418
...
040 (12419569.005.000) 06/02 23:18:41 Finished transferring input files
...
040 (12419569.004.000) 06/02 23:18:41 Finished transferring input files
...
040 (12419569.007.000) 06/02 23:18:41 Finished transferring input files
...
040 (12419569.003.000) 06/02 23:18:41 Finished transferring input files
...
040 (12419569.008.000) 06/02 23:18:41 Started transferring input files
	Seconds spent in queue: 1417
...
040 (12419569.006.000) 06/02 23:18:41 Started transferring input files
	Seconds spent in queue: 1417
...
040 (12419569.008.000) 06/02 23:18:41 Finished transferring input files
...
040 (12419569.006.000) 06/02 23:18:41 Finished transferring input files
...
040 (12419569.011.000) 06/02 23:18:41 Started transferring input files
	Seconds spent in queue: 1416
...
040 (12419569.009.000) 06/02 23:18:41 Started transferring input files
	Seconds spent in queue: 1416
...
040 (12419569.011.000) 06/02 23:18:41 Finished transferring input files
...
040 (12419569.012.000) 06/02 23:18:41 Started transferring input files
	Seconds spent in queue: 1415
...
040 (12419569.009.000) 06/02 23:18:41 Finished transferring input files
...
040 (12419569.010.000) 06/02 23:18:41 Started transferring input files
	Seconds spent in queue: 1416
...
040 (12419569.012.000) 06/02 23:18:41 Finished transferring input files
...
040 (12419569.010.000) 06/02 23:18:41 Finished transferring input files
...
001 (12419569.000.000) 06/02 23:18:42 Job executing on host: <128.142.161.83:9618?addrs=128.142.161.83-9618+[2001-1458-301-b8--100-11]-9618&alias=b9g03p4706.cern.ch&noUDP&sock=startd_998631_61c5>
	SlotName: slot1_5@b9g03p4706.cern.ch
	CondorScratchDir = "/pool/condor/dir_3332432"
	Cpus = 4
	Disk = 3937
	GPUs = 0
	Memory = 12000
...
001 (12419569.002.000) 06/02 23:18:42 Job executing on host: <188.185.213.167:9618?addrs=188.185.213.167-9618+[2001-1458-303-1b--100-23]-9618&alias=b9p28p1049.cern.ch&noUDP&sock=startd_6389_e6ab>
	SlotName: slot1_12@b9p28p1049.cern.ch
	CondorScratchDir = "/pool/condor/dir_2467208"
	Cpus = 4
	Disk = 3767
	GPUs = 0
	Memory = 12000
...
001 (12419569.001.000) 06/02 23:18:42 Job executing on host: <188.185.206.97:9618?addrs=188.185.206.97-9618+[2001-1458-303-b--100-5e]-9618&alias=b9p05p8220.cern.ch&noUDP&sock=startd_9315_e4c8>
	SlotName: slot1_5@b9p05p8220.cern.ch
	CondorScratchDir = "/pool/condor/dir_3520623"
	Cpus = 4
	Disk = 3602
	GPUs = 0
	Memory = 12000
...
001 (12419569.005.000) 06/02 23:18:42 Job executing on host: <188.185.193.170:9618?addrs=188.185.193.170-9618+[2001-1458-303-20--100-a6]-9618&alias=b9p19p6010.cern.ch&noUDP&sock=startd_2825_4b22>
	SlotName: slot1_9@b9p19p6010.cern.ch
	CondorScratchDir = "/pool/condor/dir_1398903"
	Cpus = 4
	Disk = 3868
	GPUs = 0
	Memory = 12000
...
001 (12419569.007.000) 06/02 23:18:42 Job executing on host: <188.185.196.65:9618?addrs=188.185.196.65-9618+[2001-1458-303-23--100-3d]-9618&alias=b9p16p1796.cern.ch&noUDP&sock=startd_6848_bca4>
	SlotName: slot1_1@b9p16p1796.cern.ch
	CondorScratchDir = "/pool/condor/dir_953498"
	Cpus = 4
	Disk = 3870
	GPUs = 0
	Memory = 12000
...
001 (12419569.004.000) 06/02 23:18:42 Job executing on host: <188.185.212.141:9618?addrs=188.185.212.141-9618+[2001-1458-303-19--100-9]-9618&alias=b9p26p6221.cern.ch&noUDP&sock=startd_7635_8dad>
	SlotName: slot1_12@b9p26p6221.cern.ch
	CondorScratchDir = "/pool/condor/dir_801496"
	Cpus = 4
	Disk = 3393
	GPUs = 0
	Memory = 12000
...
001 (12419569.003.000) 06/02 23:18:42 Job executing on host: <188.185.206.41:9618?addrs=188.185.206.41-9618+[2001-1458-303-b--100-26]-9618&alias=b9p05p0465.cern.ch&noUDP&sock=startd_5719_5637>
	SlotName: slot1_5@b9p05p0465.cern.ch
	CondorScratchDir = "/pool/condor/dir_4066187"
	Cpus = 4
	Disk = 3629
	GPUs = 0
	Memory = 12000
...
001 (12419569.008.000) 06/02 23:18:42 Job executing on host: <128.142.33.217:9618?addrs=128.142.33.217-9618+[2001-1458-301-39--100-16]-9618&alias=b9g24p1590.cern.ch&noUDP&sock=startd_4792_7dec>
	SlotName: slot1_3@b9g24p1590.cern.ch
	CondorScratchDir = "/pool/condor/dir_4045973"
	Cpus = 4
	Disk = 3859
	GPUs = 0
	Memory = 12000
...
001 (12419569.006.000) 06/02 23:18:42 Job executing on host: <188.185.211.208:9618?addrs=188.185.211.208-9618+[2001-1458-303-17--100-4c]-9618&alias=b9p24p5433.cern.ch&noUDP&sock=startd_7292_48b1>
	SlotName: slot1_5@b9p24p5433.cern.ch
	CondorScratchDir = "/pool/condor/dir_664174"
	Cpus = 4
	Disk = 3549
	GPUs = 0
	Memory = 12000
...
001 (12419569.011.000) 06/02 23:18:42 Job executing on host: <188.185.213.64:9618?addrs=188.185.213.64-9618+[2001-1458-303-1a--100-3c]-9618&alias=b9p27p1896.cern.ch&noUDP&sock=startd_8367_a500>
	SlotName: slot1_15@b9p27p1896.cern.ch
	CondorScratchDir = "/pool/condor/dir_1243211"
	Cpus = 4
	Disk = 3853
	GPUs = 0
	Memory = 12000
...
001 (12419569.009.000) 06/02 23:18:42 Job executing on host: <188.185.212.191:9618?addrs=188.185.212.191-9618+[2001-1458-303-19--100-3b]-9618&alias=b9p26p1640.cern.ch&noUDP&sock=startd_6750_845c>
	SlotName: slot1_3@b9p26p1640.cern.ch
	CondorScratchDir = "/pool/condor/dir_1415985"
	Cpus = 4
	Disk = 3785
	GPUs = 0
	Memory = 12000
...
001 (12419569.010.000) 06/02 23:18:42 Job executing on host: <128.142.33.204:9618?addrs=128.142.33.204-9618+[2001-1458-301-39--100-9]-9618&alias=b9g24p7720.cern.ch&noUDP&sock=startd_3220_3b0b>
	SlotName: slot1_3@b9g24p7720.cern.ch
	CondorScratchDir = "/pool/condor/dir_2056432"
	Cpus = 4
	Disk = 3770
	GPUs = 0
	Memory = 12000
...
001 (12419569.012.000) 06/02 23:18:42 Job executing on host: <188.185.213.230:9618?addrs=188.185.213.230-9618+[2001-1458-303-1b--100-62]-9618&alias=b9p28p6468.cern.ch&noUDP&sock=startd_8322_c73d>
	SlotName: slot1_4@b9p28p6468.cern.ch
	CondorScratchDir = "/pool/condor/dir_1085446"
	Cpus = 4
	Disk = 3768
	GPUs = 0
	Memory = 12000
...
006 (12419569.007.000) 06/02 23:18:50 Image size of job updated: 104868
	103  -  MemoryUsage of job (MB)
	104868  -  ResidentSetSize of job (KB)
...
006 (12419569.006.000) 06/02 23:18:50 Image size of job updated: 11520
	12  -  MemoryUsage of job (MB)
	11520  -  ResidentSetSize of job (KB)
...
006 (12419569.010.000) 06/02 23:18:50 Image size of job updated: 75592
	74  -  MemoryUsage of job (MB)
	75592  -  ResidentSetSize of job (KB)
...
006 (12419569.002.000) 06/02 23:18:50 Image size of job updated: 153492
	150  -  MemoryUsage of job (MB)
	153492  -  ResidentSetSize of job (KB)
...
006 (12419569.005.000) 06/02 23:18:50 Image size of job updated: 21924
	22  -  MemoryUsage of job (MB)
	21924  -  ResidentSetSize of job (KB)
...
006 (12419569.012.000) 06/02 23:18:50 Image size of job updated: 20648
	21  -  MemoryUsage of job (MB)
	20648  -  ResidentSetSize of job (KB)
...
006 (12419569.008.000) 06/02 23:18:50 Image size of job updated: 5516
	6  -  MemoryUsage of job (MB)
	5516  -  ResidentSetSize of job (KB)
...
006 (12419569.000.000) 06/02 23:18:55 Image size of job updated: 1660
	2  -  MemoryUsage of job (MB)
	1660  -  ResidentSetSize of job (KB)
...
006 (12419569.003.000) 06/02 23:18:55 Image size of job updated: 35984
	36  -  MemoryUsage of job (MB)
	35984  -  ResidentSetSize of job (KB)
...
006 (12419569.011.000) 06/02 23:18:55 Image size of job updated: 14280
	2  -  MemoryUsage of job (MB)
	1160  -  ResidentSetSize of job (KB)
...
006 (12419569.001.000) 06/02 23:18:55 Image size of job updated: 15344
	5  -  MemoryUsage of job (MB)
	5024  -  ResidentSetSize of job (KB)
...
006 (12419569.004.000) 06/02 23:18:55 Image size of job updated: 19256
	19  -  MemoryUsage of job (MB)
	19256  -  ResidentSetSize of job (KB)
...
006 (12419569.009.000) 06/02 23:18:55 Image size of job updated: 15160
	15  -  MemoryUsage of job (MB)
	15160  -  ResidentSetSize of job (KB)
...
006 (12419569.002.000) 06/02 23:23:50 Image size of job updated: 691676
	676  -  MemoryUsage of job (MB)
	691676  -  ResidentSetSize of job (KB)
...
006 (12419569.005.000) 06/02 23:23:50 Image size of job updated: 779344
	762  -  MemoryUsage of job (MB)
	779344  -  ResidentSetSize of job (KB)
...
006 (12419569.012.000) 06/02 23:23:50 Image size of job updated: 726292
	710  -  MemoryUsage of job (MB)
	726292  -  ResidentSetSize of job (KB)
...
006 (12419569.008.000) 06/02 23:23:50 Image size of job updated: 1302328
	1272  -  MemoryUsage of job (MB)
	1302328  -  ResidentSetSize of job (KB)
...
006 (12419569.007.000) 06/02 23:23:50 Image size of job updated: 1178312
	1151  -  MemoryUsage of job (MB)
	1178312  -  ResidentSetSize of job (KB)
...
006 (12419569.006.000) 06/02 23:23:50 Image size of job updated: 937044
	916  -  MemoryUsage of job (MB)
	937044  -  ResidentSetSize of job (KB)
...
006 (12419569.010.000) 06/02 23:23:50 Image size of job updated: 1529612
	1494  -  MemoryUsage of job (MB)
	1529612  -  ResidentSetSize of job (KB)
...
006 (12419569.000.000) 06/02 23:23:55 Image size of job updated: 618364
	604  -  MemoryUsage of job (MB)
	618364  -  ResidentSetSize of job (KB)
...
006 (12419569.003.000) 06/02 23:23:55 Image size of job updated: 691028
	675  -  MemoryUsage of job (MB)
	691028  -  ResidentSetSize of job (KB)
...
006 (12419569.004.000) 06/02 23:23:55 Image size of job updated: 653380
	639  -  MemoryUsage of job (MB)
	653380  -  ResidentSetSize of job (KB)
...
006 (12419569.009.000) 06/02 23:23:55 Image size of job updated: 408064
	399  -  MemoryUsage of job (MB)
	408064  -  ResidentSetSize of job (KB)
...
006 (12419569.001.000) 06/02 23:23:55 Image size of job updated: 674876
	660  -  MemoryUsage of job (MB)
	674876  -  ResidentSetSize of job (KB)
...
006 (12419569.011.000) 06/02 23:23:55 Image size of job updated: 1229496
	1201  -  MemoryUsage of job (MB)
	1229496  -  ResidentSetSize of job (KB)
...
006 (12419569.002.000) 06/02 23:28:50 Image size of job updated: 1278388
	1249  -  MemoryUsage of job (MB)
	1278388  -  ResidentSetSize of job (KB)
...
006 (12419569.008.000) 06/02 23:28:50 Image size of job updated: 2340112
	2286  -  MemoryUsage of job (MB)
	2340112  -  ResidentSetSize of job (KB)
...
006 (12419569.012.000) 06/02 23:28:50 Image size of job updated: 1028280
	1005  -  MemoryUsage of job (MB)
	1028280  -  ResidentSetSize of job (KB)
...
006 (12419569.005.000) 06/02 23:28:50 Image size of job updated: 1310804
	1281  -  MemoryUsage of job (MB)
	1310804  -  ResidentSetSize of job (KB)
...
006 (12419569.006.000) 06/02 23:28:51 Image size of job updated: 1519100
	1484  -  MemoryUsage of job (MB)
	1519100  -  ResidentSetSize of job (KB)
...
006 (12419569.010.000) 06/02 23:28:51 Image size of job updated: 2576792
	2517  -  MemoryUsage of job (MB)
	2576792  -  ResidentSetSize of job (KB)
...
006 (12419569.007.000) 06/02 23:28:51 Image size of job updated: 2111332
	2062  -  MemoryUsage of job (MB)
	2111332  -  ResidentSetSize of job (KB)
...
006 (12419569.000.000) 06/02 23:28:56 Image size of job updated: 1174596
	1148  -  MemoryUsage of job (MB)
	1174596  -  ResidentSetSize of job (KB)
...
006 (12419569.004.000) 06/02 23:28:56 Image size of job updated: 1235136
	1207  -  MemoryUsage of job (MB)
	1235136  -  ResidentSetSize of job (KB)
...
006 (12419569.003.000) 06/02 23:28:56 Image size of job updated: 1278472
	1249  -  MemoryUsage of job (MB)
	1278472  -  ResidentSetSize of job (KB)
...
006 (12419569.009.000) 06/02 23:28:56 Image size of job updated: 721392
	705  -  MemoryUsage of job (MB)
	721392  -  ResidentSetSize of job (KB)
...
006 (12419569.001.000) 06/02 23:28:56 Image size of job updated: 1235552
	1207  -  MemoryUsage of job (MB)
	1235552  -  ResidentSetSize of job (KB)
...
006 (12419569.011.000) 06/02 23:28:56 Image size of job updated: 2432900
	2376  -  MemoryUsage of job (MB)
	2432900  -  ResidentSetSize of job (KB)
...
006 (12419569.011.000) 06/02 23:29:32 Image size of job updated: 2562948
	2376  -  MemoryUsage of job (MB)
	2432900  -  ResidentSetSize of job (KB)
...
040 (12419569.011.000) 06/02 23:29:32 Started transferring output files
	Seconds spent in queue: 2067
...
040 (12419569.011.000) 06/02 23:29:32 Finished transferring output files
...
005 (12419569.011.000) 06/02 23:29:32 Job terminated.
	(1) Normal termination (return value 0)
		Usr 0 00:02:12, Sys 0 00:00:17  -  Run Remote Usage
		Usr 0 00:00:00, Sys 0 00:00:00  -  Run Local Usage
		Usr 0 00:02:12, Sys 0 00:00:17  -  Total Remote Usage
		Usr 0 00:00:00, Sys 0 00:00:00  -  Total Local Usage
	44115  -  Run Bytes Sent By Job
	10844  -  Run Bytes Received By Job
	44115  -  Total Bytes Sent By Job
	10844  -  Total Bytes Received By Job
	Partitionable Resources :    Usage  Request Allocated 
	   Cpus                 :     0.24        4         4 
	   Disk (KB)            :   120           1      3853 
	   GPUs                 :                           0 
	   Memory (MB)          :  2376       12000     12000 

	Job terminated of its own accord at 2025-06-02T21:29:32Z with exit-code 0.
...
006 (12419569.002.000) 06/02 23:33:50 Image size of job updated: 1864404
	1821  -  MemoryUsage of job (MB)
	1864404  -  ResidentSetSize of job (KB)
...
006 (12419569.008.000) 06/02 23:33:50 Image size of job updated: 3531528
	3449  -  MemoryUsage of job (MB)
	3531528  -  ResidentSetSize of job (KB)
...
006 (12419569.012.000) 06/02 23:33:50 Image size of job updated: 1355744
	1324  -  MemoryUsage of job (MB)
	1355744  -  ResidentSetSize of job (KB)
...
006 (12419569.005.000) 06/02 23:33:50 Image size of job updated: 1866876
	1824  -  MemoryUsage of job (MB)
	1866876  -  ResidentSetSize of job (KB)
...
006 (12419569.006.000) 06/02 23:33:51 Image size of job updated: 2101500
	2053  -  MemoryUsage of job (MB)
	2101500  -  ResidentSetSize of job (KB)
...
006 (12419569.010.000) 06/02 23:33:51 Image size of job updated: 3780460
	3692  -  MemoryUsage of job (MB)
	3780460  -  ResidentSetSize of job (KB)
...
006 (12419569.007.000) 06/02 23:33:52 Image size of job updated: 3156132
	3083  -  MemoryUsage of job (MB)
	3156132  -  ResidentSetSize of job (KB)
...
006 (12419569.000.000) 06/02 23:33:56 Image size of job updated: 1730880
	1691  -  MemoryUsage of job (MB)
	1730880  -  ResidentSetSize of job (KB)
...
006 (12419569.004.000) 06/02 23:33:56 Image size of job updated: 1816696
	1775  -  MemoryUsage of job (MB)
	1816696  -  ResidentSetSize of job (KB)
...
006 (12419569.009.000) 06/02 23:33:56 Image size of job updated: 1045716
	1022  -  MemoryUsage of job (MB)
	1045716  -  ResidentSetSize of job (KB)
...
006 (12419569.001.000) 06/02 23:33:56 Image size of job updated: 1821620
	1779  -  MemoryUsage of job (MB)
	1821620  -  ResidentSetSize of job (KB)
...
006 (12419569.003.000) 06/02 23:33:56 Image size of job updated: 1866484
	1823  -  MemoryUsage of job (MB)
	1866484  -  ResidentSetSize of job (KB)
...
006 (12419569.012.000) 06/02 23:38:51 Image size of job updated: 1650076
	1612  -  MemoryUsage of job (MB)
	1650076  -  ResidentSetSize of job (KB)
...
006 (12419569.005.000) 06/02 23:38:51 Image size of job updated: 2396824
	2341  -  MemoryUsage of job (MB)
	2396824  -  ResidentSetSize of job (KB)
...
006 (12419569.006.000) 06/02 23:38:51 Image size of job updated: 2650648
	2589  -  MemoryUsage of job (MB)
	2650648  -  ResidentSetSize of job (KB)
...
006 (12419569.002.000) 06/02 23:38:51 Image size of job updated: 2419152
	2363  -  MemoryUsage of job (MB)
	2419152  -  ResidentSetSize of job (KB)
...
006 (12419569.008.000) 06/02 23:38:52 Image size of job updated: 4505456
	4400  -  MemoryUsage of job (MB)
	4505456  -  ResidentSetSize of job (KB)
...
006 (12419569.007.000) 06/02 23:38:52 Image size of job updated: 4071320
	3976  -  MemoryUsage of job (MB)
	4071320  -  ResidentSetSize of job (KB)
...
006 (12419569.010.000) 06/02 23:38:52 Image size of job updated: 4795076
	4683  -  MemoryUsage of job (MB)
	4795076  -  ResidentSetSize of job (KB)
...
006 (12419569.000.000) 06/02 23:38:56 Image size of job updated: 2294800
	2242  -  MemoryUsage of job (MB)
	2294800  -  ResidentSetSize of job (KB)
...
006 (12419569.001.000) 06/02 23:38:57 Image size of job updated: 2382532
	2327  -  MemoryUsage of job (MB)
	2382532  -  ResidentSetSize of job (KB)
...
006 (12419569.003.000) 06/02 23:38:57 Image size of job updated: 2421664
	2365  -  MemoryUsage of job (MB)
	2421664  -  ResidentSetSize of job (KB)
...
006 (12419569.004.000) 06/02 23:38:57 Image size of job updated: 2398420
	2343  -  MemoryUsage of job (MB)
	2398420  -  ResidentSetSize of job (KB)
...
006 (12419569.009.000) 06/02 23:38:57 Image size of job updated: 1337640
	1307  -  MemoryUsage of job (MB)
	1337640  -  ResidentSetSize of job (KB)
...
006 (12419569.012.000) 06/02 23:43:51 Image size of job updated: 1977084
	1931  -  MemoryUsage of job (MB)
	1977084  -  ResidentSetSize of job (KB)
...
006 (12419569.005.000) 06/02 23:43:51 Image size of job updated: 2946596
	2878  -  MemoryUsage of job (MB)
	2946596  -  ResidentSetSize of job (KB)
...
006 (12419569.002.000) 06/02 23:43:52 Image size of job updated: 3092752
	3021  -  MemoryUsage of job (MB)
	3092752  -  ResidentSetSize of job (KB)
...
006 (12419569.008.000) 06/02 23:43:52 Image size of job updated: 5544788
	5415  -  MemoryUsage of job (MB)
	5544788  -  ResidentSetSize of job (KB)
...
006 (12419569.006.000) 06/02 23:43:53 Image size of job updated: 3232528
	3157  -  MemoryUsage of job (MB)
	3232528  -  ResidentSetSize of job (KB)
...
006 (12419569.010.000) 06/02 23:43:53 Image size of job updated: 5870280
	5733  -  MemoryUsage of job (MB)
	5870280  -  ResidentSetSize of job (KB)
...
006 (12419569.007.000) 06/02 23:43:53 Image size of job updated: 5017308
	4900  -  MemoryUsage of job (MB)
	5017308  -  ResidentSetSize of job (KB)
...
006 (12419569.000.000) 06/02 23:43:57 Image size of job updated: 2877240
	2810  -  MemoryUsage of job (MB)
	2877240  -  ResidentSetSize of job (KB)
...
006 (12419569.001.000) 06/02 23:43:57 Image size of job updated: 3048380
	2977  -  MemoryUsage of job (MB)
	3048380  -  ResidentSetSize of job (KB)
...
006 (12419569.003.000) 06/02 23:43:57 Image size of job updated: 3097388
	3025  -  MemoryUsage of job (MB)
	3097388  -  ResidentSetSize of job (KB)
...
006 (12419569.004.000) 06/02 23:43:58 Image size of job updated: 3066836
	2995  -  MemoryUsage of job (MB)
	3066836  -  ResidentSetSize of job (KB)
...
006 (12419569.009.000) 06/02 23:43:58 Image size of job updated: 1662012
	1624  -  MemoryUsage of job (MB)
	1662012  -  ResidentSetSize of job (KB)
...
006 (12419569.005.000) 06/02 23:48:51 Image size of job updated: 3592588
	3509  -  MemoryUsage of job (MB)
	3592588  -  ResidentSetSize of job (KB)
...
006 (12419569.012.000) 06/02 23:48:51 Image size of job updated: 2303448
	2250  -  MemoryUsage of job (MB)
	2303448  -  ResidentSetSize of job (KB)
...
006 (12419569.002.000) 06/02 23:48:52 Image size of job updated: 3682044
	3596  -  MemoryUsage of job (MB)
	3682044  -  ResidentSetSize of job (KB)
...
006 (12419569.008.000) 06/02 23:48:52 Image size of job updated: 6805316
	6646  -  MemoryUsage of job (MB)
	6805316  -  ResidentSetSize of job (KB)
...
006 (12419569.006.000) 06/02 23:48:53 Image size of job updated: 3906132
	3815  -  MemoryUsage of job (MB)
	3906132  -  ResidentSetSize of job (KB)
...
006 (12419569.010.000) 06/02 23:48:53 Image size of job updated: 7149344
	6982  -  MemoryUsage of job (MB)
	7149344  -  ResidentSetSize of job (KB)
...
006 (12419569.007.000) 06/02 23:48:54 Image size of job updated: 6152524
	6009  -  MemoryUsage of job (MB)
	6152524  -  ResidentSetSize of job (KB)
...
006 (12419569.003.000) 06/02 23:48:57 Image size of job updated: 3686664
	3601  -  MemoryUsage of job (MB)
	3686664  -  ResidentSetSize of job (KB)
...
006 (12419569.000.000) 06/02 23:48:57 Image size of job updated: 3521948
	3440  -  MemoryUsage of job (MB)
	3521948  -  ResidentSetSize of job (KB)
...
006 (12419569.001.000) 06/02 23:48:57 Image size of job updated: 3635588
	3551  -  MemoryUsage of job (MB)
	3635588  -  ResidentSetSize of job (KB)
...
006 (12419569.004.000) 06/02 23:48:58 Image size of job updated: 3618728
	3534  -  MemoryUsage of job (MB)
	3618728  -  ResidentSetSize of job (KB)
...
006 (12419569.009.000) 06/02 23:48:58 Image size of job updated: 1961504
	1916  -  MemoryUsage of job (MB)
	1961504  -  ResidentSetSize of job (KB)
...
006 (12419569.012.000) 06/02 23:53:52 Image size of job updated: 2598856
	2538  -  MemoryUsage of job (MB)
	2598856  -  ResidentSetSize of job (KB)
...
006 (12419569.005.000) 06/02 23:53:52 Image size of job updated: 4146832
	4050  -  MemoryUsage of job (MB)
	4146832  -  ResidentSetSize of job (KB)
...
006 (12419569.006.000) 06/02 23:53:53 Image size of job updated: 4457444
	4353  -  MemoryUsage of job (MB)
	4457444  -  ResidentSetSize of job (KB)
...
006 (12419569.010.000) 06/02 23:53:53 Image size of job updated: 8295252
	8101  -  MemoryUsage of job (MB)
	8295252  -  ResidentSetSize of job (KB)
...
006 (12419569.002.000) 06/02 23:53:53 Image size of job updated: 4268680
	4169  -  MemoryUsage of job (MB)
	4268680  -  ResidentSetSize of job (KB)
...
006 (12419569.008.000) 06/02 23:53:53 Image size of job updated: 8004576
	7817  -  MemoryUsage of job (MB)
	8004576  -  ResidentSetSize of job (KB)
...
006 (12419569.007.000) 06/02 23:53:54 Image size of job updated: 7228164
	7059  -  MemoryUsage of job (MB)
	7228164  -  ResidentSetSize of job (KB)
...
006 (12419569.003.000) 06/02 23:53:57 Image size of job updated: 4275836
	4176  -  MemoryUsage of job (MB)
	4275836  -  ResidentSetSize of job (KB)
...
006 (12419569.001.000) 06/02 23:53:58 Image size of job updated: 4222620
	4124  -  MemoryUsage of job (MB)
	4222620  -  ResidentSetSize of job (KB)
...
006 (12419569.000.000) 06/02 23:53:58 Image size of job updated: 4080228
	3985  -  MemoryUsage of job (MB)
	4080228  -  ResidentSetSize of job (KB)
...
006 (12419569.009.000) 06/02 23:53:59 Image size of job updated: 2279128
	2226  -  MemoryUsage of job (MB)
	2279128  -  ResidentSetSize of job (KB)
...
006 (12419569.004.000) 06/02 23:53:59 Image size of job updated: 4200716
	4103  -  MemoryUsage of job (MB)
	4200716  -  ResidentSetSize of job (KB)
...
006 (12419569.012.000) 06/02 23:58:52 Image size of job updated: 2925912
	2858  -  MemoryUsage of job (MB)
	2925912  -  ResidentSetSize of job (KB)
...
006 (12419569.005.000) 06/02 23:58:52 Image size of job updated: 4673808
	4565  -  MemoryUsage of job (MB)
	4673808  -  ResidentSetSize of job (KB)
...
006 (12419569.010.000) 06/02 23:58:54 Image size of job updated: 9507108
	9285  -  MemoryUsage of job (MB)
	9507108  -  ResidentSetSize of job (KB)
...
006 (12419569.002.000) 06/02 23:58:54 Image size of job updated: 4856540
	4743  -  MemoryUsage of job (MB)
	4856540  -  ResidentSetSize of job (KB)
...
006 (12419569.008.000) 06/02 23:58:54 Image size of job updated: 9204684
	8989  -  MemoryUsage of job (MB)
	9204684  -  ResidentSetSize of job (KB)
...
006 (12419569.007.000) 06/02 23:58:54 Image size of job updated: 8302968
	8109  -  MemoryUsage of job (MB)
	8302968  -  ResidentSetSize of job (KB)
...
006 (12419569.006.000) 06/02 23:58:54 Image size of job updated: 5041940
	4924  -  MemoryUsage of job (MB)
	5041940  -  ResidentSetSize of job (KB)
...
006 (12419569.003.000) 06/02 23:58:57 Image size of job updated: 4865640
	4752  -  MemoryUsage of job (MB)
	4865640  -  ResidentSetSize of job (KB)
...
006 (12419569.001.000) 06/02 23:58:58 Image size of job updated: 4778172
	4667  -  MemoryUsage of job (MB)
	4778172  -  ResidentSetSize of job (KB)
...
006 (12419569.000.000) 06/02 23:58:59 Image size of job updated: 4637920
	4530  -  MemoryUsage of job (MB)
	4637920  -  ResidentSetSize of job (KB)
...
006 (12419569.009.000) 06/02 23:58:59 Image size of job updated: 2603220
	2543  -  MemoryUsage of job (MB)
	2603220  -  ResidentSetSize of job (KB)
...
006 (12419569.004.000) 06/02 23:59:00 Image size of job updated: 4783904
	4672  -  MemoryUsage of job (MB)
	4783904  -  ResidentSetSize of job (KB)
...
006 (12419569.012.000) 06/03 00:03:53 Image size of job updated: 3219780
	3145  -  MemoryUsage of job (MB)
	3219780  -  ResidentSetSize of job (KB)
...
006 (12419569.005.000) 06/03 00:03:53 Image size of job updated: 5231172
	5109  -  MemoryUsage of job (MB)
	5231172  -  ResidentSetSize of job (KB)
...
006 (12419569.010.000) 06/03 00:03:54 Image size of job updated: 10619144
	10371  -  MemoryUsage of job (MB)
	10619144  -  ResidentSetSize of job (KB)
...
006 (12419569.002.000) 06/03 00:03:54 Image size of job updated: 5442832
	5316  -  MemoryUsage of job (MB)
	5442832  -  ResidentSetSize of job (KB)
...
006 (12419569.008.000) 06/03 00:03:54 Image size of job updated: 10339464
	10098  -  MemoryUsage of job (MB)
	10339464  -  ResidentSetSize of job (KB)
...
006 (12419569.007.000) 06/03 00:03:55 Image size of job updated: 9314472
	9097  -  MemoryUsage of job (MB)
	9314472  -  ResidentSetSize of job (KB)
...
006 (12419569.006.000) 06/03 00:03:55 Image size of job updated: 5625900
	5495  -  MemoryUsage of job (MB)
	5625900  -  ResidentSetSize of job (KB)
...
006 (12419569.003.000) 06/03 00:03:58 Image size of job updated: 5428132
	5301  -  MemoryUsage of job (MB)
	5428132  -  ResidentSetSize of job (KB)
...
006 (12419569.000.000) 06/03 00:03:59 Image size of job updated: 5217776
	5096  -  MemoryUsage of job (MB)
	5217776  -  ResidentSetSize of job (KB)
...
006 (12419569.009.000) 06/03 00:03:59 Image size of job updated: 2895764
	2828  -  MemoryUsage of job (MB)
	2895764  -  ResidentSetSize of job (KB)
...
006 (12419569.001.000) 06/03 00:03:59 Image size of job updated: 5365120
	5240  -  MemoryUsage of job (MB)
	5365120  -  ResidentSetSize of job (KB)
...
006 (12419569.004.000) 06/03 00:04:00 Image size of job updated: 5365412
	5240  -  MemoryUsage of job (MB)
	5365412  -  ResidentSetSize of job (KB)
...
006 (12419569.000.000) 06/03 00:07:51 Image size of job updated: 5621200
	5096  -  MemoryUsage of job (MB)
	5217776  -  ResidentSetSize of job (KB)
...
040 (12419569.000.000) 06/03 00:07:57 Entered queue to transfer output files
...
006 (12419569.012.000) 06/03 00:08:53 Image size of job updated: 3636932
	3552  -  MemoryUsage of job (MB)
	3636932  -  ResidentSetSize of job (KB)
...
006 (12419569.005.000) 06/03 00:08:53 Image size of job updated: 5787832
	5653  -  MemoryUsage of job (MB)
	5787832  -  ResidentSetSize of job (KB)
...
006 (12419569.010.000) 06/03 00:08:54 Image size of job updated: 11793356
	11517  -  MemoryUsage of job (MB)
	11793356  -  ResidentSetSize of job (KB)
...
006 (12419569.002.000) 06/03 00:08:54 Image size of job updated: 6088708
	5947  -  MemoryUsage of job (MB)
	6088708  -  ResidentSetSize of job (KB)
...
006 (12419569.007.000) 06/03 00:08:55 Image size of job updated: 10323996
	10083  -  MemoryUsage of job (MB)
	10323996  -  ResidentSetSize of job (KB)
...
006 (12419569.006.000) 06/03 00:08:55 Image size of job updated: 6243112
	6097  -  MemoryUsage of job (MB)
	6243112  -  ResidentSetSize of job (KB)
...
006 (12419569.008.000) 06/03 00:08:55 Image size of job updated: 11506788
	11238  -  MemoryUsage of job (MB)
	11506788  -  ResidentSetSize of job (KB)
...
006 (12419569.003.000) 06/03 00:08:58 Image size of job updated: 6069956
	5928  -  MemoryUsage of job (MB)
	6069956  -  ResidentSetSize of job (KB)
...
006 (12419569.009.000) 06/03 00:09:00 Image size of job updated: 3307524
	3231  -  MemoryUsage of job (MB)
	3307524  -  ResidentSetSize of job (KB)
...
006 (12419569.001.000) 06/03 00:09:00 Image size of job updated: 6011756
	5871  -  MemoryUsage of job (MB)
	6011756  -  ResidentSetSize of job (KB)
...
006 (12419569.004.000) 06/03 00:09:01 Image size of job updated: 5988376
	5849  -  MemoryUsage of job (MB)
	5988376  -  ResidentSetSize of job (KB)
...
040 (12419569.010.000) 06/03 00:11:35 Entered queue to transfer output files
...
006 (12419569.001.000) 06/03 00:12:03 Image size of job updated: 6337724
	5871  -  MemoryUsage of job (MB)
	6011756  -  ResidentSetSize of job (KB)
...
040 (12419569.008.000) 06/03 00:12:03 Entered queue to transfer output files
...
040 (12419569.001.000) 06/03 00:12:08 Entered queue to transfer output files
...
006 (12419569.012.000) 06/03 00:13:53 Image size of job updated: 3963188
	3871  -  MemoryUsage of job (MB)
	3963188  -  ResidentSetSize of job (KB)
...
006 (12419569.005.000) 06/03 00:13:53 Image size of job updated: 6372056
	6223  -  MemoryUsage of job (MB)
	6372056  -  ResidentSetSize of job (KB)
...
006 (12419569.002.000) 06/03 00:13:55 Image size of job updated: 6674600
	6519  -  MemoryUsage of job (MB)
	6674600  -  ResidentSetSize of job (KB)
...
006 (12419569.007.000) 06/03 00:13:55 Image size of job updated: 11431152
	11164  -  MemoryUsage of job (MB)
	11431152  -  ResidentSetSize of job (KB)
...
006 (12419569.006.000) 06/03 00:13:56 Image size of job updated: 6818148
	6659  -  MemoryUsage of job (MB)
	6818148  -  ResidentSetSize of job (KB)
...
006 (12419569.003.000) 06/03 00:13:58 Image size of job updated: 6658532
	6503  -  MemoryUsage of job (MB)
	6658532  -  ResidentSetSize of job (KB)
...
006 (12419569.009.000) 06/03 00:14:00 Image size of job updated: 3600652
	3517  -  MemoryUsage of job (MB)
	3600652  -  ResidentSetSize of job (KB)
...
006 (12419569.004.000) 06/03 00:14:02 Image size of job updated: 6556856
	6404  -  MemoryUsage of job (MB)
	6556856  -  ResidentSetSize of job (KB)
...
040 (12419569.007.000) 06/03 00:18:12 Entered queue to transfer output files
...
006 (12419569.012.000) 06/03 00:18:54 Image size of job updated: 4261384
	4162  -  MemoryUsage of job (MB)
	4261384  -  ResidentSetSize of job (KB)
...
006 (12419569.005.000) 06/03 00:18:54 Image size of job updated: 6928980
	6767  -  MemoryUsage of job (MB)
	6928980  -  ResidentSetSize of job (KB)
...
006 (12419569.002.000) 06/03 00:18:55 Image size of job updated: 7262480
	7093  -  MemoryUsage of job (MB)
	7262480  -  ResidentSetSize of job (KB)
...
006 (12419569.006.000) 06/03 00:18:57 Image size of job updated: 7400964
	7228  -  MemoryUsage of job (MB)
	7400964  -  ResidentSetSize of job (KB)
...
006 (12419569.003.000) 06/03 00:18:59 Image size of job updated: 7249000
	7080  -  MemoryUsage of job (MB)
	7249000  -  ResidentSetSize of job (KB)
...
006 (12419569.009.000) 06/03 00:19:00 Image size of job updated: 3925908
	3834  -  MemoryUsage of job (MB)
	3925908  -  ResidentSetSize of job (KB)
...
006 (12419569.004.000) 06/03 00:19:02 Image size of job updated: 7138836
	6972  -  MemoryUsage of job (MB)
	7138836  -  ResidentSetSize of job (KB)
...
006 (12419569.012.000) 06/03 00:23:55 Image size of job updated: 4589296
	4482  -  MemoryUsage of job (MB)
	4589296  -  ResidentSetSize of job (KB)
...
006 (12419569.005.000) 06/03 00:23:55 Image size of job updated: 7484892
	7310  -  MemoryUsage of job (MB)
	7484892  -  ResidentSetSize of job (KB)
...
006 (12419569.002.000) 06/03 00:23:55 Image size of job updated: 7848532
	7665  -  MemoryUsage of job (MB)
	7848532  -  ResidentSetSize of job (KB)
...
006 (12419569.006.000) 06/03 00:23:57 Image size of job updated: 7983496
	7797  -  MemoryUsage of job (MB)
	7983496  -  ResidentSetSize of job (KB)
...
006 (12419569.003.000) 06/03 00:23:59 Image size of job updated: 7836536
	7653  -  MemoryUsage of job (MB)
	7836536  -  ResidentSetSize of job (KB)
...
006 (12419569.009.000) 06/03 00:24:01 Image size of job updated: 4249676
	4151  -  MemoryUsage of job (MB)
	4249676  -  ResidentSetSize of job (KB)
...
006 (12419569.004.000) 06/03 00:24:03 Image size of job updated: 7722640
	7542  -  MemoryUsage of job (MB)
	7722640  -  ResidentSetSize of job (KB)
...
006 (12419569.012.000) 06/03 00:28:55 Image size of job updated: 4883440
	4769  -  MemoryUsage of job (MB)
	4883440  -  ResidentSetSize of job (KB)
...
006 (12419569.005.000) 06/03 00:28:55 Image size of job updated: 8040448
	7852  -  MemoryUsage of job (MB)
	8040448  -  ResidentSetSize of job (KB)
...
006 (12419569.002.000) 06/03 00:28:56 Image size of job updated: 8434368
	8237  -  MemoryUsage of job (MB)
	8434368  -  ResidentSetSize of job (KB)
...
006 (12419569.006.000) 06/03 00:28:57 Image size of job updated: 8564028
	8364  -  MemoryUsage of job (MB)
	8564028  -  ResidentSetSize of job (KB)
...
006 (12419569.003.000) 06/03 00:29:00 Image size of job updated: 8424076
	8227  -  MemoryUsage of job (MB)
	8424076  -  ResidentSetSize of job (KB)
...
006 (12419569.009.000) 06/03 00:29:01 Image size of job updated: 4541380
	4435  -  MemoryUsage of job (MB)
	4541380  -  ResidentSetSize of job (KB)
...
006 (12419569.004.000) 06/03 00:29:04 Image size of job updated: 8303896
	8110  -  MemoryUsage of job (MB)
	8303896  -  ResidentSetSize of job (KB)
...
006 (12419569.006.000) 06/03 00:30:16 Image size of job updated: 8564028
	8364  -  MemoryUsage of job (MB)
	8564540  -  ResidentSetSize of job (KB)
...
040 (12419569.006.000) 06/03 00:30:21 Entered queue to transfer output files
...
040 (12419569.005.000) 06/03 00:30:42 Entered queue to transfer output files
...
006 (12419569.012.000) 06/03 00:33:56 Image size of job updated: 5211948
	5090  -  MemoryUsage of job (MB)
	5211948  -  ResidentSetSize of job (KB)
...
006 (12419569.002.000) 06/03 00:33:57 Image size of job updated: 8987636
	8777  -  MemoryUsage of job (MB)
	8987636  -  ResidentSetSize of job (KB)
...
006 (12419569.003.000) 06/03 00:34:01 Image size of job updated: 9011344
	8801  -  MemoryUsage of job (MB)
	9011344  -  ResidentSetSize of job (KB)
...
006 (12419569.009.000) 06/03 00:34:01 Image size of job updated: 4867756
	4754  -  MemoryUsage of job (MB)
	4867756  -  ResidentSetSize of job (KB)
...
006 (12419569.004.000) 06/03 00:34:04 Image size of job updated: 8852588
	8646  -  MemoryUsage of job (MB)
	8852588  -  ResidentSetSize of job (KB)
...
040 (12419569.006.000) 06/03 00:35:03 Started transferring output files
	Seconds spent in queue: 5999
...
040 (12419569.006.000) 06/03 00:35:03 Finished transferring output files
...
005 (12419569.006.000) 06/03 00:35:03 Job terminated.
	(1) Normal termination (return value 0)
		Usr 0 00:07:06, Sys 0 00:00:51  -  Run Remote Usage
		Usr 0 00:00:00, Sys 0 00:00:00  -  Run Local Usage
		Usr 0 00:07:06, Sys 0 00:00:51  -  Total Remote Usage
		Usr 0 00:00:00, Sys 0 00:00:00  -  Total Local Usage
	47148  -  Run Bytes Sent By Job
	10844  -  Run Bytes Received By Job
	47148  -  Total Bytes Sent By Job
	10844  -  Total Bytes Received By Job
	Partitionable Resources :    Usage  Request Allocated 
	   Cpus                 :     0.11        4         4 
	   Disk (KB)            :   123           1      3549 
	   GPUs                 :                           0 
	   Memory (MB)          :  8364       12000     12000 

	Job terminated of its own accord at 2025-06-02T22:30:16Z with exit-code 0.
...
040 (12419569.005.000) 06/03 00:35:03 Started transferring output files
	Seconds spent in queue: 6000
...
040 (12419569.005.000) 06/03 00:35:03 Finished transferring output files
...
005 (12419569.005.000) 06/03 00:35:04 Job terminated.
	(1) Normal termination (return value 0)
		Usr 0 00:10:40, Sys 0 00:00:42  -  Run Remote Usage
		Usr 0 00:00:00, Sys 0 00:00:00  -  Run Local Usage
		Usr 0 00:10:40, Sys 0 00:00:42  -  Total Remote Usage
		Usr 0 00:00:00, Sys 0 00:00:00  -  Total Local Usage
	47017  -  Run Bytes Sent By Job
	10844  -  Run Bytes Received By Job
	47017  -  Total Bytes Sent By Job
	10844  -  Total Bytes Received By Job
	Partitionable Resources :    Usage  Request Allocated 
	   Cpus                 :        0        4         4 
	   Disk (KB)            :      122        1      3868 
	   GPUs                 :                           0 
	   Memory (MB)          :     7852    12000     12000 

	Job terminated of its own accord at 2025-06-02T22:30:37Z with exit-code 0.
...
006 (12419569.012.000) 06/03 00:38:57 Image size of job updated: 5538712
	5409  -  MemoryUsage of job (MB)
	5538712  -  ResidentSetSize of job (KB)
...
006 (12419569.002.000) 06/03 00:38:57 Image size of job updated: 9575556
	9352  -  MemoryUsage of job (MB)
	9575556  -  ResidentSetSize of job (KB)
...
006 (12419569.003.000) 06/03 00:39:01 Image size of job updated: 9566228
	9343  -  MemoryUsage of job (MB)
	9566228  -  ResidentSetSize of job (KB)
...
006 (12419569.009.000) 06/03 00:39:02 Image size of job updated: 5192084
	5071  -  MemoryUsage of job (MB)
	5192084  -  ResidentSetSize of job (KB)
...
006 (12419569.004.000) 06/03 00:39:05 Image size of job updated: 9433596
	9213  -  MemoryUsage of job (MB)
	9433596  -  ResidentSetSize of job (KB)
...
040 (12419569.000.000) 06/03 00:41:47 Started transferring output files
	Seconds spent in queue: 6406
...
040 (12419569.000.000) 06/03 00:41:47 Finished transferring output files
...
005 (12419569.000.000) 06/03 00:41:47 Job terminated.
	(1) Normal termination (return value 0)
		Usr 0 00:06:18, Sys 0 00:00:26  -  Run Remote Usage
		Usr 0 00:00:00, Sys 0 00:00:00  -  Run Local Usage
		Usr 0 00:06:18, Sys 0 00:00:26  -  Total Remote Usage
		Usr 0 00:00:00, Sys 0 00:00:00  -  Total Local Usage
	45697  -  Run Bytes Sent By Job
	10844  -  Run Bytes Received By Job
	45697  -  Total Bytes Sent By Job
	10844  -  Total Bytes Received By Job
	Partitionable Resources :    Usage  Request Allocated 
	   Cpus                 :        0        4         4 
	   Disk (KB)            :      121        1      3937 
	   GPUs                 :                           0 
	   Memory (MB)          :     5096    12000     12000 

	Job terminated of its own accord at 2025-06-02T22:07:51Z with exit-code 0.
...
040 (12419569.007.000) 06/03 00:41:50 Started transferring output files
	Seconds spent in queue: 6407
...
040 (12419569.007.000) 06/03 00:41:50 Finished transferring output files
...
005 (12419569.007.000) 06/03 00:41:50 Job terminated.
	(1) Normal termination (return value 0)
		Usr 0 00:17:04, Sys 0 00:01:07  -  Run Remote Usage
		Usr 0 00:00:00, Sys 0 00:00:00  -  Run Local Usage
		Usr 0 00:17:04, Sys 0 00:01:07  -  Total Remote Usage
		Usr 0 00:00:00, Sys 0 00:00:00  -  Total Local Usage
	49128  -  Run Bytes Sent By Job
	10844  -  Run Bytes Received By Job
	49128  -  Total Bytes Sent By Job
	10844  -  Total Bytes Received By Job
	Partitionable Resources :    Usage  Request Allocated 
	   Cpus                 :        0        4         4 
	   Disk (KB)            :      124        1      3870 
	   GPUs                 :                           0 
	   Memory (MB)          :    11164    12000     12000 

	Job terminated of its own accord at 2025-06-02T22:18:07Z with exit-code 0.
...
006 (12419569.012.000) 06/03 00:43:57 Image size of job updated: 5833788
	5698  -  MemoryUsage of job (MB)
	5833788  -  ResidentSetSize of job (KB)
...
006 (12419569.002.000) 06/03 00:43:58 Image size of job updated: 10161344
	9924  -  MemoryUsage of job (MB)
	10161344  -  ResidentSetSize of job (KB)
...
006 (12419569.009.000) 06/03 00:44:02 Image size of job updated: 5484156
	5356  -  MemoryUsage of job (MB)
	5484156  -  ResidentSetSize of job (KB)
...
006 (12419569.003.000) 06/03 00:44:02 Image size of job updated: 10153708
	9916  -  MemoryUsage of job (MB)
	10153708  -  ResidentSetSize of job (KB)
...
006 (12419569.004.000) 06/03 00:44:06 Image size of job updated: 10014888
	9781  -  MemoryUsage of job (MB)
	10014888  -  ResidentSetSize of job (KB)
...
040 (12419569.010.000) 06/03 00:45:45 Started transferring output files
	Seconds spent in queue: 6640
...
040 (12419569.010.000) 06/03 00:45:45 Finished transferring output files
...
005 (12419569.010.000) 06/03 00:45:45 Job terminated.
	(1) Normal termination (return value 0)
		Usr 0 00:09:51, Sys 0 00:01:13  -  Run Remote Usage
		Usr 0 00:00:00, Sys 0 00:00:00  -  Run Local Usage
		Usr 0 00:09:51, Sys 0 00:01:13  -  Total Remote Usage
		Usr 0 00:00:00, Sys 0 00:00:00  -  Total Local Usage
	49131  -  Run Bytes Sent By Job
	10844  -  Run Bytes Received By Job
	49131  -  Total Bytes Sent By Job
	10844  -  Total Bytes Received By Job
	Partitionable Resources :    Usage  Request Allocated 
	   Cpus                 :        0        4         4 
	   Disk (KB)            :      125        1      3770 
	   GPUs                 :                           0 
	   Memory (MB)          :    11517    12000     12000 

	Job terminated of its own accord at 2025-06-02T22:11:30Z with exit-code 0.
...
040 (12419569.008.000) 06/03 00:46:51 Started transferring output files
	Seconds spent in queue: 6707
...
040 (12419569.008.000) 06/03 00:46:51 Finished transferring output files
...
005 (12419569.008.000) 06/03 00:46:51 Job terminated.
	(1) Normal termination (return value 0)
		Usr 0 00:10:23, Sys 0 00:01:25  -  Run Remote Usage
		Usr 0 00:00:00, Sys 0 00:00:00  -  Run Local Usage
		Usr 0 00:10:23, Sys 0 00:01:25  -  Total Remote Usage
		Usr 0 00:00:00, Sys 0 00:00:00  -  Total Local Usage
	49129  -  Run Bytes Sent By Job
	10844  -  Run Bytes Received By Job
	49129  -  Total Bytes Sent By Job
	10844  -  Total Bytes Received By Job
	Partitionable Resources :    Usage  Request Allocated 
	   Cpus                 :        0        4         4 
	   Disk (KB)            :      124        1      3859 
	   GPUs                 :                           0 
	   Memory (MB)          :    11238    12000     12000 

	Job terminated of its own accord at 2025-06-02T22:11:58Z with exit-code 0.
...
040 (12419569.001.000) 06/03 00:46:52 Started transferring output files
	Seconds spent in queue: 6711
...
040 (12419569.001.000) 06/03 00:46:52 Finished transferring output files
...
005 (12419569.001.000) 06/03 00:46:52 Job terminated.
	(1) Normal termination (return value 0)
		Usr 0 00:05:04, Sys 0 00:00:35  -  Run Remote Usage
		Usr 0 00:00:00, Sys 0 00:00:00  -  Run Local Usage
		Usr 0 00:05:04, Sys 0 00:00:35  -  Total Remote Usage
		Usr 0 00:00:00, Sys 0 00:00:00  -  Total Local Usage
	46093  -  Run Bytes Sent By Job
	10844  -  Run Bytes Received By Job
	46093  -  Total Bytes Sent By Job
	10844  -  Total Bytes Received By Job
	Partitionable Resources :    Usage  Request Allocated 
	   Cpus                 :        0        4         4 
	   Disk (KB)            :      124        1      3602 
	   GPUs                 :                           0 
	   Memory (MB)          :     5871    12000     12000 

	Job terminated of its own accord at 2025-06-02T22:12:03Z with exit-code 0.
...
006 (12419569.012.000) 06/03 00:48:58 Image size of job updated: 6219588
	6074  -  MemoryUsage of job (MB)
	6219588  -  ResidentSetSize of job (KB)
...
006 (12419569.002.000) 06/03 00:48:59 Image size of job updated: 10746944
	10496  -  MemoryUsage of job (MB)
	10746944  -  ResidentSetSize of job (KB)
...
006 (12419569.009.000) 06/03 00:49:02 Image size of job updated: 5808644
	5673  -  MemoryUsage of job (MB)
	5808644  -  ResidentSetSize of job (KB)
...
006 (12419569.003.000) 06/03 00:49:03 Image size of job updated: 10741688
	10490  -  MemoryUsage of job (MB)
	10741688  -  ResidentSetSize of job (KB)
...
006 (12419569.004.000) 06/03 00:49:06 Image size of job updated: 10596508
	10349  -  MemoryUsage of job (MB)
	10596508  -  ResidentSetSize of job (KB)
...
040 (12419569.002.000) 06/03 00:52:09 Entered queue to transfer output files
...
006 (12419569.012.000) 06/03 00:53:59 Image size of job updated: 6547224
	6394  -  MemoryUsage of job (MB)
	6547224  -  ResidentSetSize of job (KB)
...
006 (12419569.009.000) 06/03 00:54:03 Image size of job updated: 6161048
	6017  -  MemoryUsage of job (MB)
	6161048  -  ResidentSetSize of job (KB)
...
006 (12419569.003.000) 06/03 00:54:03 Image size of job updated: 11330220
	11065  -  MemoryUsage of job (MB)
	11330220  -  ResidentSetSize of job (KB)
...
006 (12419569.004.000) 06/03 00:54:07 Image size of job updated: 11177648
	10916  -  MemoryUsage of job (MB)
	11177648  -  ResidentSetSize of job (KB)
...
040 (12419569.002.000) 06/03 00:55:19 Started transferring output files
	Seconds spent in queue: 7218
...
040 (12419569.002.000) 06/03 00:55:19 Finished transferring output files
...
005 (12419569.002.000) 06/03 00:55:19 Job terminated.
	(1) Normal termination (return value 0)
		Usr 0 00:08:07, Sys 0 00:01:02  -  Run Remote Usage
		Usr 0 00:00:00, Sys 0 00:00:00  -  Run Local Usage
		Usr 0 00:08:07, Sys 0 00:01:02  -  Total Remote Usage
		Usr 0 00:00:00, Sys 0 00:00:00  -  Total Local Usage
	48601  -  Run Bytes Sent By Job
	10844  -  Run Bytes Received By Job
	48601  -  Total Bytes Sent By Job
	10844  -  Total Bytes Received By Job
	Partitionable Resources :    Usage  Request Allocated 
	   Cpus                 :     0.11        4         4 
	   Disk (KB)            :   124           1      3767 
	   GPUs                 :                           0 
	   Memory (MB)          : 10496       12000     12000 

	Job terminated of its own accord at 2025-06-02T22:52:04Z with exit-code 0.
...
006 (12419569.003.000) 06/03 00:57:44 Image size of job updated: 11722332
	11065  -  MemoryUsage of job (MB)
	11330220  -  ResidentSetSize of job (KB)
...
040 (12419569.003.000) 06/03 00:57:49 Entered queue to transfer output files
...
040 (12419569.003.000) 06/03 00:57:50 Started transferring output files
	Seconds spent in queue: 7367
...
040 (12419569.003.000) 06/03 00:57:50 Finished transferring output files
...
005 (12419569.003.000) 06/03 00:57:50 Job terminated.
	(1) Normal termination (return value 0)
		Usr 0 00:08:56, Sys 0 00:00:56  -  Run Remote Usage
		Usr 0 00:00:00, Sys 0 00:00:00  -  Run Local Usage
		Usr 0 00:08:56, Sys 0 00:00:56  -  Total Remote Usage
		Usr 0 00:00:00, Sys 0 00:00:00  -  Total Local Usage
	48997  -  Run Bytes Sent By Job
	10844  -  Run Bytes Received By Job
	48997  -  Total Bytes Sent By Job
	10844  -  Total Bytes Received By Job
	Partitionable Resources :    Usage  Request Allocated 
	   Cpus                 :     0.10        4         4 
	   Disk (KB)            :   128           1      3629 
	   GPUs                 :                           0 
	   Memory (MB)          : 11065       12000     12000 

	Job terminated of its own accord at 2025-06-02T22:57:44Z with exit-code 0.
...
006 (12419569.012.000) 06/03 00:58:59 Image size of job updated: 6841120
	6681  -  MemoryUsage of job (MB)
	6841120  -  ResidentSetSize of job (KB)
...
006 (12419569.009.000) 06/03 00:59:03 Image size of job updated: 6485488
	6334  -  MemoryUsage of job (MB)
	6485488  -  ResidentSetSize of job (KB)
...
006 (12419569.004.000) 06/03 00:59:08 Image size of job updated: 11758952
	11484  -  MemoryUsage of job (MB)
	11758952  -  ResidentSetSize of job (KB)
...
006 (12419569.004.000) 06/03 01:01:28 Image size of job updated: 11984828
	11484  -  MemoryUsage of job (MB)
	11758952  -  ResidentSetSize of job (KB)
...
040 (12419569.004.000) 06/03 01:01:33 Entered queue to transfer output files
...
040 (12419569.004.000) 06/03 01:01:40 Started transferring output files
	Seconds spent in queue: 7597
...
040 (12419569.004.000) 06/03 01:01:40 Finished transferring output files
...
005 (12419569.004.000) 06/03 01:01:40 Job terminated.
	(1) Normal termination (return value 0)
		Usr 0 00:09:52, Sys 0 00:01:12  -  Run Remote Usage
		Usr 0 00:00:00, Sys 0 00:00:00  -  Run Local Usage
		Usr 0 00:09:52, Sys 0 00:01:12  -  Total Remote Usage
		Usr 0 00:00:00, Sys 0 00:00:00  -  Total Local Usage
	49128  -  Run Bytes Sent By Job
	10844  -  Run Bytes Received By Job
	49128  -  Total Bytes Sent By Job
	10844  -  Total Bytes Received By Job
	Partitionable Resources :    Usage  Request Allocated 
	   Cpus                 :     0.08        4         4 
	   Disk (KB)            :   124           1      3393 
	   GPUs                 :                           0 
	   Memory (MB)          : 11484       12000     12000 

	Job terminated of its own accord at 2025-06-02T23:01:28Z with exit-code 0.
...
006 (12419569.012.000) 06/03 01:03:59 Image size of job updated: 7168820
	7001  -  MemoryUsage of job (MB)
	7168820  -  ResidentSetSize of job (KB)
...
006 (12419569.009.000) 06/03 01:04:03 Image size of job updated: 6804660
	6646  -  MemoryUsage of job (MB)
	6804660  -  ResidentSetSize of job (KB)
...
006 (12419569.012.000) 06/03 01:09:00 Image size of job updated: 7498016
	7323  -  MemoryUsage of job (MB)
	7498016  -  ResidentSetSize of job (KB)
...
006 (12419569.009.000) 06/03 01:09:04 Image size of job updated: 7103756
	6938  -  MemoryUsage of job (MB)
	7103756  -  ResidentSetSize of job (KB)
...
006 (12419569.012.000) 06/03 01:14:01 Image size of job updated: 7792320
	7610  -  MemoryUsage of job (MB)
	7792320  -  ResidentSetSize of job (KB)
...
006 (12419569.009.000) 06/03 01:14:04 Image size of job updated: 7427860
	7254  -  MemoryUsage of job (MB)
	7427860  -  ResidentSetSize of job (KB)
...
006 (12419569.012.000) 06/03 01:19:02 Image size of job updated: 8118600
	7929  -  MemoryUsage of job (MB)
	8118600  -  ResidentSetSize of job (KB)
...
006 (12419569.009.000) 06/03 01:19:05 Image size of job updated: 7719744
	7539  -  MemoryUsage of job (MB)
	7719744  -  ResidentSetSize of job (KB)
...
006 (12419569.012.000) 06/03 01:24:02 Image size of job updated: 8443480
	8246  -  MemoryUsage of job (MB)
	8443480  -  ResidentSetSize of job (KB)
...
006 (12419569.009.000) 06/03 01:24:05 Image size of job updated: 8044156
	7856  -  MemoryUsage of job (MB)
	8044156  -  ResidentSetSize of job (KB)
...
006 (12419569.012.000) 06/03 01:29:03 Image size of job updated: 8740396
	8536  -  MemoryUsage of job (MB)
	8740396  -  ResidentSetSize of job (KB)
...
006 (12419569.009.000) 06/03 01:29:05 Image size of job updated: 8350496
	8155  -  MemoryUsage of job (MB)
	8350496  -  ResidentSetSize of job (KB)
...
006 (12419569.012.000) 06/03 01:34:04 Image size of job updated: 9068236
	8856  -  MemoryUsage of job (MB)
	9068236  -  ResidentSetSize of job (KB)
...
006 (12419569.009.000) 06/03 01:34:06 Image size of job updated: 8659972
	8458  -  MemoryUsage of job (MB)
	8659972  -  ResidentSetSize of job (KB)
...
006 (12419569.012.000) 06/03 01:39:04 Image size of job updated: 9362276
	9143  -  MemoryUsage of job (MB)
	9362276  -  ResidentSetSize of job (KB)
...
006 (12419569.009.000) 06/03 01:39:06 Image size of job updated: 8983988
	8774  -  MemoryUsage of job (MB)
	8983988  -  ResidentSetSize of job (KB)
...
006 (12419569.012.000) 06/03 01:44:04 Image size of job updated: 9689004
	9462  -  MemoryUsage of job (MB)
	9689004  -  ResidentSetSize of job (KB)
...
006 (12419569.009.000) 06/03 01:44:07 Image size of job updated: 9276108
	9059  -  MemoryUsage of job (MB)
	9276108  -  ResidentSetSize of job (KB)
...
006 (12419569.012.000) 06/03 01:49:05 Image size of job updated: 10016104
	9782  -  MemoryUsage of job (MB)
	10016104  -  ResidentSetSize of job (KB)
...
006 (12419569.009.000) 06/03 01:49:08 Image size of job updated: 9602364
	9378  -  MemoryUsage of job (MB)
	9602364  -  ResidentSetSize of job (KB)
...
006 (12419569.012.000) 06/03 01:54:05 Image size of job updated: 10310496
	10069  -  MemoryUsage of job (MB)
	10310496  -  ResidentSetSize of job (KB)
...
006 (12419569.009.000) 06/03 01:54:08 Image size of job updated: 9894424
	9663  -  MemoryUsage of job (MB)
	9894424  -  ResidentSetSize of job (KB)
...
006 (12419569.012.000) 06/03 01:59:05 Image size of job updated: 10637040
	10388  -  MemoryUsage of job (MB)
	10637040  -  ResidentSetSize of job (KB)
...
006 (12419569.009.000) 06/03 01:59:09 Image size of job updated: 10218756
	9980  -  MemoryUsage of job (MB)
	10218756  -  ResidentSetSize of job (KB)
...
006 (12419569.012.000) 06/03 02:04:06 Image size of job updated: 10964684
	10708  -  MemoryUsage of job (MB)
	10964684  -  ResidentSetSize of job (KB)
...
006 (12419569.009.000) 06/03 02:04:10 Image size of job updated: 10542776
	10296  -  MemoryUsage of job (MB)
	10542776  -  ResidentSetSize of job (KB)
...
006 (12419569.012.000) 06/03 02:09:06 Image size of job updated: 10975760
	10719  -  MemoryUsage of job (MB)
	10975760  -  ResidentSetSize of job (KB)
...
006 (12419569.009.000) 06/03 02:09:10 Image size of job updated: 10834368
	10581  -  MemoryUsage of job (MB)
	10834368  -  ResidentSetSize of job (KB)
...
006 (12419569.012.000) 06/03 02:14:06 Image size of job updated: 11302548
	11038  -  MemoryUsage of job (MB)
	11302548  -  ResidentSetSize of job (KB)
...
006 (12419569.009.000) 06/03 02:14:11 Image size of job updated: 11158712
	10898  -  MemoryUsage of job (MB)
	11158712  -  ResidentSetSize of job (KB)
...
006 (12419569.012.000) 06/03 02:19:07 Image size of job updated: 11598820
	11327  -  MemoryUsage of job (MB)
	11598820  -  ResidentSetSize of job (KB)
...
006 (12419569.009.000) 06/03 02:19:11 Image size of job updated: 11450644
	11183  -  MemoryUsage of job (MB)
	11450644  -  ResidentSetSize of job (KB)
...
006 (12419569.012.000) 06/03 02:24:08 Image size of job updated: 11926248
	11647  -  MemoryUsage of job (MB)
	11926248  -  ResidentSetSize of job (KB)
...
006 (12419569.009.000) 06/03 02:24:11 Image size of job updated: 11775504
	11500  -  MemoryUsage of job (MB)
	11775504  -  ResidentSetSize of job (KB)
...
040 (12419569.012.000) 06/03 02:27:15 Started transferring output files
	Seconds spent in queue: 12729
...
040 (12419569.012.000) 06/03 02:27:15 Finished transferring output files
...
005 (12419569.012.000) 06/03 02:27:15 Job terminated.
	(1) Normal termination (return value 0)
		Usr 0 00:10:34, Sys 0 00:01:20  -  Run Remote Usage
		Usr 0 00:00:00, Sys 0 00:00:00  -  Run Local Usage
		Usr 0 00:10:34, Sys 0 00:01:20  -  Total Remote Usage
		Usr 0 00:00:00, Sys 0 00:00:00  -  Total Local Usage
	49131  -  Run Bytes Sent By Job
	10844  -  Run Bytes Received By Job
	49131  -  Total Bytes Sent By Job
	10844  -  Total Bytes Received By Job
	Partitionable Resources :    Usage  Request Allocated 
	   Cpus                 :     0.09        4         4 
	   Disk (KB)            :   125           1      3768 
	   GPUs                 :                           0 
	   Memory (MB)          : 11647       12000     12000 

	Job terminated of its own accord at 2025-06-03T00:27:14Z with exit-code 0.
...
006 (12419569.009.000) 06/03 02:28:50 Image size of job updated: 12034604
	11500  -  MemoryUsage of job (MB)
	11775504  -  ResidentSetSize of job (KB)
...
040 (12419569.009.000) 06/03 02:28:52 Started transferring output files
	Seconds spent in queue: 12827
...
040 (12419569.009.000) 06/03 02:28:52 Finished transferring output files
...
005 (12419569.009.000) 06/03 02:28:52 Job terminated.
	(1) Normal termination (return value 0)
		Usr 0 00:10:38, Sys 0 00:01:27  -  Run Remote Usage
		Usr 0 00:00:00, Sys 0 00:00:00  -  Run Local Usage
		Usr 0 00:10:38, Sys 0 00:01:27  -  Total Remote Usage
		Usr 0 00:00:00, Sys 0 00:00:00  -  Total Local Usage
	49129  -  Run Bytes Sent By Job
	10844  -  Run Bytes Received By Job
	49129  -  Total Bytes Sent By Job
	10844  -  Total Bytes Received By Job
	Partitionable Resources :    Usage  Request Allocated 
	   Cpus                 :     0.09        4         4 
	   Disk (KB)            :   125           1      3785 
	   GPUs                 :                           0 
	   Memory (MB)          : 11500       12000     12000 

	Job terminated of its own accord at 2025-06-03T00:28:50Z with exit-code 0.
...
