000 (12419553.000.000) 06/02 22:03:15 Job submitted from host: <188.185.114.121:9618?addrs=188.185.114.121-9618+[2001-1458-d00-a--100-273]-9618&alias=bigbird19.cern.ch&noUDP&sock=schedd_2045_4743>
...
000 (12419553.001.000) 06/02 22:03:15 Job submitted from host: <188.185.114.121:9618?addrs=188.185.114.121-9618+[2001-1458-d00-a--100-273]-9618&alias=bigbird19.cern.ch&noUDP&sock=schedd_2045_4743>
...
000 (12419553.002.000) 06/02 22:03:15 Job submitted from host: <188.185.114.121:9618?addrs=188.185.114.121-9618+[2001-1458-d00-a--100-273]-9618&alias=bigbird19.cern.ch&noUDP&sock=schedd_2045_4743>
...
000 (12419553.003.000) 06/02 22:03:15 Job submitted from host: <188.185.114.121:9618?addrs=188.185.114.121-9618+[2001-1458-d00-a--100-273]-9618&alias=bigbird19.cern.ch&noUDP&sock=schedd_2045_4743>
...
000 (12419553.004.000) 06/02 22:03:15 Job submitted from host: <188.185.114.121:9618?addrs=188.185.114.121-9618+[2001-1458-d00-a--100-273]-9618&alias=bigbird19.cern.ch&noUDP&sock=schedd_2045_4743>
...
000 (12419553.005.000) 06/02 22:03:15 Job submitted from host: <188.185.114.121:9618?addrs=188.185.114.121-9618+[2001-1458-d00-a--100-273]-9618&alias=bigbird19.cern.ch&noUDP&sock=schedd_2045_4743>
...
000 (12419553.006.000) 06/02 22:03:15 Job submitted from host: <188.185.114.121:9618?addrs=188.185.114.121-9618+[2001-1458-d00-a--100-273]-9618&alias=bigbird19.cern.ch&noUDP&sock=schedd_2045_4743>
...
000 (12419553.007.000) 06/02 22:03:15 Job submitted from host: <188.185.114.121:9618?addrs=188.185.114.121-9618+[2001-1458-d00-a--100-273]-9618&alias=bigbird19.cern.ch&noUDP&sock=schedd_2045_4743>
...
000 (12419553.008.000) 06/02 22:03:15 Job submitted from host: <188.185.114.121:9618?addrs=188.185.114.121-9618+[2001-1458-d00-a--100-273]-9618&alias=bigbird19.cern.ch&noUDP&sock=schedd_2045_4743>
...
000 (12419553.009.000) 06/02 22:03:15 Job submitted from host: <188.185.114.121:9618?addrs=188.185.114.121-9618+[2001-1458-d00-a--100-273]-9618&alias=bigbird19.cern.ch&noUDP&sock=schedd_2045_4743>
...
000 (12419553.010.000) 06/02 22:03:15 Job submitted from host: <188.185.114.121:9618?addrs=188.185.114.121-9618+[2001-1458-d00-a--100-273]-9618&alias=bigbird19.cern.ch&noUDP&sock=schedd_2045_4743>
...
000 (12419553.011.000) 06/02 22:03:15 Job submitted from host: <188.185.114.121:9618?addrs=188.185.114.121-9618+[2001-1458-d00-a--100-273]-9618&alias=bigbird19.cern.ch&noUDP&sock=schedd_2045_4743>
...
040 (12419553.000.000) 06/02 22:26:42 Entered queue to transfer input files
	Transferring to host: <188.185.213.182:9618?addrs=188.185.213.182-9618+[2001-1458-303-1b--100-32]-9618&alias=b9p28p3646.cern.ch&noUDP&sock=slot1_12_11094_79fc_698>
...
040 (12419553.002.000) 06/02 22:26:44 Entered queue to transfer input files
	Transferring to host: <188.185.213.142:9618?addrs=188.185.213.142-9618+[2001-1458-303-1b--100-a]-9618&alias=b9p28p1864.cern.ch&noUDP&sock=slot1_3_8678_2f9a_678>
...
040 (12419553.001.000) 06/02 22:26:44 Entered queue to transfer input files
	Transferring to host: <188.185.213.148:9618?addrs=188.185.213.148-9618+[2001-1458-303-1b--100-10]-9618&alias=b9p28p0002.cern.ch&noUDP&sock=slot1_2_8480_ad52_899>
...
040 (12419553.003.000) 06/02 22:26:46 Entered queue to transfer input files
	Transferring to host: <128.142.161.107:9618?addrs=128.142.161.107-9618+[2001-1458-301-b8--100-29]-9618&alias=b9g03p5993.cern.ch&noUDP&sock=slot1_21_1177149_b5d5_44556>
...
040 (12419553.004.000) 06/02 22:26:46 Entered queue to transfer input files
	Transferring to host: <188.185.213.182:9618?addrs=188.185.213.182-9618+[2001-1458-303-1b--100-32]-9618&alias=b9p28p3646.cern.ch&noUDP&sock=slot1_13_11094_79fc_699>
...
040 (12419553.005.000) 06/02 22:26:46 Entered queue to transfer input files
	Transferring to host: <188.185.214.103:9618?addrs=188.185.214.103-9618+[2001-1458-303-1c--100-63]-9618&alias=b9p29p0062.cern.ch&noUDP&sock=slot1_2_8479_f8f2_978>
...
040 (12419553.008.000) 06/02 22:26:47 Entered queue to transfer input files
	Transferring to host: <188.185.213.142:9618?addrs=188.185.213.142-9618+[2001-1458-303-1b--100-a]-9618&alias=b9p28p1864.cern.ch&noUDP&sock=slot1_4_8678_2f9a_679>
...
040 (12419553.007.000) 06/02 22:26:47 Entered queue to transfer input files
	Transferring to host: <188.185.213.148:9618?addrs=188.185.213.148-9618+[2001-1458-303-1b--100-10]-9618&alias=b9p28p0002.cern.ch&noUDP&sock=slot1_3_8480_ad52_900>
...
040 (12419553.006.000) 06/02 22:26:47 Entered queue to transfer input files
	Transferring to host: <188.185.210.154:9618?addrs=188.185.210.154-9618+[2001-1458-303-15--100-16]-9618&alias=b9p22p0702.cern.ch&noUDP&sock=slot1_26_7983_7ede_904>
...
040 (12419553.009.000) 06/02 22:26:49 Entered queue to transfer input files
	Transferring to host: <188.185.214.103:9618?addrs=188.185.214.103-9618+[2001-1458-303-1c--100-63]-9618&alias=b9p29p0062.cern.ch&noUDP&sock=slot1_7_8479_f8f2_979>
...
040 (12419553.011.000) 06/02 22:26:49 Entered queue to transfer input files
	Transferring to host: <188.185.213.142:9618?addrs=188.185.213.142-9618+[2001-1458-303-1b--100-a]-9618&alias=b9p28p1864.cern.ch&noUDP&sock=slot1_12_8678_2f9a_680>
...
040 (12419553.010.000) 06/02 22:26:49 Entered queue to transfer input files
	Transferring to host: <188.185.213.148:9618?addrs=188.185.213.148-9618+[2001-1458-303-1b--100-10]-9618&alias=b9p28p0002.cern.ch&noUDP&sock=slot1_7_8480_ad52_901>
...
040 (12419553.000.000) 06/02 23:18:37 Started transferring input files
	Seconds spent in queue: 3115
...
040 (12419553.000.000) 06/02 23:18:37 Finished transferring input files
...
040 (12419553.002.000) 06/02 23:18:37 Started transferring input files
	Seconds spent in queue: 3113
...
040 (12419553.001.000) 06/02 23:18:37 Started transferring input files
	Seconds spent in queue: 3113
...
040 (12419553.002.000) 06/02 23:18:37 Finished transferring input files
...
040 (12419553.001.000) 06/02 23:18:37 Finished transferring input files
...
040 (12419553.003.000) 06/02 23:18:37 Started transferring input files
	Seconds spent in queue: 3111
...
040 (12419553.004.000) 06/02 23:18:37 Started transferring input files
	Seconds spent in queue: 3111
...
040 (12419553.003.000) 06/02 23:18:37 Finished transferring input files
...
040 (12419553.004.000) 06/02 23:18:37 Finished transferring input files
...
040 (12419553.005.000) 06/02 23:18:37 Started transferring input files
	Seconds spent in queue: 3111
...
040 (12419553.005.000) 06/02 23:18:37 Finished transferring input files
...
040 (12419553.007.000) 06/02 23:18:37 Started transferring input files
	Seconds spent in queue: 3110
...
040 (12419553.007.000) 06/02 23:18:37 Finished transferring input files
...
040 (12419553.008.000) 06/02 23:18:37 Started transferring input files
	Seconds spent in queue: 3110
...
040 (12419553.006.000) 06/02 23:18:37 Started transferring input files
	Seconds spent in queue: 3110
...
040 (12419553.008.000) 06/02 23:18:37 Finished transferring input files
...
040 (12419553.009.000) 06/02 23:18:37 Started transferring input files
	Seconds spent in queue: 3108
...
040 (12419553.006.000) 06/02 23:18:37 Finished transferring input files
...
040 (12419553.011.000) 06/02 23:18:37 Started transferring input files
	Seconds spent in queue: 3108
...
040 (12419553.009.000) 06/02 23:18:37 Finished transferring input files
...
040 (12419553.010.000) 06/02 23:18:37 Started transferring input files
	Seconds spent in queue: 3108
...
040 (12419553.011.000) 06/02 23:18:37 Finished transferring input files
...
040 (12419553.010.000) 06/02 23:18:37 Finished transferring input files
...
001 (12419553.000.000) 06/02 23:18:38 Job executing on host: <188.185.213.182:9618?addrs=188.185.213.182-9618+[2001-1458-303-1b--100-32]-9618&alias=b9p28p3646.cern.ch&noUDP&sock=startd_10801_2a84>
	SlotName: slot1_12@b9p28p3646.cern.ch
	CondorScratchDir = "/pool/condor/dir_2103777"
	Cpus = 4
	Disk = 3792
	GPUs = 0
	Memory = 12000
...
001 (12419553.001.000) 06/02 23:18:38 Job executing on host: <188.185.213.148:9618?addrs=188.185.213.148-9618+[2001-1458-303-1b--100-10]-9618&alias=b9p28p0002.cern.ch&noUDP&sock=startd_8427_ccaf>
	SlotName: slot1_2@b9p28p0002.cern.ch
	CondorScratchDir = "/pool/condor/dir_1599002"
	Cpus = 4
	Disk = 3822
	GPUs = 0
	Memory = 12000
...
001 (12419553.002.000) 06/02 23:18:38 Job executing on host: <188.185.213.142:9618?addrs=188.185.213.142-9618+[2001-1458-303-1b--100-a]-9618&alias=b9p28p1864.cern.ch&noUDP&sock=startd_7462_e3ca>
	SlotName: slot1_3@b9p28p1864.cern.ch
	CondorScratchDir = "/pool/condor/dir_1365086"
	Cpus = 4
	Disk = 3869
	GPUs = 0
	Memory = 12000
...
001 (12419553.003.000) 06/02 23:18:38 Job executing on host: <128.142.161.107:9618?addrs=128.142.161.107-9618+[2001-1458-301-b8--100-29]-9618&alias=b9g03p5993.cern.ch&noUDP&sock=startd_2596_37f2>
	SlotName: slot1_21@b9g03p5993.cern.ch
	CondorScratchDir = "/pool/condor/dir_3036062"
	Cpus = 4
	Disk = 4008
	GPUs = 0
	Memory = 12000
...
001 (12419553.004.000) 06/02 23:18:38 Job executing on host: <188.185.213.182:9618?addrs=188.185.213.182-9618+[2001-1458-303-1b--100-32]-9618&alias=b9p28p3646.cern.ch&noUDP&sock=startd_10801_2a84>
	SlotName: slot1_13@b9p28p3646.cern.ch
	CondorScratchDir = "/pool/condor/dir_2103907"
	Cpus = 4
	Disk = 3792
	GPUs = 0
	Memory = 12000
...
001 (12419553.005.000) 06/02 23:18:38 Job executing on host: <188.185.214.103:9618?addrs=188.185.214.103-9618+[2001-1458-303-1c--100-63]-9618&alias=b9p29p0062.cern.ch&noUDP&sock=startd_8332_a32f>
	SlotName: slot1_2@b9p29p0062.cern.ch
	CondorScratchDir = "/pool/condor/dir_1665753"
	Cpus = 4
	Disk = 3832
	GPUs = 0
	Memory = 12000
...
001 (12419553.007.000) 06/02 23:18:38 Job executing on host: <188.185.213.148:9618?addrs=188.185.213.148-9618+[2001-1458-303-1b--100-10]-9618&alias=b9p28p0002.cern.ch&noUDP&sock=startd_8427_ccaf>
	SlotName: slot1_3@b9p28p0002.cern.ch
	CondorScratchDir = "/pool/condor/dir_1599116"
	Cpus = 4
	Disk = 3822
	GPUs = 0
	Memory = 12000
...
001 (12419553.008.000) 06/02 23:18:38 Job executing on host: <188.185.213.142:9618?addrs=188.185.213.142-9618+[2001-1458-303-1b--100-a]-9618&alias=b9p28p1864.cern.ch&noUDP&sock=startd_7462_e3ca>
	SlotName: slot1_4@b9p28p1864.cern.ch
	CondorScratchDir = "/pool/condor/dir_1365109"
	Cpus = 4
	Disk = 3869
	GPUs = 0
	Memory = 12000
...
001 (12419553.006.000) 06/02 23:18:38 Job executing on host: <188.185.210.154:9618?addrs=188.185.210.154-9618+[2001-1458-303-15--100-16]-9618&alias=b9p22p0702.cern.ch&noUDP&sock=startd_7431_a05b>
	SlotName: slot1_26@b9p22p0702.cern.ch
	CondorScratchDir = "/pool/condor/dir_2358166"
	Cpus = 4
	Disk = 3794
	GPUs = 0
	Memory = 12000
...
001 (12419553.009.000) 06/02 23:18:38 Job executing on host: <188.185.214.103:9618?addrs=188.185.214.103-9618+[2001-1458-303-1c--100-63]-9618&alias=b9p29p0062.cern.ch&noUDP&sock=startd_8332_a32f>
	SlotName: slot1_7@b9p29p0062.cern.ch
	CondorScratchDir = "/pool/condor/dir_1665766"
	Cpus = 4
	Disk = 3832
	GPUs = 0
	Memory = 12000
...
001 (12419553.011.000) 06/02 23:18:38 Job executing on host: <188.185.213.142:9618?addrs=188.185.213.142-9618+[2001-1458-303-1b--100-a]-9618&alias=b9p28p1864.cern.ch&noUDP&sock=startd_7462_e3ca>
	SlotName: slot1_12@b9p28p1864.cern.ch
	CondorScratchDir = "/pool/condor/dir_1365123"
	Cpus = 4
	Disk = 3869
	GPUs = 0
	Memory = 12000
...
001 (12419553.010.000) 06/02 23:18:38 Job executing on host: <188.185.213.148:9618?addrs=188.185.213.148-9618+[2001-1458-303-1b--100-10]-9618&alias=b9p28p0002.cern.ch&noUDP&sock=startd_8427_ccaf>
	SlotName: slot1_7@b9p28p0002.cern.ch
	CondorScratchDir = "/pool/condor/dir_1599124"
	Cpus = 4
	Disk = 3822
	GPUs = 0
	Memory = 12000
...
006 (12419553.001.000) 06/02 23:18:46 Image size of job updated: 105944
	104  -  MemoryUsage of job (MB)
	105944  -  ResidentSetSize of job (KB)
...
006 (12419553.003.000) 06/02 23:18:46 Image size of job updated: 153316
	150  -  MemoryUsage of job (MB)
	153316  -  ResidentSetSize of job (KB)
...
006 (12419553.002.000) 06/02 23:18:46 Image size of job updated: 91744
	90  -  MemoryUsage of job (MB)
	91744  -  ResidentSetSize of job (KB)
...
006 (12419553.008.000) 06/02 23:18:46 Image size of job updated: 95472
	94  -  MemoryUsage of job (MB)
	95472  -  ResidentSetSize of job (KB)
...
006 (12419553.005.000) 06/02 23:18:47 Image size of job updated: 121172
	119  -  MemoryUsage of job (MB)
	121172  -  ResidentSetSize of job (KB)
...
006 (12419553.006.000) 06/02 23:18:47 Image size of job updated: 189116
	185  -  MemoryUsage of job (MB)
	189116  -  ResidentSetSize of job (KB)
...
006 (12419553.007.000) 06/02 23:18:47 Image size of job updated: 110268
	108  -  MemoryUsage of job (MB)
	110268  -  ResidentSetSize of job (KB)
...
006 (12419553.009.000) 06/02 23:18:47 Image size of job updated: 128592
	126  -  MemoryUsage of job (MB)
	128592  -  ResidentSetSize of job (KB)
...
006 (12419553.010.000) 06/02 23:18:47 Image size of job updated: 115628
	113  -  MemoryUsage of job (MB)
	115628  -  ResidentSetSize of job (KB)
...
006 (12419553.000.000) 06/02 23:18:47 Image size of job updated: 168452
	165  -  MemoryUsage of job (MB)
	168452  -  ResidentSetSize of job (KB)
...
006 (12419553.004.000) 06/02 23:18:47 Image size of job updated: 158272
	155  -  MemoryUsage of job (MB)
	158272  -  ResidentSetSize of job (KB)
...
006 (12419553.011.000) 06/02 23:18:47 Image size of job updated: 131524
	129  -  MemoryUsage of job (MB)
	131524  -  ResidentSetSize of job (KB)
...
006 (12419553.002.000) 06/02 23:23:46 Image size of job updated: 792136
	774  -  MemoryUsage of job (MB)
	792136  -  ResidentSetSize of job (KB)
...
006 (12419553.001.000) 06/02 23:23:46 Image size of job updated: 804064
	786  -  MemoryUsage of job (MB)
	804064  -  ResidentSetSize of job (KB)
...
006 (12419553.003.000) 06/02 23:23:46 Image size of job updated: 827140
	808  -  MemoryUsage of job (MB)
	827140  -  ResidentSetSize of job (KB)
...
006 (12419553.008.000) 06/02 23:23:47 Image size of job updated: 856340
	837  -  MemoryUsage of job (MB)
	856340  -  ResidentSetSize of job (KB)
...
006 (12419553.007.000) 06/02 23:23:48 Image size of job updated: 875448
	855  -  MemoryUsage of job (MB)
	875448  -  ResidentSetSize of job (KB)
...
006 (12419553.000.000) 06/02 23:23:48 Image size of job updated: 1045672
	1022  -  MemoryUsage of job (MB)
	1045672  -  ResidentSetSize of job (KB)
...
006 (12419553.010.000) 06/02 23:23:48 Image size of job updated: 957812
	936  -  MemoryUsage of job (MB)
	957812  -  ResidentSetSize of job (KB)
...
006 (12419553.004.000) 06/02 23:23:48 Image size of job updated: 1129600
	1104  -  MemoryUsage of job (MB)
	1129600  -  ResidentSetSize of job (KB)
...
006 (12419553.011.000) 06/02 23:23:48 Image size of job updated: 836780
	818  -  MemoryUsage of job (MB)
	836780  -  ResidentSetSize of job (KB)
...
006 (12419553.009.000) 06/02 23:23:48 Image size of job updated: 965468
	943  -  MemoryUsage of job (MB)
	965468  -  ResidentSetSize of job (KB)
...
006 (12419553.006.000) 06/02 23:23:48 Image size of job updated: 854376
	835  -  MemoryUsage of job (MB)
	854376  -  ResidentSetSize of job (KB)
...
006 (12419553.005.000) 06/02 23:23:49 Image size of job updated: 796936
	779  -  MemoryUsage of job (MB)
	796936  -  ResidentSetSize of job (KB)
...
006 (12419553.002.000) 06/02 23:28:46 Image size of job updated: 1451816
	1418  -  MemoryUsage of job (MB)
	1451816  -  ResidentSetSize of job (KB)
...
006 (12419553.001.000) 06/02 23:28:47 Image size of job updated: 1628612
	1591  -  MemoryUsage of job (MB)
	1628612  -  ResidentSetSize of job (KB)
...
006 (12419553.003.000) 06/02 23:28:47 Image size of job updated: 1635200
	1597  -  MemoryUsage of job (MB)
	1635200  -  ResidentSetSize of job (KB)
...
006 (12419553.008.000) 06/02 23:28:47 Image size of job updated: 1615368
	1578  -  MemoryUsage of job (MB)
	1615368  -  ResidentSetSize of job (KB)
...
006 (12419553.007.000) 06/02 23:28:48 Image size of job updated: 1613788
	1576  -  MemoryUsage of job (MB)
	1613788  -  ResidentSetSize of job (KB)
...
006 (12419553.004.000) 06/02 23:28:48 Image size of job updated: 2137136
	2088  -  MemoryUsage of job (MB)
	2137136  -  ResidentSetSize of job (KB)
...
006 (12419553.011.000) 06/02 23:28:48 Image size of job updated: 1560140
	1524  -  MemoryUsage of job (MB)
	1560140  -  ResidentSetSize of job (KB)
...
006 (12419553.009.000) 06/02 23:28:48 Image size of job updated: 1829284
	1787  -  MemoryUsage of job (MB)
	1829284  -  ResidentSetSize of job (KB)
...
006 (12419553.010.000) 06/02 23:28:48 Image size of job updated: 1827564
	1785  -  MemoryUsage of job (MB)
	1827564  -  ResidentSetSize of job (KB)
...
006 (12419553.000.000) 06/02 23:28:48 Image size of job updated: 1904252
	1860  -  MemoryUsage of job (MB)
	1904252  -  ResidentSetSize of job (KB)
...
006 (12419553.006.000) 06/02 23:28:48 Image size of job updated: 1617648
	1580  -  MemoryUsage of job (MB)
	1617648  -  ResidentSetSize of job (KB)
...
006 (12419553.005.000) 06/02 23:28:49 Image size of job updated: 1623088
	1586  -  MemoryUsage of job (MB)
	1623088  -  ResidentSetSize of job (KB)
...
006 (12419553.002.000) 06/02 23:33:46 Image size of job updated: 2182172
	2132  -  MemoryUsage of job (MB)
	2182172  -  ResidentSetSize of job (KB)
...
006 (12419553.001.000) 06/02 23:33:47 Image size of job updated: 2344896
	2290  -  MemoryUsage of job (MB)
	2344896  -  ResidentSetSize of job (KB)
...
006 (12419553.003.000) 06/02 23:33:47 Image size of job updated: 2370440
	2315  -  MemoryUsage of job (MB)
	2370440  -  ResidentSetSize of job (KB)
...
006 (12419553.008.000) 06/02 23:33:47 Image size of job updated: 2340804
	2286  -  MemoryUsage of job (MB)
	2340804  -  ResidentSetSize of job (KB)
...
006 (12419553.005.000) 06/02 23:33:49 Image size of job updated: 2337280
	2283  -  MemoryUsage of job (MB)
	2337280  -  ResidentSetSize of job (KB)
...
006 (12419553.007.000) 06/02 23:33:49 Image size of job updated: 2334940
	2281  -  MemoryUsage of job (MB)
	2334940  -  ResidentSetSize of job (KB)
...
006 (12419553.004.000) 06/02 23:33:49 Image size of job updated: 3157840
	3084  -  MemoryUsage of job (MB)
	3157840  -  ResidentSetSize of job (KB)
...
006 (12419553.011.000) 06/02 23:33:49 Image size of job updated: 2264388
	2212  -  MemoryUsage of job (MB)
	2264388  -  ResidentSetSize of job (KB)
...
006 (12419553.009.000) 06/02 23:33:49 Image size of job updated: 2689420
	2627  -  MemoryUsage of job (MB)
	2689420  -  ResidentSetSize of job (KB)
...
006 (12419553.010.000) 06/02 23:33:49 Image size of job updated: 2694244
	2632  -  MemoryUsage of job (MB)
	2694244  -  ResidentSetSize of job (KB)
...
006 (12419553.000.000) 06/02 23:33:49 Image size of job updated: 2852064
	2786  -  MemoryUsage of job (MB)
	2852064  -  ResidentSetSize of job (KB)
...
006 (12419553.006.000) 06/02 23:33:49 Image size of job updated: 2309208
	2256  -  MemoryUsage of job (MB)
	2309208  -  ResidentSetSize of job (KB)
...
006 (12419553.001.000) 06/02 23:38:47 Image size of job updated: 3166060
	3092  -  MemoryUsage of job (MB)
	3166060  -  ResidentSetSize of job (KB)
...
006 (12419553.002.000) 06/02 23:38:47 Image size of job updated: 2836088
	2770  -  MemoryUsage of job (MB)
	2836088  -  ResidentSetSize of job (KB)
...
006 (12419553.008.000) 06/02 23:38:48 Image size of job updated: 3070204
	2999  -  MemoryUsage of job (MB)
	3070204  -  ResidentSetSize of job (KB)
...
006 (12419553.003.000) 06/02 23:38:48 Image size of job updated: 3171056
	3097  -  MemoryUsage of job (MB)
	3171056  -  ResidentSetSize of job (KB)
...
006 (12419553.007.000) 06/02 23:38:50 Image size of job updated: 3163348
	3090  -  MemoryUsage of job (MB)
	3163348  -  ResidentSetSize of job (KB)
...
006 (12419553.004.000) 06/02 23:38:50 Image size of job updated: 4248732
	4150  -  MemoryUsage of job (MB)
	4248732  -  ResidentSetSize of job (KB)
...
006 (12419553.011.000) 06/02 23:38:50 Image size of job updated: 3059160
	2988  -  MemoryUsage of job (MB)
	3059160  -  ResidentSetSize of job (KB)
...
006 (12419553.009.000) 06/02 23:38:50 Image size of job updated: 3551592
	3469  -  MemoryUsage of job (MB)
	3551592  -  ResidentSetSize of job (KB)
...
006 (12419553.010.000) 06/02 23:38:50 Image size of job updated: 3560740
	3478  -  MemoryUsage of job (MB)
	3560740  -  ResidentSetSize of job (KB)
...
006 (12419553.000.000) 06/02 23:38:50 Image size of job updated: 3777988
	3690  -  MemoryUsage of job (MB)
	3777988  -  ResidentSetSize of job (KB)
...
006 (12419553.006.000) 06/02 23:38:50 Image size of job updated: 3068408
	2997  -  MemoryUsage of job (MB)
	3068408  -  ResidentSetSize of job (KB)
...
006 (12419553.005.000) 06/02 23:38:50 Image size of job updated: 3143096
	3070  -  MemoryUsage of job (MB)
	3143096  -  ResidentSetSize of job (KB)
...
006 (12419553.002.000) 06/02 23:43:48 Image size of job updated: 3576932
	3494  -  MemoryUsage of job (MB)
	3576932  -  ResidentSetSize of job (KB)
...
006 (12419553.008.000) 06/02 23:43:48 Image size of job updated: 3799848
	3711  -  MemoryUsage of job (MB)
	3799848  -  ResidentSetSize of job (KB)
...
006 (12419553.001.000) 06/02 23:43:48 Image size of job updated: 3970452
	3878  -  MemoryUsage of job (MB)
	3970452  -  ResidentSetSize of job (KB)
...
006 (12419553.003.000) 06/02 23:43:49 Image size of job updated: 3914348
	3823  -  MemoryUsage of job (MB)
	3914348  -  ResidentSetSize of job (KB)
...
006 (12419553.007.000) 06/02 23:43:50 Image size of job updated: 3879200
	3789  -  MemoryUsage of job (MB)
	3879200  -  ResidentSetSize of job (KB)
...
006 (12419553.004.000) 06/02 23:43:50 Image size of job updated: 5257468
	5135  -  MemoryUsage of job (MB)
	5257468  -  ResidentSetSize of job (KB)
...
006 (12419553.011.000) 06/02 23:43:50 Image size of job updated: 3781660
	3694  -  MemoryUsage of job (MB)
	3781660  -  ResidentSetSize of job (KB)
...
006 (12419553.010.000) 06/02 23:43:50 Image size of job updated: 4429644
	4326  -  MemoryUsage of job (MB)
	4429644  -  ResidentSetSize of job (KB)
...
006 (12419553.009.000) 06/02 23:43:50 Image size of job updated: 4406568
	4304  -  MemoryUsage of job (MB)
	4406568  -  ResidentSetSize of job (KB)
...
006 (12419553.000.000) 06/02 23:43:50 Image size of job updated: 4638480
	4530  -  MemoryUsage of job (MB)
	4638480  -  ResidentSetSize of job (KB)
...
006 (12419553.006.000) 06/02 23:43:50 Image size of job updated: 3756300
	3669  -  MemoryUsage of job (MB)
	3756300  -  ResidentSetSize of job (KB)
...
006 (12419553.005.000) 06/02 23:43:51 Image size of job updated: 3887332
	3797  -  MemoryUsage of job (MB)
	3887332  -  ResidentSetSize of job (KB)
...
006 (12419553.002.000) 06/02 23:48:48 Image size of job updated: 4308048
	4208  -  MemoryUsage of job (MB)
	4308048  -  ResidentSetSize of job (KB)
...
006 (12419553.008.000) 06/02 23:48:48 Image size of job updated: 4526200
	4421  -  MemoryUsage of job (MB)
	4526200  -  ResidentSetSize of job (KB)
...
006 (12419553.001.000) 06/02 23:48:49 Image size of job updated: 4704948
	4595  -  MemoryUsage of job (MB)
	4704948  -  ResidentSetSize of job (KB)
...
006 (12419553.003.000) 06/02 23:48:49 Image size of job updated: 4629384
	4521  -  MemoryUsage of job (MB)
	4629384  -  ResidentSetSize of job (KB)
...
006 (12419553.011.000) 06/02 23:48:50 Image size of job updated: 4484712
	4380  -  MemoryUsage of job (MB)
	4484712  -  ResidentSetSize of job (KB)
...
006 (12419553.007.000) 06/02 23:48:50 Image size of job updated: 4678720
	4570  -  MemoryUsage of job (MB)
	4678720  -  ResidentSetSize of job (KB)
...
006 (12419553.009.000) 06/02 23:48:50 Image size of job updated: 5193000
	5072  -  MemoryUsage of job (MB)
	5193000  -  ResidentSetSize of job (KB)
...
006 (12419553.010.000) 06/02 23:48:50 Image size of job updated: 5299220
	5176  -  MemoryUsage of job (MB)
	5299220  -  ResidentSetSize of job (KB)
...
006 (12419553.004.000) 06/02 23:48:50 Image size of job updated: 6263576
	6117  -  MemoryUsage of job (MB)
	6263576  -  ResidentSetSize of job (KB)
...
006 (12419553.006.000) 06/02 23:48:50 Image size of job updated: 4419372
	4316  -  MemoryUsage of job (MB)
	4419372  -  ResidentSetSize of job (KB)
...
006 (12419553.000.000) 06/02 23:48:50 Image size of job updated: 5593276
	5463  -  MemoryUsage of job (MB)
	5593276  -  ResidentSetSize of job (KB)
...
006 (12419553.005.000) 06/02 23:48:51 Image size of job updated: 4604316
	4497  -  MemoryUsage of job (MB)
	4604316  -  ResidentSetSize of job (KB)
...
040 (12419553.010.000) 06/02 23:52:40 Started transferring output files
	Seconds spent in queue: 5151
...
040 (12419553.010.000) 06/02 23:52:40 Finished transferring output files
...
005 (12419553.010.000) 06/02 23:52:40 Job terminated.
	(1) Normal termination (return value 0)
		Usr 0 00:01:29, Sys 0 00:00:17  -  Run Remote Usage
		Usr 0 00:00:00, Sys 0 00:00:00  -  Run Local Usage
		Usr 0 00:01:29, Sys 0 00:00:17  -  Total Remote Usage
		Usr 0 00:00:00, Sys 0 00:00:00  -  Total Local Usage
	53079  -  Run Bytes Sent By Job
	10846  -  Run Bytes Received By Job
	53079  -  Total Bytes Sent By Job
	10846  -  Total Bytes Received By Job
	Partitionable Resources :    Usage  Request Allocated 
	   Cpus                 :     0.07        4         4 
	   Disk (KB)            :   128           1      3822 
	   GPUs                 :                           0 
	   Memory (MB)          :  5176       12000     12000 

	Job terminated of its own accord at 2025-06-02T21:52:40Z with exit-code 0.
...
006 (12419553.002.000) 06/02 23:53:48 Image size of job updated: 4965720
	4850  -  MemoryUsage of job (MB)
	4965720  -  ResidentSetSize of job (KB)
...
006 (12419553.001.000) 06/02 23:53:49 Image size of job updated: 5513788
	5385  -  MemoryUsage of job (MB)
	5513788  -  ResidentSetSize of job (KB)
...
006 (12419553.003.000) 06/02 23:53:49 Image size of job updated: 5458648
	5331  -  MemoryUsage of job (MB)
	5458648  -  ResidentSetSize of job (KB)
...
006 (12419553.008.000) 06/02 23:53:49 Image size of job updated: 5253928
	5131  -  MemoryUsage of job (MB)
	5253928  -  ResidentSetSize of job (KB)
...
006 (12419553.007.000) 06/02 23:53:51 Image size of job updated: 5418368
	5292  -  MemoryUsage of job (MB)
	5418368  -  ResidentSetSize of job (KB)
...
006 (12419553.009.000) 06/02 23:53:51 Image size of job updated: 6067588
	5926  -  MemoryUsage of job (MB)
	6067588  -  ResidentSetSize of job (KB)
...
006 (12419553.004.000) 06/02 23:53:51 Image size of job updated: 7274564
	7105  -  MemoryUsage of job (MB)
	7274564  -  ResidentSetSize of job (KB)
...
006 (12419553.006.000) 06/02 23:53:51 Image size of job updated: 5163152
	5043  -  MemoryUsage of job (MB)
	5163152  -  ResidentSetSize of job (KB)
...
006 (12419553.000.000) 06/02 23:53:51 Image size of job updated: 6433100
	6283  -  MemoryUsage of job (MB)
	6433100  -  ResidentSetSize of job (KB)
...
006 (12419553.005.000) 06/02 23:53:51 Image size of job updated: 5428064
	5301  -  MemoryUsage of job (MB)
	5428064  -  ResidentSetSize of job (KB)
...
006 (12419553.011.000) 06/02 23:53:51 Image size of job updated: 5297492
	5174  -  MemoryUsage of job (MB)
	5297492  -  ResidentSetSize of job (KB)
...
006 (12419553.002.000) 06/02 23:58:49 Image size of job updated: 5704848
	5572  -  MemoryUsage of job (MB)
	5704848  -  ResidentSetSize of job (KB)
...
006 (12419553.003.000) 06/02 23:58:50 Image size of job updated: 6173224
	6029  -  MemoryUsage of job (MB)
	6173224  -  ResidentSetSize of job (KB)
...
006 (12419553.008.000) 06/02 23:58:50 Image size of job updated: 5985340
	5846  -  MemoryUsage of job (MB)
	5985340  -  ResidentSetSize of job (KB)
...
006 (12419553.001.000) 06/02 23:58:50 Image size of job updated: 6250388
	6104  -  MemoryUsage of job (MB)
	6250388  -  ResidentSetSize of job (KB)
...
006 (12419553.007.000) 06/02 23:58:51 Image size of job updated: 6135276
	5992  -  MemoryUsage of job (MB)
	6135276  -  ResidentSetSize of job (KB)
...
006 (12419553.009.000) 06/02 23:58:51 Image size of job updated: 6937980
	6776  -  MemoryUsage of job (MB)
	6937980  -  ResidentSetSize of job (KB)
...
006 (12419553.004.000) 06/02 23:58:51 Image size of job updated: 8406944
	8210  -  MemoryUsage of job (MB)
	8406944  -  ResidentSetSize of job (KB)
...
006 (12419553.006.000) 06/02 23:58:51 Image size of job updated: 5849780
	5713  -  MemoryUsage of job (MB)
	5849780  -  ResidentSetSize of job (KB)
...
006 (12419553.000.000) 06/02 23:58:51 Image size of job updated: 7385800
	7213  -  MemoryUsage of job (MB)
	7385800  -  ResidentSetSize of job (KB)
...
006 (12419553.011.000) 06/02 23:58:52 Image size of job updated: 6003184
	5863  -  MemoryUsage of job (MB)
	6003184  -  ResidentSetSize of job (KB)
...
006 (12419553.005.000) 06/02 23:58:52 Image size of job updated: 6241452
	6096  -  MemoryUsage of job (MB)
	6241452  -  ResidentSetSize of job (KB)
...
006 (12419553.002.000) 06/03 00:03:50 Image size of job updated: 6437492
	6287  -  MemoryUsage of job (MB)
	6437492  -  ResidentSetSize of job (KB)
...
006 (12419553.003.000) 06/03 00:03:50 Image size of job updated: 6980576
	6817  -  MemoryUsage of job (MB)
	6980576  -  ResidentSetSize of job (KB)
...
006 (12419553.008.000) 06/03 00:03:50 Image size of job updated: 6717840
	6561  -  MemoryUsage of job (MB)
	6717840  -  ResidentSetSize of job (KB)
...
006 (12419553.001.000) 06/03 00:03:51 Image size of job updated: 7058868
	6894  -  MemoryUsage of job (MB)
	7058868  -  ResidentSetSize of job (KB)
...
006 (12419553.007.000) 06/03 00:03:51 Image size of job updated: 6944152
	6782  -  MemoryUsage of job (MB)
	6944152  -  ResidentSetSize of job (KB)
...
006 (12419553.009.000) 06/03 00:03:51 Image size of job updated: 7899928
	7715  -  MemoryUsage of job (MB)
	7899928  -  ResidentSetSize of job (KB)
...
006 (12419553.004.000) 06/03 00:03:51 Image size of job updated: 9414020
	9194  -  MemoryUsage of job (MB)
	9414020  -  ResidentSetSize of job (KB)
...
006 (12419553.006.000) 06/03 00:03:51 Image size of job updated: 6516332
	6364  -  MemoryUsage of job (MB)
	6516332  -  ResidentSetSize of job (KB)
...
006 (12419553.011.000) 06/03 00:03:52 Image size of job updated: 6893932
	6733  -  MemoryUsage of job (MB)
	6893932  -  ResidentSetSize of job (KB)
...
006 (12419553.000.000) 06/03 00:03:52 Image size of job updated: 8418476
	8222  -  MemoryUsage of job (MB)
	8418476  -  ResidentSetSize of job (KB)
...
006 (12419553.005.000) 06/03 00:03:53 Image size of job updated: 6980112
	6817  -  MemoryUsage of job (MB)
	6980112  -  ResidentSetSize of job (KB)
...
006 (12419553.002.000) 06/03 00:08:50 Image size of job updated: 7196204
	7028  -  MemoryUsage of job (MB)
	7196204  -  ResidentSetSize of job (KB)
...
006 (12419553.008.000) 06/03 00:08:50 Image size of job updated: 7446932
	7273  -  MemoryUsage of job (MB)
	7446932  -  ResidentSetSize of job (KB)
...
006 (12419553.003.000) 06/03 00:08:50 Image size of job updated: 7715000
	7535  -  MemoryUsage of job (MB)
	7715000  -  ResidentSetSize of job (KB)
...
006 (12419553.001.000) 06/03 00:08:51 Image size of job updated: 7796844
	7615  -  MemoryUsage of job (MB)
	7796844  -  ResidentSetSize of job (KB)
...
006 (12419553.006.000) 06/03 00:08:52 Image size of job updated: 7181796
	7014  -  MemoryUsage of job (MB)
	7181796  -  ResidentSetSize of job (KB)
...
006 (12419553.007.000) 06/03 00:08:52 Image size of job updated: 7777516
	7596  -  MemoryUsage of job (MB)
	7777516  -  ResidentSetSize of job (KB)
...
006 (12419553.009.000) 06/03 00:08:52 Image size of job updated: 8689756
	8487  -  MemoryUsage of job (MB)
	8689756  -  ResidentSetSize of job (KB)
...
006 (12419553.004.000) 06/03 00:08:52 Image size of job updated: 10511840
	10266  -  MemoryUsage of job (MB)
	10511840  -  ResidentSetSize of job (KB)
...
006 (12419553.000.000) 06/03 00:08:53 Image size of job updated: 9283016
	9066  -  MemoryUsage of job (MB)
	9283016  -  ResidentSetSize of job (KB)
...
006 (12419553.005.000) 06/03 00:08:53 Image size of job updated: 7804948
	7623  -  MemoryUsage of job (MB)
	7804948  -  ResidentSetSize of job (KB)
...
006 (12419553.011.000) 06/03 00:08:53 Image size of job updated: 7619244
	7441  -  MemoryUsage of job (MB)
	7619244  -  ResidentSetSize of job (KB)
...
006 (12419553.001.000) 06/03 00:13:51 Image size of job updated: 8709568
	8506  -  MemoryUsage of job (MB)
	8709568  -  ResidentSetSize of job (KB)
...
006 (12419553.002.000) 06/03 00:13:51 Image size of job updated: 7940356
	7755  -  MemoryUsage of job (MB)
	7940356  -  ResidentSetSize of job (KB)
...
006 (12419553.008.000) 06/03 00:13:51 Image size of job updated: 8283824
	8090  -  MemoryUsage of job (MB)
	8283824  -  ResidentSetSize of job (KB)
...
006 (12419553.003.000) 06/03 00:13:51 Image size of job updated: 8647916
	8446  -  MemoryUsage of job (MB)
	8647916  -  ResidentSetSize of job (KB)
...
006 (12419553.006.000) 06/03 00:13:52 Image size of job updated: 8039520
	7852  -  MemoryUsage of job (MB)
	8039520  -  ResidentSetSize of job (KB)
...
006 (12419553.009.000) 06/03 00:13:53 Image size of job updated: 9560352
	9337  -  MemoryUsage of job (MB)
	9560352  -  ResidentSetSize of job (KB)
...
006 (12419553.007.000) 06/03 00:13:53 Image size of job updated: 8576844
	8376  -  MemoryUsage of job (MB)
	8576844  -  ResidentSetSize of job (KB)
...
006 (12419553.004.000) 06/03 00:13:53 Image size of job updated: 11538676
	11269  -  MemoryUsage of job (MB)
	11538676  -  ResidentSetSize of job (KB)
...
006 (12419553.000.000) 06/03 00:13:53 Image size of job updated: 10242496
	10003  -  MemoryUsage of job (MB)
	10242496  -  ResidentSetSize of job (KB)
...
006 (12419553.005.000) 06/03 00:13:53 Image size of job updated: 8635904
	8434  -  MemoryUsage of job (MB)
	8635904  -  ResidentSetSize of job (KB)
...
006 (12419553.011.000) 06/03 00:13:54 Image size of job updated: 8411740
	8215  -  MemoryUsage of job (MB)
	8411740  -  ResidentSetSize of job (KB)
...
006 (12419553.001.000) 06/03 00:18:52 Image size of job updated: 9453072
	9232  -  MemoryUsage of job (MB)
	9453072  -  ResidentSetSize of job (KB)
...
006 (12419553.002.000) 06/03 00:18:52 Image size of job updated: 8592940
	8392  -  MemoryUsage of job (MB)
	8592940  -  ResidentSetSize of job (KB)
...
006 (12419553.008.000) 06/03 00:18:52 Image size of job updated: 9097572
	8885  -  MemoryUsage of job (MB)
	9097572  -  ResidentSetSize of job (KB)
...
006 (12419553.003.000) 06/03 00:18:52 Image size of job updated: 9372768
	9154  -  MemoryUsage of job (MB)
	9372768  -  ResidentSetSize of job (KB)
...
006 (12419553.006.000) 06/03 00:18:52 Image size of job updated: 8725600
	8522  -  MemoryUsage of job (MB)
	8725600  -  ResidentSetSize of job (KB)
...
006 (12419553.009.000) 06/03 00:18:53 Image size of job updated: 10419432
	10176  -  MemoryUsage of job (MB)
	10419432  -  ResidentSetSize of job (KB)
...
006 (12419553.007.000) 06/03 00:18:53 Image size of job updated: 9322912
	9105  -  MemoryUsage of job (MB)
	9322912  -  ResidentSetSize of job (KB)
...
006 (12419553.004.000) 06/03 00:18:53 Image size of job updated: 12622204
	12327  -  MemoryUsage of job (MB)
	12622204  -  ResidentSetSize of job (KB)
...
006 (12419553.000.000) 06/03 00:18:53 Image size of job updated: 11086908
	10828  -  MemoryUsage of job (MB)
	11086908  -  ResidentSetSize of job (KB)
...
006 (12419553.005.000) 06/03 00:18:54 Image size of job updated: 9352684
	9134  -  MemoryUsage of job (MB)
	9352684  -  ResidentSetSize of job (KB)
...
006 (12419553.011.000) 06/03 00:18:54 Image size of job updated: 9133760
	8920  -  MemoryUsage of job (MB)
	9133760  -  ResidentSetSize of job (KB)
...
006 (12419553.002.000) 06/03 00:23:52 Image size of job updated: 9334680
	9116  -  MemoryUsage of job (MB)
	9334680  -  ResidentSetSize of job (KB)
...
006 (12419553.001.000) 06/03 00:23:52 Image size of job updated: 10252320
	10013  -  MemoryUsage of job (MB)
	10252320  -  ResidentSetSize of job (KB)
...
006 (12419553.008.000) 06/03 00:23:52 Image size of job updated: 9827108
	9597  -  MemoryUsage of job (MB)
	9827108  -  ResidentSetSize of job (KB)
...
006 (12419553.003.000) 06/03 00:23:52 Image size of job updated: 10179080
	9941  -  MemoryUsage of job (MB)
	10179080  -  ResidentSetSize of job (KB)
...
006 (12419553.009.000) 06/03 00:23:53 Image size of job updated: 11215312
	10953  -  MemoryUsage of job (MB)
	11215312  -  ResidentSetSize of job (KB)
...
006 (12419553.004.000) 06/03 00:23:53 Image size of job updated: 13654124
	13335  -  MemoryUsage of job (MB)
	13654124  -  ResidentSetSize of job (KB)
...
006 (12419553.007.000) 06/03 00:23:53 Image size of job updated: 10047492
	9813  -  MemoryUsage of job (MB)
	10047492  -  ResidentSetSize of job (KB)
...
006 (12419553.006.000) 06/03 00:23:53 Image size of job updated: 9395344
	9176  -  MemoryUsage of job (MB)
	9395344  -  ResidentSetSize of job (KB)
...
006 (12419553.005.000) 06/03 00:23:54 Image size of job updated: 10178244
	9940  -  MemoryUsage of job (MB)
	10178244  -  ResidentSetSize of job (KB)
...
006 (12419553.011.000) 06/03 00:23:54 Image size of job updated: 9831564
	9602  -  MemoryUsage of job (MB)
	9831564  -  ResidentSetSize of job (KB)
...
006 (12419553.000.000) 06/03 00:23:54 Image size of job updated: 12056484
	11774  -  MemoryUsage of job (MB)
	12056484  -  ResidentSetSize of job (KB)
...
006 (12419553.002.000) 06/03 00:28:52 Image size of job updated: 10058288
	9823  -  MemoryUsage of job (MB)
	10058288  -  ResidentSetSize of job (KB)
...
006 (12419553.001.000) 06/03 00:28:52 Image size of job updated: 10972716
	10716  -  MemoryUsage of job (MB)
	10972716  -  ResidentSetSize of job (KB)
...
006 (12419553.008.000) 06/03 00:28:52 Image size of job updated: 10554240
	10307  -  MemoryUsage of job (MB)
	10554240  -  ResidentSetSize of job (KB)
...
006 (12419553.003.000) 06/03 00:28:53 Image size of job updated: 10919316
	10664  -  MemoryUsage of job (MB)
	10919316  -  ResidentSetSize of job (KB)
...
006 (12419553.007.000) 06/03 00:28:54 Image size of job updated: 10861552
	10607  -  MemoryUsage of job (MB)
	10861552  -  ResidentSetSize of job (KB)
...
006 (12419553.006.000) 06/03 00:28:54 Image size of job updated: 10074156
	9839  -  MemoryUsage of job (MB)
	10074156  -  ResidentSetSize of job (KB)
...
006 (12419553.005.000) 06/03 00:28:54 Image size of job updated: 10896968
	10642  -  MemoryUsage of job (MB)
	10896968  -  ResidentSetSize of job (KB)
...
006 (12419553.009.000) 06/03 00:28:54 Image size of job updated: 12099916
	11817  -  MemoryUsage of job (MB)
	12099916  -  ResidentSetSize of job (KB)
...
006 (12419553.004.000) 06/03 00:28:54 Image size of job updated: 14674244
	14331  -  MemoryUsage of job (MB)
	14674244  -  ResidentSetSize of job (KB)
...
006 (12419553.000.000) 06/03 00:28:55 Image size of job updated: 12983360
	12680  -  MemoryUsage of job (MB)
	12983360  -  ResidentSetSize of job (KB)
...
006 (12419553.011.000) 06/03 00:28:55 Image size of job updated: 10633312
	10385  -  MemoryUsage of job (MB)
	10633312  -  ResidentSetSize of job (KB)
...
006 (12419553.001.000) 06/03 00:33:53 Image size of job updated: 11704512
	11431  -  MemoryUsage of job (MB)
	11704512  -  ResidentSetSize of job (KB)
...
006 (12419553.008.000) 06/03 00:33:53 Image size of job updated: 11286568
	11023  -  MemoryUsage of job (MB)
	11286568  -  ResidentSetSize of job (KB)
...
006 (12419553.002.000) 06/03 00:33:53 Image size of job updated: 10709952
	10459  -  MemoryUsage of job (MB)
	10709952  -  ResidentSetSize of job (KB)
...
006 (12419553.003.000) 06/03 00:33:54 Image size of job updated: 11719360
	11445  -  MemoryUsage of job (MB)
	11719360  -  ResidentSetSize of job (KB)
...
006 (12419553.007.000) 06/03 00:33:54 Image size of job updated: 11610896
	11339  -  MemoryUsage of job (MB)
	11610896  -  ResidentSetSize of job (KB)
...
006 (12419553.006.000) 06/03 00:33:54 Image size of job updated: 10748344
	10497  -  MemoryUsage of job (MB)
	10748344  -  ResidentSetSize of job (KB)
...
006 (12419553.009.000) 06/03 00:33:55 Image size of job updated: 12882172
	12581  -  MemoryUsage of job (MB)
	12882172  -  ResidentSetSize of job (KB)
...
006 (12419553.004.000) 06/03 00:33:55 Image size of job updated: 15742648
	15374  -  MemoryUsage of job (MB)
	15742648  -  ResidentSetSize of job (KB)
...
006 (12419553.000.000) 06/03 00:33:55 Image size of job updated: 13862948
	13539  -  MemoryUsage of job (MB)
	13862948  -  ResidentSetSize of job (KB)
...
006 (12419553.005.000) 06/03 00:33:55 Image size of job updated: 11724020
	11450  -  MemoryUsage of job (MB)
	11724020  -  ResidentSetSize of job (KB)
...
006 (12419553.011.000) 06/03 00:33:56 Image size of job updated: 11333400
	11068  -  MemoryUsage of job (MB)
	11333400  -  ResidentSetSize of job (KB)
...
006 (12419553.001.000) 06/03 00:38:53 Image size of job updated: 12419848
	12129  -  MemoryUsage of job (MB)
	12419848  -  ResidentSetSize of job (KB)
...
006 (12419553.008.000) 06/03 00:38:53 Image size of job updated: 12014208
	11733  -  MemoryUsage of job (MB)
	12014208  -  ResidentSetSize of job (KB)
...
006 (12419553.002.000) 06/03 00:38:54 Image size of job updated: 11424476
	11157  -  MemoryUsage of job (MB)
	11424476  -  ResidentSetSize of job (KB)
...
006 (12419553.003.000) 06/03 00:38:54 Image size of job updated: 12463420
	12172  -  MemoryUsage of job (MB)
	12463420  -  ResidentSetSize of job (KB)
...
006 (12419553.007.000) 06/03 00:38:54 Image size of job updated: 12422552
	12132  -  MemoryUsage of job (MB)
	12422552  -  ResidentSetSize of job (KB)
...
006 (12419553.006.000) 06/03 00:38:54 Image size of job updated: 11497572
	11229  -  MemoryUsage of job (MB)
	11497572  -  ResidentSetSize of job (KB)
...
006 (12419553.009.000) 06/03 00:38:55 Image size of job updated: 13755992
	13434  -  MemoryUsage of job (MB)
	13755992  -  ResidentSetSize of job (KB)
...
006 (12419553.004.000) 06/03 00:38:55 Image size of job updated: 16766592
	16374  -  MemoryUsage of job (MB)
	16766592  -  ResidentSetSize of job (KB)
...
006 (12419553.000.000) 06/03 00:38:55 Image size of job updated: 14791300
	14445  -  MemoryUsage of job (MB)
	14791300  -  ResidentSetSize of job (KB)
...
006 (12419553.005.000) 06/03 00:38:56 Image size of job updated: 12446932
	12156  -  MemoryUsage of job (MB)
	12446932  -  ResidentSetSize of job (KB)
...
006 (12419553.011.000) 06/03 00:38:56 Image size of job updated: 12140988
	11857  -  MemoryUsage of job (MB)
	12140988  -  ResidentSetSize of job (KB)
...
006 (12419553.001.000) 06/03 00:43:53 Image size of job updated: 13137344
	12830  -  MemoryUsage of job (MB)
	13137344  -  ResidentSetSize of job (KB)
...
006 (12419553.008.000) 06/03 00:43:53 Image size of job updated: 12758468
	12460  -  MemoryUsage of job (MB)
	12758468  -  ResidentSetSize of job (KB)
...
006 (12419553.002.000) 06/03 00:43:54 Image size of job updated: 12076536
	11794  -  MemoryUsage of job (MB)
	12076536  -  ResidentSetSize of job (KB)
...
006 (12419553.003.000) 06/03 00:43:54 Image size of job updated: 13182584
	12874  -  MemoryUsage of job (MB)
	13182584  -  ResidentSetSize of job (KB)
...
006 (12419553.006.000) 06/03 00:43:55 Image size of job updated: 12184572
	11899  -  MemoryUsage of job (MB)
	12184572  -  ResidentSetSize of job (KB)
...
006 (12419553.009.000) 06/03 00:43:55 Image size of job updated: 14696176
	14352  -  MemoryUsage of job (MB)
	14696176  -  ResidentSetSize of job (KB)
...
006 (12419553.007.000) 06/03 00:43:55 Image size of job updated: 13181116
	12873  -  MemoryUsage of job (MB)
	13181116  -  ResidentSetSize of job (KB)
...
006 (12419553.000.000) 06/03 00:43:56 Image size of job updated: 15739984
	15372  -  MemoryUsage of job (MB)
	15739984  -  ResidentSetSize of job (KB)
...
006 (12419553.005.000) 06/03 00:43:56 Image size of job updated: 13263476
	12953  -  MemoryUsage of job (MB)
	13263476  -  ResidentSetSize of job (KB)
...
006 (12419553.004.000) 06/03 00:43:56 Image size of job updated: 17771080
	17355  -  MemoryUsage of job (MB)
	17771080  -  ResidentSetSize of job (KB)
...
006 (12419553.011.000) 06/03 00:43:57 Image size of job updated: 12897816
	12596  -  MemoryUsage of job (MB)
	12897816  -  ResidentSetSize of job (KB)
...
006 (12419553.001.000) 06/03 00:48:54 Image size of job updated: 13858760
	13534  -  MemoryUsage of job (MB)
	13858760  -  ResidentSetSize of job (KB)
...
006 (12419553.008.000) 06/03 00:48:54 Image size of job updated: 13488704
	13173  -  MemoryUsage of job (MB)
	13488704  -  ResidentSetSize of job (KB)
...
006 (12419553.003.000) 06/03 00:48:55 Image size of job updated: 14008316
	13680  -  MemoryUsage of job (MB)
	14008316  -  ResidentSetSize of job (KB)
...
006 (12419553.006.000) 06/03 00:48:55 Image size of job updated: 12854276
	12554  -  MemoryUsage of job (MB)
	12854276  -  ResidentSetSize of job (KB)
...
006 (12419553.002.000) 06/03 00:48:55 Image size of job updated: 12715728
	12418  -  MemoryUsage of job (MB)
	12715728  -  ResidentSetSize of job (KB)
...
006 (12419553.009.000) 06/03 00:48:56 Image size of job updated: 15559176
	15195  -  MemoryUsage of job (MB)
	15559176  -  ResidentSetSize of job (KB)
...
006 (12419553.007.000) 06/03 00:48:56 Image size of job updated: 13904776
	13579  -  MemoryUsage of job (MB)
	13904776  -  ResidentSetSize of job (KB)
...
006 (12419553.000.000) 06/03 00:48:56 Image size of job updated: 16685884
	16295  -  MemoryUsage of job (MB)
	16685884  -  ResidentSetSize of job (KB)
...
006 (12419553.004.000) 06/03 00:48:57 Image size of job updated: 18858632
	18417  -  MemoryUsage of job (MB)
	18858632  -  ResidentSetSize of job (KB)
...
006 (12419553.005.000) 06/03 00:48:57 Image size of job updated: 14000888
	13673  -  MemoryUsage of job (MB)
	14000888  -  ResidentSetSize of job (KB)
...
006 (12419553.011.000) 06/03 00:48:58 Image size of job updated: 13699740
	13379  -  MemoryUsage of job (MB)
	13699740  -  ResidentSetSize of job (KB)
...
006 (12419553.001.000) 06/03 00:53:55 Image size of job updated: 14655820
	14313  -  MemoryUsage of job (MB)
	14655820  -  ResidentSetSize of job (KB)
...
006 (12419553.008.000) 06/03 00:53:55 Image size of job updated: 14214824
	13882  -  MemoryUsage of job (MB)
	14214824  -  ResidentSetSize of job (KB)
...
006 (12419553.003.000) 06/03 00:53:55 Image size of job updated: 14767876
	14422  -  MemoryUsage of job (MB)
	14767876  -  ResidentSetSize of job (KB)
...
006 (12419553.006.000) 06/03 00:53:55 Image size of job updated: 13616304
	13298  -  MemoryUsage of job (MB)
	13616304  -  ResidentSetSize of job (KB)
...
006 (12419553.002.000) 06/03 00:53:56 Image size of job updated: 13365124
	13052  -  MemoryUsage of job (MB)
	13365124  -  ResidentSetSize of job (KB)
...
006 (12419553.009.000) 06/03 00:53:56 Image size of job updated: 16423104
	16039  -  MemoryUsage of job (MB)
	16423104  -  ResidentSetSize of job (KB)
...
006 (12419553.007.000) 06/03 00:53:56 Image size of job updated: 14792016
	14446  -  MemoryUsage of job (MB)
	14792016  -  ResidentSetSize of job (KB)
...
006 (12419553.000.000) 06/03 00:53:56 Image size of job updated: 17574504
	17163  -  MemoryUsage of job (MB)
	17574504  -  ResidentSetSize of job (KB)
...
006 (12419553.004.000) 06/03 00:53:57 Image size of job updated: 19876420
	19411  -  MemoryUsage of job (MB)
	19876420  -  ResidentSetSize of job (KB)
...
006 (12419553.005.000) 06/03 00:53:58 Image size of job updated: 14807336
	14461  -  MemoryUsage of job (MB)
	14807336  -  ResidentSetSize of job (KB)
...
006 (12419553.011.000) 06/03 00:53:58 Image size of job updated: 14489800
	14151  -  MemoryUsage of job (MB)
	14489800  -  ResidentSetSize of job (KB)
...
006 (12419553.000.000) 06/03 00:58:02 Image size of job updated: 17574504
	17165  -  MemoryUsage of job (MB)
	17576348  -  ResidentSetSize of job (KB)
...
040 (12419553.000.000) 06/03 00:58:07 Entered queue to transfer output files
...
040 (12419553.000.000) 06/03 00:58:10 Started transferring output files
	Seconds spent in queue: 9088
...
040 (12419553.000.000) 06/03 00:58:10 Finished transferring output files
...
005 (12419553.000.000) 06/03 00:58:10 Job terminated.
	(1) Normal termination (return value 0)
		Usr 0 00:04:14, Sys 0 00:00:45  -  Run Remote Usage
		Usr 0 00:00:00, Sys 0 00:00:00  -  Run Local Usage
		Usr 0 00:04:14, Sys 0 00:00:45  -  Total Remote Usage
		Usr 0 00:00:00, Sys 0 00:00:00  -  Total Local Usage
	57355  -  Run Bytes Sent By Job
	10846  -  Run Bytes Received By Job
	57355  -  Total Bytes Sent By Job
	10846  -  Total Bytes Received By Job
	Partitionable Resources :    Usage  Request Allocated 
	   Cpus                 :     0.04        4         4 
	   Disk (KB)            :   132           1      3792 
	   GPUs                 :                           0 
	   Memory (MB)          : 17165       12000     12000 

	Job terminated of its own accord at 2025-06-02T22:58:02Z with exit-code 0.
...
006 (12419553.001.000) 06/03 00:58:55 Image size of job updated: 15376228
	15016  -  MemoryUsage of job (MB)
	15376228  -  ResidentSetSize of job (KB)
...
006 (12419553.008.000) 06/03 00:58:55 Image size of job updated: 14951040
	14601  -  MemoryUsage of job (MB)
	14951040  -  ResidentSetSize of job (KB)
...
006 (12419553.003.000) 06/03 00:58:55 Image size of job updated: 15545824
	15182  -  MemoryUsage of job (MB)
	15545824  -  ResidentSetSize of job (KB)
...
006 (12419553.002.000) 06/03 00:58:56 Image size of job updated: 14159840
	13828  -  MemoryUsage of job (MB)
	14159840  -  ResidentSetSize of job (KB)
...
006 (12419553.009.000) 06/03 00:58:56 Image size of job updated: 17294876
	16890  -  MemoryUsage of job (MB)
	17294876  -  ResidentSetSize of job (KB)
...
006 (12419553.006.000) 06/03 00:58:56 Image size of job updated: 14287864
	13953  -  MemoryUsage of job (MB)
	14287864  -  ResidentSetSize of job (KB)
...
006 (12419553.004.000) 06/03 00:58:57 Image size of job updated: 20886952
	20398  -  MemoryUsage of job (MB)
	20886952  -  ResidentSetSize of job (KB)
...
006 (12419553.007.000) 06/03 00:58:57 Image size of job updated: 15531716
	15168  -  MemoryUsage of job (MB)
	15531716  -  ResidentSetSize of job (KB)
...
006 (12419553.005.000) 06/03 00:58:58 Image size of job updated: 15617536
	15252  -  MemoryUsage of job (MB)
	15617536  -  ResidentSetSize of job (KB)
...
006 (12419553.011.000) 06/03 00:58:58 Image size of job updated: 15222256
	14866  -  MemoryUsage of job (MB)
	15222256  -  ResidentSetSize of job (KB)
...
006 (12419553.001.000) 06/03 01:03:55 Image size of job updated: 16184440
	15806  -  MemoryUsage of job (MB)
	16184440  -  ResidentSetSize of job (KB)
...
006 (12419553.002.000) 06/03 01:03:56 Image size of job updated: 14807952
	14461  -  MemoryUsage of job (MB)
	14807952  -  ResidentSetSize of job (KB)
...
006 (12419553.003.000) 06/03 01:03:56 Image size of job updated: 16344000
	15961  -  MemoryUsage of job (MB)
	16344000  -  ResidentSetSize of job (KB)
...
006 (12419553.008.000) 06/03 01:03:56 Image size of job updated: 15747944
	15379  -  MemoryUsage of job (MB)
	15747944  -  ResidentSetSize of job (KB)
...
006 (12419553.006.000) 06/03 01:03:57 Image size of job updated: 15017752
	14666  -  MemoryUsage of job (MB)
	15017752  -  ResidentSetSize of job (KB)
...
006 (12419553.009.000) 06/03 01:03:57 Image size of job updated: 18161724
	17737  -  MemoryUsage of job (MB)
	18161724  -  ResidentSetSize of job (KB)
...
006 (12419553.007.000) 06/03 01:03:58 Image size of job updated: 16338924
	15956  -  MemoryUsage of job (MB)
	16338924  -  ResidentSetSize of job (KB)
...
006 (12419553.004.000) 06/03 01:03:58 Image size of job updated: 21900416
	21388  -  MemoryUsage of job (MB)
	21900416  -  ResidentSetSize of job (KB)
...
006 (12419553.005.000) 06/03 01:03:58 Image size of job updated: 16334400
	15952  -  MemoryUsage of job (MB)
	16334400  -  ResidentSetSize of job (KB)
...
006 (12419553.011.000) 06/03 01:04:00 Image size of job updated: 15929964
	15557  -  MemoryUsage of job (MB)
	15929964  -  ResidentSetSize of job (KB)
...
006 (12419553.001.000) 06/03 01:08:56 Image size of job updated: 16897408
	16502  -  MemoryUsage of job (MB)
	16897408  -  ResidentSetSize of job (KB)
...
006 (12419553.006.000) 06/03 01:08:57 Image size of job updated: 15680520
	15314  -  MemoryUsage of job (MB)
	15680520  -  ResidentSetSize of job (KB)
...
006 (12419553.002.000) 06/03 01:08:57 Image size of job updated: 15531068
	15168  -  MemoryUsage of job (MB)
	15531068  -  ResidentSetSize of job (KB)
...
006 (12419553.003.000) 06/03 01:08:57 Image size of job updated: 17163504
	16762  -  MemoryUsage of job (MB)
	17163504  -  ResidentSetSize of job (KB)
...
006 (12419553.008.000) 06/03 01:08:57 Image size of job updated: 16474284
	16089  -  MemoryUsage of job (MB)
	16474284  -  ResidentSetSize of job (KB)
...
006 (12419553.004.000) 06/03 01:08:58 Image size of job updated: 22908972
	22373  -  MemoryUsage of job (MB)
	22908972  -  ResidentSetSize of job (KB)
...
006 (12419553.009.000) 06/03 01:08:58 Image size of job updated: 18951572
	18508  -  MemoryUsage of job (MB)
	18951572  -  ResidentSetSize of job (KB)
...
006 (12419553.007.000) 06/03 01:08:58 Image size of job updated: 17087568
	16688  -  MemoryUsage of job (MB)
	17087568  -  ResidentSetSize of job (KB)
...
006 (12419553.005.000) 06/03 01:08:59 Image size of job updated: 17154628
	16753  -  MemoryUsage of job (MB)
	17154628  -  ResidentSetSize of job (KB)
...
006 (12419553.011.000) 06/03 01:09:00 Image size of job updated: 16703640
	16313  -  MemoryUsage of job (MB)
	16703640  -  ResidentSetSize of job (KB)
...
006 (12419553.001.000) 06/03 01:13:56 Image size of job updated: 17607504
	17195  -  MemoryUsage of job (MB)
	17607504  -  ResidentSetSize of job (KB)
...
006 (12419553.006.000) 06/03 01:13:57 Image size of job updated: 16352024
	15969  -  MemoryUsage of job (MB)
	16352024  -  ResidentSetSize of job (KB)
...
006 (12419553.002.000) 06/03 01:13:57 Image size of job updated: 16185528
	15807  -  MemoryUsage of job (MB)
	16185528  -  ResidentSetSize of job (KB)
...
006 (12419553.008.000) 06/03 01:13:58 Image size of job updated: 17207444
	16805  -  MemoryUsage of job (MB)
	17207444  -  ResidentSetSize of job (KB)
...
006 (12419553.004.000) 06/03 01:13:58 Image size of job updated: 23942400
	23382  -  MemoryUsage of job (MB)
	23942400  -  ResidentSetSize of job (KB)
...
006 (12419553.003.000) 06/03 01:13:58 Image size of job updated: 17907540
	17488  -  MemoryUsage of job (MB)
	17907540  -  ResidentSetSize of job (KB)
...
006 (12419553.007.000) 06/03 01:13:59 Image size of job updated: 17816180
	17399  -  MemoryUsage of job (MB)
	17816180  -  ResidentSetSize of job (KB)
...
006 (12419553.005.000) 06/03 01:13:59 Image size of job updated: 17886892
	17468  -  MemoryUsage of job (MB)
	17886892  -  ResidentSetSize of job (KB)
...
006 (12419553.009.000) 06/03 01:13:59 Image size of job updated: 19828904
	19365  -  MemoryUsage of job (MB)
	19828904  -  ResidentSetSize of job (KB)
...
006 (12419553.011.000) 06/03 01:14:01 Image size of job updated: 17429744
	17022  -  MemoryUsage of job (MB)
	17429744  -  ResidentSetSize of job (KB)
...
006 (12419553.006.000) 06/03 01:18:57 Image size of job updated: 17022164
	16624  -  MemoryUsage of job (MB)
	17022164  -  ResidentSetSize of job (KB)
...
006 (12419553.001.000) 06/03 01:18:57 Image size of job updated: 18319600
	17891  -  MemoryUsage of job (MB)
	18319600  -  ResidentSetSize of job (KB)
...
006 (12419553.003.000) 06/03 01:18:59 Image size of job updated: 18624576
	18189  -  MemoryUsage of job (MB)
	18624576  -  ResidentSetSize of job (KB)
...
006 (12419553.007.000) 06/03 01:18:59 Image size of job updated: 18656228
	18219  -  MemoryUsage of job (MB)
	18656228  -  ResidentSetSize of job (KB)
...
006 (12419553.009.000) 06/03 01:19:00 Image size of job updated: 20696240
	20212  -  MemoryUsage of job (MB)
	20696240  -  ResidentSetSize of job (KB)
...
006 (12419553.005.000) 06/03 01:19:01 Image size of job updated: 18694488
	18257  -  MemoryUsage of job (MB)
	18694488  -  ResidentSetSize of job (KB)
...
006 (12419553.001.000) 06/03 01:23:58 Image size of job updated: 19034600
	18589  -  MemoryUsage of job (MB)
	19034600  -  ResidentSetSize of job (KB)
...
006 (12419553.006.000) 06/03 01:23:58 Image size of job updated: 17690728
	17277  -  MemoryUsage of job (MB)
	17690728  -  ResidentSetSize of job (KB)
...
006 (12419553.003.000) 06/03 01:23:59 Image size of job updated: 19429644
	18975  -  MemoryUsage of job (MB)
	19429644  -  ResidentSetSize of job (KB)
...
006 (12419553.007.000) 06/03 01:23:59 Image size of job updated: 19378260
	18925  -  MemoryUsage of job (MB)
	19378260  -  ResidentSetSize of job (KB)
...
006 (12419553.001.000) 06/03 01:28:58 Image size of job updated: 19836620
	19372  -  MemoryUsage of job (MB)
	19836620  -  ResidentSetSize of job (KB)
...
006 (12419553.006.000) 06/03 01:28:59 Image size of job updated: 18443224
	18011  -  MemoryUsage of job (MB)
	18443224  -  ResidentSetSize of job (KB)
...
006 (12419553.003.000) 06/03 01:28:59 Image size of job updated: 20167832
	19696  -  MemoryUsage of job (MB)
	20167832  -  ResidentSetSize of job (KB)
...
006 (12419553.007.000) 06/03 01:29:00 Image size of job updated: 20185428
	19713  -  MemoryUsage of job (MB)
	20185428  -  ResidentSetSize of job (KB)
...
006 (12419553.006.000) 06/03 01:33:59 Image size of job updated: 19108848
	18661  -  MemoryUsage of job (MB)
	19108848  -  ResidentSetSize of job (KB)
...
006 (12419553.001.000) 06/03 01:33:59 Image size of job updated: 20568028
	20086  -  MemoryUsage of job (MB)
	20568028  -  ResidentSetSize of job (KB)
...
006 (12419553.003.000) 06/03 01:34:00 Image size of job updated: 20883120
	20394  -  MemoryUsage of job (MB)
	20883120  -  ResidentSetSize of job (KB)
...
006 (12419553.007.000) 06/03 01:34:00 Image size of job updated: 20940520
	20450  -  MemoryUsage of job (MB)
	20940520  -  ResidentSetSize of job (KB)
...
006 (12419553.001.000) 06/03 01:39:00 Image size of job updated: 21262032
	20764  -  MemoryUsage of job (MB)
	21262032  -  ResidentSetSize of job (KB)
...
006 (12419553.003.000) 06/03 01:39:00 Image size of job updated: 21708804
	21201  -  MemoryUsage of job (MB)
	21708804  -  ResidentSetSize of job (KB)
...
006 (12419553.007.000) 06/03 01:39:00 Image size of job updated: 21660784
	21154  -  MemoryUsage of job (MB)
	21660784  -  ResidentSetSize of job (KB)
...
006 (12419553.006.000) 06/03 01:39:00 Image size of job updated: 19785288
	19322  -  MemoryUsage of job (MB)
	19785288  -  ResidentSetSize of job (KB)
...
006 (12419553.001.000) 06/03 01:44:00 Image size of job updated: 21994980
	21480  -  MemoryUsage of job (MB)
	21994980  -  ResidentSetSize of job (KB)
...
006 (12419553.003.000) 06/03 01:44:00 Image size of job updated: 22417952
	21893  -  MemoryUsage of job (MB)
	22417952  -  ResidentSetSize of job (KB)
...
006 (12419553.006.000) 06/03 01:44:01 Image size of job updated: 20445188
	19967  -  MemoryUsage of job (MB)
	20445188  -  ResidentSetSize of job (KB)
...
006 (12419553.007.000) 06/03 01:44:01 Image size of job updated: 22464376
	21938  -  MemoryUsage of job (MB)
	22464376  -  ResidentSetSize of job (KB)
...
040 (12419553.004.000) 06/03 01:46:38 Entered queue to transfer output files
...
006 (12419553.003.000) 06/03 01:49:01 Image size of job updated: 23241848
	22698  -  MemoryUsage of job (MB)
	23241848  -  ResidentSetSize of job (KB)
...
006 (12419553.006.000) 06/03 01:49:01 Image size of job updated: 21117460
	20623  -  MemoryUsage of job (MB)
	21117460  -  ResidentSetSize of job (KB)
...
006 (12419553.001.000) 06/03 01:49:01 Image size of job updated: 22709304
	22178  -  MemoryUsage of job (MB)
	22709304  -  ResidentSetSize of job (KB)
...
006 (12419553.007.000) 06/03 01:49:02 Image size of job updated: 23209940
	22666  -  MemoryUsage of job (MB)
	23209940  -  ResidentSetSize of job (KB)
...
006 (12419553.003.000) 06/03 01:54:01 Image size of job updated: 23964148
	23403  -  MemoryUsage of job (MB)
	23964148  -  ResidentSetSize of job (KB)
...
006 (12419553.001.000) 06/03 01:54:02 Image size of job updated: 23419580
	22871  -  MemoryUsage of job (MB)
	23419580  -  ResidentSetSize of job (KB)
...
006 (12419553.007.000) 06/03 01:54:02 Image size of job updated: 24002072
	23440  -  MemoryUsage of job (MB)
	24002072  -  ResidentSetSize of job (KB)
...
006 (12419553.006.000) 06/03 01:54:02 Image size of job updated: 21792580
	21282  -  MemoryUsage of job (MB)
	21792580  -  ResidentSetSize of job (KB)
...
040 (12419553.002.000) 06/03 01:57:25 Entered queue to transfer output files
...
006 (12419553.001.000) 06/03 01:59:02 Image size of job updated: 24132040
	23567  -  MemoryUsage of job (MB)
	24132040  -  ResidentSetSize of job (KB)
...
006 (12419553.006.000) 06/03 01:59:03 Image size of job updated: 22468888
	21943  -  MemoryUsage of job (MB)
	22468888  -  ResidentSetSize of job (KB)
...
006 (12419553.011.000) 06/03 01:59:06 Image size of job updated: 17767792
	17352  -  MemoryUsage of job (MB)
	17767792  -  ResidentSetSize of job (KB)
...
006 (12419553.001.000) 06/03 02:04:02 Image size of job updated: 24281952
	23713  -  MemoryUsage of job (MB)
	24281952  -  ResidentSetSize of job (KB)
...
006 (12419553.006.000) 06/03 02:04:03 Image size of job updated: 23133900
	22592  -  MemoryUsage of job (MB)
	23133900  -  ResidentSetSize of job (KB)
...
006 (12419553.011.000) 06/03 02:04:06 Image size of job updated: 18477152
	18045  -  MemoryUsage of job (MB)
	18477152  -  ResidentSetSize of job (KB)
...
006 (12419553.006.000) 06/03 02:09:03 Image size of job updated: 23885988
	23327  -  MemoryUsage of job (MB)
	23885988  -  ResidentSetSize of job (KB)
...
006 (12419553.011.000) 06/03 02:09:07 Image size of job updated: 18477152
	18045  -  MemoryUsage of job (MB)
	18477372  -  ResidentSetSize of job (KB)
...
006 (12419553.006.000) 06/03 02:14:04 Image size of job updated: 24454924
	23882  -  MemoryUsage of job (MB)
	24454924  -  ResidentSetSize of job (KB)
...
040 (12419553.002.000) 06/03 02:19:47 Started transferring output files
	Seconds spent in queue: 13983
...
040 (12419553.002.000) 06/03 02:19:47 Finished transferring output files
...
005 (12419553.002.000) 06/03 02:19:47 Job terminated.
	(1) Normal termination (return value 0)
		Usr 0 00:05:20, Sys 0 00:01:00  -  Run Remote Usage
		Usr 0 00:00:00, Sys 0 00:00:00  -  Run Local Usage
		Usr 0 00:05:20, Sys 0 00:01:00  -  Total Remote Usage
		Usr 0 00:00:00, Sys 0 00:00:00  -  Total Local Usage
	58606  -  Run Bytes Sent By Job
	10846  -  Run Bytes Received By Job
	58606  -  Total Bytes Sent By Job
	10846  -  Total Bytes Received By Job
	Partitionable Resources :    Usage  Request Allocated 
	   Cpus                 :        0        4         4 
	   Disk (KB)            :      134        1      3869 
	   GPUs                 :                           0 
	   Memory (MB)          :    15807    12000     12000 

	Job terminated of its own accord at 2025-06-02T23:57:20Z with exit-code 0.
...
040 (12419553.011.000) 06/03 02:24:33 Started transferring output files
	Seconds spent in queue: 14264
...
040 (12419553.011.000) 06/03 02:24:33 Finished transferring output files
...
005 (12419553.011.000) 06/03 02:24:33 Job terminated.
	(1) Normal termination (return value 0)
		Usr 0 00:06:43, Sys 0 00:01:20  -  Run Remote Usage
		Usr 0 00:00:00, Sys 0 00:00:00  -  Run Local Usage
		Usr 0 00:06:43, Sys 0 00:01:20  -  Total Remote Usage
		Usr 0 00:00:00, Sys 0 00:00:00  -  Total Local Usage
	60568  -  Run Bytes Sent By Job
	10846  -  Run Bytes Received By Job
	60568  -  Total Bytes Sent By Job
	10846  -  Total Bytes Received By Job
	Partitionable Resources :    Usage  Request Allocated 
	   Cpus                 :     0.08        4         4 
	   Disk (KB)            :   135           1      3869 
	   GPUs                 :                           0 
	   Memory (MB)          : 18045       12000     12000 

	Job terminated of its own accord at 2025-06-03T00:24:32Z with exit-code 0.
...
040 (12419553.004.000) 06/03 02:26:04 Started transferring output files
	Seconds spent in queue: 14358
...
040 (12419553.004.000) 06/03 02:26:04 Finished transferring output files
...
005 (12419553.004.000) 06/03 02:26:04 Job terminated.
	(1) Normal termination (return value 0)
		Usr 0 00:06:59, Sys 0 00:01:35  -  Run Remote Usage
		Usr 0 00:00:00, Sys 0 00:00:00  -  Run Local Usage
		Usr 0 00:06:59, Sys 0 00:01:35  -  Total Remote Usage
		Usr 0 00:00:00, Sys 0 00:00:00  -  Total Local Usage
	61546  -  Run Bytes Sent By Job
	10846  -  Run Bytes Received By Job
	61546  -  Total Bytes Sent By Job
	10846  -  Total Bytes Received By Job
	Partitionable Resources :    Usage  Request Allocated 
	   Cpus                 :        0        4         4 
	   Disk (KB)            :      136        1      3792 
	   GPUs                 :                           0 
	   Memory (MB)          :    23382    12000     12000 

	Job terminated of its own accord at 2025-06-02T23:46:33Z with exit-code 0.
...
040 (12419553.001.000) 06/03 02:29:04 Entered queue to transfer output files
...
040 (12419553.001.000) 06/03 02:29:10 Started transferring output files
	Seconds spent in queue: 14546
...
040 (12419553.001.000) 06/03 02:29:11 Finished transferring output files
...
005 (12419553.001.000) 06/03 02:29:11 Job terminated.
	(1) Normal termination (return value 0)
		Usr 0 00:06:35, Sys 0 00:01:27  -  Run Remote Usage
		Usr 0 00:00:00, Sys 0 00:00:00  -  Run Local Usage
		Usr 0 00:06:35, Sys 0 00:01:27  -  Total Remote Usage
		Usr 0 00:00:00, Sys 0 00:00:00  -  Total Local Usage
	60986  -  Run Bytes Sent By Job
	10846  -  Run Bytes Received By Job
	60986  -  Total Bytes Sent By Job
	10846  -  Total Bytes Received By Job
	Partitionable Resources :    Usage  Request Allocated 
	   Cpus                 :     0.02        4         4 
	   Disk (KB)            :   136           1      3822 
	   GPUs                 :                           0 
	   Memory (MB)          : 23713       12000     12000 

	Job terminated of its own accord at 2025-06-03T00:28:59Z with exit-code 0.
...
040 (12419553.009.000) 06/03 02:38:31 Entered queue to transfer output files
...
040 (12419553.009.000) 06/03 02:38:35 Started transferring output files
	Seconds spent in queue: 15106
...
040 (12419553.009.000) 06/03 02:38:35 Finished transferring output files
...
005 (12419553.009.000) 06/03 02:38:35 Job terminated.
	(1) Normal termination (return value 0)
		Usr 0 00:08:25, Sys 0 00:02:02  -  Run Remote Usage
		Usr 0 00:00:00, Sys 0 00:00:00  -  Run Local Usage
		Usr 0 00:08:25, Sys 0 00:02:02  -  Total Remote Usage
		Usr 0 00:00:00, Sys 0 00:00:00  -  Total Local Usage
	62822  -  Run Bytes Sent By Job
	10846  -  Run Bytes Received By Job
	62822  -  Total Bytes Sent By Job
	10846  -  Total Bytes Received By Job
	Partitionable Resources :    Usage  Request Allocated 
	   Cpus                 :     0.20        4         4 
	   Disk (KB)            :   138           1      3832 
	   GPUs                 :                           0 
	   Memory (MB)          : 20212       12000     12000 

	Job terminated of its own accord at 2025-06-03T00:38:26Z with exit-code 0.
...
040 (12419553.007.000) 06/03 02:43:36 Started transferring output files
	Seconds spent in queue: 15409
...
040 (12419553.007.000) 06/03 02:43:36 Finished transferring output files
...
005 (12419553.007.000) 06/03 02:43:36 Job terminated.
	(1) Normal termination (return value 0)
		Usr 0 00:07:25, Sys 0 00:01:39  -  Run Remote Usage
		Usr 0 00:00:00, Sys 0 00:00:00  -  Run Local Usage
		Usr 0 00:07:25, Sys 0 00:01:39  -  Total Remote Usage
		Usr 0 00:00:00, Sys 0 00:00:00  -  Total Local Usage
	61896  -  Run Bytes Sent By Job
	10846  -  Run Bytes Received By Job
	61896  -  Total Bytes Sent By Job
	10846  -  Total Bytes Received By Job
	Partitionable Resources :    Usage  Request Allocated 
	   Cpus                 :     0.05        4         4 
	   Disk (KB)            :   137           1      3822 
	   GPUs                 :                           0 
	   Memory (MB)          : 23440       12000     12000 

	Job terminated of its own accord at 2025-06-03T00:43:36Z with exit-code 0.
...
007 (12419553.003.000) 06/03 02:47:59 Shadow exception!
	Error from slot1_21@b9g03p5993.cern.ch: Job has gone over cgroup memory limit of 12000 megabytes. Peak usage: 0 megabytes.  Consider resubmitting with a higher request_memory.
	0  -  Run Bytes Sent By Job
	10846  -  Run Bytes Received By Job
...
012 (12419553.003.000) 06/03 02:47:59 Job was held.
	Error from slot1_21@b9g03p5993.cern.ch: Job has gone over cgroup memory limit of 12000 megabytes. Peak usage: 0 megabytes.  Consider resubmitting with a higher request_memory.
	Code 34 Subcode 0
...
040 (12419553.008.000) 06/03 03:00:20 Started transferring output files
	Seconds spent in queue: 16413
...
040 (12419553.008.000) 06/03 03:00:20 Finished transferring output files
...
005 (12419553.008.000) 06/03 03:00:20 Job terminated.
	(1) Normal termination (return value 0)
		Usr 0 00:07:55, Sys 0 00:01:54  -  Run Remote Usage
		Usr 0 00:00:00, Sys 0 00:00:00  -  Run Local Usage
		Usr 0 00:07:55, Sys 0 00:01:54  -  Total Remote Usage
		Usr 0 00:00:00, Sys 0 00:00:00  -  Total Local Usage
	62386  -  Run Bytes Sent By Job
	10846  -  Run Bytes Received By Job
	62386  -  Total Bytes Sent By Job
	10846  -  Total Bytes Received By Job
	Partitionable Resources :    Usage  Request Allocated 
	   Cpus                 :     0.05        4         4 
	   Disk (KB)            :   137           1      3869 
	   GPUs                 :                           0 
	   Memory (MB)          : 16805       12000     12000 

	Job terminated of its own accord at 2025-06-03T01:00:20Z with exit-code 0.
...
006 (12419553.005.000) 06/03 03:04:11 Image size of job updated: 18916908
	18474  -  MemoryUsage of job (MB)
	18916908  -  ResidentSetSize of job (KB)
...
006 (12419553.005.000) 06/03 03:09:11 Image size of job updated: 19801420
	19338  -  MemoryUsage of job (MB)
	19801420  -  ResidentSetSize of job (KB)
...
006 (12419553.005.000) 06/03 03:14:11 Image size of job updated: 20709368
	20224  -  MemoryUsage of job (MB)
	20709368  -  ResidentSetSize of job (KB)
...
040 (12419553.005.000) 06/03 03:46:44 Entered queue to transfer output files
...
040 (12419553.005.000) 06/03 03:55:27 Started transferring output files
	Seconds spent in queue: 19721
...
040 (12419553.005.000) 06/03 03:55:27 Finished transferring output files
...
005 (12419553.005.000) 06/03 03:55:27 Job terminated.
	(1) Normal termination (return value 0)
		Usr 0 00:09:47, Sys 0 00:02:35  -  Run Remote Usage
		Usr 0 00:00:00, Sys 0 00:00:00  -  Run Local Usage
		Usr 0 00:09:47, Sys 0 00:02:35  -  Total Remote Usage
		Usr 0 00:00:00, Sys 0 00:00:00  -  Total Local Usage
	65062  -  Run Bytes Sent By Job
	10846  -  Run Bytes Received By Job
	65062  -  Total Bytes Sent By Job
	10846  -  Total Bytes Received By Job
	Partitionable Resources :    Usage  Request Allocated 
	   Cpus                 :        0        4         4 
	   Disk (KB)            :      140        1      3832 
	   GPUs                 :                           0 
	   Memory (MB)          :    20224    12000     12000 

	Job terminated of its own accord at 2025-06-03T01:46:39Z with exit-code 0.
...
040 (12419553.006.000) 06/03 04:03:07 Entered queue to transfer output files
...
040 (12419553.006.000) 06/03 04:03:22 Started transferring output files
	Seconds spent in queue: 20195
...
040 (12419553.006.000) 06/03 04:03:22 Finished transferring output files
...
005 (12419553.006.000) 06/03 04:03:22 Job terminated.
	(1) Normal termination (return value 0)
		Usr 0 00:10:51, Sys 0 00:03:04  -  Run Remote Usage
		Usr 0 00:00:00, Sys 0 00:00:00  -  Run Local Usage
		Usr 0 00:10:51, Sys 0 00:03:04  -  Total Remote Usage
		Usr 0 00:00:00, Sys 0 00:00:00  -  Total Local Usage
	64642  -  Run Bytes Sent By Job
	10846  -  Run Bytes Received By Job
	64642  -  Total Bytes Sent By Job
	10846  -  Total Bytes Received By Job
	Partitionable Resources :    Usage  Request Allocated 
	   Cpus                 :     0.04        4         4 
	   Disk (KB)            :   139           1      3794 
	   GPUs                 :                           0 
	   Memory (MB)          : 23882       12000     12000 

	Job terminated of its own accord at 2025-06-03T02:03:02Z with exit-code 0.
...
013 (12419553.003.000) 06/03 15:02:48 Job was released.
	via condor_release (by user junghyun)
...
040 (12419553.003.000) 06/03 15:04:51 Started transferring input files
	Seconds spent in queue: 59885
...
040 (12419553.003.000) 06/03 15:04:51 Finished transferring input files
...
001 (12419553.003.000) 06/03 15:04:52 Job executing on host: <188.185.195.47:9618?addrs=188.185.195.47-9618+[2001-1458-303-22--100-2b]-9618&alias=b9p17p5429.cern.ch&noUDP&sock=startd_2690_b1d9>
	SlotName: slot1_12@b9p17p5429.cern.ch
	CondorScratchDir = "/pool/condor/dir_3663629"
	Cpus = 4
	Disk = 3861
	GPUs = 0
	Memory = 30000
...
006 (12419553.003.000) 06/03 17:55:22 Image size of job updated: 25641984
	25041  -  MemoryUsage of job (MB)
	25641984  -  ResidentSetSize of job (KB)
...
006 (12419553.003.000) 06/03 18:00:23 Image size of job updated: 26466716
	25847  -  MemoryUsage of job (MB)
	26466716  -  ResidentSetSize of job (KB)
...
006 (12419553.003.000) 06/03 18:05:24 Image size of job updated: 27291032
	26652  -  MemoryUsage of job (MB)
	27291032  -  ResidentSetSize of job (KB)
...
006 (12419553.003.000) 06/03 18:10:24 Image size of job updated: 28099152
	27441  -  MemoryUsage of job (MB)
	28099152  -  ResidentSetSize of job (KB)
...
006 (12419553.003.000) 06/03 18:15:25 Image size of job updated: 28894776
	28218  -  MemoryUsage of job (MB)
	28894776  -  ResidentSetSize of job (KB)
...
006 (12419553.003.000) 06/03 18:20:26 Image size of job updated: 29663060
	28968  -  MemoryUsage of job (MB)
	29663060  -  ResidentSetSize of job (KB)
...
006 (12419553.003.000) 06/03 18:25:26 Image size of job updated: 30485380
	29771  -  MemoryUsage of job (MB)
	30485380  -  ResidentSetSize of job (KB)
...
006 (12419553.003.000) 06/03 18:30:27 Image size of job updated: 31307820
	30575  -  MemoryUsage of job (MB)
	31307820  -  ResidentSetSize of job (KB)
...
006 (12419553.003.000) 06/03 18:35:28 Image size of job updated: 32001172
	31252  -  MemoryUsage of job (MB)
	32001172  -  ResidentSetSize of job (KB)
...
006 (12419553.003.000) 06/03 18:40:28 Image size of job updated: 32717000
	31951  -  MemoryUsage of job (MB)
	32717000  -  ResidentSetSize of job (KB)
...
006 (12419553.003.000) 06/03 18:45:28 Image size of job updated: 33344468
	32563  -  MemoryUsage of job (MB)
	33344468  -  ResidentSetSize of job (KB)
...
006 (12419553.003.000) 06/03 18:50:29 Image size of job updated: 33946264
	33151  -  MemoryUsage of job (MB)
	33946264  -  ResidentSetSize of job (KB)
...
006 (12419553.003.000) 06/03 18:55:29 Image size of job updated: 34667884
	33856  -  MemoryUsage of job (MB)
	34667884  -  ResidentSetSize of job (KB)
...
006 (12419553.003.000) 06/03 19:00:02 Image size of job updated: 35312592
	33856  -  MemoryUsage of job (MB)
	34667884  -  ResidentSetSize of job (KB)
...
040 (12419553.003.000) 06/03 19:00:02 Started transferring output files
	Seconds spent in queue: 73996
...
040 (12419553.003.000) 06/03 19:00:03 Finished transferring output files
...
005 (12419553.003.000) 06/03 19:00:03 Job terminated.
	(1) Normal termination (return value 0)
		Usr 0 00:11:50, Sys 0 00:01:17  -  Run Remote Usage
		Usr 0 00:00:00, Sys 0 00:00:00  -  Run Local Usage
		Usr 0 00:23:46, Sys 0 00:03:33  -  Total Remote Usage
		Usr 0 00:00:00, Sys 0 00:00:00  -  Total Local Usage
	60820  -  Run Bytes Sent By Job
	10846  -  Run Bytes Received By Job
	60820  -  Total Bytes Sent By Job
	21692  -  Total Bytes Received By Job
	Partitionable Resources :    Usage  Request Allocated 
	   Cpus                 :     0.04        4         4 
	   Disk (KB)            :   138         150      3861 
	   GPUs                 :                           0 
	   Memory (MB)          : 33856       30000     30000 

	Job terminated of its own accord at 2025-06-03T17:00:02Z with exit-code 0.
...
