000 (12494030.000.000) 06/09 05:38:18 Job submitted from host: <188.185.114.121:9618?addrs=188.185.114.121-9618+[2001-1458-d00-a--100-273]-9618&alias=bigbird19.cern.ch&noUDP&sock=schedd_2045_4743>
...
000 (12494030.001.000) 06/09 05:38:18 Job submitted from host: <188.185.114.121:9618?addrs=188.185.114.121-9618+[2001-1458-d00-a--100-273]-9618&alias=bigbird19.cern.ch&noUDP&sock=schedd_2045_4743>
...
000 (12494030.002.000) 06/09 05:38:18 Job submitted from host: <188.185.114.121:9618?addrs=188.185.114.121-9618+[2001-1458-d00-a--100-273]-9618&alias=bigbird19.cern.ch&noUDP&sock=schedd_2045_4743>
...
000 (12494030.003.000) 06/09 05:38:18 Job submitted from host: <188.185.114.121:9618?addrs=188.185.114.121-9618+[2001-1458-d00-a--100-273]-9618&alias=bigbird19.cern.ch&noUDP&sock=schedd_2045_4743>
...
000 (12494030.004.000) 06/09 05:38:18 Job submitted from host: <188.185.114.121:9618?addrs=188.185.114.121-9618+[2001-1458-d00-a--100-273]-9618&alias=bigbird19.cern.ch&noUDP&sock=schedd_2045_4743>
...
000 (12494030.005.000) 06/09 05:38:18 Job submitted from host: <188.185.114.121:9618?addrs=188.185.114.121-9618+[2001-1458-d00-a--100-273]-9618&alias=bigbird19.cern.ch&noUDP&sock=schedd_2045_4743>
...
000 (12494030.006.000) 06/09 05:38:18 Job submitted from host: <188.185.114.121:9618?addrs=188.185.114.121-9618+[2001-1458-d00-a--100-273]-9618&alias=bigbird19.cern.ch&noUDP&sock=schedd_2045_4743>
...
000 (12494030.007.000) 06/09 05:38:18 Job submitted from host: <188.185.114.121:9618?addrs=188.185.114.121-9618+[2001-1458-d00-a--100-273]-9618&alias=bigbird19.cern.ch&noUDP&sock=schedd_2045_4743>
...
000 (12494030.008.000) 06/09 05:38:18 Job submitted from host: <188.185.114.121:9618?addrs=188.185.114.121-9618+[2001-1458-d00-a--100-273]-9618&alias=bigbird19.cern.ch&noUDP&sock=schedd_2045_4743>
...
000 (12494030.009.000) 06/09 05:38:18 Job submitted from host: <188.185.114.121:9618?addrs=188.185.114.121-9618+[2001-1458-d00-a--100-273]-9618&alias=bigbird19.cern.ch&noUDP&sock=schedd_2045_4743>
...
000 (12494030.010.000) 06/09 05:38:18 Job submitted from host: <188.185.114.121:9618?addrs=188.185.114.121-9618+[2001-1458-d00-a--100-273]-9618&alias=bigbird19.cern.ch&noUDP&sock=schedd_2045_4743>
...
000 (12494030.011.000) 06/09 05:38:18 Job submitted from host: <188.185.114.121:9618?addrs=188.185.114.121-9618+[2001-1458-d00-a--100-273]-9618&alias=bigbird19.cern.ch&noUDP&sock=schedd_2045_4743>
...
000 (12494030.012.000) 06/09 05:38:18 Job submitted from host: <188.185.114.121:9618?addrs=188.185.114.121-9618+[2001-1458-d00-a--100-273]-9618&alias=bigbird19.cern.ch&noUDP&sock=schedd_2045_4743>
...
040 (12494030.000.000) 06/09 05:38:44 Started transferring input files
	Transferring to host: <188.185.193.61:9618?addrs=188.185.193.61-9618+[2001-1458-303-20--100-39]-9618&alias=b9p19p3628.cern.ch&noUDP&sock=slot1_7_3318_94c0_7061>
...
040 (12494030.000.000) 06/09 05:38:44 Finished transferring input files
...
001 (12494030.000.000) 06/09 05:38:45 Job executing on host: <188.185.193.61:9618?addrs=188.185.193.61-9618+[2001-1458-303-20--100-39]-9618&alias=b9p19p3628.cern.ch&noUDP&sock=startd_3029_3874>
	SlotName: slot1_7@b9p19p3628.cern.ch
	CondorScratchDir = "/pool/condor/dir_2215164"
	Cpus = 4
	Disk = 3726
	GPUs = 0
	Memory = 12000
...
040 (12494030.001.000) 06/09 05:38:50 Started transferring input files
	Transferring to host: <188.184.185.69:9618?addrs=188.184.185.69-9618+[2001-1458-301-52--100-44]-9618&alias=b9g37p2364.cern.ch&noUDP&sock=slot1_2_2932465_a029_25740>
...
040 (12494030.001.000) 06/09 05:38:50 Finished transferring input files
...
040 (12494030.002.000) 06/09 05:38:51 Started transferring input files
	Transferring to host: <188.185.198.75:9618?addrs=188.185.198.75-9618+[2001-1458-303-25--100-47]-9618&alias=b9p15p1105.cern.ch&noUDP&sock=slot1_8_6697_6469_6474>
...
040 (12494030.002.000) 06/09 05:38:51 Finished transferring input files
...
001 (12494030.001.000) 06/09 05:38:51 Job executing on host: <188.184.185.69:9618?addrs=188.184.185.69-9618+[2001-1458-301-52--100-44]-9618&alias=b9g37p2364.cern.ch&noUDP&sock=startd_2932300_7aef>
	SlotName: slot1_2@b9g37p2364.cern.ch
	CondorScratchDir = "/pool/condor/dir_4132199"
	Cpus = 4
	Disk = 3864
	GPUs = 0
	Memory = 12000
...
001 (12494030.002.000) 06/09 05:38:52 Job executing on host: <188.185.198.75:9618?addrs=188.185.198.75-9618+[2001-1458-303-25--100-47]-9618&alias=b9p15p1105.cern.ch&noUDP&sock=startd_6012_4f77>
	SlotName: slot1_8@b9p15p1105.cern.ch
	CondorScratchDir = "/pool/condor/dir_2930601"
	Cpus = 4
	Disk = 3922
	GPUs = 0
	Memory = 12000
...
040 (12494030.005.000) 06/09 05:38:52 Started transferring input files
	Transferring to host: <188.185.196.146:9618?addrs=188.185.196.146-9618+[2001-1458-303-23--100-8e]-9618&alias=b9p16p3934.cern.ch&noUDP&sock=slot1_13_8284_93ca_6640>
...
040 (12494030.005.000) 06/09 05:38:52 Finished transferring input files
...
040 (12494030.003.000) 06/09 05:38:52 Started transferring input files
	Transferring to host: <188.185.192.102:9618?addrs=188.185.192.102-9618+[2001-1458-303-1f--100-62]-9618&alias=b9p13p6178.cern.ch&noUDP&sock=slot1_16_2786262_62d0_5808>
...
040 (12494030.003.000) 06/09 05:38:52 Finished transferring input files
...
040 (12494030.004.000) 06/09 05:38:52 Started transferring input files
	Transferring to host: <188.185.193.125:9618?addrs=188.185.193.125-9618+[2001-1458-303-20--100-79]-9618&alias=b9p19p7400.cern.ch&noUDP&sock=slot1_14_3268_59fe_7249>
...
040 (12494030.004.000) 06/09 05:38:52 Finished transferring input files
...
006 (12494030.000.000) 06/09 05:38:53 Image size of job updated: 129492
	127  -  MemoryUsage of job (MB)
	129492  -  ResidentSetSize of job (KB)
...
040 (12494030.007.000) 06/09 05:38:53 Started transferring input files
	Transferring to host: <128.142.248.211:9618?addrs=128.142.248.211-9618+[2001-1458-301-73--100-d2]-9618&alias=b9g23p8105.cern.ch&noUDP&sock=slot1_29_1817904_92be_28497>
...
040 (12494030.007.000) 06/09 05:38:53 Finished transferring input files
...
040 (12494030.009.000) 06/09 05:38:53 Started transferring input files
	Transferring to host: <188.185.194.177:9618?addrs=188.185.194.177-9618+[2001-1458-303-21--100-ad]-9618&alias=b9p20p3917.cern.ch&noUDP&sock=slot1_8_3183_761b_6967>
...
040 (12494030.009.000) 06/09 05:38:53 Finished transferring input files
...
040 (12494030.008.000) 06/09 05:38:53 Started transferring input files
	Transferring to host: <188.185.192.154:9618?addrs=188.185.192.154-9618+[2001-1458-303-1f--100-96]-9618&alias=b9p13p4281.cern.ch&noUDP&sock=slot1_25_3361_e0e2_7021>
...
040 (12494030.008.000) 06/09 05:38:53 Finished transferring input files
...
001 (12494030.005.000) 06/09 05:38:53 Job executing on host: <188.185.196.146:9618?addrs=188.185.196.146-9618+[2001-1458-303-23--100-8e]-9618&alias=b9p16p3934.cern.ch&noUDP&sock=startd_7409_8945>
	SlotName: slot1_13@b9p16p3934.cern.ch
	CondorScratchDir = "/pool/condor/dir_417581"
	Cpus = 4
	Disk = 3935
	GPUs = 0
	Memory = 12000
...
001 (12494030.003.000) 06/09 05:38:53 Job executing on host: <188.185.192.102:9618?addrs=188.185.192.102-9618+[2001-1458-303-1f--100-62]-9618&alias=b9p13p6178.cern.ch&noUDP&sock=startd_11617_dfcc>
	SlotName: slot1_16@b9p13p6178.cern.ch
	CondorScratchDir = "/pool/condor/dir_1123508"
	Cpus = 4
	Disk = 3888
	GPUs = 0
	Memory = 12000
...
001 (12494030.004.000) 06/09 05:38:53 Job executing on host: <188.185.193.125:9618?addrs=188.185.193.125-9618+[2001-1458-303-20--100-79]-9618&alias=b9p19p7400.cern.ch&noUDP&sock=startd_3028_88dc>
	SlotName: slot1_14@b9p19p7400.cern.ch
	CondorScratchDir = "/pool/condor/dir_3888183"
	Cpus = 4
	Disk = 3937
	GPUs = 0
	Memory = 12000
...
001 (12494030.007.000) 06/09 05:38:54 Job executing on host: <128.142.248.211:9618?addrs=128.142.248.211-9618+[2001-1458-301-73--100-d2]-9618&alias=b9g23p8105.cern.ch&noUDP&sock=startd_3347_5792>
	SlotName: slot1_29@b9g23p8105.cern.ch
	CondorScratchDir = "/pool/condor/dir_899739"
	Cpus = 4
	Disk = 3976
	GPUs = 0
	Memory = 12000
...
001 (12494030.009.000) 06/09 05:38:54 Job executing on host: <188.185.194.177:9618?addrs=188.185.194.177-9618+[2001-1458-303-21--100-ad]-9618&alias=b9p20p3917.cern.ch&noUDP&sock=startd_2646_83af>
	SlotName: slot1_8@b9p20p3917.cern.ch
	CondorScratchDir = "/pool/condor/dir_701813"
	Cpus = 4
	Disk = 3966
	GPUs = 0
	Memory = 12000
...
001 (12494030.008.000) 06/09 05:38:54 Job executing on host: <188.185.192.154:9618?addrs=188.185.192.154-9618+[2001-1458-303-1f--100-96]-9618&alias=b9p13p4281.cern.ch&noUDP&sock=startd_2772_f09e>
	SlotName: slot1_25@b9p13p4281.cern.ch
	CondorScratchDir = "/pool/condor/dir_864062"
	Cpus = 4
	Disk = 3856
	GPUs = 0
	Memory = 12000
...
040 (12494030.011.000) 06/09 05:38:54 Started transferring input files
	Transferring to host: <128.142.248.65:9618?addrs=128.142.248.65-9618+[2001-1458-301-73--100-131]-9618&alias=b9g23p4661.cern.ch&noUDP&sock=slot1_7_2965392_ad04_7171>
...
040 (12494030.011.000) 06/09 05:38:54 Finished transferring input files
...
040 (12494030.010.000) 06/09 05:38:54 Started transferring input files
	Transferring to host: <188.185.198.25:9618?addrs=188.185.198.25-9618+[2001-1458-303-25--100-15]-9618&alias=b9p15p4003.cern.ch&noUDP&sock=slot1_28_6694_4749_8279>
...
040 (12494030.010.000) 06/09 05:38:54 Finished transferring input files
...
040 (12494030.012.000) 06/09 05:38:54 Started transferring input files
	Transferring to host: <188.185.192.59:9618?addrs=188.185.192.59-9618+[2001-1458-303-1f--100-37]-9618&alias=b9p13p2862.cern.ch&noUDP&sock=slot1_26_8738_761c_7780>
...
040 (12494030.012.000) 06/09 05:38:54 Finished transferring input files
...
001 (12494030.011.000) 06/09 05:38:55 Job executing on host: <128.142.248.65:9618?addrs=128.142.248.65-9618+[2001-1458-301-73--100-131]-9618&alias=b9g23p4661.cern.ch&noUDP&sock=startd_7867_afa6>
	SlotName: slot1_7@b9g23p4661.cern.ch
	CondorScratchDir = "/pool/condor/dir_2876183"
	Cpus = 4
	Disk = 3774
	GPUs = 0
	Memory = 12000
...
001 (12494030.010.000) 06/09 05:38:55 Job executing on host: <188.185.198.25:9618?addrs=188.185.198.25-9618+[2001-1458-303-25--100-15]-9618&alias=b9p15p4003.cern.ch&noUDP&sock=startd_6049_b078>
	SlotName: slot1_28@b9p15p4003.cern.ch
	CondorScratchDir = "/pool/condor/dir_2224239"
	Cpus = 4
	Disk = 3939
	GPUs = 0
	Memory = 12000
...
001 (12494030.012.000) 06/09 05:38:55 Job executing on host: <188.185.192.59:9618?addrs=188.185.192.59-9618+[2001-1458-303-1f--100-37]-9618&alias=b9p13p2862.cern.ch&noUDP&sock=startd_8257_3195>
	SlotName: slot1_26@b9p13p2862.cern.ch
	CondorScratchDir = "/pool/condor/dir_149030"
	Cpus = 4
	Disk = 3875
	GPUs = 0
	Memory = 12000
...
040 (12494030.006.000) 06/09 05:38:58 Started transferring input files
	Transferring to host: <188.185.192.161:9618?addrs=188.185.192.161-9618+[2001-1458-303-1f--100-9d]-9618&alias=b9p13p1398.cern.ch&noUDP&sock=slot1_2_7330_65e3_7362>
...
040 (12494030.006.000) 06/09 05:38:58 Finished transferring input files
...
001 (12494030.006.000) 06/09 05:38:59 Job executing on host: <188.185.192.161:9618?addrs=188.185.192.161-9618+[2001-1458-303-1f--100-9d]-9618&alias=b9p13p1398.cern.ch&noUDP&sock=startd_6620_590c>
	SlotName: slot1_2@b9p13p1398.cern.ch
	CondorScratchDir = "/pool/condor/dir_3951458"
	Cpus = 4
	Disk = 3846
	GPUs = 0
	Memory = 12000
...
006 (12494030.001.000) 06/09 05:39:00 Image size of job updated: 2100
	3  -  MemoryUsage of job (MB)
	2100  -  ResidentSetSize of job (KB)
...
006 (12494030.005.000) 06/09 05:39:02 Image size of job updated: 328204
	321  -  MemoryUsage of job (MB)
	328204  -  ResidentSetSize of job (KB)
...
006 (12494030.003.000) 06/09 05:39:02 Image size of job updated: 337504
	330  -  MemoryUsage of job (MB)
	337504  -  ResidentSetSize of job (KB)
...
006 (12494030.004.000) 06/09 05:39:02 Image size of job updated: 318692
	312  -  MemoryUsage of job (MB)
	318692  -  ResidentSetSize of job (KB)
...
006 (12494030.008.000) 06/09 05:39:03 Image size of job updated: 2932
	3  -  MemoryUsage of job (MB)
	2932  -  ResidentSetSize of job (KB)
...
006 (12494030.002.000) 06/09 05:39:06 Image size of job updated: 67584
	66  -  MemoryUsage of job (MB)
	67584  -  ResidentSetSize of job (KB)
...
006 (12494030.006.000) 06/09 05:39:07 Image size of job updated: 207428
	203  -  MemoryUsage of job (MB)
	207428  -  ResidentSetSize of job (KB)
...
006 (12494030.007.000) 06/09 05:39:08 Image size of job updated: 37428
	37  -  MemoryUsage of job (MB)
	37428  -  ResidentSetSize of job (KB)
...
006 (12494030.009.000) 06/09 05:39:08 Image size of job updated: 33236
	33  -  MemoryUsage of job (MB)
	33236  -  ResidentSetSize of job (KB)
...
006 (12494030.011.000) 06/09 05:39:09 Image size of job updated: 80556
	79  -  MemoryUsage of job (MB)
	80556  -  ResidentSetSize of job (KB)
...
006 (12494030.012.000) 06/09 05:39:09 Image size of job updated: 72552
	71  -  MemoryUsage of job (MB)
	72552  -  ResidentSetSize of job (KB)
...
006 (12494030.010.000) 06/09 05:39:09 Image size of job updated: 67532
	66  -  MemoryUsage of job (MB)
	67532  -  ResidentSetSize of job (KB)
...
006 (12494030.000.000) 06/09 05:43:53 Image size of job updated: 783688
	766  -  MemoryUsage of job (MB)
	783688  -  ResidentSetSize of job (KB)
...
006 (12494030.012.000) 06/09 05:43:59 Image size of job updated: 549184
	71  -  MemoryUsage of job (MB)
	72552  -  ResidentSetSize of job (KB)
...
040 (12494030.012.000) 06/09 05:43:59 Started transferring output files
...
040 (12494030.012.000) 06/09 05:43:59 Finished transferring output files
...
005 (12494030.012.000) 06/09 05:43:59 Job terminated.
	(1) Normal termination (return value 0)
		Usr 0 00:00:55, Sys 0 00:00:05  -  Run Remote Usage
		Usr 0 00:00:00, Sys 0 00:00:00  -  Run Local Usage
		Usr 0 00:00:55, Sys 0 00:00:05  -  Total Remote Usage
		Usr 0 00:00:00, Sys 0 00:00:00  -  Total Local Usage
	43527  -  Run Bytes Sent By Job
	10856  -  Run Bytes Received By Job
	43527  -  Total Bytes Sent By Job
	10856  -  Total Bytes Received By Job
	Partitionable Resources :    Usage  Request Allocated 
	   Cpus                 :        0        4         4 
	   Disk (KB)            :      119        1      3875 
	   GPUs                 :                           0 
	   Memory (MB)          :       71    12000     12000 

	Job terminated of its own accord at 2025-06-09T03:43:59Z with exit-code 0.
...
006 (12494030.001.000) 06/09 05:44:01 Image size of job updated: 408992
	400  -  MemoryUsage of job (MB)
	408992  -  ResidentSetSize of job (KB)
...
006 (12494030.005.000) 06/09 05:44:03 Image size of job updated: 849656
	830  -  MemoryUsage of job (MB)
	849656  -  ResidentSetSize of job (KB)
...
006 (12494030.003.000) 06/09 05:44:03 Image size of job updated: 904456
	884  -  MemoryUsage of job (MB)
	904456  -  ResidentSetSize of job (KB)
...
006 (12494030.004.000) 06/09 05:44:03 Image size of job updated: 689880
	674  -  MemoryUsage of job (MB)
	689880  -  ResidentSetSize of job (KB)
...
006 (12494030.008.000) 06/09 05:44:04 Image size of job updated: 838404
	819  -  MemoryUsage of job (MB)
	838404  -  ResidentSetSize of job (KB)
...
006 (12494030.006.000) 06/09 05:44:07 Image size of job updated: 701436
	685  -  MemoryUsage of job (MB)
	701436  -  ResidentSetSize of job (KB)
...
006 (12494030.002.000) 06/09 05:44:07 Image size of job updated: 583892
	571  -  MemoryUsage of job (MB)
	583892  -  ResidentSetSize of job (KB)
...
006 (12494030.007.000) 06/09 05:44:09 Image size of job updated: 563580
	551  -  MemoryUsage of job (MB)
	563580  -  ResidentSetSize of job (KB)
...
006 (12494030.009.000) 06/09 05:44:09 Image size of job updated: 594892
	581  -  MemoryUsage of job (MB)
	594892  -  ResidentSetSize of job (KB)
...
006 (12494030.011.000) 06/09 05:44:10 Image size of job updated: 419328
	410  -  MemoryUsage of job (MB)
	419328  -  ResidentSetSize of job (KB)
...
006 (12494030.010.000) 06/09 05:44:10 Image size of job updated: 761672
	744  -  MemoryUsage of job (MB)
	761672  -  ResidentSetSize of job (KB)
...
040 (12494030.000.000) 06/09 05:45:17 Started transferring output files
...
040 (12494030.000.000) 06/09 05:45:17 Finished transferring output files
...
005 (12494030.000.000) 06/09 05:45:17 Job terminated.
	(1) Normal termination (return value 0)
		Usr 0 00:01:30, Sys 0 00:00:06  -  Run Remote Usage
		Usr 0 00:00:00, Sys 0 00:00:00  -  Run Local Usage
		Usr 0 00:01:30, Sys 0 00:00:06  -  Total Remote Usage
		Usr 0 00:00:00, Sys 0 00:00:00  -  Total Local Usage
	44099  -  Run Bytes Sent By Job
	10856  -  Run Bytes Received By Job
	44099  -  Total Bytes Sent By Job
	10856  -  Total Bytes Received By Job
	Partitionable Resources :    Usage  Request Allocated 
	   Cpus                 :     0.25        4         4 
	   Disk (KB)            :   121           1      3726 
	   GPUs                 :                           0 
	   Memory (MB)          :   766       12000     12000 

	Job terminated of its own accord at 2025-06-09T03:45:17Z with exit-code 0.
...
006 (12494030.001.000) 06/09 05:49:02 Image size of job updated: 674940
	660  -  MemoryUsage of job (MB)
	674940  -  ResidentSetSize of job (KB)
...
006 (12494030.005.000) 06/09 05:49:03 Image size of job updated: 1304576
	1274  -  MemoryUsage of job (MB)
	1304576  -  ResidentSetSize of job (KB)
...
006 (12494030.003.000) 06/09 05:49:03 Image size of job updated: 1380616
	1349  -  MemoryUsage of job (MB)
	1380616  -  ResidentSetSize of job (KB)
...
006 (12494030.004.000) 06/09 05:49:03 Image size of job updated: 978348
	956  -  MemoryUsage of job (MB)
	978348  -  ResidentSetSize of job (KB)
...
006 (12494030.008.000) 06/09 05:49:05 Image size of job updated: 1294104
	1264  -  MemoryUsage of job (MB)
	1294104  -  ResidentSetSize of job (KB)
...
006 (12494030.006.000) 06/09 05:49:07 Image size of job updated: 993280
	970  -  MemoryUsage of job (MB)
	993280  -  ResidentSetSize of job (KB)
...
006 (12494030.002.000) 06/09 05:49:08 Image size of job updated: 1009256
	986  -  MemoryUsage of job (MB)
	1009256  -  ResidentSetSize of job (KB)
...
006 (12494030.007.000) 06/09 05:49:10 Image size of job updated: 1006160
	983  -  MemoryUsage of job (MB)
	1006160  -  ResidentSetSize of job (KB)
...
006 (12494030.009.000) 06/09 05:49:10 Image size of job updated: 1061672
	1037  -  MemoryUsage of job (MB)
	1061672  -  ResidentSetSize of job (KB)
...
006 (12494030.011.000) 06/09 05:49:10 Image size of job updated: 684028
	668  -  MemoryUsage of job (MB)
	684028  -  ResidentSetSize of job (KB)
...
006 (12494030.010.000) 06/09 05:49:10 Image size of job updated: 1388620
	1357  -  MemoryUsage of job (MB)
	1388620  -  ResidentSetSize of job (KB)
...
006 (12494030.005.000) 06/09 05:51:29 Image size of job updated: 1304576
	1275  -  MemoryUsage of job (MB)
	1304832  -  ResidentSetSize of job (KB)
...
040 (12494030.005.000) 06/09 05:51:29 Started transferring output files
...
040 (12494030.005.000) 06/09 05:51:29 Finished transferring output files
...
005 (12494030.005.000) 06/09 05:51:29 Job terminated.
	(1) Normal termination (return value 0)
		Usr 0 00:02:13, Sys 0 00:00:10  -  Run Remote Usage
		Usr 0 00:00:00, Sys 0 00:00:00  -  Run Local Usage
		Usr 0 00:02:13, Sys 0 00:00:10  -  Total Remote Usage
		Usr 0 00:00:00, Sys 0 00:00:00  -  Total Local Usage
	44388  -  Run Bytes Sent By Job
	10856  -  Run Bytes Received By Job
	44388  -  Total Bytes Sent By Job
	10856  -  Total Bytes Received By Job
	Partitionable Resources :    Usage  Request Allocated 
	   Cpus                 :     0.19        4         4 
	   Disk (KB)            :   120           1      3935 
	   GPUs                 :                           0 
	   Memory (MB)          :  1275       12000     12000 

	Job terminated of its own accord at 2025-06-09T03:51:29Z with exit-code 0.
...
006 (12494030.001.000) 06/09 05:54:02 Image size of job updated: 943236
	922  -  MemoryUsage of job (MB)
	943236  -  ResidentSetSize of job (KB)
...
006 (12494030.003.000) 06/09 05:54:03 Image size of job updated: 1838704
	1796  -  MemoryUsage of job (MB)
	1838704  -  ResidentSetSize of job (KB)
...
006 (12494030.004.000) 06/09 05:54:03 Image size of job updated: 1244592
	1216  -  MemoryUsage of job (MB)
	1244592  -  ResidentSetSize of job (KB)
...
006 (12494030.008.000) 06/09 05:54:05 Image size of job updated: 1724260
	1684  -  MemoryUsage of job (MB)
	1724260  -  ResidentSetSize of job (KB)
...
006 (12494030.006.000) 06/09 05:54:08 Image size of job updated: 1255676
	1227  -  MemoryUsage of job (MB)
	1255676  -  ResidentSetSize of job (KB)
...
006 (12494030.002.000) 06/09 05:54:08 Image size of job updated: 1464408
	1431  -  MemoryUsage of job (MB)
	1464408  -  ResidentSetSize of job (KB)
...
006 (12494030.009.000) 06/09 05:54:10 Image size of job updated: 1552580
	1517  -  MemoryUsage of job (MB)
	1552580  -  ResidentSetSize of job (KB)
...
006 (12494030.007.000) 06/09 05:54:10 Image size of job updated: 1444952
	1412  -  MemoryUsage of job (MB)
	1444952  -  ResidentSetSize of job (KB)
...
006 (12494030.011.000) 06/09 05:54:10 Image size of job updated: 976084
	954  -  MemoryUsage of job (MB)
	976084  -  ResidentSetSize of job (KB)
...
006 (12494030.010.000) 06/09 05:54:11 Image size of job updated: 1985508
	1939  -  MemoryUsage of job (MB)
	1985508  -  ResidentSetSize of job (KB)
...
040 (12494030.006.000) 06/09 05:54:22 Started transferring output files
...
040 (12494030.006.000) 06/09 05:54:22 Finished transferring output files
...
005 (12494030.006.000) 06/09 05:54:22 Job terminated.
	(1) Normal termination (return value 0)
		Usr 0 00:01:40, Sys 0 00:00:08  -  Run Remote Usage
		Usr 0 00:00:00, Sys 0 00:00:00  -  Run Local Usage
		Usr 0 00:01:40, Sys 0 00:00:08  -  Total Remote Usage
		Usr 0 00:00:00, Sys 0 00:00:00  -  Total Local Usage
	44029  -  Run Bytes Sent By Job
	10856  -  Run Bytes Received By Job
	44029  -  Total Bytes Sent By Job
	10856  -  Total Bytes Received By Job
	Partitionable Resources :    Usage  Request Allocated 
	   Cpus                 :     0.07        4         4 
	   Disk (KB)            :   120           1      3846 
	   GPUs                 :                           0 
	   Memory (MB)          :  1227       12000     12000 

	Job terminated of its own accord at 2025-06-09T03:54:21Z with exit-code 0.
...
006 (12494030.001.000) 06/09 05:59:03 Image size of job updated: 1236920
	1208  -  MemoryUsage of job (MB)
	1236920  -  ResidentSetSize of job (KB)
...
006 (12494030.003.000) 06/09 05:59:04 Image size of job updated: 2309028
	2255  -  MemoryUsage of job (MB)
	2309028  -  ResidentSetSize of job (KB)
...
006 (12494030.004.000) 06/09 05:59:04 Image size of job updated: 1532152
	1497  -  MemoryUsage of job (MB)
	1532152  -  ResidentSetSize of job (KB)
...
006 (12494030.008.000) 06/09 05:59:06 Image size of job updated: 2181980
	2131  -  MemoryUsage of job (MB)
	2181980  -  ResidentSetSize of job (KB)
...
006 (12494030.002.000) 06/09 05:59:08 Image size of job updated: 1892720
	1849  -  MemoryUsage of job (MB)
	1892720  -  ResidentSetSize of job (KB)
...
006 (12494030.011.000) 06/09 05:59:11 Image size of job updated: 1243240
	1215  -  MemoryUsage of job (MB)
	1243240  -  ResidentSetSize of job (KB)
...
006 (12494030.009.000) 06/09 05:59:11 Image size of job updated: 2015904
	1969  -  MemoryUsage of job (MB)
	2015904  -  ResidentSetSize of job (KB)
...
006 (12494030.007.000) 06/09 05:59:11 Image size of job updated: 1873452
	1830  -  MemoryUsage of job (MB)
	1873452  -  ResidentSetSize of job (KB)
...
006 (12494030.010.000) 06/09 05:59:12 Image size of job updated: 2716380
	2653  -  MemoryUsage of job (MB)
	2716380  -  ResidentSetSize of job (KB)
...
006 (12494030.011.000) 06/09 06:00:28 Image size of job updated: 1334488
	1215  -  MemoryUsage of job (MB)
	1243240  -  ResidentSetSize of job (KB)
...
040 (12494030.011.000) 06/09 06:00:28 Started transferring output files
...
040 (12494030.011.000) 06/09 06:00:28 Finished transferring output files
...
005 (12494030.011.000) 06/09 06:00:28 Job terminated.
	(1) Normal termination (return value 0)
		Usr 0 00:02:10, Sys 0 00:00:09  -  Run Remote Usage
		Usr 0 00:00:00, Sys 0 00:00:00  -  Run Local Usage
		Usr 0 00:02:10, Sys 0 00:00:09  -  Total Remote Usage
		Usr 0 00:00:00, Sys 0 00:00:00  -  Total Local Usage
	44533  -  Run Bytes Sent By Job
	10856  -  Run Bytes Received By Job
	44533  -  Total Bytes Sent By Job
	10856  -  Total Bytes Received By Job
	Partitionable Resources :    Usage  Request Allocated 
	   Cpus                 :     0.15        4         4 
	   Disk (KB)            :   120           1      3774 
	   GPUs                 :                           0 
	   Memory (MB)          :  1215       12000     12000 

	Job terminated of its own accord at 2025-06-09T04:00:28Z with exit-code 0.
...
006 (12494030.001.000) 06/09 06:04:04 Image size of job updated: 1503088
	1468  -  MemoryUsage of job (MB)
	1503088  -  ResidentSetSize of job (KB)
...
006 (12494030.003.000) 06/09 06:04:04 Image size of job updated: 2891868
	2825  -  MemoryUsage of job (MB)
	2891868  -  ResidentSetSize of job (KB)
...
006 (12494030.004.000) 06/09 06:04:04 Image size of job updated: 1798284
	1757  -  MemoryUsage of job (MB)
	1798284  -  ResidentSetSize of job (KB)
...
006 (12494030.008.000) 06/09 06:04:07 Image size of job updated: 2611416
	2551  -  MemoryUsage of job (MB)
	2611416  -  ResidentSetSize of job (KB)
...
006 (12494030.002.000) 06/09 06:04:09 Image size of job updated: 2345540
	2291  -  MemoryUsage of job (MB)
	2345540  -  ResidentSetSize of job (KB)
...
006 (12494030.009.000) 06/09 06:04:12 Image size of job updated: 2585652
	2526  -  MemoryUsage of job (MB)
	2585652  -  ResidentSetSize of job (KB)
...
006 (12494030.007.000) 06/09 06:04:12 Image size of job updated: 2304416
	2251  -  MemoryUsage of job (MB)
	2304416  -  ResidentSetSize of job (KB)
...
006 (12494030.010.000) 06/09 06:04:12 Image size of job updated: 3346004
	3268  -  MemoryUsage of job (MB)
	3346004  -  ResidentSetSize of job (KB)
...
006 (12494030.001.000) 06/09 06:09:04 Image size of job updated: 1782184
	1741  -  MemoryUsage of job (MB)
	1782184  -  ResidentSetSize of job (KB)
...
006 (12494030.003.000) 06/09 06:09:04 Image size of job updated: 3380372
	3302  -  MemoryUsage of job (MB)
	3380372  -  ResidentSetSize of job (KB)
...
006 (12494030.004.000) 06/09 06:09:04 Image size of job updated: 2088052
	2040  -  MemoryUsage of job (MB)
	2088052  -  ResidentSetSize of job (KB)
...
006 (12494030.008.000) 06/09 06:09:07 Image size of job updated: 3175592
	3102  -  MemoryUsage of job (MB)
	3175592  -  ResidentSetSize of job (KB)
...
006 (12494030.002.000) 06/09 06:09:09 Image size of job updated: 2906956
	2839  -  MemoryUsage of job (MB)
	2906956  -  ResidentSetSize of job (KB)
...
006 (12494030.009.000) 06/09 06:09:12 Image size of job updated: 3059064
	2988  -  MemoryUsage of job (MB)
	3059064  -  ResidentSetSize of job (KB)
...
006 (12494030.007.000) 06/09 06:09:12 Image size of job updated: 2862540
	2796  -  MemoryUsage of job (MB)
	2862540  -  ResidentSetSize of job (KB)
...
006 (12494030.010.000) 06/09 06:09:13 Image size of job updated: 3974984
	3882  -  MemoryUsage of job (MB)
	3974984  -  ResidentSetSize of job (KB)
...
006 (12494030.002.000) 06/09 06:14:01 Image size of job updated: 3330540
	2839  -  MemoryUsage of job (MB)
	2906956  -  ResidentSetSize of job (KB)
...
040 (12494030.002.000) 06/09 06:14:01 Started transferring output files
...
040 (12494030.002.000) 06/09 06:14:01 Finished transferring output files
...
005 (12494030.002.000) 06/09 06:14:01 Job terminated.
	(1) Normal termination (return value 0)
		Usr 0 00:05:22, Sys 0 00:00:25  -  Run Remote Usage
		Usr 0 00:00:00, Sys 0 00:00:00  -  Run Local Usage
		Usr 0 00:05:22, Sys 0 00:00:25  -  Total Remote Usage
		Usr 0 00:00:00, Sys 0 00:00:00  -  Total Local Usage
	46909  -  Run Bytes Sent By Job
	10856  -  Run Bytes Received By Job
	46909  -  Total Bytes Sent By Job
	10856  -  Total Bytes Received By Job
	Partitionable Resources :    Usage  Request Allocated 
	   Cpus                 :     0.17        4         4 
	   Disk (KB)            :   123           1      3922 
	   GPUs                 :                           0 
	   Memory (MB)          :  2839       12000     12000 

	Job terminated of its own accord at 2025-06-09T04:14:01Z with exit-code 0.
...
006 (12494030.001.000) 06/09 06:14:04 Image size of job updated: 2063140
	2015  -  MemoryUsage of job (MB)
	2063140  -  ResidentSetSize of job (KB)
...
006 (12494030.004.000) 06/09 06:14:05 Image size of job updated: 2354256
	2300  -  MemoryUsage of job (MB)
	2354256  -  ResidentSetSize of job (KB)
...
006 (12494030.003.000) 06/09 06:14:05 Image size of job updated: 3841780
	3752  -  MemoryUsage of job (MB)
	3841780  -  ResidentSetSize of job (KB)
...
006 (12494030.008.000) 06/09 06:14:07 Image size of job updated: 3610656
	3527  -  MemoryUsage of job (MB)
	3610656  -  ResidentSetSize of job (KB)
...
006 (12494030.009.000) 06/09 06:14:12 Image size of job updated: 3547416
	3465  -  MemoryUsage of job (MB)
	3547416  -  ResidentSetSize of job (KB)
...
006 (12494030.007.000) 06/09 06:14:13 Image size of job updated: 3295612
	3219  -  MemoryUsage of job (MB)
	3295612  -  ResidentSetSize of job (KB)
...
006 (12494030.010.000) 06/09 06:14:14 Image size of job updated: 4574076
	4467  -  MemoryUsage of job (MB)
	4574076  -  ResidentSetSize of job (KB)
...
006 (12494030.001.000) 06/09 06:19:05 Image size of job updated: 2330416
	2276  -  MemoryUsage of job (MB)
	2330416  -  ResidentSetSize of job (KB)
...
006 (12494030.004.000) 06/09 06:19:05 Image size of job updated: 2642348
	2581  -  MemoryUsage of job (MB)
	2642348  -  ResidentSetSize of job (KB)
...
006 (12494030.003.000) 06/09 06:19:06 Image size of job updated: 4331772
	4231  -  MemoryUsage of job (MB)
	4331772  -  ResidentSetSize of job (KB)
...
006 (12494030.008.000) 06/09 06:19:08 Image size of job updated: 4038912
	3945  -  MemoryUsage of job (MB)
	4038912  -  ResidentSetSize of job (KB)
...
006 (12494030.009.000) 06/09 06:19:13 Image size of job updated: 4012628
	3919  -  MemoryUsage of job (MB)
	4012628  -  ResidentSetSize of job (KB)
...
006 (12494030.007.000) 06/09 06:19:14 Image size of job updated: 3752916
	3665  -  MemoryUsage of job (MB)
	3752916  -  ResidentSetSize of job (KB)
...
006 (12494030.010.000) 06/09 06:19:14 Image size of job updated: 5268332
	5145  -  MemoryUsage of job (MB)
	5268332  -  ResidentSetSize of job (KB)
...
006 (12494030.001.000) 06/09 06:24:05 Image size of job updated: 2731308
	2668  -  MemoryUsage of job (MB)
	2731308  -  ResidentSetSize of job (KB)
...
006 (12494030.004.000) 06/09 06:24:05 Image size of job updated: 3012264
	2942  -  MemoryUsage of job (MB)
	3012264  -  ResidentSetSize of job (KB)
...
006 (12494030.003.000) 06/09 06:24:06 Image size of job updated: 4823504
	4711  -  MemoryUsage of job (MB)
	4823504  -  ResidentSetSize of job (KB)
...
006 (12494030.008.000) 06/09 06:24:08 Image size of job updated: 4495332
	4390  -  MemoryUsage of job (MB)
	4495332  -  ResidentSetSize of job (KB)
...
006 (12494030.009.000) 06/09 06:24:13 Image size of job updated: 4511228
	4406  -  MemoryUsage of job (MB)
	4511228  -  ResidentSetSize of job (KB)
...
006 (12494030.007.000) 06/09 06:24:14 Image size of job updated: 4184944
	4087  -  MemoryUsage of job (MB)
	4184944  -  ResidentSetSize of job (KB)
...
006 (12494030.010.000) 06/09 06:24:15 Image size of job updated: 5893544
	5756  -  MemoryUsage of job (MB)
	5893544  -  ResidentSetSize of job (KB)
...
006 (12494030.009.000) 06/09 06:28:13 Image size of job updated: 4943264
	4406  -  MemoryUsage of job (MB)
	4511228  -  ResidentSetSize of job (KB)
...
040 (12494030.009.000) 06/09 06:28:13 Started transferring output files
...
040 (12494030.009.000) 06/09 06:28:14 Finished transferring output files
...
005 (12494030.009.000) 06/09 06:28:14 Job terminated.
	(1) Normal termination (return value 0)
		Usr 0 00:08:59, Sys 0 00:00:40  -  Run Remote Usage
		Usr 0 00:00:00, Sys 0 00:00:00  -  Run Local Usage
		Usr 0 00:08:59, Sys 0 00:00:40  -  Total Remote Usage
		Usr 0 00:00:00, Sys 0 00:00:00  -  Total Local Usage
	48780  -  Run Bytes Sent By Job
	10856  -  Run Bytes Received By Job
	48780  -  Total Bytes Sent By Job
	10856  -  Total Bytes Received By Job
	Partitionable Resources :    Usage  Request Allocated 
	   Cpus                 :     0.20        4         4 
	   Disk (KB)            :   125           1      3966 
	   GPUs                 :                           0 
	   Memory (MB)          :  4406       12000     12000 

	Job terminated of its own accord at 2025-06-09T04:28:13Z with exit-code 0.
...
006 (12494030.001.000) 06/09 06:29:05 Image size of job updated: 2997560
	2928  -  MemoryUsage of job (MB)
	2997560  -  ResidentSetSize of job (KB)
...
006 (12494030.004.000) 06/09 06:29:06 Image size of job updated: 3303972
	3227  -  MemoryUsage of job (MB)
	3303972  -  ResidentSetSize of job (KB)
...
006 (12494030.003.000) 06/09 06:29:07 Image size of job updated: 5351328
	5226  -  MemoryUsage of job (MB)
	5351328  -  ResidentSetSize of job (KB)
...
006 (12494030.008.000) 06/09 06:29:08 Image size of job updated: 4924920
	4810  -  MemoryUsage of job (MB)
	4924920  -  ResidentSetSize of job (KB)
...
006 (12494030.007.000) 06/09 06:29:15 Image size of job updated: 4643800
	4535  -  MemoryUsage of job (MB)
	4643800  -  ResidentSetSize of job (KB)
...
006 (12494030.010.000) 06/09 06:29:16 Image size of job updated: 6503360
	6351  -  MemoryUsage of job (MB)
	6503360  -  ResidentSetSize of job (KB)
...
006 (12494030.010.000) 06/09 06:34:03 Image size of job updated: 7048232
	6351  -  MemoryUsage of job (MB)
	6503360  -  ResidentSetSize of job (KB)
...
040 (12494030.010.000) 06/09 06:34:03 Started transferring output files
...
040 (12494030.010.000) 06/09 06:34:03 Finished transferring output files
...
005 (12494030.010.000) 06/09 06:34:04 Job terminated.
	(1) Normal termination (return value 0)
		Usr 0 00:13:27, Sys 0 00:01:03  -  Run Remote Usage
		Usr 0 00:00:00, Sys 0 00:00:00  -  Run Local Usage
		Usr 0 00:13:27, Sys 0 00:01:03  -  Total Remote Usage
		Usr 0 00:00:00, Sys 0 00:00:00  -  Total Local Usage
	51462  -  Run Bytes Sent By Job
	10856  -  Run Bytes Received By Job
	51462  -  Total Bytes Sent By Job
	10856  -  Total Bytes Received By Job
	Partitionable Resources :    Usage  Request Allocated 
	   Cpus                 :     0.26        4         4 
	   Disk (KB)            :   127           1      3939 
	   GPUs                 :                           0 
	   Memory (MB)          :  6351       12000     12000 

	Job terminated of its own accord at 2025-06-09T04:34:03Z with exit-code 0.
...
006 (12494030.001.000) 06/09 06:34:06 Image size of job updated: 3264320
	3188  -  MemoryUsage of job (MB)
	3264320  -  ResidentSetSize of job (KB)
...
006 (12494030.004.000) 06/09 06:34:07 Image size of job updated: 3567728
	3485  -  MemoryUsage of job (MB)
	3567728  -  ResidentSetSize of job (KB)
...
006 (12494030.003.000) 06/09 06:34:08 Image size of job updated: 5839488
	5703  -  MemoryUsage of job (MB)
	5839488  -  ResidentSetSize of job (KB)
...
006 (12494030.008.000) 06/09 06:34:09 Image size of job updated: 5422292
	5296  -  MemoryUsage of job (MB)
	5422292  -  ResidentSetSize of job (KB)
...
006 (12494030.007.000) 06/09 06:34:15 Image size of job updated: 5138768
	5019  -  MemoryUsage of job (MB)
	5138768  -  ResidentSetSize of job (KB)
...
006 (12494030.001.000) 06/09 06:39:07 Image size of job updated: 3562620
	3480  -  MemoryUsage of job (MB)
	3562620  -  ResidentSetSize of job (KB)
...
006 (12494030.004.000) 06/09 06:39:07 Image size of job updated: 3862016
	3772  -  MemoryUsage of job (MB)
	3862016  -  ResidentSetSize of job (KB)
...
006 (12494030.003.000) 06/09 06:39:08 Image size of job updated: 6328084
	6180  -  MemoryUsage of job (MB)
	6328084  -  ResidentSetSize of job (KB)
...
006 (12494030.008.000) 06/09 06:39:10 Image size of job updated: 5878352
	5741  -  MemoryUsage of job (MB)
	5878352  -  ResidentSetSize of job (KB)
...
006 (12494030.007.000) 06/09 06:39:15 Image size of job updated: 5566300
	5436  -  MemoryUsage of job (MB)
	5566300  -  ResidentSetSize of job (KB)
...
006 (12494030.007.000) 06/09 06:42:48 Image size of job updated: 5859344
	5436  -  MemoryUsage of job (MB)
	5566300  -  ResidentSetSize of job (KB)
...
040 (12494030.007.000) 06/09 06:42:48 Started transferring output files
...
040 (12494030.007.000) 06/09 06:42:48 Finished transferring output files
...
005 (12494030.007.000) 06/09 06:42:48 Job terminated.
	(1) Normal termination (return value 0)
		Usr 0 00:10:47, Sys 0 00:00:48  -  Run Remote Usage
		Usr 0 00:00:00, Sys 0 00:00:00  -  Run Local Usage
		Usr 0 00:10:47, Sys 0 00:00:48  -  Total Remote Usage
		Usr 0 00:00:00, Sys 0 00:00:00  -  Total Local Usage
	49932  -  Run Bytes Sent By Job
	10856  -  Run Bytes Received By Job
	49932  -  Total Bytes Sent By Job
	10856  -  Total Bytes Received By Job
	Partitionable Resources :    Usage  Request Allocated 
	   Cpus                 :     0.21        4         4 
	   Disk (KB)            :   125           1      3976 
	   GPUs                 :                           0 
	   Memory (MB)          :  5436       12000     12000 

	Job terminated of its own accord at 2025-06-09T04:42:48Z with exit-code 0.
...
006 (12494030.001.000) 06/09 06:44:07 Image size of job updated: 3828780
	3740  -  MemoryUsage of job (MB)
	3828780  -  ResidentSetSize of job (KB)
...
006 (12494030.003.000) 06/09 06:44:08 Image size of job updated: 6789272
	6631  -  MemoryUsage of job (MB)
	6789272  -  ResidentSetSize of job (KB)
...
006 (12494030.004.000) 06/09 06:44:08 Image size of job updated: 4124908
	4029  -  MemoryUsage of job (MB)
	4124908  -  ResidentSetSize of job (KB)
...
006 (12494030.008.000) 06/09 06:44:10 Image size of job updated: 6307268
	6160  -  MemoryUsage of job (MB)
	6307268  -  ResidentSetSize of job (KB)
...
040 (12494030.003.000) 06/09 06:46:42 Started transferring output files
...
040 (12494030.003.000) 06/09 06:46:42 Finished transferring output files
...
005 (12494030.003.000) 06/09 06:46:42 Job terminated.
	(1) Normal termination (return value 0)
		Usr 0 00:11:50, Sys 0 00:00:51  -  Run Remote Usage
		Usr 0 00:00:00, Sys 0 00:00:00  -  Run Local Usage
		Usr 0 00:11:50, Sys 0 00:00:51  -  Total Remote Usage
		Usr 0 00:00:00, Sys 0 00:00:00  -  Total Local Usage
	51024  -  Run Bytes Sent By Job
	10856  -  Run Bytes Received By Job
	51024  -  Total Bytes Sent By Job
	10856  -  Total Bytes Received By Job
	Partitionable Resources :    Usage  Request Allocated 
	   Cpus                 :     0.17        4         4 
	   Disk (KB)            :   126           1      3888 
	   GPUs                 :                           0 
	   Memory (MB)          :  6631       12000     12000 

	Job terminated of its own accord at 2025-06-09T04:46:42Z with exit-code 0.
...
006 (12494030.001.000) 06/09 06:49:08 Image size of job updated: 4125764
	4030  -  MemoryUsage of job (MB)
	4125764  -  ResidentSetSize of job (KB)
...
006 (12494030.004.000) 06/09 06:49:09 Image size of job updated: 4418308
	4315  -  MemoryUsage of job (MB)
	4418308  -  ResidentSetSize of job (KB)
...
006 (12494030.008.000) 06/09 06:49:11 Image size of job updated: 6751892
	6594  -  MemoryUsage of job (MB)
	6751892  -  ResidentSetSize of job (KB)
...
006 (12494030.001.000) 06/09 06:54:09 Image size of job updated: 4397924
	4295  -  MemoryUsage of job (MB)
	4397924  -  ResidentSetSize of job (KB)
...
006 (12494030.004.000) 06/09 06:54:09 Image size of job updated: 4682744
	4573  -  MemoryUsage of job (MB)
	4682744  -  ResidentSetSize of job (KB)
...
006 (12494030.008.000) 06/09 06:54:12 Image size of job updated: 7193148
	7025  -  MemoryUsage of job (MB)
	7193148  -  ResidentSetSize of job (KB)
...
006 (12494030.001.000) 06/09 06:59:09 Image size of job updated: 4665996
	4557  -  MemoryUsage of job (MB)
	4665996  -  ResidentSetSize of job (KB)
...
006 (12494030.004.000) 06/09 06:59:09 Image size of job updated: 4975392
	4859  -  MemoryUsage of job (MB)
	4975392  -  ResidentSetSize of job (KB)
...
006 (12494030.008.000) 06/09 06:59:12 Image size of job updated: 7340272
	7169  -  MemoryUsage of job (MB)
	7340272  -  ResidentSetSize of job (KB)
...
006 (12494030.004.000) 06/09 07:04:10 Image size of job updated: 5033604
	4916  -  MemoryUsage of job (MB)
	5033604  -  ResidentSetSize of job (KB)
...
006 (12494030.001.000) 06/09 07:04:10 Image size of job updated: 5036612
	4919  -  MemoryUsage of job (MB)
	5036612  -  ResidentSetSize of job (KB)
...
006 (12494030.008.000) 06/09 07:04:13 Image size of job updated: 7797764
	7616  -  MemoryUsage of job (MB)
	7797764  -  ResidentSetSize of job (KB)
...
006 (12494030.004.000) 06/09 07:09:10 Image size of job updated: 5323180
	5199  -  MemoryUsage of job (MB)
	5323180  -  ResidentSetSize of job (KB)
...
006 (12494030.001.000) 06/09 07:09:11 Image size of job updated: 5302744
	5179  -  MemoryUsage of job (MB)
	5302744  -  ResidentSetSize of job (KB)
...
006 (12494030.008.000) 06/09 07:09:14 Image size of job updated: 8229208
	8037  -  MemoryUsage of job (MB)
	8229208  -  ResidentSetSize of job (KB)
...
006 (12494030.004.000) 06/09 07:14:10 Image size of job updated: 5586368
	5456  -  MemoryUsage of job (MB)
	5586368  -  ResidentSetSize of job (KB)
...
006 (12494030.001.000) 06/09 07:14:11 Image size of job updated: 5598312
	5468  -  MemoryUsage of job (MB)
	5598312  -  ResidentSetSize of job (KB)
...
006 (12494030.008.000) 06/09 07:14:14 Image size of job updated: 8668720
	8466  -  MemoryUsage of job (MB)
	8668720  -  ResidentSetSize of job (KB)
...
040 (12494030.004.000) 06/09 07:16:10 Started transferring output files
...
040 (12494030.004.000) 06/09 07:16:10 Finished transferring output files
...
005 (12494030.004.000) 06/09 07:16:10 Job terminated.
	(1) Normal termination (return value 0)
		Usr 0 00:10:14, Sys 0 00:00:47  -  Run Remote Usage
		Usr 0 00:00:00, Sys 0 00:00:00  -  Run Local Usage
		Usr 0 00:10:14, Sys 0 00:00:47  -  Total Remote Usage
		Usr 0 00:00:00, Sys 0 00:00:00  -  Total Local Usage
	49717  -  Run Bytes Sent By Job
	10856  -  Run Bytes Received By Job
	49717  -  Total Bytes Sent By Job
	10856  -  Total Bytes Received By Job
	Partitionable Resources :    Usage  Request Allocated 
	   Cpus                 :     0.18        4         4 
	   Disk (KB)            :   125           1      3937 
	   GPUs                 :                           0 
	   Memory (MB)          :  5456       12000     12000 

	Job terminated of its own accord at 2025-06-09T05:16:10Z with exit-code 0.
...
006 (12494030.001.000) 06/09 07:19:11 Image size of job updated: 5864936
	5728  -  MemoryUsage of job (MB)
	5864936  -  ResidentSetSize of job (KB)
...
006 (12494030.008.000) 06/09 07:19:14 Image size of job updated: 9113360
	8900  -  MemoryUsage of job (MB)
	9113360  -  ResidentSetSize of job (KB)
...
006 (12494030.001.000) 06/09 07:24:12 Image size of job updated: 6133640
	5990  -  MemoryUsage of job (MB)
	6133640  -  ResidentSetSize of job (KB)
...
006 (12494030.008.000) 06/09 07:24:15 Image size of job updated: 9540724
	9318  -  MemoryUsage of job (MB)
	9540724  -  ResidentSetSize of job (KB)
...
006 (12494030.001.000) 06/09 07:29:12 Image size of job updated: 6426968
	6277  -  MemoryUsage of job (MB)
	6426968  -  ResidentSetSize of job (KB)
...
006 (12494030.008.000) 06/09 07:29:15 Image size of job updated: 9999756
	9766  -  MemoryUsage of job (MB)
	9999756  -  ResidentSetSize of job (KB)
...
006 (12494030.001.000) 06/09 07:34:12 Image size of job updated: 6693084
	6537  -  MemoryUsage of job (MB)
	6693084  -  ResidentSetSize of job (KB)
...
006 (12494030.008.000) 06/09 07:34:15 Image size of job updated: 10426844
	10183  -  MemoryUsage of job (MB)
	10426844  -  ResidentSetSize of job (KB)
...
006 (12494030.008.000) 06/09 07:36:02 Image size of job updated: 10426844
	10183  -  MemoryUsage of job (MB)
	10427100  -  ResidentSetSize of job (KB)
...
040 (12494030.008.000) 06/09 07:36:02 Started transferring output files
...
040 (12494030.008.000) 06/09 07:36:02 Finished transferring output files
...
005 (12494030.008.000) 06/09 07:36:02 Job terminated.
	(1) Normal termination (return value 0)
		Usr 0 00:20:31, Sys 0 00:01:38  -  Run Remote Usage
		Usr 0 00:00:00, Sys 0 00:00:00  -  Run Local Usage
		Usr 0 00:20:31, Sys 0 00:01:38  -  Total Remote Usage
		Usr 0 00:00:00, Sys 0 00:00:00  -  Total Local Usage
	55841  -  Run Bytes Sent By Job
	10856  -  Run Bytes Received By Job
	55841  -  Total Bytes Sent By Job
	10856  -  Total Bytes Received By Job
	Partitionable Resources :    Usage  Request Allocated 
	   Cpus                 :     0.21        4         4 
	   Disk (KB)            :   131           1      3856 
	   GPUs                 :                           0 
	   Memory (MB)          : 10183       12000     12000 

	Job terminated of its own accord at 2025-06-09T05:36:02Z with exit-code 0.
...
006 (12494030.001.000) 06/09 07:39:13 Image size of job updated: 6972560
	6810  -  MemoryUsage of job (MB)
	6972560  -  ResidentSetSize of job (KB)
...
006 (12494030.001.000) 06/09 07:44:14 Image size of job updated: 7221456
	7053  -  MemoryUsage of job (MB)
	7221456  -  ResidentSetSize of job (KB)
...
006 (12494030.001.000) 06/09 07:49:14 Image size of job updated: 7356280
	7184  -  MemoryUsage of job (MB)
	7356280  -  ResidentSetSize of job (KB)
...
006 (12494030.001.000) 06/09 07:54:15 Image size of job updated: 7590412
	7413  -  MemoryUsage of job (MB)
	7590412  -  ResidentSetSize of job (KB)
...
006 (12494030.001.000) 06/09 07:59:16 Image size of job updated: 7618484
	7440  -  MemoryUsage of job (MB)
	7618484  -  ResidentSetSize of job (KB)
...
006 (12494030.001.000) 06/09 08:04:16 Image size of job updated: 7623280
	7445  -  MemoryUsage of job (MB)
	7623280  -  ResidentSetSize of job (KB)
...
006 (12494030.001.000) 06/09 08:09:16 Image size of job updated: 7653456
	7475  -  MemoryUsage of job (MB)
	7653456  -  ResidentSetSize of job (KB)
...
006 (12494030.001.000) 06/09 08:14:16 Image size of job updated: 7686396
	7507  -  MemoryUsage of job (MB)
	7686396  -  ResidentSetSize of job (KB)
...
006 (12494030.001.000) 06/09 08:19:16 Image size of job updated: 7816912
	7634  -  MemoryUsage of job (MB)
	7816912  -  ResidentSetSize of job (KB)
...
006 (12494030.001.000) 06/09 08:24:17 Image size of job updated: 8082816
	7894  -  MemoryUsage of job (MB)
	8082816  -  ResidentSetSize of job (KB)
...
006 (12494030.001.000) 06/09 08:29:17 Image size of job updated: 8378656
	8183  -  MemoryUsage of job (MB)
	8378656  -  ResidentSetSize of job (KB)
...
006 (12494030.001.000) 06/09 08:34:17 Image size of job updated: 8647700
	8446  -  MemoryUsage of job (MB)
	8647700  -  ResidentSetSize of job (KB)
...
006 (12494030.001.000) 06/09 08:39:18 Image size of job updated: 8917484
	8709  -  MemoryUsage of job (MB)
	8917484  -  ResidentSetSize of job (KB)
...
006 (12494030.001.000) 06/09 08:44:19 Image size of job updated: 9207720
	8992  -  MemoryUsage of job (MB)
	9207720  -  ResidentSetSize of job (KB)
...
006 (12494030.001.000) 06/09 08:49:19 Image size of job updated: 9475744
	9254  -  MemoryUsage of job (MB)
	9475744  -  ResidentSetSize of job (KB)
...
006 (12494030.001.000) 06/09 08:54:20 Image size of job updated: 9769172
	9541  -  MemoryUsage of job (MB)
	9769172  -  ResidentSetSize of job (KB)
...
006 (12494030.001.000) 06/09 08:59:21 Image size of job updated: 10036804
	9802  -  MemoryUsage of job (MB)
	10036804  -  ResidentSetSize of job (KB)
...
006 (12494030.001.000) 06/09 09:04:21 Image size of job updated: 10332812
	10091  -  MemoryUsage of job (MB)
	10332812  -  ResidentSetSize of job (KB)
...
006 (12494030.001.000) 06/09 09:09:21 Image size of job updated: 10598708
	10351  -  MemoryUsage of job (MB)
	10598708  -  ResidentSetSize of job (KB)
...
006 (12494030.001.000) 06/09 09:14:22 Image size of job updated: 10876796
	10622  -  MemoryUsage of job (MB)
	10876796  -  ResidentSetSize of job (KB)
...
006 (12494030.001.000) 06/09 09:16:59 Image size of job updated: 10876796
	10622  -  MemoryUsage of job (MB)
	10876860  -  ResidentSetSize of job (KB)
...
040 (12494030.001.000) 06/09 09:16:59 Started transferring output files
...
040 (12494030.001.000) 06/09 09:16:59 Finished transferring output files
...
005 (12494030.001.000) 06/09 09:16:59 Job terminated.
	(1) Normal termination (return value 0)
		Usr 0 00:20:39, Sys 0 00:01:49  -  Run Remote Usage
		Usr 0 00:00:00, Sys 0 00:00:00  -  Run Local Usage
		Usr 0 00:20:39, Sys 0 00:01:49  -  Total Remote Usage
		Usr 0 00:00:00, Sys 0 00:00:00  -  Total Local Usage
	56424  -  Run Bytes Sent By Job
	10856  -  Run Bytes Received By Job
	56424  -  Total Bytes Sent By Job
	10856  -  Total Bytes Received By Job
	Partitionable Resources :    Usage  Request Allocated 
	   Cpus                 :     0.08        4         4 
	   Disk (KB)            :   132           1      3864 
	   GPUs                 :                           0 
	   Memory (MB)          : 10622       12000     12000 

	Job terminated of its own accord at 2025-06-09T07:16:59Z with exit-code 0.
...
