000 (12419552.000.000) 06/02 22:03:13 Job submitted from host: <188.185.114.121:9618?addrs=188.185.114.121-9618+[2001-1458-d00-a--100-273]-9618&alias=bigbird19.cern.ch&noUDP&sock=schedd_2045_4743>
...
000 (12419552.001.000) 06/02 22:03:13 Job submitted from host: <188.185.114.121:9618?addrs=188.185.114.121-9618+[2001-1458-d00-a--100-273]-9618&alias=bigbird19.cern.ch&noUDP&sock=schedd_2045_4743>
...
000 (12419552.002.000) 06/02 22:03:13 Job submitted from host: <188.185.114.121:9618?addrs=188.185.114.121-9618+[2001-1458-d00-a--100-273]-9618&alias=bigbird19.cern.ch&noUDP&sock=schedd_2045_4743>
...
000 (12419552.003.000) 06/02 22:03:13 Job submitted from host: <188.185.114.121:9618?addrs=188.185.114.121-9618+[2001-1458-d00-a--100-273]-9618&alias=bigbird19.cern.ch&noUDP&sock=schedd_2045_4743>
...
000 (12419552.004.000) 06/02 22:03:13 Job submitted from host: <188.185.114.121:9618?addrs=188.185.114.121-9618+[2001-1458-d00-a--100-273]-9618&alias=bigbird19.cern.ch&noUDP&sock=schedd_2045_4743>
...
000 (12419552.005.000) 06/02 22:03:13 Job submitted from host: <188.185.114.121:9618?addrs=188.185.114.121-9618+[2001-1458-d00-a--100-273]-9618&alias=bigbird19.cern.ch&noUDP&sock=schedd_2045_4743>
...
000 (12419552.006.000) 06/02 22:03:13 Job submitted from host: <188.185.114.121:9618?addrs=188.185.114.121-9618+[2001-1458-d00-a--100-273]-9618&alias=bigbird19.cern.ch&noUDP&sock=schedd_2045_4743>
...
000 (12419552.007.000) 06/02 22:03:13 Job submitted from host: <188.185.114.121:9618?addrs=188.185.114.121-9618+[2001-1458-d00-a--100-273]-9618&alias=bigbird19.cern.ch&noUDP&sock=schedd_2045_4743>
...
040 (12419552.001.000) 06/02 22:26:39 Entered queue to transfer input files
	Transferring to host: <128.142.192.136:9618?addrs=128.142.192.136-9618+[2001-1458-301-56--100-4]-9618&alias=b9g18p1082.cern.ch&noUDP&sock=slot1_16_3363_49a2_60696>
...
040 (12419552.000.000) 06/02 22:26:41 Entered queue to transfer input files
	Transferring to host: <188.185.213.221:9618?addrs=188.185.213.221-9618+[2001-1458-303-1b--100-59]-9618&alias=b9p28p6440.cern.ch&noUDP&sock=slot1_3_7857_b799_902>
...
040 (12419552.002.000) 06/02 22:26:42 Entered queue to transfer input files
	Transferring to host: <128.142.132.63:9618?addrs=128.142.132.63-9618+[2001-1458-301-5a--100-33]-9618&alias=b9g12p0821.cern.ch&noUDP&sock=slot1_7_338879_a96d_55325>
...
040 (12419552.004.000) 06/02 22:26:42 Entered queue to transfer input files
	Transferring to host: <128.142.161.118:9618?addrs=128.142.161.118-9618+[2001-1458-301-b8--100-34]-9618&alias=b9g03p9322.cern.ch&noUDP&sock=slot1_10_2557804_0ec5_3026>
...
040 (12419552.003.000) 06/02 22:26:42 Entered queue to transfer input files
	Transferring to host: <188.185.214.103:9618?addrs=188.185.214.103-9618+[2001-1458-303-1c--100-63]-9618&alias=b9p29p0062.cern.ch&noUDP&sock=slot1_1_8479_f8f2_977>
...
040 (12419552.007.000) 06/02 22:26:43 Entered queue to transfer input files
	Transferring to host: <188.185.210.154:9618?addrs=188.185.210.154-9618+[2001-1458-303-15--100-16]-9618&alias=b9p22p0702.cern.ch&noUDP&sock=slot1_4_7983_7ede_903>
...
040 (12419552.005.000) 06/02 22:26:43 Entered queue to transfer input files
	Transferring to host: <188.185.210.201:9618?addrs=188.185.210.201-9618+[2001-1458-303-15--100-45]-9618&alias=b9p22p5174.cern.ch&noUDP&sock=slot1_13_7929_729c_947>
...
040 (12419552.006.000) 06/02 22:26:44 Entered queue to transfer input files
	Transferring to host: <128.142.192.137:9618?addrs=128.142.192.137-9618+[2001-1458-301-56--100-5]-9618&alias=b9g18p0056.cern.ch&noUDP&sock=slot1_1_6537_a863_59926>
...
040 (12419552.001.000) 06/02 23:18:37 Started transferring input files
	Seconds spent in queue: 3118
...
040 (12419552.001.000) 06/02 23:18:37 Finished transferring input files
...
040 (12419552.000.000) 06/02 23:18:37 Started transferring input files
	Seconds spent in queue: 3116
...
040 (12419552.000.000) 06/02 23:18:37 Finished transferring input files
...
040 (12419552.002.000) 06/02 23:18:37 Started transferring input files
	Seconds spent in queue: 3115
...
040 (12419552.003.000) 06/02 23:18:37 Started transferring input files
	Seconds spent in queue: 3115
...
040 (12419552.002.000) 06/02 23:18:37 Finished transferring input files
...
040 (12419552.003.000) 06/02 23:18:37 Finished transferring input files
...
040 (12419552.004.000) 06/02 23:18:37 Started transferring input files
	Seconds spent in queue: 3115
...
040 (12419552.004.000) 06/02 23:18:37 Finished transferring input files
...
040 (12419552.005.000) 06/02 23:18:37 Started transferring input files
	Seconds spent in queue: 3114
...
040 (12419552.006.000) 06/02 23:18:37 Started transferring input files
	Seconds spent in queue: 3113
...
040 (12419552.007.000) 06/02 23:18:37 Started transferring input files
	Seconds spent in queue: 3114
...
040 (12419552.005.000) 06/02 23:18:37 Finished transferring input files
...
040 (12419552.006.000) 06/02 23:18:37 Finished transferring input files
...
040 (12419552.007.000) 06/02 23:18:37 Finished transferring input files
...
001 (12419552.001.000) 06/02 23:18:38 Job executing on host: <128.142.192.136:9618?addrs=128.142.192.136-9618+[2001-1458-301-56--100-4]-9618&alias=b9g18p1082.cern.ch&noUDP&sock=startd_3270_86c8>
	SlotName: slot1_16@b9g18p1082.cern.ch
	CondorScratchDir = "/pool/condor/dir_648011"
	Cpus = 4
	Disk = 3867
	GPUs = 0
	Memory = 12000
...
001 (12419552.000.000) 06/02 23:18:38 Job executing on host: <188.185.213.221:9618?addrs=188.185.213.221-9618+[2001-1458-303-1b--100-59]-9618&alias=b9p28p6440.cern.ch&noUDP&sock=startd_6864_b628>
	SlotName: slot1_3@b9p28p6440.cern.ch
	CondorScratchDir = "/pool/condor/dir_3809428"
	Cpus = 4
	Disk = 3781
	GPUs = 0
	Memory = 12000
...
001 (12419552.006.000) 06/02 23:18:38 Job executing on host: <128.142.192.137:9618?addrs=128.142.192.137-9618+[2001-1458-301-56--100-5]-9618&alias=b9g18p0056.cern.ch&noUDP&sock=startd_5826_bada>
	SlotName: slot1_1@b9g18p0056.cern.ch
	CondorScratchDir = "/pool/condor/dir_4127195"
	Cpus = 4
	Disk = 3850
	GPUs = 0
	Memory = 12000
...
001 (12419552.002.000) 06/02 23:18:38 Job executing on host: <128.142.132.63:9618?addrs=128.142.132.63-9618+[2001-1458-301-5a--100-33]-9618&alias=b9g12p0821.cern.ch&noUDP&sock=startd_2439_8794>
	SlotName: slot1_7@b9g12p0821.cern.ch
	CondorScratchDir = "/pool/condor/dir_1496740"
	Cpus = 4
	Disk = 2751
	GPUs = 0
	Memory = 12000
...
001 (12419552.004.000) 06/02 23:18:38 Job executing on host: <128.142.161.118:9618?addrs=128.142.161.118-9618+[2001-1458-301-b8--100-34]-9618&alias=b9g03p9322.cern.ch&noUDP&sock=startd_2680328_a577>
	SlotName: slot1_10@b9g03p9322.cern.ch
	CondorScratchDir = "/pool/condor/dir_3806514"
	Cpus = 4
	Disk = 4049
	GPUs = 0
	Memory = 12000
...
001 (12419552.005.000) 06/02 23:18:38 Job executing on host: <188.185.210.201:9618?addrs=188.185.210.201-9618+[2001-1458-303-15--100-45]-9618&alias=b9p22p5174.cern.ch&noUDP&sock=startd_7031_4279>
	SlotName: slot1_13@b9p22p5174.cern.ch
	CondorScratchDir = "/pool/condor/dir_2335784"
	Cpus = 4
	Disk = 3784
	GPUs = 0
	Memory = 12000
...
001 (12419552.007.000) 06/02 23:18:38 Job executing on host: <188.185.210.154:9618?addrs=188.185.210.154-9618+[2001-1458-303-15--100-16]-9618&alias=b9p22p0702.cern.ch&noUDP&sock=startd_7431_a05b>
	SlotName: slot1_4@b9p22p0702.cern.ch
	CondorScratchDir = "/pool/condor/dir_2357593"
	Cpus = 4
	Disk = 3794
	GPUs = 0
	Memory = 12000
...
001 (12419552.003.000) 06/02 23:18:38 Job executing on host: <188.185.214.103:9618?addrs=188.185.214.103-9618+[2001-1458-303-1c--100-63]-9618&alias=b9p29p0062.cern.ch&noUDP&sock=startd_8332_a32f>
	SlotName: slot1_1@b9p29p0062.cern.ch
	CondorScratchDir = "/pool/condor/dir_1665711"
	Cpus = 4
	Disk = 3832
	GPUs = 0
	Memory = 12000
...
006 (12419552.001.000) 06/02 23:18:46 Image size of job updated: 142988
	140  -  MemoryUsage of job (MB)
	142988  -  ResidentSetSize of job (KB)
...
006 (12419552.007.000) 06/02 23:18:46 Image size of job updated: 246452
	241  -  MemoryUsage of job (MB)
	246452  -  ResidentSetSize of job (KB)
...
006 (12419552.003.000) 06/02 23:18:46 Image size of job updated: 101380
	100  -  MemoryUsage of job (MB)
	101380  -  ResidentSetSize of job (KB)
...
006 (12419552.000.000) 06/02 23:18:46 Image size of job updated: 7084
	7  -  MemoryUsage of job (MB)
	7084  -  ResidentSetSize of job (KB)
...
006 (12419552.006.000) 06/02 23:18:46 Image size of job updated: 223588
	219  -  MemoryUsage of job (MB)
	223588  -  ResidentSetSize of job (KB)
...
006 (12419552.002.000) 06/02 23:18:46 Image size of job updated: 2016
	2  -  MemoryUsage of job (MB)
	2016  -  ResidentSetSize of job (KB)
...
006 (12419552.005.000) 06/02 23:18:46 Image size of job updated: 375540
	367  -  MemoryUsage of job (MB)
	375540  -  ResidentSetSize of job (KB)
...
006 (12419552.000.000) 06/02 23:23:46 Image size of job updated: 1047860
	1024  -  MemoryUsage of job (MB)
	1047860  -  ResidentSetSize of job (KB)
...
006 (12419552.006.000) 06/02 23:23:46 Image size of job updated: 765820
	748  -  MemoryUsage of job (MB)
	765820  -  ResidentSetSize of job (KB)
...
006 (12419552.002.000) 06/02 23:23:46 Image size of job updated: 886756
	866  -  MemoryUsage of job (MB)
	886756  -  ResidentSetSize of job (KB)
...
006 (12419552.005.000) 06/02 23:23:46 Image size of job updated: 922284
	901  -  MemoryUsage of job (MB)
	922284  -  ResidentSetSize of job (KB)
...
006 (12419552.001.000) 06/02 23:23:46 Image size of job updated: 1275352
	1246  -  MemoryUsage of job (MB)
	1275352  -  ResidentSetSize of job (KB)
...
006 (12419552.007.000) 06/02 23:23:46 Image size of job updated: 804192
	786  -  MemoryUsage of job (MB)
	804192  -  ResidentSetSize of job (KB)
...
006 (12419552.003.000) 06/02 23:23:46 Image size of job updated: 664736
	650  -  MemoryUsage of job (MB)
	664736  -  ResidentSetSize of job (KB)
...
040 (12419552.000.000) 06/02 23:26:19 Started transferring output files
	Seconds spent in queue: 3578
...
040 (12419552.000.000) 06/02 23:26:19 Finished transferring output files
...
005 (12419552.000.000) 06/02 23:26:19 Job terminated.
	(1) Normal termination (return value 0)
		Usr 0 00:00:27, Sys 0 00:00:06  -  Run Remote Usage
		Usr 0 00:00:00, Sys 0 00:00:00  -  Run Local Usage
		Usr 0 00:00:27, Sys 0 00:00:06  -  Total Remote Usage
		Usr 0 00:00:00, Sys 0 00:00:00  -  Total Local Usage
	51562  -  Run Bytes Sent By Job
	10846  -  Run Bytes Received By Job
	51562  -  Total Bytes Sent By Job
	10846  -  Total Bytes Received By Job
	Partitionable Resources :    Usage  Request Allocated 
	   Cpus                 :     0.08        4         4 
	   Disk (KB)            :   127           1      3781 
	   GPUs                 :                           0 
	   Memory (MB)          :  1024       12000     12000 

	Job terminated of its own accord at 2025-06-02T21:26:19Z with exit-code 0.
...
006 (12419552.006.000) 06/02 23:28:46 Image size of job updated: 1356816
	1326  -  MemoryUsage of job (MB)
	1356816  -  ResidentSetSize of job (KB)
...
006 (12419552.002.000) 06/02 23:28:46 Image size of job updated: 1482156
	1448  -  MemoryUsage of job (MB)
	1482156  -  ResidentSetSize of job (KB)
...
006 (12419552.005.000) 06/02 23:28:46 Image size of job updated: 1517604
	1483  -  MemoryUsage of job (MB)
	1517604  -  ResidentSetSize of job (KB)
...
006 (12419552.001.000) 06/02 23:28:47 Image size of job updated: 2458520
	2401  -  MemoryUsage of job (MB)
	2458520  -  ResidentSetSize of job (KB)
...
006 (12419552.007.000) 06/02 23:28:47 Image size of job updated: 1418112
	1385  -  MemoryUsage of job (MB)
	1418112  -  ResidentSetSize of job (KB)
...
006 (12419552.003.000) 06/02 23:28:47 Image size of job updated: 1258176
	1229  -  MemoryUsage of job (MB)
	1258176  -  ResidentSetSize of job (KB)
...
006 (12419552.006.000) 06/02 23:33:46 Image size of job updated: 2003528
	1957  -  MemoryUsage of job (MB)
	2003528  -  ResidentSetSize of job (KB)
...
006 (12419552.001.000) 06/02 23:33:47 Image size of job updated: 3645572
	3561  -  MemoryUsage of job (MB)
	3645572  -  ResidentSetSize of job (KB)
...
006 (12419552.007.000) 06/02 23:33:47 Image size of job updated: 2030372
	1983  -  MemoryUsage of job (MB)
	2030372  -  ResidentSetSize of job (KB)
...
006 (12419552.003.000) 06/02 23:33:47 Image size of job updated: 1939388
	1894  -  MemoryUsage of job (MB)
	1939388  -  ResidentSetSize of job (KB)
...
006 (12419552.002.000) 06/02 23:33:47 Image size of job updated: 2070544
	2023  -  MemoryUsage of job (MB)
	2070544  -  ResidentSetSize of job (KB)
...
006 (12419552.005.000) 06/02 23:33:47 Image size of job updated: 2113564
	2065  -  MemoryUsage of job (MB)
	2113564  -  ResidentSetSize of job (KB)
...
006 (12419552.006.000) 06/02 23:38:47 Image size of job updated: 2631064
	2570  -  MemoryUsage of job (MB)
	2631064  -  ResidentSetSize of job (KB)
...
006 (12419552.001.000) 06/02 23:38:47 Image size of job updated: 4821324
	4709  -  MemoryUsage of job (MB)
	4821324  -  ResidentSetSize of job (KB)
...
006 (12419552.003.000) 06/02 23:38:47 Image size of job updated: 2549220
	2490  -  MemoryUsage of job (MB)
	2549220  -  ResidentSetSize of job (KB)
...
006 (12419552.007.000) 06/02 23:38:47 Image size of job updated: 2729796
	2666  -  MemoryUsage of job (MB)
	2729796  -  ResidentSetSize of job (KB)
...
006 (12419552.002.000) 06/02 23:38:48 Image size of job updated: 2661052
	2599  -  MemoryUsage of job (MB)
	2661052  -  ResidentSetSize of job (KB)
...
006 (12419552.005.000) 06/02 23:38:48 Image size of job updated: 2796132
	2731  -  MemoryUsage of job (MB)
	2796132  -  ResidentSetSize of job (KB)
...
040 (12419552.001.000) 06/02 23:38:49 Started transferring output files
	Seconds spent in queue: 4330
...
040 (12419552.001.000) 06/02 23:38:50 Finished transferring output files
...
005 (12419552.001.000) 06/02 23:38:50 Job terminated.
	(1) Normal termination (return value 0)
		Usr 0 00:01:45, Sys 0 00:00:11  -  Run Remote Usage
		Usr 0 00:00:00, Sys 0 00:00:00  -  Run Local Usage
		Usr 0 00:01:45, Sys 0 00:00:11  -  Total Remote Usage
		Usr 0 00:00:00, Sys 0 00:00:00  -  Total Local Usage
	52731  -  Run Bytes Sent By Job
	10846  -  Run Bytes Received By Job
	52731  -  Total Bytes Sent By Job
	10846  -  Total Bytes Received By Job
	Partitionable Resources :    Usage  Request Allocated 
	   Cpus                 :     0.12        4         4 
	   Disk (KB)            :   128           1      3867 
	   GPUs                 :                           0 
	   Memory (MB)          :  4709       12000     12000 

	Job terminated of its own accord at 2025-06-02T21:38:49Z with exit-code 0.
...
006 (12419552.006.000) 06/02 23:43:47 Image size of job updated: 3223052
	3148  -  MemoryUsage of job (MB)
	3223052  -  ResidentSetSize of job (KB)
...
006 (12419552.003.000) 06/02 23:43:48 Image size of job updated: 3140628
	3068  -  MemoryUsage of job (MB)
	3140628  -  ResidentSetSize of job (KB)
...
006 (12419552.007.000) 06/02 23:43:48 Image size of job updated: 3361732
	3283  -  MemoryUsage of job (MB)
	3361732  -  ResidentSetSize of job (KB)
...
006 (12419552.002.000) 06/02 23:43:48 Image size of job updated: 3268808
	3193  -  MemoryUsage of job (MB)
	3268808  -  ResidentSetSize of job (KB)
...
006 (12419552.005.000) 06/02 23:43:48 Image size of job updated: 3408500
	3329  -  MemoryUsage of job (MB)
	3408500  -  ResidentSetSize of job (KB)
...
006 (12419552.006.000) 06/02 23:48:47 Image size of job updated: 3833548
	3744  -  MemoryUsage of job (MB)
	3833548  -  ResidentSetSize of job (KB)
...
006 (12419552.003.000) 06/02 23:48:48 Image size of job updated: 3732544
	3646  -  MemoryUsage of job (MB)
	3732544  -  ResidentSetSize of job (KB)
...
006 (12419552.007.000) 06/02 23:48:48 Image size of job updated: 3971916
	3879  -  MemoryUsage of job (MB)
	3971916  -  ResidentSetSize of job (KB)
...
006 (12419552.002.000) 06/02 23:48:49 Image size of job updated: 3858972
	3769  -  MemoryUsage of job (MB)
	3858972  -  ResidentSetSize of job (KB)
...
006 (12419552.005.000) 06/02 23:48:49 Image size of job updated: 4084904
	3990  -  MemoryUsage of job (MB)
	4084904  -  ResidentSetSize of job (KB)
...
006 (12419552.003.000) 06/02 23:53:48 Image size of job updated: 4412812
	4310  -  MemoryUsage of job (MB)
	4412812  -  ResidentSetSize of job (KB)
...
006 (12419552.007.000) 06/02 23:53:48 Image size of job updated: 4579860
	4473  -  MemoryUsage of job (MB)
	4579860  -  ResidentSetSize of job (KB)
...
006 (12419552.006.000) 06/02 23:53:48 Image size of job updated: 4425636
	4322  -  MemoryUsage of job (MB)
	4425636  -  ResidentSetSize of job (KB)
...
006 (12419552.002.000) 06/02 23:53:50 Image size of job updated: 4449324
	4346  -  MemoryUsage of job (MB)
	4449324  -  ResidentSetSize of job (KB)
...
006 (12419552.005.000) 06/02 23:53:50 Image size of job updated: 4706584
	4597  -  MemoryUsage of job (MB)
	4706584  -  ResidentSetSize of job (KB)
...
006 (12419552.007.000) 06/02 23:58:49 Image size of job updated: 5190020
	5069  -  MemoryUsage of job (MB)
	5190020  -  ResidentSetSize of job (KB)
...
006 (12419552.006.000) 06/02 23:58:49 Image size of job updated: 5015876
	4899  -  MemoryUsage of job (MB)
	5015876  -  ResidentSetSize of job (KB)
...
006 (12419552.003.000) 06/02 23:58:49 Image size of job updated: 5023456
	4906  -  MemoryUsage of job (MB)
	5023456  -  ResidentSetSize of job (KB)
...
006 (12419552.002.000) 06/02 23:58:50 Image size of job updated: 5036812
	4919  -  MemoryUsage of job (MB)
	5036812  -  ResidentSetSize of job (KB)
...
006 (12419552.005.000) 06/02 23:58:50 Image size of job updated: 5299064
	5175  -  MemoryUsage of job (MB)
	5299064  -  ResidentSetSize of job (KB)
...
022 (12419552.004.000) 06/03 00:00:59 Job disconnected, attempting to reconnect
    Socket between submit and execute hosts closed unexpectedly
    Trying to reconnect to slot1_10@b9g03p9322.cern.ch <128.142.161.118:9618?addrs=128.142.161.118-9618+[2001-1458-301-b8--100-34]-9618&alias=b9g03p9322.cern.ch&noUDP&sock=startd_2680328_a577>
...
024 (12419552.004.000) 06/03 00:01:00 Job reconnection failed
    Job not found at execution machine
    Can not reconnect to slot1_10@b9g03p9322.cern.ch, rescheduling job
...
040 (12419552.004.000) 06/03 00:01:11 Started transferring input files
	Seconds spent in queue: 5669
...
040 (12419552.004.000) 06/03 00:01:11 Finished transferring input files
...
001 (12419552.004.000) 06/03 00:01:12 Job executing on host: <188.185.210.91:9618?addrs=188.185.210.91-9618+[2001-1458-303-1--100-57]-9618&alias=b9p21p0360.cern.ch&noUDP&sock=startd_8319_b874>
	SlotName: slot1_21@b9p21p0360.cern.ch
	CondorScratchDir = "/pool/condor/dir_1369252"
	Cpus = 4
	Disk = 3845
	GPUs = 0
	Memory = 12000
...
006 (12419552.004.000) 06/03 00:01:21 Image size of job updated: 100472
	99  -  MemoryUsage of job (MB)
	100472  -  ResidentSetSize of job (KB)
...
006 (12419552.007.000) 06/03 00:03:49 Image size of job updated: 5886800
	5749  -  MemoryUsage of job (MB)
	5886800  -  ResidentSetSize of job (KB)
...
006 (12419552.006.000) 06/03 00:03:49 Image size of job updated: 5609244
	5478  -  MemoryUsage of job (MB)
	5609244  -  ResidentSetSize of job (KB)
...
006 (12419552.003.000) 06/03 00:03:50 Image size of job updated: 5700688
	5568  -  MemoryUsage of job (MB)
	5700688  -  ResidentSetSize of job (KB)
...
006 (12419552.002.000) 06/03 00:03:50 Image size of job updated: 5655432
	5523  -  MemoryUsage of job (MB)
	5655432  -  ResidentSetSize of job (KB)
...
006 (12419552.005.000) 06/03 00:03:50 Image size of job updated: 5984232
	5844  -  MemoryUsage of job (MB)
	5984232  -  ResidentSetSize of job (KB)
...
006 (12419552.004.000) 06/03 00:06:21 Image size of job updated: 644188
	630  -  MemoryUsage of job (MB)
	644188  -  ResidentSetSize of job (KB)
...
006 (12419552.007.000) 06/03 00:08:49 Image size of job updated: 6500392
	6349  -  MemoryUsage of job (MB)
	6500392  -  ResidentSetSize of job (KB)
...
006 (12419552.006.000) 06/03 00:08:49 Image size of job updated: 6200784
	6056  -  MemoryUsage of job (MB)
	6200784  -  ResidentSetSize of job (KB)
...
006 (12419552.003.000) 06/03 00:08:50 Image size of job updated: 6316112
	6169  -  MemoryUsage of job (MB)
	6316112  -  ResidentSetSize of job (KB)
...
006 (12419552.002.000) 06/03 00:08:51 Image size of job updated: 6305512
	6158  -  MemoryUsage of job (MB)
	6305512  -  ResidentSetSize of job (KB)
...
006 (12419552.005.000) 06/03 00:08:51 Image size of job updated: 6586844
	6433  -  MemoryUsage of job (MB)
	6586844  -  ResidentSetSize of job (KB)
...
006 (12419552.004.000) 06/03 00:11:21 Image size of job updated: 1238804
	1210  -  MemoryUsage of job (MB)
	1238804  -  ResidentSetSize of job (KB)
...
006 (12419552.006.000) 06/03 00:13:50 Image size of job updated: 6794488
	6636  -  MemoryUsage of job (MB)
	6794488  -  ResidentSetSize of job (KB)
...
006 (12419552.003.000) 06/03 00:13:50 Image size of job updated: 6909076
	6748  -  MemoryUsage of job (MB)
	6909076  -  ResidentSetSize of job (KB)
...
006 (12419552.007.000) 06/03 00:13:50 Image size of job updated: 7131468
	6965  -  MemoryUsage of job (MB)
	7131468  -  ResidentSetSize of job (KB)
...
006 (12419552.002.000) 06/03 00:13:51 Image size of job updated: 6914028
	6752  -  MemoryUsage of job (MB)
	6914028  -  ResidentSetSize of job (KB)
...
006 (12419552.005.000) 06/03 00:13:51 Image size of job updated: 7200988
	7033  -  MemoryUsage of job (MB)
	7200988  -  ResidentSetSize of job (KB)
...
006 (12419552.004.000) 06/03 00:16:22 Image size of job updated: 1832756
	1790  -  MemoryUsage of job (MB)
	1832756  -  ResidentSetSize of job (KB)
...
006 (12419552.006.000) 06/03 00:18:50 Image size of job updated: 7473112
	7298  -  MemoryUsage of job (MB)
	7473112  -  ResidentSetSize of job (KB)
...
006 (12419552.007.000) 06/03 00:18:51 Image size of job updated: 7716004
	7536  -  MemoryUsage of job (MB)
	7716004  -  ResidentSetSize of job (KB)
...
006 (12419552.002.000) 06/03 00:18:51 Image size of job updated: 7502280
	7327  -  MemoryUsage of job (MB)
	7502280  -  ResidentSetSize of job (KB)
...
006 (12419552.005.000) 06/03 00:18:51 Image size of job updated: 7796304
	7614  -  MemoryUsage of job (MB)
	7796304  -  ResidentSetSize of job (KB)
...
006 (12419552.003.000) 06/03 00:18:51 Image size of job updated: 7499280
	7324  -  MemoryUsage of job (MB)
	7499280  -  ResidentSetSize of job (KB)
...
006 (12419552.004.000) 06/03 00:21:23 Image size of job updated: 2428056
	2372  -  MemoryUsage of job (MB)
	2428056  -  ResidentSetSize of job (KB)
...
006 (12419552.006.000) 06/03 00:23:50 Image size of job updated: 8177080
	7986  -  MemoryUsage of job (MB)
	8177080  -  ResidentSetSize of job (KB)
...
006 (12419552.007.000) 06/03 00:23:51 Image size of job updated: 8455056
	8257  -  MemoryUsage of job (MB)
	8455056  -  ResidentSetSize of job (KB)
...
006 (12419552.005.000) 06/03 00:23:52 Image size of job updated: 8502964
	8304  -  MemoryUsage of job (MB)
	8502964  -  ResidentSetSize of job (KB)
...
006 (12419552.003.000) 06/03 00:23:52 Image size of job updated: 8200348
	8009  -  MemoryUsage of job (MB)
	8200348  -  ResidentSetSize of job (KB)
...
006 (12419552.002.000) 06/03 00:23:53 Image size of job updated: 8091700
	7903  -  MemoryUsage of job (MB)
	8091700  -  ResidentSetSize of job (KB)
...
006 (12419552.007.000) 06/03 00:25:24 Image size of job updated: 8455056
	8258  -  MemoryUsage of job (MB)
	8455312  -  ResidentSetSize of job (KB)
...
040 (12419552.007.000) 06/03 00:25:29 Entered queue to transfer output files
...
006 (12419552.004.000) 06/03 00:26:23 Image size of job updated: 3108428
	3036  -  MemoryUsage of job (MB)
	3108428  -  ResidentSetSize of job (KB)
...
006 (12419552.006.000) 06/03 00:28:52 Image size of job updated: 8531596
	8332  -  MemoryUsage of job (MB)
	8531596  -  ResidentSetSize of job (KB)
...
006 (12419552.005.000) 06/03 00:28:52 Image size of job updated: 8860812
	8654  -  MemoryUsage of job (MB)
	8860812  -  ResidentSetSize of job (KB)
...
006 (12419552.003.000) 06/03 00:28:52 Image size of job updated: 8555052
	8355  -  MemoryUsage of job (MB)
	8555052  -  ResidentSetSize of job (KB)
...
006 (12419552.002.000) 06/03 00:28:53 Image size of job updated: 8554852
	8355  -  MemoryUsage of job (MB)
	8554852  -  ResidentSetSize of job (KB)
...
006 (12419552.004.000) 06/03 00:31:24 Image size of job updated: 3723188
	3636  -  MemoryUsage of job (MB)
	3723188  -  ResidentSetSize of job (KB)
...
006 (12419552.006.000) 06/03 00:33:52 Image size of job updated: 9027220
	8816  -  MemoryUsage of job (MB)
	9027220  -  ResidentSetSize of job (KB)
...
006 (12419552.005.000) 06/03 00:33:52 Image size of job updated: 9433744
	9213  -  MemoryUsage of job (MB)
	9433744  -  ResidentSetSize of job (KB)
...
006 (12419552.002.000) 06/03 00:33:53 Image size of job updated: 9031368
	8820  -  MemoryUsage of job (MB)
	9031368  -  ResidentSetSize of job (KB)
...
006 (12419552.003.000) 06/03 00:33:53 Image size of job updated: 9139584
	8926  -  MemoryUsage of job (MB)
	9139584  -  ResidentSetSize of job (KB)
...
040 (12419552.007.000) 06/03 00:35:37 Started transferring output files
	Seconds spent in queue: 7734
...
040 (12419552.007.000) 06/03 00:35:37 Finished transferring output files
...
005 (12419552.007.000) 06/03 00:35:37 Job terminated.
	(1) Normal termination (return value 0)
		Usr 0 00:02:10, Sys 0 00:00:25  -  Run Remote Usage
		Usr 0 00:00:00, Sys 0 00:00:00  -  Run Local Usage
		Usr 0 00:02:10, Sys 0 00:00:25  -  Total Remote Usage
		Usr 0 00:00:00, Sys 0 00:00:00  -  Total Local Usage
	53990  -  Run Bytes Sent By Job
	10846  -  Run Bytes Received By Job
	53990  -  Total Bytes Sent By Job
	10846  -  Total Bytes Received By Job
	Partitionable Resources :    Usage  Request Allocated 
	   Cpus                 :        0        4         4 
	   Disk (KB)            :      129        1      3794 
	   GPUs                 :                           0 
	   Memory (MB)          :     8258    12000     12000 

	Job terminated of its own accord at 2025-06-02T22:25:24Z with exit-code 0.
...
006 (12419552.004.000) 06/03 00:36:25 Image size of job updated: 4315288
	4215  -  MemoryUsage of job (MB)
	4315288  -  ResidentSetSize of job (KB)
...
006 (12419552.006.000) 06/03 00:38:52 Image size of job updated: 9617480
	9393  -  MemoryUsage of job (MB)
	9617480  -  ResidentSetSize of job (KB)
...
006 (12419552.005.000) 06/03 00:38:53 Image size of job updated: 10020700
	9786  -  MemoryUsage of job (MB)
	10020700  -  ResidentSetSize of job (KB)
...
006 (12419552.003.000) 06/03 00:38:54 Image size of job updated: 9731936
	9504  -  MemoryUsage of job (MB)
	9731936  -  ResidentSetSize of job (KB)
...
006 (12419552.002.000) 06/03 00:38:54 Image size of job updated: 9617304
	9392  -  MemoryUsage of job (MB)
	9617304  -  ResidentSetSize of job (KB)
...
006 (12419552.004.000) 06/03 00:41:25 Image size of job updated: 4906580
	4792  -  MemoryUsage of job (MB)
	4906580  -  ResidentSetSize of job (KB)
...
006 (12419552.006.000) 06/03 00:43:53 Image size of job updated: 10205252
	9967  -  MemoryUsage of job (MB)
	10205252  -  ResidentSetSize of job (KB)
...
006 (12419552.005.000) 06/03 00:43:54 Image size of job updated: 10609208
	10361  -  MemoryUsage of job (MB)
	10609208  -  ResidentSetSize of job (KB)
...
006 (12419552.003.000) 06/03 00:43:54 Image size of job updated: 10302996
	10062  -  MemoryUsage of job (MB)
	10302996  -  ResidentSetSize of job (KB)
...
006 (12419552.002.000) 06/03 00:43:55 Image size of job updated: 10186276
	9948  -  MemoryUsage of job (MB)
	10186276  -  ResidentSetSize of job (KB)
...
006 (12419552.004.000) 06/03 00:46:25 Image size of job updated: 5501372
	5373  -  MemoryUsage of job (MB)
	5501372  -  ResidentSetSize of job (KB)
...
006 (12419552.006.000) 06/03 00:48:54 Image size of job updated: 10799460
	10547  -  MemoryUsage of job (MB)
	10799460  -  ResidentSetSize of job (KB)
...
006 (12419552.005.000) 06/03 00:48:54 Image size of job updated: 11214636
	10952  -  MemoryUsage of job (MB)
	11214636  -  ResidentSetSize of job (KB)
...
006 (12419552.003.000) 06/03 00:48:54 Image size of job updated: 10916428
	10661  -  MemoryUsage of job (MB)
	10916428  -  ResidentSetSize of job (KB)
...
006 (12419552.002.000) 06/03 00:48:55 Image size of job updated: 10776376
	10524  -  MemoryUsage of job (MB)
	10776376  -  ResidentSetSize of job (KB)
...
006 (12419552.004.000) 06/03 00:51:26 Image size of job updated: 5952116
	5813  -  MemoryUsage of job (MB)
	5952116  -  ResidentSetSize of job (KB)
...
006 (12419552.006.000) 06/03 00:53:54 Image size of job updated: 11358024
	11092  -  MemoryUsage of job (MB)
	11358024  -  ResidentSetSize of job (KB)
...
006 (12419552.005.000) 06/03 00:53:55 Image size of job updated: 11715612
	11442  -  MemoryUsage of job (MB)
	11715612  -  ResidentSetSize of job (KB)
...
006 (12419552.003.000) 06/03 00:53:55 Image size of job updated: 11389688
	11123  -  MemoryUsage of job (MB)
	11389688  -  ResidentSetSize of job (KB)
...
006 (12419552.002.000) 06/03 00:53:56 Image size of job updated: 11273276
	11010  -  MemoryUsage of job (MB)
	11273276  -  ResidentSetSize of job (KB)
...
006 (12419552.004.000) 06/03 00:56:27 Image size of job updated: 6543612
	6391  -  MemoryUsage of job (MB)
	6543612  -  ResidentSetSize of job (KB)
...
006 (12419552.006.000) 06/03 00:58:55 Image size of job updated: 11861152
	11584  -  MemoryUsage of job (MB)
	11861152  -  ResidentSetSize of job (KB)
...
006 (12419552.005.000) 06/03 00:58:56 Image size of job updated: 12306568
	12019  -  MemoryUsage of job (MB)
	12306568  -  ResidentSetSize of job (KB)
...
006 (12419552.003.000) 06/03 00:58:56 Image size of job updated: 11977804
	11698  -  MemoryUsage of job (MB)
	11977804  -  ResidentSetSize of job (KB)
...
006 (12419552.002.000) 06/03 00:58:57 Image size of job updated: 11836552
	11560  -  MemoryUsage of job (MB)
	11836552  -  ResidentSetSize of job (KB)
...
006 (12419552.004.000) 06/03 01:01:27 Image size of job updated: 7137996
	6971  -  MemoryUsage of job (MB)
	7137996  -  ResidentSetSize of job (KB)
...
006 (12419552.006.000) 06/03 01:03:56 Image size of job updated: 12542732
	12249  -  MemoryUsage of job (MB)
	12542732  -  ResidentSetSize of job (KB)
...
006 (12419552.003.000) 06/03 01:03:56 Image size of job updated: 12660556
	12364  -  MemoryUsage of job (MB)
	12660556  -  ResidentSetSize of job (KB)
...
006 (12419552.005.000) 06/03 01:03:56 Image size of job updated: 12905096
	12603  -  MemoryUsage of job (MB)
	12905096  -  ResidentSetSize of job (KB)
...
006 (12419552.002.000) 06/03 01:03:57 Image size of job updated: 12448588
	12157  -  MemoryUsage of job (MB)
	12448588  -  ResidentSetSize of job (KB)
...
006 (12419552.004.000) 06/03 01:06:28 Image size of job updated: 7856480
	7673  -  MemoryUsage of job (MB)
	7856480  -  ResidentSetSize of job (KB)
...
006 (12419552.005.000) 06/03 01:08:56 Image size of job updated: 13502060
	13186  -  MemoryUsage of job (MB)
	13502060  -  ResidentSetSize of job (KB)
...
006 (12419552.006.000) 06/03 01:08:56 Image size of job updated: 13154744
	12847  -  MemoryUsage of job (MB)
	13154744  -  ResidentSetSize of job (KB)
...
006 (12419552.003.000) 06/03 01:08:57 Image size of job updated: 13274884
	12964  -  MemoryUsage of job (MB)
	13274884  -  ResidentSetSize of job (KB)
...
006 (12419552.002.000) 06/03 01:08:57 Image size of job updated: 13037416
	12732  -  MemoryUsage of job (MB)
	13037416  -  ResidentSetSize of job (KB)
...
006 (12419552.004.000) 06/03 01:11:29 Image size of job updated: 8453024
	8255  -  MemoryUsage of job (MB)
	8453024  -  ResidentSetSize of job (KB)
...
006 (12419552.005.000) 06/03 01:13:56 Image size of job updated: 14077312
	13748  -  MemoryUsage of job (MB)
	14077312  -  ResidentSetSize of job (KB)
...
006 (12419552.006.000) 06/03 01:13:57 Image size of job updated: 13722364
	13401  -  MemoryUsage of job (MB)
	13722364  -  ResidentSetSize of job (KB)
...
006 (12419552.003.000) 06/03 01:13:57 Image size of job updated: 13861248
	13537  -  MemoryUsage of job (MB)
	13861248  -  ResidentSetSize of job (KB)
...
006 (12419552.002.000) 06/03 01:13:58 Image size of job updated: 13604928
	13287  -  MemoryUsage of job (MB)
	13604928  -  ResidentSetSize of job (KB)
...
006 (12419552.004.000) 06/03 01:16:29 Image size of job updated: 9022644
	8812  -  MemoryUsage of job (MB)
	9022644  -  ResidentSetSize of job (KB)
...
006 (12419552.006.000) 06/03 01:18:57 Image size of job updated: 14312040
	13977  -  MemoryUsage of job (MB)
	14312040  -  ResidentSetSize of job (KB)
...
006 (12419552.003.000) 06/03 01:18:57 Image size of job updated: 14450096
	14112  -  MemoryUsage of job (MB)
	14450096  -  ResidentSetSize of job (KB)
...
006 (12419552.005.000) 06/03 01:18:57 Image size of job updated: 14675696
	14332  -  MemoryUsage of job (MB)
	14675696  -  ResidentSetSize of job (KB)
...
006 (12419552.002.000) 06/03 01:18:58 Image size of job updated: 14205056
	13873  -  MemoryUsage of job (MB)
	14205056  -  ResidentSetSize of job (KB)
...
006 (12419552.004.000) 06/03 01:21:29 Image size of job updated: 9628380
	9403  -  MemoryUsage of job (MB)
	9628380  -  ResidentSetSize of job (KB)
...
006 (12419552.006.000) 06/03 01:23:57 Image size of job updated: 14901676
	14553  -  MemoryUsage of job (MB)
	14901676  -  ResidentSetSize of job (KB)
...
006 (12419552.005.000) 06/03 01:23:58 Image size of job updated: 15272656
	14915  -  MemoryUsage of job (MB)
	15272656  -  ResidentSetSize of job (KB)
...
006 (12419552.002.000) 06/03 01:23:59 Image size of job updated: 14796968
	14451  -  MemoryUsage of job (MB)
	14796968  -  ResidentSetSize of job (KB)
...
006 (12419552.004.000) 06/03 01:26:30 Image size of job updated: 10203608
	9965  -  MemoryUsage of job (MB)
	10203608  -  ResidentSetSize of job (KB)
...
006 (12419552.006.000) 06/03 01:28:58 Image size of job updated: 15512376
	15149  -  MemoryUsage of job (MB)
	15512376  -  ResidentSetSize of job (KB)
...
006 (12419552.005.000) 06/03 01:28:58 Image size of job updated: 15888800
	15517  -  MemoryUsage of job (MB)
	15888800  -  ResidentSetSize of job (KB)
...
006 (12419552.002.000) 06/03 01:29:00 Image size of job updated: 15392480
	15032  -  MemoryUsage of job (MB)
	15392480  -  ResidentSetSize of job (KB)
...
006 (12419552.004.000) 06/03 01:31:30 Image size of job updated: 10706892
	10456  -  MemoryUsage of job (MB)
	10706892  -  ResidentSetSize of job (KB)
...
006 (12419552.006.000) 06/03 01:33:58 Image size of job updated: 16169692
	15791  -  MemoryUsage of job (MB)
	16169692  -  ResidentSetSize of job (KB)
...
006 (12419552.005.000) 06/03 01:33:59 Image size of job updated: 16555996
	16168  -  MemoryUsage of job (MB)
	16555996  -  ResidentSetSize of job (KB)
...
006 (12419552.002.000) 06/03 01:34:00 Image size of job updated: 15982728
	15609  -  MemoryUsage of job (MB)
	15982728  -  ResidentSetSize of job (KB)
...
006 (12419552.004.000) 06/03 01:36:30 Image size of job updated: 11300016
	11036  -  MemoryUsage of job (MB)
	11300016  -  ResidentSetSize of job (KB)
...
006 (12419552.006.000) 06/03 01:38:58 Image size of job updated: 16759304
	16367  -  MemoryUsage of job (MB)
	16759304  -  ResidentSetSize of job (KB)
...
006 (12419552.005.000) 06/03 01:39:00 Image size of job updated: 17148752
	16747  -  MemoryUsage of job (MB)
	17148752  -  ResidentSetSize of job (KB)
...
006 (12419552.002.000) 06/03 01:39:01 Image size of job updated: 16642232
	16253  -  MemoryUsage of job (MB)
	16642232  -  ResidentSetSize of job (KB)
...
006 (12419552.004.000) 06/03 01:41:31 Image size of job updated: 11976020
	11696  -  MemoryUsage of job (MB)
	11976020  -  ResidentSetSize of job (KB)
...
006 (12419552.006.000) 06/03 01:43:59 Image size of job updated: 17438284
	17030  -  MemoryUsage of job (MB)
	17438284  -  ResidentSetSize of job (KB)
...
006 (12419552.005.000) 06/03 01:44:00 Image size of job updated: 17742908
	17328  -  MemoryUsage of job (MB)
	17742908  -  ResidentSetSize of job (KB)
...
006 (12419552.002.000) 06/03 01:44:02 Image size of job updated: 17039088
	16640  -  MemoryUsage of job (MB)
	17039088  -  ResidentSetSize of job (KB)
...
006 (12419552.004.000) 06/03 01:46:32 Image size of job updated: 12594108
	12299  -  MemoryUsage of job (MB)
	12594108  -  ResidentSetSize of job (KB)
...
006 (12419552.006.000) 06/03 01:48:59 Image size of job updated: 17893648
	17475  -  MemoryUsage of job (MB)
	17893648  -  ResidentSetSize of job (KB)
...
006 (12419552.005.000) 06/03 01:49:01 Image size of job updated: 18351136
	17922  -  MemoryUsage of job (MB)
	18351136  -  ResidentSetSize of job (KB)
...
006 (12419552.002.000) 06/03 01:49:02 Image size of job updated: 17629160
	17216  -  MemoryUsage of job (MB)
	17629160  -  ResidentSetSize of job (KB)
...
006 (12419552.004.000) 06/03 01:51:32 Image size of job updated: 13190480
	12882  -  MemoryUsage of job (MB)
	13190480  -  ResidentSetSize of job (KB)
...
006 (12419552.006.000) 06/03 01:53:59 Image size of job updated: 18503364
	18070  -  MemoryUsage of job (MB)
	18503364  -  ResidentSetSize of job (KB)
...
006 (12419552.005.000) 06/03 01:54:02 Image size of job updated: 19024048
	18579  -  MemoryUsage of job (MB)
	19024048  -  ResidentSetSize of job (KB)
...
006 (12419552.002.000) 06/03 01:54:02 Image size of job updated: 18302752
	17874  -  MemoryUsage of job (MB)
	18302752  -  ResidentSetSize of job (KB)
...
006 (12419552.004.000) 06/03 01:56:33 Image size of job updated: 13782792
	13460  -  MemoryUsage of job (MB)
	13782792  -  ResidentSetSize of job (KB)
...
006 (12419552.006.000) 06/03 01:59:00 Image size of job updated: 19093440
	18646  -  MemoryUsage of job (MB)
	19093440  -  ResidentSetSize of job (KB)
...
006 (12419552.003.000) 06/03 01:59:02 Image size of job updated: 14997116
	14646  -  MemoryUsage of job (MB)
	14997116  -  ResidentSetSize of job (KB)
...
006 (12419552.005.000) 06/03 01:59:02 Image size of job updated: 19640148
	19180  -  MemoryUsage of job (MB)
	19640148  -  ResidentSetSize of job (KB)
...
006 (12419552.002.000) 06/03 01:59:03 Image size of job updated: 18913556
	18471  -  MemoryUsage of job (MB)
	18913556  -  ResidentSetSize of job (KB)
...
006 (12419552.004.000) 06/03 02:01:34 Image size of job updated: 14463168
	14125  -  MemoryUsage of job (MB)
	14463168  -  ResidentSetSize of job (KB)
...
006 (12419552.006.000) 06/03 02:04:00 Image size of job updated: 19682780
	19222  -  MemoryUsage of job (MB)
	19682780  -  ResidentSetSize of job (KB)
...
006 (12419552.003.000) 06/03 02:04:02 Image size of job updated: 19135164
	18687  -  MemoryUsage of job (MB)
	19135164  -  ResidentSetSize of job (KB)
...
006 (12419552.005.000) 06/03 02:04:02 Image size of job updated: 20236332
	19763  -  MemoryUsage of job (MB)
	20236332  -  ResidentSetSize of job (KB)
...
006 (12419552.002.000) 06/03 02:04:03 Image size of job updated: 19500320
	19044  -  MemoryUsage of job (MB)
	19500320  -  ResidentSetSize of job (KB)
...
006 (12419552.004.000) 06/03 02:06:34 Image size of job updated: 15074080
	14721  -  MemoryUsage of job (MB)
	15074080  -  ResidentSetSize of job (KB)
...
006 (12419552.006.000) 06/03 02:09:00 Image size of job updated: 20354772
	19878  -  MemoryUsage of job (MB)
	20354772  -  ResidentSetSize of job (KB)
...
006 (12419552.003.000) 06/03 02:09:02 Image size of job updated: 19730992
	19269  -  MemoryUsage of job (MB)
	19730992  -  ResidentSetSize of job (KB)
...
006 (12419552.005.000) 06/03 02:09:03 Image size of job updated: 20830724
	20343  -  MemoryUsage of job (MB)
	20830724  -  ResidentSetSize of job (KB)
...
006 (12419552.002.000) 06/03 02:09:03 Image size of job updated: 19817336
	19353  -  MemoryUsage of job (MB)
	19817336  -  ResidentSetSize of job (KB)
...
006 (12419552.004.000) 06/03 02:11:34 Image size of job updated: 15736368
	15368  -  MemoryUsage of job (MB)
	15736368  -  ResidentSetSize of job (KB)
...
006 (12419552.006.000) 06/03 02:14:01 Image size of job updated: 20849936
	20362  -  MemoryUsage of job (MB)
	20849936  -  ResidentSetSize of job (KB)
...
006 (12419552.005.000) 06/03 02:14:03 Image size of job updated: 21241940
	20745  -  MemoryUsage of job (MB)
	21241940  -  ResidentSetSize of job (KB)
...
006 (12419552.003.000) 06/03 02:14:03 Image size of job updated: 20302648
	19827  -  MemoryUsage of job (MB)
	20302648  -  ResidentSetSize of job (KB)
...
006 (12419552.002.000) 06/03 02:14:05 Image size of job updated: 20494236
	20014  -  MemoryUsage of job (MB)
	20494236  -  ResidentSetSize of job (KB)
...
006 (12419552.004.000) 06/03 02:16:35 Image size of job updated: 16329840
	15948  -  MemoryUsage of job (MB)
	16329840  -  ResidentSetSize of job (KB)
...
006 (12419552.006.000) 06/03 02:19:02 Image size of job updated: 21438684
	20937  -  MemoryUsage of job (MB)
	21438684  -  ResidentSetSize of job (KB)
...
006 (12419552.005.000) 06/03 02:19:03 Image size of job updated: 21857848
	21346  -  MemoryUsage of job (MB)
	21857848  -  ResidentSetSize of job (KB)
...
006 (12419552.003.000) 06/03 02:19:04 Image size of job updated: 20902208
	20413  -  MemoryUsage of job (MB)
	20902208  -  ResidentSetSize of job (KB)
...
006 (12419552.002.000) 06/03 02:19:05 Image size of job updated: 21091988
	20598  -  MemoryUsage of job (MB)
	21091988  -  ResidentSetSize of job (KB)
...
006 (12419552.004.000) 06/03 02:21:35 Image size of job updated: 17009436
	16611  -  MemoryUsage of job (MB)
	17009436  -  ResidentSetSize of job (KB)
...
006 (12419552.006.000) 06/03 02:24:02 Image size of job updated: 22029732
	21514  -  MemoryUsage of job (MB)
	22029732  -  ResidentSetSize of job (KB)
...
006 (12419552.005.000) 06/03 02:24:04 Image size of job updated: 22452648
	21927  -  MemoryUsage of job (MB)
	22452648  -  ResidentSetSize of job (KB)
...
006 (12419552.002.000) 06/03 02:24:05 Image size of job updated: 21682708
	21175  -  MemoryUsage of job (MB)
	21682708  -  ResidentSetSize of job (KB)
...
006 (12419552.004.000) 06/03 02:26:35 Image size of job updated: 17619008
	17207  -  MemoryUsage of job (MB)
	17619008  -  ResidentSetSize of job (KB)
...
006 (12419552.006.000) 06/03 02:29:03 Image size of job updated: 22705060
	22173  -  MemoryUsage of job (MB)
	22705060  -  ResidentSetSize of job (KB)
...
006 (12419552.005.000) 06/03 02:29:05 Image size of job updated: 23137764
	22596  -  MemoryUsage of job (MB)
	23137764  -  ResidentSetSize of job (KB)
...
006 (12419552.002.000) 06/03 02:29:06 Image size of job updated: 22274448
	21753  -  MemoryUsage of job (MB)
	22274448  -  ResidentSetSize of job (KB)
...
006 (12419552.004.000) 06/03 02:31:36 Image size of job updated: 18211928
	17786  -  MemoryUsage of job (MB)
	18211928  -  ResidentSetSize of job (KB)
...
006 (12419552.006.000) 06/03 02:34:04 Image size of job updated: 23301460
	22756  -  MemoryUsage of job (MB)
	23301460  -  ResidentSetSize of job (KB)
...
006 (12419552.005.000) 06/03 02:34:05 Image size of job updated: 23757096
	23201  -  MemoryUsage of job (MB)
	23757096  -  ResidentSetSize of job (KB)
...
006 (12419552.002.000) 06/03 02:34:07 Image size of job updated: 22879416
	22344  -  MemoryUsage of job (MB)
	22879416  -  ResidentSetSize of job (KB)
...
006 (12419552.004.000) 06/03 02:36:37 Image size of job updated: 18802676
	18362  -  MemoryUsage of job (MB)
	18802676  -  ResidentSetSize of job (KB)
...
006 (12419552.005.000) 06/03 02:39:06 Image size of job updated: 24356680
	23786  -  MemoryUsage of job (MB)
	24356680  -  ResidentSetSize of job (KB)
...
006 (12419552.002.000) 06/03 02:39:07 Image size of job updated: 23467724
	22918  -  MemoryUsage of job (MB)
	23467724  -  ResidentSetSize of job (KB)
...
006 (12419552.004.000) 06/03 02:41:37 Image size of job updated: 19395668
	18942  -  MemoryUsage of job (MB)
	19395668  -  ResidentSetSize of job (KB)
...
040 (12419552.006.000) 06/03 02:43:42 Started transferring output files
	Seconds spent in queue: 15418
...
040 (12419552.006.000) 06/03 02:43:42 Finished transferring output files
...
005 (12419552.006.000) 06/03 02:43:42 Job terminated.
	(1) Normal termination (return value 0)
		Usr 0 00:08:15, Sys 0 00:00:56  -  Run Remote Usage
		Usr 0 00:00:00, Sys 0 00:00:00  -  Run Local Usage
		Usr 0 00:08:15, Sys 0 00:00:56  -  Total Remote Usage
		Usr 0 00:00:00, Sys 0 00:00:00  -  Total Local Usage
	59656  -  Run Bytes Sent By Job
	10846  -  Run Bytes Received By Job
	59656  -  Total Bytes Sent By Job
	10846  -  Total Bytes Received By Job
	Partitionable Resources :    Usage  Request Allocated 
	   Cpus                 :     0.04        4         4 
	   Disk (KB)            :   135           1      3850 
	   GPUs                 :                           0 
	   Memory (MB)          : 22756       12000     12000 

	Job terminated of its own accord at 2025-06-03T00:43:42Z with exit-code 0.
...
006 (12419552.002.000) 06/03 02:44:08 Image size of job updated: 24113592
	23549  -  MemoryUsage of job (MB)
	24113592  -  ResidentSetSize of job (KB)
...
006 (12419552.004.000) 06/03 02:46:38 Image size of job updated: 20077352
	19607  -  MemoryUsage of job (MB)
	20077352  -  ResidentSetSize of job (KB)
...
006 (12419552.002.000) 06/03 02:49:09 Image size of job updated: 24113592
	23549  -  MemoryUsage of job (MB)
	24113848  -  ResidentSetSize of job (KB)
...
006 (12419552.004.000) 06/03 02:51:39 Image size of job updated: 20691688
	20207  -  MemoryUsage of job (MB)
	20691688  -  ResidentSetSize of job (KB)
...
006 (12419552.004.000) 06/03 02:56:39 Image size of job updated: 21284972
	20787  -  MemoryUsage of job (MB)
	21284972  -  ResidentSetSize of job (KB)
...
006 (12419552.004.000) 06/03 03:01:39 Image size of job updated: 21877156
	21365  -  MemoryUsage of job (MB)
	21877156  -  ResidentSetSize of job (KB)
...
040 (12419552.002.000) 06/03 03:06:06 Started transferring output files
	Seconds spent in queue: 16764
...
040 (12419552.002.000) 06/03 03:06:06 Finished transferring output files
...
005 (12419552.002.000) 06/03 03:06:06 Job terminated.
	(1) Normal termination (return value 0)
		Usr 0 00:11:16, Sys 0 00:01:25  -  Run Remote Usage
		Usr 0 00:00:00, Sys 0 00:00:00  -  Run Local Usage
		Usr 0 00:11:16, Sys 0 00:01:25  -  Total Remote Usage
		Usr 0 00:00:00, Sys 0 00:00:00  -  Total Local Usage
	60496  -  Run Bytes Sent By Job
	10846  -  Run Bytes Received By Job
	60496  -  Total Bytes Sent By Job
	10846  -  Total Bytes Received By Job
	Partitionable Resources :    Usage  Request Allocated 
	   Cpus                 :     0.01        4         4 
	   Disk (KB)            :   136           1      2751 
	   GPUs                 :                           0 
	   Memory (MB)          : 23549       12000     12000 

	Job terminated of its own accord at 2025-06-03T01:06:06Z with exit-code 0.
...
006 (12419552.004.000) 06/03 03:06:40 Image size of job updated: 22471216
	21945  -  MemoryUsage of job (MB)
	22471216  -  ResidentSetSize of job (KB)
...
006 (12419552.003.000) 06/03 03:09:09 Image size of job updated: 21484556
	20982  -  MemoryUsage of job (MB)
	21484556  -  ResidentSetSize of job (KB)
...
006 (12419552.004.000) 06/03 03:11:41 Image size of job updated: 23150360
	22608  -  MemoryUsage of job (MB)
	23150360  -  ResidentSetSize of job (KB)
...
006 (12419552.004.000) 06/03 03:16:41 Image size of job updated: 23763308
	23207  -  MemoryUsage of job (MB)
	23763308  -  ResidentSetSize of job (KB)
...
040 (12419552.003.000) 06/03 03:19:12 Started transferring output files
	Seconds spent in queue: 17550
...
040 (12419552.003.000) 06/03 03:19:12 Finished transferring output files
...
005 (12419552.003.000) 06/03 03:19:12 Job terminated.
	(1) Normal termination (return value 0)
		Usr 0 00:06:41, Sys 0 00:01:33  -  Run Remote Usage
		Usr 0 00:00:00, Sys 0 00:00:00  -  Run Local Usage
		Usr 0 00:06:41, Sys 0 00:01:33  -  Total Remote Usage
		Usr 0 00:00:00, Sys 0 00:00:00  -  Total Local Usage
	61352  -  Run Bytes Sent By Job
	10846  -  Run Bytes Received By Job
	61352  -  Total Bytes Sent By Job
	10846  -  Total Bytes Received By Job
	Partitionable Resources :    Usage  Request Allocated 
	   Cpus                 :     0.09        4         4 
	   Disk (KB)            :   136           1      3832 
	   GPUs                 :                           0 
	   Memory (MB)          : 20982       12000     12000 

	Job terminated of its own accord at 2025-06-03T01:19:12Z with exit-code 0.
...
006 (12419552.004.000) 06/03 03:21:42 Image size of job updated: 24355036
	23785  -  MemoryUsage of job (MB)
	24355036  -  ResidentSetSize of job (KB)
...
040 (12419552.005.000) 06/03 03:25:00 Entered queue to transfer output files
...
006 (12419552.004.000) 06/03 03:26:43 Image size of job updated: 25037588
	24451  -  MemoryUsage of job (MB)
	25037588  -  ResidentSetSize of job (KB)
...
006 (12419552.004.000) 06/03 03:31:43 Image size of job updated: 25635620
	25035  -  MemoryUsage of job (MB)
	25635620  -  ResidentSetSize of job (KB)
...
006 (12419552.004.000) 06/03 03:36:43 Image size of job updated: 26241008
	25626  -  MemoryUsage of job (MB)
	26241008  -  ResidentSetSize of job (KB)
...
006 (12419552.004.000) 06/03 03:41:44 Image size of job updated: 26831612
	26203  -  MemoryUsage of job (MB)
	26831612  -  ResidentSetSize of job (KB)
...
006 (12419552.004.000) 06/03 03:46:44 Image size of job updated: 27422184
	26780  -  MemoryUsage of job (MB)
	27422184  -  ResidentSetSize of job (KB)
...
006 (12419552.004.000) 06/03 03:51:44 Image size of job updated: 28101184
	27443  -  MemoryUsage of job (MB)
	28101184  -  ResidentSetSize of job (KB)
...
040 (12419552.005.000) 06/03 03:55:34 Started transferring output files
	Seconds spent in queue: 19731
...
040 (12419552.005.000) 06/03 03:55:34 Finished transferring output files
...
005 (12419552.005.000) 06/03 03:55:34 Job terminated.
	(1) Normal termination (return value 0)
		Usr 0 00:07:57, Sys 0 00:01:58  -  Run Remote Usage
		Usr 0 00:00:00, Sys 0 00:00:00  -  Run Local Usage
		Usr 0 00:07:57, Sys 0 00:01:58  -  Total Remote Usage
		Usr 0 00:00:00, Sys 0 00:00:00  -  Total Local Usage
	61546  -  Run Bytes Sent By Job
	10846  -  Run Bytes Received By Job
	61546  -  Total Bytes Sent By Job
	10846  -  Total Bytes Received By Job
	Partitionable Resources :    Usage  Request Allocated 
	   Cpus                 :        0        4         4 
	   Disk (KB)            :      137        1      3784 
	   GPUs                 :                           0 
	   Memory (MB)          :    23786    12000     12000 

	Job terminated of its own accord at 2025-06-03T01:24:55Z with exit-code 0.
...
006 (12419552.004.000) 06/03 03:56:45 Image size of job updated: 28690268
	28018  -  MemoryUsage of job (MB)
	28690268  -  ResidentSetSize of job (KB)
...
006 (12419552.004.000) 06/03 04:01:46 Image size of job updated: 29284772
	28599  -  MemoryUsage of job (MB)
	29284772  -  ResidentSetSize of job (KB)
...
006 (12419552.004.000) 06/03 04:06:46 Image size of job updated: 29889980
	29190  -  MemoryUsage of job (MB)
	29889980  -  ResidentSetSize of job (KB)
...
006 (12419552.004.000) 06/03 04:11:46 Image size of job updated: 30482004
	29768  -  MemoryUsage of job (MB)
	30482004  -  ResidentSetSize of job (KB)
...
006 (12419552.004.000) 06/03 04:16:47 Image size of job updated: 31160372
	30431  -  MemoryUsage of job (MB)
	31160372  -  ResidentSetSize of job (KB)
...
006 (12419552.004.000) 06/03 04:21:47 Image size of job updated: 31758092
	31014  -  MemoryUsage of job (MB)
	31758092  -  ResidentSetSize of job (KB)
...
006 (12419552.004.000) 06/03 04:26:47 Image size of job updated: 32369164
	31611  -  MemoryUsage of job (MB)
	32369164  -  ResidentSetSize of job (KB)
...
006 (12419552.004.000) 06/03 04:31:48 Image size of job updated: 32962488
	32190  -  MemoryUsage of job (MB)
	32962488  -  ResidentSetSize of job (KB)
...
040 (12419552.004.000) 06/03 04:35:21 Started transferring output files
	Seconds spent in queue: 22119
...
040 (12419552.004.000) 06/03 04:35:21 Finished transferring output files
...
005 (12419552.004.000) 06/03 04:35:21 Job terminated.
	(1) Normal termination (return value 0)
		Usr 0 00:09:16, Sys 0 00:01:44  -  Run Remote Usage
		Usr 0 00:00:00, Sys 0 00:00:00  -  Run Local Usage
		Usr 0 00:09:16, Sys 0 00:01:44  -  Total Remote Usage
		Usr 0 00:00:00, Sys 0 00:00:00  -  Total Local Usage
	62736  -  Run Bytes Sent By Job
	10846  -  Run Bytes Received By Job
	62736  -  Total Bytes Sent By Job
	21692  -  Total Bytes Received By Job
	Partitionable Resources :    Usage  Request Allocated 
	   Cpus                 :     0.02        4         4 
	   Disk (KB)            :   139           1      3845 
	   GPUs                 :                           0 
	   Memory (MB)          : 32190       12000     12000 

	Job terminated of its own accord at 2025-06-03T02:35:21Z with exit-code 0.
...
