

START---------------
WORKDIR  /u/user/jhlee/ttHH/CMSSW_14_2_1/src/tempTTHH
WORKDIR  /u/user/jhlee/ttHH/CMSSW_14_2_1/src/tempTTHH
TNM_PATH=/u/user/jhlee/ttHH/CMSSW_14_2_1/src/tempTTHH

--------- Check arugments ---------------------------------------

  - [ output file name ] --> /pnfs/knu.ac.kr/data/cms/store/user/junghyun/ttHH/AnalyzerOutput/JetHT_E/JetHT_E_0.root
  - [ runYear ] --> 2017
  - [ isData ] --> Data
  - [ sampleName ] --> JetHT_E
  - [ eraName ] --> E

--------- Check arugments ---------------------------------------


eventBuffer - All branches selected
 Output filename: /pnfs/knu.ac.kr/data/cms/store/user/junghyun/ttHH/AnalyzerOutput/JetHT_E/JetHT_E_0.root
[CorrectionsManager] json library path : /cvmfs/cms.cern.ch/rsync/cms-nanoAOD/jsonpog-integration
weight = 1

	[35m[ Warning ]: This analyzer commented out [ "WTF" log ] in the header, Please check if you want!!![0m

	[34m[ Log ]: --------------------------------------------------------------------------[0m
	[34m[ Log ]: Before start, Let's check the analysis information[0m
	[34m[ Log ]: Run Year    ----> [  2017  ][0m
	[34m[ Log ]: Data or MC  ----> [  Data  ][0m
	[34m[ Log ]: Sample Name ----> [  JetHT_E  ][0m
	[34m[ Log ]: --------------------------------------------------------------------------[0m

	[36m[ Log ]: Processed events of 2017, Data, JetHT_E: 0[0m
	[36m[ Log ]: Processed events of 2017, Data, JetHT_E: 10000[0m
	[36m[ Log ]: Processed events of 2017, Data, JetHT_E: 20000[0m
	[36m[ Log ]: Processed events of 2017, Data, JetHT_E: 30000[0m
	[36m[ Log ]: Processed events of 2017, Data, JetHT_E: 40000[0m
	[36m[ Log ]: Processed events of 2017, Data, JetHT_E: 50000[0m
	[36m[ Log ]: Processed events of 2017, Data, JetHT_E: 60000[0m
	[36m[ Log ]: Processed events of 2017, Data, JetHT_E: 70000[0m
	[36m[ Log ]: Processed events of 2017, Data, JetHT_E: 80000[0m
	[36m[ Log ]: Processed events of 2017, Data, JetHT_E: 90000[0m
	[36m[ Log ]: Processed events of 2017, Data, JetHT_E: 100000[0m
	[36m[ Log ]: Processed events of 2017, Data, JetHT_E: 110000[0m
	[36m[ Log ]: Processed events of 2017, Data, JetHT_E: 120000[0m
	[36m[ Log ]: Processed events of 2017, Data, JetHT_E: 130000[0m
	[36m[ Log ]: Processed events of 2017, Data, JetHT_E: 140000[0m
	[36m[ Log ]: Processed events of 2017, Data, JetHT_E: 150000[0m
	[36m[ Log ]: Processed events of 2017, Data, JetHT_E: 160000[0m
	[36m[ Log ]: Processed events of 2017, Data, JetHT_E: 170000[0m
	[36m[ Log ]: Processed events of 2017, Data, JetHT_E: 180000[0m
	[36m[ Log ]: Processed events of 2017, Data, JetHT_E: 190000[0m
	[36m[ Log ]: Processed events of 2017, Data, JetHT_E: 200000[0m
	[36m[ Log ]: Processed events of 2017, Data, JetHT_E: 210000[0m
	[36m[ Log ]: Processed events of 2017, Data, JetHT_E: 220000[0m
	[36m[ Log ]: Processed events of 2017, Data, JetHT_E: 230000[0m
	[36m[ Log ]: Processed events of 2017, Data, JetHT_E: 240000[0m
	[36m[ Log ]: Processed events of 2017, Data, JetHT_E: 250000[0m
	[36m[ Log ]: Processed events of 2017, Data, JetHT_E: 260000[0m
	[36m[ Log ]: Processed events of 2017, Data, JetHT_E: 270000[0m
	[36m[ Log ]: Processed events of 2017, Data, JetHT_E: 280000[0m
	[36m[ Log ]: Processed events of 2017, Data, JetHT_E: 290000[0m
	[36m[ Log ]: Processed events of 2017, Data, JetHT_E: 300000[0m
	[36m[ Log ]: Processed events of 2017, Data, JetHT_E: 310000[0m
	[36m[ Log ]: Processed events of 2017, Data, JetHT_E: 320000[0m
	[36m[ Log ]: Processed events of 2017, Data, JetHT_E: 330000[0m
	[36m[ Log ]: Processed events of 2017, Data, JetHT_E: 340000[0m
	[36m[ Log ]: Processed events of 2017, Data, JetHT_E: 350000[0m
	[36m[ Log ]: Processed events of 2017, Data, JetHT_E: 360000[0m
	[36m[ Log ]: Processed events of 2017, Data, JetHT_E: 370000[0m
	[36m[ Log ]: Processed events of 2017, Data, JetHT_E: 380000[0m
	[36m[ Log ]: Processed events of 2017, Data, JetHT_E: 390000[0m
	[36m[ Log ]: Processed events of 2017, Data, JetHT_E: 400000[0m
	[36m[ Log ]: Processed events of 2017, Data, JetHT_E: 410000[0m
	[36m[ Log ]: Processed events of 2017, Data, JetHT_E: 420000[0m
	[36m[ Log ]: Processed events of 2017, Data, JetHT_E: 430000[0m
	[36m[ Log ]: Processed events of 2017, Data, JetHT_E: 440000[0m
	[36m[ Log ]: Processed events of 2017, Data, JetHT_E: 450000[0m
	[36m[ Log ]: Processed events of 2017, Data, JetHT_E: 460000[0m
	[36m[ Log ]: Processed events of 2017, Data, JetHT_E: 470000[0m
	[36m[ Log ]: Processed events of 2017, Data, JetHT_E: 480000[0m
	[36m[ Log ]: Processed events of 2017, Data, JetHT_E: 490000[0m
	[36m[ Log ]: Processed events of 2017, Data, JetHT_E: 500000[0m
	[36m[ Log ]: Processed events of 2017, Data, JetHT_E: 510000[0m
	[36m[ Log ]: Processed events of 2017, Data, JetHT_E: 520000[0m
	[36m[ Log ]: Processed events of 2017, Data, JetHT_E: 530000[0m
	[36m[ Log ]: Processed events of 2017, Data, JetHT_E: 540000[0m
	[36m[ Log ]: Processed events of 2017, Data, JetHT_E: 550000[0m
	[36m[ Log ]: Processed events of 2017, Data, JetHT_E: 560000[0m
	[36m[ Log ]: Processed events of 2017, Data, JetHT_E: 570000[0m
	[36m[ Log ]: Processed events of 2017, Data, JetHT_E: 580000[0m
	[36m[ Log ]: Processed events of 2017, Data, JetHT_E: 590000[0m
	[36m[ Log ]: Processed events of 2017, Data, JetHT_E: 600000[0m
	[36m[ Log ]: Processed events of 2017, Data, JetHT_E: 610000[0m
	[36m[ Log ]: Processed events of 2017, Data, JetHT_E: 620000[0m
	[36m[ Log ]: Processed events of 2017, Data, JetHT_E: 630000[0m
	[36m[ Log ]: Processed events of 2017, Data, JetHT_E: 640000[0m
	[36m[ Log ]: Processed events of 2017, Data, JetHT_E: 650000[0m
	[36m[ Log ]: Processed events of 2017, Data, JetHT_E: 660000[0m
	[36m[ Log ]: Processed events of 2017, Data, JetHT_E: 670000[0m
