

START---------------
WORKDIR  /u/user/jhlee/ttHH/CMSSW_14_2_1/src/tempTTHH
WORKDIR  /u/user/jhlee/ttHH/CMSSW_14_2_1/src/tempTTHH
TNM_PATH=/u/user/jhlee/ttHH/CMSSW_14_2_1/src/tempTTHH

--------- Check arugments ---------------------------------------

  - [ output file name ] --> /pnfs/knu.ac.kr/data/cms/store/user/junghyun/ttHH/AnalyzerOutput/JetHT_E/JetHT_E_2.root
  - [ runYear ] --> 2017
  - [ isData ] --> Data
  - [ sampleName ] --> JetHT_E
  - [ eraName ] --> E

--------- Check arugments ---------------------------------------


eventBuffer - All branches selected
 Output filename: /pnfs/knu.ac.kr/data/cms/store/user/junghyun/ttHH/AnalyzerOutput/JetHT_E/JetHT_E_2.root
[CorrectionsManager] json library path : /cvmfs/cms.cern.ch/rsync/cms-nanoAOD/jsonpog-integration
weight = 1

	[35m[ Warning ]: This analyzer commented out [ "WTF" log ] in the header, Please check if you want!!![0m

	[34m[ Log ]: --------------------------------------------------------------------------[0m
	[34m[ Log ]: Before start, Let's check the analysis information[0m
	[34m[ Log ]: Run Year    ----> [  2017  ][0m
	[34m[ Log ]: Data or MC  ----> [  Data  ][0m
	[34m[ Log ]: Sample Name ----> [  JetHT_E  ][0m
	[34m[ Log ]: --------------------------------------------------------------------------[0m

	[36m[ Log ]: Processed events of 2017, Data, JetHT_E: 0[0m
	[36m[ Log ]: Processed events of 2017, Data, JetHT_E: 10000[0m
	[36m[ Log ]: Processed events of 2017, Data, JetHT_E: 20000[0m
	[36m[ Log ]: Processed events of 2017, Data, JetHT_E: 30000[0m
	[36m[ Log ]: Processed events of 2017, Data, JetHT_E: 40000[0m
	[36m[ Log ]: Processed events of 2017, Data, JetHT_E: 50000[0m
	[36m[ Log ]: Processed events of 2017, Data, JetHT_E: 60000[0m
	[36m[ Log ]: Processed events of 2017, Data, JetHT_E: 70000[0m
	[36m[ Log ]: Processed events of 2017, Data, JetHT_E: 80000[0m
	[36m[ Log ]: Processed events of 2017, Data, JetHT_E: 90000[0m
	[36m[ Log ]: Processed events of 2017, Data, JetHT_E: 100000[0m
	[36m[ Log ]: Processed events of 2017, Data, JetHT_E: 110000[0m
	[36m[ Log ]: Processed events of 2017, Data, JetHT_E: 120000[0m
	[36m[ Log ]: Processed events of 2017, Data, JetHT_E: 130000[0m
	[36m[ Log ]: Processed events of 2017, Data, JetHT_E: 140000[0m
	[36m[ Log ]: Processed events of 2017, Data, JetHT_E: 150000[0m
	[36m[ Log ]: Processed events of 2017, Data, JetHT_E: 160000[0m
	[36m[ Log ]: Processed events of 2017, Data, JetHT_E: 170000[0m
	[36m[ Log ]: Processed events of 2017, Data, JetHT_E: 180000[0m
	[36m[ Log ]: Processed events of 2017, Data, JetHT_E: 190000[0m
	[36m[ Log ]: Processed events of 2017, Data, JetHT_E: 200000[0m
	[36m[ Log ]: Processed events of 2017, Data, JetHT_E: 210000[0m
	[36m[ Log ]: Processed events of 2017, Data, JetHT_E: 220000[0m
	[36m[ Log ]: Processed events of 2017, Data, JetHT_E: 230000[0m
	[36m[ Log ]: Processed events of 2017, Data, JetHT_E: 240000[0m
	[36m[ Log ]: Processed events of 2017, Data, JetHT_E: 250000[0m
	[36m[ Log ]: Processed events of 2017, Data, JetHT_E: 260000[0m
	[36m[ Log ]: Processed events of 2017, Data, JetHT_E: 270000[0m
	[36m[ Log ]: Processed events of 2017, Data, JetHT_E: 280000[0m
	[36m[ Log ]: Processed events of 2017, Data, JetHT_E: 290000[0m
	[36m[ Log ]: Processed events of 2017, Data, JetHT_E: 300000[0m
	[36m[ Log ]: Processed events of 2017, Data, JetHT_E: 310000[0m
	[36m[ Log ]: Processed events of 2017, Data, JetHT_E: 320000[0m
	[36m[ Log ]: Processed events of 2017, Data, JetHT_E: 330000[0m
	[36m[ Log ]: Processed events of 2017, Data, JetHT_E: 340000[0m
	[36m[ Log ]: Processed events of 2017, Data, JetHT_E: 350000[0m
	[36m[ Log ]: Processed events of 2017, Data, JetHT_E: 360000[0m
	[36m[ Log ]: Processed events of 2017, Data, JetHT_E: 370000[0m
	[36m[ Log ]: Processed events of 2017, Data, JetHT_E: 380000[0m
	[36m[ Log ]: Processed events of 2017, Data, JetHT_E: 390000[0m
	[36m[ Log ]: Processed events of 2017, Data, JetHT_E: 400000[0m
	[36m[ Log ]: Processed events of 2017, Data, JetHT_E: 410000[0m
	[36m[ Log ]: Processed events of 2017, Data, JetHT_E: 420000[0m
	[36m[ Log ]: Processed events of 2017, Data, JetHT_E: 430000[0m
	[36m[ Log ]: Processed events of 2017, Data, JetHT_E: 440000[0m
	[36m[ Log ]: Processed events of 2017, Data, JetHT_E: 450000[0m
	[36m[ Log ]: Processed events of 2017, Data, JetHT_E: 460000[0m
	[36m[ Log ]: Processed events of 2017, Data, JetHT_E: 470000[0m
	[36m[ Log ]: Processed events of 2017, Data, JetHT_E: 480000[0m
	[36m[ Log ]: Processed events of 2017, Data, JetHT_E: 490000[0m
	[36m[ Log ]: Processed events of 2017, Data, JetHT_E: 500000[0m
	[36m[ Log ]: Processed events of 2017, Data, JetHT_E: 510000[0m
	[36m[ Log ]: Processed events of 2017, Data, JetHT_E: 520000[0m
	[36m[ Log ]: Processed events of 2017, Data, JetHT_E: 530000[0m
	[36m[ Log ]: Processed events of 2017, Data, JetHT_E: 540000[0m
	[36m[ Log ]: Processed events of 2017, Data, JetHT_E: 550000[0m
	[36m[ Log ]: Processed events of 2017, Data, JetHT_E: 560000[0m
	[36m[ Log ]: Processed events of 2017, Data, JetHT_E: 570000[0m
	[36m[ Log ]: Processed events of 2017, Data, JetHT_E: 580000[0m
	[36m[ Log ]: Processed events of 2017, Data, JetHT_E: 590000[0m
	[36m[ Log ]: Processed events of 2017, Data, JetHT_E: 600000[0m
	[36m[ Log ]: Processed events of 2017, Data, JetHT_E: 610000[0m
	[36m[ Log ]: Processed events of 2017, Data, JetHT_E: 620000[0m
	[36m[ Log ]: Processed events of 2017, Data, JetHT_E: 630000[0m
	[36m[ Log ]: Processed events of 2017, Data, JetHT_E: 640000[0m
	[36m[ Log ]: Processed events of 2017, Data, JetHT_E: 650000[0m
	[36m[ Log ]: Processed events of 2017, Data, JetHT_E: 660000[0m
	[36m[ Log ]: Processed events of 2017, Data, JetHT_E: 670000[0m
	[36m[ Log ]: Processed events of 2017, Data, JetHT_E: 680000[0m
	[36m[ Log ]: Processed events of 2017, Data, JetHT_E: 690000[0m
	[36m[ Log ]: Processed events of 2017, Data, JetHT_E: 700000[0m
	[36m[ Log ]: Processed events of 2017, Data, JetHT_E: 710000[0m
	[36m[ Log ]: Processed events of 2017, Data, JetHT_E: 720000[0m
	[36m[ Log ]: Processed events of 2017, Data, JetHT_E: 730000[0m
	[36m[ Log ]: Processed events of 2017, Data, JetHT_E: 740000[0m
	[36m[ Log ]: Processed events of 2017, Data, JetHT_E: 750000[0m
	[36m[ Log ]: Processed events of 2017, Data, JetHT_E: 760000[0m
	[36m[ Log ]: Processed events of 2017, Data, JetHT_E: 770000[0m
	[36m[ Log ]: Processed events of 2017, Data, JetHT_E: 780000[0m
	[36m[ Log ]: Processed events of 2017, Data, JetHT_E: 790000[0m
	[36m[ Log ]: Processed events of 2017, Data, JetHT_E: 800000[0m
	[36m[ Log ]: Processed events of 2017, Data, JetHT_E: 810000[0m
	[36m[ Log ]: Processed events of 2017, Data, JetHT_E: 820000[0m
	[36m[ Log ]: Processed events of 2017, Data, JetHT_E: 830000[0m
	[36m[ Log ]: Processed events of 2017, Data, JetHT_E: 840000[0m
	[36m[ Log ]: Processed events of 2017, Data, JetHT_E: 850000[0m
	[36m[ Log ]: Processed events of 2017, Data, JetHT_E: 860000[0m
	[36m[ Log ]: Processed events of 2017, Data, JetHT_E: 870000[0m
	[36m[ Log ]: Processed events of 2017, Data, JetHT_E: 880000[0m
	[36m[ Log ]: Processed events of 2017, Data, JetHT_E: 890000[0m
	[36m[ Log ]: Processed events of 2017, Data, JetHT_E: 900000[0m
	[36m[ Log ]: Processed events of 2017, Data, JetHT_E: 910000[0m
	[36m[ Log ]: Processed events of 2017, Data, JetHT_E: 920000[0m
	[36m[ Log ]: Processed events of 2017, Data, JetHT_E: 930000[0m
	[36m[ Log ]: Processed events of 2017, Data, JetHT_E: 940000[0m
	[36m[ Log ]: Processed events of 2017, Data, JetHT_E: 950000[0m
	[36m[ Log ]: Processed events of 2017, Data, JetHT_E: 960000[0m
	[36m[ Log ]: Processed events of 2017, Data, JetHT_E: 970000[0m
	[36m[ Log ]: Processed events of 2017, Data, JetHT_E: 980000[0m
	[36m[ Log ]: Processed events of 2017, Data, JetHT_E: 990000[0m
	[36m[ Log ]: Processed events of 2017, Data, JetHT_E: 1000000[0m
	[36m[ Log ]: Processed events of 2017, Data, JetHT_E: 1010000[0m
	[36m[ Log ]: Processed events of 2017, Data, JetHT_E: 1020000[0m
	[36m[ Log ]: Processed events of 2017, Data, JetHT_E: 1030000[0m
	[36m[ Log ]: Processed events of 2017, Data, JetHT_E: 1040000[0m
	[36m[ Log ]: Processed events of 2017, Data, JetHT_E: 1050000[0m
	[36m[ Log ]: Processed events of 2017, Data, JetHT_E: 1060000[0m
	[36m[ Log ]: Processed events of 2017, Data, JetHT_E: 1070000[0m
	[36m[ Log ]: Processed events of 2017, Data, JetHT_E: 1080000[0m
	[36m[ Log ]: Processed events of 2017, Data, JetHT_E: 1090000[0m
	[36m[ Log ]: Processed events of 2017, Data, JetHT_E: 1100000[0m
	[36m[ Log ]: Processed events of 2017, Data, JetHT_E: 1110000[0m
	[36m[ Log ]: Processed events of 2017, Data, JetHT_E: 1120000[0m
	[36m[ Log ]: Processed events of 2017, Data, JetHT_E: 1130000[0m
	[36m[ Log ]: Processed events of 2017, Data, JetHT_E: 1140000[0m
	[36m[ Log ]: Processed events of 2017, Data, JetHT_E: 1150000[0m
	[36m[ Log ]: Processed events of 2017, Data, JetHT_E: 1160000[0m
	[36m[ Log ]: Processed events of 2017, Data, JetHT_E: 1170000[0m
	[36m[ Log ]: Processed events of 2017, Data, JetHT_E: 1180000[0m
	[36m[ Log ]: Processed events of 2017, Data, JetHT_E: 1190000[0m
	[36m[ Log ]: Processed events of 2017, Data, JetHT_E: 1200000[0m
	[36m[ Log ]: Processed events of 2017, Data, JetHT_E: 1210000[0m
	[36m[ Log ]: Processed events of 2017, Data, JetHT_E: 1220000[0m
	[36m[ Log ]: Processed events of 2017, Data, JetHT_E: 1230000[0m
	[36m[ Log ]: Processed events of 2017, Data, JetHT_E: 1240000[0m
	[36m[ Log ]: Processed events of 2017, Data, JetHT_E: 1250000[0m
	[36m[ Log ]: Processed events of 2017, Data, JetHT_E: 1260000[0m
	[36m[ Log ]: Processed events of 2017, Data, JetHT_E: 1270000[0m
	[36m[ Log ]: Processed events of 2017, Data, JetHT_E: 1280000[0m
	[36m[ Log ]: Processed events of 2017, Data, JetHT_E: 1290000[0m
	[36m[ Log ]: Processed events of 2017, Data, JetHT_E: 1300000[0m
	[36m[ Log ]: Processed events of 2017, Data, JetHT_E: 1310000[0m
	[36m[ Log ]: Processed events of 2017, Data, JetHT_E: 1320000[0m
	[36m[ Log ]: Processed events of 2017, Data, JetHT_E: 1330000[0m
	[36m[ Log ]: Processed events of 2017, Data, JetHT_E: 1340000[0m
	[36m[ Log ]: Processed events of 2017, Data, JetHT_E: 1350000[0m
	[36m[ Log ]: Processed events of 2017, Data, JetHT_E: 1360000[0m
	[36m[ Log ]: Processed events of 2017, Data, JetHT_E: 1370000[0m
