

START---------------
WORKDIR  /u/user/jhlee/ttHH/CMSSW_14_2_1/src/tempTTHH
WORKDIR  /u/user/jhlee/ttHH/CMSSW_14_2_1/src/tempTTHH
TNM_PATH=/u/user/jhlee/ttHH/CMSSW_14_2_1/src/tempTTHH

--------- Check arugments ---------------------------------------

  - [ output file name ] --> /pnfs/knu.ac.kr/data/cms/store/user/junghyun/ttHH/AnalyzerOutput/JetHT_C/JetHT_C_27.root
  - [ runYear ] --> 2017
  - [ isData ] --> Data
  - [ sampleName ] --> JetHT_C
  - [ eraName ] --> C

--------- Check arugments ---------------------------------------


eventBuffer - All branches selected
 Output filename: /pnfs/knu.ac.kr/data/cms/store/user/junghyun/ttHH/AnalyzerOutput/JetHT_C/JetHT_C_27.root
[CorrectionsManager] json library path : /cvmfs/cms.cern.ch/rsync/cms-nanoAOD/jsonpog-integration
weight = 1

	[35m[ Warning ]: This analyzer commented out [ "WTF" log ] in the header, Please check if you want!!![0m

	[34m[ Log ]: --------------------------------------------------------------------------[0m
	[34m[ Log ]: Before start, Let's check the analysis information[0m
	[34m[ Log ]: Run Year    ----> [  2017  ][0m
	[34m[ Log ]: Data or MC  ----> [  Data  ][0m
	[34m[ Log ]: Sample Name ----> [  JetHT_C  ][0m
	[34m[ Log ]: --------------------------------------------------------------------------[0m

	[36m[ Log ]: Processed events of 2017, Data, JetHT_C: 0[0m
	[36m[ Log ]: Processed events of 2017, Data, JetHT_C: 10000[0m
	[36m[ Log ]: Processed events of 2017, Data, JetHT_C: 20000[0m
	[36m[ Log ]: Processed events of 2017, Data, JetHT_C: 30000[0m
	[36m[ Log ]: Processed events of 2017, Data, JetHT_C: 40000[0m
	[36m[ Log ]: Processed events of 2017, Data, JetHT_C: 50000[0m
	[36m[ Log ]: Processed events of 2017, Data, JetHT_C: 60000[0m
	[36m[ Log ]: Processed events of 2017, Data, JetHT_C: 70000[0m
	[36m[ Log ]: Processed events of 2017, Data, JetHT_C: 80000[0m
	[36m[ Log ]: Processed events of 2017, Data, JetHT_C: 90000[0m
	[36m[ Log ]: Processed events of 2017, Data, JetHT_C: 100000[0m
	[36m[ Log ]: Processed events of 2017, Data, JetHT_C: 110000[0m
	[36m[ Log ]: Processed events of 2017, Data, JetHT_C: 120000[0m
	[36m[ Log ]: Processed events of 2017, Data, JetHT_C: 130000[0m
	[36m[ Log ]: Processed events of 2017, Data, JetHT_C: 140000[0m
	[36m[ Log ]: Processed events of 2017, Data, JetHT_C: 150000[0m
	[36m[ Log ]: Processed events of 2017, Data, JetHT_C: 160000[0m
	[36m[ Log ]: Processed events of 2017, Data, JetHT_C: 170000[0m
	[36m[ Log ]: Processed events of 2017, Data, JetHT_C: 180000[0m
	[36m[ Log ]: Processed events of 2017, Data, JetHT_C: 190000[0m
	[36m[ Log ]: Processed events of 2017, Data, JetHT_C: 200000[0m
	[36m[ Log ]: Processed events of 2017, Data, JetHT_C: 210000[0m
	[36m[ Log ]: Processed events of 2017, Data, JetHT_C: 220000[0m
	[36m[ Log ]: Processed events of 2017, Data, JetHT_C: 230000[0m
	[36m[ Log ]: Processed events of 2017, Data, JetHT_C: 240000[0m
	[36m[ Log ]: Processed events of 2017, Data, JetHT_C: 250000[0m
	[36m[ Log ]: Processed events of 2017, Data, JetHT_C: 260000[0m
	[36m[ Log ]: Processed events of 2017, Data, JetHT_C: 270000[0m
	[36m[ Log ]: Processed events of 2017, Data, JetHT_C: 280000[0m
	[36m[ Log ]: Processed events of 2017, Data, JetHT_C: 290000[0m
	[36m[ Log ]: Processed events of 2017, Data, JetHT_C: 300000[0m
	[36m[ Log ]: Processed events of 2017, Data, JetHT_C: 310000[0m
	[36m[ Log ]: Processed events of 2017, Data, JetHT_C: 320000[0m
	[36m[ Log ]: Processed events of 2017, Data, JetHT_C: 330000[0m
	[36m[ Log ]: Processed events of 2017, Data, JetHT_C: 340000[0m
	[36m[ Log ]: Processed events of 2017, Data, JetHT_C: 350000[0m
	[36m[ Log ]: Processed events of 2017, Data, JetHT_C: 360000[0m
	[36m[ Log ]: Processed events of 2017, Data, JetHT_C: 370000[0m
	[36m[ Log ]: Processed events of 2017, Data, JetHT_C: 380000[0m
	[36m[ Log ]: Processed events of 2017, Data, JetHT_C: 390000[0m
	[36m[ Log ]: Processed events of 2017, Data, JetHT_C: 400000[0m
	[36m[ Log ]: Processed events of 2017, Data, JetHT_C: 410000[0m
	[36m[ Log ]: Processed events of 2017, Data, JetHT_C: 420000[0m
	[36m[ Log ]: Processed events of 2017, Data, JetHT_C: 430000[0m
	[36m[ Log ]: Processed events of 2017, Data, JetHT_C: 440000[0m
	[36m[ Log ]: Processed events of 2017, Data, JetHT_C: 450000[0m
	[36m[ Log ]: Processed events of 2017, Data, JetHT_C: 460000[0m
	[36m[ Log ]: Processed events of 2017, Data, JetHT_C: 470000[0m
	[36m[ Log ]: Processed events of 2017, Data, JetHT_C: 480000[0m
	[36m[ Log ]: Processed events of 2017, Data, JetHT_C: 490000[0m
	[36m[ Log ]: Processed events of 2017, Data, JetHT_C: 500000[0m
	[36m[ Log ]: Processed events of 2017, Data, JetHT_C: 510000[0m
	[36m[ Log ]: Processed events of 2017, Data, JetHT_C: 520000[0m
	[36m[ Log ]: Processed events of 2017, Data, JetHT_C: 530000[0m
	[36m[ Log ]: Processed events of 2017, Data, JetHT_C: 540000[0m
	[36m[ Log ]: Processed events of 2017, Data, JetHT_C: 550000[0m
	[36m[ Log ]: Processed events of 2017, Data, JetHT_C: 560000[0m
	[36m[ Log ]: Processed events of 2017, Data, JetHT_C: 570000[0m
	[36m[ Log ]: Processed events of 2017, Data, JetHT_C: 580000[0m
	[36m[ Log ]: Processed events of 2017, Data, JetHT_C: 590000[0m
	[36m[ Log ]: Processed events of 2017, Data, JetHT_C: 600000[0m
	[36m[ Log ]: Processed events of 2017, Data, JetHT_C: 610000[0m
	[36m[ Log ]: Processed events of 2017, Data, JetHT_C: 620000[0m
	[36m[ Log ]: Processed events of 2017, Data, JetHT_C: 630000[0m
	[36m[ Log ]: Processed events of 2017, Data, JetHT_C: 640000[0m
	[36m[ Log ]: Processed events of 2017, Data, JetHT_C: 650000[0m
	[36m[ Log ]: Processed events of 2017, Data, JetHT_C: 660000[0m
	[36m[ Log ]: Processed events of 2017, Data, JetHT_C: 670000[0m
	[36m[ Log ]: Processed events of 2017, Data, JetHT_C: 680000[0m
	[36m[ Log ]: Processed events of 2017, Data, JetHT_C: 690000[0m
	[36m[ Log ]: Processed events of 2017, Data, JetHT_C: 700000[0m
	[36m[ Log ]: Processed events of 2017, Data, JetHT_C: 710000[0m
	[36m[ Log ]: Processed events of 2017, Data, JetHT_C: 720000[0m
	[36m[ Log ]: Processed events of 2017, Data, JetHT_C: 730000[0m
	[36m[ Log ]: Processed events of 2017, Data, JetHT_C: 740000[0m
	[36m[ Log ]: Processed events of 2017, Data, JetHT_C: 750000[0m
	[36m[ Log ]: Processed events of 2017, Data, JetHT_C: 760000[0m
	[36m[ Log ]: Processed events of 2017, Data, JetHT_C: 770000[0m
	[36m[ Log ]: Processed events of 2017, Data, JetHT_C: 780000[0m
	[36m[ Log ]: Processed events of 2017, Data, JetHT_C: 790000[0m
	[36m[ Log ]: Processed events of 2017, Data, JetHT_C: 800000[0m
	[36m[ Log ]: Processed events of 2017, Data, JetHT_C: 810000[0m
	[36m[ Log ]: Processed events of 2017, Data, JetHT_C: 820000[0m
	[36m[ Log ]: Processed events of 2017, Data, JetHT_C: 830000[0m
	[36m[ Log ]: Processed events of 2017, Data, JetHT_C: 840000[0m
	[36m[ Log ]: Processed events of 2017, Data, JetHT_C: 850000[0m
	[36m[ Log ]: Processed events of 2017, Data, JetHT_C: 860000[0m
	[36m[ Log ]: Processed events of 2017, Data, JetHT_C: 870000[0m
	[36m[ Log ]: Processed events of 2017, Data, JetHT_C: 880000[0m
	[36m[ Log ]: Processed events of 2017, Data, JetHT_C: 890000[0m
	[36m[ Log ]: Processed events of 2017, Data, JetHT_C: 900000[0m
	[36m[ Log ]: Processed events of 2017, Data, JetHT_C: 910000[0m
	[36m[ Log ]: Processed events of 2017, Data, JetHT_C: 920000[0m
	[36m[ Log ]: Processed events of 2017, Data, JetHT_C: 930000[0m
	[36m[ Log ]: Processed events of 2017, Data, JetHT_C: 940000[0m
	[36m[ Log ]: Processed events of 2017, Data, JetHT_C: 950000[0m
	[36m[ Log ]: Processed events of 2017, Data, JetHT_C: 960000[0m
	[36m[ Log ]: Processed events of 2017, Data, JetHT_C: 970000[0m
	[36m[ Log ]: Processed events of 2017, Data, JetHT_C: 980000[0m
	[36m[ Log ]: Processed events of 2017, Data, JetHT_C: 990000[0m
	[36m[ Log ]: Processed events of 2017, Data, JetHT_C: 1000000[0m
	[36m[ Log ]: Processed events of 2017, Data, JetHT_C: 1010000[0m
	[36m[ Log ]: Processed events of 2017, Data, JetHT_C: 1020000[0m
	[36m[ Log ]: Processed events of 2017, Data, JetHT_C: 1030000[0m
	[36m[ Log ]: Processed events of 2017, Data, JetHT_C: 1040000[0m
	[36m[ Log ]: Processed events of 2017, Data, JetHT_C: 1050000[0m
	[36m[ Log ]: Processed events of 2017, Data, JetHT_C: 1060000[0m
	[36m[ Log ]: Processed events of 2017, Data, JetHT_C: 1070000[0m
	[36m[ Log ]: Processed events of 2017, Data, JetHT_C: 1080000[0m
	[36m[ Log ]: Processed events of 2017, Data, JetHT_C: 1090000[0m
	[36m[ Log ]: Processed events of 2017, Data, JetHT_C: 1100000[0m
	[36m[ Log ]: Processed events of 2017, Data, JetHT_C: 1110000[0m
	[36m[ Log ]: Processed events of 2017, Data, JetHT_C: 1120000[0m
	[36m[ Log ]: Processed events of 2017, Data, JetHT_C: 1130000[0m
	[36m[ Log ]: Processed events of 2017, Data, JetHT_C: 1140000[0m
	[36m[ Log ]: Processed events of 2017, Data, JetHT_C: 1150000[0m
	[36m[ Log ]: Processed events of 2017, Data, JetHT_C: 1160000[0m
	[36m[ Log ]: Processed events of 2017, Data, JetHT_C: 1170000[0m
	[36m[ Log ]: Processed events of 2017, Data, JetHT_C: 1180000[0m
	[36m[ Log ]: Processed events of 2017, Data, JetHT_C: 1190000[0m
	[36m[ Log ]: Processed events of 2017, Data, JetHT_C: 1200000[0m
	[36m[ Log ]: Processed events of 2017, Data, JetHT_C: 1210000[0m
	[36m[ Log ]: Processed events of 2017, Data, JetHT_C: 1220000[0m
	[36m[ Log ]: Processed events of 2017, Data, JetHT_C: 1230000[0m
	[36m[ Log ]: Processed events of 2017, Data, JetHT_C: 1240000[0m
	[36m[ Log ]: Processed events of 2017, Data, JetHT_C: 1250000[0m
	[36m[ Log ]: Processed events of 2017, Data, JetHT_C: 1260000[0m
	[36m[ Log ]: Processed events of 2017, Data, JetHT_C: 1270000[0m
	[36m[ Log ]: Processed events of 2017, Data, JetHT_C: 1280000[0m
	[36m[ Log ]: Processed events of 2017, Data, JetHT_C: 1290000[0m
	[36m[ Log ]: Processed events of 2017, Data, JetHT_C: 1300000[0m
	[36m[ Log ]: Processed events of 2017, Data, JetHT_C: 1310000[0m
	[36m[ Log ]: Processed events of 2017, Data, JetHT_C: 1320000[0m
	[36m[ Log ]: Processed events of 2017, Data, JetHT_C: 1330000[0m
	[36m[ Log ]: Processed events of 2017, Data, JetHT_C: 1340000[0m
	[36m[ Log ]: Processed events of 2017, Data, JetHT_C: 1350000[0m
	[36m[ Log ]: Processed events of 2017, Data, JetHT_C: 1360000[0m
	[36m[ Log ]: Processed events of 2017, Data, JetHT_C: 1370000[0m
	[36m[ Log ]: Processed events of 2017, Data, JetHT_C: 1380000[0m
	[36m[ Log ]: Processed events of 2017, Data, JetHT_C: 1390000[0m
	[36m[ Log ]: Processed events of 2017, Data, JetHT_C: 1400000[0m
	[36m[ Log ]: Processed events of 2017, Data, JetHT_C: 1410000[0m
	[36m[ Log ]: Processed events of 2017, Data, JetHT_C: 1420000[0m
	[36m[ Log ]: Processed events of 2017, Data, JetHT_C: 1430000[0m
	[36m[ Log ]: Processed events of 2017, Data, JetHT_C: 1440000[0m
	[36m[ Log ]: Processed events of 2017, Data, JetHT_C: 1450000[0m
	[36m[ Log ]: Processed events of 2017, Data, JetHT_C: 1460000[0m
	[36m[ Log ]: Processed events of 2017, Data, JetHT_C: 1470000[0m
	[36m[ Log ]: Processed events of 2017, Data, JetHT_C: 1480000[0m
	[36m[ Log ]: Processed events of 2017, Data, JetHT_C: 1490000[0m
	[36m[ Log ]: Processed events of 2017, Data, JetHT_C: 1500000[0m
	[36m[ Log ]: Processed events of 2017, Data, JetHT_C: 1510000[0m
