000 (12494145.000.000) 06/09 06:33:31 Job submitted from host: <188.185.114.121:9618?addrs=188.185.114.121-9618+[2001-1458-d00-a--100-273]-9618&alias=bigbird19.cern.ch&noUDP&sock=schedd_2045_4743>
...
040 (12494145.000.000) 06/09 06:35:30 Started transferring input files
	Transferring to host: <188.185.211.202:9618?addrs=188.185.211.202-9618+[2001-1458-303-17--100-46]-9618&alias=b9p24p7937.cern.ch&noUDP&sock=slot1_30_7602_0bee_7942>
...
040 (12494145.000.000) 06/09 06:35:30 Finished transferring input files
...
001 (12494145.000.000) 06/09 06:35:31 Job executing on host: <188.185.211.202:9618?addrs=188.185.211.202-9618+[2001-1458-303-17--100-46]-9618&alias=b9p24p7937.cern.ch&noUDP&sock=startd_6472_d508>
	SlotName: slot1_30@b9p24p7937.cern.ch
	CondorScratchDir = "/pool/condor/dir_4026690"
	Cpus = 4
	Disk = 3821
	GPUs = 0
	Memory = 12000
...
006 (12494145.000.000) 06/09 06:35:40 Image size of job updated: 409700
	401  -  MemoryUsage of job (MB)
	409700  -  ResidentSetSize of job (KB)
...
006 (12494145.000.000) 06/09 06:40:41 Image size of job updated: 7035268
	6871  -  MemoryUsage of job (MB)
	7035268  -  ResidentSetSize of job (KB)
...
006 (12494145.000.000) 06/09 06:45:41 Image size of job updated: 14200684
	13868  -  MemoryUsage of job (MB)
	14200684  -  ResidentSetSize of job (KB)
...
006 (12494145.000.000) 06/09 06:50:41 Image size of job updated: 21561184
	21056  -  MemoryUsage of job (MB)
	21561184  -  ResidentSetSize of job (KB)
...
040 (12494145.000.000) 06/09 07:11:42 Started transferring output files
...
040 (12494145.000.000) 06/09 07:11:42 Finished transferring output files
...
005 (12494145.000.000) 06/09 07:11:42 Job terminated.
	(1) Normal termination (return value 0)
		Usr 0 00:09:04, Sys 0 00:03:07  -  Run Remote Usage
		Usr 0 00:00:00, Sys 0 00:00:00  -  Run Local Usage
		Usr 0 00:09:04, Sys 0 00:03:07  -  Total Remote Usage
		Usr 0 00:00:00, Sys 0 00:00:00  -  Total Local Usage
	78392  -  Run Bytes Sent By Job
	10852  -  Run Bytes Received By Job
	78392  -  Total Bytes Sent By Job
	10852  -  Total Bytes Received By Job
	Partitionable Resources :    Usage  Request Allocated 
	   Cpus                 :     0.33        4         4 
	   Disk (KB)            :   154           1      3821 
	   GPUs                 :                           0 
	   Memory (MB)          : 21056       12000     12000 

	Job terminated of its own accord at 2025-06-09T05:11:42Z with exit-code 0.
...
