000 (1209280.000.000) 2025-12-22 16:30:50 Job submitted from host: <155.230.23.71:9618?addrs=155.230.23.71-9618+[2407-c000-c024-0-20c-29ff-fe9d-363c]-9618&alias=cms01.knu.ac.kr&noUDP&sock=schedd_1467_d186>
...
000 (1209280.001.000) 2025-12-22 16:30:50 Job submitted from host: <155.230.23.71:9618?addrs=155.230.23.71-9618+[2407-c000-c024-0-20c-29ff-fe9d-363c]-9618&alias=cms01.knu.ac.kr&noUDP&sock=schedd_1467_d186>
...
000 (1209280.002.000) 2025-12-22 16:30:50 Job submitted from host: <155.230.23.71:9618?addrs=155.230.23.71-9618+[2407-c000-c024-0-20c-29ff-fe9d-363c]-9618&alias=cms01.knu.ac.kr&noUDP&sock=schedd_1467_d186>
...
000 (1209280.003.000) 2025-12-22 16:30:50 Job submitted from host: <155.230.23.71:9618?addrs=155.230.23.71-9618+[2407-c000-c024-0-20c-29ff-fe9d-363c]-9618&alias=cms01.knu.ac.kr&noUDP&sock=schedd_1467_d186>
...
000 (1209280.004.000) 2025-12-22 16:30:50 Job submitted from host: <155.230.23.71:9618?addrs=155.230.23.71-9618+[2407-c000-c024-0-20c-29ff-fe9d-363c]-9618&alias=cms01.knu.ac.kr&noUDP&sock=schedd_1467_d186>
...
000 (1209280.005.000) 2025-12-22 16:30:50 Job submitted from host: <155.230.23.71:9618?addrs=155.230.23.71-9618+[2407-c000-c024-0-20c-29ff-fe9d-363c]-9618&alias=cms01.knu.ac.kr&noUDP&sock=schedd_1467_d186>
...
000 (1209280.006.000) 2025-12-22 16:30:50 Job submitted from host: <155.230.23.71:9618?addrs=155.230.23.71-9618+[2407-c000-c024-0-20c-29ff-fe9d-363c]-9618&alias=cms01.knu.ac.kr&noUDP&sock=schedd_1467_d186>
...
000 (1209280.007.000) 2025-12-22 16:30:50 Job submitted from host: <155.230.23.71:9618?addrs=155.230.23.71-9618+[2407-c000-c024-0-20c-29ff-fe9d-363c]-9618&alias=cms01.knu.ac.kr&noUDP&sock=schedd_1467_d186>
...
000 (1209280.008.000) 2025-12-22 16:30:50 Job submitted from host: <155.230.23.71:9618?addrs=155.230.23.71-9618+[2407-c000-c024-0-20c-29ff-fe9d-363c]-9618&alias=cms01.knu.ac.kr&noUDP&sock=schedd_1467_d186>
...
000 (1209280.009.000) 2025-12-22 16:30:50 Job submitted from host: <155.230.23.71:9618?addrs=155.230.23.71-9618+[2407-c000-c024-0-20c-29ff-fe9d-363c]-9618&alias=cms01.knu.ac.kr&noUDP&sock=schedd_1467_d186>
...
000 (1209280.010.000) 2025-12-22 16:30:50 Job submitted from host: <155.230.23.71:9618?addrs=155.230.23.71-9618+[2407-c000-c024-0-20c-29ff-fe9d-363c]-9618&alias=cms01.knu.ac.kr&noUDP&sock=schedd_1467_d186>
...
000 (1209280.011.000) 2025-12-22 16:30:50 Job submitted from host: <155.230.23.71:9618?addrs=155.230.23.71-9618+[2407-c000-c024-0-20c-29ff-fe9d-363c]-9618&alias=cms01.knu.ac.kr&noUDP&sock=schedd_1467_d186>
...
000 (1209280.012.000) 2025-12-22 16:30:50 Job submitted from host: <155.230.23.71:9618?addrs=155.230.23.71-9618+[2407-c000-c024-0-20c-29ff-fe9d-363c]-9618&alias=cms01.knu.ac.kr&noUDP&sock=schedd_1467_d186>
...
000 (1209280.013.000) 2025-12-22 16:30:50 Job submitted from host: <155.230.23.71:9618?addrs=155.230.23.71-9618+[2407-c000-c024-0-20c-29ff-fe9d-363c]-9618&alias=cms01.knu.ac.kr&noUDP&sock=schedd_1467_d186>
...
000 (1209280.014.000) 2025-12-22 16:30:50 Job submitted from host: <155.230.23.71:9618?addrs=155.230.23.71-9618+[2407-c000-c024-0-20c-29ff-fe9d-363c]-9618&alias=cms01.knu.ac.kr&noUDP&sock=schedd_1467_d186>
...
000 (1209280.015.000) 2025-12-22 16:30:50 Job submitted from host: <155.230.23.71:9618?addrs=155.230.23.71-9618+[2407-c000-c024-0-20c-29ff-fe9d-363c]-9618&alias=cms01.knu.ac.kr&noUDP&sock=schedd_1467_d186>
...
000 (1209280.016.000) 2025-12-22 16:30:50 Job submitted from host: <155.230.23.71:9618?addrs=155.230.23.71-9618+[2407-c000-c024-0-20c-29ff-fe9d-363c]-9618&alias=cms01.knu.ac.kr&noUDP&sock=schedd_1467_d186>
...
000 (1209280.017.000) 2025-12-22 16:30:50 Job submitted from host: <155.230.23.71:9618?addrs=155.230.23.71-9618+[2407-c000-c024-0-20c-29ff-fe9d-363c]-9618&alias=cms01.knu.ac.kr&noUDP&sock=schedd_1467_d186>
...
000 (1209280.018.000) 2025-12-22 16:30:50 Job submitted from host: <155.230.23.71:9618?addrs=155.230.23.71-9618+[2407-c000-c024-0-20c-29ff-fe9d-363c]-9618&alias=cms01.knu.ac.kr&noUDP&sock=schedd_1467_d186>
...
000 (1209280.019.000) 2025-12-22 16:30:50 Job submitted from host: <155.230.23.71:9618?addrs=155.230.23.71-9618+[2407-c000-c024-0-20c-29ff-fe9d-363c]-9618&alias=cms01.knu.ac.kr&noUDP&sock=schedd_1467_d186>
...
000 (1209280.020.000) 2025-12-22 16:30:50 Job submitted from host: <155.230.23.71:9618?addrs=155.230.23.71-9618+[2407-c000-c024-0-20c-29ff-fe9d-363c]-9618&alias=cms01.knu.ac.kr&noUDP&sock=schedd_1467_d186>
...
000 (1209280.021.000) 2025-12-22 16:30:50 Job submitted from host: <155.230.23.71:9618?addrs=155.230.23.71-9618+[2407-c000-c024-0-20c-29ff-fe9d-363c]-9618&alias=cms01.knu.ac.kr&noUDP&sock=schedd_1467_d186>
...
000 (1209280.022.000) 2025-12-22 16:30:50 Job submitted from host: <155.230.23.71:9618?addrs=155.230.23.71-9618+[2407-c000-c024-0-20c-29ff-fe9d-363c]-9618&alias=cms01.knu.ac.kr&noUDP&sock=schedd_1467_d186>
...
000 (1209280.023.000) 2025-12-22 16:30:50 Job submitted from host: <155.230.23.71:9618?addrs=155.230.23.71-9618+[2407-c000-c024-0-20c-29ff-fe9d-363c]-9618&alias=cms01.knu.ac.kr&noUDP&sock=schedd_1467_d186>
...
000 (1209280.024.000) 2025-12-22 16:30:50 Job submitted from host: <155.230.23.71:9618?addrs=155.230.23.71-9618+[2407-c000-c024-0-20c-29ff-fe9d-363c]-9618&alias=cms01.knu.ac.kr&noUDP&sock=schedd_1467_d186>
...
000 (1209280.025.000) 2025-12-22 16:30:50 Job submitted from host: <155.230.23.71:9618?addrs=155.230.23.71-9618+[2407-c000-c024-0-20c-29ff-fe9d-363c]-9618&alias=cms01.knu.ac.kr&noUDP&sock=schedd_1467_d186>
...
000 (1209280.026.000) 2025-12-22 16:30:50 Job submitted from host: <155.230.23.71:9618?addrs=155.230.23.71-9618+[2407-c000-c024-0-20c-29ff-fe9d-363c]-9618&alias=cms01.knu.ac.kr&noUDP&sock=schedd_1467_d186>
...
000 (1209280.027.000) 2025-12-22 16:30:50 Job submitted from host: <155.230.23.71:9618?addrs=155.230.23.71-9618+[2407-c000-c024-0-20c-29ff-fe9d-363c]-9618&alias=cms01.knu.ac.kr&noUDP&sock=schedd_1467_d186>
...
000 (1209280.028.000) 2025-12-22 16:30:50 Job submitted from host: <155.230.23.71:9618?addrs=155.230.23.71-9618+[2407-c000-c024-0-20c-29ff-fe9d-363c]-9618&alias=cms01.knu.ac.kr&noUDP&sock=schedd_1467_d186>
...
000 (1209280.029.000) 2025-12-22 16:30:50 Job submitted from host: <155.230.23.71:9618?addrs=155.230.23.71-9618+[2407-c000-c024-0-20c-29ff-fe9d-363c]-9618&alias=cms01.knu.ac.kr&noUDP&sock=schedd_1467_d186>
...
000 (1209280.030.000) 2025-12-22 16:30:50 Job submitted from host: <155.230.23.71:9618?addrs=155.230.23.71-9618+[2407-c000-c024-0-20c-29ff-fe9d-363c]-9618&alias=cms01.knu.ac.kr&noUDP&sock=schedd_1467_d186>
...
000 (1209280.031.000) 2025-12-22 16:30:50 Job submitted from host: <155.230.23.71:9618?addrs=155.230.23.71-9618+[2407-c000-c024-0-20c-29ff-fe9d-363c]-9618&alias=cms01.knu.ac.kr&noUDP&sock=schedd_1467_d186>
...
000 (1209280.032.000) 2025-12-22 16:30:50 Job submitted from host: <155.230.23.71:9618?addrs=155.230.23.71-9618+[2407-c000-c024-0-20c-29ff-fe9d-363c]-9618&alias=cms01.knu.ac.kr&noUDP&sock=schedd_1467_d186>
...
001 (1209280.000.000) 2025-12-22 17:30:23 Job executing on host: <155.230.21.151:9618?addrs=155.230.21.151-9618+[2407-c000-c025--21-151]-9618&alias=cluster351.knu.ac.kr&noUDP&sock=startd_3486_af3c>
	SlotName: slot1_39@cluster351.knu.ac.kr
	CondorScratchDir = "/home/condor/dir_4093195"
	Cpus = 1
	Disk = 8391
	GPUs = 0
	Memory = 10300
...
001 (1209280.001.000) 2025-12-22 17:30:23 Job executing on host: <155.230.21.155:9618?addrs=155.230.21.155-9618+[2407-c000-c025--21-155]-9618&alias=cluster355.knu.ac.kr&noUDP&sock=startd_8970_409c>
	SlotName: slot1_18@cluster355.knu.ac.kr
	CondorScratchDir = "/home/condor/dir_2034439"
	Cpus = 1
	Disk = 4673
	GPUs = 0
	Memory = 10300
...
001 (1209280.004.000) 2025-12-22 17:30:24 Job executing on host: <155.230.21.135:9618?addrs=155.230.21.135-9618+[2407-c000-c025--21-135]-9618&alias=cluster335.knu.ac.kr&noUDP&sock=startd_2528_9382>
	SlotName: slot1_6@cluster335.knu.ac.kr
	CondorScratchDir = "/home/condor/dir_1286187"
	Cpus = 1
	Disk = 2830
	GPUs = 0
	Memory = 10300
...
001 (1209280.008.000) 2025-12-22 17:30:25 Job executing on host: <155.230.21.153:9618?addrs=155.230.21.153-9618+[2407-c000-c024-0-12ff-e0ff-fe03-bebe]-9618&alias=cluster353.knu.ac.kr&noUDP&sock=startd_3951_a2c6>
	SlotName: slot1_5@cluster353.knu.ac.kr
	CondorScratchDir = "/home/condor/dir_4014314"
	Cpus = 1
	Disk = 2770
	GPUs = 0
	Memory = 10300
...
001 (1209280.003.000) 2025-12-22 17:30:25 Job executing on host: <155.230.21.118:9618?addrs=155.230.21.118-9618+[2407-c000-c025--21-118]-9618&alias=cluster318.knu.ac.kr&noUDP&sock=startd_1494_5694>
	SlotName: slot1_6@cluster318.knu.ac.kr
	CondorScratchDir = "/home/condor/dir_3745180"
	Cpus = 1
	Disk = 2826
	GPUs = 0
	Memory = 10300
...
001 (1209280.005.000) 2025-12-22 17:30:25 Job executing on host: <155.230.21.145:9618?addrs=155.230.21.145-9618+[2407-c000-c025--21-145]-9618&alias=cluster345.knu.ac.kr&noUDP&sock=startd_2507_2c05>
	SlotName: slot1_5@cluster345.knu.ac.kr
	CondorScratchDir = "/home/condor/dir_3093203"
	Cpus = 1
	Disk = 2842
	GPUs = 0
	Memory = 10300
...
001 (1209280.002.000) 2025-12-22 17:30:28 Job executing on host: <155.230.20.26:9618?addrs=155.230.20.26-9618+[2407-c000-c025--20-26]-9618&alias=dm01.knu.ac.kr&noUDP&sock=startd_6650_ece3>
	SlotName: slot1_3@dm01.knu.ac.kr
	AvailableGPUs = {  }
	CondorScratchDir = "/home/condor/dir_1228086"
	Cpus = 1
	Disk = 2857
	GPUs = 0
	Memory = 10300
...
001 (1209280.006.000) 2025-12-22 17:30:29 Job executing on host: <155.230.21.133:9618?addrs=155.230.21.133-9618+[2407-c000-c025--21-133]-9618&alias=cluster333.knu.ac.kr&noUDP&sock=startd_2525_84b9>
	SlotName: slot1_12@cluster333.knu.ac.kr
	CondorScratchDir = "/home/condor/dir_1958364"
	Cpus = 1
	Disk = 2840
	GPUs = 0
	Memory = 10300
...
001 (1209280.007.000) 2025-12-22 17:30:29 Job executing on host: <155.230.21.151:9618?addrs=155.230.21.151-9618+[2407-c000-c025--21-151]-9618&alias=cluster351.knu.ac.kr&noUDP&sock=startd_3486_af3c>
	SlotName: slot1_35@cluster351.knu.ac.kr
	CondorScratchDir = "/home/condor/dir_4093511"
	Cpus = 1
	Disk = 8391
	GPUs = 0
	Memory = 10300
...
006 (1209280.001.000) 2025-12-22 17:30:29 Image size of job updated: 152896
	0  -  MemoryUsage of job (MB)
	0  -  ResidentSetSize of job (KB)
...
005 (1209280.001.000) 2025-12-22 17:30:29 Job terminated.
	(1) Normal termination (return value 0)
		Usr 0 00:00:04, Sys 0 00:00:00  -  Run Remote Usage
		Usr 0 00:00:00, Sys 0 00:00:00  -  Run Local Usage
		Usr 0 00:00:04, Sys 0 00:00:00  -  Total Remote Usage
		Usr 0 00:00:00, Sys 0 00:00:00  -  Total Local Usage
	0  -  Run Bytes Sent By Job
	0  -  Run Bytes Received By Job
	0  -  Total Bytes Sent By Job
	0  -  Total Bytes Received By Job
	Partitionable Resources :    Usage  Request Allocated 
	   Cpus                 :        0        1         1 
	   Disk (KB)            :        1        1      4673 
	   GPUs                 :                           0 
	   Memory (MB)          :        0    10240     10300 
	   TimeExecute (s)      :        6                    
	   TimeSlotBusy (s)     :        7                    

	Job terminated of its own accord at 2025-12-22T08:30:29Z with exit-code 0.
...
001 (1209280.010.000) 2025-12-22 17:30:31 Job executing on host: <155.230.21.147:9618?addrs=155.230.21.147-9618+[2407-c000-c025--21-147]-9618&alias=cluster347.knu.ac.kr&noUDP&sock=startd_2481_568e>
	SlotName: slot1_2@cluster347.knu.ac.kr
	AvailableGPUs = {  }
	CondorScratchDir = "/home/condor/dir_2213931"
	Cpus = 1
	Disk = 2816
	GPUs = 0
	Memory = 10300
...
001 (1209280.013.000) 2025-12-22 17:30:31 Job executing on host: <155.230.21.155:9618?addrs=155.230.21.155-9618+[2407-c000-c025--21-155]-9618&alias=cluster355.knu.ac.kr&noUDP&sock=startd_8970_409c>
	SlotName: slot1_1@cluster355.knu.ac.kr
	CondorScratchDir = "/home/condor/dir_2034977"
	Cpus = 1
	Disk = 4673
	GPUs = 0
	Memory = 10300
...
001 (1209280.012.000) 2025-12-22 17:30:31 Job executing on host: <155.230.21.137:9618?addrs=155.230.21.137-9618+[2407-c000-c025--21-137]-9618&alias=cluster337.knu.ac.kr&noUDP&sock=startd_3737_d982>
	SlotName: slot1_7@cluster337.knu.ac.kr
	CondorScratchDir = "/home/condor/dir_147680"
	Cpus = 1
	Disk = 4693
	GPUs = 0
	Memory = 10300
...
001 (1209280.011.000) 2025-12-22 17:30:31 Job executing on host: <155.230.21.121:9618?addrs=155.230.21.121-9618+[2407-c000-c025--21-121]-9618&alias=cluster321.knu.ac.kr&noUDP&sock=startd_1650_575b>
	SlotName: slot1_5@cluster321.knu.ac.kr
	CondorScratchDir = "/home/condor/dir_2438115"
	Cpus = 1
	Disk = 2772
	GPUs = 0
	Memory = 10300
...
001 (1209280.009.000) 2025-12-22 17:30:31 Job executing on host: <155.230.21.84:9618?addrs=155.230.21.84-9618+[2407-c000-c025--21-84]-9618&alias=cluster284.knu.ac.kr&noUDP&sock=startd_1241_cd1e>
	SlotName: slot1_4@cluster284.knu.ac.kr
	CondorScratchDir = "/home/condor/dir_399164"
	Cpus = 1
	Disk = 2815
	GPUs = 0
	Memory = 10300
...
001 (1209280.014.000) 2025-12-22 17:30:31 Job executing on host: <155.230.21.153:9618?addrs=155.230.21.153-9618+[2407-c000-c024-0-12ff-e0ff-fe03-bebe]-9618&alias=cluster353.knu.ac.kr&noUDP&sock=startd_3951_a2c6>
	SlotName: slot1_11@cluster353.knu.ac.kr
	CondorScratchDir = "/home/condor/dir_4014486"
	Cpus = 1
	Disk = 2770
	GPUs = 0
	Memory = 10300
...
006 (1209280.000.000) 2025-12-22 17:30:32 Image size of job updated: 121660
	0  -  MemoryUsage of job (MB)
	0  -  ResidentSetSize of job (KB)
...
005 (1209280.000.000) 2025-12-22 17:30:32 Job terminated.
	(1) Normal termination (return value 0)
		Usr 0 00:00:06, Sys 0 00:00:00  -  Run Remote Usage
		Usr 0 00:00:00, Sys 0 00:00:00  -  Run Local Usage
		Usr 0 00:00:06, Sys 0 00:00:00  -  Total Remote Usage
		Usr 0 00:00:00, Sys 0 00:00:00  -  Total Local Usage
	0  -  Run Bytes Sent By Job
	0  -  Run Bytes Received By Job
	0  -  Total Bytes Sent By Job
	0  -  Total Bytes Received By Job
	Partitionable Resources :    Usage  Request Allocated 
	   Cpus                 :        0        1         1 
	   Disk (KB)            :        1        1      8391 
	   GPUs                 :                           0 
	   Memory (MB)          :        0    10240     10300 
	   TimeExecute (s)      :       10                    
	   TimeSlotBusy (s)     :       10                    

	Job terminated of its own accord at 2025-12-22T08:30:32Z with exit-code 0.
...
001 (1209280.016.000) 2025-12-22 17:30:32 Job executing on host: <155.230.21.151:9618?addrs=155.230.21.151-9618+[2407-c000-c025--21-151]-9618&alias=cluster351.knu.ac.kr&noUDP&sock=startd_3486_af3c>
	SlotName: slot1_14@cluster351.knu.ac.kr
	CondorScratchDir = "/home/condor/dir_4093702"
	Cpus = 1
	Disk = 8391
	GPUs = 0
	Memory = 10300
...
001 (1209280.017.000) 2025-12-22 17:30:32 Job executing on host: <155.230.21.151:9618?addrs=155.230.21.151-9618+[2407-c000-c025--21-151]-9618&alias=cluster351.knu.ac.kr&noUDP&sock=startd_3486_af3c>
	SlotName: slot1_20@cluster351.knu.ac.kr
	CondorScratchDir = "/home/condor/dir_4093703"
	Cpus = 1
	Disk = 8391
	GPUs = 0
	Memory = 10300
...
001 (1209280.015.000) 2025-12-22 17:30:32 Job executing on host: <155.230.21.151:9618?addrs=155.230.21.151-9618+[2407-c000-c025--21-151]-9618&alias=cluster351.knu.ac.kr&noUDP&sock=startd_3486_af3c>
	SlotName: slot1_3@cluster351.knu.ac.kr
	CondorScratchDir = "/home/condor/dir_4093699"
	Cpus = 1
	Disk = 8391
	GPUs = 0
	Memory = 10300
...
006 (1209280.004.000) 2025-12-22 17:30:33 Image size of job updated: 154496
	151  -  MemoryUsage of job (MB)
	154496  -  ResidentSetSize of job (KB)
...
001 (1209280.018.000) 2025-12-22 17:30:33 Job executing on host: <155.230.21.151:9618?addrs=155.230.21.151-9618+[2407-c000-c025--21-151]-9618&alias=cluster351.knu.ac.kr&noUDP&sock=startd_3486_af3c>
	SlotName: slot1_22@cluster351.knu.ac.kr
	CondorScratchDir = "/home/condor/dir_4093935"
	Cpus = 1
	Disk = 8391
	GPUs = 0
	Memory = 10300
...
001 (1209280.019.000) 2025-12-22 17:30:33 Job executing on host: <155.230.21.151:9618?addrs=155.230.21.151-9618+[2407-c000-c025--21-151]-9618&alias=cluster351.knu.ac.kr&noUDP&sock=startd_3486_af3c>
	SlotName: slot1_27@cluster351.knu.ac.kr
	CondorScratchDir = "/home/condor/dir_4093948"
	Cpus = 1
	Disk = 8391
	GPUs = 0
	Memory = 10300
...
006 (1209280.008.000) 2025-12-22 17:30:34 Image size of job updated: 211512
	207  -  MemoryUsage of job (MB)
	211512  -  ResidentSetSize of job (KB)
...
006 (1209280.003.000) 2025-12-22 17:30:34 Image size of job updated: 117920
	116  -  MemoryUsage of job (MB)
	117920  -  ResidentSetSize of job (KB)
...
006 (1209280.005.000) 2025-12-22 17:30:34 Image size of job updated: 132976
	130  -  MemoryUsage of job (MB)
	132976  -  ResidentSetSize of job (KB)
...
006 (1209280.014.000) 2025-12-22 17:30:35 Image size of job updated: 84
	0  -  MemoryUsage of job (MB)
	0  -  ResidentSetSize of job (KB)
...
005 (1209280.014.000) 2025-12-22 17:30:35 Job terminated.
	(1) Normal termination (return value 0)
		Usr 0 00:00:03, Sys 0 00:00:00  -  Run Remote Usage
		Usr 0 00:00:00, Sys 0 00:00:00  -  Run Local Usage
		Usr 0 00:00:03, Sys 0 00:00:00  -  Total Remote Usage
		Usr 0 00:00:00, Sys 0 00:00:00  -  Total Local Usage
	0  -  Run Bytes Sent By Job
	0  -  Run Bytes Received By Job
	0  -  Total Bytes Sent By Job
	0  -  Total Bytes Received By Job
	Partitionable Resources :    Usage  Request Allocated 
	   Cpus                 :        0        1         1 
	   Disk (KB)            :        1        1      2770 
	   GPUs                 :                           0 
	   Memory (MB)          :        0    10240     10300 
	   TimeExecute (s)      :        4                    
	   TimeSlotBusy (s)     :        4                    

	Job terminated of its own accord at 2025-12-22T08:30:35Z with exit-code 0.
...
006 (1209280.006.000) 2025-12-22 17:30:37 Image size of job updated: 152932
	150  -  MemoryUsage of job (MB)
	152932  -  ResidentSetSize of job (KB)
...
006 (1209280.008.000) 2025-12-22 17:30:37 Image size of job updated: 234812
	207  -  MemoryUsage of job (MB)
	211512  -  ResidentSetSize of job (KB)
...
005 (1209280.008.000) 2025-12-22 17:30:37 Job terminated.
	(1) Normal termination (return value 0)
		Usr 0 00:00:09, Sys 0 00:00:00  -  Run Remote Usage
		Usr 0 00:00:00, Sys 0 00:00:00  -  Run Local Usage
		Usr 0 00:00:09, Sys 0 00:00:00  -  Total Remote Usage
		Usr 0 00:00:00, Sys 0 00:00:00  -  Total Local Usage
	0  -  Run Bytes Sent By Job
	0  -  Run Bytes Received By Job
	0  -  Total Bytes Sent By Job
	0  -  Total Bytes Received By Job
	Partitionable Resources :    Usage  Request Allocated 
	   Cpus                 :        0        1         1 
	   Disk (KB)            :        1        1      2770 
	   GPUs                 :                           0 
	   Memory (MB)          :      207    10240     10300 
	   TimeExecute (s)      :       12                    
	   TimeSlotBusy (s)     :       12                    

	Job terminated of its own accord at 2025-12-22T08:30:37Z with exit-code 0.
...
006 (1209280.002.000) 2025-12-22 17:30:37 Image size of job updated: 129596
	127  -  MemoryUsage of job (MB)
	129596  -  ResidentSetSize of job (KB)
...
006 (1209280.010.000) 2025-12-22 17:30:37 Image size of job updated: 124968
	0  -  MemoryUsage of job (MB)
	0  -  ResidentSetSize of job (KB)
...
005 (1209280.010.000) 2025-12-22 17:30:37 Job terminated.
	(1) Normal termination (return value 0)
		Usr 0 00:00:05, Sys 0 00:00:00  -  Run Remote Usage
		Usr 0 00:00:00, Sys 0 00:00:00  -  Run Local Usage
		Usr 0 00:00:05, Sys 0 00:00:00  -  Total Remote Usage
		Usr 0 00:00:00, Sys 0 00:00:00  -  Total Local Usage
	0  -  Run Bytes Sent By Job
	0  -  Run Bytes Received By Job
	0  -  Total Bytes Sent By Job
	0  -  Total Bytes Received By Job
	Partitionable Resources :    Usage  Request Allocated 
	   Cpus                 :        0        1         1 
	   Disk (KB)            :        1        1      2816 
	   GPUs                 :                           0 
	   Memory (MB)          :        0    10240     10300 
	   TimeExecute (s)      :        6                    
	   TimeSlotBusy (s)     :        7                    

	Job terminated of its own accord at 2025-12-22T08:30:37Z with exit-code 0.
...
006 (1209280.007.000) 2025-12-22 17:30:38 Image size of job updated: 152884
	150  -  MemoryUsage of job (MB)
	152884  -  ResidentSetSize of job (KB)
...
005 (1209280.007.000) 2025-12-22 17:30:39 Job terminated.
	(1) Normal termination (return value 0)
		Usr 0 00:00:08, Sys 0 00:00:00  -  Run Remote Usage
		Usr 0 00:00:00, Sys 0 00:00:00  -  Run Local Usage
		Usr 0 00:00:08, Sys 0 00:00:00  -  Total Remote Usage
		Usr 0 00:00:00, Sys 0 00:00:00  -  Total Local Usage
	0  -  Run Bytes Sent By Job
	0  -  Run Bytes Received By Job
	0  -  Total Bytes Sent By Job
	0  -  Total Bytes Received By Job
	Partitionable Resources :    Usage  Request Allocated 
	   Cpus                 :                 1         1 
	   Disk (KB)            :        1        1      8391 
	   GPUs                 :                           0 
	   Memory (MB)          :      150    10240     10300 
	   TimeExecute (s)      :       10                    
	   TimeSlotBusy (s)     :       11                    

	Job terminated of its own accord at 2025-12-22T08:30:39Z with exit-code 0.
...
006 (1209280.013.000) 2025-12-22 17:30:39 Image size of job updated: 204124
	200  -  MemoryUsage of job (MB)
	204124  -  ResidentSetSize of job (KB)
...
006 (1209280.012.000) 2025-12-22 17:30:39 Image size of job updated: 131088
	129  -  MemoryUsage of job (MB)
	131088  -  ResidentSetSize of job (KB)
...
006 (1209280.011.000) 2025-12-22 17:30:39 Image size of job updated: 119704
	117  -  MemoryUsage of job (MB)
	119704  -  ResidentSetSize of job (KB)
...
006 (1209280.009.000) 2025-12-22 17:30:39 Image size of job updated: 108132
	106  -  MemoryUsage of job (MB)
	108132  -  ResidentSetSize of job (KB)
...
006 (1209280.002.000) 2025-12-22 17:30:39 Image size of job updated: 152848
	127  -  MemoryUsage of job (MB)
	129608  -  ResidentSetSize of job (KB)
...
005 (1209280.002.000) 2025-12-22 17:30:39 Job terminated.
	(1) Normal termination (return value 0)
		Usr 0 00:00:09, Sys 0 00:00:00  -  Run Remote Usage
		Usr 0 00:00:00, Sys 0 00:00:00  -  Run Local Usage
		Usr 0 00:00:09, Sys 0 00:00:00  -  Total Remote Usage
		Usr 0 00:00:00, Sys 0 00:00:00  -  Total Local Usage
	0  -  Run Bytes Sent By Job
	0  -  Run Bytes Received By Job
	0  -  Total Bytes Sent By Job
	0  -  Total Bytes Received By Job
	Partitionable Resources :    Usage  Request Allocated 
	   Cpus                 :        0        1         1 
	   Disk (KB)            :        1        1      2857 
	   GPUs                 :                           0 
	   Memory (MB)          :      127    10240     10300 
	   TimeExecute (s)      :       12                    
	   TimeSlotBusy (s)     :       13                    

	Job terminated of its own accord at 2025-12-22T08:30:39Z with exit-code 0.
...
006 (1209280.016.000) 2025-12-22 17:30:40 Image size of job updated: 154084
	151  -  MemoryUsage of job (MB)
	154084  -  ResidentSetSize of job (KB)
...
006 (1209280.017.000) 2025-12-22 17:30:40 Image size of job updated: 153956
	151  -  MemoryUsage of job (MB)
	153956  -  ResidentSetSize of job (KB)
...
006 (1209280.015.000) 2025-12-22 17:30:40 Image size of job updated: 153344
	150  -  MemoryUsage of job (MB)
	153344  -  ResidentSetSize of job (KB)
...
001 (1209280.020.000) 2025-12-22 17:30:42 Job executing on host: <155.230.21.75:9618?addrs=155.230.21.75-9618+[2407-c000-c025--21-75]-9618&alias=cluster275.knu.ac.kr&noUDP&sock=startd_1092_9982>
	SlotName: slot1_2@cluster275.knu.ac.kr
	CondorScratchDir = "/home/condor/dir_61758"
	Cpus = 1
	Disk = 2825
	GPUs = 0
	Memory = 10300
...
006 (1209280.003.000) 2025-12-22 17:30:42 Image size of job updated: 152912
	116  -  MemoryUsage of job (MB)
	117932  -  ResidentSetSize of job (KB)
...
005 (1209280.003.000) 2025-12-22 17:30:42 Job terminated.
	(1) Normal termination (return value 0)
		Usr 0 00:00:14, Sys 0 00:00:01  -  Run Remote Usage
		Usr 0 00:00:00, Sys 0 00:00:00  -  Run Local Usage
		Usr 0 00:00:14, Sys 0 00:00:01  -  Total Remote Usage
		Usr 0 00:00:00, Sys 0 00:00:00  -  Total Local Usage
	0  -  Run Bytes Sent By Job
	0  -  Run Bytes Received By Job
	0  -  Total Bytes Sent By Job
	0  -  Total Bytes Received By Job
	Partitionable Resources :    Usage  Request Allocated 
	   Cpus                 :        0        1         1 
	   Disk (KB)            :        1        1      2826 
	   GPUs                 :                           0 
	   Memory (MB)          :      116    10240     10300 
	   TimeExecute (s)      :       17                    
	   TimeSlotBusy (s)     :       18                    

	Job terminated of its own accord at 2025-12-22T08:30:42Z with exit-code 0.
...
006 (1209280.018.000) 2025-12-22 17:30:42 Image size of job updated: 152928
	150  -  MemoryUsage of job (MB)
	152928  -  ResidentSetSize of job (KB)
...
006 (1209280.019.000) 2025-12-22 17:30:42 Image size of job updated: 154452
	151  -  MemoryUsage of job (MB)
	154452  -  ResidentSetSize of job (KB)
...
001 (1209280.022.000) 2025-12-22 17:30:43 Job executing on host: <155.230.21.147:9618?addrs=155.230.21.147-9618+[2407-c000-c025--21-147]-9618&alias=cluster347.knu.ac.kr&noUDP&sock=startd_2481_568e>
	SlotName: slot1_2@cluster347.knu.ac.kr
	AvailableGPUs = {  }
	CondorScratchDir = "/home/condor/dir_2214118"
	Cpus = 1
	Disk = 2816
	GPUs = 0
	Memory = 10300
...
001 (1209280.026.000) 2025-12-22 17:30:43 Job executing on host: <155.230.21.151:9618?addrs=155.230.21.151-9618+[2407-c000-c025--21-151]-9618&alias=cluster351.knu.ac.kr&noUDP&sock=startd_3486_af3c>
	SlotName: slot1_6@cluster351.knu.ac.kr
	CondorScratchDir = "/home/condor/dir_4094563"
	Cpus = 1
	Disk = 8391
	GPUs = 0
	Memory = 10300
...
001 (1209280.021.000) 2025-12-22 17:30:44 Job executing on host: <155.230.20.26:9618?addrs=155.230.20.26-9618+[2407-c000-c025--20-26]-9618&alias=dm01.knu.ac.kr&noUDP&sock=startd_6650_ece3>
	SlotName: slot1_3@dm01.knu.ac.kr
	AvailableGPUs = {  }
	CondorScratchDir = "/home/condor/dir_1228264"
	Cpus = 1
	Disk = 2857
	GPUs = 0
	Memory = 10300
...
001 (1209280.025.000) 2025-12-22 17:30:44 Job executing on host: <155.230.21.155:9618?addrs=155.230.21.155-9618+[2407-c000-c025--21-155]-9618&alias=cluster355.knu.ac.kr&noUDP&sock=startd_8970_409c>
	SlotName: slot1_18@cluster355.knu.ac.kr
	CondorScratchDir = "/home/condor/dir_2035517"
	Cpus = 1
	Disk = 4673
	GPUs = 0
	Memory = 10300
...
001 (1209280.024.000) 2025-12-22 17:30:44 Job executing on host: <155.230.21.137:9618?addrs=155.230.21.137-9618+[2407-c000-c025--21-137]-9618&alias=cluster337.knu.ac.kr&noUDP&sock=startd_3737_d982>
	SlotName: slot1_27@cluster337.knu.ac.kr
	CondorScratchDir = "/home/condor/dir_147970"
	Cpus = 1
	Disk = 4693
	GPUs = 0
	Memory = 10300
...
001 (1209280.023.000) 2025-12-22 17:30:44 Job executing on host: <155.230.21.144:9618?addrs=155.230.21.144-9618+[2407-c000-c025--21-144]-9618&alias=cluster344.knu.ac.kr&noUDP&sock=startd_3393_e4ee>
	SlotName: slot1_7@cluster344.knu.ac.kr
	CondorScratchDir = "/home/condor/dir_227762"
	Cpus = 1
	Disk = 2829
	GPUs = 0
	Memory = 10300
...
001 (1209280.028.000) 2025-12-22 17:30:45 Job executing on host: <155.230.21.153:9618?addrs=155.230.21.153-9618+[2407-c000-c024-0-12ff-e0ff-fe03-bebe]-9618&alias=cluster353.knu.ac.kr&noUDP&sock=startd_3951_a2c6>
	SlotName: slot1_4@cluster353.knu.ac.kr
	CondorScratchDir = "/home/condor/dir_4014685"
	Cpus = 1
	Disk = 2770
	GPUs = 0
	Memory = 10300
...
001 (1209280.031.000) 2025-12-22 17:30:45 Job executing on host: <155.230.21.148:9618?addrs=155.230.21.148-9618+[2407-c000-c025--21-148]-9618&alias=cluster348.knu.ac.kr&noUDP&sock=startd_2894_9f2b>
	SlotName: slot1_6@cluster348.knu.ac.kr
	CondorScratchDir = "/home/condor/dir_798371"
	Cpus = 1
	Disk = 2048
	GPUs = 0
	Memory = 10300
...
001 (1209280.027.000) 2025-12-22 17:30:45 Job executing on host: <155.230.21.148:9618?addrs=155.230.21.148-9618+[2407-c000-c025--21-148]-9618&alias=cluster348.knu.ac.kr&noUDP&sock=startd_2894_9f2b>
	SlotName: slot1_2@cluster348.knu.ac.kr
	CondorScratchDir = "/home/condor/dir_798370"
	Cpus = 1
	Disk = 2048
	GPUs = 0
	Memory = 10300
...
001 (1209280.030.000) 2025-12-22 17:30:47 Job executing on host: <155.230.21.137:9618?addrs=155.230.21.137-9618+[2407-c000-c025--21-137]-9618&alias=cluster337.knu.ac.kr&noUDP&sock=startd_3737_d982>
	SlotName: slot1_36@cluster337.knu.ac.kr
	CondorScratchDir = "/home/condor/dir_148136"
	Cpus = 1
	Disk = 4693
	GPUs = 0
	Memory = 10300
...
001 (1209280.029.000) 2025-12-22 17:30:47 Job executing on host: <155.230.21.151:9618?addrs=155.230.21.151-9618+[2407-c000-c025--21-151]-9618&alias=cluster351.knu.ac.kr&noUDP&sock=startd_3486_af3c>
	SlotName: slot1_35@cluster351.knu.ac.kr
	CondorScratchDir = "/home/condor/dir_4094733"
	Cpus = 1
	Disk = 8391
	GPUs = 0
	Memory = 10300
...
001 (1209280.032.000) 2025-12-22 17:30:47 Job executing on host: <155.230.21.148:9618?addrs=155.230.21.148-9618+[2407-c000-c025--21-148]-9618&alias=cluster348.knu.ac.kr&noUDP&sock=startd_2894_9f2b>
	SlotName: slot1_7@cluster348.knu.ac.kr
	CondorScratchDir = "/home/condor/dir_798648"
	Cpus = 1
	Disk = 2048
	GPUs = 0
	Memory = 10300
...
006 (1209280.013.000) 2025-12-22 17:30:48 Image size of job updated: 364892
	200  -  MemoryUsage of job (MB)
	204124  -  ResidentSetSize of job (KB)
...
005 (1209280.013.000) 2025-12-22 17:30:48 Job terminated.
	(1) Normal termination (return value 0)
		Usr 0 00:00:14, Sys 0 00:00:00  -  Run Remote Usage
		Usr 0 00:00:00, Sys 0 00:00:00  -  Run Local Usage
		Usr 0 00:00:14, Sys 0 00:00:00  -  Total Remote Usage
		Usr 0 00:00:00, Sys 0 00:00:00  -  Total Local Usage
	0  -  Run Bytes Sent By Job
	0  -  Run Bytes Received By Job
	0  -  Total Bytes Sent By Job
	0  -  Total Bytes Received By Job
	Partitionable Resources :    Usage  Request Allocated 
	   Cpus                 :        0        1         1 
	   Disk (KB)            :        1        1      4673 
	   GPUs                 :                           0 
	   Memory (MB)          :      200    10240     10300 
	   TimeExecute (s)      :       17                    
	   TimeSlotBusy (s)     :       17                    

	Job terminated of its own accord at 2025-12-22T08:30:48Z with exit-code 0.
...
006 (1209280.018.000) 2025-12-22 17:30:50 Image size of job updated: 220828
	150  -  MemoryUsage of job (MB)
	152928  -  ResidentSetSize of job (KB)
...
006 (1209280.020.000) 2025-12-22 17:30:50 Image size of job updated: 127728
	125  -  MemoryUsage of job (MB)
	127728  -  ResidentSetSize of job (KB)
...
005 (1209280.018.000) 2025-12-22 17:30:50 Job terminated.
	(1) Normal termination (return value 0)
		Usr 0 00:00:14, Sys 0 00:00:00  -  Run Remote Usage
		Usr 0 00:00:00, Sys 0 00:00:00  -  Run Local Usage
		Usr 0 00:00:14, Sys 0 00:00:00  -  Total Remote Usage
		Usr 0 00:00:00, Sys 0 00:00:00  -  Total Local Usage
	0  -  Run Bytes Sent By Job
	0  -  Run Bytes Received By Job
	0  -  Total Bytes Sent By Job
	0  -  Total Bytes Received By Job
	Partitionable Resources :    Usage  Request Allocated 
	   Cpus                 :        0        1         1 
	   Disk (KB)            :        1        1      8391 
	   GPUs                 :                           0 
	   Memory (MB)          :      150    10240     10300 
	   TimeExecute (s)      :       17                    
	   TimeSlotBusy (s)     :       17                    

	Job terminated of its own accord at 2025-12-22T08:30:50Z with exit-code 0.
...
006 (1209280.028.000) 2025-12-22 17:30:50 Image size of job updated: 88
	0  -  MemoryUsage of job (MB)
	0  -  ResidentSetSize of job (KB)
...
005 (1209280.028.000) 2025-12-22 17:30:50 Job terminated.
	(1) Normal termination (return value 0)
		Usr 0 00:00:04, Sys 0 00:00:00  -  Run Remote Usage
		Usr 0 00:00:00, Sys 0 00:00:00  -  Run Local Usage
		Usr 0 00:00:04, Sys 0 00:00:00  -  Total Remote Usage
		Usr 0 00:00:00, Sys 0 00:00:00  -  Total Local Usage
	0  -  Run Bytes Sent By Job
	0  -  Run Bytes Received By Job
	0  -  Total Bytes Sent By Job
	0  -  Total Bytes Received By Job
	Partitionable Resources :    Usage  Request Allocated 
	   Cpus                 :        0        1         1 
	   Disk (KB)            :        1        1      2770 
	   GPUs                 :                           0 
	   Memory (MB)          :        0    10240     10300 
	   TimeExecute (s)      :        5                    
	   TimeSlotBusy (s)     :        5                    

	Job terminated of its own accord at 2025-12-22T08:30:50Z with exit-code 0.
...
006 (1209280.006.000) 2025-12-22 17:30:51 Image size of job updated: 244868
	150  -  MemoryUsage of job (MB)
	152932  -  ResidentSetSize of job (KB)
...
005 (1209280.006.000) 2025-12-22 17:30:51 Job terminated.
	(1) Normal termination (return value 0)
		Usr 0 00:00:19, Sys 0 00:00:00  -  Run Remote Usage
		Usr 0 00:00:00, Sys 0 00:00:00  -  Run Local Usage
		Usr 0 00:00:19, Sys 0 00:00:00  -  Total Remote Usage
		Usr 0 00:00:00, Sys 0 00:00:00  -  Total Local Usage
	0  -  Run Bytes Sent By Job
	0  -  Run Bytes Received By Job
	0  -  Total Bytes Sent By Job
	0  -  Total Bytes Received By Job
	Partitionable Resources :    Usage  Request Allocated 
	   Cpus                 :                 1         1 
	   Disk (KB)            :        1        1      2840 
	   GPUs                 :                           0 
	   Memory (MB)          :      150    10240     10300 
	   TimeExecute (s)      :       23                    
	   TimeSlotBusy (s)     :       24                    

	Job terminated of its own accord at 2025-12-22T08:30:51Z with exit-code 0.
...
006 (1209280.027.000) 2025-12-22 17:30:51 Image size of job updated: 130900
	0  -  MemoryUsage of job (MB)
	0  -  ResidentSetSize of job (KB)
...
005 (1209280.027.000) 2025-12-22 17:30:52 Job terminated.
	(1) Normal termination (return value 0)
		Usr 0 00:00:04, Sys 0 00:00:00  -  Run Remote Usage
		Usr 0 00:00:00, Sys 0 00:00:00  -  Run Local Usage
		Usr 0 00:00:04, Sys 0 00:00:00  -  Total Remote Usage
		Usr 0 00:00:00, Sys 0 00:00:00  -  Total Local Usage
	0  -  Run Bytes Sent By Job
	0  -  Run Bytes Received By Job
	0  -  Total Bytes Sent By Job
	0  -  Total Bytes Received By Job
	Partitionable Resources :    Usage  Request Allocated 
	   Cpus                 :     0.21        1         1 
	   Disk (KB)            :     1           1      2048 
	   GPUs                 :                           0 
	   Memory (MB)          :     0       10240     10300 
	   TimeExecute (s)      :     6                       
	   TimeSlotBusy (s)     :     6                       

	Job terminated of its own accord at 2025-12-22T08:30:51Z with exit-code 0.
...
006 (1209280.021.000) 2025-12-22 17:30:52 Image size of job updated: 124960
	123  -  MemoryUsage of job (MB)
	124960  -  ResidentSetSize of job (KB)
...
006 (1209280.026.000) 2025-12-22 17:30:52 Image size of job updated: 121364
	0  -  MemoryUsage of job (MB)
	0  -  ResidentSetSize of job (KB)
...
005 (1209280.026.000) 2025-12-22 17:30:52 Job terminated.
	(1) Normal termination (return value 0)
		Usr 0 00:00:07, Sys 0 00:00:00  -  Run Remote Usage
		Usr 0 00:00:00, Sys 0 00:00:00  -  Run Local Usage
		Usr 0 00:00:07, Sys 0 00:00:00  -  Total Remote Usage
		Usr 0 00:00:00, Sys 0 00:00:00  -  Total Local Usage
	0  -  Run Bytes Sent By Job
	0  -  Run Bytes Received By Job
	0  -  Total Bytes Sent By Job
	0  -  Total Bytes Received By Job
	Partitionable Resources :    Usage  Request Allocated 
	   Cpus                 :                 1         1 
	   Disk (KB)            :        1        1      8391 
	   GPUs                 :                           0 
	   Memory (MB)          :        0    10240     10300 
	   TimeExecute (s)      :        9                    
	   TimeSlotBusy (s)     :        9                    

	Job terminated of its own accord at 2025-12-22T08:30:52Z with exit-code 0.
...
006 (1209280.022.000) 2025-12-22 17:30:52 Image size of job updated: 164716
	161  -  MemoryUsage of job (MB)
	164716  -  ResidentSetSize of job (KB)
...
006 (1209280.031.000) 2025-12-22 17:30:52 Image size of job updated: 119164
	0  -  MemoryUsage of job (MB)
	0  -  ResidentSetSize of job (KB)
...
005 (1209280.031.000) 2025-12-22 17:30:53 Job terminated.
	(1) Normal termination (return value 0)
		Usr 0 00:00:05, Sys 0 00:00:00  -  Run Remote Usage
		Usr 0 00:00:00, Sys 0 00:00:00  -  Run Local Usage
		Usr 0 00:00:05, Sys 0 00:00:00  -  Total Remote Usage
		Usr 0 00:00:00, Sys 0 00:00:00  -  Total Local Usage
	0  -  Run Bytes Sent By Job
	0  -  Run Bytes Received By Job
	0  -  Total Bytes Sent By Job
	0  -  Total Bytes Received By Job
	Partitionable Resources :    Usage  Request Allocated 
	   Cpus                 :     0.19        1         1 
	   Disk (KB)            :     1           1      2048 
	   GPUs                 :                           0 
	   Memory (MB)          :     0       10240     10300 
	   TimeExecute (s)      :     7                       
	   TimeSlotBusy (s)     :     7                       

	Job terminated of its own accord at 2025-12-22T08:30:52Z with exit-code 0.
...
006 (1209280.025.000) 2025-12-22 17:30:53 Image size of job updated: 209856
	205  -  MemoryUsage of job (MB)
	209856  -  ResidentSetSize of job (KB)
...
006 (1209280.024.000) 2025-12-22 17:30:53 Image size of job updated: 152888
	150  -  MemoryUsage of job (MB)
	152888  -  ResidentSetSize of job (KB)
...
006 (1209280.023.000) 2025-12-22 17:30:53 Image size of job updated: 153332
	150  -  MemoryUsage of job (MB)
	153332  -  ResidentSetSize of job (KB)
...
006 (1209280.011.000) 2025-12-22 17:30:54 Image size of job updated: 179432
	117  -  MemoryUsage of job (MB)
	119712  -  ResidentSetSize of job (KB)
...
005 (1209280.011.000) 2025-12-22 17:30:54 Job terminated.
	(1) Normal termination (return value 0)
		Usr 0 00:00:19, Sys 0 00:00:01  -  Run Remote Usage
		Usr 0 00:00:00, Sys 0 00:00:00  -  Run Local Usage
		Usr 0 00:00:19, Sys 0 00:00:01  -  Total Remote Usage
		Usr 0 00:00:00, Sys 0 00:00:00  -  Total Local Usage
	0  -  Run Bytes Sent By Job
	0  -  Run Bytes Received By Job
	0  -  Total Bytes Sent By Job
	0  -  Total Bytes Received By Job
	Partitionable Resources :    Usage  Request Allocated 
	   Cpus                 :        0        1         1 
	   Disk (KB)            :        1        1      2772 
	   GPUs                 :                           0 
	   Memory (MB)          :      117    10240     10300 
	   TimeExecute (s)      :       23                    
	   TimeSlotBusy (s)     :       23                    

	Job terminated of its own accord at 2025-12-22T08:30:54Z with exit-code 0.
...
006 (1209280.012.000) 2025-12-22 17:30:54 Image size of job updated: 211520
	129  -  MemoryUsage of job (MB)
	131104  -  ResidentSetSize of job (KB)
...
005 (1209280.024.000) 2025-12-22 17:30:55 Job terminated.
	(1) Normal termination (return value 0)
		Usr 0 00:00:08, Sys 0 00:00:00  -  Run Remote Usage
		Usr 0 00:00:00, Sys 0 00:00:00  -  Run Local Usage
		Usr 0 00:00:08, Sys 0 00:00:00  -  Total Remote Usage
		Usr 0 00:00:00, Sys 0 00:00:00  -  Total Local Usage
	0  -  Run Bytes Sent By Job
	0  -  Run Bytes Received By Job
	0  -  Total Bytes Sent By Job
	0  -  Total Bytes Received By Job
	Partitionable Resources :    Usage  Request Allocated 
	   Cpus                 :        0        1         1 
	   Disk (KB)            :        1        1      4693 
	   GPUs                 :                           0 
	   Memory (MB)          :      150    10240     10300 
	   TimeExecute (s)      :       10                    
	   TimeSlotBusy (s)     :       10                    

	Job terminated of its own accord at 2025-12-22T08:30:54Z with exit-code 0.
...
005 (1209280.012.000) 2025-12-22 17:30:55 Job terminated.
	(1) Normal termination (return value 0)
		Usr 0 00:00:21, Sys 0 00:00:00  -  Run Remote Usage
		Usr 0 00:00:00, Sys 0 00:00:00  -  Run Local Usage
		Usr 0 00:00:21, Sys 0 00:00:00  -  Total Remote Usage
		Usr 0 00:00:00, Sys 0 00:00:00  -  Total Local Usage
	0  -  Run Bytes Sent By Job
	0  -  Run Bytes Received By Job
	0  -  Total Bytes Sent By Job
	0  -  Total Bytes Received By Job
	Partitionable Resources :    Usage  Request Allocated 
	   Cpus                 :                 1         1 
	   Disk (KB)            :        1        1      4693 
	   GPUs                 :                           0 
	   Memory (MB)          :      129    10240     10300 
	   TimeExecute (s)      :       23                    
	   TimeSlotBusy (s)     :       24                    

	Job terminated of its own accord at 2025-12-22T08:30:54Z with exit-code 0.
...
006 (1209280.030.000) 2025-12-22 17:30:55 Image size of job updated: 126648
	124  -  MemoryUsage of job (MB)
	126648  -  ResidentSetSize of job (KB)
...
006 (1209280.029.000) 2025-12-22 17:30:55 Image size of job updated: 152868
	150  -  MemoryUsage of job (MB)
	152868  -  ResidentSetSize of job (KB)
...
006 (1209280.032.000) 2025-12-22 17:30:55 Image size of job updated: 152976
	150  -  MemoryUsage of job (MB)
	152976  -  ResidentSetSize of job (KB)
...
005 (1209280.029.000) 2025-12-22 17:30:56 Job terminated.
	(1) Normal termination (return value 0)
		Usr 0 00:00:07, Sys 0 00:00:00  -  Run Remote Usage
		Usr 0 00:00:00, Sys 0 00:00:00  -  Run Local Usage
		Usr 0 00:00:07, Sys 0 00:00:00  -  Total Remote Usage
		Usr 0 00:00:00, Sys 0 00:00:00  -  Total Local Usage
	0  -  Run Bytes Sent By Job
	0  -  Run Bytes Received By Job
	0  -  Total Bytes Sent By Job
	0  -  Total Bytes Received By Job
	Partitionable Resources :    Usage  Request Allocated 
	   Cpus                 :        0        1         1 
	   Disk (KB)            :        1        1      8391 
	   GPUs                 :                           0 
	   Memory (MB)          :      150    10240     10300 
	   TimeExecute (s)      :        9                    
	   TimeSlotBusy (s)     :       10                    

	Job terminated of its own accord at 2025-12-22T08:30:56Z with exit-code 0.
...
006 (1209280.030.000) 2025-12-22 17:30:57 Image size of job updated: 152880
	124  -  MemoryUsage of job (MB)
	126660  -  ResidentSetSize of job (KB)
...
005 (1209280.030.000) 2025-12-22 17:30:58 Job terminated.
	(1) Normal termination (return value 0)
		Usr 0 00:00:08, Sys 0 00:00:00  -  Run Remote Usage
		Usr 0 00:00:00, Sys 0 00:00:00  -  Run Local Usage
		Usr 0 00:00:08, Sys 0 00:00:00  -  Total Remote Usage
		Usr 0 00:00:00, Sys 0 00:00:00  -  Total Local Usage
	0  -  Run Bytes Sent By Job
	0  -  Run Bytes Received By Job
	0  -  Total Bytes Sent By Job
	0  -  Total Bytes Received By Job
	Partitionable Resources :    Usage  Request Allocated 
	   Cpus                 :        0        1         1 
	   Disk (KB)            :        1        1      4693 
	   GPUs                 :                           0 
	   Memory (MB)          :      124    10240     10300 
	   TimeExecute (s)      :       10                    
	   TimeSlotBusy (s)     :       11                    

	Job terminated of its own accord at 2025-12-22T08:30:57Z with exit-code 0.
...
006 (1209280.025.000) 2025-12-22 17:31:01 Image size of job updated: 311016
	206  -  MemoryUsage of job (MB)
	209932  -  ResidentSetSize of job (KB)
...
005 (1209280.025.000) 2025-12-22 17:31:01 Job terminated.
	(1) Normal termination (return value 0)
		Usr 0 00:00:15, Sys 0 00:00:00  -  Run Remote Usage
		Usr 0 00:00:00, Sys 0 00:00:00  -  Run Local Usage
		Usr 0 00:00:15, Sys 0 00:00:00  -  Total Remote Usage
		Usr 0 00:00:00, Sys 0 00:00:00  -  Total Local Usage
	0  -  Run Bytes Sent By Job
	0  -  Run Bytes Received By Job
	0  -  Total Bytes Sent By Job
	0  -  Total Bytes Received By Job
	Partitionable Resources :    Usage  Request Allocated 
	   Cpus                 :        0        1         1 
	   Disk (KB)            :        1        1      4673 
	   GPUs                 :                           0 
	   Memory (MB)          :      206    10240     10300 
	   TimeExecute (s)      :       17                    
	   TimeSlotBusy (s)     :       17                    

	Job terminated of its own accord at 2025-12-22T08:31:01Z with exit-code 0.
...
006 (1209280.032.000) 2025-12-22 17:31:07 Image size of job updated: 211272
	150  -  MemoryUsage of job (MB)
	152976  -  ResidentSetSize of job (KB)
...
005 (1209280.032.000) 2025-12-22 17:31:07 Job terminated.
	(1) Normal termination (return value 0)
		Usr 0 00:00:17, Sys 0 00:00:00  -  Run Remote Usage
		Usr 0 00:00:00, Sys 0 00:00:00  -  Run Local Usage
		Usr 0 00:00:17, Sys 0 00:00:00  -  Total Remote Usage
		Usr 0 00:00:00, Sys 0 00:00:00  -  Total Local Usage
	0  -  Run Bytes Sent By Job
	0  -  Run Bytes Received By Job
	0  -  Total Bytes Sent By Job
	0  -  Total Bytes Received By Job
	Partitionable Resources :    Usage  Request Allocated 
	   Cpus                 :        0        1         1 
	   Disk (KB)            :        1        1      2048 
	   GPUs                 :                           0 
	   Memory (MB)          :      150    10240     10300 
	   TimeExecute (s)      :       20                    
	   TimeSlotBusy (s)     :       20                    

	Job terminated of its own accord at 2025-12-22T08:31:07Z with exit-code 0.
...
006 (1209280.015.000) 2025-12-22 17:31:23 Image size of job updated: 613328
	150  -  MemoryUsage of job (MB)
	153344  -  ResidentSetSize of job (KB)
...
005 (1209280.015.000) 2025-12-22 17:31:23 Job terminated.
	(1) Normal termination (return value 0)
		Usr 0 00:00:47, Sys 0 00:00:01  -  Run Remote Usage
		Usr 0 00:00:00, Sys 0 00:00:00  -  Run Local Usage
		Usr 0 00:00:47, Sys 0 00:00:01  -  Total Remote Usage
		Usr 0 00:00:00, Sys 0 00:00:00  -  Total Local Usage
	0  -  Run Bytes Sent By Job
	0  -  Run Bytes Received By Job
	0  -  Total Bytes Sent By Job
	0  -  Total Bytes Received By Job
	Partitionable Resources :    Usage  Request Allocated 
	   Cpus                 :        0        1         1 
	   Disk (KB)            :        1        1      8391 
	   GPUs                 :                           0 
	   Memory (MB)          :      150    10240     10300 
	   TimeExecute (s)      :       51                    
	   TimeSlotBusy (s)     :       51                    

	Job terminated of its own accord at 2025-12-22T08:31:23Z with exit-code 0.
...
006 (1209280.023.000) 2025-12-22 17:31:40 Image size of job updated: 573388
	150  -  MemoryUsage of job (MB)
	153332  -  ResidentSetSize of job (KB)
...
005 (1209280.023.000) 2025-12-22 17:31:40 Job terminated.
	(1) Normal termination (return value 0)
		Usr 0 00:00:51, Sys 0 00:00:01  -  Run Remote Usage
		Usr 0 00:00:00, Sys 0 00:00:00  -  Run Local Usage
		Usr 0 00:00:51, Sys 0 00:00:01  -  Total Remote Usage
		Usr 0 00:00:00, Sys 0 00:00:00  -  Total Local Usage
	0  -  Run Bytes Sent By Job
	0  -  Run Bytes Received By Job
	0  -  Total Bytes Sent By Job
	0  -  Total Bytes Received By Job
	Partitionable Resources :    Usage  Request Allocated 
	   Cpus                 :        0        1         1 
	   Disk (KB)            :        1        1      2829 
	   GPUs                 :                           0 
	   Memory (MB)          :      150    10240     10300 
	   TimeExecute (s)      :       56                    
	   TimeSlotBusy (s)     :       56                    

	Job terminated of its own accord at 2025-12-22T08:31:40Z with exit-code 0.
...
006 (1209280.017.000) 2025-12-22 17:32:17 Image size of job updated: 1202260
	151  -  MemoryUsage of job (MB)
	153956  -  ResidentSetSize of job (KB)
...
005 (1209280.017.000) 2025-12-22 17:32:17 Job terminated.
	(1) Normal termination (return value 0)
		Usr 0 00:01:32, Sys 0 00:00:02  -  Run Remote Usage
		Usr 0 00:00:00, Sys 0 00:00:00  -  Run Local Usage
		Usr 0 00:01:32, Sys 0 00:00:02  -  Total Remote Usage
		Usr 0 00:00:00, Sys 0 00:00:00  -  Total Local Usage
	0  -  Run Bytes Sent By Job
	0  -  Run Bytes Received By Job
	0  -  Total Bytes Sent By Job
	0  -  Total Bytes Received By Job
	Partitionable Resources :    Usage  Request Allocated 
	   Cpus                 :        0        1         1 
	   Disk (KB)            :        1        1      8391 
	   GPUs                 :                           0 
	   Memory (MB)          :      151    10240     10300 
	   TimeExecute (s)      :      105                    
	   TimeSlotBusy (s)     :      105                    

	Job terminated of its own accord at 2025-12-22T08:32:17Z with exit-code 0.
...
006 (1209280.016.000) 2025-12-22 17:32:26 Image size of job updated: 1358220
	151  -  MemoryUsage of job (MB)
	154084  -  ResidentSetSize of job (KB)
...
005 (1209280.016.000) 2025-12-22 17:32:26 Job terminated.
	(1) Normal termination (return value 0)
		Usr 0 00:01:44, Sys 0 00:00:03  -  Run Remote Usage
		Usr 0 00:00:00, Sys 0 00:00:00  -  Run Local Usage
		Usr 0 00:01:44, Sys 0 00:00:03  -  Total Remote Usage
		Usr 0 00:00:00, Sys 0 00:00:00  -  Total Local Usage
	0  -  Run Bytes Sent By Job
	0  -  Run Bytes Received By Job
	0  -  Total Bytes Sent By Job
	0  -  Total Bytes Received By Job
	Partitionable Resources :    Usage  Request Allocated 
	   Cpus                 :        0        1         1 
	   Disk (KB)            :        1        1      8391 
	   GPUs                 :                           0 
	   Memory (MB)          :      151    10240     10300 
	   TimeExecute (s)      :      114                    
	   TimeSlotBusy (s)     :      114                    

	Job terminated of its own accord at 2025-12-22T08:32:26Z with exit-code 0.
...
006 (1209280.022.000) 2025-12-22 17:32:36 Image size of job updated: 1720360
	161  -  MemoryUsage of job (MB)
	164716  -  ResidentSetSize of job (KB)
...
005 (1209280.022.000) 2025-12-22 17:32:36 Job terminated.
	(1) Normal termination (return value 0)
		Usr 0 00:01:46, Sys 0 00:00:02  -  Run Remote Usage
		Usr 0 00:00:00, Sys 0 00:00:00  -  Run Local Usage
		Usr 0 00:01:46, Sys 0 00:00:02  -  Total Remote Usage
		Usr 0 00:00:00, Sys 0 00:00:00  -  Total Local Usage
	0  -  Run Bytes Sent By Job
	0  -  Run Bytes Received By Job
	0  -  Total Bytes Sent By Job
	0  -  Total Bytes Received By Job
	Partitionable Resources :    Usage  Request Allocated 
	   Cpus                 :        0        1         1 
	   Disk (KB)            :        1        1      2816 
	   GPUs                 :                           0 
	   Memory (MB)          :      161    10240     10300 
	   TimeExecute (s)      :      113                    
	   TimeSlotBusy (s)     :      113                    

	Job terminated of its own accord at 2025-12-22T08:32:36Z with exit-code 0.
...
006 (1209280.005.000) 2025-12-22 17:32:59 Image size of job updated: 1518580
	130  -  MemoryUsage of job (MB)
	132984  -  ResidentSetSize of job (KB)
...
005 (1209280.005.000) 2025-12-22 17:32:59 Job terminated.
	(1) Normal termination (return value 0)
		Usr 0 00:02:22, Sys 0 00:00:03  -  Run Remote Usage
		Usr 0 00:00:00, Sys 0 00:00:00  -  Run Local Usage
		Usr 0 00:02:22, Sys 0 00:00:03  -  Total Remote Usage
		Usr 0 00:00:00, Sys 0 00:00:00  -  Total Local Usage
	0  -  Run Bytes Sent By Job
	0  -  Run Bytes Received By Job
	0  -  Total Bytes Sent By Job
	0  -  Total Bytes Received By Job
	Partitionable Resources :    Usage  Request Allocated 
	   Cpus                 :     0.95        1         1 
	   Disk (KB)            :     1           1      2842 
	   GPUs                 :                           0 
	   Memory (MB)          :   130       10240     10300 
	   TimeExecute (s)      :   154                       
	   TimeSlotBusy (s)     :   155                       

	Job terminated of its own accord at 2025-12-22T08:32:59Z with exit-code 0.
...
006 (1209280.019.000) 2025-12-22 17:33:04 Image size of job updated: 1977996
	151  -  MemoryUsage of job (MB)
	154452  -  ResidentSetSize of job (KB)
...
005 (1209280.019.000) 2025-12-22 17:33:04 Job terminated.
	(1) Normal termination (return value 0)
		Usr 0 00:02:11, Sys 0 00:00:03  -  Run Remote Usage
		Usr 0 00:00:00, Sys 0 00:00:00  -  Run Local Usage
		Usr 0 00:02:11, Sys 0 00:00:03  -  Total Remote Usage
		Usr 0 00:00:00, Sys 0 00:00:00  -  Total Local Usage
	0  -  Run Bytes Sent By Job
	0  -  Run Bytes Received By Job
	0  -  Total Bytes Sent By Job
	0  -  Total Bytes Received By Job
	Partitionable Resources :    Usage  Request Allocated 
	   Cpus                 :        0        1         1 
	   Disk (KB)            :        1        1      8391 
	   GPUs                 :                           0 
	   Memory (MB)          :      151    10240     10300 
	   TimeExecute (s)      :      151                    
	   TimeSlotBusy (s)     :      151                    

	Job terminated of its own accord at 2025-12-22T08:33:04Z with exit-code 0.
...
006 (1209280.004.000) 2025-12-22 17:33:15 Image size of job updated: 2007020
	151  -  MemoryUsage of job (MB)
	154496  -  ResidentSetSize of job (KB)
...
005 (1209280.004.000) 2025-12-22 17:33:15 Job terminated.
	(1) Normal termination (return value 0)
		Usr 0 00:02:40, Sys 0 00:00:04  -  Run Remote Usage
		Usr 0 00:00:00, Sys 0 00:00:00  -  Run Local Usage
		Usr 0 00:02:40, Sys 0 00:00:04  -  Total Remote Usage
		Usr 0 00:00:00, Sys 0 00:00:00  -  Total Local Usage
	0  -  Run Bytes Sent By Job
	0  -  Run Bytes Received By Job
	0  -  Total Bytes Sent By Job
	0  -  Total Bytes Received By Job
	Partitionable Resources :    Usage  Request Allocated 
	   Cpus                 :        0        1         1 
	   Disk (KB)            :        1        1      2830 
	   GPUs                 :                           0 
	   Memory (MB)          :      151    10240     10300 
	   TimeExecute (s)      :      172                    
	   TimeSlotBusy (s)     :      172                    

	Job terminated of its own accord at 2025-12-22T08:33:15Z with exit-code 0.
...
006 (1209280.009.000) 2025-12-22 17:33:24 Image size of job updated: 814080
	106  -  MemoryUsage of job (MB)
	108140  -  ResidentSetSize of job (KB)
...
005 (1209280.009.000) 2025-12-22 17:33:24 Job terminated.
	(1) Normal termination (return value 0)
		Usr 0 00:02:40, Sys 0 00:00:06  -  Run Remote Usage
		Usr 0 00:00:00, Sys 0 00:00:00  -  Run Local Usage
		Usr 0 00:02:40, Sys 0 00:00:06  -  Total Remote Usage
		Usr 0 00:00:00, Sys 0 00:00:00  -  Total Local Usage
	0  -  Run Bytes Sent By Job
	0  -  Run Bytes Received By Job
	0  -  Total Bytes Sent By Job
	0  -  Total Bytes Received By Job
	Partitionable Resources :    Usage  Request Allocated 
	   Cpus                 :     0.97        1         1 
	   Disk (KB)            :     1           1      2815 
	   GPUs                 :                           0 
	   Memory (MB)          :   106       10240     10300 
	   TimeExecute (s)      :   173                       
	   TimeSlotBusy (s)     :   174                       

	Job terminated of its own accord at 2025-12-22T08:33:24Z with exit-code 0.
...
006 (1209280.020.000) 2025-12-22 17:34:01 Image size of job updated: 1951216
	125  -  MemoryUsage of job (MB)
	127736  -  ResidentSetSize of job (KB)
...
005 (1209280.020.000) 2025-12-22 17:34:01 Job terminated.
	(1) Normal termination (return value 0)
		Usr 0 00:02:57, Sys 0 00:00:03  -  Run Remote Usage
		Usr 0 00:00:00, Sys 0 00:00:00  -  Run Local Usage
		Usr 0 00:02:57, Sys 0 00:00:03  -  Total Remote Usage
		Usr 0 00:00:00, Sys 0 00:00:00  -  Total Local Usage
	0  -  Run Bytes Sent By Job
	0  -  Run Bytes Received By Job
	0  -  Total Bytes Sent By Job
	0  -  Total Bytes Received By Job
	Partitionable Resources :    Usage  Request Allocated 
	   Cpus                 :     0.92        1         1 
	   Disk (KB)            :     1           1      2825 
	   GPUs                 :                           0 
	   Memory (MB)          :   125       10240     10300 
	   TimeExecute (s)      :   199                       
	   TimeSlotBusy (s)     :   199                       

	Job terminated of its own accord at 2025-12-22T08:34:01Z with exit-code 0.
...
006 (1209280.021.000) 2025-12-22 17:34:07 Image size of job updated: 1781596
	123  -  MemoryUsage of job (MB)
	124968  -  ResidentSetSize of job (KB)
...
005 (1209280.021.000) 2025-12-22 17:34:07 Job terminated.
	(1) Normal termination (return value 0)
		Usr 0 00:03:11, Sys 0 00:00:04  -  Run Remote Usage
		Usr 0 00:00:00, Sys 0 00:00:00  -  Run Local Usage
		Usr 0 00:03:11, Sys 0 00:00:04  -  Total Remote Usage
		Usr 0 00:00:00, Sys 0 00:00:00  -  Total Local Usage
	0  -  Run Bytes Sent By Job
	0  -  Run Bytes Received By Job
	0  -  Total Bytes Sent By Job
	0  -  Total Bytes Received By Job
	Partitionable Resources :    Usage  Request Allocated 
	   Cpus                 :     0.97        1         1 
	   Disk (KB)            :     1           1      2857 
	   GPUs                 :                           0 
	   Memory (MB)          :   123       10240     10300 
	   TimeExecute (s)      :   203                       
	   TimeSlotBusy (s)     :   204                       

	Job terminated of its own accord at 2025-12-22T08:34:07Z with exit-code 0.
...
