000 (1209271.000.000) 2025-12-22 16:30:46 Job submitted from host: <155.230.23.71:9618?addrs=155.230.23.71-9618+[2407-c000-c024-0-20c-29ff-fe9d-363c]-9618&alias=cms01.knu.ac.kr&noUDP&sock=schedd_1467_d186>
...
000 (1209271.001.000) 2025-12-22 16:30:46 Job submitted from host: <155.230.23.71:9618?addrs=155.230.23.71-9618+[2407-c000-c024-0-20c-29ff-fe9d-363c]-9618&alias=cms01.knu.ac.kr&noUDP&sock=schedd_1467_d186>
...
000 (1209271.002.000) 2025-12-22 16:30:46 Job submitted from host: <155.230.23.71:9618?addrs=155.230.23.71-9618+[2407-c000-c024-0-20c-29ff-fe9d-363c]-9618&alias=cms01.knu.ac.kr&noUDP&sock=schedd_1467_d186>
...
000 (1209271.003.000) 2025-12-22 16:30:46 Job submitted from host: <155.230.23.71:9618?addrs=155.230.23.71-9618+[2407-c000-c024-0-20c-29ff-fe9d-363c]-9618&alias=cms01.knu.ac.kr&noUDP&sock=schedd_1467_d186>
...
000 (1209271.004.000) 2025-12-22 16:30:46 Job submitted from host: <155.230.23.71:9618?addrs=155.230.23.71-9618+[2407-c000-c024-0-20c-29ff-fe9d-363c]-9618&alias=cms01.knu.ac.kr&noUDP&sock=schedd_1467_d186>
...
000 (1209271.005.000) 2025-12-22 16:30:46 Job submitted from host: <155.230.23.71:9618?addrs=155.230.23.71-9618+[2407-c000-c024-0-20c-29ff-fe9d-363c]-9618&alias=cms01.knu.ac.kr&noUDP&sock=schedd_1467_d186>
...
000 (1209271.006.000) 2025-12-22 16:30:46 Job submitted from host: <155.230.23.71:9618?addrs=155.230.23.71-9618+[2407-c000-c024-0-20c-29ff-fe9d-363c]-9618&alias=cms01.knu.ac.kr&noUDP&sock=schedd_1467_d186>
...
000 (1209271.007.000) 2025-12-22 16:30:46 Job submitted from host: <155.230.23.71:9618?addrs=155.230.23.71-9618+[2407-c000-c024-0-20c-29ff-fe9d-363c]-9618&alias=cms01.knu.ac.kr&noUDP&sock=schedd_1467_d186>
...
000 (1209271.008.000) 2025-12-22 16:30:46 Job submitted from host: <155.230.23.71:9618?addrs=155.230.23.71-9618+[2407-c000-c024-0-20c-29ff-fe9d-363c]-9618&alias=cms01.knu.ac.kr&noUDP&sock=schedd_1467_d186>
...
000 (1209271.009.000) 2025-12-22 16:30:46 Job submitted from host: <155.230.23.71:9618?addrs=155.230.23.71-9618+[2407-c000-c024-0-20c-29ff-fe9d-363c]-9618&alias=cms01.knu.ac.kr&noUDP&sock=schedd_1467_d186>
...
000 (1209271.010.000) 2025-12-22 16:30:46 Job submitted from host: <155.230.23.71:9618?addrs=155.230.23.71-9618+[2407-c000-c024-0-20c-29ff-fe9d-363c]-9618&alias=cms01.knu.ac.kr&noUDP&sock=schedd_1467_d186>
...
000 (1209271.011.000) 2025-12-22 16:30:46 Job submitted from host: <155.230.23.71:9618?addrs=155.230.23.71-9618+[2407-c000-c024-0-20c-29ff-fe9d-363c]-9618&alias=cms01.knu.ac.kr&noUDP&sock=schedd_1467_d186>
...
000 (1209271.012.000) 2025-12-22 16:30:46 Job submitted from host: <155.230.23.71:9618?addrs=155.230.23.71-9618+[2407-c000-c024-0-20c-29ff-fe9d-363c]-9618&alias=cms01.knu.ac.kr&noUDP&sock=schedd_1467_d186>
...
000 (1209271.013.000) 2025-12-22 16:30:46 Job submitted from host: <155.230.23.71:9618?addrs=155.230.23.71-9618+[2407-c000-c024-0-20c-29ff-fe9d-363c]-9618&alias=cms01.knu.ac.kr&noUDP&sock=schedd_1467_d186>
...
000 (1209271.014.000) 2025-12-22 16:30:46 Job submitted from host: <155.230.23.71:9618?addrs=155.230.23.71-9618+[2407-c000-c024-0-20c-29ff-fe9d-363c]-9618&alias=cms01.knu.ac.kr&noUDP&sock=schedd_1467_d186>
...
000 (1209271.015.000) 2025-12-22 16:30:46 Job submitted from host: <155.230.23.71:9618?addrs=155.230.23.71-9618+[2407-c000-c024-0-20c-29ff-fe9d-363c]-9618&alias=cms01.knu.ac.kr&noUDP&sock=schedd_1467_d186>
...
000 (1209271.016.000) 2025-12-22 16:30:46 Job submitted from host: <155.230.23.71:9618?addrs=155.230.23.71-9618+[2407-c000-c024-0-20c-29ff-fe9d-363c]-9618&alias=cms01.knu.ac.kr&noUDP&sock=schedd_1467_d186>
...
000 (1209271.017.000) 2025-12-22 16:30:46 Job submitted from host: <155.230.23.71:9618?addrs=155.230.23.71-9618+[2407-c000-c024-0-20c-29ff-fe9d-363c]-9618&alias=cms01.knu.ac.kr&noUDP&sock=schedd_1467_d186>
...
000 (1209271.018.000) 2025-12-22 16:30:46 Job submitted from host: <155.230.23.71:9618?addrs=155.230.23.71-9618+[2407-c000-c024-0-20c-29ff-fe9d-363c]-9618&alias=cms01.knu.ac.kr&noUDP&sock=schedd_1467_d186>
...
000 (1209271.019.000) 2025-12-22 16:30:46 Job submitted from host: <155.230.23.71:9618?addrs=155.230.23.71-9618+[2407-c000-c024-0-20c-29ff-fe9d-363c]-9618&alias=cms01.knu.ac.kr&noUDP&sock=schedd_1467_d186>
...
000 (1209271.020.000) 2025-12-22 16:30:46 Job submitted from host: <155.230.23.71:9618?addrs=155.230.23.71-9618+[2407-c000-c024-0-20c-29ff-fe9d-363c]-9618&alias=cms01.knu.ac.kr&noUDP&sock=schedd_1467_d186>
...
000 (1209271.021.000) 2025-12-22 16:30:46 Job submitted from host: <155.230.23.71:9618?addrs=155.230.23.71-9618+[2407-c000-c024-0-20c-29ff-fe9d-363c]-9618&alias=cms01.knu.ac.kr&noUDP&sock=schedd_1467_d186>
...
000 (1209271.022.000) 2025-12-22 16:30:46 Job submitted from host: <155.230.23.71:9618?addrs=155.230.23.71-9618+[2407-c000-c024-0-20c-29ff-fe9d-363c]-9618&alias=cms01.knu.ac.kr&noUDP&sock=schedd_1467_d186>
...
000 (1209271.023.000) 2025-12-22 16:30:46 Job submitted from host: <155.230.23.71:9618?addrs=155.230.23.71-9618+[2407-c000-c024-0-20c-29ff-fe9d-363c]-9618&alias=cms01.knu.ac.kr&noUDP&sock=schedd_1467_d186>
...
000 (1209271.024.000) 2025-12-22 16:30:46 Job submitted from host: <155.230.23.71:9618?addrs=155.230.23.71-9618+[2407-c000-c024-0-20c-29ff-fe9d-363c]-9618&alias=cms01.knu.ac.kr&noUDP&sock=schedd_1467_d186>
...
000 (1209271.025.000) 2025-12-22 16:30:46 Job submitted from host: <155.230.23.71:9618?addrs=155.230.23.71-9618+[2407-c000-c024-0-20c-29ff-fe9d-363c]-9618&alias=cms01.knu.ac.kr&noUDP&sock=schedd_1467_d186>
...
000 (1209271.026.000) 2025-12-22 16:30:46 Job submitted from host: <155.230.23.71:9618?addrs=155.230.23.71-9618+[2407-c000-c024-0-20c-29ff-fe9d-363c]-9618&alias=cms01.knu.ac.kr&noUDP&sock=schedd_1467_d186>
...
000 (1209271.027.000) 2025-12-22 16:30:46 Job submitted from host: <155.230.23.71:9618?addrs=155.230.23.71-9618+[2407-c000-c024-0-20c-29ff-fe9d-363c]-9618&alias=cms01.knu.ac.kr&noUDP&sock=schedd_1467_d186>
...
000 (1209271.028.000) 2025-12-22 16:30:46 Job submitted from host: <155.230.23.71:9618?addrs=155.230.23.71-9618+[2407-c000-c024-0-20c-29ff-fe9d-363c]-9618&alias=cms01.knu.ac.kr&noUDP&sock=schedd_1467_d186>
...
000 (1209271.029.000) 2025-12-22 16:30:46 Job submitted from host: <155.230.23.71:9618?addrs=155.230.23.71-9618+[2407-c000-c024-0-20c-29ff-fe9d-363c]-9618&alias=cms01.knu.ac.kr&noUDP&sock=schedd_1467_d186>
...
000 (1209271.030.000) 2025-12-22 16:30:46 Job submitted from host: <155.230.23.71:9618?addrs=155.230.23.71-9618+[2407-c000-c024-0-20c-29ff-fe9d-363c]-9618&alias=cms01.knu.ac.kr&noUDP&sock=schedd_1467_d186>
...
000 (1209271.031.000) 2025-12-22 16:30:46 Job submitted from host: <155.230.23.71:9618?addrs=155.230.23.71-9618+[2407-c000-c024-0-20c-29ff-fe9d-363c]-9618&alias=cms01.knu.ac.kr&noUDP&sock=schedd_1467_d186>
...
000 (1209271.032.000) 2025-12-22 16:30:46 Job submitted from host: <155.230.23.71:9618?addrs=155.230.23.71-9618+[2407-c000-c024-0-20c-29ff-fe9d-363c]-9618&alias=cms01.knu.ac.kr&noUDP&sock=schedd_1467_d186>
...
000 (1209271.033.000) 2025-12-22 16:30:46 Job submitted from host: <155.230.23.71:9618?addrs=155.230.23.71-9618+[2407-c000-c024-0-20c-29ff-fe9d-363c]-9618&alias=cms01.knu.ac.kr&noUDP&sock=schedd_1467_d186>
...
000 (1209271.034.000) 2025-12-22 16:30:46 Job submitted from host: <155.230.23.71:9618?addrs=155.230.23.71-9618+[2407-c000-c024-0-20c-29ff-fe9d-363c]-9618&alias=cms01.knu.ac.kr&noUDP&sock=schedd_1467_d186>
...
000 (1209271.035.000) 2025-12-22 16:30:46 Job submitted from host: <155.230.23.71:9618?addrs=155.230.23.71-9618+[2407-c000-c024-0-20c-29ff-fe9d-363c]-9618&alias=cms01.knu.ac.kr&noUDP&sock=schedd_1467_d186>
...
000 (1209271.036.000) 2025-12-22 16:30:46 Job submitted from host: <155.230.23.71:9618?addrs=155.230.23.71-9618+[2407-c000-c024-0-20c-29ff-fe9d-363c]-9618&alias=cms01.knu.ac.kr&noUDP&sock=schedd_1467_d186>
...
000 (1209271.037.000) 2025-12-22 16:30:46 Job submitted from host: <155.230.23.71:9618?addrs=155.230.23.71-9618+[2407-c000-c024-0-20c-29ff-fe9d-363c]-9618&alias=cms01.knu.ac.kr&noUDP&sock=schedd_1467_d186>
...
000 (1209271.038.000) 2025-12-22 16:30:46 Job submitted from host: <155.230.23.71:9618?addrs=155.230.23.71-9618+[2407-c000-c024-0-20c-29ff-fe9d-363c]-9618&alias=cms01.knu.ac.kr&noUDP&sock=schedd_1467_d186>
...
000 (1209271.039.000) 2025-12-22 16:30:46 Job submitted from host: <155.230.23.71:9618?addrs=155.230.23.71-9618+[2407-c000-c024-0-20c-29ff-fe9d-363c]-9618&alias=cms01.knu.ac.kr&noUDP&sock=schedd_1467_d186>
...
000 (1209271.040.000) 2025-12-22 16:30:46 Job submitted from host: <155.230.23.71:9618?addrs=155.230.23.71-9618+[2407-c000-c024-0-20c-29ff-fe9d-363c]-9618&alias=cms01.knu.ac.kr&noUDP&sock=schedd_1467_d186>
...
000 (1209271.041.000) 2025-12-22 16:30:46 Job submitted from host: <155.230.23.71:9618?addrs=155.230.23.71-9618+[2407-c000-c024-0-20c-29ff-fe9d-363c]-9618&alias=cms01.knu.ac.kr&noUDP&sock=schedd_1467_d186>
...
000 (1209271.042.000) 2025-12-22 16:30:46 Job submitted from host: <155.230.23.71:9618?addrs=155.230.23.71-9618+[2407-c000-c024-0-20c-29ff-fe9d-363c]-9618&alias=cms01.knu.ac.kr&noUDP&sock=schedd_1467_d186>
...
000 (1209271.043.000) 2025-12-22 16:30:46 Job submitted from host: <155.230.23.71:9618?addrs=155.230.23.71-9618+[2407-c000-c024-0-20c-29ff-fe9d-363c]-9618&alias=cms01.knu.ac.kr&noUDP&sock=schedd_1467_d186>
...
000 (1209271.044.000) 2025-12-22 16:30:46 Job submitted from host: <155.230.23.71:9618?addrs=155.230.23.71-9618+[2407-c000-c024-0-20c-29ff-fe9d-363c]-9618&alias=cms01.knu.ac.kr&noUDP&sock=schedd_1467_d186>
...
000 (1209271.045.000) 2025-12-22 16:30:46 Job submitted from host: <155.230.23.71:9618?addrs=155.230.23.71-9618+[2407-c000-c024-0-20c-29ff-fe9d-363c]-9618&alias=cms01.knu.ac.kr&noUDP&sock=schedd_1467_d186>
...
001 (1209271.000.000) 2025-12-22 17:16:39 Job executing on host: <155.230.21.147:9618?addrs=155.230.21.147-9618+[2407-c000-c025--21-147]-9618&alias=cluster347.knu.ac.kr&noUDP&sock=startd_2481_568e>
	SlotName: slot1_2@cluster347.knu.ac.kr
	AvailableGPUs = {  }
	CondorScratchDir = "/home/condor/dir_2207914"
	Cpus = 1
	Disk = 2816
	GPUs = 0
	Memory = 10300
...
001 (1209271.001.000) 2025-12-22 17:16:39 Job executing on host: <155.230.21.145:9618?addrs=155.230.21.145-9618+[2407-c000-c025--21-145]-9618&alias=cluster345.knu.ac.kr&noUDP&sock=startd_2507_2c05>
	SlotName: slot1_3@cluster345.knu.ac.kr
	CondorScratchDir = "/home/condor/dir_3086004"
	Cpus = 1
	Disk = 2842
	GPUs = 0
	Memory = 10300
...
001 (1209271.003.000) 2025-12-22 17:16:39 Job executing on host: <155.230.21.155:9618?addrs=155.230.21.155-9618+[2407-c000-c025--21-155]-9618&alias=cluster355.knu.ac.kr&noUDP&sock=startd_8970_409c>
	SlotName: slot1_13@cluster355.knu.ac.kr
	CondorScratchDir = "/home/condor/dir_2022830"
	Cpus = 1
	Disk = 4673
	GPUs = 0
	Memory = 10300
...
001 (1209271.002.000) 2025-12-22 17:16:39 Job executing on host: <155.230.21.137:9618?addrs=155.230.21.137-9618+[2407-c000-c025--21-137]-9618&alias=cluster337.knu.ac.kr&noUDP&sock=startd_3737_d982>
	SlotName: slot1_14@cluster337.knu.ac.kr
	CondorScratchDir = "/home/condor/dir_136746"
	Cpus = 1
	Disk = 4693
	GPUs = 0
	Memory = 10300
...
001 (1209271.004.000) 2025-12-22 17:16:39 Job executing on host: <155.230.21.151:9618?addrs=155.230.21.151-9618+[2407-c000-c025--21-151]-9618&alias=cluster351.knu.ac.kr&noUDP&sock=startd_3486_af3c>
	SlotName: slot1_13@cluster351.knu.ac.kr
	CondorScratchDir = "/home/condor/dir_4079849"
	Cpus = 1
	Disk = 8391
	GPUs = 0
	Memory = 10300
...
001 (1209271.005.000) 2025-12-22 17:16:40 Job executing on host: <155.230.21.147:9618?addrs=155.230.21.147-9618+[2407-c000-c025--21-147]-9618&alias=cluster347.knu.ac.kr&noUDP&sock=startd_2481_568e>
	SlotName: slot1_6@cluster347.knu.ac.kr
	AvailableGPUs = {  }
	CondorScratchDir = "/home/condor/dir_2208082"
	Cpus = 1
	Disk = 2816
	GPUs = 0
	Memory = 10300
...
001 (1209271.006.000) 2025-12-22 17:16:40 Job executing on host: <155.230.21.155:9618?addrs=155.230.21.155-9618+[2407-c000-c025--21-155]-9618&alias=cluster355.knu.ac.kr&noUDP&sock=startd_8970_409c>
	SlotName: slot1_14@cluster355.knu.ac.kr
	CondorScratchDir = "/home/condor/dir_2022997"
	Cpus = 1
	Disk = 4673
	GPUs = 0
	Memory = 10300
...
001 (1209271.007.000) 2025-12-22 17:16:40 Job executing on host: <155.230.21.151:9618?addrs=155.230.21.151-9618+[2407-c000-c025--21-151]-9618&alias=cluster351.knu.ac.kr&noUDP&sock=startd_3486_af3c>
	SlotName: slot1_36@cluster351.knu.ac.kr
	CondorScratchDir = "/home/condor/dir_4079954"
	Cpus = 1
	Disk = 8391
	GPUs = 0
	Memory = 10300
...
001 (1209271.008.000) 2025-12-22 17:16:41 Job executing on host: <155.230.21.155:9618?addrs=155.230.21.155-9618+[2407-c000-c025--21-155]-9618&alias=cluster355.knu.ac.kr&noUDP&sock=startd_8970_409c>
	SlotName: slot1_19@cluster355.knu.ac.kr
	CondorScratchDir = "/home/condor/dir_2023167"
	Cpus = 1
	Disk = 4673
	GPUs = 0
	Memory = 10300
...
001 (1209271.009.000) 2025-12-22 17:16:42 Job executing on host: <155.230.21.151:9618?addrs=155.230.21.151-9618+[2407-c000-c025--21-151]-9618&alias=cluster351.knu.ac.kr&noUDP&sock=startd_3486_af3c>
	SlotName: slot1_37@cluster351.knu.ac.kr
	CondorScratchDir = "/home/condor/dir_4080093"
	Cpus = 1
	Disk = 8391
	GPUs = 0
	Memory = 10300
...
001 (1209271.010.000) 2025-12-22 17:16:44 Job executing on host: <155.230.21.153:9618?addrs=155.230.21.153-9618+[2407-c000-c024-0-12ff-e0ff-fe03-bebe]-9618&alias=cluster353.knu.ac.kr&noUDP&sock=startd_3951_a2c6>
	SlotName: slot1_6@cluster353.knu.ac.kr
	CondorScratchDir = "/home/condor/dir_4006630"
	Cpus = 1
	Disk = 2770
	GPUs = 0
	Memory = 10300
...
006 (1209271.006.000) 2025-12-22 17:16:46 Image size of job updated: 152856
	0  -  MemoryUsage of job (MB)
	0  -  ResidentSetSize of job (KB)
...
005 (1209271.006.000) 2025-12-22 17:16:46 Job terminated.
	(1) Normal termination (return value 0)
		Usr 0 00:00:04, Sys 0 00:00:00  -  Run Remote Usage
		Usr 0 00:00:00, Sys 0 00:00:00  -  Run Local Usage
		Usr 0 00:00:04, Sys 0 00:00:00  -  Total Remote Usage
		Usr 0 00:00:00, Sys 0 00:00:00  -  Total Local Usage
	0  -  Run Bytes Sent By Job
	0  -  Run Bytes Received By Job
	0  -  Total Bytes Sent By Job
	0  -  Total Bytes Received By Job
	Partitionable Resources :    Usage  Request Allocated 
	   Cpus                 :        0        1         1 
	   Disk (KB)            :        1        1      4673 
	   GPUs                 :                           0 
	   Memory (MB)          :        0    10240     10300 
	   TimeExecute (s)      :        6                    
	   TimeSlotBusy (s)     :        6                    

	Job terminated of its own accord at 2025-12-22T08:16:46Z with exit-code 0.
...
006 (1209271.000.000) 2025-12-22 17:16:47 Image size of job updated: 152884
	150  -  MemoryUsage of job (MB)
	152884  -  ResidentSetSize of job (KB)
...
006 (1209271.001.000) 2025-12-22 17:16:47 Image size of job updated: 128504
	126  -  MemoryUsage of job (MB)
	128504  -  ResidentSetSize of job (KB)
...
006 (1209271.003.000) 2025-12-22 17:16:47 Image size of job updated: 154924
	152  -  MemoryUsage of job (MB)
	154924  -  ResidentSetSize of job (KB)
...
006 (1209271.002.000) 2025-12-22 17:16:47 Image size of job updated: 121376
	119  -  MemoryUsage of job (MB)
	121376  -  ResidentSetSize of job (KB)
...
006 (1209271.004.000) 2025-12-22 17:16:47 Image size of job updated: 152896
	150  -  MemoryUsage of job (MB)
	152896  -  ResidentSetSize of job (KB)
...
005 (1209271.000.000) 2025-12-22 17:16:47 Job terminated.
	(1) Normal termination (return value 0)
		Usr 0 00:00:06, Sys 0 00:00:00  -  Run Remote Usage
		Usr 0 00:00:00, Sys 0 00:00:00  -  Run Local Usage
		Usr 0 00:00:06, Sys 0 00:00:00  -  Total Remote Usage
		Usr 0 00:00:00, Sys 0 00:00:00  -  Total Local Usage
	0  -  Run Bytes Sent By Job
	0  -  Run Bytes Received By Job
	0  -  Total Bytes Sent By Job
	0  -  Total Bytes Received By Job
	Partitionable Resources :    Usage  Request Allocated 
	   Cpus                 :        0        1         1 
	   Disk (KB)            :        1        1      2816 
	   GPUs                 :                           0 
	   Memory (MB)          :      150    10240     10300 
	   TimeExecute (s)      :        8                    
	   TimeSlotBusy (s)     :        9                    

	Job terminated of its own accord at 2025-12-22T08:16:47Z with exit-code 0.
...
006 (1209271.001.000) 2025-12-22 17:16:48 Image size of job updated: 128512
	126  -  MemoryUsage of job (MB)
	128512  -  ResidentSetSize of job (KB)
...
005 (1209271.001.000) 2025-12-22 17:16:49 Job terminated.
	(1) Normal termination (return value 0)
		Usr 0 00:00:07, Sys 0 00:00:00  -  Run Remote Usage
		Usr 0 00:00:00, Sys 0 00:00:00  -  Run Local Usage
		Usr 0 00:00:07, Sys 0 00:00:00  -  Total Remote Usage
		Usr 0 00:00:00, Sys 0 00:00:00  -  Total Local Usage
	0  -  Run Bytes Sent By Job
	0  -  Run Bytes Received By Job
	0  -  Total Bytes Sent By Job
	0  -  Total Bytes Received By Job
	Partitionable Resources :    Usage  Request Allocated 
	   Cpus                 :        0        1         1 
	   Disk (KB)            :        1        1      2842 
	   GPUs                 :                           0 
	   Memory (MB)          :      126    10240     10300 
	   TimeExecute (s)      :        9                    
	   TimeSlotBusy (s)     :        9                    

	Job terminated of its own accord at 2025-12-22T08:16:48Z with exit-code 0.
...
006 (1209271.005.000) 2025-12-22 17:16:49 Image size of job updated: 171444
	168  -  MemoryUsage of job (MB)
	171444  -  ResidentSetSize of job (KB)
...
006 (1209271.003.000) 2025-12-22 17:16:49 Image size of job updated: 189000
	152  -  MemoryUsage of job (MB)
	154952  -  ResidentSetSize of job (KB)
...
006 (1209271.007.000) 2025-12-22 17:16:49 Image size of job updated: 152888
	150  -  MemoryUsage of job (MB)
	152888  -  ResidentSetSize of job (KB)
...
005 (1209271.003.000) 2025-12-22 17:16:49 Job terminated.
	(1) Normal termination (return value 0)
		Usr 0 00:00:09, Sys 0 00:00:00  -  Run Remote Usage
		Usr 0 00:00:00, Sys 0 00:00:00  -  Run Local Usage
		Usr 0 00:00:09, Sys 0 00:00:00  -  Total Remote Usage
		Usr 0 00:00:00, Sys 0 00:00:00  -  Total Local Usage
	0  -  Run Bytes Sent By Job
	0  -  Run Bytes Received By Job
	0  -  Total Bytes Sent By Job
	0  -  Total Bytes Received By Job
	Partitionable Resources :    Usage  Request Allocated 
	   Cpus                 :        0        1         1 
	   Disk (KB)            :        1        1      4673 
	   GPUs                 :                           0 
	   Memory (MB)          :      152    10240     10300 
	   TimeExecute (s)      :       10                    
	   TimeSlotBusy (s)     :       10                    

	Job terminated of its own accord at 2025-12-22T08:16:49Z with exit-code 0.
...
006 (1209271.008.000) 2025-12-22 17:16:50 Image size of job updated: 152948
	150  -  MemoryUsage of job (MB)
	152948  -  ResidentSetSize of job (KB)
...
006 (1209271.009.000) 2025-12-22 17:16:50 Image size of job updated: 153004
	150  -  MemoryUsage of job (MB)
	153004  -  ResidentSetSize of job (KB)
...
005 (1209271.004.000) 2025-12-22 17:16:50 Job terminated.
	(1) Normal termination (return value 0)
		Usr 0 00:00:09, Sys 0 00:00:00  -  Run Remote Usage
		Usr 0 00:00:00, Sys 0 00:00:00  -  Run Local Usage
		Usr 0 00:00:09, Sys 0 00:00:00  -  Total Remote Usage
		Usr 0 00:00:00, Sys 0 00:00:00  -  Total Local Usage
	0  -  Run Bytes Sent By Job
	0  -  Run Bytes Received By Job
	0  -  Total Bytes Sent By Job
	0  -  Total Bytes Received By Job
	Partitionable Resources :    Usage  Request Allocated 
	   Cpus                 :        0        1         1 
	   Disk (KB)            :        1        1      8391 
	   GPUs                 :                           0 
	   Memory (MB)          :      150    10240     10300 
	   TimeExecute (s)      :       11                    
	   TimeSlotBusy (s)     :       11                    

	Job terminated of its own accord at 2025-12-22T08:16:50Z with exit-code 0.
...
006 (1209271.005.000) 2025-12-22 17:16:53 Image size of job updated: 188328
	168  -  MemoryUsage of job (MB)
	171504  -  ResidentSetSize of job (KB)
...
005 (1209271.005.000) 2025-12-22 17:16:53 Job terminated.
	(1) Normal termination (return value 0)
		Usr 0 00:00:11, Sys 0 00:00:00  -  Run Remote Usage
		Usr 0 00:00:00, Sys 0 00:00:00  -  Run Local Usage
		Usr 0 00:00:11, Sys 0 00:00:00  -  Total Remote Usage
		Usr 0 00:00:00, Sys 0 00:00:00  -  Total Local Usage
	0  -  Run Bytes Sent By Job
	0  -  Run Bytes Received By Job
	0  -  Total Bytes Sent By Job
	0  -  Total Bytes Received By Job
	Partitionable Resources :    Usage  Request Allocated 
	   Cpus                 :        0        1         1 
	   Disk (KB)            :        1        1      2816 
	   GPUs                 :                           0 
	   Memory (MB)          :      168    10240     10300 
	   TimeExecute (s)      :       13                    
	   TimeSlotBusy (s)     :       13                    

	Job terminated of its own accord at 2025-12-22T08:16:53Z with exit-code 0.
...
006 (1209271.010.000) 2025-12-22 17:16:53 Image size of job updated: 161796
	159  -  MemoryUsage of job (MB)
	161796  -  ResidentSetSize of job (KB)
...
006 (1209271.008.000) 2025-12-22 17:16:55 Image size of job updated: 181308
	150  -  MemoryUsage of job (MB)
	152948  -  ResidentSetSize of job (KB)
...
005 (1209271.008.000) 2025-12-22 17:16:55 Job terminated.
	(1) Normal termination (return value 0)
		Usr 0 00:00:12, Sys 0 00:00:00  -  Run Remote Usage
		Usr 0 00:00:00, Sys 0 00:00:00  -  Run Local Usage
		Usr 0 00:00:12, Sys 0 00:00:00  -  Total Remote Usage
		Usr 0 00:00:00, Sys 0 00:00:00  -  Total Local Usage
	0  -  Run Bytes Sent By Job
	0  -  Run Bytes Received By Job
	0  -  Total Bytes Sent By Job
	0  -  Total Bytes Received By Job
	Partitionable Resources :    Usage  Request Allocated 
	   Cpus                 :        0        1         1 
	   Disk (KB)            :        1        1      4673 
	   GPUs                 :                           0 
	   Memory (MB)          :      150    10240     10300 
	   TimeExecute (s)      :       14                    
	   TimeSlotBusy (s)     :       14                    

	Job terminated of its own accord at 2025-12-22T08:16:55Z with exit-code 0.
...
006 (1209271.002.000) 2025-12-22 17:16:56 Image size of job updated: 152888
	119  -  MemoryUsage of job (MB)
	121388  -  ResidentSetSize of job (KB)
...
005 (1209271.002.000) 2025-12-22 17:16:56 Job terminated.
	(1) Normal termination (return value 0)
		Usr 0 00:00:15, Sys 0 00:00:01  -  Run Remote Usage
		Usr 0 00:00:00, Sys 0 00:00:00  -  Run Local Usage
		Usr 0 00:00:15, Sys 0 00:00:01  -  Total Remote Usage
		Usr 0 00:00:00, Sys 0 00:00:00  -  Total Local Usage
	0  -  Run Bytes Sent By Job
	0  -  Run Bytes Received By Job
	0  -  Total Bytes Sent By Job
	0  -  Total Bytes Received By Job
	Partitionable Resources :    Usage  Request Allocated 
	   Cpus                 :        0        1         1 
	   Disk (KB)            :        1        1      4693 
	   GPUs                 :                           0 
	   Memory (MB)          :      119    10240     10300 
	   TimeExecute (s)      :       17                    
	   TimeSlotBusy (s)     :       17                    

	Job terminated of its own accord at 2025-12-22T08:16:56Z with exit-code 0.
...
006 (1209271.007.000) 2025-12-22 17:16:57 Image size of job updated: 191776
	150  -  MemoryUsage of job (MB)
	152888  -  ResidentSetSize of job (KB)
...
005 (1209271.007.000) 2025-12-22 17:16:57 Job terminated.
	(1) Normal termination (return value 0)
		Usr 0 00:00:13, Sys 0 00:00:00  -  Run Remote Usage
		Usr 0 00:00:00, Sys 0 00:00:00  -  Run Local Usage
		Usr 0 00:00:13, Sys 0 00:00:00  -  Total Remote Usage
		Usr 0 00:00:00, Sys 0 00:00:00  -  Total Local Usage
	0  -  Run Bytes Sent By Job
	0  -  Run Bytes Received By Job
	0  -  Total Bytes Sent By Job
	0  -  Total Bytes Received By Job
	Partitionable Resources :    Usage  Request Allocated 
	   Cpus                 :                 1         1 
	   Disk (KB)            :        1        1      8391 
	   GPUs                 :                           0 
	   Memory (MB)          :      150    10240     10300 
	   TimeExecute (s)      :       17                    
	   TimeSlotBusy (s)     :       17                    

	Job terminated of its own accord at 2025-12-22T08:16:57Z with exit-code 0.
...
006 (1209271.009.000) 2025-12-22 17:17:05 Image size of job updated: 277116
	150  -  MemoryUsage of job (MB)
	153004  -  ResidentSetSize of job (KB)
...
001 (1209271.013.000) 2025-12-22 17:17:05 Job executing on host: <155.230.21.147:9618?addrs=155.230.21.147-9618+[2407-c000-c025--21-147]-9618&alias=cluster347.knu.ac.kr&noUDP&sock=startd_2481_568e>
	SlotName: slot1_2@cluster347.knu.ac.kr
	AvailableGPUs = {  }
	CondorScratchDir = "/home/condor/dir_2208278"
	Cpus = 1
	Disk = 2816
	GPUs = 0
	Memory = 10300
...
001 (1209271.011.000) 2025-12-22 17:17:05 Job executing on host: <155.230.21.75:9618?addrs=155.230.21.75-9618+[2407-c000-c025--21-75]-9618&alias=cluster275.knu.ac.kr&noUDP&sock=startd_1092_9982>
	SlotName: slot1_3@cluster275.knu.ac.kr
	CondorScratchDir = "/home/condor/dir_56580"
	Cpus = 1
	Disk = 2825
	GPUs = 0
	Memory = 10300
...
001 (1209271.012.000) 2025-12-22 17:17:05 Job executing on host: <155.230.21.129:9618?addrs=155.230.21.129-9618+[2407-c000-c025--21-129]-9618&alias=cluster329.knu.ac.kr&noUDP&sock=startd_2299_8052>
	SlotName: slot1_3@cluster329.knu.ac.kr
	AvailableGPUs = {  }
	CondorScratchDir = "/home/condor/dir_2132776"
	Cpus = 1
	Disk = 2822
	GPUs = 0
	Memory = 10300
...
001 (1209271.017.000) 2025-12-22 17:17:06 Job executing on host: <155.230.21.137:9618?addrs=155.230.21.137-9618+[2407-c000-c025--21-137]-9618&alias=cluster337.knu.ac.kr&noUDP&sock=startd_3737_d982>
	SlotName: slot1_14@cluster337.knu.ac.kr
	CondorScratchDir = "/home/condor/dir_137089"
	Cpus = 1
	Disk = 4693
	GPUs = 0
	Memory = 10300
...
001 (1209271.015.000) 2025-12-22 17:17:06 Job executing on host: <155.230.21.133:9618?addrs=155.230.21.133-9618+[2407-c000-c025--21-133]-9618&alias=cluster333.knu.ac.kr&noUDP&sock=startd_2525_84b9>
	SlotName: slot1_4@cluster333.knu.ac.kr
	CondorScratchDir = "/home/condor/dir_1952052"
	Cpus = 1
	Disk = 2840
	GPUs = 0
	Memory = 10300
...
001 (1209271.016.000) 2025-12-22 17:17:06 Job executing on host: <155.230.21.145:9618?addrs=155.230.21.145-9618+[2407-c000-c025--21-145]-9618&alias=cluster345.knu.ac.kr&noUDP&sock=startd_2507_2c05>
	SlotName: slot1_3@cluster345.knu.ac.kr
	CondorScratchDir = "/home/condor/dir_3086350"
	Cpus = 1
	Disk = 2842
	GPUs = 0
	Memory = 10300
...
001 (1209271.014.000) 2025-12-22 17:17:07 Job executing on host: <155.230.21.135:9618?addrs=155.230.21.135-9618+[2407-c000-c025--21-135]-9618&alias=cluster335.knu.ac.kr&noUDP&sock=startd_2528_9382>
	SlotName: slot1_6@cluster335.knu.ac.kr
	CondorScratchDir = "/home/condor/dir_1276226"
	Cpus = 1
	Disk = 2830
	GPUs = 0
	Memory = 10300
...
001 (1209271.018.000) 2025-12-22 17:17:07 Job executing on host: <155.230.21.155:9618?addrs=155.230.21.155-9618+[2407-c000-c025--21-155]-9618&alias=cluster355.knu.ac.kr&noUDP&sock=startd_8970_409c>
	SlotName: slot1_13@cluster355.knu.ac.kr
	CondorScratchDir = "/home/condor/dir_2023549"
	Cpus = 1
	Disk = 4673
	GPUs = 0
	Memory = 10300
...
001 (1209271.019.000) 2025-12-22 17:17:07 Job executing on host: <155.230.21.148:9618?addrs=155.230.21.148-9618+[2407-c000-c025--21-148]-9618&alias=cluster348.knu.ac.kr&noUDP&sock=startd_2894_9f2b>
	SlotName: slot1_7@cluster348.knu.ac.kr
	CondorScratchDir = "/home/condor/dir_790580"
	Cpus = 1
	Disk = 2048
	GPUs = 0
	Memory = 10300
...
001 (1209271.021.000) 2025-12-22 17:17:08 Job executing on host: <155.230.21.147:9618?addrs=155.230.21.147-9618+[2407-c000-c025--21-147]-9618&alias=cluster347.knu.ac.kr&noUDP&sock=startd_2481_568e>
	SlotName: slot1_6@cluster347.knu.ac.kr
	AvailableGPUs = {  }
	CondorScratchDir = "/home/condor/dir_2208450"
	Cpus = 1
	Disk = 2816
	GPUs = 0
	Memory = 10300
...
001 (1209271.023.000) 2025-12-22 17:17:08 Job executing on host: <155.230.21.155:9618?addrs=155.230.21.155-9618+[2407-c000-c025--21-155]-9618&alias=cluster355.knu.ac.kr&noUDP&sock=startd_8970_409c>
	SlotName: slot1_19@cluster355.knu.ac.kr
	CondorScratchDir = "/home/condor/dir_2023603"
	Cpus = 1
	Disk = 4673
	GPUs = 0
	Memory = 10300
...
001 (1209271.022.000) 2025-12-22 17:17:08 Job executing on host: <155.230.21.155:9618?addrs=155.230.21.155-9618+[2407-c000-c025--21-155]-9618&alias=cluster355.knu.ac.kr&noUDP&sock=startd_8970_409c>
	SlotName: slot1_14@cluster355.knu.ac.kr
	CondorScratchDir = "/home/condor/dir_2023593"
	Cpus = 1
	Disk = 4673
	GPUs = 0
	Memory = 10300
...
005 (1209271.009.000) 2025-12-22 17:17:09 Job terminated.
	(1) Normal termination (return value 0)
		Usr 0 00:00:20, Sys 0 00:00:01  -  Run Remote Usage
		Usr 0 00:00:00, Sys 0 00:00:00  -  Run Local Usage
		Usr 0 00:00:20, Sys 0 00:00:01  -  Total Remote Usage
		Usr 0 00:00:00, Sys 0 00:00:00  -  Total Local Usage
	0  -  Run Bytes Sent By Job
	0  -  Run Bytes Received By Job
	0  -  Total Bytes Sent By Job
	0  -  Total Bytes Received By Job
	Partitionable Resources :    Usage  Request Allocated 
	   Cpus                 :        0        1         1 
	   Disk (KB)            :        1        1      8391 
	   GPUs                 :                           0 
	   Memory (MB)          :      150    10240     10300 
	   TimeExecute (s)      :       23                    
	   TimeSlotBusy (s)     :       24                    

	Job terminated of its own accord at 2025-12-22T08:17:05Z with exit-code 0.
...
006 (1209271.010.000) 2025-12-22 17:17:10 Image size of job updated: 418436
	159  -  MemoryUsage of job (MB)
	161808  -  ResidentSetSize of job (KB)
...
005 (1209271.010.000) 2025-12-22 17:17:10 Job terminated.
	(1) Normal termination (return value 0)
		Usr 0 00:00:24, Sys 0 00:00:00  -  Run Remote Usage
		Usr 0 00:00:00, Sys 0 00:00:00  -  Run Local Usage
		Usr 0 00:00:24, Sys 0 00:00:00  -  Total Remote Usage
		Usr 0 00:00:00, Sys 0 00:00:00  -  Total Local Usage
	0  -  Run Bytes Sent By Job
	0  -  Run Bytes Received By Job
	0  -  Total Bytes Sent By Job
	0  -  Total Bytes Received By Job
	Partitionable Resources :    Usage  Request Allocated 
	   Cpus                 :     0.29        1         1 
	   Disk (KB)            :     1           1      2770 
	   GPUs                 :                           0 
	   Memory (MB)          :   159       10240     10300 
	   TimeExecute (s)      :    26                       
	   TimeSlotBusy (s)     :    26                       

	Job terminated of its own accord at 2025-12-22T08:17:10Z with exit-code 0.
...
006 (1209271.021.000) 2025-12-22 17:17:13 Image size of job updated: 152876
	0  -  MemoryUsage of job (MB)
	0  -  ResidentSetSize of job (KB)
...
005 (1209271.021.000) 2025-12-22 17:17:13 Job terminated.
	(1) Normal termination (return value 0)
		Usr 0 00:00:04, Sys 0 00:00:00  -  Run Remote Usage
		Usr 0 00:00:00, Sys 0 00:00:00  -  Run Local Usage
		Usr 0 00:00:04, Sys 0 00:00:00  -  Total Remote Usage
		Usr 0 00:00:00, Sys 0 00:00:00  -  Total Local Usage
	0  -  Run Bytes Sent By Job
	0  -  Run Bytes Received By Job
	0  -  Total Bytes Sent By Job
	0  -  Total Bytes Received By Job
	Partitionable Resources :    Usage  Request Allocated 
	   Cpus                 :        0        1         1 
	   Disk (KB)            :        1        1      2816 
	   GPUs                 :                           0 
	   Memory (MB)          :        0    10240     10300 
	   TimeExecute (s)      :        5                    
	   TimeSlotBusy (s)     :        5                    

	Job terminated of its own accord at 2025-12-22T08:17:13Z with exit-code 0.
...
006 (1209271.013.000) 2025-12-22 17:17:13 Image size of job updated: 152856
	0  -  MemoryUsage of job (MB)
	0  -  ResidentSetSize of job (KB)
...
005 (1209271.013.000) 2025-12-22 17:17:13 Job terminated.
	(1) Normal termination (return value 0)
		Usr 0 00:00:07, Sys 0 00:00:00  -  Run Remote Usage
		Usr 0 00:00:00, Sys 0 00:00:00  -  Run Local Usage
		Usr 0 00:00:07, Sys 0 00:00:00  -  Total Remote Usage
		Usr 0 00:00:00, Sys 0 00:00:00  -  Total Local Usage
	0  -  Run Bytes Sent By Job
	0  -  Run Bytes Received By Job
	0  -  Total Bytes Sent By Job
	0  -  Total Bytes Received By Job
	Partitionable Resources :    Usage  Request Allocated 
	   Cpus                 :        0        1         1 
	   Disk (KB)            :        1        1      2816 
	   GPUs                 :                           0 
	   Memory (MB)          :        0    10240     10300 
	   TimeExecute (s)      :        8                    
	   TimeSlotBusy (s)     :        8                    

	Job terminated of its own accord at 2025-12-22T08:17:13Z with exit-code 0.
...
006 (1209271.022.000) 2025-12-22 17:17:14 Image size of job updated: 152848
	0  -  MemoryUsage of job (MB)
	0  -  ResidentSetSize of job (KB)
...
005 (1209271.022.000) 2025-12-22 17:17:14 Job terminated.
	(1) Normal termination (return value 0)
		Usr 0 00:00:04, Sys 0 00:00:00  -  Run Remote Usage
		Usr 0 00:00:00, Sys 0 00:00:00  -  Run Local Usage
		Usr 0 00:00:04, Sys 0 00:00:00  -  Total Remote Usage
		Usr 0 00:00:00, Sys 0 00:00:00  -  Total Local Usage
	0  -  Run Bytes Sent By Job
	0  -  Run Bytes Received By Job
	0  -  Total Bytes Sent By Job
	0  -  Total Bytes Received By Job
	Partitionable Resources :    Usage  Request Allocated 
	   Cpus                 :        0        1         1 
	   Disk (KB)            :        1        1      4673 
	   GPUs                 :                           0 
	   Memory (MB)          :        0    10240     10300 
	   TimeExecute (s)      :        6                    
	   TimeSlotBusy (s)     :        6                    

	Job terminated of its own accord at 2025-12-22T08:17:14Z with exit-code 0.
...
006 (1209271.017.000) 2025-12-22 17:17:14 Image size of job updated: 125324
	123  -  MemoryUsage of job (MB)
	125324  -  ResidentSetSize of job (KB)
...
006 (1209271.015.000) 2025-12-22 17:17:14 Image size of job updated: 153780
	151  -  MemoryUsage of job (MB)
	153780  -  ResidentSetSize of job (KB)
...
006 (1209271.016.000) 2025-12-22 17:17:14 Image size of job updated: 136196
	134  -  MemoryUsage of job (MB)
	136196  -  ResidentSetSize of job (KB)
...
001 (1209271.020.000) 2025-12-22 17:17:14 Job executing on host: <155.230.21.151:9618?addrs=155.230.21.151-9618+[2407-c000-c025--21-151]-9618&alias=cluster351.knu.ac.kr&noUDP&sock=startd_3486_af3c>
	SlotName: slot1_13@cluster351.knu.ac.kr
	CondorScratchDir = "/home/condor/dir_4080451"
	Cpus = 1
	Disk = 8391
	GPUs = 0
	Memory = 10300
...
001 (1209271.024.000) 2025-12-22 17:17:14 Job executing on host: <155.230.21.151:9618?addrs=155.230.21.151-9618+[2407-c000-c025--21-151]-9618&alias=cluster351.knu.ac.kr&noUDP&sock=startd_3486_af3c>
	SlotName: slot1_27@cluster351.knu.ac.kr
	CondorScratchDir = "/home/condor/dir_4080454"
	Cpus = 1
	Disk = 8391
	GPUs = 0
	Memory = 10300
...
001 (1209271.025.000) 2025-12-22 17:17:14 Job executing on host: <155.230.21.151:9618?addrs=155.230.21.151-9618+[2407-c000-c025--21-151]-9618&alias=cluster351.knu.ac.kr&noUDP&sock=startd_3486_af3c>
	SlotName: slot1_29@cluster351.knu.ac.kr
	CondorScratchDir = "/home/condor/dir_4080462"
	Cpus = 1
	Disk = 8391
	GPUs = 0
	Memory = 10300
...
006 (1209271.011.000) 2025-12-22 17:17:14 Image size of job updated: 153148
	150  -  MemoryUsage of job (MB)
	153148  -  ResidentSetSize of job (KB)
...
006 (1209271.012.000) 2025-12-22 17:17:14 Image size of job updated: 153216
	150  -  MemoryUsage of job (MB)
	153216  -  ResidentSetSize of job (KB)
...
001 (1209271.026.000) 2025-12-22 17:17:15 Job executing on host: <155.230.21.151:9618?addrs=155.230.21.151-9618+[2407-c000-c025--21-151]-9618&alias=cluster351.knu.ac.kr&noUDP&sock=startd_3486_af3c>
	SlotName: slot1_36@cluster351.knu.ac.kr
	CondorScratchDir = "/home/condor/dir_4080594"
	Cpus = 1
	Disk = 8391
	GPUs = 0
	Memory = 10300
...
006 (1209271.023.000) 2025-12-22 17:17:16 Image size of job updated: 159060
	156  -  MemoryUsage of job (MB)
	159060  -  ResidentSetSize of job (KB)
...
006 (1209271.014.000) 2025-12-22 17:17:16 Image size of job updated: 153500
	150  -  MemoryUsage of job (MB)
	153500  -  ResidentSetSize of job (KB)
...
006 (1209271.018.000) 2025-12-22 17:17:16 Image size of job updated: 168688
	165  -  MemoryUsage of job (MB)
	168688  -  ResidentSetSize of job (KB)
...
006 (1209271.019.000) 2025-12-22 17:17:16 Image size of job updated: 152896
	150  -  MemoryUsage of job (MB)
	152896  -  ResidentSetSize of job (KB)
...
005 (1209271.019.000) 2025-12-22 17:17:18 Job terminated.
	(1) Normal termination (return value 0)
		Usr 0 00:00:08, Sys 0 00:00:00  -  Run Remote Usage
		Usr 0 00:00:00, Sys 0 00:00:00  -  Run Local Usage
		Usr 0 00:00:08, Sys 0 00:00:00  -  Total Remote Usage
		Usr 0 00:00:00, Sys 0 00:00:00  -  Total Local Usage
	0  -  Run Bytes Sent By Job
	0  -  Run Bytes Received By Job
	0  -  Total Bytes Sent By Job
	0  -  Total Bytes Received By Job
	Partitionable Resources :    Usage  Request Allocated 
	   Cpus                 :        0        1         1 
	   Disk (KB)            :        1        1      2048 
	   GPUs                 :                           0 
	   Memory (MB)          :      150    10240     10300 
	   TimeExecute (s)      :       11                    
	   TimeSlotBusy (s)     :       11                    

	Job terminated of its own accord at 2025-12-22T08:17:18Z with exit-code 0.
...
006 (1209271.017.000) 2025-12-22 17:17:19 Image size of job updated: 152864
	123  -  MemoryUsage of job (MB)
	125332  -  ResidentSetSize of job (KB)
...
005 (1209271.017.000) 2025-12-22 17:17:19 Job terminated.
	(1) Normal termination (return value 0)
		Usr 0 00:00:11, Sys 0 00:00:00  -  Run Remote Usage
		Usr 0 00:00:00, Sys 0 00:00:00  -  Run Local Usage
		Usr 0 00:00:11, Sys 0 00:00:00  -  Total Remote Usage
		Usr 0 00:00:00, Sys 0 00:00:00  -  Total Local Usage
	0  -  Run Bytes Sent By Job
	0  -  Run Bytes Received By Job
	0  -  Total Bytes Sent By Job
	0  -  Total Bytes Received By Job
	Partitionable Resources :    Usage  Request Allocated 
	   Cpus                 :                 1         1 
	   Disk (KB)            :        1        1      4693 
	   GPUs                 :                           0 
	   Memory (MB)          :      123    10240     10300 
	   TimeExecute (s)      :       13                    
	   TimeSlotBusy (s)     :       13                    

	Job terminated of its own accord at 2025-12-22T08:17:19Z with exit-code 0.
...
006 (1209271.026.000) 2025-12-22 17:17:22 Image size of job updated: 125688
	0  -  MemoryUsage of job (MB)
	0  -  ResidentSetSize of job (KB)
...
005 (1209271.026.000) 2025-12-22 17:17:22 Job terminated.
	(1) Normal termination (return value 0)
		Usr 0 00:00:06, Sys 0 00:00:00  -  Run Remote Usage
		Usr 0 00:00:00, Sys 0 00:00:00  -  Run Local Usage
		Usr 0 00:00:06, Sys 0 00:00:00  -  Total Remote Usage
		Usr 0 00:00:00, Sys 0 00:00:00  -  Total Local Usage
	0  -  Run Bytes Sent By Job
	0  -  Run Bytes Received By Job
	0  -  Total Bytes Sent By Job
	0  -  Total Bytes Received By Job
	Partitionable Resources :    Usage  Request Allocated 
	   Cpus                 :        0        1         1 
	   Disk (KB)            :        1        1      8391 
	   GPUs                 :                           0 
	   Memory (MB)          :        0    10240     10300 
	   TimeExecute (s)      :        7                    
	   TimeSlotBusy (s)     :        7                    

	Job terminated of its own accord at 2025-12-22T08:17:22Z with exit-code 0.
...
006 (1209271.020.000) 2025-12-22 17:17:23 Image size of job updated: 154056
	151  -  MemoryUsage of job (MB)
	154056  -  ResidentSetSize of job (KB)
...
006 (1209271.024.000) 2025-12-22 17:17:23 Image size of job updated: 154368
	151  -  MemoryUsage of job (MB)
	154368  -  ResidentSetSize of job (KB)
...
006 (1209271.025.000) 2025-12-22 17:17:23 Image size of job updated: 154344
	151  -  MemoryUsage of job (MB)
	154344  -  ResidentSetSize of job (KB)
...
001 (1209271.027.000) 2025-12-22 17:17:25 Job executing on host: <155.230.21.147:9618?addrs=155.230.21.147-9618+[2407-c000-c025--21-147]-9618&alias=cluster347.knu.ac.kr&noUDP&sock=startd_2481_568e>
	SlotName: slot1_2@cluster347.knu.ac.kr
	AvailableGPUs = {  }
	CondorScratchDir = "/home/condor/dir_2208638"
	Cpus = 1
	Disk = 2816
	GPUs = 0
	Memory = 10300
...
001 (1209271.028.000) 2025-12-22 17:17:25 Job executing on host: <155.230.21.145:9618?addrs=155.230.21.145-9618+[2407-c000-c025--21-145]-9618&alias=cluster345.knu.ac.kr&noUDP&sock=startd_2507_2c05>
	SlotName: slot1_8@cluster345.knu.ac.kr
	CondorScratchDir = "/home/condor/dir_3086716"
	Cpus = 1
	Disk = 2842
	GPUs = 0
	Memory = 10300
...
001 (1209271.030.000) 2025-12-22 17:17:26 Job executing on host: <155.230.21.135:9618?addrs=155.230.21.135-9618+[2407-c000-c025--21-135]-9618&alias=cluster335.knu.ac.kr&noUDP&sock=startd_2528_9382>
	SlotName: slot1_12@cluster335.knu.ac.kr
	CondorScratchDir = "/home/condor/dir_1276577"
	Cpus = 1
	Disk = 2830
	GPUs = 0
	Memory = 10300
...
001 (1209271.029.000) 2025-12-22 17:17:26 Job executing on host: <155.230.21.155:9618?addrs=155.230.21.155-9618+[2407-c000-c025--21-155]-9618&alias=cluster355.knu.ac.kr&noUDP&sock=startd_8970_409c>
	SlotName: slot1_7@cluster355.knu.ac.kr
	CondorScratchDir = "/home/condor/dir_2024062"
	Cpus = 1
	Disk = 4673
	GPUs = 0
	Memory = 10300
...
001 (1209271.031.000) 2025-12-22 17:17:26 Job executing on host: <155.230.21.137:9618?addrs=155.230.21.137-9618+[2407-c000-c025--21-137]-9618&alias=cluster337.knu.ac.kr&noUDP&sock=startd_3737_d982>
	SlotName: slot1_4@cluster337.knu.ac.kr
	CondorScratchDir = "/home/condor/dir_137640"
	Cpus = 1
	Disk = 4693
	GPUs = 0
	Memory = 10300
...
001 (1209271.034.000) 2025-12-22 17:17:28 Job executing on host: <155.230.21.151:9618?addrs=155.230.21.151-9618+[2407-c000-c025--21-151]-9618&alias=cluster351.knu.ac.kr&noUDP&sock=startd_3486_af3c>
	SlotName: slot1_3@cluster351.knu.ac.kr
	CondorScratchDir = "/home/condor/dir_4081297"
	Cpus = 1
	Disk = 8391
	GPUs = 0
	Memory = 10300
...
001 (1209271.033.000) 2025-12-22 17:17:28 Job executing on host: <155.230.21.153:9618?addrs=155.230.21.153-9618+[2407-c000-c024-0-12ff-e0ff-fe03-bebe]-9618&alias=cluster353.knu.ac.kr&noUDP&sock=startd_3951_a2c6>
	SlotName: slot1_4@cluster353.knu.ac.kr
	CondorScratchDir = "/home/condor/dir_4006826"
	Cpus = 1
	Disk = 2770
	GPUs = 0
	Memory = 10300
...
001 (1209271.035.000) 2025-12-22 17:17:28 Job executing on host: <155.230.21.147:9618?addrs=155.230.21.147-9618+[2407-c000-c025--21-147]-9618&alias=cluster347.knu.ac.kr&noUDP&sock=startd_2481_568e>
	SlotName: slot1_6@cluster347.knu.ac.kr
	AvailableGPUs = {  }
	CondorScratchDir = "/home/condor/dir_2208809"
	Cpus = 1
	Disk = 2816
	GPUs = 0
	Memory = 10300
...
001 (1209271.037.000) 2025-12-22 17:17:28 Job executing on host: <155.230.21.155:9618?addrs=155.230.21.155-9618+[2407-c000-c025--21-155]-9618&alias=cluster355.knu.ac.kr&noUDP&sock=startd_8970_409c>
	SlotName: slot1_14@cluster355.knu.ac.kr
	CondorScratchDir = "/home/condor/dir_2024227"
	Cpus = 1
	Disk = 4673
	GPUs = 0
	Memory = 10300
...
001 (1209271.032.000) 2025-12-22 17:17:28 Job executing on host: <155.230.21.148:9618?addrs=155.230.21.148-9618+[2407-c000-c025--21-148]-9618&alias=cluster348.knu.ac.kr&noUDP&sock=startd_2894_9f2b>
	SlotName: slot1_7@cluster348.knu.ac.kr
	CondorScratchDir = "/home/condor/dir_790924"
	Cpus = 1
	Disk = 2048
	GPUs = 0
	Memory = 10300
...
001 (1209271.036.000) 2025-12-22 17:17:28 Job executing on host: <155.230.21.135:9618?addrs=155.230.21.135-9618+[2407-c000-c025--21-135]-9618&alias=cluster335.knu.ac.kr&noUDP&sock=startd_2528_9382>
	SlotName: slot1_19@cluster335.knu.ac.kr
	CondorScratchDir = "/home/condor/dir_1276743"
	Cpus = 1
	Disk = 2830
	GPUs = 0
	Memory = 10300
...
001 (1209271.039.000) 2025-12-22 17:17:29 Job executing on host: <155.230.21.153:9618?addrs=155.230.21.153-9618+[2407-c000-c024-0-12ff-e0ff-fe03-bebe]-9618&alias=cluster353.knu.ac.kr&noUDP&sock=startd_3951_a2c6>
	SlotName: slot1_6@cluster353.knu.ac.kr
	CondorScratchDir = "/home/condor/dir_4006997"
	Cpus = 1
	Disk = 2770
	GPUs = 0
	Memory = 10300
...
001 (1209271.038.000) 2025-12-22 17:17:29 Job executing on host: <155.230.21.137:9618?addrs=155.230.21.137-9618+[2407-c000-c025--21-137]-9618&alias=cluster337.knu.ac.kr&noUDP&sock=startd_3737_d982>
	SlotName: slot1_14@cluster337.knu.ac.kr
	CondorScratchDir = "/home/condor/dir_137887"
	Cpus = 1
	Disk = 4693
	GPUs = 0
	Memory = 10300
...
001 (1209271.040.000) 2025-12-22 17:17:29 Job executing on host: <155.230.21.151:9618?addrs=155.230.21.151-9618+[2407-c000-c025--21-151]-9618&alias=cluster351.knu.ac.kr&noUDP&sock=startd_3486_af3c>
	SlotName: slot1_14@cluster351.knu.ac.kr
	CondorScratchDir = "/home/condor/dir_4081462"
	Cpus = 1
	Disk = 8391
	GPUs = 0
	Memory = 10300
...
001 (1209271.042.000) 2025-12-22 17:17:31 Job executing on host: <155.230.21.151:9618?addrs=155.230.21.151-9618+[2407-c000-c025--21-151]-9618&alias=cluster351.knu.ac.kr&noUDP&sock=startd_3486_af3c>
	SlotName: slot1_20@cluster351.knu.ac.kr
	CondorScratchDir = "/home/condor/dir_4081551"
	Cpus = 1
	Disk = 8391
	GPUs = 0
	Memory = 10300
...
001 (1209271.041.000) 2025-12-22 17:17:31 Job executing on host: <155.230.21.137:9618?addrs=155.230.21.137-9618+[2407-c000-c025--21-137]-9618&alias=cluster337.knu.ac.kr&noUDP&sock=startd_3737_d982>
	SlotName: slot1_30@cluster337.knu.ac.kr
	CondorScratchDir = "/home/condor/dir_137960"
	Cpus = 1
	Disk = 4693
	GPUs = 0
	Memory = 10300
...
001 (1209271.043.000) 2025-12-22 17:17:31 Job executing on host: <155.230.21.151:9618?addrs=155.230.21.151-9618+[2407-c000-c025--21-151]-9618&alias=cluster351.knu.ac.kr&noUDP&sock=startd_3486_af3c>
	SlotName: slot1_36@cluster351.knu.ac.kr
	CondorScratchDir = "/home/condor/dir_4081557"
	Cpus = 1
	Disk = 8391
	GPUs = 0
	Memory = 10300
...
001 (1209271.044.000) 2025-12-22 17:17:31 Job executing on host: <155.230.21.151:9618?addrs=155.230.21.151-9618+[2407-c000-c025--21-151]-9618&alias=cluster351.knu.ac.kr&noUDP&sock=startd_3486_af3c>
	SlotName: slot1_37@cluster351.knu.ac.kr
	CondorScratchDir = "/home/condor/dir_4081570"
	Cpus = 1
	Disk = 8391
	GPUs = 0
	Memory = 10300
...
006 (1209271.027.000) 2025-12-22 17:17:33 Image size of job updated: 152940
	150  -  MemoryUsage of job (MB)
	152940  -  ResidentSetSize of job (KB)
...
006 (1209271.028.000) 2025-12-22 17:17:34 Image size of job updated: 154280
	151  -  MemoryUsage of job (MB)
	154280  -  ResidentSetSize of job (KB)
...
006 (1209271.030.000) 2025-12-22 17:17:35 Image size of job updated: 152940
	150  -  MemoryUsage of job (MB)
	152940  -  ResidentSetSize of job (KB)
...
006 (1209271.029.000) 2025-12-22 17:17:35 Image size of job updated: 158936
	156  -  MemoryUsage of job (MB)
	158936  -  ResidentSetSize of job (KB)
...
006 (1209271.031.000) 2025-12-22 17:17:35 Image size of job updated: 128772
	126  -  MemoryUsage of job (MB)
	128772  -  ResidentSetSize of job (KB)
...
006 (1209271.034.000) 2025-12-22 17:17:36 Image size of job updated: 133876
	131  -  MemoryUsage of job (MB)
	133876  -  ResidentSetSize of job (KB)
...
006 (1209271.033.000) 2025-12-22 17:17:36 Image size of job updated: 154208
	151  -  MemoryUsage of job (MB)
	154208  -  ResidentSetSize of job (KB)
...
006 (1209271.035.000) 2025-12-22 17:17:36 Image size of job updated: 157312
	154  -  MemoryUsage of job (MB)
	157312  -  ResidentSetSize of job (KB)
...
006 (1209271.037.000) 2025-12-22 17:17:36 Image size of job updated: 159168
	156  -  MemoryUsage of job (MB)
	159168  -  ResidentSetSize of job (KB)
...
006 (1209271.032.000) 2025-12-22 17:17:36 Image size of job updated: 152896
	150  -  MemoryUsage of job (MB)
	152896  -  ResidentSetSize of job (KB)
...
006 (1209271.018.000) 2025-12-22 17:17:37 Image size of job updated: 439968
	165  -  MemoryUsage of job (MB)
	168688  -  ResidentSetSize of job (KB)
...
005 (1209271.018.000) 2025-12-22 17:17:37 Job terminated.
	(1) Normal termination (return value 0)
		Usr 0 00:00:27, Sys 0 00:00:00  -  Run Remote Usage
		Usr 0 00:00:00, Sys 0 00:00:00  -  Run Local Usage
		Usr 0 00:00:27, Sys 0 00:00:00  -  Total Remote Usage
		Usr 0 00:00:00, Sys 0 00:00:00  -  Total Local Usage
	0  -  Run Bytes Sent By Job
	0  -  Run Bytes Received By Job
	0  -  Total Bytes Sent By Job
	0  -  Total Bytes Received By Job
	Partitionable Resources :    Usage  Request Allocated 
	   Cpus                 :        0        1         1 
	   Disk (KB)            :        1        1      4673 
	   GPUs                 :                           0 
	   Memory (MB)          :      165    10240     10300 
	   TimeExecute (s)      :       30                    
	   TimeSlotBusy (s)     :       30                    

	Job terminated of its own accord at 2025-12-22T08:17:37Z with exit-code 0.
...
006 (1209271.036.000) 2025-12-22 17:17:37 Image size of job updated: 152984
	150  -  MemoryUsage of job (MB)
	152984  -  ResidentSetSize of job (KB)
...
006 (1209271.039.000) 2025-12-22 17:17:38 Image size of job updated: 152908
	150  -  MemoryUsage of job (MB)
	152908  -  ResidentSetSize of job (KB)
...
006 (1209271.038.000) 2025-12-22 17:17:38 Image size of job updated: 154404
	151  -  MemoryUsage of job (MB)
	154404  -  ResidentSetSize of job (KB)
...
006 (1209271.040.000) 2025-12-22 17:17:38 Image size of job updated: 152916
	150  -  MemoryUsage of job (MB)
	152916  -  ResidentSetSize of job (KB)
...
006 (1209271.042.000) 2025-12-22 17:17:39 Image size of job updated: 152888
	150  -  MemoryUsage of job (MB)
	152888  -  ResidentSetSize of job (KB)
...
006 (1209271.041.000) 2025-12-22 17:17:39 Image size of job updated: 153228
	150  -  MemoryUsage of job (MB)
	153228  -  ResidentSetSize of job (KB)
...
006 (1209271.043.000) 2025-12-22 17:17:39 Image size of job updated: 153220
	150  -  MemoryUsage of job (MB)
	153220  -  ResidentSetSize of job (KB)
...
006 (1209271.027.000) 2025-12-22 17:17:39 Image size of job updated: 182384
	150  -  MemoryUsage of job (MB)
	152940  -  ResidentSetSize of job (KB)
...
005 (1209271.027.000) 2025-12-22 17:17:39 Job terminated.
	(1) Normal termination (return value 0)
		Usr 0 00:00:13, Sys 0 00:00:00  -  Run Remote Usage
		Usr 0 00:00:00, Sys 0 00:00:00  -  Run Local Usage
		Usr 0 00:00:13, Sys 0 00:00:00  -  Total Remote Usage
		Usr 0 00:00:00, Sys 0 00:00:00  -  Total Local Usage
	0  -  Run Bytes Sent By Job
	0  -  Run Bytes Received By Job
	0  -  Total Bytes Sent By Job
	0  -  Total Bytes Received By Job
	Partitionable Resources :    Usage  Request Allocated 
	   Cpus                 :        0        1         1 
	   Disk (KB)            :        1        1      2816 
	   GPUs                 :                           0 
	   Memory (MB)          :      150    10240     10300 
	   TimeExecute (s)      :       14                    
	   TimeSlotBusy (s)     :       14                    

	Job terminated of its own accord at 2025-12-22T08:17:39Z with exit-code 0.
...
006 (1209271.044.000) 2025-12-22 17:17:40 Image size of job updated: 154368
	151  -  MemoryUsage of job (MB)
	154368  -  ResidentSetSize of job (KB)
...
005 (1209271.032.000) 2025-12-22 17:17:41 Job terminated.
	(1) Normal termination (return value 0)
		Usr 0 00:00:10, Sys 0 00:00:00  -  Run Remote Usage
		Usr 0 00:00:00, Sys 0 00:00:00  -  Run Local Usage
		Usr 0 00:00:10, Sys 0 00:00:00  -  Total Remote Usage
		Usr 0 00:00:00, Sys 0 00:00:00  -  Total Local Usage
	0  -  Run Bytes Sent By Job
	0  -  Run Bytes Received By Job
	0  -  Total Bytes Sent By Job
	0  -  Total Bytes Received By Job
	Partitionable Resources :    Usage  Request Allocated 
	   Cpus                 :        0        1         1 
	   Disk (KB)            :        1        1      2048 
	   GPUs                 :                           0 
	   Memory (MB)          :      150    10240     10300 
	   TimeExecute (s)      :       13                    
	   TimeSlotBusy (s)     :       14                    

	Job terminated of its own accord at 2025-12-22T08:17:41Z with exit-code 0.
...
006 (1209271.039.000) 2025-12-22 17:17:43 Image size of job updated: 162452
	150  -  MemoryUsage of job (MB)
	152908  -  ResidentSetSize of job (KB)
...
005 (1209271.039.000) 2025-12-22 17:17:43 Job terminated.
	(1) Normal termination (return value 0)
		Usr 0 00:00:11, Sys 0 00:00:00  -  Run Remote Usage
		Usr 0 00:00:00, Sys 0 00:00:00  -  Run Local Usage
		Usr 0 00:00:11, Sys 0 00:00:00  -  Total Remote Usage
		Usr 0 00:00:00, Sys 0 00:00:00  -  Total Local Usage
	0  -  Run Bytes Sent By Job
	0  -  Run Bytes Received By Job
	0  -  Total Bytes Sent By Job
	0  -  Total Bytes Received By Job
	Partitionable Resources :    Usage  Request Allocated 
	   Cpus                 :        0        1         1 
	   Disk (KB)            :        1        1      2770 
	   GPUs                 :                           0 
	   Memory (MB)          :      150    10240     10300 
	   TimeExecute (s)      :       14                    
	   TimeSlotBusy (s)     :       14                    

	Job terminated of its own accord at 2025-12-22T08:17:43Z with exit-code 0.
...
005 (1209271.040.000) 2025-12-22 17:17:43 Job terminated.
	(1) Normal termination (return value 0)
		Usr 0 00:00:12, Sys 0 00:00:00  -  Run Remote Usage
		Usr 0 00:00:00, Sys 0 00:00:00  -  Run Local Usage
		Usr 0 00:00:12, Sys 0 00:00:00  -  Total Remote Usage
		Usr 0 00:00:00, Sys 0 00:00:00  -  Total Local Usage
	0  -  Run Bytes Sent By Job
	0  -  Run Bytes Received By Job
	0  -  Total Bytes Sent By Job
	0  -  Total Bytes Received By Job
	Partitionable Resources :    Usage  Request Allocated 
	   Cpus                 :     0.80        1         1 
	   Disk (KB)            :     1           1      8391 
	   GPUs                 :                           0 
	   Memory (MB)          :   150       10240     10300 
	   TimeExecute (s)      :    14                       
	   TimeSlotBusy (s)     :    14                       

	Job terminated of its own accord at 2025-12-22T08:17:43Z with exit-code 0.
...
006 (1209271.042.000) 2025-12-22 17:17:45 Image size of job updated: 152916
	150  -  MemoryUsage of job (MB)
	152888  -  ResidentSetSize of job (KB)
...
006 (1209271.011.000) 2025-12-22 17:17:45 Image size of job updated: 339060
	150  -  MemoryUsage of job (MB)
	153148  -  ResidentSetSize of job (KB)
...
005 (1209271.042.000) 2025-12-22 17:17:45 Job terminated.
	(1) Normal termination (return value 0)
		Usr 0 00:00:11, Sys 0 00:00:00  -  Run Remote Usage
		Usr 0 00:00:00, Sys 0 00:00:00  -  Run Local Usage
		Usr 0 00:00:11, Sys 0 00:00:00  -  Total Remote Usage
		Usr 0 00:00:00, Sys 0 00:00:00  -  Total Local Usage
	0  -  Run Bytes Sent By Job
	0  -  Run Bytes Received By Job
	0  -  Total Bytes Sent By Job
	0  -  Total Bytes Received By Job
	Partitionable Resources :    Usage  Request Allocated 
	   Cpus                 :     0.47        1         1 
	   Disk (KB)            :     1           1      8391 
	   GPUs                 :                           0 
	   Memory (MB)          :   150       10240     10300 
	   TimeExecute (s)      :    14                       
	   TimeSlotBusy (s)     :    15                       

	Job terminated of its own accord at 2025-12-22T08:17:45Z with exit-code 0.
...
005 (1209271.011.000) 2025-12-22 17:17:45 Job terminated.
	(1) Normal termination (return value 0)
		Usr 0 00:00:36, Sys 0 00:00:01  -  Run Remote Usage
		Usr 0 00:00:00, Sys 0 00:00:00  -  Run Local Usage
		Usr 0 00:00:36, Sys 0 00:00:01  -  Total Remote Usage
		Usr 0 00:00:00, Sys 0 00:00:00  -  Total Local Usage
	0  -  Run Bytes Sent By Job
	0  -  Run Bytes Received By Job
	0  -  Total Bytes Sent By Job
	0  -  Total Bytes Received By Job
	Partitionable Resources :    Usage  Request Allocated 
	   Cpus                 :        0        1         1 
	   Disk (KB)            :        1        1      2825 
	   GPUs                 :                           0 
	   Memory (MB)          :      150    10240     10300 
	   TimeExecute (s)      :       40                    
	   TimeSlotBusy (s)     :       40                    

	Job terminated of its own accord at 2025-12-22T08:17:45Z with exit-code 0.
...
001 (1209271.045.000) 2025-12-22 17:17:47 Job executing on host: <155.230.21.88:9618?addrs=155.230.21.88-9618+[2407-c000-c025--21-88]-9618&alias=cluster288.knu.ac.kr&noUDP&sock=startd_1395_6eb4>
	SlotName: slot1_7@cluster288.knu.ac.kr
	CondorScratchDir = "/home/condor/dir_3483166"
	Cpus = 1
	Disk = 2771
	GPUs = 0
	Memory = 10300
...
006 (1209271.030.000) 2025-12-22 17:17:48 Image size of job updated: 233272
	150  -  MemoryUsage of job (MB)
	152940  -  ResidentSetSize of job (KB)
...
005 (1209271.030.000) 2025-12-22 17:17:48 Job terminated.
	(1) Normal termination (return value 0)
		Usr 0 00:00:19, Sys 0 00:00:00  -  Run Remote Usage
		Usr 0 00:00:00, Sys 0 00:00:00  -  Run Local Usage
		Usr 0 00:00:19, Sys 0 00:00:00  -  Total Remote Usage
		Usr 0 00:00:00, Sys 0 00:00:00  -  Total Local Usage
	0  -  Run Bytes Sent By Job
	0  -  Run Bytes Received By Job
	0  -  Total Bytes Sent By Job
	0  -  Total Bytes Received By Job
	Partitionable Resources :    Usage  Request Allocated 
	   Cpus                 :        0        1         1 
	   Disk (KB)            :        1        1      2830 
	   GPUs                 :                           0 
	   Memory (MB)          :      150    10240     10300 
	   TimeExecute (s)      :       22                    
	   TimeSlotBusy (s)     :       22                    

	Job terminated of its own accord at 2025-12-22T08:17:48Z with exit-code 0.
...
006 (1209271.035.000) 2025-12-22 17:17:50 Image size of job updated: 351424
	154  -  MemoryUsage of job (MB)
	157312  -  ResidentSetSize of job (KB)
...
006 (1209271.036.000) 2025-12-22 17:17:50 Image size of job updated: 264068
	150  -  MemoryUsage of job (MB)
	152984  -  ResidentSetSize of job (KB)
...
005 (1209271.035.000) 2025-12-22 17:17:50 Job terminated.
	(1) Normal termination (return value 0)
		Usr 0 00:00:20, Sys 0 00:00:00  -  Run Remote Usage
		Usr 0 00:00:00, Sys 0 00:00:00  -  Run Local Usage
		Usr 0 00:00:20, Sys 0 00:00:00  -  Total Remote Usage
		Usr 0 00:00:00, Sys 0 00:00:00  -  Total Local Usage
	0  -  Run Bytes Sent By Job
	0  -  Run Bytes Received By Job
	0  -  Total Bytes Sent By Job
	0  -  Total Bytes Received By Job
	Partitionable Resources :    Usage  Request Allocated 
	   Cpus                 :        0        1         1 
	   Disk (KB)            :        1        1      2816 
	   GPUs                 :                           0 
	   Memory (MB)          :      154    10240     10300 
	   TimeExecute (s)      :       22                    
	   TimeSlotBusy (s)     :       22                    

	Job terminated of its own accord at 2025-12-22T08:17:50Z with exit-code 0.
...
005 (1209271.036.000) 2025-12-22 17:17:50 Job terminated.
	(1) Normal termination (return value 0)
		Usr 0 00:00:19, Sys 0 00:00:00  -  Run Remote Usage
		Usr 0 00:00:00, Sys 0 00:00:00  -  Run Local Usage
		Usr 0 00:00:19, Sys 0 00:00:00  -  Total Remote Usage
		Usr 0 00:00:00, Sys 0 00:00:00  -  Total Local Usage
	0  -  Run Bytes Sent By Job
	0  -  Run Bytes Received By Job
	0  -  Total Bytes Sent By Job
	0  -  Total Bytes Received By Job
	Partitionable Resources :    Usage  Request Allocated 
	   Cpus                 :        0        1         1 
	   Disk (KB)            :        1        1      2830 
	   GPUs                 :                           0 
	   Memory (MB)          :      150    10240     10300 
	   TimeExecute (s)      :       22                    
	   TimeSlotBusy (s)     :       22                    

	Job terminated of its own accord at 2025-12-22T08:17:50Z with exit-code 0.
...
006 (1209271.012.000) 2025-12-22 17:17:50 Image size of job updated: 405848
	150  -  MemoryUsage of job (MB)
	153216  -  ResidentSetSize of job (KB)
...
005 (1209271.012.000) 2025-12-22 17:17:50 Job terminated.
	(1) Normal termination (return value 0)
		Usr 0 00:00:41, Sys 0 00:00:01  -  Run Remote Usage
		Usr 0 00:00:00, Sys 0 00:00:00  -  Run Local Usage
		Usr 0 00:00:41, Sys 0 00:00:01  -  Total Remote Usage
		Usr 0 00:00:00, Sys 0 00:00:00  -  Total Local Usage
	0  -  Run Bytes Sent By Job
	0  -  Run Bytes Received By Job
	0  -  Total Bytes Sent By Job
	0  -  Total Bytes Received By Job
	Partitionable Resources :    Usage  Request Allocated 
	   Cpus                 :        0        1         1 
	   Disk (KB)            :        1        1      2822 
	   GPUs                 :                           0 
	   Memory (MB)          :      150    10240     10300 
	   TimeExecute (s)      :       45                    
	   TimeSlotBusy (s)     :       45                    

	Job terminated of its own accord at 2025-12-22T08:17:50Z with exit-code 0.
...
006 (1209271.045.000) 2025-12-22 17:17:56 Image size of job updated: 152856
	150  -  MemoryUsage of job (MB)
	152856  -  ResidentSetSize of job (KB)
...
006 (1209271.043.000) 2025-12-22 17:17:59 Image size of job updated: 354320
	150  -  MemoryUsage of job (MB)
	153220  -  ResidentSetSize of job (KB)
...
005 (1209271.043.000) 2025-12-22 17:18:00 Job terminated.
	(1) Normal termination (return value 0)
		Usr 0 00:00:25, Sys 0 00:00:01  -  Run Remote Usage
		Usr 0 00:00:00, Sys 0 00:00:00  -  Run Local Usage
		Usr 0 00:00:25, Sys 0 00:00:01  -  Total Remote Usage
		Usr 0 00:00:00, Sys 0 00:00:00  -  Total Local Usage
	0  -  Run Bytes Sent By Job
	0  -  Run Bytes Received By Job
	0  -  Total Bytes Sent By Job
	0  -  Total Bytes Received By Job
	Partitionable Resources :    Usage  Request Allocated 
	   Cpus                 :     0.48        1         1 
	   Disk (KB)            :     1           1      8391 
	   GPUs                 :                           0 
	   Memory (MB)          :   150       10240     10300 
	   TimeExecute (s)      :    28                       
	   TimeSlotBusy (s)     :    30                       

	Job terminated of its own accord at 2025-12-22T08:17:59Z with exit-code 0.
...
006 (1209271.014.000) 2025-12-22 17:18:01 Image size of job updated: 634384
	150  -  MemoryUsage of job (MB)
	153500  -  ResidentSetSize of job (KB)
...
005 (1209271.014.000) 2025-12-22 17:18:01 Job terminated.
	(1) Normal termination (return value 0)
		Usr 0 00:00:50, Sys 0 00:00:01  -  Run Remote Usage
		Usr 0 00:00:00, Sys 0 00:00:00  -  Run Local Usage
		Usr 0 00:00:50, Sys 0 00:00:01  -  Total Remote Usage
		Usr 0 00:00:00, Sys 0 00:00:00  -  Total Local Usage
	0  -  Run Bytes Sent By Job
	0  -  Run Bytes Received By Job
	0  -  Total Bytes Sent By Job
	0  -  Total Bytes Received By Job
	Partitionable Resources :    Usage  Request Allocated 
	   Cpus                 :        0        1         1 
	   Disk (KB)            :        1        1      2830 
	   GPUs                 :                           0 
	   Memory (MB)          :      150    10240     10300 
	   TimeExecute (s)      :       54                    
	   TimeSlotBusy (s)     :       54                    

	Job terminated of its own accord at 2025-12-22T08:18:01Z with exit-code 0.
...
006 (1209271.016.000) 2025-12-22 17:18:02 Image size of job updated: 513584
	134  -  MemoryUsage of job (MB)
	136584  -  ResidentSetSize of job (KB)
...
005 (1209271.016.000) 2025-12-22 17:18:02 Job terminated.
	(1) Normal termination (return value 0)
		Usr 0 00:00:51, Sys 0 00:00:01  -  Run Remote Usage
		Usr 0 00:00:00, Sys 0 00:00:00  -  Run Local Usage
		Usr 0 00:00:51, Sys 0 00:00:01  -  Total Remote Usage
		Usr 0 00:00:00, Sys 0 00:00:00  -  Total Local Usage
	0  -  Run Bytes Sent By Job
	0  -  Run Bytes Received By Job
	0  -  Total Bytes Sent By Job
	0  -  Total Bytes Received By Job
	Partitionable Resources :    Usage  Request Allocated 
	   Cpus                 :     0.97        1         1 
	   Disk (KB)            :     1           1      2842 
	   GPUs                 :                           0 
	   Memory (MB)          :   134       10240     10300 
	   TimeExecute (s)      :    56                       
	   TimeSlotBusy (s)     :    56                       

	Job terminated of its own accord at 2025-12-22T08:18:02Z with exit-code 0.
...
006 (1209271.045.000) 2025-12-22 17:18:03 Image size of job updated: 173480
	150  -  MemoryUsage of job (MB)
	152856  -  ResidentSetSize of job (KB)
...
005 (1209271.045.000) 2025-12-22 17:18:04 Job terminated.
	(1) Normal termination (return value 0)
		Usr 0 00:00:13, Sys 0 00:00:00  -  Run Remote Usage
		Usr 0 00:00:00, Sys 0 00:00:00  -  Run Local Usage
		Usr 0 00:00:13, Sys 0 00:00:00  -  Total Remote Usage
		Usr 0 00:00:00, Sys 0 00:00:00  -  Total Local Usage
	0  -  Run Bytes Sent By Job
	0  -  Run Bytes Received By Job
	0  -  Total Bytes Sent By Job
	0  -  Total Bytes Received By Job
	Partitionable Resources :    Usage  Request Allocated 
	   Cpus                 :        0        1         1 
	   Disk (KB)            :        1        1      2771 
	   GPUs                 :                           0 
	   Memory (MB)          :      150    10240     10300 
	   TimeExecute (s)      :       16                    
	   TimeSlotBusy (s)     :       17                    

	Job terminated of its own accord at 2025-12-22T08:18:03Z with exit-code 0.
...
006 (1209271.037.000) 2025-12-22 17:18:04 Image size of job updated: 629176
	156  -  MemoryUsage of job (MB)
	159168  -  ResidentSetSize of job (KB)
...
005 (1209271.037.000) 2025-12-22 17:18:05 Job terminated.
	(1) Normal termination (return value 0)
		Usr 0 00:00:33, Sys 0 00:00:01  -  Run Remote Usage
		Usr 0 00:00:00, Sys 0 00:00:00  -  Run Local Usage
		Usr 0 00:00:33, Sys 0 00:00:01  -  Total Remote Usage
		Usr 0 00:00:00, Sys 0 00:00:00  -  Total Local Usage
	0  -  Run Bytes Sent By Job
	0  -  Run Bytes Received By Job
	0  -  Total Bytes Sent By Job
	0  -  Total Bytes Received By Job
	Partitionable Resources :    Usage  Request Allocated 
	   Cpus                 :        0        1         1 
	   Disk (KB)            :        1        1      4673 
	   GPUs                 :                           0 
	   Memory (MB)          :      156    10240     10300 
	   TimeExecute (s)      :       36                    
	   TimeSlotBusy (s)     :       36                    

	Job terminated of its own accord at 2025-12-22T08:18:04Z with exit-code 0.
...
006 (1209271.041.000) 2025-12-22 17:18:10 Image size of job updated: 411288
	150  -  MemoryUsage of job (MB)
	153228  -  ResidentSetSize of job (KB)
...
005 (1209271.041.000) 2025-12-22 17:18:16 Job terminated.
	(1) Normal termination (return value 0)
		Usr 0 00:00:36, Sys 0 00:00:01  -  Run Remote Usage
		Usr 0 00:00:00, Sys 0 00:00:00  -  Run Local Usage
		Usr 0 00:00:36, Sys 0 00:00:01  -  Total Remote Usage
		Usr 0 00:00:00, Sys 0 00:00:00  -  Total Local Usage
	0  -  Run Bytes Sent By Job
	0  -  Run Bytes Received By Job
	0  -  Total Bytes Sent By Job
	0  -  Total Bytes Received By Job
	Partitionable Resources :    Usage  Request Allocated 
	   Cpus                 :        0        1         1 
	   Disk (KB)            :        1        1      4693 
	   GPUs                 :                           0 
	   Memory (MB)          :      150    10240     10300 
	   TimeExecute (s)      :       39                    
	   TimeSlotBusy (s)     :       41                    

	Job terminated of its own accord at 2025-12-22T08:18:10Z with exit-code 0.
...
006 (1209271.031.000) 2025-12-22 17:18:23 Image size of job updated: 480160
	126  -  MemoryUsage of job (MB)
	128780  -  ResidentSetSize of job (KB)
...
005 (1209271.031.000) 2025-12-22 17:18:24 Job terminated.
	(1) Normal termination (return value 0)
		Usr 0 00:00:53, Sys 0 00:00:01  -  Run Remote Usage
		Usr 0 00:00:00, Sys 0 00:00:00  -  Run Local Usage
		Usr 0 00:00:53, Sys 0 00:00:01  -  Total Remote Usage
		Usr 0 00:00:00, Sys 0 00:00:00  -  Total Local Usage
	0  -  Run Bytes Sent By Job
	0  -  Run Bytes Received By Job
	0  -  Total Bytes Sent By Job
	0  -  Total Bytes Received By Job
	Partitionable Resources :    Usage  Request Allocated 
	   Cpus                 :        0        1         1 
	   Disk (KB)            :        1        1      4693 
	   GPUs                 :                           0 
	   Memory (MB)          :      126    10240     10300 
	   TimeExecute (s)      :       57                    
	   TimeSlotBusy (s)     :       57                    

	Job terminated of its own accord at 2025-12-22T08:18:23Z with exit-code 0.
...
006 (1209271.015.000) 2025-12-22 17:18:26 Image size of job updated: 931508
	151  -  MemoryUsage of job (MB)
	153780  -  ResidentSetSize of job (KB)
...
005 (1209271.015.000) 2025-12-22 17:18:26 Job terminated.
	(1) Normal termination (return value 0)
		Usr 0 00:01:14, Sys 0 00:00:02  -  Run Remote Usage
		Usr 0 00:00:00, Sys 0 00:00:00  -  Run Local Usage
		Usr 0 00:01:14, Sys 0 00:00:02  -  Total Remote Usage
		Usr 0 00:00:00, Sys 0 00:00:00  -  Total Local Usage
	0  -  Run Bytes Sent By Job
	0  -  Run Bytes Received By Job
	0  -  Total Bytes Sent By Job
	0  -  Total Bytes Received By Job
	Partitionable Resources :    Usage  Request Allocated 
	   Cpus                 :     0.97        1         1 
	   Disk (KB)            :     1           1      2840 
	   GPUs                 :                           0 
	   Memory (MB)          :   151       10240     10300 
	   TimeExecute (s)      :    80                       
	   TimeSlotBusy (s)     :    80                       

	Job terminated of its own accord at 2025-12-22T08:18:26Z with exit-code 0.
...
006 (1209271.033.000) 2025-12-22 17:18:45 Image size of job updated: 1317012
	151  -  MemoryUsage of job (MB)
	154208  -  ResidentSetSize of job (KB)
...
005 (1209271.033.000) 2025-12-22 17:18:45 Job terminated.
	(1) Normal termination (return value 0)
		Usr 0 00:01:12, Sys 0 00:00:01  -  Run Remote Usage
		Usr 0 00:00:00, Sys 0 00:00:00  -  Run Local Usage
		Usr 0 00:01:12, Sys 0 00:00:01  -  Total Remote Usage
		Usr 0 00:00:00, Sys 0 00:00:00  -  Total Local Usage
	0  -  Run Bytes Sent By Job
	0  -  Run Bytes Received By Job
	0  -  Total Bytes Sent By Job
	0  -  Total Bytes Received By Job
	Partitionable Resources :    Usage  Request Allocated 
	   Cpus                 :        0        1         1 
	   Disk (KB)            :        1        1      2770 
	   GPUs                 :                           0 
	   Memory (MB)          :      151    10240     10300 
	   TimeExecute (s)      :       77                    
	   TimeSlotBusy (s)     :       78                    

	Job terminated of its own accord at 2025-12-22T08:18:45Z with exit-code 0.
...
006 (1209271.023.000) 2025-12-22 17:18:45 Image size of job updated: 1570336
	156  -  MemoryUsage of job (MB)
	159060  -  ResidentSetSize of job (KB)
...
005 (1209271.023.000) 2025-12-22 17:18:45 Job terminated.
	(1) Normal termination (return value 0)
		Usr 0 00:01:30, Sys 0 00:00:02  -  Run Remote Usage
		Usr 0 00:00:00, Sys 0 00:00:00  -  Run Local Usage
		Usr 0 00:01:30, Sys 0 00:00:02  -  Total Remote Usage
		Usr 0 00:00:00, Sys 0 00:00:00  -  Total Local Usage
	0  -  Run Bytes Sent By Job
	0  -  Run Bytes Received By Job
	0  -  Total Bytes Sent By Job
	0  -  Total Bytes Received By Job
	Partitionable Resources :    Usage  Request Allocated 
	   Cpus                 :        0        1         1 
	   Disk (KB)            :        1        1      4673 
	   GPUs                 :                           0 
	   Memory (MB)          :      156    10240     10300 
	   TimeExecute (s)      :       97                    
	   TimeSlotBusy (s)     :       97                    

	Job terminated of its own accord at 2025-12-22T08:18:45Z with exit-code 0.
...
006 (1209271.029.000) 2025-12-22 17:18:56 Image size of job updated: 1390696
	156  -  MemoryUsage of job (MB)
	159000  -  ResidentSetSize of job (KB)
...
005 (1209271.029.000) 2025-12-22 17:18:56 Job terminated.
	(1) Normal termination (return value 0)
		Usr 0 00:01:24, Sys 0 00:00:02  -  Run Remote Usage
		Usr 0 00:00:00, Sys 0 00:00:00  -  Run Local Usage
		Usr 0 00:01:24, Sys 0 00:00:02  -  Total Remote Usage
		Usr 0 00:00:00, Sys 0 00:00:00  -  Total Local Usage
	0  -  Run Bytes Sent By Job
	0  -  Run Bytes Received By Job
	0  -  Total Bytes Sent By Job
	0  -  Total Bytes Received By Job
	Partitionable Resources :    Usage  Request Allocated 
	   Cpus                 :     0.97        1         1 
	   Disk (KB)            :     1           1      4673 
	   GPUs                 :                           0 
	   Memory (MB)          :   156       10240     10300 
	   TimeExecute (s)      :    90                       
	   TimeSlotBusy (s)     :    90                       

	Job terminated of its own accord at 2025-12-22T08:18:56Z with exit-code 0.
...
006 (1209271.020.000) 2025-12-22 17:19:00 Image size of job updated: 1218956
	151  -  MemoryUsage of job (MB)
	154056  -  ResidentSetSize of job (KB)
...
005 (1209271.020.000) 2025-12-22 17:19:00 Job terminated.
	(1) Normal termination (return value 0)
		Usr 0 00:01:35, Sys 0 00:00:03  -  Run Remote Usage
		Usr 0 00:00:00, Sys 0 00:00:00  -  Run Local Usage
		Usr 0 00:01:35, Sys 0 00:00:03  -  Total Remote Usage
		Usr 0 00:00:00, Sys 0 00:00:00  -  Total Local Usage
	0  -  Run Bytes Sent By Job
	0  -  Run Bytes Received By Job
	0  -  Total Bytes Sent By Job
	0  -  Total Bytes Received By Job
	Partitionable Resources :    Usage  Request Allocated 
	   Cpus                 :     0.97        1         1 
	   Disk (KB)            :     1           1      8391 
	   GPUs                 :                           0 
	   Memory (MB)          :   151       10240     10300 
	   TimeExecute (s)      :   106                       
	   TimeSlotBusy (s)     :   106                       

	Job terminated of its own accord at 2025-12-22T08:19:00Z with exit-code 0.
...
006 (1209271.025.000) 2025-12-22 17:19:21 Image size of job updated: 1600440
	151  -  MemoryUsage of job (MB)
	154344  -  ResidentSetSize of job (KB)
...
005 (1209271.025.000) 2025-12-22 17:19:21 Job terminated.
	(1) Normal termination (return value 0)
		Usr 0 00:01:54, Sys 0 00:00:02  -  Run Remote Usage
		Usr 0 00:00:00, Sys 0 00:00:00  -  Run Local Usage
		Usr 0 00:01:54, Sys 0 00:00:02  -  Total Remote Usage
		Usr 0 00:00:00, Sys 0 00:00:00  -  Total Local Usage
	0  -  Run Bytes Sent By Job
	0  -  Run Bytes Received By Job
	0  -  Total Bytes Sent By Job
	0  -  Total Bytes Received By Job
	Partitionable Resources :    Usage  Request Allocated 
	   Cpus                 :     0.95        1         1 
	   Disk (KB)            :     1           1      8391 
	   GPUs                 :                           0 
	   Memory (MB)          :   151       10240     10300 
	   TimeExecute (s)      :   127                       
	   TimeSlotBusy (s)     :   127                       

	Job terminated of its own accord at 2025-12-22T08:19:21Z with exit-code 0.
...
006 (1209271.024.000) 2025-12-22 17:19:36 Image size of job updated: 1631768
	151  -  MemoryUsage of job (MB)
	154368  -  ResidentSetSize of job (KB)
...
005 (1209271.024.000) 2025-12-22 17:19:37 Job terminated.
	(1) Normal termination (return value 0)
		Usr 0 00:02:09, Sys 0 00:00:03  -  Run Remote Usage
		Usr 0 00:00:00, Sys 0 00:00:00  -  Run Local Usage
		Usr 0 00:02:09, Sys 0 00:00:03  -  Total Remote Usage
		Usr 0 00:00:00, Sys 0 00:00:00  -  Total Local Usage
	0  -  Run Bytes Sent By Job
	0  -  Run Bytes Received By Job
	0  -  Total Bytes Sent By Job
	0  -  Total Bytes Received By Job
	Partitionable Resources :    Usage  Request Allocated 
	   Cpus                 :     0.97        1         1 
	   Disk (KB)            :     1           1      8391 
	   GPUs                 :                           0 
	   Memory (MB)          :   151       10240     10300 
	   TimeExecute (s)      :   142                       
	   TimeSlotBusy (s)     :   143                       

	Job terminated of its own accord at 2025-12-22T08:19:36Z with exit-code 0.
...
006 (1209271.044.000) 2025-12-22 17:19:39 Image size of job updated: 1616676
	151  -  MemoryUsage of job (MB)
	154368  -  ResidentSetSize of job (KB)
...
005 (1209271.044.000) 2025-12-22 17:19:39 Job terminated.
	(1) Normal termination (return value 0)
		Usr 0 00:01:57, Sys 0 00:00:03  -  Run Remote Usage
		Usr 0 00:00:00, Sys 0 00:00:00  -  Run Local Usage
		Usr 0 00:01:57, Sys 0 00:00:03  -  Total Remote Usage
		Usr 0 00:00:00, Sys 0 00:00:00  -  Total Local Usage
	0  -  Run Bytes Sent By Job
	0  -  Run Bytes Received By Job
	0  -  Total Bytes Sent By Job
	0  -  Total Bytes Received By Job
	Partitionable Resources :    Usage  Request Allocated 
	   Cpus                 :     0.39        1         1 
	   Disk (KB)            :     1           1      8391 
	   GPUs                 :                           0 
	   Memory (MB)          :   151       10240     10300 
	   TimeExecute (s)      :   128                       
	   TimeSlotBusy (s)     :   128                       

	Job terminated of its own accord at 2025-12-22T08:19:39Z with exit-code 0.
...
006 (1209271.034.000) 2025-12-22 17:19:55 Image size of job updated: 1636832
	131  -  MemoryUsage of job (MB)
	133896  -  ResidentSetSize of job (KB)
...
005 (1209271.034.000) 2025-12-22 17:19:55 Job terminated.
	(1) Normal termination (return value 0)
		Usr 0 00:02:12, Sys 0 00:00:03  -  Run Remote Usage
		Usr 0 00:00:00, Sys 0 00:00:00  -  Run Local Usage
		Usr 0 00:02:12, Sys 0 00:00:03  -  Total Remote Usage
		Usr 0 00:00:00, Sys 0 00:00:00  -  Total Local Usage
	0  -  Run Bytes Sent By Job
	0  -  Run Bytes Received By Job
	0  -  Total Bytes Sent By Job
	0  -  Total Bytes Received By Job
	Partitionable Resources :    Usage  Request Allocated 
	   Cpus                 :     0.88        1         1 
	   Disk (KB)            :     1           1      8391 
	   GPUs                 :                           0 
	   Memory (MB)          :   131       10240     10300 
	   TimeExecute (s)      :   147                       
	   TimeSlotBusy (s)     :   148                       

	Job terminated of its own accord at 2025-12-22T08:19:55Z with exit-code 0.
...
006 (1209271.028.000) 2025-12-22 17:19:58 Image size of job updated: 1576420
	151  -  MemoryUsage of job (MB)
	154296  -  ResidentSetSize of job (KB)
...
005 (1209271.028.000) 2025-12-22 17:20:00 Job terminated.
	(1) Normal termination (return value 0)
		Usr 0 00:02:24, Sys 0 00:00:03  -  Run Remote Usage
		Usr 0 00:00:00, Sys 0 00:00:00  -  Run Local Usage
		Usr 0 00:02:24, Sys 0 00:00:03  -  Total Remote Usage
		Usr 0 00:00:00, Sys 0 00:00:00  -  Total Local Usage
	0  -  Run Bytes Sent By Job
	0  -  Run Bytes Received By Job
	0  -  Total Bytes Sent By Job
	0  -  Total Bytes Received By Job
	Partitionable Resources :    Usage  Request Allocated 
	   Cpus                 :     0.98        1         1 
	   Disk (KB)            :     1           1      2842 
	   GPUs                 :                           0 
	   Memory (MB)          :   151       10240     10300 
	   TimeExecute (s)      :   153                       
	   TimeSlotBusy (s)     :   155                       

	Job terminated of its own accord at 2025-12-22T08:19:58Z with exit-code 0.
...
006 (1209271.038.000) 2025-12-22 17:20:11 Image size of job updated: 1669888
	151  -  MemoryUsage of job (MB)
	154404  -  ResidentSetSize of job (KB)
...
005 (1209271.038.000) 2025-12-22 17:20:11 Job terminated.
	(1) Normal termination (return value 0)
		Usr 0 00:02:32, Sys 0 00:00:03  -  Run Remote Usage
		Usr 0 00:00:00, Sys 0 00:00:00  -  Run Local Usage
		Usr 0 00:02:32, Sys 0 00:00:03  -  Total Remote Usage
		Usr 0 00:00:00, Sys 0 00:00:00  -  Total Local Usage
	0  -  Run Bytes Sent By Job
	0  -  Run Bytes Received By Job
	0  -  Total Bytes Sent By Job
	0  -  Total Bytes Received By Job
	Partitionable Resources :    Usage  Request Allocated 
	   Cpus                 :     0.96        1         1 
	   Disk (KB)            :     1           1      4693 
	   GPUs                 :                           0 
	   Memory (MB)          :   151       10240     10300 
	   TimeExecute (s)      :   162                       
	   TimeSlotBusy (s)     :   162                       

	Job terminated of its own accord at 2025-12-22T08:20:11Z with exit-code 0.
...
