000 (1209273.000.000) 2025-12-22 16:30:48 Job submitted from host: <155.230.23.71:9618?addrs=155.230.23.71-9618+[2407-c000-c024-0-20c-29ff-fe9d-363c]-9618&alias=cms01.knu.ac.kr&noUDP&sock=schedd_1467_d186>
...
000 (1209273.001.000) 2025-12-22 16:30:48 Job submitted from host: <155.230.23.71:9618?addrs=155.230.23.71-9618+[2407-c000-c024-0-20c-29ff-fe9d-363c]-9618&alias=cms01.knu.ac.kr&noUDP&sock=schedd_1467_d186>
...
000 (1209273.002.000) 2025-12-22 16:30:48 Job submitted from host: <155.230.23.71:9618?addrs=155.230.23.71-9618+[2407-c000-c024-0-20c-29ff-fe9d-363c]-9618&alias=cms01.knu.ac.kr&noUDP&sock=schedd_1467_d186>
...
000 (1209273.003.000) 2025-12-22 16:30:48 Job submitted from host: <155.230.23.71:9618?addrs=155.230.23.71-9618+[2407-c000-c024-0-20c-29ff-fe9d-363c]-9618&alias=cms01.knu.ac.kr&noUDP&sock=schedd_1467_d186>
...
000 (1209273.004.000) 2025-12-22 16:30:48 Job submitted from host: <155.230.23.71:9618?addrs=155.230.23.71-9618+[2407-c000-c024-0-20c-29ff-fe9d-363c]-9618&alias=cms01.knu.ac.kr&noUDP&sock=schedd_1467_d186>
...
000 (1209273.005.000) 2025-12-22 16:30:48 Job submitted from host: <155.230.23.71:9618?addrs=155.230.23.71-9618+[2407-c000-c024-0-20c-29ff-fe9d-363c]-9618&alias=cms01.knu.ac.kr&noUDP&sock=schedd_1467_d186>
...
000 (1209273.006.000) 2025-12-22 16:30:48 Job submitted from host: <155.230.23.71:9618?addrs=155.230.23.71-9618+[2407-c000-c024-0-20c-29ff-fe9d-363c]-9618&alias=cms01.knu.ac.kr&noUDP&sock=schedd_1467_d186>
...
000 (1209273.007.000) 2025-12-22 16:30:48 Job submitted from host: <155.230.23.71:9618?addrs=155.230.23.71-9618+[2407-c000-c024-0-20c-29ff-fe9d-363c]-9618&alias=cms01.knu.ac.kr&noUDP&sock=schedd_1467_d186>
...
000 (1209273.008.000) 2025-12-22 16:30:48 Job submitted from host: <155.230.23.71:9618?addrs=155.230.23.71-9618+[2407-c000-c024-0-20c-29ff-fe9d-363c]-9618&alias=cms01.knu.ac.kr&noUDP&sock=schedd_1467_d186>
...
000 (1209273.009.000) 2025-12-22 16:30:48 Job submitted from host: <155.230.23.71:9618?addrs=155.230.23.71-9618+[2407-c000-c024-0-20c-29ff-fe9d-363c]-9618&alias=cms01.knu.ac.kr&noUDP&sock=schedd_1467_d186>
...
000 (1209273.010.000) 2025-12-22 16:30:48 Job submitted from host: <155.230.23.71:9618?addrs=155.230.23.71-9618+[2407-c000-c024-0-20c-29ff-fe9d-363c]-9618&alias=cms01.knu.ac.kr&noUDP&sock=schedd_1467_d186>
...
000 (1209273.011.000) 2025-12-22 16:30:48 Job submitted from host: <155.230.23.71:9618?addrs=155.230.23.71-9618+[2407-c000-c024-0-20c-29ff-fe9d-363c]-9618&alias=cms01.knu.ac.kr&noUDP&sock=schedd_1467_d186>
...
000 (1209273.012.000) 2025-12-22 16:30:48 Job submitted from host: <155.230.23.71:9618?addrs=155.230.23.71-9618+[2407-c000-c024-0-20c-29ff-fe9d-363c]-9618&alias=cms01.knu.ac.kr&noUDP&sock=schedd_1467_d186>
...
000 (1209273.013.000) 2025-12-22 16:30:48 Job submitted from host: <155.230.23.71:9618?addrs=155.230.23.71-9618+[2407-c000-c024-0-20c-29ff-fe9d-363c]-9618&alias=cms01.knu.ac.kr&noUDP&sock=schedd_1467_d186>
...
000 (1209273.014.000) 2025-12-22 16:30:48 Job submitted from host: <155.230.23.71:9618?addrs=155.230.23.71-9618+[2407-c000-c024-0-20c-29ff-fe9d-363c]-9618&alias=cms01.knu.ac.kr&noUDP&sock=schedd_1467_d186>
...
000 (1209273.015.000) 2025-12-22 16:30:48 Job submitted from host: <155.230.23.71:9618?addrs=155.230.23.71-9618+[2407-c000-c024-0-20c-29ff-fe9d-363c]-9618&alias=cms01.knu.ac.kr&noUDP&sock=schedd_1467_d186>
...
000 (1209273.016.000) 2025-12-22 16:30:48 Job submitted from host: <155.230.23.71:9618?addrs=155.230.23.71-9618+[2407-c000-c024-0-20c-29ff-fe9d-363c]-9618&alias=cms01.knu.ac.kr&noUDP&sock=schedd_1467_d186>
...
000 (1209273.017.000) 2025-12-22 16:30:48 Job submitted from host: <155.230.23.71:9618?addrs=155.230.23.71-9618+[2407-c000-c024-0-20c-29ff-fe9d-363c]-9618&alias=cms01.knu.ac.kr&noUDP&sock=schedd_1467_d186>
...
000 (1209273.018.000) 2025-12-22 16:30:48 Job submitted from host: <155.230.23.71:9618?addrs=155.230.23.71-9618+[2407-c000-c024-0-20c-29ff-fe9d-363c]-9618&alias=cms01.knu.ac.kr&noUDP&sock=schedd_1467_d186>
...
000 (1209273.019.000) 2025-12-22 16:30:48 Job submitted from host: <155.230.23.71:9618?addrs=155.230.23.71-9618+[2407-c000-c024-0-20c-29ff-fe9d-363c]-9618&alias=cms01.knu.ac.kr&noUDP&sock=schedd_1467_d186>
...
000 (1209273.020.000) 2025-12-22 16:30:48 Job submitted from host: <155.230.23.71:9618?addrs=155.230.23.71-9618+[2407-c000-c024-0-20c-29ff-fe9d-363c]-9618&alias=cms01.knu.ac.kr&noUDP&sock=schedd_1467_d186>
...
000 (1209273.021.000) 2025-12-22 16:30:48 Job submitted from host: <155.230.23.71:9618?addrs=155.230.23.71-9618+[2407-c000-c024-0-20c-29ff-fe9d-363c]-9618&alias=cms01.knu.ac.kr&noUDP&sock=schedd_1467_d186>
...
000 (1209273.022.000) 2025-12-22 16:30:48 Job submitted from host: <155.230.23.71:9618?addrs=155.230.23.71-9618+[2407-c000-c024-0-20c-29ff-fe9d-363c]-9618&alias=cms01.knu.ac.kr&noUDP&sock=schedd_1467_d186>
...
000 (1209273.023.000) 2025-12-22 16:30:48 Job submitted from host: <155.230.23.71:9618?addrs=155.230.23.71-9618+[2407-c000-c024-0-20c-29ff-fe9d-363c]-9618&alias=cms01.knu.ac.kr&noUDP&sock=schedd_1467_d186>
...
000 (1209273.024.000) 2025-12-22 16:30:48 Job submitted from host: <155.230.23.71:9618?addrs=155.230.23.71-9618+[2407-c000-c024-0-20c-29ff-fe9d-363c]-9618&alias=cms01.knu.ac.kr&noUDP&sock=schedd_1467_d186>
...
000 (1209273.025.000) 2025-12-22 16:30:48 Job submitted from host: <155.230.23.71:9618?addrs=155.230.23.71-9618+[2407-c000-c024-0-20c-29ff-fe9d-363c]-9618&alias=cms01.knu.ac.kr&noUDP&sock=schedd_1467_d186>
...
000 (1209273.026.000) 2025-12-22 16:30:48 Job submitted from host: <155.230.23.71:9618?addrs=155.230.23.71-9618+[2407-c000-c024-0-20c-29ff-fe9d-363c]-9618&alias=cms01.knu.ac.kr&noUDP&sock=schedd_1467_d186>
...
000 (1209273.027.000) 2025-12-22 16:30:48 Job submitted from host: <155.230.23.71:9618?addrs=155.230.23.71-9618+[2407-c000-c024-0-20c-29ff-fe9d-363c]-9618&alias=cms01.knu.ac.kr&noUDP&sock=schedd_1467_d186>
...
000 (1209273.028.000) 2025-12-22 16:30:48 Job submitted from host: <155.230.23.71:9618?addrs=155.230.23.71-9618+[2407-c000-c024-0-20c-29ff-fe9d-363c]-9618&alias=cms01.knu.ac.kr&noUDP&sock=schedd_1467_d186>
...
000 (1209273.029.000) 2025-12-22 16:30:48 Job submitted from host: <155.230.23.71:9618?addrs=155.230.23.71-9618+[2407-c000-c024-0-20c-29ff-fe9d-363c]-9618&alias=cms01.knu.ac.kr&noUDP&sock=schedd_1467_d186>
...
001 (1209273.002.000) 2025-12-22 17:27:35 Job executing on host: <155.230.21.151:9618?addrs=155.230.21.151-9618+[2407-c000-c025--21-151]-9618&alias=cluster351.knu.ac.kr&noUDP&sock=startd_3486_af3c>
	SlotName: slot1_3@cluster351.knu.ac.kr
	CondorScratchDir = "/home/condor/dir_4089529"
	Cpus = 1
	Disk = 8391
	GPUs = 0
	Memory = 10300
...
001 (1209273.000.000) 2025-12-22 17:27:35 Job executing on host: <155.230.21.137:9618?addrs=155.230.21.137-9618+[2407-c000-c025--21-137]-9618&alias=cluster337.knu.ac.kr&noUDP&sock=startd_3737_d982>
	SlotName: slot1_7@cluster337.knu.ac.kr
	CondorScratchDir = "/home/condor/dir_144218"
	Cpus = 1
	Disk = 4693
	GPUs = 0
	Memory = 10300
...
001 (1209273.001.000) 2025-12-22 17:27:35 Job executing on host: <155.230.21.144:9618?addrs=155.230.21.144-9618+[2407-c000-c025--21-144]-9618&alias=cluster344.knu.ac.kr&noUDP&sock=startd_3393_e4ee>
	SlotName: slot1_32@cluster344.knu.ac.kr
	CondorScratchDir = "/home/condor/dir_225545"
	Cpus = 1
	Disk = 2829
	GPUs = 0
	Memory = 10300
...
006 (1209273.002.000) 2025-12-22 17:27:43 Image size of job updated: 154740
	152  -  MemoryUsage of job (MB)
	154740  -  ResidentSetSize of job (KB)
...
006 (1209273.000.000) 2025-12-22 17:27:43 Image size of job updated: 152884
	150  -  MemoryUsage of job (MB)
	152884  -  ResidentSetSize of job (KB)
...
006 (1209273.001.000) 2025-12-22 17:27:43 Image size of job updated: 132632
	130  -  MemoryUsage of job (MB)
	132632  -  ResidentSetSize of job (KB)
...
006 (1209273.000.000) 2025-12-22 17:27:50 Image size of job updated: 171024
	150  -  MemoryUsage of job (MB)
	152884  -  ResidentSetSize of job (KB)
...
005 (1209273.000.000) 2025-12-22 17:27:50 Job terminated.
	(1) Normal termination (return value 0)
		Usr 0 00:00:13, Sys 0 00:00:00  -  Run Remote Usage
		Usr 0 00:00:00, Sys 0 00:00:00  -  Run Local Usage
		Usr 0 00:00:13, Sys 0 00:00:00  -  Total Remote Usage
		Usr 0 00:00:00, Sys 0 00:00:00  -  Total Local Usage
	0  -  Run Bytes Sent By Job
	0  -  Run Bytes Received By Job
	0  -  Total Bytes Sent By Job
	0  -  Total Bytes Received By Job
	Partitionable Resources :    Usage  Request Allocated 
	   Cpus                 :     0.99        1         1 
	   Disk (KB)            :     1           1      4693 
	   GPUs                 :                           0 
	   Memory (MB)          :   150       10240     10300 
	   TimeExecute (s)      :    15                       
	   TimeSlotBusy (s)     :    15                       

	Job terminated of its own accord at 2025-12-22T08:27:50Z with exit-code 0.
...
001 (1209273.007.000) 2025-12-22 17:28:03 Job executing on host: <155.230.21.153:9618?addrs=155.230.21.153-9618+[2407-c000-c024-0-12ff-e0ff-fe03-bebe]-9618&alias=cluster353.knu.ac.kr&noUDP&sock=startd_3951_a2c6>
	SlotName: slot1_9@cluster353.knu.ac.kr
	CondorScratchDir = "/home/condor/dir_4012644"
	Cpus = 1
	Disk = 2770
	GPUs = 0
	Memory = 10300
...
001 (1209273.009.000) 2025-12-22 17:28:03 Job executing on host: <155.230.21.155:9618?addrs=155.230.21.155-9618+[2407-c000-c025--21-155]-9618&alias=cluster355.knu.ac.kr&noUDP&sock=startd_8970_409c>
	SlotName: slot1_1@cluster355.knu.ac.kr
	CondorScratchDir = "/home/condor/dir_2031723"
	Cpus = 1
	Disk = 4673
	GPUs = 0
	Memory = 10300
...
001 (1209273.004.000) 2025-12-22 17:28:03 Job executing on host: <155.230.21.126:9618?addrs=155.230.21.126-9618+[2407-c000-c025--21-126]-9618&alias=cluster326.knu.ac.kr&noUDP&sock=startd_3436_6380>
	SlotName: slot1_2@cluster326.knu.ac.kr
	CondorScratchDir = "/home/condor/dir_3710935"
	Cpus = 1
	Disk = 2820
	GPUs = 0
	Memory = 10300
...
001 (1209273.005.000) 2025-12-22 17:28:05 Job executing on host: <155.230.21.144:9618?addrs=155.230.21.144-9618+[2407-c000-c025--21-144]-9618&alias=cluster344.knu.ac.kr&noUDP&sock=startd_3393_e4ee>
	SlotName: slot1_17@cluster344.knu.ac.kr
	CondorScratchDir = "/home/condor/dir_225798"
	Cpus = 1
	Disk = 2829
	GPUs = 0
	Memory = 10300
...
001 (1209273.006.000) 2025-12-22 17:28:05 Job executing on host: <155.230.21.137:9618?addrs=155.230.21.137-9618+[2407-c000-c025--21-137]-9618&alias=cluster337.knu.ac.kr&noUDP&sock=startd_3737_d982>
	SlotName: slot1_7@cluster337.knu.ac.kr
	CondorScratchDir = "/home/condor/dir_144911"
	Cpus = 1
	Disk = 4693
	GPUs = 0
	Memory = 10300
...
001 (1209273.003.000) 2025-12-22 17:28:05 Job executing on host: <155.230.20.26:9618?addrs=155.230.20.26-9618+[2407-c000-c025--20-26]-9618&alias=dm01.knu.ac.kr&noUDP&sock=startd_6650_ece3>
	SlotName: slot1_6@dm01.knu.ac.kr
	AvailableGPUs = {  }
	CondorScratchDir = "/home/condor/dir_1227266"
	Cpus = 1
	Disk = 2857
	GPUs = 0
	Memory = 10300
...
001 (1209273.010.000) 2025-12-22 17:28:06 Job executing on host: <155.230.21.148:9618?addrs=155.230.21.148-9618+[2407-c000-c025--21-148]-9618&alias=cluster348.knu.ac.kr&noUDP&sock=startd_2894_9f2b>
	SlotName: slot1_14@cluster348.knu.ac.kr
	CondorScratchDir = "/home/condor/dir_795347"
	Cpus = 1
	Disk = 2048
	GPUs = 0
	Memory = 10300
...
001 (1209273.011.000) 2025-12-22 17:28:06 Job executing on host: <155.230.21.155:9618?addrs=155.230.21.155-9618+[2407-c000-c025--21-155]-9618&alias=cluster355.knu.ac.kr&noUDP&sock=startd_8970_409c>
	SlotName: slot1_7@cluster355.knu.ac.kr
	CondorScratchDir = "/home/condor/dir_2031900"
	Cpus = 1
	Disk = 4673
	GPUs = 0
	Memory = 10300
...
001 (1209273.008.000) 2025-12-22 17:28:06 Job executing on host: <155.230.21.151:9618?addrs=155.230.21.151-9618+[2407-c000-c025--21-151]-9618&alias=cluster351.knu.ac.kr&noUDP&sock=startd_3486_af3c>
	SlotName: slot1_20@cluster351.knu.ac.kr
	CondorScratchDir = "/home/condor/dir_4089723"
	Cpus = 1
	Disk = 8391
	GPUs = 0
	Memory = 10300
...
001 (1209273.014.000) 2025-12-22 17:28:08 Job executing on host: <155.230.21.148:9618?addrs=155.230.21.148-9618+[2407-c000-c025--21-148]-9618&alias=cluster348.knu.ac.kr&noUDP&sock=startd_2894_9f2b>
	SlotName: slot1_18@cluster348.knu.ac.kr
	CondorScratchDir = "/home/condor/dir_795425"
	Cpus = 1
	Disk = 2048
	GPUs = 0
	Memory = 10300
...
001 (1209273.012.000) 2025-12-22 17:28:08 Job executing on host: <155.230.21.137:9618?addrs=155.230.21.137-9618+[2407-c000-c025--21-137]-9618&alias=cluster337.knu.ac.kr&noUDP&sock=startd_3737_d982>
	SlotName: slot1_30@cluster337.knu.ac.kr
	CondorScratchDir = "/home/condor/dir_145082"
	Cpus = 1
	Disk = 4693
	GPUs = 0
	Memory = 10300
...
001 (1209273.015.000) 2025-12-22 17:28:08 Job executing on host: <155.230.21.155:9618?addrs=155.230.21.155-9618+[2407-c000-c025--21-155]-9618&alias=cluster355.knu.ac.kr&noUDP&sock=startd_8970_409c>
	SlotName: slot1_14@cluster355.knu.ac.kr
	CondorScratchDir = "/home/condor/dir_2032065"
	Cpus = 1
	Disk = 4673
	GPUs = 0
	Memory = 10300
...
001 (1209273.017.000) 2025-12-22 17:28:08 Job executing on host: <155.230.21.155:9618?addrs=155.230.21.155-9618+[2407-c000-c025--21-155]-9618&alias=cluster355.knu.ac.kr&noUDP&sock=startd_8970_409c>
	SlotName: slot1_16@cluster355.knu.ac.kr
	CondorScratchDir = "/home/condor/dir_2032071"
	Cpus = 1
	Disk = 4673
	GPUs = 0
	Memory = 10300
...
001 (1209273.016.000) 2025-12-22 17:28:08 Job executing on host: <155.230.21.148:9618?addrs=155.230.21.148-9618+[2407-c000-c025--21-148]-9618&alias=cluster348.knu.ac.kr&noUDP&sock=startd_2894_9f2b>
	SlotName: slot1_20@cluster348.knu.ac.kr
	CondorScratchDir = "/home/condor/dir_795454"
	Cpus = 1
	Disk = 2048
	GPUs = 0
	Memory = 10300
...
001 (1209273.013.000) 2025-12-22 17:28:08 Job executing on host: <155.230.21.151:9618?addrs=155.230.21.151-9618+[2407-c000-c025--21-151]-9618&alias=cluster351.knu.ac.kr&noUDP&sock=startd_3486_af3c>
	SlotName: slot1_36@cluster351.knu.ac.kr
	CondorScratchDir = "/home/condor/dir_4089809"
	Cpus = 1
	Disk = 8391
	GPUs = 0
	Memory = 10300
...
006 (1209273.007.000) 2025-12-22 17:28:12 Image size of job updated: 161472
	158  -  MemoryUsage of job (MB)
	161472  -  ResidentSetSize of job (KB)
...
006 (1209273.009.000) 2025-12-22 17:28:12 Image size of job updated: 209620
	205  -  MemoryUsage of job (MB)
	209620  -  ResidentSetSize of job (KB)
...
006 (1209273.004.000) 2025-12-22 17:28:12 Image size of job updated: 126352
	124  -  MemoryUsage of job (MB)
	126352  -  ResidentSetSize of job (KB)
...
006 (1209273.005.000) 2025-12-22 17:28:13 Image size of job updated: 126672
	124  -  MemoryUsage of job (MB)
	126672  -  ResidentSetSize of job (KB)
...
006 (1209273.006.000) 2025-12-22 17:28:13 Image size of job updated: 130664
	128  -  MemoryUsage of job (MB)
	130664  -  ResidentSetSize of job (KB)
...
006 (1209273.003.000) 2025-12-22 17:28:14 Image size of job updated: 128476
	126  -  MemoryUsage of job (MB)
	128476  -  ResidentSetSize of job (KB)
...
006 (1209273.010.000) 2025-12-22 17:28:15 Image size of job updated: 154152
	151  -  MemoryUsage of job (MB)
	154152  -  ResidentSetSize of job (KB)
...
006 (1209273.011.000) 2025-12-22 17:28:15 Image size of job updated: 214572
	210  -  MemoryUsage of job (MB)
	214572  -  ResidentSetSize of job (KB)
...
006 (1209273.008.000) 2025-12-22 17:28:15 Image size of job updated: 152952
	150  -  MemoryUsage of job (MB)
	152952  -  ResidentSetSize of job (KB)
...
006 (1209273.014.000) 2025-12-22 17:28:16 Image size of job updated: 152852
	150  -  MemoryUsage of job (MB)
	152852  -  ResidentSetSize of job (KB)
...
006 (1209273.012.000) 2025-12-22 17:28:16 Image size of job updated: 152540
	149  -  MemoryUsage of job (MB)
	152540  -  ResidentSetSize of job (KB)
...
006 (1209273.015.000) 2025-12-22 17:28:16 Image size of job updated: 193688
	190  -  MemoryUsage of job (MB)
	193688  -  ResidentSetSize of job (KB)
...
006 (1209273.017.000) 2025-12-22 17:28:16 Image size of job updated: 193236
	189  -  MemoryUsage of job (MB)
	193236  -  ResidentSetSize of job (KB)
...
006 (1209273.016.000) 2025-12-22 17:28:16 Image size of job updated: 154620
	151  -  MemoryUsage of job (MB)
	154620  -  ResidentSetSize of job (KB)
...
006 (1209273.013.000) 2025-12-22 17:28:16 Image size of job updated: 155836
	153  -  MemoryUsage of job (MB)
	155836  -  ResidentSetSize of job (KB)
...
005 (1209273.014.000) 2025-12-22 17:28:16 Job terminated.
	(1) Normal termination (return value 0)
		Usr 0 00:00:07, Sys 0 00:00:00  -  Run Remote Usage
		Usr 0 00:00:00, Sys 0 00:00:00  -  Run Local Usage
		Usr 0 00:00:07, Sys 0 00:00:00  -  Total Remote Usage
		Usr 0 00:00:00, Sys 0 00:00:00  -  Total Local Usage
	0  -  Run Bytes Sent By Job
	0  -  Run Bytes Received By Job
	0  -  Total Bytes Sent By Job
	0  -  Total Bytes Received By Job
	Partitionable Resources :    Usage  Request Allocated 
	   Cpus                 :        0        1         1 
	   Disk (KB)            :        1        1      2048 
	   GPUs                 :                           0 
	   Memory (MB)          :      150    10240     10300 
	   TimeExecute (s)      :        8                    
	   TimeSlotBusy (s)     :        9                    

	Job terminated of its own accord at 2025-12-22T08:28:16Z with exit-code 0.
...
001 (1209273.020.000) 2025-12-22 17:28:18 Job executing on host: <155.230.21.155:9618?addrs=155.230.21.155-9618+[2407-c000-c025--21-155]-9618&alias=cluster355.knu.ac.kr&noUDP&sock=startd_8970_409c>
	SlotName: slot1_10@cluster355.knu.ac.kr
	CondorScratchDir = "/home/condor/dir_2032413"
	Cpus = 1
	Disk = 4673
	GPUs = 0
	Memory = 10300
...
001 (1209273.018.000) 2025-12-22 17:28:18 Job executing on host: <155.230.21.133:9618?addrs=155.230.21.133-9618+[2407-c000-c025--21-133]-9618&alias=cluster333.knu.ac.kr&noUDP&sock=startd_2525_84b9>
	SlotName: slot1_4@cluster333.knu.ac.kr
	CondorScratchDir = "/home/condor/dir_1957429"
	Cpus = 1
	Disk = 2840
	GPUs = 0
	Memory = 10300
...
001 (1209273.019.000) 2025-12-22 17:28:18 Job executing on host: <155.230.21.153:9618?addrs=155.230.21.153-9618+[2407-c000-c024-0-12ff-e0ff-fe03-bebe]-9618&alias=cluster353.knu.ac.kr&noUDP&sock=startd_3951_a2c6>
	SlotName: slot1_4@cluster353.knu.ac.kr
	CondorScratchDir = "/home/condor/dir_4012822"
	Cpus = 1
	Disk = 2770
	GPUs = 0
	Memory = 10300
...
001 (1209273.021.000) 2025-12-22 17:28:19 Job executing on host: <155.230.21.155:9618?addrs=155.230.21.155-9618+[2407-c000-c025--21-155]-9618&alias=cluster355.knu.ac.kr&noUDP&sock=startd_8970_409c>
	SlotName: slot1_17@cluster355.knu.ac.kr
	CondorScratchDir = "/home/condor/dir_2032581"
	Cpus = 1
	Disk = 4673
	GPUs = 0
	Memory = 10300
...
006 (1209273.008.000) 2025-12-22 17:28:25 Image size of job updated: 186348
	150  -  MemoryUsage of job (MB)
	152952  -  ResidentSetSize of job (KB)
...
006 (1209273.020.000) 2025-12-22 17:28:26 Image size of job updated: 186888
	183  -  MemoryUsage of job (MB)
	186888  -  ResidentSetSize of job (KB)
...
006 (1209273.018.000) 2025-12-22 17:28:26 Image size of job updated: 153260
	150  -  MemoryUsage of job (MB)
	153260  -  ResidentSetSize of job (KB)
...
006 (1209273.019.000) 2025-12-22 17:28:26 Image size of job updated: 153520
	150  -  MemoryUsage of job (MB)
	153520  -  ResidentSetSize of job (KB)
...
005 (1209273.008.000) 2025-12-22 17:28:26 Job terminated.
	(1) Normal termination (return value 0)
		Usr 0 00:00:16, Sys 0 00:00:00  -  Run Remote Usage
		Usr 0 00:00:00, Sys 0 00:00:00  -  Run Local Usage
		Usr 0 00:00:16, Sys 0 00:00:00  -  Total Remote Usage
		Usr 0 00:00:00, Sys 0 00:00:00  -  Total Local Usage
	0  -  Run Bytes Sent By Job
	0  -  Run Bytes Received By Job
	0  -  Total Bytes Sent By Job
	0  -  Total Bytes Received By Job
	Partitionable Resources :    Usage  Request Allocated 
	   Cpus                 :        0        1         1 
	   Disk (KB)            :        1        1      8391 
	   GPUs                 :                           0 
	   Memory (MB)          :      150    10240     10300 
	   TimeExecute (s)      :       19                    
	   TimeSlotBusy (s)     :       19                    

	Job terminated of its own accord at 2025-12-22T08:28:25Z with exit-code 0.
...
006 (1209273.021.000) 2025-12-22 17:28:27 Image size of job updated: 175736
	172  -  MemoryUsage of job (MB)
	175736  -  ResidentSetSize of job (KB)
...
006 (1209273.012.000) 2025-12-22 17:28:34 Image size of job updated: 256564
	149  -  MemoryUsage of job (MB)
	152560  -  ResidentSetSize of job (KB)
...
005 (1209273.012.000) 2025-12-22 17:28:34 Job terminated.
	(1) Normal termination (return value 0)
		Usr 0 00:00:23, Sys 0 00:00:01  -  Run Remote Usage
		Usr 0 00:00:00, Sys 0 00:00:00  -  Run Local Usage
		Usr 0 00:00:23, Sys 0 00:00:01  -  Total Remote Usage
		Usr 0 00:00:00, Sys 0 00:00:00  -  Total Local Usage
	0  -  Run Bytes Sent By Job
	0  -  Run Bytes Received By Job
	0  -  Total Bytes Sent By Job
	0  -  Total Bytes Received By Job
	Partitionable Resources :    Usage  Request Allocated 
	   Cpus                 :        0        1         1 
	   Disk (KB)            :        1        1      4693 
	   GPUs                 :                           0 
	   Memory (MB)          :      149    10240     10300 
	   TimeExecute (s)      :       26                    
	   TimeSlotBusy (s)     :       27                    

	Job terminated of its own accord at 2025-12-22T08:28:34Z with exit-code 0.
...
006 (1209273.019.000) 2025-12-22 17:28:56 Image size of job updated: 598584
	150  -  MemoryUsage of job (MB)
	153520  -  ResidentSetSize of job (KB)
...
005 (1209273.019.000) 2025-12-22 17:28:56 Job terminated.
	(1) Normal termination (return value 0)
		Usr 0 00:00:35, Sys 0 00:00:00  -  Run Remote Usage
		Usr 0 00:00:00, Sys 0 00:00:00  -  Run Local Usage
		Usr 0 00:00:35, Sys 0 00:00:00  -  Total Remote Usage
		Usr 0 00:00:00, Sys 0 00:00:00  -  Total Local Usage
	0  -  Run Bytes Sent By Job
	0  -  Run Bytes Received By Job
	0  -  Total Bytes Sent By Job
	0  -  Total Bytes Received By Job
	Partitionable Resources :    Usage  Request Allocated 
	   Cpus                 :        0        1         1 
	   Disk (KB)            :        1        1      2770 
	   GPUs                 :                           0 
	   Memory (MB)          :      150    10240     10300 
	   TimeExecute (s)      :       38                    
	   TimeSlotBusy (s)     :       38                    

	Job terminated of its own accord at 2025-12-22T08:28:56Z with exit-code 0.
...
006 (1209273.018.000) 2025-12-22 17:29:01 Image size of job updated: 417836
	150  -  MemoryUsage of job (MB)
	153260  -  ResidentSetSize of job (KB)
...
005 (1209273.018.000) 2025-12-22 17:29:02 Job terminated.
	(1) Normal termination (return value 0)
		Usr 0 00:00:39, Sys 0 00:00:01  -  Run Remote Usage
		Usr 0 00:00:00, Sys 0 00:00:00  -  Run Local Usage
		Usr 0 00:00:39, Sys 0 00:00:01  -  Total Remote Usage
		Usr 0 00:00:00, Sys 0 00:00:00  -  Total Local Usage
	0  -  Run Bytes Sent By Job
	0  -  Run Bytes Received By Job
	0  -  Total Bytes Sent By Job
	0  -  Total Bytes Received By Job
	Partitionable Resources :    Usage  Request Allocated 
	   Cpus                 :        0        1         1 
	   Disk (KB)            :        1        1      2840 
	   GPUs                 :                           0 
	   Memory (MB)          :      150    10240     10300 
	   TimeExecute (s)      :       43                    
	   TimeSlotBusy (s)     :       43                    

	Job terminated of its own accord at 2025-12-22T08:29:01Z with exit-code 0.
...
001 (1209273.022.000) 2025-12-22 17:29:02 Job executing on host: <155.230.21.88:9618?addrs=155.230.21.88-9618+[2407-c000-c025--21-88]-9618&alias=cluster288.knu.ac.kr&noUDP&sock=startd_1395_6eb4>
	SlotName: slot1_7@cluster288.knu.ac.kr
	CondorScratchDir = "/home/condor/dir_3488618"
	Cpus = 1
	Disk = 2771
	GPUs = 0
	Memory = 10300
...
001 (1209273.024.000) 2025-12-22 17:29:02 Job executing on host: <155.230.21.112:9618?addrs=155.230.21.112-9618+[2407-c000-c025--21-112]-9618&alias=cluster312.knu.ac.kr&noUDP&sock=startd_1407_a9d7>
	SlotName: slot1_3@cluster312.knu.ac.kr
	CondorScratchDir = "/home/condor/dir_3284714"
	Cpus = 1
	Disk = 2819
	GPUs = 0
	Memory = 10300
...
001 (1209273.028.000) 2025-12-22 17:29:03 Job executing on host: <155.230.21.155:9618?addrs=155.230.21.155-9618+[2407-c000-c025--21-155]-9618&alias=cluster355.knu.ac.kr&noUDP&sock=startd_8970_409c>
	SlotName: slot1_2@cluster355.knu.ac.kr
	CondorScratchDir = "/home/condor/dir_2032788"
	Cpus = 1
	Disk = 4673
	GPUs = 0
	Memory = 10300
...
001 (1209273.023.000) 2025-12-22 17:29:04 Job executing on host: <155.230.20.26:9618?addrs=155.230.20.26-9618+[2407-c000-c025--20-26]-9618&alias=dm01.knu.ac.kr&noUDP&sock=startd_6650_ece3>
	SlotName: slot1_12@dm01.knu.ac.kr
	AvailableGPUs = {  }
	CondorScratchDir = "/home/condor/dir_1227658"
	Cpus = 1
	Disk = 1834
	GPUs = 0
	Memory = 10240
...
001 (1209273.025.000) 2025-12-22 17:29:04 Job executing on host: <155.230.21.122:9618?addrs=155.230.21.122-9618+[2407-c000-c025--21-122]-9618&alias=cluster322.knu.ac.kr&noUDP&sock=startd_1480_bc41>
	SlotName: slot1_4@cluster322.knu.ac.kr
	CondorScratchDir = "/home/condor/dir_2231624"
	Cpus = 1
	Disk = 2831
	GPUs = 0
	Memory = 10300
...
001 (1209273.027.000) 2025-12-22 17:29:04 Job executing on host: <155.230.21.148:9618?addrs=155.230.21.148-9618+[2407-c000-c025--21-148]-9618&alias=cluster348.knu.ac.kr&noUDP&sock=startd_2894_9f2b>
	SlotName: slot1_2@cluster348.knu.ac.kr
	CondorScratchDir = "/home/condor/dir_796997"
	Cpus = 1
	Disk = 2048
	GPUs = 0
	Memory = 10300
...
001 (1209273.026.000) 2025-12-22 17:29:04 Job executing on host: <155.230.21.137:9618?addrs=155.230.21.137-9618+[2407-c000-c025--21-137]-9618&alias=cluster337.knu.ac.kr&noUDP&sock=startd_3737_d982>
	SlotName: slot1_30@cluster337.knu.ac.kr
	CondorScratchDir = "/home/condor/dir_145900"
	Cpus = 1
	Disk = 4693
	GPUs = 0
	Memory = 10300
...
001 (1209273.029.000) 2025-12-22 17:29:04 Job executing on host: <155.230.21.153:9618?addrs=155.230.21.153-9618+[2407-c000-c024-0-12ff-e0ff-fe03-bebe]-9618&alias=cluster353.knu.ac.kr&noUDP&sock=startd_3951_a2c6>
	SlotName: slot1_4@cluster353.knu.ac.kr
	CondorScratchDir = "/home/condor/dir_4013022"
	Cpus = 1
	Disk = 2770
	GPUs = 0
	Memory = 10300
...
006 (1209273.006.000) 2025-12-22 17:29:07 Image size of job updated: 505636
	128  -  MemoryUsage of job (MB)
	130680  -  ResidentSetSize of job (KB)
...
005 (1209273.006.000) 2025-12-22 17:29:07 Job terminated.
	(1) Normal termination (return value 0)
		Usr 0 00:00:57, Sys 0 00:00:01  -  Run Remote Usage
		Usr 0 00:00:00, Sys 0 00:00:00  -  Run Local Usage
		Usr 0 00:00:57, Sys 0 00:00:01  -  Total Remote Usage
		Usr 0 00:00:00, Sys 0 00:00:00  -  Total Local Usage
	0  -  Run Bytes Sent By Job
	0  -  Run Bytes Received By Job
	0  -  Total Bytes Sent By Job
	0  -  Total Bytes Received By Job
	Partitionable Resources :    Usage  Request Allocated 
	   Cpus                 :        0        1         1 
	   Disk (KB)            :        1        1      4693 
	   GPUs                 :                           0 
	   Memory (MB)          :      128    10240     10300 
	   TimeExecute (s)      :       62                    
	   TimeSlotBusy (s)     :       62                    

	Job terminated of its own accord at 2025-12-22T08:29:07Z with exit-code 0.
...
006 (1209273.022.000) 2025-12-22 17:29:10 Image size of job updated: 130048
	127  -  MemoryUsage of job (MB)
	130048  -  ResidentSetSize of job (KB)
...
006 (1209273.024.000) 2025-12-22 17:29:10 Image size of job updated: 28924
	29  -  MemoryUsage of job (MB)
	28924  -  ResidentSetSize of job (KB)
...
006 (1209273.028.000) 2025-12-22 17:29:11 Image size of job updated: 153312
	150  -  MemoryUsage of job (MB)
	153312  -  ResidentSetSize of job (KB)
...
006 (1209273.023.000) 2025-12-22 17:29:12 Image size of job updated: 117752
	115  -  MemoryUsage of job (MB)
	117752  -  ResidentSetSize of job (KB)
...
006 (1209273.025.000) 2025-12-22 17:29:12 Image size of job updated: 111212
	109  -  MemoryUsage of job (MB)
	111212  -  ResidentSetSize of job (KB)
...
006 (1209273.027.000) 2025-12-22 17:29:12 Image size of job updated: 153768
	151  -  MemoryUsage of job (MB)
	153768  -  ResidentSetSize of job (KB)
...
006 (1209273.026.000) 2025-12-22 17:29:12 Image size of job updated: 124180
	122  -  MemoryUsage of job (MB)
	124180  -  ResidentSetSize of job (KB)
...
006 (1209273.029.000) 2025-12-22 17:29:12 Image size of job updated: 154692
	152  -  MemoryUsage of job (MB)
	154692  -  ResidentSetSize of job (KB)
...
006 (1209273.023.000) 2025-12-22 17:29:22 Image size of job updated: 152896
	116  -  MemoryUsage of job (MB)
	117768  -  ResidentSetSize of job (KB)
...
005 (1209273.023.000) 2025-12-22 17:29:23 Job terminated.
	(1) Normal termination (return value 0)
		Usr 0 00:00:15, Sys 0 00:00:00  -  Run Remote Usage
		Usr 0 00:00:00, Sys 0 00:00:00  -  Run Local Usage
		Usr 0 00:00:15, Sys 0 00:00:00  -  Total Remote Usage
		Usr 0 00:00:00, Sys 0 00:00:00  -  Total Local Usage
	0  -  Run Bytes Sent By Job
	0  -  Run Bytes Received By Job
	0  -  Total Bytes Sent By Job
	0  -  Total Bytes Received By Job
	Partitionable Resources :    Usage  Request Allocated 
	   Cpus                 :        0        1         1 
	   Disk (KB)            :        1        1      1834 
	   GPUs                 :                           0 
	   Memory (MB)          :      116    10240     10240 
	   TimeExecute (s)      :       18                    
	   TimeSlotBusy (s)     :       20                    

	Job terminated of its own accord at 2025-12-22T08:29:22Z with exit-code 0.
...
006 (1209273.020.000) 2025-12-22 17:29:26 Image size of job updated: 1398664
	183  -  MemoryUsage of job (MB)
	186916  -  ResidentSetSize of job (KB)
...
005 (1209273.020.000) 2025-12-22 17:29:26 Job terminated.
	(1) Normal termination (return value 0)
		Usr 0 00:01:03, Sys 0 00:00:01  -  Run Remote Usage
		Usr 0 00:00:00, Sys 0 00:00:00  -  Run Local Usage
		Usr 0 00:01:03, Sys 0 00:00:01  -  Total Remote Usage
		Usr 0 00:00:00, Sys 0 00:00:00  -  Total Local Usage
	0  -  Run Bytes Sent By Job
	0  -  Run Bytes Received By Job
	0  -  Total Bytes Sent By Job
	0  -  Total Bytes Received By Job
	Partitionable Resources :    Usage  Request Allocated 
	   Cpus                 :        0        1         1 
	   Disk (KB)            :        1        1      4673 
	   GPUs                 :                           0 
	   Memory (MB)          :      183    10240     10300 
	   TimeExecute (s)      :       68                    
	   TimeSlotBusy (s)     :       68                    

	Job terminated of its own accord at 2025-12-22T08:29:26Z with exit-code 0.
...
006 (1209273.017.000) 2025-12-22 17:29:27 Image size of job updated: 1577212
	189  -  MemoryUsage of job (MB)
	193236  -  ResidentSetSize of job (KB)
...
005 (1209273.017.000) 2025-12-22 17:29:27 Job terminated.
	(1) Normal termination (return value 0)
		Usr 0 00:01:13, Sys 0 00:00:01  -  Run Remote Usage
		Usr 0 00:00:00, Sys 0 00:00:00  -  Run Local Usage
		Usr 0 00:01:13, Sys 0 00:00:01  -  Total Remote Usage
		Usr 0 00:00:00, Sys 0 00:00:00  -  Total Local Usage
	0  -  Run Bytes Sent By Job
	0  -  Run Bytes Received By Job
	0  -  Total Bytes Sent By Job
	0  -  Total Bytes Received By Job
	Partitionable Resources :    Usage  Request Allocated 
	   Cpus                 :        0        1         1 
	   Disk (KB)            :        1        1      4673 
	   GPUs                 :                           0 
	   Memory (MB)          :      189    10240     10300 
	   TimeExecute (s)      :       79                    
	   TimeSlotBusy (s)     :       79                    

	Job terminated of its own accord at 2025-12-22T08:29:27Z with exit-code 0.
...
006 (1209273.028.000) 2025-12-22 17:29:27 Image size of job updated: 380072
	150  -  MemoryUsage of job (MB)
	153312  -  ResidentSetSize of job (KB)
...
005 (1209273.028.000) 2025-12-22 17:29:27 Job terminated.
	(1) Normal termination (return value 0)
		Usr 0 00:00:21, Sys 0 00:00:00  -  Run Remote Usage
		Usr 0 00:00:00, Sys 0 00:00:00  -  Run Local Usage
		Usr 0 00:00:21, Sys 0 00:00:00  -  Total Remote Usage
		Usr 0 00:00:00, Sys 0 00:00:00  -  Total Local Usage
	0  -  Run Bytes Sent By Job
	0  -  Run Bytes Received By Job
	0  -  Total Bytes Sent By Job
	0  -  Total Bytes Received By Job
	Partitionable Resources :    Usage  Request Allocated 
	   Cpus                 :        0        1         1 
	   Disk (KB)            :        1        1      4673 
	   GPUs                 :                           0 
	   Memory (MB)          :      150    10240     10300 
	   TimeExecute (s)      :       24                    
	   TimeSlotBusy (s)     :       24                    

	Job terminated of its own accord at 2025-12-22T08:29:27Z with exit-code 0.
...
006 (1209273.011.000) 2025-12-22 17:29:28 Image size of job updated: 1673316
	210  -  MemoryUsage of job (MB)
	214576  -  ResidentSetSize of job (KB)
...
005 (1209273.011.000) 2025-12-22 17:29:29 Job terminated.
	(1) Normal termination (return value 0)
		Usr 0 00:01:17, Sys 0 00:00:01  -  Run Remote Usage
		Usr 0 00:00:00, Sys 0 00:00:00  -  Run Local Usage
		Usr 0 00:01:17, Sys 0 00:00:01  -  Total Remote Usage
		Usr 0 00:00:00, Sys 0 00:00:00  -  Total Local Usage
	0  -  Run Bytes Sent By Job
	0  -  Run Bytes Received By Job
	0  -  Total Bytes Sent By Job
	0  -  Total Bytes Received By Job
	Partitionable Resources :    Usage  Request Allocated 
	   Cpus                 :        0        1         1 
	   Disk (KB)            :        1        1      4673 
	   GPUs                 :                           0 
	   Memory (MB)          :      210    10240     10300 
	   TimeExecute (s)      :       82                    
	   TimeSlotBusy (s)     :       82                    

	Job terminated of its own accord at 2025-12-22T08:29:28Z with exit-code 0.
...
006 (1209273.015.000) 2025-12-22 17:29:29 Image size of job updated: 1764140
	190  -  MemoryUsage of job (MB)
	193756  -  ResidentSetSize of job (KB)
...
005 (1209273.015.000) 2025-12-22 17:29:29 Job terminated.
	(1) Normal termination (return value 0)
		Usr 0 00:01:16, Sys 0 00:00:01  -  Run Remote Usage
		Usr 0 00:00:00, Sys 0 00:00:00  -  Run Local Usage
		Usr 0 00:01:16, Sys 0 00:00:01  -  Total Remote Usage
		Usr 0 00:00:00, Sys 0 00:00:00  -  Total Local Usage
	0  -  Run Bytes Sent By Job
	0  -  Run Bytes Received By Job
	0  -  Total Bytes Sent By Job
	0  -  Total Bytes Received By Job
	Partitionable Resources :    Usage  Request Allocated 
	   Cpus                 :        0        1         1 
	   Disk (KB)            :        1        1      4673 
	   GPUs                 :                           0 
	   Memory (MB)          :      190    10240     10300 
	   TimeExecute (s)      :       81                    
	   TimeSlotBusy (s)     :       81                    

	Job terminated of its own accord at 2025-12-22T08:29:29Z with exit-code 0.
...
006 (1209273.009.000) 2025-12-22 17:29:35 Image size of job updated: 1944136
	205  -  MemoryUsage of job (MB)
	209684  -  ResidentSetSize of job (KB)
...
005 (1209273.009.000) 2025-12-22 17:29:35 Job terminated.
	(1) Normal termination (return value 0)
		Usr 0 00:01:24, Sys 0 00:00:01  -  Run Remote Usage
		Usr 0 00:00:00, Sys 0 00:00:00  -  Run Local Usage
		Usr 0 00:01:24, Sys 0 00:00:01  -  Total Remote Usage
		Usr 0 00:00:00, Sys 0 00:00:00  -  Total Local Usage
	0  -  Run Bytes Sent By Job
	0  -  Run Bytes Received By Job
	0  -  Total Bytes Sent By Job
	0  -  Total Bytes Received By Job
	Partitionable Resources :    Usage  Request Allocated 
	   Cpus                 :        0        1         1 
	   Disk (KB)            :        1        1      4673 
	   GPUs                 :                           0 
	   Memory (MB)          :      205    10240     10300 
	   TimeExecute (s)      :       92                    
	   TimeSlotBusy (s)     :       92                    

	Job terminated of its own accord at 2025-12-22T08:29:35Z with exit-code 0.
...
006 (1209273.021.000) 2025-12-22 17:29:45 Image size of job updated: 1827772
	172  -  MemoryUsage of job (MB)
	176036  -  ResidentSetSize of job (KB)
...
005 (1209273.021.000) 2025-12-22 17:29:45 Job terminated.
	(1) Normal termination (return value 0)
		Usr 0 00:01:20, Sys 0 00:00:01  -  Run Remote Usage
		Usr 0 00:00:00, Sys 0 00:00:00  -  Run Local Usage
		Usr 0 00:01:20, Sys 0 00:00:01  -  Total Remote Usage
		Usr 0 00:00:00, Sys 0 00:00:00  -  Total Local Usage
	0  -  Run Bytes Sent By Job
	0  -  Run Bytes Received By Job
	0  -  Total Bytes Sent By Job
	0  -  Total Bytes Received By Job
	Partitionable Resources :    Usage  Request Allocated 
	   Cpus                 :        0        1         1 
	   Disk (KB)            :        1        1      4673 
	   GPUs                 :                           0 
	   Memory (MB)          :      172    10240     10300 
	   TimeExecute (s)      :       86                    
	   TimeSlotBusy (s)     :       86                    

	Job terminated of its own accord at 2025-12-22T08:29:45Z with exit-code 0.
...
006 (1209273.001.000) 2025-12-22 17:29:47 Image size of job updated: 1286024
	130  -  MemoryUsage of job (MB)
	132644  -  ResidentSetSize of job (KB)
...
005 (1209273.001.000) 2025-12-22 17:29:47 Job terminated.
	(1) Normal termination (return value 0)
		Usr 0 00:02:01, Sys 0 00:00:03  -  Run Remote Usage
		Usr 0 00:00:00, Sys 0 00:00:00  -  Run Local Usage
		Usr 0 00:02:01, Sys 0 00:00:03  -  Total Remote Usage
		Usr 0 00:00:00, Sys 0 00:00:00  -  Total Local Usage
	0  -  Run Bytes Sent By Job
	0  -  Run Bytes Received By Job
	0  -  Total Bytes Sent By Job
	0  -  Total Bytes Received By Job
	Partitionable Resources :    Usage  Request Allocated 
	   Cpus                 :        0        1         1 
	   Disk (KB)            :        1        1      2829 
	   GPUs                 :                           0 
	   Memory (MB)          :      130    10240     10300 
	   TimeExecute (s)      :      132                    
	   TimeSlotBusy (s)     :      132                    

	Job terminated of its own accord at 2025-12-22T08:29:47Z with exit-code 0.
...
006 (1209273.022.000) 2025-12-22 17:29:47 Image size of job updated: 451768
	128  -  MemoryUsage of job (MB)
	130060  -  ResidentSetSize of job (KB)
...
005 (1209273.022.000) 2025-12-22 17:29:47 Job terminated.
	(1) Normal termination (return value 0)
		Usr 0 00:00:39, Sys 0 00:00:01  -  Run Remote Usage
		Usr 0 00:00:00, Sys 0 00:00:00  -  Run Local Usage
		Usr 0 00:00:39, Sys 0 00:00:01  -  Total Remote Usage
		Usr 0 00:00:00, Sys 0 00:00:00  -  Total Local Usage
	0  -  Run Bytes Sent By Job
	0  -  Run Bytes Received By Job
	0  -  Total Bytes Sent By Job
	0  -  Total Bytes Received By Job
	Partitionable Resources :    Usage  Request Allocated 
	   Cpus                 :        0        1         1 
	   Disk (KB)            :        1        1      2771 
	   GPUs                 :                           0 
	   Memory (MB)          :      128    10240     10300 
	   TimeExecute (s)      :       45                    
	   TimeSlotBusy (s)     :       45                    

	Job terminated of its own accord at 2025-12-22T08:29:47Z with exit-code 0.
...
006 (1209273.007.000) 2025-12-22 17:29:54 Image size of job updated: 2099848
	158  -  MemoryUsage of job (MB)
	161476  -  ResidentSetSize of job (KB)
...
005 (1209273.007.000) 2025-12-22 17:29:54 Job terminated.
	(1) Normal termination (return value 0)
		Usr 0 00:01:45, Sys 0 00:00:02  -  Run Remote Usage
		Usr 0 00:00:00, Sys 0 00:00:00  -  Run Local Usage
		Usr 0 00:01:45, Sys 0 00:00:02  -  Total Remote Usage
		Usr 0 00:00:00, Sys 0 00:00:00  -  Total Local Usage
	0  -  Run Bytes Sent By Job
	0  -  Run Bytes Received By Job
	0  -  Total Bytes Sent By Job
	0  -  Total Bytes Received By Job
	Partitionable Resources :    Usage  Request Allocated 
	   Cpus                 :        0        1         1 
	   Disk (KB)            :        1        1      2770 
	   GPUs                 :                           0 
	   Memory (MB)          :      158    10240     10300 
	   TimeExecute (s)      :      111                    
	   TimeSlotBusy (s)     :      111                    

	Job terminated of its own accord at 2025-12-22T08:29:54Z with exit-code 0.
...
006 (1209273.010.000) 2025-12-22 17:29:57 Image size of job updated: 1321560
	151  -  MemoryUsage of job (MB)
	154152  -  ResidentSetSize of job (KB)
...
005 (1209273.010.000) 2025-12-22 17:29:57 Job terminated.
	(1) Normal termination (return value 0)
		Usr 0 00:01:40, Sys 0 00:00:02  -  Run Remote Usage
		Usr 0 00:00:00, Sys 0 00:00:00  -  Run Local Usage
		Usr 0 00:01:40, Sys 0 00:00:02  -  Total Remote Usage
		Usr 0 00:00:00, Sys 0 00:00:00  -  Total Local Usage
	0  -  Run Bytes Sent By Job
	0  -  Run Bytes Received By Job
	0  -  Total Bytes Sent By Job
	0  -  Total Bytes Received By Job
	Partitionable Resources :    Usage  Request Allocated 
	   Cpus                 :        0        1         1 
	   Disk (KB)            :        1        1      2048 
	   GPUs                 :                           0 
	   Memory (MB)          :      151    10240     10300 
	   TimeExecute (s)      :      111                    
	   TimeSlotBusy (s)     :      111                    

	Job terminated of its own accord at 2025-12-22T08:29:57Z with exit-code 0.
...
006 (1209273.026.000) 2025-12-22 17:30:19 Image size of job updated: 593600
	122  -  MemoryUsage of job (MB)
	124188  -  ResidentSetSize of job (KB)
...
005 (1209273.026.000) 2025-12-22 17:30:20 Job terminated.
	(1) Normal termination (return value 0)
		Usr 0 00:01:08, Sys 0 00:00:02  -  Run Remote Usage
		Usr 0 00:00:00, Sys 0 00:00:00  -  Run Local Usage
		Usr 0 00:01:08, Sys 0 00:00:02  -  Total Remote Usage
		Usr 0 00:00:00, Sys 0 00:00:00  -  Total Local Usage
	0  -  Run Bytes Sent By Job
	0  -  Run Bytes Received By Job
	0  -  Total Bytes Sent By Job
	0  -  Total Bytes Received By Job
	Partitionable Resources :    Usage  Request Allocated 
	   Cpus                 :        0        1         1 
	   Disk (KB)            :        1        1      4693 
	   GPUs                 :                           0 
	   Memory (MB)          :      122    10240     10300 
	   TimeExecute (s)      :       75                    
	   TimeSlotBusy (s)     :       76                    

	Job terminated of its own accord at 2025-12-22T08:30:19Z with exit-code 0.
...
006 (1209273.027.000) 2025-12-22 17:30:27 Image size of job updated: 868424
	151  -  MemoryUsage of job (MB)
	153768  -  ResidentSetSize of job (KB)
...
006 (1209273.002.000) 2025-12-22 17:30:27 Image size of job updated: 2024840
	152  -  MemoryUsage of job (MB)
	154740  -  ResidentSetSize of job (KB)
...
005 (1209273.027.000) 2025-12-22 17:30:29 Job terminated.
	(1) Normal termination (return value 0)
		Usr 0 00:01:16, Sys 0 00:00:01  -  Run Remote Usage
		Usr 0 00:00:00, Sys 0 00:00:00  -  Run Local Usage
		Usr 0 00:01:16, Sys 0 00:00:01  -  Total Remote Usage
		Usr 0 00:00:00, Sys 0 00:00:00  -  Total Local Usage
	0  -  Run Bytes Sent By Job
	0  -  Run Bytes Received By Job
	0  -  Total Bytes Sent By Job
	0  -  Total Bytes Received By Job
	Partitionable Resources :    Usage  Request Allocated 
	   Cpus                 :        0        1         1 
	   Disk (KB)            :        1        1      2048 
	   GPUs                 :                           0 
	   Memory (MB)          :      151    10240     10300 
	   TimeExecute (s)      :       83                    
	   TimeSlotBusy (s)     :       85                    

	Job terminated of its own accord at 2025-12-22T08:30:27Z with exit-code 0.
...
005 (1209273.002.000) 2025-12-22 17:30:29 Job terminated.
	(1) Normal termination (return value 0)
		Usr 0 00:02:39, Sys 0 00:00:04  -  Run Remote Usage
		Usr 0 00:00:00, Sys 0 00:00:00  -  Run Local Usage
		Usr 0 00:02:39, Sys 0 00:00:04  -  Total Remote Usage
		Usr 0 00:00:00, Sys 0 00:00:00  -  Total Local Usage
	0  -  Run Bytes Sent By Job
	0  -  Run Bytes Received By Job
	0  -  Total Bytes Sent By Job
	0  -  Total Bytes Received By Job
	Partitionable Resources :    Usage  Request Allocated 
	   Cpus                 :     0.95        1         1 
	   Disk (KB)            :     1           1      8391 
	   GPUs                 :                           0 
	   Memory (MB)          :   152       10240     10300 
	   TimeExecute (s)      :   172                       
	   TimeSlotBusy (s)     :   174                       

	Job terminated of its own accord at 2025-12-22T08:30:27Z with exit-code 0.
...
006 (1209273.029.000) 2025-12-22 17:30:34 Image size of job updated: 1623940
	152  -  MemoryUsage of job (MB)
	154692  -  ResidentSetSize of job (KB)
...
005 (1209273.029.000) 2025-12-22 17:30:34 Job terminated.
	(1) Normal termination (return value 0)
		Usr 0 00:01:24, Sys 0 00:00:01  -  Run Remote Usage
		Usr 0 00:00:00, Sys 0 00:00:00  -  Run Local Usage
		Usr 0 00:01:24, Sys 0 00:00:01  -  Total Remote Usage
		Usr 0 00:00:00, Sys 0 00:00:00  -  Total Local Usage
	0  -  Run Bytes Sent By Job
	0  -  Run Bytes Received By Job
	0  -  Total Bytes Sent By Job
	0  -  Total Bytes Received By Job
	Partitionable Resources :    Usage  Request Allocated 
	   Cpus                 :     0.98        1         1 
	   Disk (KB)            :     1           1      2770 
	   GPUs                 :                           0 
	   Memory (MB)          :   152       10240     10300 
	   TimeExecute (s)      :    90                       
	   TimeSlotBusy (s)     :    90                       

	Job terminated of its own accord at 2025-12-22T08:30:34Z with exit-code 0.
...
006 (1209273.016.000) 2025-12-22 17:30:51 Image size of job updated: 1868012
	151  -  MemoryUsage of job (MB)
	154620  -  ResidentSetSize of job (KB)
...
005 (1209273.016.000) 2025-12-22 17:30:51 Job terminated.
	(1) Normal termination (return value 0)
		Usr 0 00:02:28, Sys 0 00:00:03  -  Run Remote Usage
		Usr 0 00:00:00, Sys 0 00:00:00  -  Run Local Usage
		Usr 0 00:02:28, Sys 0 00:00:03  -  Total Remote Usage
		Usr 0 00:00:00, Sys 0 00:00:00  -  Total Local Usage
	0  -  Run Bytes Sent By Job
	0  -  Run Bytes Received By Job
	0  -  Total Bytes Sent By Job
	0  -  Total Bytes Received By Job
	Partitionable Resources :    Usage  Request Allocated 
	   Cpus                 :        0        1         1 
	   Disk (KB)            :        1        1      2048 
	   GPUs                 :                           0 
	   Memory (MB)          :      151    10240     10300 
	   TimeExecute (s)      :      163                    
	   TimeSlotBusy (s)     :      163                    

	Job terminated of its own accord at 2025-12-22T08:30:51Z with exit-code 0.
...
006 (1209273.003.000) 2025-12-22 17:31:00 Image size of job updated: 1394196
	126  -  MemoryUsage of job (MB)
	128488  -  ResidentSetSize of job (KB)
...
005 (1209273.003.000) 2025-12-22 17:31:00 Job terminated.
	(1) Normal termination (return value 0)
		Usr 0 00:02:43, Sys 0 00:00:04  -  Run Remote Usage
		Usr 0 00:00:00, Sys 0 00:00:00  -  Run Local Usage
		Usr 0 00:02:43, Sys 0 00:00:04  -  Total Remote Usage
		Usr 0 00:00:00, Sys 0 00:00:00  -  Total Local Usage
	0  -  Run Bytes Sent By Job
	0  -  Run Bytes Received By Job
	0  -  Total Bytes Sent By Job
	0  -  Total Bytes Received By Job
	Partitionable Resources :    Usage  Request Allocated 
	   Cpus                 :     0.93        1         1 
	   Disk (KB)            :     1           1      2857 
	   GPUs                 :                           0 
	   Memory (MB)          :   126       10240     10300 
	   TimeExecute (s)      :   175                       
	   TimeSlotBusy (s)     :   175                       

	Job terminated of its own accord at 2025-12-22T08:31:00Z with exit-code 0.
...
006 (1209273.005.000) 2025-12-22 17:31:32 Image size of job updated: 1849492
	124  -  MemoryUsage of job (MB)
	126680  -  ResidentSetSize of job (KB)
...
005 (1209273.005.000) 2025-12-22 17:31:32 Job terminated.
	(1) Normal termination (return value 0)
		Usr 0 00:03:13, Sys 0 00:00:04  -  Run Remote Usage
		Usr 0 00:00:00, Sys 0 00:00:00  -  Run Local Usage
		Usr 0 00:03:13, Sys 0 00:00:04  -  Total Remote Usage
		Usr 0 00:00:00, Sys 0 00:00:00  -  Total Local Usage
	0  -  Run Bytes Sent By Job
	0  -  Run Bytes Received By Job
	0  -  Total Bytes Sent By Job
	0  -  Total Bytes Received By Job
	Partitionable Resources :    Usage  Request Allocated 
	   Cpus                 :     0.96        1         1 
	   Disk (KB)            :     1           1      2829 
	   GPUs                 :                           0 
	   Memory (MB)          :   124       10240     10300 
	   TimeExecute (s)      :   207                       
	   TimeSlotBusy (s)     :   207                       

	Job terminated of its own accord at 2025-12-22T08:31:32Z with exit-code 0.
...
006 (1209273.004.000) 2025-12-22 17:32:26 Image size of job updated: 1940392
	124  -  MemoryUsage of job (MB)
	126360  -  ResidentSetSize of job (KB)
...
005 (1209273.004.000) 2025-12-22 17:32:26 Job terminated.
	(1) Normal termination (return value 0)
		Usr 0 00:04:09, Sys 0 00:00:05  -  Run Remote Usage
		Usr 0 00:00:00, Sys 0 00:00:00  -  Run Local Usage
		Usr 0 00:04:09, Sys 0 00:00:05  -  Total Remote Usage
		Usr 0 00:00:00, Sys 0 00:00:00  -  Total Local Usage
	0  -  Run Bytes Sent By Job
	0  -  Run Bytes Received By Job
	0  -  Total Bytes Sent By Job
	0  -  Total Bytes Received By Job
	Partitionable Resources :    Usage  Request Allocated 
	   Cpus                 :     0.97        1         1 
	   Disk (KB)            :     1           1      2820 
	   GPUs                 :                           0 
	   Memory (MB)          :   124       10240     10300 
	   TimeExecute (s)      :   263                       
	   TimeSlotBusy (s)     :   263                       

	Job terminated of its own accord at 2025-12-22T08:32:26Z with exit-code 0.
...
006 (1209273.013.000) 2025-12-22 17:32:31 Image size of job updated: 2989516
	153  -  MemoryUsage of job (MB)
	155836  -  ResidentSetSize of job (KB)
...
005 (1209273.013.000) 2025-12-22 17:32:31 Job terminated.
	(1) Normal termination (return value 0)
		Usr 0 00:04:00, Sys 0 00:00:06  -  Run Remote Usage
		Usr 0 00:00:00, Sys 0 00:00:00  -  Run Local Usage
		Usr 0 00:04:00, Sys 0 00:00:06  -  Total Remote Usage
		Usr 0 00:00:00, Sys 0 00:00:00  -  Total Local Usage
	0  -  Run Bytes Sent By Job
	0  -  Run Bytes Received By Job
	0  -  Total Bytes Sent By Job
	0  -  Total Bytes Received By Job
	Partitionable Resources :    Usage  Request Allocated 
	   Cpus                 :     0.91        1         1 
	   Disk (KB)            :     1           1      8391 
	   GPUs                 :                           0 
	   Memory (MB)          :   153       10240     10300 
	   TimeExecute (s)      :   263                       
	   TimeSlotBusy (s)     :   263                       

	Job terminated of its own accord at 2025-12-22T08:32:31Z with exit-code 0.
...
006 (1209273.024.000) 2025-12-22 17:34:10 Image size of job updated: 1998200
	1952  -  MemoryUsage of job (MB)
	1998200  -  ResidentSetSize of job (KB)
...
006 (1209273.025.000) 2025-12-22 17:34:12 Image size of job updated: 1901864
	1858  -  MemoryUsage of job (MB)
	1901864  -  ResidentSetSize of job (KB)
...
006 (1209273.024.000) 2025-12-22 17:35:34 Image size of job updated: 2562572
	1952  -  MemoryUsage of job (MB)
	1998200  -  ResidentSetSize of job (KB)
...
005 (1209273.024.000) 2025-12-22 17:35:34 Job terminated.
	(1) Normal termination (return value 0)
		Usr 0 00:06:02, Sys 0 00:00:09  -  Run Remote Usage
		Usr 0 00:00:00, Sys 0 00:00:00  -  Run Local Usage
		Usr 0 00:06:02, Sys 0 00:00:09  -  Total Remote Usage
		Usr 0 00:00:00, Sys 0 00:00:00  -  Total Local Usage
	0  -  Run Bytes Sent By Job
	0  -  Run Bytes Received By Job
	0  -  Total Bytes Sent By Job
	0  -  Total Bytes Received By Job
	Partitionable Resources :    Usage  Request Allocated 
	   Cpus                 :     0.97        1         1 
	   Disk (KB)            :     1           1      2819 
	   GPUs                 :                           0 
	   Memory (MB)          :  1952       10240     10300 
	   TimeExecute (s)      :   392                       
	   TimeSlotBusy (s)     :   392                       

	Job terminated of its own accord at 2025-12-22T08:35:34Z with exit-code 0.
...
006 (1209273.025.000) 2025-12-22 17:35:39 Image size of job updated: 2426908
	1858  -  MemoryUsage of job (MB)
	1901904  -  ResidentSetSize of job (KB)
...
005 (1209273.025.000) 2025-12-22 17:35:39 Job terminated.
	(1) Normal termination (return value 0)
		Usr 0 00:06:05, Sys 0 00:00:08  -  Run Remote Usage
		Usr 0 00:00:00, Sys 0 00:00:00  -  Run Local Usage
		Usr 0 00:06:05, Sys 0 00:00:08  -  Total Remote Usage
		Usr 0 00:00:00, Sys 0 00:00:00  -  Total Local Usage
	0  -  Run Bytes Sent By Job
	0  -  Run Bytes Received By Job
	0  -  Total Bytes Sent By Job
	0  -  Total Bytes Received By Job
	Partitionable Resources :    Usage  Request Allocated 
	   Cpus                 :     0.97        1         1 
	   Disk (KB)            :     1           1      2831 
	   GPUs                 :                           0 
	   Memory (MB)          :  1858       10240     10300 
	   TimeExecute (s)      :   395                       
	   TimeSlotBusy (s)     :   396                       

	Job terminated of its own accord at 2025-12-22T08:35:39Z with exit-code 0.
...
