000 (1209270.000.000) 2025-12-22 16:30:46 Job submitted from host: <155.230.23.71:9618?addrs=155.230.23.71-9618+[2407-c000-c024-0-20c-29ff-fe9d-363c]-9618&alias=cms01.knu.ac.kr&noUDP&sock=schedd_1467_d186>
...
000 (1209270.001.000) 2025-12-22 16:30:46 Job submitted from host: <155.230.23.71:9618?addrs=155.230.23.71-9618+[2407-c000-c024-0-20c-29ff-fe9d-363c]-9618&alias=cms01.knu.ac.kr&noUDP&sock=schedd_1467_d186>
...
000 (1209270.002.000) 2025-12-22 16:30:46 Job submitted from host: <155.230.23.71:9618?addrs=155.230.23.71-9618+[2407-c000-c024-0-20c-29ff-fe9d-363c]-9618&alias=cms01.knu.ac.kr&noUDP&sock=schedd_1467_d186>
...
000 (1209270.003.000) 2025-12-22 16:30:46 Job submitted from host: <155.230.23.71:9618?addrs=155.230.23.71-9618+[2407-c000-c024-0-20c-29ff-fe9d-363c]-9618&alias=cms01.knu.ac.kr&noUDP&sock=schedd_1467_d186>
...
000 (1209270.004.000) 2025-12-22 16:30:46 Job submitted from host: <155.230.23.71:9618?addrs=155.230.23.71-9618+[2407-c000-c024-0-20c-29ff-fe9d-363c]-9618&alias=cms01.knu.ac.kr&noUDP&sock=schedd_1467_d186>
...
000 (1209270.005.000) 2025-12-22 16:30:46 Job submitted from host: <155.230.23.71:9618?addrs=155.230.23.71-9618+[2407-c000-c024-0-20c-29ff-fe9d-363c]-9618&alias=cms01.knu.ac.kr&noUDP&sock=schedd_1467_d186>
...
000 (1209270.006.000) 2025-12-22 16:30:46 Job submitted from host: <155.230.23.71:9618?addrs=155.230.23.71-9618+[2407-c000-c024-0-20c-29ff-fe9d-363c]-9618&alias=cms01.knu.ac.kr&noUDP&sock=schedd_1467_d186>
...
000 (1209270.007.000) 2025-12-22 16:30:46 Job submitted from host: <155.230.23.71:9618?addrs=155.230.23.71-9618+[2407-c000-c024-0-20c-29ff-fe9d-363c]-9618&alias=cms01.knu.ac.kr&noUDP&sock=schedd_1467_d186>
...
000 (1209270.008.000) 2025-12-22 16:30:46 Job submitted from host: <155.230.23.71:9618?addrs=155.230.23.71-9618+[2407-c000-c024-0-20c-29ff-fe9d-363c]-9618&alias=cms01.knu.ac.kr&noUDP&sock=schedd_1467_d186>
...
000 (1209270.009.000) 2025-12-22 16:30:46 Job submitted from host: <155.230.23.71:9618?addrs=155.230.23.71-9618+[2407-c000-c024-0-20c-29ff-fe9d-363c]-9618&alias=cms01.knu.ac.kr&noUDP&sock=schedd_1467_d186>
...
000 (1209270.010.000) 2025-12-22 16:30:46 Job submitted from host: <155.230.23.71:9618?addrs=155.230.23.71-9618+[2407-c000-c024-0-20c-29ff-fe9d-363c]-9618&alias=cms01.knu.ac.kr&noUDP&sock=schedd_1467_d186>
...
000 (1209270.011.000) 2025-12-22 16:30:46 Job submitted from host: <155.230.23.71:9618?addrs=155.230.23.71-9618+[2407-c000-c024-0-20c-29ff-fe9d-363c]-9618&alias=cms01.knu.ac.kr&noUDP&sock=schedd_1467_d186>
...
000 (1209270.012.000) 2025-12-22 16:30:46 Job submitted from host: <155.230.23.71:9618?addrs=155.230.23.71-9618+[2407-c000-c024-0-20c-29ff-fe9d-363c]-9618&alias=cms01.knu.ac.kr&noUDP&sock=schedd_1467_d186>
...
000 (1209270.013.000) 2025-12-22 16:30:46 Job submitted from host: <155.230.23.71:9618?addrs=155.230.23.71-9618+[2407-c000-c024-0-20c-29ff-fe9d-363c]-9618&alias=cms01.knu.ac.kr&noUDP&sock=schedd_1467_d186>
...
001 (1209270.000.000) 2025-12-22 17:15:53 Job executing on host: <155.230.21.153:9618?addrs=155.230.21.153-9618+[2407-c000-c024-0-12ff-e0ff-fe03-bebe]-9618&alias=cluster353.knu.ac.kr&noUDP&sock=startd_3951_a2c6>
	SlotName: slot1_13@cluster353.knu.ac.kr
	CondorScratchDir = "/home/condor/dir_4005927"
	Cpus = 1
	Disk = 2770
	GPUs = 0
	Memory = 10300
...
006 (1209270.000.000) 2025-12-22 17:16:03 Image size of job updated: 182172
	178  -  MemoryUsage of job (MB)
	182172  -  ResidentSetSize of job (KB)
...
001 (1209270.003.000) 2025-12-22 17:16:16 Job executing on host: <155.230.21.106:9618?addrs=155.230.21.106-9618+[2407-c000-c025--21-106]-9618&alias=cluster306.knu.ac.kr&noUDP&sock=startd_7016_f88d>
	SlotName: slot1_5@cluster306.knu.ac.kr
	CondorScratchDir = "/home/condor/dir_3118490"
	Cpus = 1
	Disk = 2824
	GPUs = 0
	Memory = 10300
...
001 (1209270.002.000) 2025-12-22 17:16:16 Job executing on host: <155.230.21.146:9618?addrs=155.230.21.146-9618+[2407-c000-c025--21-146]-9618&alias=cluster346.knu.ac.kr&noUDP&sock=startd_2463_fdda>
	SlotName: slot1_20@cluster346.knu.ac.kr
	AvailableGPUs = {  }
	CondorScratchDir = "/home/condor/dir_1244495"
	Cpus = 1
	Disk = 2048
	GPUs = 0
	Memory = 10300
...
001 (1209270.005.000) 2025-12-22 17:16:16 Job executing on host: <155.230.21.135:9618?addrs=155.230.21.135-9618+[2407-c000-c025--21-135]-9618&alias=cluster335.knu.ac.kr&noUDP&sock=startd_2528_9382>
	SlotName: slot1_13@cluster335.knu.ac.kr
	CondorScratchDir = "/home/condor/dir_1275567"
	Cpus = 1
	Disk = 2830
	GPUs = 0
	Memory = 10300
...
001 (1209270.008.000) 2025-12-22 17:16:17 Job executing on host: <155.230.21.153:9618?addrs=155.230.21.153-9618+[2407-c000-c024-0-12ff-e0ff-fe03-bebe]-9618&alias=cluster353.knu.ac.kr&noUDP&sock=startd_3951_a2c6>
	SlotName: slot1_9@cluster353.knu.ac.kr
	CondorScratchDir = "/home/condor/dir_4006277"
	Cpus = 1
	Disk = 2770
	GPUs = 0
	Memory = 10300
...
001 (1209270.007.000) 2025-12-22 17:16:18 Job executing on host: <155.230.21.133:9618?addrs=155.230.21.133-9618+[2407-c000-c025--21-133]-9618&alias=cluster333.knu.ac.kr&noUDP&sock=startd_2525_84b9>
	SlotName: slot1_11@cluster333.knu.ac.kr
	CondorScratchDir = "/home/condor/dir_1951486"
	Cpus = 1
	Disk = 2840
	GPUs = 0
	Memory = 10300
...
001 (1209270.006.000) 2025-12-22 17:16:18 Job executing on host: <155.230.21.155:9618?addrs=155.230.21.155-9618+[2407-c000-c025--21-155]-9618&alias=cluster355.knu.ac.kr&noUDP&sock=startd_8970_409c>
	SlotName: slot1_10@cluster355.knu.ac.kr
	CondorScratchDir = "/home/condor/dir_2022640"
	Cpus = 1
	Disk = 4673
	GPUs = 0
	Memory = 10300
...
001 (1209270.004.000) 2025-12-22 17:16:18 Job executing on host: <155.230.21.126:9618?addrs=155.230.21.126-9618+[2407-c000-c025--21-126]-9618&alias=cluster326.knu.ac.kr&noUDP&sock=startd_3436_6380>
	SlotName: slot1_2@cluster326.knu.ac.kr
	CondorScratchDir = "/home/condor/dir_3701549"
	Cpus = 1
	Disk = 2820
	GPUs = 0
	Memory = 10300
...
001 (1209270.009.000) 2025-12-22 17:16:18 Job executing on host: <155.230.21.148:9618?addrs=155.230.21.148-9618+[2407-c000-c025--21-148]-9618&alias=cluster348.knu.ac.kr&noUDP&sock=startd_2894_9f2b>
	SlotName: slot1_2@cluster348.knu.ac.kr
	CondorScratchDir = "/home/condor/dir_790202"
	Cpus = 1
	Disk = 2048
	GPUs = 0
	Memory = 10300
...
001 (1209270.001.000) 2025-12-22 17:16:18 Job executing on host: <155.230.20.26:9618?addrs=155.230.20.26-9618+[2407-c000-c025--20-26]-9618&alias=dm01.knu.ac.kr&noUDP&sock=startd_6650_ece3>
	SlotName: slot1_8@dm01.knu.ac.kr
	AvailableGPUs = {  }
	CondorScratchDir = "/home/condor/dir_1223541"
	Cpus = 1
	Disk = 2857
	GPUs = 0
	Memory = 10300
...
001 (1209270.010.000) 2025-12-22 17:16:19 Job executing on host: <155.230.21.151:9618?addrs=155.230.21.151-9618+[2407-c000-c025--21-151]-9618&alias=cluster351.knu.ac.kr&noUDP&sock=startd_3486_af3c>
	SlotName: slot1_6@cluster351.knu.ac.kr
	CondorScratchDir = "/home/condor/dir_4079420"
	Cpus = 1
	Disk = 8391
	GPUs = 0
	Memory = 10300
...
001 (1209270.011.000) 2025-12-22 17:16:19 Job executing on host: <155.230.21.151:9618?addrs=155.230.21.151-9618+[2407-c000-c025--21-151]-9618&alias=cluster351.knu.ac.kr&noUDP&sock=startd_3486_af3c>
	SlotName: slot1_40@cluster351.knu.ac.kr
	CondorScratchDir = "/home/condor/dir_4079421"
	Cpus = 1
	Disk = 8391
	GPUs = 0
	Memory = 10300
...
006 (1209270.003.000) 2025-12-22 17:16:25 Image size of job updated: 154272
	151  -  MemoryUsage of job (MB)
	154272  -  ResidentSetSize of job (KB)
...
006 (1209270.002.000) 2025-12-22 17:16:25 Image size of job updated: 154572
	151  -  MemoryUsage of job (MB)
	154572  -  ResidentSetSize of job (KB)
...
006 (1209270.005.000) 2025-12-22 17:16:25 Image size of job updated: 154452
	151  -  MemoryUsage of job (MB)
	154452  -  ResidentSetSize of job (KB)
...
006 (1209270.007.000) 2025-12-22 17:16:26 Image size of job updated: 154160
	151  -  MemoryUsage of job (MB)
	154160  -  ResidentSetSize of job (KB)
...
006 (1209270.006.000) 2025-12-22 17:16:26 Image size of job updated: 163648
	160  -  MemoryUsage of job (MB)
	163648  -  ResidentSetSize of job (KB)
...
006 (1209270.004.000) 2025-12-22 17:16:26 Image size of job updated: 120640
	118  -  MemoryUsage of job (MB)
	120640  -  ResidentSetSize of job (KB)
...
006 (1209270.009.000) 2025-12-22 17:16:26 Image size of job updated: 155816
	153  -  MemoryUsage of job (MB)
	155816  -  ResidentSetSize of job (KB)
...
006 (1209270.008.000) 2025-12-22 17:16:26 Image size of job updated: 155308
	152  -  MemoryUsage of job (MB)
	155308  -  ResidentSetSize of job (KB)
...
006 (1209270.001.000) 2025-12-22 17:16:27 Image size of job updated: 123952
	122  -  MemoryUsage of job (MB)
	123952  -  ResidentSetSize of job (KB)
...
006 (1209270.010.000) 2025-12-22 17:16:28 Image size of job updated: 154644
	152  -  MemoryUsage of job (MB)
	154644  -  ResidentSetSize of job (KB)
...
006 (1209270.011.000) 2025-12-22 17:16:28 Image size of job updated: 155332
	152  -  MemoryUsage of job (MB)
	155332  -  ResidentSetSize of job (KB)
...
001 (1209270.013.000) 2025-12-22 17:16:37 Job executing on host: <155.230.21.135:9618?addrs=155.230.21.135-9618+[2407-c000-c025--21-135]-9618&alias=cluster335.knu.ac.kr&noUDP&sock=startd_2528_9382>
	SlotName: slot1_15@cluster335.knu.ac.kr
	CondorScratchDir = "/home/condor/dir_1275772"
	Cpus = 1
	Disk = 2830
	GPUs = 0
	Memory = 10300
...
001 (1209270.012.000) 2025-12-22 17:16:39 Job executing on host: <155.230.21.90:9618?addrs=155.230.21.90-9618+[2407-c000-c025--21-90]-9618&alias=cluster290.knu.ac.kr&noUDP&sock=startd_1262_349c>
	SlotName: slot1_3@cluster290.knu.ac.kr
	CondorScratchDir = "/home/condor/dir_2363361"
	Cpus = 1
	Disk = 2819
	GPUs = 0
	Memory = 10300
...
006 (1209270.013.000) 2025-12-22 17:16:46 Image size of job updated: 154280
	151  -  MemoryUsage of job (MB)
	154280  -  ResidentSetSize of job (KB)
...
006 (1209270.012.000) 2025-12-22 17:16:48 Image size of job updated: 114968
	113  -  MemoryUsage of job (MB)
	114968  -  ResidentSetSize of job (KB)
...
006 (1209270.000.000) 2025-12-22 17:17:32 Image size of job updated: 1978428
	178  -  MemoryUsage of job (MB)
	182172  -  ResidentSetSize of job (KB)
...
005 (1209270.000.000) 2025-12-22 17:17:32 Job terminated.
	(1) Normal termination (return value 0)
		Usr 0 00:01:31, Sys 0 00:00:02  -  Run Remote Usage
		Usr 0 00:00:00, Sys 0 00:00:00  -  Run Local Usage
		Usr 0 00:01:31, Sys 0 00:00:02  -  Total Remote Usage
		Usr 0 00:00:00, Sys 0 00:00:00  -  Total Local Usage
	0  -  Run Bytes Sent By Job
	0  -  Run Bytes Received By Job
	0  -  Total Bytes Sent By Job
	0  -  Total Bytes Received By Job
	Partitionable Resources :    Usage  Request Allocated 
	   Cpus                 :     0.97        1         1 
	   Disk (KB)            :     1           1      2770 
	   GPUs                 :                           0 
	   Memory (MB)          :   178       10240     10300 
	   TimeExecute (s)      :    99                       
	   TimeSlotBusy (s)     :    99                       

	Job terminated of its own accord at 2025-12-22T08:17:32Z with exit-code 0.
...
006 (1209270.004.000) 2025-12-22 17:18:04 Image size of job updated: 915948
	118  -  MemoryUsage of job (MB)
	120644  -  ResidentSetSize of job (KB)
...
005 (1209270.004.000) 2025-12-22 17:18:06 Job terminated.
	(1) Normal termination (return value 0)
		Usr 0 00:01:40, Sys 0 00:00:02  -  Run Remote Usage
		Usr 0 00:00:00, Sys 0 00:00:00  -  Run Local Usage
		Usr 0 00:01:40, Sys 0 00:00:02  -  Total Remote Usage
		Usr 0 00:00:00, Sys 0 00:00:00  -  Total Local Usage
	0  -  Run Bytes Sent By Job
	0  -  Run Bytes Received By Job
	0  -  Total Bytes Sent By Job
	0  -  Total Bytes Received By Job
	Partitionable Resources :    Usage  Request Allocated 
	   Cpus                 :     0.98        1         1 
	   Disk (KB)            :     1           1      2820 
	   GPUs                 :                           0 
	   Memory (MB)          :   118       10240     10300 
	   TimeExecute (s)      :   106                       
	   TimeSlotBusy (s)     :   108                       

	Job terminated of its own accord at 2025-12-22T08:18:04Z with exit-code 0.
...
006 (1209270.007.000) 2025-12-22 17:18:11 Image size of job updated: 1496956
	151  -  MemoryUsage of job (MB)
	154160  -  ResidentSetSize of job (KB)
...
005 (1209270.007.000) 2025-12-22 17:18:17 Job terminated.
	(1) Normal termination (return value 0)
		Usr 0 00:01:44, Sys 0 00:00:03  -  Run Remote Usage
		Usr 0 00:00:00, Sys 0 00:00:00  -  Run Local Usage
		Usr 0 00:01:44, Sys 0 00:00:03  -  Total Remote Usage
		Usr 0 00:00:00, Sys 0 00:00:00  -  Total Local Usage
	0  -  Run Bytes Sent By Job
	0  -  Run Bytes Received By Job
	0  -  Total Bytes Sent By Job
	0  -  Total Bytes Received By Job
	Partitionable Resources :    Usage  Request Allocated 
	   Cpus                 :        0        1         1 
	   Disk (KB)            :        1        1      2840 
	   GPUs                 :                           0 
	   Memory (MB)          :      151    10240     10300 
	   TimeExecute (s)      :      113                    
	   TimeSlotBusy (s)     :      115                    

	Job terminated of its own accord at 2025-12-22T08:18:11Z with exit-code 0.
...
006 (1209270.008.000) 2025-12-22 17:18:53 Image size of job updated: 2816952
	152  -  MemoryUsage of job (MB)
	155308  -  ResidentSetSize of job (KB)
...
005 (1209270.008.000) 2025-12-22 17:18:53 Job terminated.
	(1) Normal termination (return value 0)
		Usr 0 00:02:25, Sys 0 00:00:03  -  Run Remote Usage
		Usr 0 00:00:00, Sys 0 00:00:00  -  Run Local Usage
		Usr 0 00:02:25, Sys 0 00:00:03  -  Total Remote Usage
		Usr 0 00:00:00, Sys 0 00:00:00  -  Total Local Usage
	0  -  Run Bytes Sent By Job
	0  -  Run Bytes Received By Job
	0  -  Total Bytes Sent By Job
	0  -  Total Bytes Received By Job
	Partitionable Resources :    Usage  Request Allocated 
	   Cpus                 :     0.98        1         1 
	   Disk (KB)            :     1           1      2770 
	   GPUs                 :                           0 
	   Memory (MB)          :   152       10240     10300 
	   TimeExecute (s)      :   156                       
	   TimeSlotBusy (s)     :   156                       

	Job terminated of its own accord at 2025-12-22T08:18:53Z with exit-code 0.
...
006 (1209270.005.000) 2025-12-22 17:18:53 Image size of job updated: 1999672
	151  -  MemoryUsage of job (MB)
	154452  -  ResidentSetSize of job (KB)
...
005 (1209270.005.000) 2025-12-22 17:18:53 Job terminated.
	(1) Normal termination (return value 0)
		Usr 0 00:02:27, Sys 0 00:00:03  -  Run Remote Usage
		Usr 0 00:00:00, Sys 0 00:00:00  -  Run Local Usage
		Usr 0 00:02:27, Sys 0 00:00:03  -  Total Remote Usage
		Usr 0 00:00:00, Sys 0 00:00:00  -  Total Local Usage
	0  -  Run Bytes Sent By Job
	0  -  Run Bytes Received By Job
	0  -  Total Bytes Sent By Job
	0  -  Total Bytes Received By Job
	Partitionable Resources :    Usage  Request Allocated 
	   Cpus                 :        0        1         1 
	   Disk (KB)            :        1        1      2830 
	   GPUs                 :                           0 
	   Memory (MB)          :      151    10240     10300 
	   TimeExecute (s)      :      157                    
	   TimeSlotBusy (s)     :      157                    

	Job terminated of its own accord at 2025-12-22T08:18:53Z with exit-code 0.
...
006 (1209270.013.000) 2025-12-22 17:18:54 Image size of job updated: 1737072
	151  -  MemoryUsage of job (MB)
	154280  -  ResidentSetSize of job (KB)
...
005 (1209270.013.000) 2025-12-22 17:18:54 Job terminated.
	(1) Normal termination (return value 0)
		Usr 0 00:02:09, Sys 0 00:00:03  -  Run Remote Usage
		Usr 0 00:00:00, Sys 0 00:00:00  -  Run Local Usage
		Usr 0 00:02:09, Sys 0 00:00:03  -  Total Remote Usage
		Usr 0 00:00:00, Sys 0 00:00:00  -  Total Local Usage
	0  -  Run Bytes Sent By Job
	0  -  Run Bytes Received By Job
	0  -  Total Bytes Sent By Job
	0  -  Total Bytes Received By Job
	Partitionable Resources :    Usage  Request Allocated 
	   Cpus                 :        0        1         1 
	   Disk (KB)            :        1        1      2830 
	   GPUs                 :                           0 
	   Memory (MB)          :      151    10240     10300 
	   TimeExecute (s)      :      137                    
	   TimeSlotBusy (s)     :      137                    

	Job terminated of its own accord at 2025-12-22T08:18:54Z with exit-code 0.
...
006 (1209270.003.000) 2025-12-22 17:18:54 Image size of job updated: 1782724
	151  -  MemoryUsage of job (MB)
	154272  -  ResidentSetSize of job (KB)
...
005 (1209270.003.000) 2025-12-22 17:18:54 Job terminated.
	(1) Normal termination (return value 0)
		Usr 0 00:02:26, Sys 0 00:00:04  -  Run Remote Usage
		Usr 0 00:00:00, Sys 0 00:00:00  -  Run Local Usage
		Usr 0 00:02:26, Sys 0 00:00:04  -  Total Remote Usage
		Usr 0 00:00:00, Sys 0 00:00:00  -  Total Local Usage
	0  -  Run Bytes Sent By Job
	0  -  Run Bytes Received By Job
	0  -  Total Bytes Sent By Job
	0  -  Total Bytes Received By Job
	Partitionable Resources :    Usage  Request Allocated 
	   Cpus                 :     0.96        1         1 
	   Disk (KB)            :     1           1      2824 
	   GPUs                 :                           0 
	   Memory (MB)          :   151       10240     10300 
	   TimeExecute (s)      :   158                       
	   TimeSlotBusy (s)     :   158                       

	Job terminated of its own accord at 2025-12-22T08:18:54Z with exit-code 0.
...
006 (1209270.002.000) 2025-12-22 17:19:00 Image size of job updated: 2089364
	151  -  MemoryUsage of job (MB)
	154572  -  ResidentSetSize of job (KB)
...
005 (1209270.002.000) 2025-12-22 17:19:00 Job terminated.
	(1) Normal termination (return value 0)
		Usr 0 00:02:33, Sys 0 00:00:04  -  Run Remote Usage
		Usr 0 00:00:00, Sys 0 00:00:00  -  Run Local Usage
		Usr 0 00:02:33, Sys 0 00:00:04  -  Total Remote Usage
		Usr 0 00:00:00, Sys 0 00:00:00  -  Total Local Usage
	0  -  Run Bytes Sent By Job
	0  -  Run Bytes Received By Job
	0  -  Total Bytes Sent By Job
	0  -  Total Bytes Received By Job
	Partitionable Resources :    Usage  Request Allocated 
	   Cpus                 :        0        1         1 
	   Disk (KB)            :        1        1      2048 
	   GPUs                 :                           0 
	   Memory (MB)          :      151    10240     10300 
	   TimeExecute (s)      :      164                    
	   TimeSlotBusy (s)     :      164                    

	Job terminated of its own accord at 2025-12-22T08:19:00Z with exit-code 0.
...
006 (1209270.010.000) 2025-12-22 17:19:05 Image size of job updated: 2217472
	152  -  MemoryUsage of job (MB)
	154644  -  ResidentSetSize of job (KB)
...
005 (1209270.010.000) 2025-12-22 17:19:05 Job terminated.
	(1) Normal termination (return value 0)
		Usr 0 00:02:31, Sys 0 00:00:04  -  Run Remote Usage
		Usr 0 00:00:00, Sys 0 00:00:00  -  Run Local Usage
		Usr 0 00:02:31, Sys 0 00:00:04  -  Total Remote Usage
		Usr 0 00:00:00, Sys 0 00:00:00  -  Total Local Usage
	0  -  Run Bytes Sent By Job
	0  -  Run Bytes Received By Job
	0  -  Total Bytes Sent By Job
	0  -  Total Bytes Received By Job
	Partitionable Resources :    Usage  Request Allocated 
	   Cpus                 :     0.95        1         1 
	   Disk (KB)            :     1           1      8391 
	   GPUs                 :                           0 
	   Memory (MB)          :   152       10240     10300 
	   TimeExecute (s)      :   166                       
	   TimeSlotBusy (s)     :   166                       

	Job terminated of its own accord at 2025-12-22T08:19:05Z with exit-code 0.
...
006 (1209270.006.000) 2025-12-22 17:19:25 Image size of job updated: 3421728
	160  -  MemoryUsage of job (MB)
	163744  -  ResidentSetSize of job (KB)
...
005 (1209270.006.000) 2025-12-22 17:19:25 Job terminated.
	(1) Normal termination (return value 0)
		Usr 0 00:02:57, Sys 0 00:00:03  -  Run Remote Usage
		Usr 0 00:00:00, Sys 0 00:00:00  -  Run Local Usage
		Usr 0 00:02:57, Sys 0 00:00:03  -  Total Remote Usage
		Usr 0 00:00:00, Sys 0 00:00:00  -  Total Local Usage
	0  -  Run Bytes Sent By Job
	0  -  Run Bytes Received By Job
	0  -  Total Bytes Sent By Job
	0  -  Total Bytes Received By Job
	Partitionable Resources :    Usage  Request Allocated 
	   Cpus                 :     0.97        1         1 
	   Disk (KB)            :     1           1      4673 
	   GPUs                 :                           0 
	   Memory (MB)          :   160       10240     10300 
	   TimeExecute (s)      :   187                       
	   TimeSlotBusy (s)     :   187                       

	Job terminated of its own accord at 2025-12-22T08:19:25Z with exit-code 0.
...
006 (1209270.011.000) 2025-12-22 17:19:35 Image size of job updated: 2946052
	152  -  MemoryUsage of job (MB)
	155332  -  ResidentSetSize of job (KB)
...
005 (1209270.011.000) 2025-12-22 17:19:37 Job terminated.
	(1) Normal termination (return value 0)
		Usr 0 00:02:57, Sys 0 00:00:04  -  Run Remote Usage
		Usr 0 00:00:00, Sys 0 00:00:00  -  Run Local Usage
		Usr 0 00:02:57, Sys 0 00:00:04  -  Total Remote Usage
		Usr 0 00:00:00, Sys 0 00:00:00  -  Total Local Usage
	0  -  Run Bytes Sent By Job
	0  -  Run Bytes Received By Job
	0  -  Total Bytes Sent By Job
	0  -  Total Bytes Received By Job
	Partitionable Resources :    Usage  Request Allocated 
	   Cpus                 :     0.94        1         1 
	   Disk (KB)            :     1           1      8391 
	   GPUs                 :                           0 
	   Memory (MB)          :   152       10240     10300 
	   TimeExecute (s)      :   196                       
	   TimeSlotBusy (s)     :   198                       

	Job terminated of its own accord at 2025-12-22T08:19:35Z with exit-code 0.
...
006 (1209270.001.000) 2025-12-22 17:20:25 Image size of job updated: 2162916
	122  -  MemoryUsage of job (MB)
	123960  -  ResidentSetSize of job (KB)
...
005 (1209270.001.000) 2025-12-22 17:20:25 Job terminated.
	(1) Normal termination (return value 0)
		Usr 0 00:03:52, Sys 0 00:00:05  -  Run Remote Usage
		Usr 0 00:00:00, Sys 0 00:00:00  -  Run Local Usage
		Usr 0 00:03:52, Sys 0 00:00:05  -  Total Remote Usage
		Usr 0 00:00:00, Sys 0 00:00:00  -  Total Local Usage
	0  -  Run Bytes Sent By Job
	0  -  Run Bytes Received By Job
	0  -  Total Bytes Sent By Job
	0  -  Total Bytes Received By Job
	Partitionable Resources :    Usage  Request Allocated 
	   Cpus                 :     0.97        1         1 
	   Disk (KB)            :     1           1      2857 
	   GPUs                 :                           0 
	   Memory (MB)          :   122       10240     10300 
	   TimeExecute (s)      :   247                       
	   TimeSlotBusy (s)     :   247                       

	Job terminated of its own accord at 2025-12-22T08:20:25Z with exit-code 0.
...
006 (1209270.009.000) 2025-12-22 17:20:46 Image size of job updated: 3630172
	153  -  MemoryUsage of job (MB)
	155816  -  ResidentSetSize of job (KB)
...
005 (1209270.009.000) 2025-12-22 17:20:46 Job terminated.
	(1) Normal termination (return value 0)
		Usr 0 00:04:06, Sys 0 00:00:06  -  Run Remote Usage
		Usr 0 00:00:00, Sys 0 00:00:00  -  Run Local Usage
		Usr 0 00:04:06, Sys 0 00:00:06  -  Total Remote Usage
		Usr 0 00:00:00, Sys 0 00:00:00  -  Total Local Usage
	0  -  Run Bytes Sent By Job
	0  -  Run Bytes Received By Job
	0  -  Total Bytes Sent By Job
	0  -  Total Bytes Received By Job
	Partitionable Resources :    Usage  Request Allocated 
	   Cpus                 :        0        1         1 
	   Disk (KB)            :        1        1      2048 
	   GPUs                 :                           0 
	   Memory (MB)          :      153    10240     10300 
	   TimeExecute (s)      :      268                    
	   TimeSlotBusy (s)     :      268                    

	Job terminated of its own accord at 2025-12-22T08:20:46Z with exit-code 0.
...
006 (1209270.012.000) 2025-12-22 17:21:49 Image size of job updated: 2121120
	2072  -  MemoryUsage of job (MB)
	2121120  -  ResidentSetSize of job (KB)
...
006 (1209270.012.000) 2025-12-22 17:22:30 Image size of job updated: 2365924
	2072  -  MemoryUsage of job (MB)
	2121120  -  ResidentSetSize of job (KB)
...
005 (1209270.012.000) 2025-12-22 17:22:30 Job terminated.
	(1) Normal termination (return value 0)
		Usr 0 00:05:24, Sys 0 00:00:10  -  Run Remote Usage
		Usr 0 00:00:00, Sys 0 00:00:00  -  Run Local Usage
		Usr 0 00:05:24, Sys 0 00:00:10  -  Total Remote Usage
		Usr 0 00:00:00, Sys 0 00:00:00  -  Total Local Usage
	0  -  Run Bytes Sent By Job
	0  -  Run Bytes Received By Job
	0  -  Total Bytes Sent By Job
	0  -  Total Bytes Received By Job
	Partitionable Resources :    Usage  Request Allocated 
	   Cpus                 :     0.96        1         1 
	   Disk (KB)            :     1           1      2819 
	   GPUs                 :                           0 
	   Memory (MB)          :  2072       10240     10300 
	   TimeExecute (s)      :   351                       
	   TimeSlotBusy (s)     :   352                       

	Job terminated of its own accord at 2025-12-22T08:22:30Z with exit-code 0.
...
