000 (1209256.000.000) 2025-12-22 16:30:39 Job submitted from host: <155.230.23.71:9618?addrs=155.230.23.71-9618+[2407-c000-c024-0-20c-29ff-fe9d-363c]-9618&alias=cms01.knu.ac.kr&noUDP&sock=schedd_1467_d186>
...
000 (1209256.001.000) 2025-12-22 16:30:39 Job submitted from host: <155.230.23.71:9618?addrs=155.230.23.71-9618+[2407-c000-c024-0-20c-29ff-fe9d-363c]-9618&alias=cms01.knu.ac.kr&noUDP&sock=schedd_1467_d186>
...
000 (1209256.002.000) 2025-12-22 16:30:39 Job submitted from host: <155.230.23.71:9618?addrs=155.230.23.71-9618+[2407-c000-c024-0-20c-29ff-fe9d-363c]-9618&alias=cms01.knu.ac.kr&noUDP&sock=schedd_1467_d186>
...
000 (1209256.003.000) 2025-12-22 16:30:39 Job submitted from host: <155.230.23.71:9618?addrs=155.230.23.71-9618+[2407-c000-c024-0-20c-29ff-fe9d-363c]-9618&alias=cms01.knu.ac.kr&noUDP&sock=schedd_1467_d186>
...
000 (1209256.004.000) 2025-12-22 16:30:39 Job submitted from host: <155.230.23.71:9618?addrs=155.230.23.71-9618+[2407-c000-c024-0-20c-29ff-fe9d-363c]-9618&alias=cms01.knu.ac.kr&noUDP&sock=schedd_1467_d186>
...
000 (1209256.005.000) 2025-12-22 16:30:39 Job submitted from host: <155.230.23.71:9618?addrs=155.230.23.71-9618+[2407-c000-c024-0-20c-29ff-fe9d-363c]-9618&alias=cms01.knu.ac.kr&noUDP&sock=schedd_1467_d186>
...
000 (1209256.006.000) 2025-12-22 16:30:39 Job submitted from host: <155.230.23.71:9618?addrs=155.230.23.71-9618+[2407-c000-c024-0-20c-29ff-fe9d-363c]-9618&alias=cms01.knu.ac.kr&noUDP&sock=schedd_1467_d186>
...
000 (1209256.007.000) 2025-12-22 16:30:39 Job submitted from host: <155.230.23.71:9618?addrs=155.230.23.71-9618+[2407-c000-c024-0-20c-29ff-fe9d-363c]-9618&alias=cms01.knu.ac.kr&noUDP&sock=schedd_1467_d186>
...
000 (1209256.008.000) 2025-12-22 16:30:39 Job submitted from host: <155.230.23.71:9618?addrs=155.230.23.71-9618+[2407-c000-c024-0-20c-29ff-fe9d-363c]-9618&alias=cms01.knu.ac.kr&noUDP&sock=schedd_1467_d186>
...
000 (1209256.009.000) 2025-12-22 16:30:39 Job submitted from host: <155.230.23.71:9618?addrs=155.230.23.71-9618+[2407-c000-c024-0-20c-29ff-fe9d-363c]-9618&alias=cms01.knu.ac.kr&noUDP&sock=schedd_1467_d186>
...
000 (1209256.010.000) 2025-12-22 16:30:39 Job submitted from host: <155.230.23.71:9618?addrs=155.230.23.71-9618+[2407-c000-c024-0-20c-29ff-fe9d-363c]-9618&alias=cms01.knu.ac.kr&noUDP&sock=schedd_1467_d186>
...
000 (1209256.011.000) 2025-12-22 16:30:39 Job submitted from host: <155.230.23.71:9618?addrs=155.230.23.71-9618+[2407-c000-c024-0-20c-29ff-fe9d-363c]-9618&alias=cms01.knu.ac.kr&noUDP&sock=schedd_1467_d186>
...
000 (1209256.012.000) 2025-12-22 16:30:39 Job submitted from host: <155.230.23.71:9618?addrs=155.230.23.71-9618+[2407-c000-c024-0-20c-29ff-fe9d-363c]-9618&alias=cms01.knu.ac.kr&noUDP&sock=schedd_1467_d186>
...
000 (1209256.013.000) 2025-12-22 16:30:39 Job submitted from host: <155.230.23.71:9618?addrs=155.230.23.71-9618+[2407-c000-c024-0-20c-29ff-fe9d-363c]-9618&alias=cms01.knu.ac.kr&noUDP&sock=schedd_1467_d186>
...
000 (1209256.014.000) 2025-12-22 16:30:39 Job submitted from host: <155.230.23.71:9618?addrs=155.230.23.71-9618+[2407-c000-c024-0-20c-29ff-fe9d-363c]-9618&alias=cms01.knu.ac.kr&noUDP&sock=schedd_1467_d186>
...
000 (1209256.015.000) 2025-12-22 16:30:39 Job submitted from host: <155.230.23.71:9618?addrs=155.230.23.71-9618+[2407-c000-c024-0-20c-29ff-fe9d-363c]-9618&alias=cms01.knu.ac.kr&noUDP&sock=schedd_1467_d186>
...
000 (1209256.016.000) 2025-12-22 16:30:39 Job submitted from host: <155.230.23.71:9618?addrs=155.230.23.71-9618+[2407-c000-c024-0-20c-29ff-fe9d-363c]-9618&alias=cms01.knu.ac.kr&noUDP&sock=schedd_1467_d186>
...
000 (1209256.017.000) 2025-12-22 16:30:39 Job submitted from host: <155.230.23.71:9618?addrs=155.230.23.71-9618+[2407-c000-c024-0-20c-29ff-fe9d-363c]-9618&alias=cms01.knu.ac.kr&noUDP&sock=schedd_1467_d186>
...
000 (1209256.018.000) 2025-12-22 16:30:39 Job submitted from host: <155.230.23.71:9618?addrs=155.230.23.71-9618+[2407-c000-c024-0-20c-29ff-fe9d-363c]-9618&alias=cms01.knu.ac.kr&noUDP&sock=schedd_1467_d186>
...
000 (1209256.019.000) 2025-12-22 16:30:39 Job submitted from host: <155.230.23.71:9618?addrs=155.230.23.71-9618+[2407-c000-c024-0-20c-29ff-fe9d-363c]-9618&alias=cms01.knu.ac.kr&noUDP&sock=schedd_1467_d186>
...
000 (1209256.020.000) 2025-12-22 16:30:39 Job submitted from host: <155.230.23.71:9618?addrs=155.230.23.71-9618+[2407-c000-c024-0-20c-29ff-fe9d-363c]-9618&alias=cms01.knu.ac.kr&noUDP&sock=schedd_1467_d186>
...
000 (1209256.021.000) 2025-12-22 16:30:39 Job submitted from host: <155.230.23.71:9618?addrs=155.230.23.71-9618+[2407-c000-c024-0-20c-29ff-fe9d-363c]-9618&alias=cms01.knu.ac.kr&noUDP&sock=schedd_1467_d186>
...
000 (1209256.022.000) 2025-12-22 16:30:39 Job submitted from host: <155.230.23.71:9618?addrs=155.230.23.71-9618+[2407-c000-c024-0-20c-29ff-fe9d-363c]-9618&alias=cms01.knu.ac.kr&noUDP&sock=schedd_1467_d186>
...
000 (1209256.023.000) 2025-12-22 16:30:39 Job submitted from host: <155.230.23.71:9618?addrs=155.230.23.71-9618+[2407-c000-c024-0-20c-29ff-fe9d-363c]-9618&alias=cms01.knu.ac.kr&noUDP&sock=schedd_1467_d186>
...
000 (1209256.024.000) 2025-12-22 16:30:39 Job submitted from host: <155.230.23.71:9618?addrs=155.230.23.71-9618+[2407-c000-c024-0-20c-29ff-fe9d-363c]-9618&alias=cms01.knu.ac.kr&noUDP&sock=schedd_1467_d186>
...
000 (1209256.025.000) 2025-12-22 16:30:39 Job submitted from host: <155.230.23.71:9618?addrs=155.230.23.71-9618+[2407-c000-c024-0-20c-29ff-fe9d-363c]-9618&alias=cms01.knu.ac.kr&noUDP&sock=schedd_1467_d186>
...
000 (1209256.026.000) 2025-12-22 16:30:39 Job submitted from host: <155.230.23.71:9618?addrs=155.230.23.71-9618+[2407-c000-c024-0-20c-29ff-fe9d-363c]-9618&alias=cms01.knu.ac.kr&noUDP&sock=schedd_1467_d186>
...
000 (1209256.027.000) 2025-12-22 16:30:39 Job submitted from host: <155.230.23.71:9618?addrs=155.230.23.71-9618+[2407-c000-c024-0-20c-29ff-fe9d-363c]-9618&alias=cms01.knu.ac.kr&noUDP&sock=schedd_1467_d186>
...
000 (1209256.028.000) 2025-12-22 16:30:39 Job submitted from host: <155.230.23.71:9618?addrs=155.230.23.71-9618+[2407-c000-c024-0-20c-29ff-fe9d-363c]-9618&alias=cms01.knu.ac.kr&noUDP&sock=schedd_1467_d186>
...
000 (1209256.029.000) 2025-12-22 16:30:39 Job submitted from host: <155.230.23.71:9618?addrs=155.230.23.71-9618+[2407-c000-c024-0-20c-29ff-fe9d-363c]-9618&alias=cms01.knu.ac.kr&noUDP&sock=schedd_1467_d186>
...
000 (1209256.030.000) 2025-12-22 16:30:39 Job submitted from host: <155.230.23.71:9618?addrs=155.230.23.71-9618+[2407-c000-c024-0-20c-29ff-fe9d-363c]-9618&alias=cms01.knu.ac.kr&noUDP&sock=schedd_1467_d186>
...
000 (1209256.031.000) 2025-12-22 16:30:39 Job submitted from host: <155.230.23.71:9618?addrs=155.230.23.71-9618+[2407-c000-c024-0-20c-29ff-fe9d-363c]-9618&alias=cms01.knu.ac.kr&noUDP&sock=schedd_1467_d186>
...
000 (1209256.032.000) 2025-12-22 16:30:39 Job submitted from host: <155.230.23.71:9618?addrs=155.230.23.71-9618+[2407-c000-c024-0-20c-29ff-fe9d-363c]-9618&alias=cms01.knu.ac.kr&noUDP&sock=schedd_1467_d186>
...
000 (1209256.033.000) 2025-12-22 16:30:39 Job submitted from host: <155.230.23.71:9618?addrs=155.230.23.71-9618+[2407-c000-c024-0-20c-29ff-fe9d-363c]-9618&alias=cms01.knu.ac.kr&noUDP&sock=schedd_1467_d186>
...
000 (1209256.034.000) 2025-12-22 16:30:39 Job submitted from host: <155.230.23.71:9618?addrs=155.230.23.71-9618+[2407-c000-c024-0-20c-29ff-fe9d-363c]-9618&alias=cms01.knu.ac.kr&noUDP&sock=schedd_1467_d186>
...
000 (1209256.035.000) 2025-12-22 16:30:39 Job submitted from host: <155.230.23.71:9618?addrs=155.230.23.71-9618+[2407-c000-c024-0-20c-29ff-fe9d-363c]-9618&alias=cms01.knu.ac.kr&noUDP&sock=schedd_1467_d186>
...
000 (1209256.036.000) 2025-12-22 16:30:39 Job submitted from host: <155.230.23.71:9618?addrs=155.230.23.71-9618+[2407-c000-c024-0-20c-29ff-fe9d-363c]-9618&alias=cms01.knu.ac.kr&noUDP&sock=schedd_1467_d186>
...
000 (1209256.037.000) 2025-12-22 16:30:39 Job submitted from host: <155.230.23.71:9618?addrs=155.230.23.71-9618+[2407-c000-c024-0-20c-29ff-fe9d-363c]-9618&alias=cms01.knu.ac.kr&noUDP&sock=schedd_1467_d186>
...
000 (1209256.038.000) 2025-12-22 16:30:39 Job submitted from host: <155.230.23.71:9618?addrs=155.230.23.71-9618+[2407-c000-c024-0-20c-29ff-fe9d-363c]-9618&alias=cms01.knu.ac.kr&noUDP&sock=schedd_1467_d186>
...
000 (1209256.039.000) 2025-12-22 16:30:39 Job submitted from host: <155.230.23.71:9618?addrs=155.230.23.71-9618+[2407-c000-c024-0-20c-29ff-fe9d-363c]-9618&alias=cms01.knu.ac.kr&noUDP&sock=schedd_1467_d186>
...
000 (1209256.040.000) 2025-12-22 16:30:39 Job submitted from host: <155.230.23.71:9618?addrs=155.230.23.71-9618+[2407-c000-c024-0-20c-29ff-fe9d-363c]-9618&alias=cms01.knu.ac.kr&noUDP&sock=schedd_1467_d186>
...
000 (1209256.041.000) 2025-12-22 16:30:39 Job submitted from host: <155.230.23.71:9618?addrs=155.230.23.71-9618+[2407-c000-c024-0-20c-29ff-fe9d-363c]-9618&alias=cms01.knu.ac.kr&noUDP&sock=schedd_1467_d186>
...
000 (1209256.042.000) 2025-12-22 16:30:39 Job submitted from host: <155.230.23.71:9618?addrs=155.230.23.71-9618+[2407-c000-c024-0-20c-29ff-fe9d-363c]-9618&alias=cms01.knu.ac.kr&noUDP&sock=schedd_1467_d186>
...
000 (1209256.043.000) 2025-12-22 16:30:39 Job submitted from host: <155.230.23.71:9618?addrs=155.230.23.71-9618+[2407-c000-c024-0-20c-29ff-fe9d-363c]-9618&alias=cms01.knu.ac.kr&noUDP&sock=schedd_1467_d186>
...
000 (1209256.044.000) 2025-12-22 16:30:39 Job submitted from host: <155.230.23.71:9618?addrs=155.230.23.71-9618+[2407-c000-c024-0-20c-29ff-fe9d-363c]-9618&alias=cms01.knu.ac.kr&noUDP&sock=schedd_1467_d186>
...
000 (1209256.045.000) 2025-12-22 16:30:39 Job submitted from host: <155.230.23.71:9618?addrs=155.230.23.71-9618+[2407-c000-c024-0-20c-29ff-fe9d-363c]-9618&alias=cms01.knu.ac.kr&noUDP&sock=schedd_1467_d186>
...
000 (1209256.046.000) 2025-12-22 16:30:39 Job submitted from host: <155.230.23.71:9618?addrs=155.230.23.71-9618+[2407-c000-c024-0-20c-29ff-fe9d-363c]-9618&alias=cms01.knu.ac.kr&noUDP&sock=schedd_1467_d186>
...
001 (1209256.002.000) 2025-12-22 16:43:09 Job executing on host: <155.230.21.92:9618?addrs=155.230.21.92-9618+[2407-c000-c025--21-92]-9618&alias=cluster292.knu.ac.kr&noUDP&sock=startd_6642_7021>
	SlotName: slot1_3@cluster292.knu.ac.kr
	CondorScratchDir = "/home/condor/dir_2161825"
	Cpus = 1
	Disk = 2825
	GPUs = 0
	Memory = 10300
...
001 (1209256.003.000) 2025-12-22 16:43:10 Job executing on host: <155.230.21.108:9618?addrs=155.230.21.108-9618+[2407-c000-c025--21-108]-9618&alias=cluster308.knu.ac.kr&noUDP&sock=startd_1358_0db3>
	SlotName: slot1_3@cluster308.knu.ac.kr
	CondorScratchDir = "/home/condor/dir_3041161"
	Cpus = 1
	Disk = 2817
	GPUs = 0
	Memory = 10300
...
001 (1209256.000.000) 2025-12-22 16:43:10 Job executing on host: <155.230.21.88:9618?addrs=155.230.21.88-9618+[2407-c000-c025--21-88]-9618&alias=cluster288.knu.ac.kr&noUDP&sock=startd_1395_6eb4>
	SlotName: slot1_7@cluster288.knu.ac.kr
	CondorScratchDir = "/home/condor/dir_3463164"
	Cpus = 1
	Disk = 2771
	GPUs = 0
	Memory = 10300
...
001 (1209256.001.000) 2025-12-22 16:43:10 Job executing on host: <155.230.21.84:9618?addrs=155.230.21.84-9618+[2407-c000-c025--21-84]-9618&alias=cluster284.knu.ac.kr&noUDP&sock=startd_1241_cd1e>
	SlotName: slot1_12@cluster284.knu.ac.kr
	CondorScratchDir = "/home/condor/dir_390883"
	Cpus = 1
	Disk = 2815
	GPUs = 0
	Memory = 10300
...
001 (1209256.005.000) 2025-12-22 16:43:11 Job executing on host: <155.230.21.121:9618?addrs=155.230.21.121-9618+[2407-c000-c025--21-121]-9618&alias=cluster321.knu.ac.kr&noUDP&sock=startd_1650_575b>
	SlotName: slot1_6@cluster321.knu.ac.kr
	CondorScratchDir = "/home/condor/dir_2427972"
	Cpus = 1
	Disk = 2772
	GPUs = 0
	Memory = 10300
...
001 (1209256.006.000) 2025-12-22 16:43:11 Job executing on host: <155.230.21.127:9618?addrs=155.230.21.127-9618+[2407-c000-c025--21-127]-9618&alias=cluster327.knu.ac.kr&noUDP&sock=startd_4324_7b9a>
	SlotName: slot1_13@cluster327.knu.ac.kr
	CondorScratchDir = "/home/condor/dir_541202"
	Cpus = 1
	Disk = 2879
	GPUs = 0
	Memory = 10300
...
001 (1209256.004.000) 2025-12-22 16:43:12 Job executing on host: <155.230.21.119:9618?addrs=155.230.21.119-9618+[2407-c000-c025--21-119]-9618&alias=cluster319.knu.ac.kr&noUDP&sock=startd_3610_bcfb>
	SlotName: slot1_3@cluster319.knu.ac.kr
	CondorScratchDir = "/home/condor/dir_3704882"
	Cpus = 1
	Disk = 2829
	GPUs = 0
	Memory = 10300
...
001 (1209256.009.000) 2025-12-22 16:43:12 Job executing on host: <155.230.21.133:9618?addrs=155.230.21.133-9618+[2407-c000-c025--21-133]-9618&alias=cluster333.knu.ac.kr&noUDP&sock=startd_2525_84b9>
	SlotName: slot1_4@cluster333.knu.ac.kr
	CondorScratchDir = "/home/condor/dir_1931797"
	Cpus = 1
	Disk = 2840
	GPUs = 0
	Memory = 10300
...
001 (1209256.010.000) 2025-12-22 16:43:12 Job executing on host: <155.230.21.148:9618?addrs=155.230.21.148-9618+[2407-c000-c025--21-148]-9618&alias=cluster348.knu.ac.kr&noUDP&sock=startd_2894_9f2b>
	SlotName: slot1_26@cluster348.knu.ac.kr
	CondorScratchDir = "/home/condor/dir_771425"
	Cpus = 1
	Disk = 2048
	GPUs = 0
	Memory = 10300
...
001 (1209256.008.000) 2025-12-22 16:43:12 Job executing on host: <155.230.21.143:9618?addrs=155.230.21.143-9618+[2407-c000-c025--21-143]-9618&alias=cluster343.knu.ac.kr&noUDP&sock=startd_2164_e709>
	SlotName: slot1_9@cluster343.knu.ac.kr
	CondorScratchDir = "/home/condor/dir_2026629"
	Cpus = 1
	Disk = 2821
	GPUs = 0
	Memory = 10300
...
001 (1209256.012.000) 2025-12-22 16:43:13 Job executing on host: <155.230.21.135:9618?addrs=155.230.21.135-9618+[2407-c000-c025--21-135]-9618&alias=cluster335.knu.ac.kr&noUDP&sock=startd_2528_9382>
	SlotName: slot1_6@cluster335.knu.ac.kr
	CondorScratchDir = "/home/condor/dir_1244692"
	Cpus = 1
	Disk = 2830
	GPUs = 0
	Memory = 10300
...
001 (1209256.011.000) 2025-12-22 16:43:13 Job executing on host: <155.230.21.151:9618?addrs=155.230.21.151-9618+[2407-c000-c025--21-151]-9618&alias=cluster351.knu.ac.kr&noUDP&sock=startd_3486_af3c>
	SlotName: slot1_40@cluster351.knu.ac.kr
	CondorScratchDir = "/home/condor/dir_4053007"
	Cpus = 1
	Disk = 8391
	GPUs = 0
	Memory = 10300
...
001 (1209256.007.000) 2025-12-22 16:43:13 Job executing on host: <155.230.21.144:9618?addrs=155.230.21.144-9618+[2407-c000-c025--21-144]-9618&alias=cluster344.knu.ac.kr&noUDP&sock=startd_3393_e4ee>
	SlotName: slot1_7@cluster344.knu.ac.kr
	CondorScratchDir = "/home/condor/dir_213198"
	Cpus = 1
	Disk = 2829
	GPUs = 0
	Memory = 10300
...
001 (1209256.014.000) 2025-12-22 16:43:14 Job executing on host: <155.230.21.133:9618?addrs=155.230.21.133-9618+[2407-c000-c025--21-133]-9618&alias=cluster333.knu.ac.kr&noUDP&sock=startd_2525_84b9>
	SlotName: slot1_11@cluster333.knu.ac.kr
	CondorScratchDir = "/home/condor/dir_1931968"
	Cpus = 1
	Disk = 2840
	GPUs = 0
	Memory = 10300
...
001 (1209256.013.000) 2025-12-22 16:43:14 Job executing on host: <155.230.21.143:9618?addrs=155.230.21.143-9618+[2407-c000-c025--21-143]-9618&alias=cluster343.knu.ac.kr&noUDP&sock=startd_2164_e709>
	SlotName: slot1_14@cluster343.knu.ac.kr
	CondorScratchDir = "/home/condor/dir_2026794"
	Cpus = 1
	Disk = 2821
	GPUs = 0
	Memory = 10300
...
001 (1209256.015.000) 2025-12-22 16:43:15 Job executing on host: <155.230.21.135:9618?addrs=155.230.21.135-9618+[2407-c000-c025--21-135]-9618&alias=cluster335.knu.ac.kr&noUDP&sock=startd_2528_9382>
	SlotName: slot1_10@cluster335.knu.ac.kr
	CondorScratchDir = "/home/condor/dir_1244801"
	Cpus = 1
	Disk = 2830
	GPUs = 0
	Memory = 10300
...
001 (1209256.016.000) 2025-12-22 16:43:16 Job executing on host: <155.230.21.135:9618?addrs=155.230.21.135-9618+[2407-c000-c025--21-135]-9618&alias=cluster335.knu.ac.kr&noUDP&sock=startd_2528_9382>
	SlotName: slot1_12@cluster335.knu.ac.kr
	CondorScratchDir = "/home/condor/dir_1244942"
	Cpus = 1
	Disk = 2830
	GPUs = 0
	Memory = 10300
...
006 (1209256.002.000) 2025-12-22 16:43:18 Image size of job updated: 110108
	108  -  MemoryUsage of job (MB)
	110108  -  ResidentSetSize of job (KB)
...
006 (1209256.003.000) 2025-12-22 16:43:18 Image size of job updated: 116184
	114  -  MemoryUsage of job (MB)
	116184  -  ResidentSetSize of job (KB)
...
006 (1209256.000.000) 2025-12-22 16:43:18 Image size of job updated: 152744
	150  -  MemoryUsage of job (MB)
	152744  -  ResidentSetSize of job (KB)
...
005 (1209256.000.000) 2025-12-22 16:43:18 Job terminated.
	(1) Normal termination (return value 134)
		Usr 0 00:00:05, Sys 0 00:00:00  -  Run Remote Usage
		Usr 0 00:00:00, Sys 0 00:00:00  -  Run Local Usage
		Usr 0 00:00:05, Sys 0 00:00:00  -  Total Remote Usage
		Usr 0 00:00:00, Sys 0 00:00:00  -  Total Local Usage
	0  -  Run Bytes Sent By Job
	0  -  Run Bytes Received By Job
	0  -  Total Bytes Sent By Job
	0  -  Total Bytes Received By Job
	Partitionable Resources :    Usage  Request Allocated 
	   Cpus                 :        0        1         1 
	   Disk (KB)            :        1        1      2771 
	   GPUs                 :                           0 
	   Memory (MB)          :      150    10240     10300 
	   TimeExecute (s)      :        8                    
	   TimeSlotBusy (s)     :        8                    

	Job terminated of its own accord at 2025-12-22T07:43:18Z with exit-code 134.
...
006 (1209256.001.000) 2025-12-22 16:43:19 Image size of job updated: 107720
	106  -  MemoryUsage of job (MB)
	107720  -  ResidentSetSize of job (KB)
...
006 (1209256.010.000) 2025-12-22 16:43:19 Image size of job updated: 123184
	0  -  MemoryUsage of job (MB)
	0  -  ResidentSetSize of job (KB)
...
005 (1209256.010.000) 2025-12-22 16:43:19 Job terminated.
	(1) Normal termination (return value 134)
		Usr 0 00:00:05, Sys 0 00:00:00  -  Run Remote Usage
		Usr 0 00:00:00, Sys 0 00:00:00  -  Run Local Usage
		Usr 0 00:00:05, Sys 0 00:00:00  -  Total Remote Usage
		Usr 0 00:00:00, Sys 0 00:00:00  -  Total Local Usage
	0  -  Run Bytes Sent By Job
	0  -  Run Bytes Received By Job
	0  -  Total Bytes Sent By Job
	0  -  Total Bytes Received By Job
	Partitionable Resources :    Usage  Request Allocated 
	   Cpus                 :        0        1         1 
	   Disk (KB)            :        1        1      2048 
	   GPUs                 :                           0 
	   Memory (MB)          :        0    10240     10300 
	   TimeExecute (s)      :        7                    
	   TimeSlotBusy (s)     :        7                    

	Job terminated of its own accord at 2025-12-22T07:43:19Z with exit-code 134.
...
006 (1209256.004.000) 2025-12-22 16:43:20 Image size of job updated: 114644
	112  -  MemoryUsage of job (MB)
	114644  -  ResidentSetSize of job (KB)
...
006 (1209256.009.000) 2025-12-22 16:43:20 Image size of job updated: 154160
	151  -  MemoryUsage of job (MB)
	154160  -  ResidentSetSize of job (KB)
...
006 (1209256.008.000) 2025-12-22 16:43:20 Image size of job updated: 129440
	127  -  MemoryUsage of job (MB)
	129440  -  ResidentSetSize of job (KB)
...
005 (1209256.009.000) 2025-12-22 16:43:20 Job terminated.
	(1) Normal termination (return value 134)
		Usr 0 00:00:06, Sys 0 00:00:00  -  Run Remote Usage
		Usr 0 00:00:00, Sys 0 00:00:00  -  Run Local Usage
		Usr 0 00:00:06, Sys 0 00:00:00  -  Total Remote Usage
		Usr 0 00:00:00, Sys 0 00:00:00  -  Total Local Usage
	0  -  Run Bytes Sent By Job
	0  -  Run Bytes Received By Job
	0  -  Total Bytes Sent By Job
	0  -  Total Bytes Received By Job
	Partitionable Resources :    Usage  Request Allocated 
	   Cpus                 :        0        1         1 
	   Disk (KB)            :        1        1      2840 
	   GPUs                 :                           0 
	   Memory (MB)          :      151    10240     10300 
	   TimeExecute (s)      :        8                    
	   TimeSlotBusy (s)     :        8                    

	Job terminated of its own accord at 2025-12-22T07:43:20Z with exit-code 134.
...
006 (1209256.005.000) 2025-12-22 16:43:20 Image size of job updated: 121416
	119  -  MemoryUsage of job (MB)
	121416  -  ResidentSetSize of job (KB)
...
006 (1209256.006.000) 2025-12-22 16:43:20 Image size of job updated: 132780
	130  -  MemoryUsage of job (MB)
	132780  -  ResidentSetSize of job (KB)
...
006 (1209256.012.000) 2025-12-22 16:43:22 Image size of job updated: 124184
	0  -  MemoryUsage of job (MB)
	0  -  ResidentSetSize of job (KB)
...
006 (1209256.011.000) 2025-12-22 16:43:22 Image size of job updated: 120368
	1  -  MemoryUsage of job (MB)
	924  -  ResidentSetSize of job (KB)
...
006 (1209256.007.000) 2025-12-22 16:43:22 Image size of job updated: 128372
	126  -  MemoryUsage of job (MB)
	128372  -  ResidentSetSize of job (KB)
...
006 (1209256.008.000) 2025-12-22 16:43:22 Image size of job updated: 154848
	127  -  MemoryUsage of job (MB)
	129448  -  ResidentSetSize of job (KB)
...
006 (1209256.015.000) 2025-12-22 16:43:22 Image size of job updated: 123104
	0  -  MemoryUsage of job (MB)
	0  -  ResidentSetSize of job (KB)
...
006 (1209256.006.000) 2025-12-22 16:43:22 Image size of job updated: 154164
	151  -  MemoryUsage of job (MB)
	154164  -  ResidentSetSize of job (KB)
...
006 (1209256.014.000) 2025-12-22 16:43:22 Image size of job updated: 123544
	0  -  MemoryUsage of job (MB)
	0  -  ResidentSetSize of job (KB)
...
006 (1209256.016.000) 2025-12-22 16:43:23 Image size of job updated: 121572
	0  -  MemoryUsage of job (MB)
	0  -  ResidentSetSize of job (KB)
...
006 (1209256.013.000) 2025-12-22 16:43:23 Image size of job updated: 154520
	151  -  MemoryUsage of job (MB)
	154520  -  ResidentSetSize of job (KB)
...
006 (1209256.003.000) 2025-12-22 16:43:23 Image size of job updated: 124044
	114  -  MemoryUsage of job (MB)
	116196  -  ResidentSetSize of job (KB)
...
006 (1209256.007.000) 2025-12-22 16:43:24 Image size of job updated: 132716
	126  -  MemoryUsage of job (MB)
	128380  -  ResidentSetSize of job (KB)
...
006 (1209256.005.000) 2025-12-22 16:43:24 Image size of job updated: 125804
	123  -  MemoryUsage of job (MB)
	125800  -  ResidentSetSize of job (KB)
...
006 (1209256.002.000) 2025-12-22 16:43:26 Image size of job updated: 130840
	108  -  MemoryUsage of job (MB)
	110116  -  ResidentSetSize of job (KB)
...
006 (1209256.004.000) 2025-12-22 16:43:27 Image size of job updated: 121320
	112  -  MemoryUsage of job (MB)
	114652  -  ResidentSetSize of job (KB)
...
006 (1209256.001.000) 2025-12-22 16:43:30 Image size of job updated: 123344
	106  -  MemoryUsage of job (MB)
	107728  -  ResidentSetSize of job (KB)
...
005 (1209256.012.000) 2025-12-22 16:43:30 Job terminated.
	(1) Normal termination (return value 134)
		Usr 0 00:00:05, Sys 0 00:00:00  -  Run Remote Usage
		Usr 0 00:00:00, Sys 0 00:00:00  -  Run Local Usage
		Usr 0 00:00:05, Sys 0 00:00:00  -  Total Remote Usage
		Usr 0 00:00:00, Sys 0 00:00:00  -  Total Local Usage
	0  -  Run Bytes Sent By Job
	0  -  Run Bytes Received By Job
	0  -  Total Bytes Sent By Job
	0  -  Total Bytes Received By Job
	Partitionable Resources :    Usage  Request Allocated 
	   Cpus                 :        0        1         1 
	   Disk (KB)            :        1        1      2830 
	   GPUs                 :                           0 
	   Memory (MB)          :        0    10240     10300 
	   TimeExecute (s)      :        9                    
	   TimeSlotBusy (s)     :       17                    

	Job terminated of its own accord at 2025-12-22T07:43:22Z with exit-code 134.
...
005 (1209256.008.000) 2025-12-22 16:43:30 Job terminated.
	(1) Normal termination (return value 134)
		Usr 0 00:00:08, Sys 0 00:00:00  -  Run Remote Usage
		Usr 0 00:00:00, Sys 0 00:00:00  -  Run Local Usage
		Usr 0 00:00:08, Sys 0 00:00:00  -  Total Remote Usage
		Usr 0 00:00:00, Sys 0 00:00:00  -  Total Local Usage
	0  -  Run Bytes Sent By Job
	0  -  Run Bytes Received By Job
	0  -  Total Bytes Sent By Job
	0  -  Total Bytes Received By Job
	Partitionable Resources :    Usage  Request Allocated 
	   Cpus                 :        0        1         1 
	   Disk (KB)            :        1        1      2821 
	   GPUs                 :                           0 
	   Memory (MB)          :      127    10240     10300 
	   TimeExecute (s)      :       10                    
	   TimeSlotBusy (s)     :       18                    

	Job terminated of its own accord at 2025-12-22T07:43:22Z with exit-code 134.
...
005 (1209256.015.000) 2025-12-22 16:43:30 Job terminated.
	(1) Normal termination (return value 134)
		Usr 0 00:00:05, Sys 0 00:00:00  -  Run Remote Usage
		Usr 0 00:00:00, Sys 0 00:00:00  -  Run Local Usage
		Usr 0 00:00:05, Sys 0 00:00:00  -  Total Remote Usage
		Usr 0 00:00:00, Sys 0 00:00:00  -  Total Local Usage
	0  -  Run Bytes Sent By Job
	0  -  Run Bytes Received By Job
	0  -  Total Bytes Sent By Job
	0  -  Total Bytes Received By Job
	Partitionable Resources :    Usage  Request Allocated 
	   Cpus                 :        0        1         1 
	   Disk (KB)            :        1        1      2830 
	   GPUs                 :                           0 
	   Memory (MB)          :        0    10240     10300 
	   TimeExecute (s)      :        8                    
	   TimeSlotBusy (s)     :       16                    

	Job terminated of its own accord at 2025-12-22T07:43:22Z with exit-code 134.
...
005 (1209256.011.000) 2025-12-22 16:43:30 Job terminated.
	(1) Normal termination (return value 134)
		Usr 0 00:00:06, Sys 0 00:00:00  -  Run Remote Usage
		Usr 0 00:00:00, Sys 0 00:00:00  -  Run Local Usage
		Usr 0 00:00:06, Sys 0 00:00:00  -  Total Remote Usage
		Usr 0 00:00:00, Sys 0 00:00:00  -  Total Local Usage
	0  -  Run Bytes Sent By Job
	0  -  Run Bytes Received By Job
	0  -  Total Bytes Sent By Job
	0  -  Total Bytes Received By Job
	Partitionable Resources :    Usage  Request Allocated 
	   Cpus                 :        0        1         1 
	   Disk (KB)            :        1        1      8391 
	   GPUs                 :                           0 
	   Memory (MB)          :        1    10240     10300 
	   TimeExecute (s)      :        9                    
	   TimeSlotBusy (s)     :       17                    

	Job terminated of its own accord at 2025-12-22T07:43:22Z with exit-code 134.
...
005 (1209256.006.000) 2025-12-22 16:43:30 Job terminated.
	(1) Normal termination (return value 134)
		Usr 0 00:00:08, Sys 0 00:00:00  -  Run Remote Usage
		Usr 0 00:00:00, Sys 0 00:00:00  -  Run Local Usage
		Usr 0 00:00:08, Sys 0 00:00:00  -  Total Remote Usage
		Usr 0 00:00:00, Sys 0 00:00:00  -  Total Local Usage
	0  -  Run Bytes Sent By Job
	0  -  Run Bytes Received By Job
	0  -  Total Bytes Sent By Job
	0  -  Total Bytes Received By Job
	Partitionable Resources :    Usage  Request Allocated 
	   Cpus                 :        0        1         1 
	   Disk (KB)            :        1        1      2879 
	   GPUs                 :                           0 
	   Memory (MB)          :      151    10240     10300 
	   TimeExecute (s)      :       11                    
	   TimeSlotBusy (s)     :       19                    

	Job terminated of its own accord at 2025-12-22T07:43:22Z with exit-code 134.
...
005 (1209256.014.000) 2025-12-22 16:43:30 Job terminated.
	(1) Normal termination (return value 134)
		Usr 0 00:00:05, Sys 0 00:00:00  -  Run Remote Usage
		Usr 0 00:00:00, Sys 0 00:00:00  -  Run Local Usage
		Usr 0 00:00:05, Sys 0 00:00:00  -  Total Remote Usage
		Usr 0 00:00:00, Sys 0 00:00:00  -  Total Local Usage
	0  -  Run Bytes Sent By Job
	0  -  Run Bytes Received By Job
	0  -  Total Bytes Sent By Job
	0  -  Total Bytes Received By Job
	Partitionable Resources :    Usage  Request Allocated 
	   Cpus                 :        0        1         1 
	   Disk (KB)            :        1        1      2840 
	   GPUs                 :                           0 
	   Memory (MB)          :        0    10240     10300 
	   TimeExecute (s)      :        8                    
	   TimeSlotBusy (s)     :       16                    

	Job terminated of its own accord at 2025-12-22T07:43:22Z with exit-code 134.
...
005 (1209256.016.000) 2025-12-22 16:43:31 Job terminated.
	(1) Normal termination (return value 134)
		Usr 0 00:00:06, Sys 0 00:00:00  -  Run Remote Usage
		Usr 0 00:00:00, Sys 0 00:00:00  -  Run Local Usage
		Usr 0 00:00:06, Sys 0 00:00:00  -  Total Remote Usage
		Usr 0 00:00:00, Sys 0 00:00:00  -  Total Local Usage
	0  -  Run Bytes Sent By Job
	0  -  Run Bytes Received By Job
	0  -  Total Bytes Sent By Job
	0  -  Total Bytes Received By Job
	Partitionable Resources :    Usage  Request Allocated 
	   Cpus                 :        0        1         1 
	   Disk (KB)            :        1        1      2830 
	   GPUs                 :                           0 
	   Memory (MB)          :        0    10240     10300 
	   TimeExecute (s)      :        7                    
	   TimeSlotBusy (s)     :       14                    

	Job terminated of its own accord at 2025-12-22T07:43:23Z with exit-code 134.
...
005 (1209256.003.000) 2025-12-22 16:43:31 Job terminated.
	(1) Normal termination (return value 134)
		Usr 0 00:00:10, Sys 0 00:00:01  -  Run Remote Usage
		Usr 0 00:00:00, Sys 0 00:00:00  -  Run Local Usage
		Usr 0 00:00:10, Sys 0 00:00:01  -  Total Remote Usage
		Usr 0 00:00:00, Sys 0 00:00:00  -  Total Local Usage
	0  -  Run Bytes Sent By Job
	0  -  Run Bytes Received By Job
	0  -  Total Bytes Sent By Job
	0  -  Total Bytes Received By Job
	Partitionable Resources :    Usage  Request Allocated 
	   Cpus                 :                 1         1 
	   Disk (KB)            :        1        1      2817 
	   GPUs                 :                           0 
	   Memory (MB)          :      114    10240     10300 
	   TimeExecute (s)      :       13                    
	   TimeSlotBusy (s)     :       20                    

	Job terminated of its own accord at 2025-12-22T07:43:23Z with exit-code 134.
...
005 (1209256.013.000) 2025-12-22 16:43:31 Job terminated.
	(1) Normal termination (return value 134)
		Usr 0 00:00:07, Sys 0 00:00:00  -  Run Remote Usage
		Usr 0 00:00:00, Sys 0 00:00:00  -  Run Local Usage
		Usr 0 00:00:07, Sys 0 00:00:00  -  Total Remote Usage
		Usr 0 00:00:00, Sys 0 00:00:00  -  Total Local Usage
	0  -  Run Bytes Sent By Job
	0  -  Run Bytes Received By Job
	0  -  Total Bytes Sent By Job
	0  -  Total Bytes Received By Job
	Partitionable Resources :    Usage  Request Allocated 
	   Cpus                 :        0        1         1 
	   Disk (KB)            :        1        1      2821 
	   GPUs                 :                           0 
	   Memory (MB)          :      151    10240     10300 
	   TimeExecute (s)      :       10                    
	   TimeSlotBusy (s)     :       16                    

	Job terminated of its own accord at 2025-12-22T07:43:24Z with exit-code 134.
...
005 (1209256.007.000) 2025-12-22 16:43:31 Job terminated.
	(1) Normal termination (return value 134)
		Usr 0 00:00:09, Sys 0 00:00:00  -  Run Remote Usage
		Usr 0 00:00:00, Sys 0 00:00:00  -  Run Local Usage
		Usr 0 00:00:09, Sys 0 00:00:00  -  Total Remote Usage
		Usr 0 00:00:00, Sys 0 00:00:00  -  Total Local Usage
	0  -  Run Bytes Sent By Job
	0  -  Run Bytes Received By Job
	0  -  Total Bytes Sent By Job
	0  -  Total Bytes Received By Job
	Partitionable Resources :    Usage  Request Allocated 
	   Cpus                 :        0        1         1 
	   Disk (KB)            :        1        1      2829 
	   GPUs                 :                           0 
	   Memory (MB)          :      126    10240     10300 
	   TimeExecute (s)      :       11                    
	   TimeSlotBusy (s)     :       17                    

	Job terminated of its own accord at 2025-12-22T07:43:24Z with exit-code 134.
...
005 (1209256.005.000) 2025-12-22 16:43:31 Job terminated.
	(1) Normal termination (return value 134)
		Usr 0 00:00:10, Sys 0 00:00:01  -  Run Remote Usage
		Usr 0 00:00:00, Sys 0 00:00:00  -  Run Local Usage
		Usr 0 00:00:10, Sys 0 00:00:01  -  Total Remote Usage
		Usr 0 00:00:00, Sys 0 00:00:00  -  Total Local Usage
	0  -  Run Bytes Sent By Job
	0  -  Run Bytes Received By Job
	0  -  Total Bytes Sent By Job
	0  -  Total Bytes Received By Job
	Partitionable Resources :    Usage  Request Allocated 
	   Cpus                 :        0        1         1 
	   Disk (KB)            :        1        1      2772 
	   GPUs                 :                           0 
	   Memory (MB)          :      123    10240     10300 
	   TimeExecute (s)      :       13                    
	   TimeSlotBusy (s)     :       19                    

	Job terminated of its own accord at 2025-12-22T07:43:24Z with exit-code 134.
...
005 (1209256.002.000) 2025-12-22 16:43:31 Job terminated.
	(1) Normal termination (return value 134)
		Usr 0 00:00:13, Sys 0 00:00:01  -  Run Remote Usage
		Usr 0 00:00:00, Sys 0 00:00:00  -  Run Local Usage
		Usr 0 00:00:13, Sys 0 00:00:01  -  Total Remote Usage
		Usr 0 00:00:00, Sys 0 00:00:00  -  Total Local Usage
	0  -  Run Bytes Sent By Job
	0  -  Run Bytes Received By Job
	0  -  Total Bytes Sent By Job
	0  -  Total Bytes Received By Job
	Partitionable Resources :    Usage  Request Allocated 
	   Cpus                 :        0        1         1 
	   Disk (KB)            :        1        1      2825 
	   GPUs                 :                           0 
	   Memory (MB)          :      108    10240     10300 
	   TimeExecute (s)      :       17                    
	   TimeSlotBusy (s)     :       21                    

	Job terminated of its own accord at 2025-12-22T07:43:26Z with exit-code 134.
...
005 (1209256.004.000) 2025-12-22 16:43:31 Job terminated.
	(1) Normal termination (return value 134)
		Usr 0 00:00:12, Sys 0 00:00:01  -  Run Remote Usage
		Usr 0 00:00:00, Sys 0 00:00:00  -  Run Local Usage
		Usr 0 00:00:12, Sys 0 00:00:01  -  Total Remote Usage
		Usr 0 00:00:00, Sys 0 00:00:00  -  Total Local Usage
	0  -  Run Bytes Sent By Job
	0  -  Run Bytes Received By Job
	0  -  Total Bytes Sent By Job
	0  -  Total Bytes Received By Job
	Partitionable Resources :    Usage  Request Allocated 
	   Cpus                 :        0        1         1 
	   Disk (KB)            :        1        1      2829 
	   GPUs                 :                           0 
	   Memory (MB)          :      112    10240     10300 
	   TimeExecute (s)      :       16                    
	   TimeSlotBusy (s)     :       19                    

	Job terminated of its own accord at 2025-12-22T07:43:27Z with exit-code 134.
...
005 (1209256.001.000) 2025-12-22 16:43:31 Job terminated.
	(1) Normal termination (return value 134)
		Usr 0 00:00:16, Sys 0 00:00:02  -  Run Remote Usage
		Usr 0 00:00:00, Sys 0 00:00:00  -  Run Local Usage
		Usr 0 00:00:16, Sys 0 00:00:02  -  Total Remote Usage
		Usr 0 00:00:00, Sys 0 00:00:00  -  Total Local Usage
	0  -  Run Bytes Sent By Job
	0  -  Run Bytes Received By Job
	0  -  Total Bytes Sent By Job
	0  -  Total Bytes Received By Job
	Partitionable Resources :    Usage  Request Allocated 
	   Cpus                 :                 1         1 
	   Disk (KB)            :        1        1      2815 
	   GPUs                 :                           0 
	   Memory (MB)          :      106    10240     10300 
	   TimeExecute (s)      :       20                    
	   TimeSlotBusy (s)     :       20                    

	Job terminated of its own accord at 2025-12-22T07:43:30Z with exit-code 134.
...
001 (1209256.017.000) 2025-12-22 16:43:31 Job executing on host: <155.230.21.88:9618?addrs=155.230.21.88-9618+[2407-c000-c025--21-88]-9618&alias=cluster288.knu.ac.kr&noUDP&sock=startd_1395_6eb4>
	SlotName: slot1_7@cluster288.knu.ac.kr
	CondorScratchDir = "/home/condor/dir_3463532"
	Cpus = 1
	Disk = 2771
	GPUs = 0
	Memory = 10300
...
001 (1209256.018.000) 2025-12-22 16:43:31 Job executing on host: <155.230.21.133:9618?addrs=155.230.21.133-9618+[2407-c000-c025--21-133]-9618&alias=cluster333.knu.ac.kr&noUDP&sock=startd_2525_84b9>
	SlotName: slot1_4@cluster333.knu.ac.kr
	CondorScratchDir = "/home/condor/dir_1932165"
	Cpus = 1
	Disk = 2840
	GPUs = 0
	Memory = 10300
...
001 (1209256.019.000) 2025-12-22 16:43:32 Job executing on host: <155.230.21.148:9618?addrs=155.230.21.148-9618+[2407-c000-c025--21-148]-9618&alias=cluster348.knu.ac.kr&noUDP&sock=startd_2894_9f2b>
	SlotName: slot1_26@cluster348.knu.ac.kr
	CondorScratchDir = "/home/condor/dir_771611"
	Cpus = 1
	Disk = 2048
	GPUs = 0
	Memory = 10300
...
001 (1209256.020.000) 2025-12-22 16:43:32 Job executing on host: <155.230.21.133:9618?addrs=155.230.21.133-9618+[2407-c000-c025--21-133]-9618&alias=cluster333.knu.ac.kr&noUDP&sock=startd_2525_84b9>
	SlotName: slot1_11@cluster333.knu.ac.kr
	CondorScratchDir = "/home/condor/dir_1932243"
	Cpus = 1
	Disk = 2840
	GPUs = 0
	Memory = 10300
...
006 (1209256.017.000) 2025-12-22 16:43:38 Image size of job updated: 120912
	0  -  MemoryUsage of job (MB)
	0  -  ResidentSetSize of job (KB)
...
005 (1209256.017.000) 2025-12-22 16:43:38 Job terminated.
	(1) Normal termination (return value 134)
		Usr 0 00:00:06, Sys 0 00:00:00  -  Run Remote Usage
		Usr 0 00:00:00, Sys 0 00:00:00  -  Run Local Usage
		Usr 0 00:00:06, Sys 0 00:00:00  -  Total Remote Usage
		Usr 0 00:00:00, Sys 0 00:00:00  -  Total Local Usage
	0  -  Run Bytes Sent By Job
	0  -  Run Bytes Received By Job
	0  -  Total Bytes Sent By Job
	0  -  Total Bytes Received By Job
	Partitionable Resources :    Usage  Request Allocated 
	   Cpus                 :        0        1         1 
	   Disk (KB)            :        1        1      2771 
	   GPUs                 :                           0 
	   Memory (MB)          :        0    10240     10300 
	   TimeExecute (s)      :        7                    
	   TimeSlotBusy (s)     :        7                    

	Job terminated of its own accord at 2025-12-22T07:43:38Z with exit-code 134.
...
006 (1209256.018.000) 2025-12-22 16:43:39 Image size of job updated: 154864
	152  -  MemoryUsage of job (MB)
	154864  -  ResidentSetSize of job (KB)
...
005 (1209256.018.000) 2025-12-22 16:43:39 Job terminated.
	(1) Normal termination (return value 134)
		Usr 0 00:00:06, Sys 0 00:00:00  -  Run Remote Usage
		Usr 0 00:00:00, Sys 0 00:00:00  -  Run Local Usage
		Usr 0 00:00:06, Sys 0 00:00:00  -  Total Remote Usage
		Usr 0 00:00:00, Sys 0 00:00:00  -  Total Local Usage
	0  -  Run Bytes Sent By Job
	0  -  Run Bytes Received By Job
	0  -  Total Bytes Sent By Job
	0  -  Total Bytes Received By Job
	Partitionable Resources :    Usage  Request Allocated 
	   Cpus                 :        0        1         1 
	   Disk (KB)            :        1        1      2840 
	   GPUs                 :                           0 
	   Memory (MB)          :      152    10240     10300 
	   TimeExecute (s)      :        8                    
	   TimeSlotBusy (s)     :        8                    

	Job terminated of its own accord at 2025-12-22T07:43:39Z with exit-code 134.
...
006 (1209256.020.000) 2025-12-22 16:43:40 Image size of job updated: 122200
	0  -  MemoryUsage of job (MB)
	0  -  ResidentSetSize of job (KB)
...
005 (1209256.020.000) 2025-12-22 16:43:40 Job terminated.
	(1) Normal termination (return value 134)
		Usr 0 00:00:06, Sys 0 00:00:00  -  Run Remote Usage
		Usr 0 00:00:00, Sys 0 00:00:00  -  Run Local Usage
		Usr 0 00:00:06, Sys 0 00:00:00  -  Total Remote Usage
		Usr 0 00:00:00, Sys 0 00:00:00  -  Total Local Usage
	0  -  Run Bytes Sent By Job
	0  -  Run Bytes Received By Job
	0  -  Total Bytes Sent By Job
	0  -  Total Bytes Received By Job
	Partitionable Resources :    Usage  Request Allocated 
	   Cpus                 :        0        1         1 
	   Disk (KB)            :        1        1      2840 
	   GPUs                 :                           0 
	   Memory (MB)          :        0    10240     10300 
	   TimeExecute (s)      :        8                    
	   TimeSlotBusy (s)     :        8                    

	Job terminated of its own accord at 2025-12-22T07:43:40Z with exit-code 134.
...
006 (1209256.019.000) 2025-12-22 16:43:40 Image size of job updated: 119412
	0  -  MemoryUsage of job (MB)
	0  -  ResidentSetSize of job (KB)
...
005 (1209256.019.000) 2025-12-22 16:43:40 Job terminated.
	(1) Normal termination (return value 134)
		Usr 0 00:00:06, Sys 0 00:00:00  -  Run Remote Usage
		Usr 0 00:00:00, Sys 0 00:00:00  -  Run Local Usage
		Usr 0 00:00:06, Sys 0 00:00:00  -  Total Remote Usage
		Usr 0 00:00:00, Sys 0 00:00:00  -  Total Local Usage
	0  -  Run Bytes Sent By Job
	0  -  Run Bytes Received By Job
	0  -  Total Bytes Sent By Job
	0  -  Total Bytes Received By Job
	Partitionable Resources :    Usage  Request Allocated 
	   Cpus                 :        0        1         1 
	   Disk (KB)            :        1        1      2048 
	   GPUs                 :                           0 
	   Memory (MB)          :        0    10240     10300 
	   TimeExecute (s)      :        8                    
	   TimeSlotBusy (s)     :        8                    

	Job terminated of its own accord at 2025-12-22T07:43:40Z with exit-code 134.
...
001 (1209256.021.000) 2025-12-22 16:44:09 Job executing on host: <155.230.21.88:9618?addrs=155.230.21.88-9618+[2407-c000-c025--21-88]-9618&alias=cluster288.knu.ac.kr&noUDP&sock=startd_1395_6eb4>
	SlotName: slot1_7@cluster288.knu.ac.kr
	CondorScratchDir = "/home/condor/dir_3463936"
	Cpus = 1
	Disk = 2771
	GPUs = 0
	Memory = 10300
...
001 (1209256.022.000) 2025-12-22 16:44:10 Job executing on host: <155.230.21.84:9618?addrs=155.230.21.84-9618+[2407-c000-c025--21-84]-9618&alias=cluster284.knu.ac.kr&noUDP&sock=startd_1241_cd1e>
	SlotName: slot1_12@cluster284.knu.ac.kr
	CondorScratchDir = "/home/condor/dir_391075"
	Cpus = 1
	Disk = 2815
	GPUs = 0
	Memory = 10300
...
001 (1209256.024.000) 2025-12-22 16:44:10 Job executing on host: <155.230.21.108:9618?addrs=155.230.21.108-9618+[2407-c000-c025--21-108]-9618&alias=cluster308.knu.ac.kr&noUDP&sock=startd_1358_0db3>
	SlotName: slot1_3@cluster308.knu.ac.kr
	CondorScratchDir = "/home/condor/dir_3041347"
	Cpus = 1
	Disk = 2817
	GPUs = 0
	Memory = 10300
...
001 (1209256.023.000) 2025-12-22 16:44:10 Job executing on host: <155.230.21.92:9618?addrs=155.230.21.92-9618+[2407-c000-c025--21-92]-9618&alias=cluster292.knu.ac.kr&noUDP&sock=startd_6642_7021>
	SlotName: slot1_3@cluster292.knu.ac.kr
	CondorScratchDir = "/home/condor/dir_2162186"
	Cpus = 1
	Disk = 2825
	GPUs = 0
	Memory = 10300
...
001 (1209256.025.000) 2025-12-22 16:44:12 Job executing on host: <155.230.21.119:9618?addrs=155.230.21.119-9618+[2407-c000-c025--21-119]-9618&alias=cluster319.knu.ac.kr&noUDP&sock=startd_3610_bcfb>
	SlotName: slot1_3@cluster319.knu.ac.kr
	CondorScratchDir = "/home/condor/dir_3705068"
	Cpus = 1
	Disk = 2829
	GPUs = 0
	Memory = 10300
...
001 (1209256.027.000) 2025-12-22 16:44:12 Job executing on host: <155.230.21.148:9618?addrs=155.230.21.148-9618+[2407-c000-c025--21-148]-9618&alias=cluster348.knu.ac.kr&noUDP&sock=startd_2894_9f2b>
	SlotName: slot1_26@cluster348.knu.ac.kr
	CondorScratchDir = "/home/condor/dir_771800"
	Cpus = 1
	Disk = 2048
	GPUs = 0
	Memory = 10300
...
001 (1209256.026.000) 2025-12-22 16:44:12 Job executing on host: <155.230.21.133:9618?addrs=155.230.21.133-9618+[2407-c000-c025--21-133]-9618&alias=cluster333.knu.ac.kr&noUDP&sock=startd_2525_84b9>
	SlotName: slot1_4@cluster333.knu.ac.kr
	CondorScratchDir = "/home/condor/dir_1932544"
	Cpus = 1
	Disk = 2840
	GPUs = 0
	Memory = 10300
...
001 (1209256.028.000) 2025-12-22 16:44:13 Job executing on host: <155.230.21.135:9618?addrs=155.230.21.135-9618+[2407-c000-c025--21-135]-9618&alias=cluster335.knu.ac.kr&noUDP&sock=startd_2528_9382>
	SlotName: slot1_6@cluster335.knu.ac.kr
	CondorScratchDir = "/home/condor/dir_1245448"
	Cpus = 1
	Disk = 2830
	GPUs = 0
	Memory = 10300
...
001 (1209256.030.000) 2025-12-22 16:44:13 Job executing on host: <155.230.21.135:9618?addrs=155.230.21.135-9618+[2407-c000-c025--21-135]-9618&alias=cluster335.knu.ac.kr&noUDP&sock=startd_2528_9382>
	SlotName: slot1_10@cluster335.knu.ac.kr
	CondorScratchDir = "/home/condor/dir_1245449"
	Cpus = 1
	Disk = 2830
	GPUs = 0
	Memory = 10300
...
001 (1209256.029.000) 2025-12-22 16:44:13 Job executing on host: <155.230.21.133:9618?addrs=155.230.21.133-9618+[2407-c000-c025--21-133]-9618&alias=cluster333.knu.ac.kr&noUDP&sock=startd_2525_84b9>
	SlotName: slot1_11@cluster333.knu.ac.kr
	CondorScratchDir = "/home/condor/dir_1932628"
	Cpus = 1
	Disk = 2840
	GPUs = 0
	Memory = 10300
...
001 (1209256.031.000) 2025-12-22 16:44:14 Job executing on host: <155.230.21.135:9618?addrs=155.230.21.135-9618+[2407-c000-c025--21-135]-9618&alias=cluster335.knu.ac.kr&noUDP&sock=startd_2528_9382>
	SlotName: slot1_12@cluster335.knu.ac.kr
	CondorScratchDir = "/home/condor/dir_1245616"
	Cpus = 1
	Disk = 2830
	GPUs = 0
	Memory = 10300
...
006 (1209256.021.000) 2025-12-22 16:44:17 Image size of job updated: 120608
	0  -  MemoryUsage of job (MB)
	0  -  ResidentSetSize of job (KB)
...
005 (1209256.021.000) 2025-12-22 16:44:17 Job terminated.
	(1) Normal termination (return value 134)
		Usr 0 00:00:06, Sys 0 00:00:00  -  Run Remote Usage
		Usr 0 00:00:00, Sys 0 00:00:00  -  Run Local Usage
		Usr 0 00:00:06, Sys 0 00:00:00  -  Total Remote Usage
		Usr 0 00:00:00, Sys 0 00:00:00  -  Total Local Usage
	0  -  Run Bytes Sent By Job
	0  -  Run Bytes Received By Job
	0  -  Total Bytes Sent By Job
	0  -  Total Bytes Received By Job
	Partitionable Resources :    Usage  Request Allocated 
	   Cpus                 :        0        1         1 
	   Disk (KB)            :        1        1      2771 
	   GPUs                 :                           0 
	   Memory (MB)          :        0    10240     10300 
	   TimeExecute (s)      :        8                    
	   TimeSlotBusy (s)     :        8                    

	Job terminated of its own accord at 2025-12-22T07:44:17Z with exit-code 134.
...
006 (1209256.023.000) 2025-12-22 16:44:19 Image size of job updated: 108960
	107  -  MemoryUsage of job (MB)
	108960  -  ResidentSetSize of job (KB)
...
006 (1209256.027.000) 2025-12-22 16:44:19 Image size of job updated: 123668
	0  -  MemoryUsage of job (MB)
	0  -  ResidentSetSize of job (KB)
...
005 (1209256.027.000) 2025-12-22 16:44:19 Job terminated.
	(1) Normal termination (return value 134)
		Usr 0 00:00:05, Sys 0 00:00:00  -  Run Remote Usage
		Usr 0 00:00:00, Sys 0 00:00:00  -  Run Local Usage
		Usr 0 00:00:05, Sys 0 00:00:00  -  Total Remote Usage
		Usr 0 00:00:00, Sys 0 00:00:00  -  Total Local Usage
	0  -  Run Bytes Sent By Job
	0  -  Run Bytes Received By Job
	0  -  Total Bytes Sent By Job
	0  -  Total Bytes Received By Job
	Partitionable Resources :    Usage  Request Allocated 
	   Cpus                 :        0        1         1 
	   Disk (KB)            :        1        1      2048 
	   GPUs                 :                           0 
	   Memory (MB)          :        0    10240     10300 
	   TimeExecute (s)      :        7                    
	   TimeSlotBusy (s)     :        7                    

	Job terminated of its own accord at 2025-12-22T07:44:19Z with exit-code 134.
...
006 (1209256.022.000) 2025-12-22 16:44:19 Image size of job updated: 107564
	106  -  MemoryUsage of job (MB)
	107564  -  ResidentSetSize of job (KB)
...
006 (1209256.024.000) 2025-12-22 16:44:19 Image size of job updated: 115704
	113  -  MemoryUsage of job (MB)
	115704  -  ResidentSetSize of job (KB)
...
006 (1209256.025.000) 2025-12-22 16:44:20 Image size of job updated: 113988
	112  -  MemoryUsage of job (MB)
	113988  -  ResidentSetSize of job (KB)
...
006 (1209256.026.000) 2025-12-22 16:44:20 Image size of job updated: 119292
	1  -  MemoryUsage of job (MB)
	924  -  ResidentSetSize of job (KB)
...
005 (1209256.026.000) 2025-12-22 16:44:20 Job terminated.
	(1) Normal termination (return value 134)
		Usr 0 00:00:06, Sys 0 00:00:00  -  Run Remote Usage
		Usr 0 00:00:00, Sys 0 00:00:00  -  Run Local Usage
		Usr 0 00:00:06, Sys 0 00:00:00  -  Total Remote Usage
		Usr 0 00:00:00, Sys 0 00:00:00  -  Total Local Usage
	0  -  Run Bytes Sent By Job
	0  -  Run Bytes Received By Job
	0  -  Total Bytes Sent By Job
	0  -  Total Bytes Received By Job
	Partitionable Resources :    Usage  Request Allocated 
	   Cpus                 :        0        1         1 
	   Disk (KB)            :        1        1      2840 
	   GPUs                 :                           0 
	   Memory (MB)          :        1    10240     10300 
	   TimeExecute (s)      :        8                    
	   TimeSlotBusy (s)     :        8                    

	Job terminated of its own accord at 2025-12-22T07:44:20Z with exit-code 134.
...
006 (1209256.028.000) 2025-12-22 16:44:21 Image size of job updated: 120680
	0  -  MemoryUsage of job (MB)
	0  -  ResidentSetSize of job (KB)
...
005 (1209256.028.000) 2025-12-22 16:44:21 Job terminated.
	(1) Normal termination (return value 134)
		Usr 0 00:00:05, Sys 0 00:00:00  -  Run Remote Usage
		Usr 0 00:00:00, Sys 0 00:00:00  -  Run Local Usage
		Usr 0 00:00:05, Sys 0 00:00:00  -  Total Remote Usage
		Usr 0 00:00:00, Sys 0 00:00:00  -  Total Local Usage
	0  -  Run Bytes Sent By Job
	0  -  Run Bytes Received By Job
	0  -  Total Bytes Sent By Job
	0  -  Total Bytes Received By Job
	Partitionable Resources :    Usage  Request Allocated 
	   Cpus                 :        0        1         1 
	   Disk (KB)            :        1        1      2830 
	   GPUs                 :                           0 
	   Memory (MB)          :        0    10240     10300 
	   TimeExecute (s)      :        8                    
	   TimeSlotBusy (s)     :        8                    

	Job terminated of its own accord at 2025-12-22T07:44:21Z with exit-code 134.
...
006 (1209256.030.000) 2025-12-22 16:44:21 Image size of job updated: 120624
	0  -  MemoryUsage of job (MB)
	0  -  ResidentSetSize of job (KB)
...
005 (1209256.030.000) 2025-12-22 16:44:21 Job terminated.
	(1) Normal termination (return value 134)
		Usr 0 00:00:06, Sys 0 00:00:00  -  Run Remote Usage
		Usr 0 00:00:00, Sys 0 00:00:00  -  Run Local Usage
		Usr 0 00:00:06, Sys 0 00:00:00  -  Total Remote Usage
		Usr 0 00:00:00, Sys 0 00:00:00  -  Total Local Usage
	0  -  Run Bytes Sent By Job
	0  -  Run Bytes Received By Job
	0  -  Total Bytes Sent By Job
	0  -  Total Bytes Received By Job
	Partitionable Resources :    Usage  Request Allocated 
	   Cpus                 :        0        1         1 
	   Disk (KB)            :        1        1      2830 
	   GPUs                 :                           0 
	   Memory (MB)          :        0    10240     10300 
	   TimeExecute (s)      :        8                    
	   TimeSlotBusy (s)     :        8                    

	Job terminated of its own accord at 2025-12-22T07:44:21Z with exit-code 134.
...
006 (1209256.029.000) 2025-12-22 16:44:21 Image size of job updated: 120984
	0  -  MemoryUsage of job (MB)
	0  -  ResidentSetSize of job (KB)
...
005 (1209256.029.000) 2025-12-22 16:44:21 Job terminated.
	(1) Normal termination (return value 134)
		Usr 0 00:00:06, Sys 0 00:00:00  -  Run Remote Usage
		Usr 0 00:00:00, Sys 0 00:00:00  -  Run Local Usage
		Usr 0 00:00:06, Sys 0 00:00:00  -  Total Remote Usage
		Usr 0 00:00:00, Sys 0 00:00:00  -  Total Local Usage
	0  -  Run Bytes Sent By Job
	0  -  Run Bytes Received By Job
	0  -  Total Bytes Sent By Job
	0  -  Total Bytes Received By Job
	Partitionable Resources :    Usage  Request Allocated 
	   Cpus                 :        0        1         1 
	   Disk (KB)            :        1        1      2840 
	   GPUs                 :                           0 
	   Memory (MB)          :        0    10240     10300 
	   TimeExecute (s)      :        8                    
	   TimeSlotBusy (s)     :        8                    

	Job terminated of its own accord at 2025-12-22T07:44:21Z with exit-code 134.
...
006 (1209256.031.000) 2025-12-22 16:44:22 Image size of job updated: 120916
	0  -  MemoryUsage of job (MB)
	0  -  ResidentSetSize of job (KB)
...
005 (1209256.031.000) 2025-12-22 16:44:22 Job terminated.
	(1) Normal termination (return value 134)
		Usr 0 00:00:06, Sys 0 00:00:00  -  Run Remote Usage
		Usr 0 00:00:00, Sys 0 00:00:00  -  Run Local Usage
		Usr 0 00:00:06, Sys 0 00:00:00  -  Total Remote Usage
		Usr 0 00:00:00, Sys 0 00:00:00  -  Total Local Usage
	0  -  Run Bytes Sent By Job
	0  -  Run Bytes Received By Job
	0  -  Total Bytes Sent By Job
	0  -  Total Bytes Received By Job
	Partitionable Resources :    Usage  Request Allocated 
	   Cpus                 :        0        1         1 
	   Disk (KB)            :        1        1      2830 
	   GPUs                 :                           0 
	   Memory (MB)          :        0    10240     10300 
	   TimeExecute (s)      :        8                    
	   TimeSlotBusy (s)     :        8                    

	Job terminated of its own accord at 2025-12-22T07:44:22Z with exit-code 134.
...
006 (1209256.024.000) 2025-12-22 16:44:24 Image size of job updated: 120228
	114  -  MemoryUsage of job (MB)
	115716  -  ResidentSetSize of job (KB)
...
005 (1209256.024.000) 2025-12-22 16:44:24 Job terminated.
	(1) Normal termination (return value 134)
		Usr 0 00:00:10, Sys 0 00:00:01  -  Run Remote Usage
		Usr 0 00:00:00, Sys 0 00:00:00  -  Run Local Usage
		Usr 0 00:00:10, Sys 0 00:00:01  -  Total Remote Usage
		Usr 0 00:00:00, Sys 0 00:00:00  -  Total Local Usage
	0  -  Run Bytes Sent By Job
	0  -  Run Bytes Received By Job
	0  -  Total Bytes Sent By Job
	0  -  Total Bytes Received By Job
	Partitionable Resources :    Usage  Request Allocated 
	   Cpus                 :        0        1         1 
	   Disk (KB)            :        1        1      2817 
	   GPUs                 :                           0 
	   Memory (MB)          :      114    10240     10300 
	   TimeExecute (s)      :       14                    
	   TimeSlotBusy (s)     :       14                    

	Job terminated of its own accord at 2025-12-22T07:44:24Z with exit-code 134.
...
001 (1209256.033.000) 2025-12-22 16:44:25 Job executing on host: <155.230.21.155:9618?addrs=155.230.21.155-9618+[2407-c000-c025--21-155]-9618&alias=cluster355.knu.ac.kr&noUDP&sock=startd_8970_409c>
	SlotName: slot1_21@cluster355.knu.ac.kr
	CondorScratchDir = "/home/condor/dir_2003131"
	Cpus = 1
	Disk = 4673
	GPUs = 0
	Memory = 10300
...
001 (1209256.035.000) 2025-12-22 16:44:25 Job executing on host: <155.230.21.148:9618?addrs=155.230.21.148-9618+[2407-c000-c025--21-148]-9618&alias=cluster348.knu.ac.kr&noUDP&sock=startd_2894_9f2b>
	SlotName: slot1_26@cluster348.knu.ac.kr
	CondorScratchDir = "/home/condor/dir_771991"
	Cpus = 1
	Disk = 2048
	GPUs = 0
	Memory = 10300
...
001 (1209256.032.000) 2025-12-22 16:44:26 Job executing on host: <155.230.21.88:9618?addrs=155.230.21.88-9618+[2407-c000-c025--21-88]-9618&alias=cluster288.knu.ac.kr&noUDP&sock=startd_1395_6eb4>
	SlotName: slot1_7@cluster288.knu.ac.kr
	CondorScratchDir = "/home/condor/dir_3464243"
	Cpus = 1
	Disk = 2771
	GPUs = 0
	Memory = 10300
...
001 (1209256.034.000) 2025-12-22 16:44:26 Job executing on host: <155.230.21.133:9618?addrs=155.230.21.133-9618+[2407-c000-c025--21-133]-9618&alias=cluster333.knu.ac.kr&noUDP&sock=startd_2525_84b9>
	SlotName: slot1_4@cluster333.knu.ac.kr
	CondorScratchDir = "/home/condor/dir_1932942"
	Cpus = 1
	Disk = 2840
	GPUs = 0
	Memory = 10300
...
001 (1209256.036.000) 2025-12-22 16:44:26 Job executing on host: <155.230.21.135:9618?addrs=155.230.21.135-9618+[2407-c000-c025--21-135]-9618&alias=cluster335.knu.ac.kr&noUDP&sock=startd_2528_9382>
	SlotName: slot1_6@cluster335.knu.ac.kr
	CondorScratchDir = "/home/condor/dir_1246091"
	Cpus = 1
	Disk = 2830
	GPUs = 0
	Memory = 10300
...
006 (1209256.025.000) 2025-12-22 16:44:27 Image size of job updated: 154540
	112  -  MemoryUsage of job (MB)
	113996  -  ResidentSetSize of job (KB)
...
006 (1209256.023.000) 2025-12-22 16:44:27 Image size of job updated: 131404
	107  -  MemoryUsage of job (MB)
	108972  -  ResidentSetSize of job (KB)
...
005 (1209256.025.000) 2025-12-22 16:44:27 Job terminated.
	(1) Normal termination (return value 134)
		Usr 0 00:00:12, Sys 0 00:00:01  -  Run Remote Usage
		Usr 0 00:00:00, Sys 0 00:00:00  -  Run Local Usage
		Usr 0 00:00:12, Sys 0 00:00:01  -  Total Remote Usage
		Usr 0 00:00:00, Sys 0 00:00:00  -  Total Local Usage
	0  -  Run Bytes Sent By Job
	0  -  Run Bytes Received By Job
	0  -  Total Bytes Sent By Job
	0  -  Total Bytes Received By Job
	Partitionable Resources :    Usage  Request Allocated 
	   Cpus                 :        0        1         1 
	   Disk (KB)            :        1        1      2829 
	   GPUs                 :                           0 
	   Memory (MB)          :      112    10240     10300 
	   TimeExecute (s)      :       15                    
	   TimeSlotBusy (s)     :       15                    

	Job terminated of its own accord at 2025-12-22T07:44:27Z with exit-code 134.
...
005 (1209256.023.000) 2025-12-22 16:44:27 Job terminated.
	(1) Normal termination (return value 134)
		Usr 0 00:00:13, Sys 0 00:00:01  -  Run Remote Usage
		Usr 0 00:00:00, Sys 0 00:00:00  -  Run Local Usage
		Usr 0 00:00:13, Sys 0 00:00:01  -  Total Remote Usage
		Usr 0 00:00:00, Sys 0 00:00:00  -  Total Local Usage
	0  -  Run Bytes Sent By Job
	0  -  Run Bytes Received By Job
	0  -  Total Bytes Sent By Job
	0  -  Total Bytes Received By Job
	Partitionable Resources :    Usage  Request Allocated 
	   Cpus                 :        0        1         1 
	   Disk (KB)            :        1        1      2825 
	   GPUs                 :                           0 
	   Memory (MB)          :      107    10240     10300 
	   TimeExecute (s)      :       17                    
	   TimeSlotBusy (s)     :       17                    

	Job terminated of its own accord at 2025-12-22T07:44:27Z with exit-code 134.
...
001 (1209256.037.000) 2025-12-22 16:44:27 Job executing on host: <155.230.21.135:9618?addrs=155.230.21.135-9618+[2407-c000-c025--21-135]-9618&alias=cluster335.knu.ac.kr&noUDP&sock=startd_2528_9382>
	SlotName: slot1_10@cluster335.knu.ac.kr
	CondorScratchDir = "/home/condor/dir_1246189"
	Cpus = 1
	Disk = 2830
	GPUs = 0
	Memory = 10300
...
001 (1209256.038.000) 2025-12-22 16:44:27 Job executing on host: <155.230.21.133:9618?addrs=155.230.21.133-9618+[2407-c000-c025--21-133]-9618&alias=cluster333.knu.ac.kr&noUDP&sock=startd_2525_84b9>
	SlotName: slot1_11@cluster333.knu.ac.kr
	CondorScratchDir = "/home/condor/dir_1933020"
	Cpus = 1
	Disk = 2840
	GPUs = 0
	Memory = 10300
...
001 (1209256.039.000) 2025-12-22 16:44:27 Job executing on host: <155.230.21.135:9618?addrs=155.230.21.135-9618+[2407-c000-c025--21-135]-9618&alias=cluster335.knu.ac.kr&noUDP&sock=startd_2528_9382>
	SlotName: slot1_12@cluster335.knu.ac.kr
	CondorScratchDir = "/home/condor/dir_1246190"
	Cpus = 1
	Disk = 2830
	GPUs = 0
	Memory = 10300
...
006 (1209256.022.000) 2025-12-22 16:44:31 Image size of job updated: 153964
	106  -  MemoryUsage of job (MB)
	107568  -  ResidentSetSize of job (KB)
...
005 (1209256.022.000) 2025-12-22 16:44:31 Job terminated.
	(1) Normal termination (return value 134)
		Usr 0 00:00:15, Sys 0 00:00:02  -  Run Remote Usage
		Usr 0 00:00:00, Sys 0 00:00:00  -  Run Local Usage
		Usr 0 00:00:15, Sys 0 00:00:02  -  Total Remote Usage
		Usr 0 00:00:00, Sys 0 00:00:00  -  Total Local Usage
	0  -  Run Bytes Sent By Job
	0  -  Run Bytes Received By Job
	0  -  Total Bytes Sent By Job
	0  -  Total Bytes Received By Job
	Partitionable Resources :    Usage  Request Allocated 
	   Cpus                 :        0        1         1 
	   Disk (KB)            :        1        1      2815 
	   GPUs                 :                           0 
	   Memory (MB)          :      106    10240     10300 
	   TimeExecute (s)      :       21                    
	   TimeSlotBusy (s)     :       21                    

	Job terminated of its own accord at 2025-12-22T07:44:31Z with exit-code 134.
...
006 (1209256.033.000) 2025-12-22 16:44:31 Image size of job updated: 127280
	0  -  MemoryUsage of job (MB)
	0  -  ResidentSetSize of job (KB)
...
005 (1209256.033.000) 2025-12-22 16:44:31 Job terminated.
	(1) Normal termination (return value 134)
		Usr 0 00:00:04, Sys 0 00:00:00  -  Run Remote Usage
		Usr 0 00:00:00, Sys 0 00:00:00  -  Run Local Usage
		Usr 0 00:00:04, Sys 0 00:00:00  -  Total Remote Usage
		Usr 0 00:00:00, Sys 0 00:00:00  -  Total Local Usage
	0  -  Run Bytes Sent By Job
	0  -  Run Bytes Received By Job
	0  -  Total Bytes Sent By Job
	0  -  Total Bytes Received By Job
	Partitionable Resources :    Usage  Request Allocated 
	   Cpus                 :        0        1         1 
	   Disk (KB)            :        1        1      4673 
	   GPUs                 :                           0 
	   Memory (MB)          :        0    10240     10300 
	   TimeExecute (s)      :        6                    
	   TimeSlotBusy (s)     :        6                    

	Job terminated of its own accord at 2025-12-22T07:44:31Z with exit-code 134.
...
006 (1209256.035.000) 2025-12-22 16:44:32 Image size of job updated: 124732
	0  -  MemoryUsage of job (MB)
	0  -  ResidentSetSize of job (KB)
...
005 (1209256.035.000) 2025-12-22 16:44:32 Job terminated.
	(1) Normal termination (return value 134)
		Usr 0 00:00:05, Sys 0 00:00:00  -  Run Remote Usage
		Usr 0 00:00:00, Sys 0 00:00:00  -  Run Local Usage
		Usr 0 00:00:05, Sys 0 00:00:00  -  Total Remote Usage
		Usr 0 00:00:00, Sys 0 00:00:00  -  Total Local Usage
	0  -  Run Bytes Sent By Job
	0  -  Run Bytes Received By Job
	0  -  Total Bytes Sent By Job
	0  -  Total Bytes Received By Job
	Partitionable Resources :    Usage  Request Allocated 
	   Cpus                 :        0        1         1 
	   Disk (KB)            :        1        1      2048 
	   GPUs                 :                           0 
	   Memory (MB)          :        0    10240     10300 
	   TimeExecute (s)      :        7                    
	   TimeSlotBusy (s)     :        7                    

	Job terminated of its own accord at 2025-12-22T07:44:32Z with exit-code 134.
...
006 (1209256.034.000) 2025-12-22 16:44:33 Image size of job updated: 121552
	0  -  MemoryUsage of job (MB)
	0  -  ResidentSetSize of job (KB)
...
005 (1209256.034.000) 2025-12-22 16:44:34 Job terminated.
	(1) Normal termination (return value 134)
		Usr 0 00:00:06, Sys 0 00:00:00  -  Run Remote Usage
		Usr 0 00:00:00, Sys 0 00:00:00  -  Run Local Usage
		Usr 0 00:00:06, Sys 0 00:00:00  -  Total Remote Usage
		Usr 0 00:00:00, Sys 0 00:00:00  -  Total Local Usage
	0  -  Run Bytes Sent By Job
	0  -  Run Bytes Received By Job
	0  -  Total Bytes Sent By Job
	0  -  Total Bytes Received By Job
	Partitionable Resources :    Usage  Request Allocated 
	   Cpus                 :        0        1         1 
	   Disk (KB)            :        1        1      2840 
	   GPUs                 :                           0 
	   Memory (MB)          :        0    10240     10300 
	   TimeExecute (s)      :        7                    
	   TimeSlotBusy (s)     :        8                    

	Job terminated of its own accord at 2025-12-22T07:44:33Z with exit-code 134.
...
006 (1209256.036.000) 2025-12-22 16:44:34 Image size of job updated: 120420
	0  -  MemoryUsage of job (MB)
	0  -  ResidentSetSize of job (KB)
...
005 (1209256.036.000) 2025-12-22 16:44:34 Job terminated.
	(1) Normal termination (return value 134)
		Usr 0 00:00:05, Sys 0 00:00:00  -  Run Remote Usage
		Usr 0 00:00:00, Sys 0 00:00:00  -  Run Local Usage
		Usr 0 00:00:05, Sys 0 00:00:00  -  Total Remote Usage
		Usr 0 00:00:00, Sys 0 00:00:00  -  Total Local Usage
	0  -  Run Bytes Sent By Job
	0  -  Run Bytes Received By Job
	0  -  Total Bytes Sent By Job
	0  -  Total Bytes Received By Job
	Partitionable Resources :    Usage  Request Allocated 
	   Cpus                 :        0        1         1 
	   Disk (KB)            :        1        1      2830 
	   GPUs                 :                           0 
	   Memory (MB)          :        0    10240     10300 
	   TimeExecute (s)      :        8                    
	   TimeSlotBusy (s)     :        8                    

	Job terminated of its own accord at 2025-12-22T07:44:34Z with exit-code 134.
...
006 (1209256.032.000) 2025-12-22 16:44:34 Image size of job updated: 119188
	0  -  MemoryUsage of job (MB)
	0  -  ResidentSetSize of job (KB)
...
005 (1209256.032.000) 2025-12-22 16:44:34 Job terminated.
	(1) Normal termination (return value 134)
		Usr 0 00:00:06, Sys 0 00:00:00  -  Run Remote Usage
		Usr 0 00:00:00, Sys 0 00:00:00  -  Run Local Usage
		Usr 0 00:00:06, Sys 0 00:00:00  -  Total Remote Usage
		Usr 0 00:00:00, Sys 0 00:00:00  -  Total Local Usage
	0  -  Run Bytes Sent By Job
	0  -  Run Bytes Received By Job
	0  -  Total Bytes Sent By Job
	0  -  Total Bytes Received By Job
	Partitionable Resources :    Usage  Request Allocated 
	   Cpus                 :        0        1         1 
	   Disk (KB)            :        1        1      2771 
	   GPUs                 :                           0 
	   Memory (MB)          :        0    10240     10300 
	   TimeExecute (s)      :        8                    
	   TimeSlotBusy (s)     :        8                    

	Job terminated of its own accord at 2025-12-22T07:44:34Z with exit-code 134.
...
006 (1209256.039.000) 2025-12-22 16:44:35 Image size of job updated: 123784
	0  -  MemoryUsage of job (MB)
	0  -  ResidentSetSize of job (KB)
...
005 (1209256.039.000) 2025-12-22 16:44:35 Job terminated.
	(1) Normal termination (return value 134)
		Usr 0 00:00:05, Sys 0 00:00:00  -  Run Remote Usage
		Usr 0 00:00:00, Sys 0 00:00:00  -  Run Local Usage
		Usr 0 00:00:05, Sys 0 00:00:00  -  Total Remote Usage
		Usr 0 00:00:00, Sys 0 00:00:00  -  Total Local Usage
	0  -  Run Bytes Sent By Job
	0  -  Run Bytes Received By Job
	0  -  Total Bytes Sent By Job
	0  -  Total Bytes Received By Job
	Partitionable Resources :    Usage  Request Allocated 
	   Cpus                 :        0        1         1 
	   Disk (KB)            :        1        1      2830 
	   GPUs                 :                           0 
	   Memory (MB)          :        0    10240     10300 
	   TimeExecute (s)      :        8                    
	   TimeSlotBusy (s)     :        8                    

	Job terminated of its own accord at 2025-12-22T07:44:35Z with exit-code 134.
...
006 (1209256.037.000) 2025-12-22 16:44:35 Image size of job updated: 122416
	0  -  MemoryUsage of job (MB)
	0  -  ResidentSetSize of job (KB)
...
005 (1209256.037.000) 2025-12-22 16:44:35 Job terminated.
	(1) Normal termination (return value 134)
		Usr 0 00:00:06, Sys 0 00:00:00  -  Run Remote Usage
		Usr 0 00:00:00, Sys 0 00:00:00  -  Run Local Usage
		Usr 0 00:00:06, Sys 0 00:00:00  -  Total Remote Usage
		Usr 0 00:00:00, Sys 0 00:00:00  -  Total Local Usage
	0  -  Run Bytes Sent By Job
	0  -  Run Bytes Received By Job
	0  -  Total Bytes Sent By Job
	0  -  Total Bytes Received By Job
	Partitionable Resources :    Usage  Request Allocated 
	   Cpus                 :        0        1         1 
	   Disk (KB)            :        1        1      2830 
	   GPUs                 :                           0 
	   Memory (MB)          :        0    10240     10300 
	   TimeExecute (s)      :        8                    
	   TimeSlotBusy (s)     :        8                    

	Job terminated of its own accord at 2025-12-22T07:44:35Z with exit-code 134.
...
006 (1209256.038.000) 2025-12-22 16:44:36 Image size of job updated: 117608
	0  -  MemoryUsage of job (MB)
	0  -  ResidentSetSize of job (KB)
...
005 (1209256.038.000) 2025-12-22 16:44:36 Job terminated.
	(1) Normal termination (return value 134)
		Usr 0 00:00:06, Sys 0 00:00:00  -  Run Remote Usage
		Usr 0 00:00:00, Sys 0 00:00:00  -  Run Local Usage
		Usr 0 00:00:06, Sys 0 00:00:00  -  Total Remote Usage
		Usr 0 00:00:00, Sys 0 00:00:00  -  Total Local Usage
	0  -  Run Bytes Sent By Job
	0  -  Run Bytes Received By Job
	0  -  Total Bytes Sent By Job
	0  -  Total Bytes Received By Job
	Partitionable Resources :    Usage  Request Allocated 
	   Cpus                 :        0        1         1 
	   Disk (KB)            :        1        1      2840 
	   GPUs                 :                           0 
	   Memory (MB)          :        0    10240     10300 
	   TimeExecute (s)      :        9                    
	   TimeSlotBusy (s)     :        9                    

	Job terminated of its own accord at 2025-12-22T07:44:36Z with exit-code 134.
...
001 (1209256.043.000) 2025-12-22 16:45:13 Job executing on host: <155.230.21.119:9618?addrs=155.230.21.119-9618+[2407-c000-c025--21-119]-9618&alias=cluster319.knu.ac.kr&noUDP&sock=startd_3610_bcfb>
	SlotName: slot1_3@cluster319.knu.ac.kr
	CondorScratchDir = "/home/condor/dir_3705259"
	Cpus = 1
	Disk = 2829
	GPUs = 0
	Memory = 10300
...
001 (1209256.041.000) 2025-12-22 16:45:13 Job executing on host: <155.230.21.84:9618?addrs=155.230.21.84-9618+[2407-c000-c025--21-84]-9618&alias=cluster284.knu.ac.kr&noUDP&sock=startd_1241_cd1e>
	SlotName: slot1_12@cluster284.knu.ac.kr
	CondorScratchDir = "/home/condor/dir_391339"
	Cpus = 1
	Disk = 2815
	GPUs = 0
	Memory = 10300
...
001 (1209256.042.000) 2025-12-22 16:45:13 Job executing on host: <155.230.21.92:9618?addrs=155.230.21.92-9618+[2407-c000-c025--21-92]-9618&alias=cluster292.knu.ac.kr&noUDP&sock=startd_6642_7021>
	SlotName: slot1_3@cluster292.knu.ac.kr
	CondorScratchDir = "/home/condor/dir_2162586"
	Cpus = 1
	Disk = 2825
	GPUs = 0
	Memory = 10300
...
001 (1209256.044.000) 2025-12-22 16:45:14 Job executing on host: <155.230.21.147:9618?addrs=155.230.21.147-9618+[2407-c000-c025--21-147]-9618&alias=cluster347.knu.ac.kr&noUDP&sock=startd_2481_568e>
	SlotName: slot1_6@cluster347.knu.ac.kr
	AvailableGPUs = {  }
	CondorScratchDir = "/home/condor/dir_2195677"
	Cpus = 1
	Disk = 2816
	GPUs = 0
	Memory = 10300
...
001 (1209256.045.000) 2025-12-22 16:45:14 Job executing on host: <155.230.21.155:9618?addrs=155.230.21.155-9618+[2407-c000-c025--21-155]-9618&alias=cluster355.knu.ac.kr&noUDP&sock=startd_8970_409c>
	SlotName: slot1_21@cluster355.knu.ac.kr
	CondorScratchDir = "/home/condor/dir_2003329"
	Cpus = 1
	Disk = 4673
	GPUs = 0
	Memory = 10300
...
001 (1209256.046.000) 2025-12-22 16:45:14 Job executing on host: <155.230.21.151:9618?addrs=155.230.21.151-9618+[2407-c000-c025--21-151]-9618&alias=cluster351.knu.ac.kr&noUDP&sock=startd_3486_af3c>
	SlotName: slot1_36@cluster351.knu.ac.kr
	CondorScratchDir = "/home/condor/dir_4054954"
	Cpus = 1
	Disk = 8391
	GPUs = 0
	Memory = 10300
...
001 (1209256.040.000) 2025-12-22 16:45:17 Job executing on host: <155.230.21.88:9618?addrs=155.230.21.88-9618+[2407-c000-c025--21-88]-9618&alias=cluster288.knu.ac.kr&noUDP&sock=startd_1395_6eb4>
	SlotName: slot1_7@cluster288.knu.ac.kr
	CondorScratchDir = "/home/condor/dir_3464875"
	Cpus = 1
	Disk = 2771
	GPUs = 0
	Memory = 10300
...
006 (1209256.045.000) 2025-12-22 16:45:20 Image size of job updated: 127908
	0  -  MemoryUsage of job (MB)
	0  -  ResidentSetSize of job (KB)
...
005 (1209256.045.000) 2025-12-22 16:45:21 Job terminated.
	(1) Normal termination (return value 134)
		Usr 0 00:00:04, Sys 0 00:00:00  -  Run Remote Usage
		Usr 0 00:00:00, Sys 0 00:00:00  -  Run Local Usage
		Usr 0 00:00:04, Sys 0 00:00:00  -  Total Remote Usage
		Usr 0 00:00:00, Sys 0 00:00:00  -  Total Local Usage
	0  -  Run Bytes Sent By Job
	0  -  Run Bytes Received By Job
	0  -  Total Bytes Sent By Job
	0  -  Total Bytes Received By Job
	Partitionable Resources :    Usage  Request Allocated 
	   Cpus                 :        0        1         1 
	   Disk (KB)            :        1        1      4673 
	   GPUs                 :                           0 
	   Memory (MB)          :        0    10240     10300 
	   TimeExecute (s)      :        6                    
	   TimeSlotBusy (s)     :        6                    

	Job terminated of its own accord at 2025-12-22T07:45:20Z with exit-code 134.
...
006 (1209256.043.000) 2025-12-22 16:45:21 Image size of job updated: 116004
	114  -  MemoryUsage of job (MB)
	116004  -  ResidentSetSize of job (KB)
...
006 (1209256.041.000) 2025-12-22 16:45:21 Image size of job updated: 105948
	104  -  MemoryUsage of job (MB)
	105948  -  ResidentSetSize of job (KB)
...
006 (1209256.042.000) 2025-12-22 16:45:22 Image size of job updated: 111232
	109  -  MemoryUsage of job (MB)
	111232  -  ResidentSetSize of job (KB)
...
006 (1209256.046.000) 2025-12-22 16:45:22 Image size of job updated: 121448
	0  -  MemoryUsage of job (MB)
	0  -  ResidentSetSize of job (KB)
...
005 (1209256.046.000) 2025-12-22 16:45:22 Job terminated.
	(1) Normal termination (return value 134)
		Usr 0 00:00:06, Sys 0 00:00:00  -  Run Remote Usage
		Usr 0 00:00:00, Sys 0 00:00:00  -  Run Local Usage
		Usr 0 00:00:06, Sys 0 00:00:00  -  Total Remote Usage
		Usr 0 00:00:00, Sys 0 00:00:00  -  Total Local Usage
	0  -  Run Bytes Sent By Job
	0  -  Run Bytes Received By Job
	0  -  Total Bytes Sent By Job
	0  -  Total Bytes Received By Job
	Partitionable Resources :    Usage  Request Allocated 
	   Cpus                 :        0        1         1 
	   Disk (KB)            :        1        1      8391 
	   GPUs                 :                           0 
	   Memory (MB)          :        0    10240     10300 
	   TimeExecute (s)      :        8                    
	   TimeSlotBusy (s)     :        8                    

	Job terminated of its own accord at 2025-12-22T07:45:22Z with exit-code 134.
...
006 (1209256.044.000) 2025-12-22 16:45:23 Image size of job updated: 62968
	62  -  MemoryUsage of job (MB)
	62968  -  ResidentSetSize of job (KB)
...
006 (1209256.040.000) 2025-12-22 16:45:25 Image size of job updated: 121236
	0  -  MemoryUsage of job (MB)
	0  -  ResidentSetSize of job (KB)
...
005 (1209256.040.000) 2025-12-22 16:45:25 Job terminated.
	(1) Normal termination (return value 134)
		Usr 0 00:00:06, Sys 0 00:00:00  -  Run Remote Usage
		Usr 0 00:00:00, Sys 0 00:00:00  -  Run Local Usage
		Usr 0 00:00:06, Sys 0 00:00:00  -  Total Remote Usage
		Usr 0 00:00:00, Sys 0 00:00:00  -  Total Local Usage
	0  -  Run Bytes Sent By Job
	0  -  Run Bytes Received By Job
	0  -  Total Bytes Sent By Job
	0  -  Total Bytes Received By Job
	Partitionable Resources :    Usage  Request Allocated 
	   Cpus                 :        0        1         1 
	   Disk (KB)            :        1        1      2771 
	   GPUs                 :                           0 
	   Memory (MB)          :        0    10240     10300 
	   TimeExecute (s)      :        8                    
	   TimeSlotBusy (s)     :        8                    

	Job terminated of its own accord at 2025-12-22T07:45:25Z with exit-code 134.
...
006 (1209256.043.000) 2025-12-22 16:45:26 Image size of job updated: 126248
	114  -  MemoryUsage of job (MB)
	116016  -  ResidentSetSize of job (KB)
...
005 (1209256.043.000) 2025-12-22 16:45:26 Job terminated.
	(1) Normal termination (return value 134)
		Usr 0 00:00:10, Sys 0 00:00:01  -  Run Remote Usage
		Usr 0 00:00:00, Sys 0 00:00:00  -  Run Local Usage
		Usr 0 00:00:10, Sys 0 00:00:01  -  Total Remote Usage
		Usr 0 00:00:00, Sys 0 00:00:00  -  Total Local Usage
	0  -  Run Bytes Sent By Job
	0  -  Run Bytes Received By Job
	0  -  Total Bytes Sent By Job
	0  -  Total Bytes Received By Job
	Partitionable Resources :    Usage  Request Allocated 
	   Cpus                 :        0        1         1 
	   Disk (KB)            :        1        1      2829 
	   GPUs                 :                           0 
	   Memory (MB)          :      114    10240     10300 
	   TimeExecute (s)      :       13                    
	   TimeSlotBusy (s)     :       13                    

	Job terminated of its own accord at 2025-12-22T07:45:26Z with exit-code 134.
...
006 (1209256.044.000) 2025-12-22 16:45:29 Image size of job updated: 73752
	62  -  MemoryUsage of job (MB)
	63200  -  ResidentSetSize of job (KB)
...
005 (1209256.044.000) 2025-12-22 16:45:29 Job terminated.
	(1) Normal termination (return value 134)
		Usr 0 00:00:05, Sys 0 00:00:00  -  Run Remote Usage
		Usr 0 00:00:00, Sys 0 00:00:00  -  Run Local Usage
		Usr 0 00:00:05, Sys 0 00:00:00  -  Total Remote Usage
		Usr 0 00:00:00, Sys 0 00:00:00  -  Total Local Usage
	0  -  Run Bytes Sent By Job
	0  -  Run Bytes Received By Job
	0  -  Total Bytes Sent By Job
	0  -  Total Bytes Received By Job
	Partitionable Resources :    Usage  Request Allocated 
	   Cpus                 :        0        1         1 
	   Disk (KB)            :        1        1      2816 
	   GPUs                 :                           0 
	   Memory (MB)          :       62    10240     10300 
	   TimeExecute (s)      :       15                    
	   TimeSlotBusy (s)     :       15                    

	Job terminated of its own accord at 2025-12-22T07:45:29Z with exit-code 134.
...
006 (1209256.042.000) 2025-12-22 16:45:31 Image size of job updated: 128268
	109  -  MemoryUsage of job (MB)
	111244  -  ResidentSetSize of job (KB)
...
005 (1209256.042.000) 2025-12-22 16:45:31 Job terminated.
	(1) Normal termination (return value 134)
		Usr 0 00:00:14, Sys 0 00:00:01  -  Run Remote Usage
		Usr 0 00:00:00, Sys 0 00:00:00  -  Run Local Usage
		Usr 0 00:00:14, Sys 0 00:00:01  -  Total Remote Usage
		Usr 0 00:00:00, Sys 0 00:00:00  -  Total Local Usage
	0  -  Run Bytes Sent By Job
	0  -  Run Bytes Received By Job
	0  -  Total Bytes Sent By Job
	0  -  Total Bytes Received By Job
	Partitionable Resources :    Usage  Request Allocated 
	   Cpus                 :        0        1         1 
	   Disk (KB)            :        1        1      2825 
	   GPUs                 :                           0 
	   Memory (MB)          :      109    10240     10300 
	   TimeExecute (s)      :       18                    
	   TimeSlotBusy (s)     :       18                    

	Job terminated of its own accord at 2025-12-22T07:45:31Z with exit-code 134.
...
006 (1209256.041.000) 2025-12-22 16:45:37 Image size of job updated: 129016
	104  -  MemoryUsage of job (MB)
	105960  -  ResidentSetSize of job (KB)
...
005 (1209256.041.000) 2025-12-22 16:45:37 Job terminated.
	(1) Normal termination (return value 134)
		Usr 0 00:00:19, Sys 0 00:00:02  -  Run Remote Usage
		Usr 0 00:00:00, Sys 0 00:00:00  -  Run Local Usage
		Usr 0 00:00:19, Sys 0 00:00:02  -  Total Remote Usage
		Usr 0 00:00:00, Sys 0 00:00:00  -  Total Local Usage
	0  -  Run Bytes Sent By Job
	0  -  Run Bytes Received By Job
	0  -  Total Bytes Sent By Job
	0  -  Total Bytes Received By Job
	Partitionable Resources :    Usage  Request Allocated 
	   Cpus                 :        0        1         1 
	   Disk (KB)            :        1        1      2815 
	   GPUs                 :                           0 
	   Memory (MB)          :      104    10240     10300 
	   TimeExecute (s)      :       24                    
	   TimeSlotBusy (s)     :       25                    

	Job terminated of its own accord at 2025-12-22T07:45:37Z with exit-code 134.
...
