000 (1209279.000.000) 2025-12-22 16:30:49 Job submitted from host: <155.230.23.71:9618?addrs=155.230.23.71-9618+[2407-c000-c024-0-20c-29ff-fe9d-363c]-9618&alias=cms01.knu.ac.kr&noUDP&sock=schedd_1467_d186>
...
000 (1209279.001.000) 2025-12-22 16:30:49 Job submitted from host: <155.230.23.71:9618?addrs=155.230.23.71-9618+[2407-c000-c024-0-20c-29ff-fe9d-363c]-9618&alias=cms01.knu.ac.kr&noUDP&sock=schedd_1467_d186>
...
000 (1209279.002.000) 2025-12-22 16:30:49 Job submitted from host: <155.230.23.71:9618?addrs=155.230.23.71-9618+[2407-c000-c024-0-20c-29ff-fe9d-363c]-9618&alias=cms01.knu.ac.kr&noUDP&sock=schedd_1467_d186>
...
000 (1209279.003.000) 2025-12-22 16:30:49 Job submitted from host: <155.230.23.71:9618?addrs=155.230.23.71-9618+[2407-c000-c024-0-20c-29ff-fe9d-363c]-9618&alias=cms01.knu.ac.kr&noUDP&sock=schedd_1467_d186>
...
000 (1209279.004.000) 2025-12-22 16:30:49 Job submitted from host: <155.230.23.71:9618?addrs=155.230.23.71-9618+[2407-c000-c024-0-20c-29ff-fe9d-363c]-9618&alias=cms01.knu.ac.kr&noUDP&sock=schedd_1467_d186>
...
000 (1209279.005.000) 2025-12-22 16:30:49 Job submitted from host: <155.230.23.71:9618?addrs=155.230.23.71-9618+[2407-c000-c024-0-20c-29ff-fe9d-363c]-9618&alias=cms01.knu.ac.kr&noUDP&sock=schedd_1467_d186>
...
000 (1209279.006.000) 2025-12-22 16:30:49 Job submitted from host: <155.230.23.71:9618?addrs=155.230.23.71-9618+[2407-c000-c024-0-20c-29ff-fe9d-363c]-9618&alias=cms01.knu.ac.kr&noUDP&sock=schedd_1467_d186>
...
000 (1209279.007.000) 2025-12-22 16:30:49 Job submitted from host: <155.230.23.71:9618?addrs=155.230.23.71-9618+[2407-c000-c024-0-20c-29ff-fe9d-363c]-9618&alias=cms01.knu.ac.kr&noUDP&sock=schedd_1467_d186>
...
000 (1209279.008.000) 2025-12-22 16:30:49 Job submitted from host: <155.230.23.71:9618?addrs=155.230.23.71-9618+[2407-c000-c024-0-20c-29ff-fe9d-363c]-9618&alias=cms01.knu.ac.kr&noUDP&sock=schedd_1467_d186>
...
000 (1209279.009.000) 2025-12-22 16:30:49 Job submitted from host: <155.230.23.71:9618?addrs=155.230.23.71-9618+[2407-c000-c024-0-20c-29ff-fe9d-363c]-9618&alias=cms01.knu.ac.kr&noUDP&sock=schedd_1467_d186>
...
000 (1209279.010.000) 2025-12-22 16:30:49 Job submitted from host: <155.230.23.71:9618?addrs=155.230.23.71-9618+[2407-c000-c024-0-20c-29ff-fe9d-363c]-9618&alias=cms01.knu.ac.kr&noUDP&sock=schedd_1467_d186>
...
000 (1209279.011.000) 2025-12-22 16:30:49 Job submitted from host: <155.230.23.71:9618?addrs=155.230.23.71-9618+[2407-c000-c024-0-20c-29ff-fe9d-363c]-9618&alias=cms01.knu.ac.kr&noUDP&sock=schedd_1467_d186>
...
000 (1209279.012.000) 2025-12-22 16:30:49 Job submitted from host: <155.230.23.71:9618?addrs=155.230.23.71-9618+[2407-c000-c024-0-20c-29ff-fe9d-363c]-9618&alias=cms01.knu.ac.kr&noUDP&sock=schedd_1467_d186>
...
000 (1209279.013.000) 2025-12-22 16:30:49 Job submitted from host: <155.230.23.71:9618?addrs=155.230.23.71-9618+[2407-c000-c024-0-20c-29ff-fe9d-363c]-9618&alias=cms01.knu.ac.kr&noUDP&sock=schedd_1467_d186>
...
000 (1209279.014.000) 2025-12-22 16:30:49 Job submitted from host: <155.230.23.71:9618?addrs=155.230.23.71-9618+[2407-c000-c024-0-20c-29ff-fe9d-363c]-9618&alias=cms01.knu.ac.kr&noUDP&sock=schedd_1467_d186>
...
000 (1209279.015.000) 2025-12-22 16:30:49 Job submitted from host: <155.230.23.71:9618?addrs=155.230.23.71-9618+[2407-c000-c024-0-20c-29ff-fe9d-363c]-9618&alias=cms01.knu.ac.kr&noUDP&sock=schedd_1467_d186>
...
000 (1209279.016.000) 2025-12-22 16:30:49 Job submitted from host: <155.230.23.71:9618?addrs=155.230.23.71-9618+[2407-c000-c024-0-20c-29ff-fe9d-363c]-9618&alias=cms01.knu.ac.kr&noUDP&sock=schedd_1467_d186>
...
000 (1209279.017.000) 2025-12-22 16:30:49 Job submitted from host: <155.230.23.71:9618?addrs=155.230.23.71-9618+[2407-c000-c024-0-20c-29ff-fe9d-363c]-9618&alias=cms01.knu.ac.kr&noUDP&sock=schedd_1467_d186>
...
000 (1209279.018.000) 2025-12-22 16:30:49 Job submitted from host: <155.230.23.71:9618?addrs=155.230.23.71-9618+[2407-c000-c024-0-20c-29ff-fe9d-363c]-9618&alias=cms01.knu.ac.kr&noUDP&sock=schedd_1467_d186>
...
000 (1209279.019.000) 2025-12-22 16:30:49 Job submitted from host: <155.230.23.71:9618?addrs=155.230.23.71-9618+[2407-c000-c024-0-20c-29ff-fe9d-363c]-9618&alias=cms01.knu.ac.kr&noUDP&sock=schedd_1467_d186>
...
000 (1209279.020.000) 2025-12-22 16:30:49 Job submitted from host: <155.230.23.71:9618?addrs=155.230.23.71-9618+[2407-c000-c024-0-20c-29ff-fe9d-363c]-9618&alias=cms01.knu.ac.kr&noUDP&sock=schedd_1467_d186>
...
000 (1209279.021.000) 2025-12-22 16:30:49 Job submitted from host: <155.230.23.71:9618?addrs=155.230.23.71-9618+[2407-c000-c024-0-20c-29ff-fe9d-363c]-9618&alias=cms01.knu.ac.kr&noUDP&sock=schedd_1467_d186>
...
000 (1209279.022.000) 2025-12-22 16:30:49 Job submitted from host: <155.230.23.71:9618?addrs=155.230.23.71-9618+[2407-c000-c024-0-20c-29ff-fe9d-363c]-9618&alias=cms01.knu.ac.kr&noUDP&sock=schedd_1467_d186>
...
000 (1209279.023.000) 2025-12-22 16:30:49 Job submitted from host: <155.230.23.71:9618?addrs=155.230.23.71-9618+[2407-c000-c024-0-20c-29ff-fe9d-363c]-9618&alias=cms01.knu.ac.kr&noUDP&sock=schedd_1467_d186>
...
000 (1209279.024.000) 2025-12-22 16:30:49 Job submitted from host: <155.230.23.71:9618?addrs=155.230.23.71-9618+[2407-c000-c024-0-20c-29ff-fe9d-363c]-9618&alias=cms01.knu.ac.kr&noUDP&sock=schedd_1467_d186>
...
000 (1209279.025.000) 2025-12-22 16:30:49 Job submitted from host: <155.230.23.71:9618?addrs=155.230.23.71-9618+[2407-c000-c024-0-20c-29ff-fe9d-363c]-9618&alias=cms01.knu.ac.kr&noUDP&sock=schedd_1467_d186>
...
001 (1209279.001.000) 2025-12-22 17:30:06 Job executing on host: <155.230.21.147:9618?addrs=155.230.21.147-9618+[2407-c000-c025--21-147]-9618&alias=cluster347.knu.ac.kr&noUDP&sock=startd_2481_568e>
	SlotName: slot1_2@cluster347.knu.ac.kr
	AvailableGPUs = {  }
	CondorScratchDir = "/home/condor/dir_2213402"
	Cpus = 1
	Disk = 2816
	GPUs = 0
	Memory = 10300
...
001 (1209279.004.000) 2025-12-22 17:30:06 Job executing on host: <155.230.21.148:9618?addrs=155.230.21.148-9618+[2407-c000-c025--21-148]-9618&alias=cluster348.knu.ac.kr&noUDP&sock=startd_2894_9f2b>
	SlotName: slot1_11@cluster348.knu.ac.kr
	CondorScratchDir = "/home/condor/dir_797628"
	Cpus = 1
	Disk = 2048
	GPUs = 0
	Memory = 10300
...
001 (1209279.003.000) 2025-12-22 17:30:06 Job executing on host: <155.230.21.137:9618?addrs=155.230.21.137-9618+[2407-c000-c025--21-137]-9618&alias=cluster337.knu.ac.kr&noUDP&sock=startd_3737_d982>
	SlotName: slot1_4@cluster337.knu.ac.kr
	CondorScratchDir = "/home/condor/dir_146460"
	Cpus = 1
	Disk = 4693
	GPUs = 0
	Memory = 10300
...
001 (1209279.000.000) 2025-12-22 17:30:07 Job executing on host: <155.230.21.144:9618?addrs=155.230.21.144-9618+[2407-c000-c025--21-144]-9618&alias=cluster344.knu.ac.kr&noUDP&sock=startd_3393_e4ee>
	SlotName: slot1_15@cluster344.knu.ac.kr
	CondorScratchDir = "/home/condor/dir_227357"
	Cpus = 1
	Disk = 2829
	GPUs = 0
	Memory = 10300
...
001 (1209279.002.000) 2025-12-22 17:30:07 Job executing on host: <155.230.21.133:9618?addrs=155.230.21.133-9618+[2407-c000-c025--21-133]-9618&alias=cluster333.knu.ac.kr&noUDP&sock=startd_2525_84b9>
	SlotName: slot1_4@cluster333.knu.ac.kr
	CondorScratchDir = "/home/condor/dir_1958189"
	Cpus = 1
	Disk = 2840
	GPUs = 0
	Memory = 10300
...
001 (1209279.005.000) 2025-12-22 17:30:08 Job executing on host: <155.230.21.153:9618?addrs=155.230.21.153-9618+[2407-c000-c024-0-12ff-e0ff-fe03-bebe]-9618&alias=cluster353.knu.ac.kr&noUDP&sock=startd_3951_a2c6>
	SlotName: slot1_6@cluster353.knu.ac.kr
	CondorScratchDir = "/home/condor/dir_4013789"
	Cpus = 1
	Disk = 2770
	GPUs = 0
	Memory = 10300
...
001 (1209279.007.000) 2025-12-22 17:30:08 Job executing on host: <155.230.21.155:9618?addrs=155.230.21.155-9618+[2407-c000-c025--21-155]-9618&alias=cluster355.knu.ac.kr&noUDP&sock=startd_8970_409c>
	SlotName: slot1_1@cluster355.knu.ac.kr
	CondorScratchDir = "/home/condor/dir_2033418"
	Cpus = 1
	Disk = 4673
	GPUs = 0
	Memory = 10300
...
001 (1209279.006.000) 2025-12-22 17:30:08 Job executing on host: <155.230.21.151:9618?addrs=155.230.21.151-9618+[2407-c000-c025--21-151]-9618&alias=cluster351.knu.ac.kr&noUDP&sock=startd_3486_af3c>
	SlotName: slot1_2@cluster351.knu.ac.kr
	CondorScratchDir = "/home/condor/dir_4092464"
	Cpus = 1
	Disk = 8391
	GPUs = 0
	Memory = 10300
...
001 (1209279.008.000) 2025-12-22 17:30:09 Job executing on host: <155.230.21.147:9618?addrs=155.230.21.147-9618+[2407-c000-c025--21-147]-9618&alias=cluster347.knu.ac.kr&noUDP&sock=startd_2481_568e>
	SlotName: slot1_4@cluster347.knu.ac.kr
	AvailableGPUs = {  }
	CondorScratchDir = "/home/condor/dir_2213575"
	Cpus = 1
	Disk = 2816
	GPUs = 0
	Memory = 10300
...
001 (1209279.010.000) 2025-12-22 17:30:09 Job executing on host: <155.230.21.148:9618?addrs=155.230.21.148-9618+[2407-c000-c025--21-148]-9618&alias=cluster348.knu.ac.kr&noUDP&sock=startd_2894_9f2b>
	SlotName: slot1_14@cluster348.knu.ac.kr
	CondorScratchDir = "/home/condor/dir_797799"
	Cpus = 1
	Disk = 2048
	GPUs = 0
	Memory = 10300
...
001 (1209279.009.000) 2025-12-22 17:30:09 Job executing on host: <155.230.21.137:9618?addrs=155.230.21.137-9618+[2407-c000-c025--21-137]-9618&alias=cluster337.knu.ac.kr&noUDP&sock=startd_3737_d982>
	SlotName: slot1_7@cluster337.knu.ac.kr
	CondorScratchDir = "/home/condor/dir_146625"
	Cpus = 1
	Disk = 4693
	GPUs = 0
	Memory = 10300
...
001 (1209279.012.000) 2025-12-22 17:30:11 Job executing on host: <155.230.21.155:9618?addrs=155.230.21.155-9618+[2407-c000-c025--21-155]-9618&alias=cluster355.knu.ac.kr&noUDP&sock=startd_8970_409c>
	SlotName: slot1_2@cluster355.knu.ac.kr
	CondorScratchDir = "/home/condor/dir_2033588"
	Cpus = 1
	Disk = 4673
	GPUs = 0
	Memory = 10300
...
001 (1209279.011.000) 2025-12-22 17:30:14 Job executing on host: <155.230.21.153:9618?addrs=155.230.21.153-9618+[2407-c000-c024-0-12ff-e0ff-fe03-bebe]-9618&alias=cluster353.knu.ac.kr&noUDP&sock=startd_3951_a2c6>
	SlotName: slot1_9@cluster353.knu.ac.kr
	CondorScratchDir = "/home/condor/dir_4013961"
	Cpus = 1
	Disk = 2770
	GPUs = 0
	Memory = 10300
...
001 (1209279.013.000) 2025-12-22 17:30:15 Job executing on host: <155.230.21.151:9618?addrs=155.230.21.151-9618+[2407-c000-c025--21-151]-9618&alias=cluster351.knu.ac.kr&noUDP&sock=startd_3486_af3c>
	SlotName: slot1_14@cluster351.knu.ac.kr
	CondorScratchDir = "/home/condor/dir_4092637"
	Cpus = 1
	Disk = 8391
	GPUs = 0
	Memory = 10300
...
006 (1209279.001.000) 2025-12-22 17:30:15 Image size of job updated: 167568
	164  -  MemoryUsage of job (MB)
	167568  -  ResidentSetSize of job (KB)
...
006 (1209279.004.000) 2025-12-22 17:30:15 Image size of job updated: 154480
	151  -  MemoryUsage of job (MB)
	154480  -  ResidentSetSize of job (KB)
...
006 (1209279.003.000) 2025-12-22 17:30:15 Image size of job updated: 154768
	152  -  MemoryUsage of job (MB)
	154768  -  ResidentSetSize of job (KB)
...
001 (1209279.016.000) 2025-12-22 17:30:16 Job executing on host: <155.230.21.155:9618?addrs=155.230.21.155-9618+[2407-c000-c025--21-155]-9618&alias=cluster355.knu.ac.kr&noUDP&sock=startd_8970_409c>
	SlotName: slot1_7@cluster355.knu.ac.kr
	CondorScratchDir = "/home/condor/dir_2033661"
	Cpus = 1
	Disk = 4673
	GPUs = 0
	Memory = 10300
...
006 (1209279.002.000) 2025-12-22 17:30:16 Image size of job updated: 154712
	152  -  MemoryUsage of job (MB)
	154712  -  ResidentSetSize of job (KB)
...
006 (1209279.005.000) 2025-12-22 17:30:16 Image size of job updated: 181548
	178  -  MemoryUsage of job (MB)
	181548  -  ResidentSetSize of job (KB)
...
001 (1209279.015.000) 2025-12-22 17:30:16 Job executing on host: <155.230.21.137:9618?addrs=155.230.21.137-9618+[2407-c000-c025--21-137]-9618&alias=cluster337.knu.ac.kr&noUDP&sock=startd_3737_d982>
	SlotName: slot1_27@cluster337.knu.ac.kr
	CondorScratchDir = "/home/condor/dir_146976"
	Cpus = 1
	Disk = 4693
	GPUs = 0
	Memory = 10300
...
006 (1209279.000.000) 2025-12-22 17:30:16 Image size of job updated: 131384
	129  -  MemoryUsage of job (MB)
	131384  -  ResidentSetSize of job (KB)
...
001 (1209279.014.000) 2025-12-22 17:30:17 Job executing on host: <155.230.21.147:9618?addrs=155.230.21.147-9618+[2407-c000-c025--21-147]-9618&alias=cluster347.knu.ac.kr&noUDP&sock=startd_2481_568e>
	SlotName: slot1_6@cluster347.knu.ac.kr
	AvailableGPUs = {  }
	CondorScratchDir = "/home/condor/dir_2213748"
	Cpus = 1
	Disk = 2816
	GPUs = 0
	Memory = 10300
...
006 (1209279.008.000) 2025-12-22 17:30:17 Image size of job updated: 153724
	151  -  MemoryUsage of job (MB)
	153724  -  ResidentSetSize of job (KB)
...
006 (1209279.010.000) 2025-12-22 17:30:17 Image size of job updated: 154420
	151  -  MemoryUsage of job (MB)
	154420  -  ResidentSetSize of job (KB)
...
006 (1209279.009.000) 2025-12-22 17:30:17 Image size of job updated: 152864
	150  -  MemoryUsage of job (MB)
	152864  -  ResidentSetSize of job (KB)
...
006 (1209279.007.000) 2025-12-22 17:30:17 Image size of job updated: 225988
	221  -  MemoryUsage of job (MB)
	225988  -  ResidentSetSize of job (KB)
...
001 (1209279.017.000) 2025-12-22 17:30:17 Job executing on host: <155.230.21.153:9618?addrs=155.230.21.153-9618+[2407-c000-c024-0-12ff-e0ff-fe03-bebe]-9618&alias=cluster353.knu.ac.kr&noUDP&sock=startd_3951_a2c6>
	SlotName: slot1_11@cluster353.knu.ac.kr
	CondorScratchDir = "/home/condor/dir_4014132"
	Cpus = 1
	Disk = 2770
	GPUs = 0
	Memory = 10300
...
001 (1209279.018.000) 2025-12-22 17:30:17 Job executing on host: <155.230.21.151:9618?addrs=155.230.21.151-9618+[2407-c000-c025--21-151]-9618&alias=cluster351.knu.ac.kr&noUDP&sock=startd_3486_af3c>
	SlotName: slot1_20@cluster351.knu.ac.kr
	CondorScratchDir = "/home/condor/dir_4092801"
	Cpus = 1
	Disk = 8391
	GPUs = 0
	Memory = 10300
...
006 (1209279.006.000) 2025-12-22 17:30:17 Image size of job updated: 153512
	150  -  MemoryUsage of job (MB)
	153512  -  ResidentSetSize of job (KB)
...
001 (1209279.019.000) 2025-12-22 17:30:18 Job executing on host: <155.230.21.155:9618?addrs=155.230.21.155-9618+[2407-c000-c025--21-155]-9618&alias=cluster355.knu.ac.kr&noUDP&sock=startd_8970_409c>
	SlotName: slot1_10@cluster355.knu.ac.kr
	CondorScratchDir = "/home/condor/dir_2033926"
	Cpus = 1
	Disk = 4673
	GPUs = 0
	Memory = 10300
...
001 (1209279.022.000) 2025-12-22 17:30:19 Job executing on host: <155.230.21.155:9618?addrs=155.230.21.155-9618+[2407-c000-c025--21-155]-9618&alias=cluster355.knu.ac.kr&noUDP&sock=startd_8970_409c>
	SlotName: slot1_14@cluster355.knu.ac.kr
	CondorScratchDir = "/home/condor/dir_2033932"
	Cpus = 1
	Disk = 4673
	GPUs = 0
	Memory = 10300
...
001 (1209279.021.000) 2025-12-22 17:30:19 Job executing on host: <155.230.21.151:9618?addrs=155.230.21.151-9618+[2407-c000-c025--21-151]-9618&alias=cluster351.knu.ac.kr&noUDP&sock=startd_3486_af3c>
	SlotName: slot1_27@cluster351.knu.ac.kr
	CondorScratchDir = "/home/condor/dir_4092892"
	Cpus = 1
	Disk = 8391
	GPUs = 0
	Memory = 10300
...
001 (1209279.020.000) 2025-12-22 17:30:19 Job executing on host: <155.230.21.137:9618?addrs=155.230.21.137-9618+[2407-c000-c025--21-137]-9618&alias=cluster337.knu.ac.kr&noUDP&sock=startd_3737_d982>
	SlotName: slot1_36@cluster337.knu.ac.kr
	CondorScratchDir = "/home/condor/dir_147130"
	Cpus = 1
	Disk = 4693
	GPUs = 0
	Memory = 10300
...
006 (1209279.009.000) 2025-12-22 17:30:20 Image size of job updated: 152892
	150  -  MemoryUsage of job (MB)
	152864  -  ResidentSetSize of job (KB)
...
006 (1209279.012.000) 2025-12-22 17:30:20 Image size of job updated: 228876
	224  -  MemoryUsage of job (MB)
	228876  -  ResidentSetSize of job (KB)
...
006 (1209279.001.000) 2025-12-22 17:30:21 Image size of job updated: 183840
	164  -  MemoryUsage of job (MB)
	167580  -  ResidentSetSize of job (KB)
...
001 (1209279.023.000) 2025-12-22 17:30:21 Job executing on host: <155.230.21.155:9618?addrs=155.230.21.155-9618+[2407-c000-c025--21-155]-9618&alias=cluster355.knu.ac.kr&noUDP&sock=startd_8970_409c>
	SlotName: slot1_16@cluster355.knu.ac.kr
	CondorScratchDir = "/home/condor/dir_2034023"
	Cpus = 1
	Disk = 4673
	GPUs = 0
	Memory = 10300
...
001 (1209279.024.000) 2025-12-22 17:30:21 Job executing on host: <155.230.21.151:9618?addrs=155.230.21.151-9618+[2407-c000-c025--21-151]-9618&alias=cluster351.knu.ac.kr&noUDP&sock=startd_3486_af3c>
	SlotName: slot1_29@cluster351.knu.ac.kr
	CondorScratchDir = "/home/condor/dir_4092975"
	Cpus = 1
	Disk = 8391
	GPUs = 0
	Memory = 10300
...
006 (1209279.017.000) 2025-12-22 17:30:21 Image size of job updated: 84
	0  -  MemoryUsage of job (MB)
	0  -  ResidentSetSize of job (KB)
...
001 (1209279.025.000) 2025-12-22 17:30:22 Job executing on host: <155.230.21.155:9618?addrs=155.230.21.155-9618+[2407-c000-c025--21-155]-9618&alias=cluster355.knu.ac.kr&noUDP&sock=startd_8970_409c>
	SlotName: slot1_17@cluster355.knu.ac.kr
	CondorScratchDir = "/home/condor/dir_2034267"
	Cpus = 1
	Disk = 4673
	GPUs = 0
	Memory = 10300
...
006 (1209279.013.000) 2025-12-22 17:30:23 Image size of job updated: 152876
	150  -  MemoryUsage of job (MB)
	152876  -  ResidentSetSize of job (KB)
...
006 (1209279.011.000) 2025-12-22 17:30:23 Image size of job updated: 215164
	211  -  MemoryUsage of job (MB)
	215164  -  ResidentSetSize of job (KB)
...
005 (1209279.009.000) 2025-12-22 17:30:23 Job terminated.
	(1) Normal termination (return value 0)
		Usr 0 00:00:09, Sys 0 00:00:00  -  Run Remote Usage
		Usr 0 00:00:00, Sys 0 00:00:00  -  Run Local Usage
		Usr 0 00:00:09, Sys 0 00:00:00  -  Total Remote Usage
		Usr 0 00:00:00, Sys 0 00:00:00  -  Total Local Usage
	0  -  Run Bytes Sent By Job
	0  -  Run Bytes Received By Job
	0  -  Total Bytes Sent By Job
	0  -  Total Bytes Received By Job
	Partitionable Resources :    Usage  Request Allocated 
	   Cpus                 :        0        1         1 
	   Disk (KB)            :        1        1      4693 
	   GPUs                 :                           0 
	   Memory (MB)          :      150    10240     10300 
	   TimeExecute (s)      :       11                    
	   TimeSlotBusy (s)     :       13                    

	Job terminated of its own accord at 2025-12-22T08:30:20Z with exit-code 0.
...
005 (1209279.001.000) 2025-12-22 17:30:23 Job terminated.
	(1) Normal termination (return value 0)
		Usr 0 00:00:13, Sys 0 00:00:00  -  Run Remote Usage
		Usr 0 00:00:00, Sys 0 00:00:00  -  Run Local Usage
		Usr 0 00:00:13, Sys 0 00:00:00  -  Total Remote Usage
		Usr 0 00:00:00, Sys 0 00:00:00  -  Total Local Usage
	0  -  Run Bytes Sent By Job
	0  -  Run Bytes Received By Job
	0  -  Total Bytes Sent By Job
	0  -  Total Bytes Received By Job
	Partitionable Resources :    Usage  Request Allocated 
	   Cpus                 :        0        1         1 
	   Disk (KB)            :        1        1      2816 
	   GPUs                 :                           0 
	   Memory (MB)          :      164    10240     10300 
	   TimeExecute (s)      :       15                    
	   TimeSlotBusy (s)     :       16                    

	Job terminated of its own accord at 2025-12-22T08:30:21Z with exit-code 0.
...
005 (1209279.017.000) 2025-12-22 17:30:23 Job terminated.
	(1) Normal termination (return value 0)
		Usr 0 00:00:03, Sys 0 00:00:00  -  Run Remote Usage
		Usr 0 00:00:00, Sys 0 00:00:00  -  Run Local Usage
		Usr 0 00:00:03, Sys 0 00:00:00  -  Total Remote Usage
		Usr 0 00:00:00, Sys 0 00:00:00  -  Total Local Usage
	0  -  Run Bytes Sent By Job
	0  -  Run Bytes Received By Job
	0  -  Total Bytes Sent By Job
	0  -  Total Bytes Received By Job
	Partitionable Resources :    Usage  Request Allocated 
	   Cpus                 :        0        1         1 
	   Disk (KB)            :        1        1      2770 
	   GPUs                 :                           0 
	   Memory (MB)          :        0    10240     10300 
	   TimeExecute (s)      :        5                    
	   TimeSlotBusy (s)     :        6                    

	Job terminated of its own accord at 2025-12-22T08:30:21Z with exit-code 0.
...
006 (1209279.016.000) 2025-12-22 17:30:24 Image size of job updated: 196048
	192  -  MemoryUsage of job (MB)
	196048  -  ResidentSetSize of job (KB)
...
005 (1209279.013.000) 2025-12-22 17:30:24 Job terminated.
	(1) Normal termination (return value 0)
		Usr 0 00:00:06, Sys 0 00:00:00  -  Run Remote Usage
		Usr 0 00:00:00, Sys 0 00:00:00  -  Run Local Usage
		Usr 0 00:00:06, Sys 0 00:00:00  -  Total Remote Usage
		Usr 0 00:00:00, Sys 0 00:00:00  -  Total Local Usage
	0  -  Run Bytes Sent By Job
	0  -  Run Bytes Received By Job
	0  -  Total Bytes Sent By Job
	0  -  Total Bytes Received By Job
	Partitionable Resources :    Usage  Request Allocated 
	   Cpus                 :        0        1         1 
	   Disk (KB)            :        1        1      8391 
	   GPUs                 :                           0 
	   Memory (MB)          :      150    10240     10300 
	   TimeExecute (s)      :       11                    
	   TimeSlotBusy (s)     :       12                    

	Job terminated of its own accord at 2025-12-22T08:30:23Z with exit-code 0.
...
006 (1209279.007.000) 2025-12-22 17:30:25 Image size of job updated: 355176
	221  -  MemoryUsage of job (MB)
	225988  -  ResidentSetSize of job (KB)
...
006 (1209279.014.000) 2025-12-22 17:30:25 Image size of job updated: 153300
	150  -  MemoryUsage of job (MB)
	153300  -  ResidentSetSize of job (KB)
...
005 (1209279.007.000) 2025-12-22 17:30:25 Job terminated.
	(1) Normal termination (return value 0)
		Usr 0 00:00:14, Sys 0 00:00:00  -  Run Remote Usage
		Usr 0 00:00:00, Sys 0 00:00:00  -  Run Local Usage
		Usr 0 00:00:14, Sys 0 00:00:00  -  Total Remote Usage
		Usr 0 00:00:00, Sys 0 00:00:00  -  Total Local Usage
	0  -  Run Bytes Sent By Job
	0  -  Run Bytes Received By Job
	0  -  Total Bytes Sent By Job
	0  -  Total Bytes Received By Job
	Partitionable Resources :    Usage  Request Allocated 
	   Cpus                 :        0        1         1 
	   Disk (KB)            :        1        1      4673 
	   GPUs                 :                           0 
	   Memory (MB)          :      221    10240     10300 
	   TimeExecute (s)      :       17                    
	   TimeSlotBusy (s)     :       17                    

	Job terminated of its own accord at 2025-12-22T08:30:25Z with exit-code 0.
...
006 (1209279.015.000) 2025-12-22 17:30:25 Image size of job updated: 152936
	150  -  MemoryUsage of job (MB)
	152936  -  ResidentSetSize of job (KB)
...
006 (1209279.018.000) 2025-12-22 17:30:26 Image size of job updated: 120736
	0  -  MemoryUsage of job (MB)
	0  -  ResidentSetSize of job (KB)
...
006 (1209279.022.000) 2025-12-22 17:30:27 Image size of job updated: 190252
	186  -  MemoryUsage of job (MB)
	190252  -  ResidentSetSize of job (KB)
...
006 (1209279.021.000) 2025-12-22 17:30:27 Image size of job updated: 152896
	150  -  MemoryUsage of job (MB)
	152896  -  ResidentSetSize of job (KB)
...
006 (1209279.020.000) 2025-12-22 17:30:27 Image size of job updated: 121948
	120  -  MemoryUsage of job (MB)
	121948  -  ResidentSetSize of job (KB)
...
006 (1209279.019.000) 2025-12-22 17:30:27 Image size of job updated: 220868
	216  -  MemoryUsage of job (MB)
	220868  -  ResidentSetSize of job (KB)
...
005 (1209279.018.000) 2025-12-22 17:30:29 Job terminated.
	(1) Normal termination (return value 0)
		Usr 0 00:00:06, Sys 0 00:00:00  -  Run Remote Usage
		Usr 0 00:00:00, Sys 0 00:00:00  -  Run Local Usage
		Usr 0 00:00:06, Sys 0 00:00:00  -  Total Remote Usage
		Usr 0 00:00:00, Sys 0 00:00:00  -  Total Local Usage
	0  -  Run Bytes Sent By Job
	0  -  Run Bytes Received By Job
	0  -  Total Bytes Sent By Job
	0  -  Total Bytes Received By Job
	Partitionable Resources :    Usage  Request Allocated 
	   Cpus                 :        0        1         1 
	   Disk (KB)            :        1        1      8391 
	   GPUs                 :                           0 
	   Memory (MB)          :        0    10240     10300 
	   TimeExecute (s)      :        9                    
	   TimeSlotBusy (s)     :       11                    

	Job terminated of its own accord at 2025-12-22T08:30:26Z with exit-code 0.
...
005 (1209279.021.000) 2025-12-22 17:30:29 Job terminated.
	(1) Normal termination (return value 0)
		Usr 0 00:00:06, Sys 0 00:00:00  -  Run Remote Usage
		Usr 0 00:00:00, Sys 0 00:00:00  -  Run Local Usage
		Usr 0 00:00:06, Sys 0 00:00:00  -  Total Remote Usage
		Usr 0 00:00:00, Sys 0 00:00:00  -  Total Local Usage
	0  -  Run Bytes Sent By Job
	0  -  Run Bytes Received By Job
	0  -  Total Bytes Sent By Job
	0  -  Total Bytes Received By Job
	Partitionable Resources :    Usage  Request Allocated 
	   Cpus                 :        0        1         1 
	   Disk (KB)            :        1        1      8391 
	   GPUs                 :                           0 
	   Memory (MB)          :      150    10240     10300 
	   TimeExecute (s)      :        8                    
	   TimeSlotBusy (s)     :       11                    

	Job terminated of its own accord at 2025-12-22T08:30:27Z with exit-code 0.
...
006 (1209279.023.000) 2025-12-22 17:30:30 Image size of job updated: 221644
	217  -  MemoryUsage of job (MB)
	221644  -  ResidentSetSize of job (KB)
...
006 (1209279.024.000) 2025-12-22 17:30:30 Image size of job updated: 153948
	151  -  MemoryUsage of job (MB)
	153948  -  ResidentSetSize of job (KB)
...
006 (1209279.025.000) 2025-12-22 17:30:31 Image size of job updated: 219936
	215  -  MemoryUsage of job (MB)
	219936  -  ResidentSetSize of job (KB)
...
006 (1209279.015.000) 2025-12-22 17:30:35 Image size of job updated: 186444
	150  -  MemoryUsage of job (MB)
	152936  -  ResidentSetSize of job (KB)
...
005 (1209279.015.000) 2025-12-22 17:30:35 Job terminated.
	(1) Normal termination (return value 0)
		Usr 0 00:00:17, Sys 0 00:00:00  -  Run Remote Usage
		Usr 0 00:00:00, Sys 0 00:00:00  -  Run Local Usage
		Usr 0 00:00:17, Sys 0 00:00:00  -  Total Remote Usage
		Usr 0 00:00:00, Sys 0 00:00:00  -  Total Local Usage
	0  -  Run Bytes Sent By Job
	0  -  Run Bytes Received By Job
	0  -  Total Bytes Sent By Job
	0  -  Total Bytes Received By Job
	Partitionable Resources :    Usage  Request Allocated 
	   Cpus                 :        0        1         1 
	   Disk (KB)            :        1        1      4693 
	   GPUs                 :                           0 
	   Memory (MB)          :      150    10240     10300 
	   TimeExecute (s)      :       20                    
	   TimeSlotBusy (s)     :       21                    

	Job terminated of its own accord at 2025-12-22T08:30:35Z with exit-code 0.
...
006 (1209279.020.000) 2025-12-22 17:30:40 Image size of job updated: 192244
	120  -  MemoryUsage of job (MB)
	121960  -  ResidentSetSize of job (KB)
...
005 (1209279.020.000) 2025-12-22 17:30:40 Job terminated.
	(1) Normal termination (return value 0)
		Usr 0 00:00:18, Sys 0 00:00:01  -  Run Remote Usage
		Usr 0 00:00:00, Sys 0 00:00:00  -  Run Local Usage
		Usr 0 00:00:18, Sys 0 00:00:01  -  Total Remote Usage
		Usr 0 00:00:00, Sys 0 00:00:00  -  Total Local Usage
	0  -  Run Bytes Sent By Job
	0  -  Run Bytes Received By Job
	0  -  Total Bytes Sent By Job
	0  -  Total Bytes Received By Job
	Partitionable Resources :    Usage  Request Allocated 
	   Cpus                 :        0        1         1 
	   Disk (KB)            :        1        1      4693 
	   GPUs                 :                           0 
	   Memory (MB)          :      120    10240     10300 
	   TimeExecute (s)      :       21                    
	   TimeSlotBusy (s)     :       22                    

	Job terminated of its own accord at 2025-12-22T08:30:40Z with exit-code 0.
...
006 (1209279.014.000) 2025-12-22 17:30:48 Image size of job updated: 475852
	150  -  MemoryUsage of job (MB)
	153300  -  ResidentSetSize of job (KB)
...
005 (1209279.014.000) 2025-12-22 17:30:48 Job terminated.
	(1) Normal termination (return value 0)
		Usr 0 00:00:28, Sys 0 00:00:01  -  Run Remote Usage
		Usr 0 00:00:00, Sys 0 00:00:00  -  Run Local Usage
		Usr 0 00:00:28, Sys 0 00:00:01  -  Total Remote Usage
		Usr 0 00:00:00, Sys 0 00:00:00  -  Total Local Usage
	0  -  Run Bytes Sent By Job
	0  -  Run Bytes Received By Job
	0  -  Total Bytes Sent By Job
	0  -  Total Bytes Received By Job
	Partitionable Resources :    Usage  Request Allocated 
	   Cpus                 :     0.98        1         1 
	   Disk (KB)            :     1           1      2816 
	   GPUs                 :                           0 
	   Memory (MB)          :   150       10240     10300 
	   TimeExecute (s)      :    32                       
	   TimeSlotBusy (s)     :    33                       

	Job terminated of its own accord at 2025-12-22T08:30:48Z with exit-code 0.
...
006 (1209279.011.000) 2025-12-22 17:30:55 Image size of job updated: 836076
	211  -  MemoryUsage of job (MB)
	215176  -  ResidentSetSize of job (KB)
...
005 (1209279.011.000) 2025-12-22 17:30:55 Job terminated.
	(1) Normal termination (return value 0)
		Usr 0 00:00:37, Sys 0 00:00:00  -  Run Remote Usage
		Usr 0 00:00:00, Sys 0 00:00:00  -  Run Local Usage
		Usr 0 00:00:37, Sys 0 00:00:00  -  Total Remote Usage
		Usr 0 00:00:00, Sys 0 00:00:00  -  Total Local Usage
	0  -  Run Bytes Sent By Job
	0  -  Run Bytes Received By Job
	0  -  Total Bytes Sent By Job
	0  -  Total Bytes Received By Job
	Partitionable Resources :    Usage  Request Allocated 
	   Cpus                 :        0        1         1 
	   Disk (KB)            :        1        1      2770 
	   GPUs                 :                           0 
	   Memory (MB)          :      211    10240     10300 
	   TimeExecute (s)      :       44                    
	   TimeSlotBusy (s)     :       44                    

	Job terminated of its own accord at 2025-12-22T08:30:55Z with exit-code 0.
...
006 (1209279.019.000) 2025-12-22 17:31:01 Image size of job updated: 807124
	216  -  MemoryUsage of job (MB)
	220960  -  ResidentSetSize of job (KB)
...
005 (1209279.019.000) 2025-12-22 17:31:01 Job terminated.
	(1) Normal termination (return value 0)
		Usr 0 00:00:39, Sys 0 00:00:00  -  Run Remote Usage
		Usr 0 00:00:00, Sys 0 00:00:00  -  Run Local Usage
		Usr 0 00:00:39, Sys 0 00:00:00  -  Total Remote Usage
		Usr 0 00:00:00, Sys 0 00:00:00  -  Total Local Usage
	0  -  Run Bytes Sent By Job
	0  -  Run Bytes Received By Job
	0  -  Total Bytes Sent By Job
	0  -  Total Bytes Received By Job
	Partitionable Resources :    Usage  Request Allocated 
	   Cpus                 :        0        1         1 
	   Disk (KB)            :        1        1      4673 
	   GPUs                 :                           0 
	   Memory (MB)          :      216    10240     10300 
	   TimeExecute (s)      :       44                    
	   TimeSlotBusy (s)     :       44                    

	Job terminated of its own accord at 2025-12-22T08:31:01Z with exit-code 0.
...
006 (1209279.025.000) 2025-12-22 17:31:01 Image size of job updated: 719532
	215  -  MemoryUsage of job (MB)
	219936  -  ResidentSetSize of job (KB)
...
005 (1209279.025.000) 2025-12-22 17:31:01 Job terminated.
	(1) Normal termination (return value 0)
		Usr 0 00:00:36, Sys 0 00:00:00  -  Run Remote Usage
		Usr 0 00:00:00, Sys 0 00:00:00  -  Run Local Usage
		Usr 0 00:00:36, Sys 0 00:00:00  -  Total Remote Usage
		Usr 0 00:00:00, Sys 0 00:00:00  -  Total Local Usage
	0  -  Run Bytes Sent By Job
	0  -  Run Bytes Received By Job
	0  -  Total Bytes Sent By Job
	0  -  Total Bytes Received By Job
	Partitionable Resources :    Usage  Request Allocated 
	   Cpus                 :        0        1         1 
	   Disk (KB)            :        1        1      4673 
	   GPUs                 :                           0 
	   Memory (MB)          :      215    10240     10300 
	   TimeExecute (s)      :       41                    
	   TimeSlotBusy (s)     :       41                    

	Job terminated of its own accord at 2025-12-22T08:31:01Z with exit-code 0.
...
006 (1209279.006.000) 2025-12-22 17:31:06 Image size of job updated: 677592
	150  -  MemoryUsage of job (MB)
	153512  -  ResidentSetSize of job (KB)
...
005 (1209279.006.000) 2025-12-22 17:31:06 Job terminated.
	(1) Normal termination (return value 0)
		Usr 0 00:00:48, Sys 0 00:00:01  -  Run Remote Usage
		Usr 0 00:00:00, Sys 0 00:00:00  -  Run Local Usage
		Usr 0 00:00:48, Sys 0 00:00:01  -  Total Remote Usage
		Usr 0 00:00:00, Sys 0 00:00:00  -  Total Local Usage
	0  -  Run Bytes Sent By Job
	0  -  Run Bytes Received By Job
	0  -  Total Bytes Sent By Job
	0  -  Total Bytes Received By Job
	Partitionable Resources :    Usage  Request Allocated 
	   Cpus                 :        0        1         1 
	   Disk (KB)            :        1        1      8391 
	   GPUs                 :                           0 
	   Memory (MB)          :      150    10240     10300 
	   TimeExecute (s)      :       58                    
	   TimeSlotBusy (s)     :       58                    

	Job terminated of its own accord at 2025-12-22T08:31:06Z with exit-code 0.
...
006 (1209279.008.000) 2025-12-22 17:31:08 Image size of job updated: 872580
	151  -  MemoryUsage of job (MB)
	153724  -  ResidentSetSize of job (KB)
...
006 (1209279.005.000) 2025-12-22 17:31:08 Image size of job updated: 1097976
	178  -  MemoryUsage of job (MB)
	181548  -  ResidentSetSize of job (KB)
...
005 (1209279.008.000) 2025-12-22 17:31:08 Job terminated.
	(1) Normal termination (return value 0)
		Usr 0 00:00:54, Sys 0 00:00:01  -  Run Remote Usage
		Usr 0 00:00:00, Sys 0 00:00:00  -  Run Local Usage
		Usr 0 00:00:54, Sys 0 00:00:01  -  Total Remote Usage
		Usr 0 00:00:00, Sys 0 00:00:00  -  Total Local Usage
	0  -  Run Bytes Sent By Job
	0  -  Run Bytes Received By Job
	0  -  Total Bytes Sent By Job
	0  -  Total Bytes Received By Job
	Partitionable Resources :    Usage  Request Allocated 
	   Cpus                 :     0.97        1         1 
	   Disk (KB)            :     1           1      2816 
	   GPUs                 :                           0 
	   Memory (MB)          :   151       10240     10300 
	   TimeExecute (s)      :    59                       
	   TimeSlotBusy (s)     :    59                       

	Job terminated of its own accord at 2025-12-22T08:31:08Z with exit-code 0.
...
005 (1209279.005.000) 2025-12-22 17:31:08 Job terminated.
	(1) Normal termination (return value 0)
		Usr 0 00:00:51, Sys 0 00:00:01  -  Run Remote Usage
		Usr 0 00:00:00, Sys 0 00:00:00  -  Run Local Usage
		Usr 0 00:00:51, Sys 0 00:00:01  -  Total Remote Usage
		Usr 0 00:00:00, Sys 0 00:00:00  -  Total Local Usage
	0  -  Run Bytes Sent By Job
	0  -  Run Bytes Received By Job
	0  -  Total Bytes Sent By Job
	0  -  Total Bytes Received By Job
	Partitionable Resources :    Usage  Request Allocated 
	   Cpus                 :        0        1         1 
	   Disk (KB)            :        1        1      2770 
	   GPUs                 :                           0 
	   Memory (MB)          :      178    10240     10300 
	   TimeExecute (s)      :       60                    
	   TimeSlotBusy (s)     :       60                    

	Job terminated of its own accord at 2025-12-22T08:31:08Z with exit-code 0.
...
006 (1209279.012.000) 2025-12-22 17:31:11 Image size of job updated: 1014248
	224  -  MemoryUsage of job (MB)
	228876  -  ResidentSetSize of job (KB)
...
005 (1209279.012.000) 2025-12-22 17:31:11 Job terminated.
	(1) Normal termination (return value 0)
		Usr 0 00:00:56, Sys 0 00:00:01  -  Run Remote Usage
		Usr 0 00:00:00, Sys 0 00:00:00  -  Run Local Usage
		Usr 0 00:00:56, Sys 0 00:00:01  -  Total Remote Usage
		Usr 0 00:00:00, Sys 0 00:00:00  -  Total Local Usage
	0  -  Run Bytes Sent By Job
	0  -  Run Bytes Received By Job
	0  -  Total Bytes Sent By Job
	0  -  Total Bytes Received By Job
	Partitionable Resources :    Usage  Request Allocated 
	   Cpus                 :        0        1         1 
	   Disk (KB)            :        1        1      4673 
	   GPUs                 :                           0 
	   Memory (MB)          :      224    10240     10300 
	   TimeExecute (s)      :       60                    
	   TimeSlotBusy (s)     :       61                    

	Job terminated of its own accord at 2025-12-22T08:31:11Z with exit-code 0.
...
006 (1209279.016.000) 2025-12-22 17:31:15 Image size of job updated: 1127480
	192  -  MemoryUsage of job (MB)
	196048  -  ResidentSetSize of job (KB)
...
005 (1209279.016.000) 2025-12-22 17:31:15 Job terminated.
	(1) Normal termination (return value 0)
		Usr 0 00:00:55, Sys 0 00:00:01  -  Run Remote Usage
		Usr 0 00:00:00, Sys 0 00:00:00  -  Run Local Usage
		Usr 0 00:00:55, Sys 0 00:00:01  -  Total Remote Usage
		Usr 0 00:00:00, Sys 0 00:00:00  -  Total Local Usage
	0  -  Run Bytes Sent By Job
	0  -  Run Bytes Received By Job
	0  -  Total Bytes Sent By Job
	0  -  Total Bytes Received By Job
	Partitionable Resources :    Usage  Request Allocated 
	   Cpus                 :                 1         1 
	   Disk (KB)            :        1        1      4673 
	   GPUs                 :                           0 
	   Memory (MB)          :      192    10240     10300 
	   TimeExecute (s)      :       61                    
	   TimeSlotBusy (s)     :       63                    

	Job terminated of its own accord at 2025-12-22T08:31:15Z with exit-code 0.
...
006 (1209279.023.000) 2025-12-22 17:31:30 Image size of job updated: 1337700
	217  -  MemoryUsage of job (MB)
	221652  -  ResidentSetSize of job (KB)
...
005 (1209279.023.000) 2025-12-22 17:31:30 Job terminated.
	(1) Normal termination (return value 0)
		Usr 0 00:01:04, Sys 0 00:00:01  -  Run Remote Usage
		Usr 0 00:00:00, Sys 0 00:00:00  -  Run Local Usage
		Usr 0 00:01:04, Sys 0 00:00:01  -  Total Remote Usage
		Usr 0 00:00:00, Sys 0 00:00:00  -  Total Local Usage
	0  -  Run Bytes Sent By Job
	0  -  Run Bytes Received By Job
	0  -  Total Bytes Sent By Job
	0  -  Total Bytes Received By Job
	Partitionable Resources :    Usage  Request Allocated 
	   Cpus                 :        0        1         1 
	   Disk (KB)            :        1        1      4673 
	   GPUs                 :                           0 
	   Memory (MB)          :      217    10240     10300 
	   TimeExecute (s)      :       70                    
	   TimeSlotBusy (s)     :       71                    

	Job terminated of its own accord at 2025-12-22T08:31:30Z with exit-code 0.
...
006 (1209279.022.000) 2025-12-22 17:31:31 Image size of job updated: 1442672
	186  -  MemoryUsage of job (MB)
	190268  -  ResidentSetSize of job (KB)
...
005 (1209279.022.000) 2025-12-22 17:31:31 Job terminated.
	(1) Normal termination (return value 0)
		Usr 0 00:01:06, Sys 0 00:00:01  -  Run Remote Usage
		Usr 0 00:00:00, Sys 0 00:00:00  -  Run Local Usage
		Usr 0 00:01:06, Sys 0 00:00:01  -  Total Remote Usage
		Usr 0 00:00:00, Sys 0 00:00:00  -  Total Local Usage
	0  -  Run Bytes Sent By Job
	0  -  Run Bytes Received By Job
	0  -  Total Bytes Sent By Job
	0  -  Total Bytes Received By Job
	Partitionable Resources :    Usage  Request Allocated 
	   Cpus                 :        0        1         1 
	   Disk (KB)            :        1        1      4673 
	   GPUs                 :                           0 
	   Memory (MB)          :      186    10240     10300 
	   TimeExecute (s)      :       73                    
	   TimeSlotBusy (s)     :       73                    

	Job terminated of its own accord at 2025-12-22T08:31:31Z with exit-code 0.
...
006 (1209279.000.000) 2025-12-22 17:31:34 Image size of job updated: 711416
	129  -  MemoryUsage of job (MB)
	131396  -  ResidentSetSize of job (KB)
...
005 (1209279.000.000) 2025-12-22 17:31:34 Job terminated.
	(1) Normal termination (return value 0)
		Usr 0 00:01:13, Sys 0 00:00:02  -  Run Remote Usage
		Usr 0 00:00:00, Sys 0 00:00:00  -  Run Local Usage
		Usr 0 00:01:13, Sys 0 00:00:02  -  Total Remote Usage
		Usr 0 00:00:00, Sys 0 00:00:00  -  Total Local Usage
	0  -  Run Bytes Sent By Job
	0  -  Run Bytes Received By Job
	0  -  Total Bytes Sent By Job
	0  -  Total Bytes Received By Job
	Partitionable Resources :    Usage  Request Allocated 
	   Cpus                 :        0        1         1 
	   Disk (KB)            :        1        1      2829 
	   GPUs                 :                           0 
	   Memory (MB)          :      129    10240     10300 
	   TimeExecute (s)      :       87                    
	   TimeSlotBusy (s)     :       87                    

	Job terminated of its own accord at 2025-12-22T08:31:34Z with exit-code 0.
...
006 (1209279.024.000) 2025-12-22 17:31:54 Image size of job updated: 1066548
	151  -  MemoryUsage of job (MB)
	153948  -  ResidentSetSize of job (KB)
...
005 (1209279.024.000) 2025-12-22 17:31:54 Job terminated.
	(1) Normal termination (return value 0)
		Usr 0 00:01:24, Sys 0 00:00:02  -  Run Remote Usage
		Usr 0 00:00:00, Sys 0 00:00:00  -  Run Local Usage
		Usr 0 00:01:24, Sys 0 00:00:02  -  Total Remote Usage
		Usr 0 00:00:00, Sys 0 00:00:00  -  Total Local Usage
	0  -  Run Bytes Sent By Job
	0  -  Run Bytes Received By Job
	0  -  Total Bytes Sent By Job
	0  -  Total Bytes Received By Job
	Partitionable Resources :    Usage  Request Allocated 
	   Cpus                 :                 1         1 
	   Disk (KB)            :        1        1      8391 
	   GPUs                 :                           0 
	   Memory (MB)          :      151    10240     10300 
	   TimeExecute (s)      :       94                    
	   TimeSlotBusy (s)     :       95                    

	Job terminated of its own accord at 2025-12-22T08:31:54Z with exit-code 0.
...
006 (1209279.010.000) 2025-12-22 17:32:34 Image size of job updated: 1639124
	151  -  MemoryUsage of job (MB)
	154420  -  ResidentSetSize of job (KB)
...
005 (1209279.010.000) 2025-12-22 17:32:34 Job terminated.
	(1) Normal termination (return value 0)
		Usr 0 00:02:13, Sys 0 00:00:03  -  Run Remote Usage
		Usr 0 00:00:00, Sys 0 00:00:00  -  Run Local Usage
		Usr 0 00:02:13, Sys 0 00:00:03  -  Total Remote Usage
		Usr 0 00:00:00, Sys 0 00:00:00  -  Total Local Usage
	0  -  Run Bytes Sent By Job
	0  -  Run Bytes Received By Job
	0  -  Total Bytes Sent By Job
	0  -  Total Bytes Received By Job
	Partitionable Resources :    Usage  Request Allocated 
	   Cpus                 :        0        1         1 
	   Disk (KB)            :        1        1      2048 
	   GPUs                 :                           0 
	   Memory (MB)          :      151    10240     10300 
	   TimeExecute (s)      :      145                    
	   TimeSlotBusy (s)     :      145                    

	Job terminated of its own accord at 2025-12-22T08:32:34Z with exit-code 0.
...
006 (1209279.004.000) 2025-12-22 17:32:34 Image size of job updated: 1713596
	151  -  MemoryUsage of job (MB)
	154480  -  ResidentSetSize of job (KB)
...
005 (1209279.004.000) 2025-12-22 17:32:34 Job terminated.
	(1) Normal termination (return value 0)
		Usr 0 00:02:14, Sys 0 00:00:03  -  Run Remote Usage
		Usr 0 00:00:00, Sys 0 00:00:00  -  Run Local Usage
		Usr 0 00:02:14, Sys 0 00:00:03  -  Total Remote Usage
		Usr 0 00:00:00, Sys 0 00:00:00  -  Total Local Usage
	0  -  Run Bytes Sent By Job
	0  -  Run Bytes Received By Job
	0  -  Total Bytes Sent By Job
	0  -  Total Bytes Received By Job
	Partitionable Resources :    Usage  Request Allocated 
	   Cpus                 :        0        1         1 
	   Disk (KB)            :        1        1      2048 
	   GPUs                 :                           0 
	   Memory (MB)          :      151    10240     10300 
	   TimeExecute (s)      :      148                    
	   TimeSlotBusy (s)     :      148                    

	Job terminated of its own accord at 2025-12-22T08:32:34Z with exit-code 0.
...
006 (1209279.002.000) 2025-12-22 17:33:08 Image size of job updated: 1896728
	152  -  MemoryUsage of job (MB)
	154712  -  ResidentSetSize of job (KB)
...
005 (1209279.002.000) 2025-12-22 17:33:08 Job terminated.
	(1) Normal termination (return value 0)
		Usr 0 00:02:45, Sys 0 00:00:04  -  Run Remote Usage
		Usr 0 00:00:00, Sys 0 00:00:00  -  Run Local Usage
		Usr 0 00:02:45, Sys 0 00:00:04  -  Total Remote Usage
		Usr 0 00:00:00, Sys 0 00:00:00  -  Total Local Usage
	0  -  Run Bytes Sent By Job
	0  -  Run Bytes Received By Job
	0  -  Total Bytes Sent By Job
	0  -  Total Bytes Received By Job
	Partitionable Resources :    Usage  Request Allocated 
	   Cpus                 :        0        1         1 
	   Disk (KB)            :        1        1      2840 
	   GPUs                 :                           0 
	   Memory (MB)          :      152    10240     10300 
	   TimeExecute (s)      :      181                    
	   TimeSlotBusy (s)     :      181                    

	Job terminated of its own accord at 2025-12-22T08:33:08Z with exit-code 0.
...
006 (1209279.003.000) 2025-12-22 17:33:32 Image size of job updated: 2014788
	152  -  MemoryUsage of job (MB)
	154768  -  ResidentSetSize of job (KB)
...
005 (1209279.003.000) 2025-12-22 17:33:33 Job terminated.
	(1) Normal termination (return value 0)
		Usr 0 00:03:12, Sys 0 00:00:05  -  Run Remote Usage
		Usr 0 00:00:00, Sys 0 00:00:00  -  Run Local Usage
		Usr 0 00:03:12, Sys 0 00:00:05  -  Total Remote Usage
		Usr 0 00:00:00, Sys 0 00:00:00  -  Total Local Usage
	0  -  Run Bytes Sent By Job
	0  -  Run Bytes Received By Job
	0  -  Total Bytes Sent By Job
	0  -  Total Bytes Received By Job
	Partitionable Resources :    Usage  Request Allocated 
	   Cpus                 :     0.96        1         1 
	   Disk (KB)            :     1           1      4693 
	   GPUs                 :                           0 
	   Memory (MB)          :   152       10240     10300 
	   TimeExecute (s)      :   206                       
	   TimeSlotBusy (s)     :   207                       

	Job terminated of its own accord at 2025-12-22T08:33:32Z with exit-code 0.
...
