000 (1209266.000.000) 2025-12-22 16:30:44 Job submitted from host: <155.230.23.71:9618?addrs=155.230.23.71-9618+[2407-c000-c024-0-20c-29ff-fe9d-363c]-9618&alias=cms01.knu.ac.kr&noUDP&sock=schedd_1467_d186>
...
000 (1209266.001.000) 2025-12-22 16:30:44 Job submitted from host: <155.230.23.71:9618?addrs=155.230.23.71-9618+[2407-c000-c024-0-20c-29ff-fe9d-363c]-9618&alias=cms01.knu.ac.kr&noUDP&sock=schedd_1467_d186>
...
000 (1209266.002.000) 2025-12-22 16:30:44 Job submitted from host: <155.230.23.71:9618?addrs=155.230.23.71-9618+[2407-c000-c024-0-20c-29ff-fe9d-363c]-9618&alias=cms01.knu.ac.kr&noUDP&sock=schedd_1467_d186>
...
000 (1209266.003.000) 2025-12-22 16:30:44 Job submitted from host: <155.230.23.71:9618?addrs=155.230.23.71-9618+[2407-c000-c024-0-20c-29ff-fe9d-363c]-9618&alias=cms01.knu.ac.kr&noUDP&sock=schedd_1467_d186>
...
000 (1209266.004.000) 2025-12-22 16:30:44 Job submitted from host: <155.230.23.71:9618?addrs=155.230.23.71-9618+[2407-c000-c024-0-20c-29ff-fe9d-363c]-9618&alias=cms01.knu.ac.kr&noUDP&sock=schedd_1467_d186>
...
000 (1209266.005.000) 2025-12-22 16:30:44 Job submitted from host: <155.230.23.71:9618?addrs=155.230.23.71-9618+[2407-c000-c024-0-20c-29ff-fe9d-363c]-9618&alias=cms01.knu.ac.kr&noUDP&sock=schedd_1467_d186>
...
000 (1209266.006.000) 2025-12-22 16:30:44 Job submitted from host: <155.230.23.71:9618?addrs=155.230.23.71-9618+[2407-c000-c024-0-20c-29ff-fe9d-363c]-9618&alias=cms01.knu.ac.kr&noUDP&sock=schedd_1467_d186>
...
000 (1209266.007.000) 2025-12-22 16:30:44 Job submitted from host: <155.230.23.71:9618?addrs=155.230.23.71-9618+[2407-c000-c024-0-20c-29ff-fe9d-363c]-9618&alias=cms01.knu.ac.kr&noUDP&sock=schedd_1467_d186>
...
000 (1209266.008.000) 2025-12-22 16:30:44 Job submitted from host: <155.230.23.71:9618?addrs=155.230.23.71-9618+[2407-c000-c024-0-20c-29ff-fe9d-363c]-9618&alias=cms01.knu.ac.kr&noUDP&sock=schedd_1467_d186>
...
000 (1209266.009.000) 2025-12-22 16:30:44 Job submitted from host: <155.230.23.71:9618?addrs=155.230.23.71-9618+[2407-c000-c024-0-20c-29ff-fe9d-363c]-9618&alias=cms01.knu.ac.kr&noUDP&sock=schedd_1467_d186>
...
000 (1209266.010.000) 2025-12-22 16:30:44 Job submitted from host: <155.230.23.71:9618?addrs=155.230.23.71-9618+[2407-c000-c024-0-20c-29ff-fe9d-363c]-9618&alias=cms01.knu.ac.kr&noUDP&sock=schedd_1467_d186>
...
000 (1209266.011.000) 2025-12-22 16:30:44 Job submitted from host: <155.230.23.71:9618?addrs=155.230.23.71-9618+[2407-c000-c024-0-20c-29ff-fe9d-363c]-9618&alias=cms01.knu.ac.kr&noUDP&sock=schedd_1467_d186>
...
000 (1209266.012.000) 2025-12-22 16:30:44 Job submitted from host: <155.230.23.71:9618?addrs=155.230.23.71-9618+[2407-c000-c024-0-20c-29ff-fe9d-363c]-9618&alias=cms01.knu.ac.kr&noUDP&sock=schedd_1467_d186>
...
000 (1209266.013.000) 2025-12-22 16:30:44 Job submitted from host: <155.230.23.71:9618?addrs=155.230.23.71-9618+[2407-c000-c024-0-20c-29ff-fe9d-363c]-9618&alias=cms01.knu.ac.kr&noUDP&sock=schedd_1467_d186>
...
000 (1209266.014.000) 2025-12-22 16:30:44 Job submitted from host: <155.230.23.71:9618?addrs=155.230.23.71-9618+[2407-c000-c024-0-20c-29ff-fe9d-363c]-9618&alias=cms01.knu.ac.kr&noUDP&sock=schedd_1467_d186>
...
000 (1209266.015.000) 2025-12-22 16:30:44 Job submitted from host: <155.230.23.71:9618?addrs=155.230.23.71-9618+[2407-c000-c024-0-20c-29ff-fe9d-363c]-9618&alias=cms01.knu.ac.kr&noUDP&sock=schedd_1467_d186>
...
000 (1209266.016.000) 2025-12-22 16:30:44 Job submitted from host: <155.230.23.71:9618?addrs=155.230.23.71-9618+[2407-c000-c024-0-20c-29ff-fe9d-363c]-9618&alias=cms01.knu.ac.kr&noUDP&sock=schedd_1467_d186>
...
000 (1209266.017.000) 2025-12-22 16:30:44 Job submitted from host: <155.230.23.71:9618?addrs=155.230.23.71-9618+[2407-c000-c024-0-20c-29ff-fe9d-363c]-9618&alias=cms01.knu.ac.kr&noUDP&sock=schedd_1467_d186>
...
000 (1209266.018.000) 2025-12-22 16:30:44 Job submitted from host: <155.230.23.71:9618?addrs=155.230.23.71-9618+[2407-c000-c024-0-20c-29ff-fe9d-363c]-9618&alias=cms01.knu.ac.kr&noUDP&sock=schedd_1467_d186>
...
000 (1209266.019.000) 2025-12-22 16:30:44 Job submitted from host: <155.230.23.71:9618?addrs=155.230.23.71-9618+[2407-c000-c024-0-20c-29ff-fe9d-363c]-9618&alias=cms01.knu.ac.kr&noUDP&sock=schedd_1467_d186>
...
000 (1209266.020.000) 2025-12-22 16:30:44 Job submitted from host: <155.230.23.71:9618?addrs=155.230.23.71-9618+[2407-c000-c024-0-20c-29ff-fe9d-363c]-9618&alias=cms01.knu.ac.kr&noUDP&sock=schedd_1467_d186>
...
000 (1209266.021.000) 2025-12-22 16:30:44 Job submitted from host: <155.230.23.71:9618?addrs=155.230.23.71-9618+[2407-c000-c024-0-20c-29ff-fe9d-363c]-9618&alias=cms01.knu.ac.kr&noUDP&sock=schedd_1467_d186>
...
000 (1209266.022.000) 2025-12-22 16:30:44 Job submitted from host: <155.230.23.71:9618?addrs=155.230.23.71-9618+[2407-c000-c024-0-20c-29ff-fe9d-363c]-9618&alias=cms01.knu.ac.kr&noUDP&sock=schedd_1467_d186>
...
000 (1209266.023.000) 2025-12-22 16:30:44 Job submitted from host: <155.230.23.71:9618?addrs=155.230.23.71-9618+[2407-c000-c024-0-20c-29ff-fe9d-363c]-9618&alias=cms01.knu.ac.kr&noUDP&sock=schedd_1467_d186>
...
000 (1209266.024.000) 2025-12-22 16:30:44 Job submitted from host: <155.230.23.71:9618?addrs=155.230.23.71-9618+[2407-c000-c024-0-20c-29ff-fe9d-363c]-9618&alias=cms01.knu.ac.kr&noUDP&sock=schedd_1467_d186>
...
000 (1209266.025.000) 2025-12-22 16:30:44 Job submitted from host: <155.230.23.71:9618?addrs=155.230.23.71-9618+[2407-c000-c024-0-20c-29ff-fe9d-363c]-9618&alias=cms01.knu.ac.kr&noUDP&sock=schedd_1467_d186>
...
000 (1209266.026.000) 2025-12-22 16:30:44 Job submitted from host: <155.230.23.71:9618?addrs=155.230.23.71-9618+[2407-c000-c024-0-20c-29ff-fe9d-363c]-9618&alias=cms01.knu.ac.kr&noUDP&sock=schedd_1467_d186>
...
000 (1209266.027.000) 2025-12-22 16:30:44 Job submitted from host: <155.230.23.71:9618?addrs=155.230.23.71-9618+[2407-c000-c024-0-20c-29ff-fe9d-363c]-9618&alias=cms01.knu.ac.kr&noUDP&sock=schedd_1467_d186>
...
000 (1209266.028.000) 2025-12-22 16:30:44 Job submitted from host: <155.230.23.71:9618?addrs=155.230.23.71-9618+[2407-c000-c024-0-20c-29ff-fe9d-363c]-9618&alias=cms01.knu.ac.kr&noUDP&sock=schedd_1467_d186>
...
000 (1209266.029.000) 2025-12-22 16:30:44 Job submitted from host: <155.230.23.71:9618?addrs=155.230.23.71-9618+[2407-c000-c024-0-20c-29ff-fe9d-363c]-9618&alias=cms01.knu.ac.kr&noUDP&sock=schedd_1467_d186>
...
000 (1209266.030.000) 2025-12-22 16:30:44 Job submitted from host: <155.230.23.71:9618?addrs=155.230.23.71-9618+[2407-c000-c024-0-20c-29ff-fe9d-363c]-9618&alias=cms01.knu.ac.kr&noUDP&sock=schedd_1467_d186>
...
000 (1209266.031.000) 2025-12-22 16:30:44 Job submitted from host: <155.230.23.71:9618?addrs=155.230.23.71-9618+[2407-c000-c024-0-20c-29ff-fe9d-363c]-9618&alias=cms01.knu.ac.kr&noUDP&sock=schedd_1467_d186>
...
000 (1209266.032.000) 2025-12-22 16:30:44 Job submitted from host: <155.230.23.71:9618?addrs=155.230.23.71-9618+[2407-c000-c024-0-20c-29ff-fe9d-363c]-9618&alias=cms01.knu.ac.kr&noUDP&sock=schedd_1467_d186>
...
000 (1209266.033.000) 2025-12-22 16:30:44 Job submitted from host: <155.230.23.71:9618?addrs=155.230.23.71-9618+[2407-c000-c024-0-20c-29ff-fe9d-363c]-9618&alias=cms01.knu.ac.kr&noUDP&sock=schedd_1467_d186>
...
000 (1209266.034.000) 2025-12-22 16:30:44 Job submitted from host: <155.230.23.71:9618?addrs=155.230.23.71-9618+[2407-c000-c024-0-20c-29ff-fe9d-363c]-9618&alias=cms01.knu.ac.kr&noUDP&sock=schedd_1467_d186>
...
000 (1209266.035.000) 2025-12-22 16:30:44 Job submitted from host: <155.230.23.71:9618?addrs=155.230.23.71-9618+[2407-c000-c024-0-20c-29ff-fe9d-363c]-9618&alias=cms01.knu.ac.kr&noUDP&sock=schedd_1467_d186>
...
000 (1209266.036.000) 2025-12-22 16:30:44 Job submitted from host: <155.230.23.71:9618?addrs=155.230.23.71-9618+[2407-c000-c024-0-20c-29ff-fe9d-363c]-9618&alias=cms01.knu.ac.kr&noUDP&sock=schedd_1467_d186>
...
001 (1209266.000.000) 2025-12-22 17:06:00 Job executing on host: <155.230.21.137:9618?addrs=155.230.21.137-9618+[2407-c000-c025--21-137]-9618&alias=cluster337.knu.ac.kr&noUDP&sock=startd_3737_d982>
	SlotName: slot1_7@cluster337.knu.ac.kr
	CondorScratchDir = "/home/condor/dir_129629"
	Cpus = 1
	Disk = 4693
	GPUs = 0
	Memory = 10300
...
001 (1209266.002.000) 2025-12-22 17:06:02 Job executing on host: <155.230.21.155:9618?addrs=155.230.21.155-9618+[2407-c000-c025--21-155]-9618&alias=cluster355.knu.ac.kr&noUDP&sock=startd_8970_409c>
	SlotName: slot1_20@cluster355.knu.ac.kr
	CondorScratchDir = "/home/condor/dir_2014962"
	Cpus = 1
	Disk = 4673
	GPUs = 0
	Memory = 10300
...
001 (1209266.001.000) 2025-12-22 17:06:03 Job executing on host: <155.230.21.137:9618?addrs=155.230.21.137-9618+[2407-c000-c025--21-137]-9618&alias=cluster337.knu.ac.kr&noUDP&sock=startd_3737_d982>
	SlotName: slot1_30@cluster337.knu.ac.kr
	CondorScratchDir = "/home/condor/dir_129903"
	Cpus = 1
	Disk = 4693
	GPUs = 0
	Memory = 10300
...
006 (1209266.000.000) 2025-12-22 17:06:08 Image size of job updated: 127884
	125  -  MemoryUsage of job (MB)
	127884  -  ResidentSetSize of job (KB)
...
006 (1209266.002.000) 2025-12-22 17:06:11 Image size of job updated: 181264
	178  -  MemoryUsage of job (MB)
	181264  -  ResidentSetSize of job (KB)
...
006 (1209266.001.000) 2025-12-22 17:06:12 Image size of job updated: 129296
	127  -  MemoryUsage of job (MB)
	129296  -  ResidentSetSize of job (KB)
...
006 (1209266.000.000) 2025-12-22 17:06:15 Image size of job updated: 152728
	125  -  MemoryUsage of job (MB)
	127896  -  ResidentSetSize of job (KB)
...
005 (1209266.000.000) 2025-12-22 17:06:15 Job terminated.
	(1) Normal termination (return value 0)
		Usr 0 00:00:13, Sys 0 00:00:00  -  Run Remote Usage
		Usr 0 00:00:00, Sys 0 00:00:00  -  Run Local Usage
		Usr 0 00:00:13, Sys 0 00:00:00  -  Total Remote Usage
		Usr 0 00:00:00, Sys 0 00:00:00  -  Total Local Usage
	0  -  Run Bytes Sent By Job
	0  -  Run Bytes Received By Job
	0  -  Total Bytes Sent By Job
	0  -  Total Bytes Received By Job
	Partitionable Resources :    Usage  Request Allocated 
	   Cpus                 :        0        1         1 
	   Disk (KB)            :        1        1      4693 
	   GPUs                 :                           0 
	   Memory (MB)          :      125    10240     10300 
	   TimeExecute (s)      :       15                    
	   TimeSlotBusy (s)     :       15                    

	Job terminated of its own accord at 2025-12-22T08:06:15Z with exit-code 0.
...
006 (1209266.001.000) 2025-12-22 17:06:20 Image size of job updated: 154888
	127  -  MemoryUsage of job (MB)
	129308  -  ResidentSetSize of job (KB)
...
005 (1209266.001.000) 2025-12-22 17:06:20 Job terminated.
	(1) Normal termination (return value 0)
		Usr 0 00:00:14, Sys 0 00:00:00  -  Run Remote Usage
		Usr 0 00:00:00, Sys 0 00:00:00  -  Run Local Usage
		Usr 0 00:00:14, Sys 0 00:00:00  -  Total Remote Usage
		Usr 0 00:00:00, Sys 0 00:00:00  -  Total Local Usage
	0  -  Run Bytes Sent By Job
	0  -  Run Bytes Received By Job
	0  -  Total Bytes Sent By Job
	0  -  Total Bytes Received By Job
	Partitionable Resources :    Usage  Request Allocated 
	   Cpus                 :        0        1         1 
	   Disk (KB)            :        1        1      4693 
	   GPUs                 :                           0 
	   Memory (MB)          :      127    10240     10300 
	   TimeExecute (s)      :       17                    
	   TimeSlotBusy (s)     :       17                    

	Job terminated of its own accord at 2025-12-22T08:06:20Z with exit-code 0.
...
001 (1209266.004.000) 2025-12-22 17:06:21 Job executing on host: <155.230.21.126:9618?addrs=155.230.21.126-9618+[2407-c000-c025--21-126]-9618&alias=cluster326.knu.ac.kr&noUDP&sock=startd_3436_6380>
	SlotName: slot1_2@cluster326.knu.ac.kr
	CondorScratchDir = "/home/condor/dir_3695295"
	Cpus = 1
	Disk = 2820
	GPUs = 0
	Memory = 10300
...
001 (1209266.006.000) 2025-12-22 17:06:21 Job executing on host: <155.230.21.135:9618?addrs=155.230.21.135-9618+[2407-c000-c025--21-135]-9618&alias=cluster335.knu.ac.kr&noUDP&sock=startd_2528_9382>
	SlotName: slot1_13@cluster335.knu.ac.kr
	CondorScratchDir = "/home/condor/dir_1266171"
	Cpus = 1
	Disk = 2830
	GPUs = 0
	Memory = 10300
...
001 (1209266.005.000) 2025-12-22 17:06:21 Job executing on host: <155.230.21.137:9618?addrs=155.230.21.137-9618+[2407-c000-c025--21-137]-9618&alias=cluster337.knu.ac.kr&noUDP&sock=startd_3737_d982>
	SlotName: slot1_7@cluster337.knu.ac.kr
	CondorScratchDir = "/home/condor/dir_130246"
	Cpus = 1
	Disk = 4693
	GPUs = 0
	Memory = 10300
...
001 (1209266.007.000) 2025-12-22 17:06:21 Job executing on host: <155.230.21.155:9618?addrs=155.230.21.155-9618+[2407-c000-c025--21-155]-9618&alias=cluster355.knu.ac.kr&noUDP&sock=startd_8970_409c>
	SlotName: slot1_10@cluster355.knu.ac.kr
	CondorScratchDir = "/home/condor/dir_2015137"
	Cpus = 1
	Disk = 4673
	GPUs = 0
	Memory = 10300
...
001 (1209266.003.000) 2025-12-22 17:06:21 Job executing on host: <155.230.21.122:9618?addrs=155.230.21.122-9618+[2407-c000-c025--21-122]-9618&alias=cluster322.knu.ac.kr&noUDP&sock=startd_1480_bc41>
	SlotName: slot1_8@cluster322.knu.ac.kr
	CondorScratchDir = "/home/condor/dir_2228880"
	Cpus = 1
	Disk = 2831
	GPUs = 0
	Memory = 10300
...
001 (1209266.010.000) 2025-12-22 17:06:22 Job executing on host: <155.230.21.135:9618?addrs=155.230.21.135-9618+[2407-c000-c025--21-135]-9618&alias=cluster335.knu.ac.kr&noUDP&sock=startd_2528_9382>
	SlotName: slot1_20@cluster335.knu.ac.kr
	CondorScratchDir = "/home/condor/dir_1266239"
	Cpus = 1
	Disk = 2830
	GPUs = 0
	Memory = 10300
...
001 (1209266.008.000) 2025-12-22 17:06:22 Job executing on host: <155.230.21.151:9618?addrs=155.230.21.151-9618+[2407-c000-c025--21-151]-9618&alias=cluster351.knu.ac.kr&noUDP&sock=startd_3486_af3c>
	SlotName: slot1_2@cluster351.knu.ac.kr
	CondorScratchDir = "/home/condor/dir_4070893"
	Cpus = 1
	Disk = 8391
	GPUs = 0
	Memory = 10300
...
001 (1209266.011.000) 2025-12-22 17:06:22 Job executing on host: <155.230.21.155:9618?addrs=155.230.21.155-9618+[2407-c000-c025--21-155]-9618&alias=cluster355.knu.ac.kr&noUDP&sock=startd_8970_409c>
	SlotName: slot1_12@cluster355.knu.ac.kr
	CondorScratchDir = "/home/condor/dir_2015294"
	Cpus = 1
	Disk = 4673
	GPUs = 0
	Memory = 10300
...
001 (1209266.009.000) 2025-12-22 17:06:23 Job executing on host: <155.230.21.137:9618?addrs=155.230.21.137-9618+[2407-c000-c025--21-137]-9618&alias=cluster337.knu.ac.kr&noUDP&sock=startd_3737_d982>
	SlotName: slot1_30@cluster337.knu.ac.kr
	CondorScratchDir = "/home/condor/dir_130412"
	Cpus = 1
	Disk = 4693
	GPUs = 0
	Memory = 10300
...
001 (1209266.012.000) 2025-12-22 17:06:23 Job executing on host: <155.230.21.151:9618?addrs=155.230.21.151-9618+[2407-c000-c025--21-151]-9618&alias=cluster351.knu.ac.kr&noUDP&sock=startd_3486_af3c>
	SlotName: slot1_29@cluster351.knu.ac.kr
	CondorScratchDir = "/home/condor/dir_4070957"
	Cpus = 1
	Disk = 8391
	GPUs = 0
	Memory = 10300
...
006 (1209266.004.000) 2025-12-22 17:06:29 Image size of job updated: 116992
	115  -  MemoryUsage of job (MB)
	116992  -  ResidentSetSize of job (KB)
...
006 (1209266.006.000) 2025-12-22 17:06:29 Image size of job updated: 154072
	151  -  MemoryUsage of job (MB)
	154072  -  ResidentSetSize of job (KB)
...
006 (1209266.005.000) 2025-12-22 17:06:29 Image size of job updated: 154840
	152  -  MemoryUsage of job (MB)
	154840  -  ResidentSetSize of job (KB)
...
006 (1209266.007.000) 2025-12-22 17:06:29 Image size of job updated: 163376
	160  -  MemoryUsage of job (MB)
	163376  -  ResidentSetSize of job (KB)
...
006 (1209266.010.000) 2025-12-22 17:06:30 Image size of job updated: 147036
	144  -  MemoryUsage of job (MB)
	147036  -  ResidentSetSize of job (KB)
...
006 (1209266.008.000) 2025-12-22 17:06:30 Image size of job updated: 155452
	152  -  MemoryUsage of job (MB)
	155452  -  ResidentSetSize of job (KB)
...
006 (1209266.011.000) 2025-12-22 17:06:30 Image size of job updated: 172324
	169  -  MemoryUsage of job (MB)
	172324  -  ResidentSetSize of job (KB)
...
006 (1209266.003.000) 2025-12-22 17:06:30 Image size of job updated: 31720
	31  -  MemoryUsage of job (MB)
	31720  -  ResidentSetSize of job (KB)
...
006 (1209266.009.000) 2025-12-22 17:06:32 Image size of job updated: 129592
	127  -  MemoryUsage of job (MB)
	129592  -  ResidentSetSize of job (KB)
...
006 (1209266.012.000) 2025-12-22 17:06:32 Image size of job updated: 154044
	151  -  MemoryUsage of job (MB)
	154044  -  ResidentSetSize of job (KB)
...
001 (1209266.015.000) 2025-12-22 17:06:43 Job executing on host: <155.230.21.147:9618?addrs=155.230.21.147-9618+[2407-c000-c025--21-147]-9618&alias=cluster347.knu.ac.kr&noUDP&sock=startd_2481_568e>
	SlotName: slot1_6@cluster347.knu.ac.kr
	AvailableGPUs = {  }
	CondorScratchDir = "/home/condor/dir_2205309"
	Cpus = 1
	Disk = 2816
	GPUs = 0
	Memory = 10300
...
001 (1209266.016.000) 2025-12-22 17:06:44 Job executing on host: <155.230.21.126:9618?addrs=155.230.21.126-9618+[2407-c000-c025--21-126]-9618&alias=cluster326.knu.ac.kr&noUDP&sock=startd_3436_6380>
	SlotName: slot1_3@cluster326.knu.ac.kr
	CondorScratchDir = "/home/condor/dir_3695495"
	Cpus = 1
	Disk = 2820
	GPUs = 0
	Memory = 10300
...
001 (1209266.014.000) 2025-12-22 17:06:44 Job executing on host: <155.230.21.121:9618?addrs=155.230.21.121-9618+[2407-c000-c025--21-121]-9618&alias=cluster321.knu.ac.kr&noUDP&sock=startd_1650_575b>
	SlotName: slot1_5@cluster321.knu.ac.kr
	CondorScratchDir = "/home/condor/dir_2433299"
	Cpus = 1
	Disk = 2772
	GPUs = 0
	Memory = 10300
...
001 (1209266.013.000) 2025-12-22 17:06:44 Job executing on host: <155.230.20.26:9618?addrs=155.230.20.26-9618+[2407-c000-c025--20-26]-9618&alias=dm01.knu.ac.kr&noUDP&sock=startd_6650_ece3>
	SlotName: slot1_3@dm01.knu.ac.kr
	AvailableGPUs = {  }
	CondorScratchDir = "/home/condor/dir_1221118"
	Cpus = 1
	Disk = 2857
	GPUs = 0
	Memory = 10300
...
001 (1209266.018.000) 2025-12-22 17:06:45 Job executing on host: <155.230.21.135:9618?addrs=155.230.21.135-9618+[2407-c000-c025--21-135]-9618&alias=cluster335.knu.ac.kr&noUDP&sock=startd_2528_9382>
	SlotName: slot1_6@cluster335.knu.ac.kr
	CondorScratchDir = "/home/condor/dir_1266718"
	Cpus = 1
	Disk = 2830
	GPUs = 0
	Memory = 10300
...
001 (1209266.017.000) 2025-12-22 17:06:46 Job executing on host: <155.230.21.133:9618?addrs=155.230.21.133-9618+[2407-c000-c025--21-133]-9618&alias=cluster333.knu.ac.kr&noUDP&sock=startd_2525_84b9>
	SlotName: slot1_4@cluster333.knu.ac.kr
	CondorScratchDir = "/home/condor/dir_1946586"
	Cpus = 1
	Disk = 2840
	GPUs = 0
	Memory = 10300
...
001 (1209266.019.000) 2025-12-22 17:06:46 Job executing on host: <155.230.21.144:9618?addrs=155.230.21.144-9618+[2407-c000-c025--21-144]-9618&alias=cluster344.knu.ac.kr&noUDP&sock=startd_3393_e4ee>
	SlotName: slot1_7@cluster344.knu.ac.kr
	CondorScratchDir = "/home/condor/dir_220141"
	Cpus = 1
	Disk = 2829
	GPUs = 0
	Memory = 10300
...
001 (1209266.021.000) 2025-12-22 17:06:46 Job executing on host: <155.230.21.153:9618?addrs=155.230.21.153-9618+[2407-c000-c024-0-12ff-e0ff-fe03-bebe]-9618&alias=cluster353.knu.ac.kr&noUDP&sock=startd_3951_a2c6>
	SlotName: slot1_5@cluster353.knu.ac.kr
	CondorScratchDir = "/home/condor/dir_3998965"
	Cpus = 1
	Disk = 2770
	GPUs = 0
	Memory = 10300
...
001 (1209266.020.000) 2025-12-22 17:06:46 Job executing on host: <155.230.21.151:9618?addrs=155.230.21.151-9618+[2407-c000-c025--21-151]-9618&alias=cluster351.knu.ac.kr&noUDP&sock=startd_3486_af3c>
	SlotName: slot1_3@cluster351.knu.ac.kr
	CondorScratchDir = "/home/condor/dir_4071249"
	Cpus = 1
	Disk = 8391
	GPUs = 0
	Memory = 10300
...
001 (1209266.022.000) 2025-12-22 17:06:46 Job executing on host: <155.230.21.153:9618?addrs=155.230.21.153-9618+[2407-c000-c024-0-12ff-e0ff-fe03-bebe]-9618&alias=cluster353.knu.ac.kr&noUDP&sock=startd_3951_a2c6>
	SlotName: slot1_6@cluster353.knu.ac.kr
	CondorScratchDir = "/home/condor/dir_3998966"
	Cpus = 1
	Disk = 2770
	GPUs = 0
	Memory = 10300
...
001 (1209266.023.000) 2025-12-22 17:06:47 Job executing on host: <155.230.21.153:9618?addrs=155.230.21.153-9618+[2407-c000-c024-0-12ff-e0ff-fe03-bebe]-9618&alias=cluster353.knu.ac.kr&noUDP&sock=startd_3951_a2c6>
	SlotName: slot1_9@cluster353.knu.ac.kr
	CondorScratchDir = "/home/condor/dir_3999277"
	Cpus = 1
	Disk = 2770
	GPUs = 0
	Memory = 10300
...
001 (1209266.024.000) 2025-12-22 17:06:47 Job executing on host: <155.230.21.153:9618?addrs=155.230.21.153-9618+[2407-c000-c024-0-12ff-e0ff-fe03-bebe]-9618&alias=cluster353.knu.ac.kr&noUDP&sock=startd_3951_a2c6>
	SlotName: slot1_11@cluster353.knu.ac.kr
	CondorScratchDir = "/home/condor/dir_3999280"
	Cpus = 1
	Disk = 2770
	GPUs = 0
	Memory = 10300
...
006 (1209266.015.000) 2025-12-22 17:06:51 Image size of job updated: 165600
	162  -  MemoryUsage of job (MB)
	165600  -  ResidentSetSize of job (KB)
...
006 (1209266.016.000) 2025-12-22 17:06:53 Image size of job updated: 128656
	126  -  MemoryUsage of job (MB)
	128656  -  ResidentSetSize of job (KB)
...
006 (1209266.014.000) 2025-12-22 17:06:53 Image size of job updated: 119708
	117  -  MemoryUsage of job (MB)
	119708  -  ResidentSetSize of job (KB)
...
006 (1209266.013.000) 2025-12-22 17:06:53 Image size of job updated: 125272
	123  -  MemoryUsage of job (MB)
	125272  -  ResidentSetSize of job (KB)
...
006 (1209266.018.000) 2025-12-22 17:06:54 Image size of job updated: 154980
	152  -  MemoryUsage of job (MB)
	154980  -  ResidentSetSize of job (KB)
...
006 (1209266.017.000) 2025-12-22 17:06:54 Image size of job updated: 154256
	151  -  MemoryUsage of job (MB)
	154256  -  ResidentSetSize of job (KB)
...
006 (1209266.019.000) 2025-12-22 17:06:54 Image size of job updated: 130744
	128  -  MemoryUsage of job (MB)
	130744  -  ResidentSetSize of job (KB)
...
006 (1209266.021.000) 2025-12-22 17:06:54 Image size of job updated: 176812
	173  -  MemoryUsage of job (MB)
	176812  -  ResidentSetSize of job (KB)
...
006 (1209266.022.000) 2025-12-22 17:06:54 Image size of job updated: 154596
	151  -  MemoryUsage of job (MB)
	154596  -  ResidentSetSize of job (KB)
...
006 (1209266.020.000) 2025-12-22 17:06:54 Image size of job updated: 154448
	151  -  MemoryUsage of job (MB)
	154448  -  ResidentSetSize of job (KB)
...
006 (1209266.023.000) 2025-12-22 17:06:56 Image size of job updated: 187808
	184  -  MemoryUsage of job (MB)
	187808  -  ResidentSetSize of job (KB)
...
006 (1209266.024.000) 2025-12-22 17:06:56 Image size of job updated: 181536
	178  -  MemoryUsage of job (MB)
	181536  -  ResidentSetSize of job (KB)
...
001 (1209266.025.000) 2025-12-22 17:06:59 Job executing on host: <155.230.21.135:9618?addrs=155.230.21.135-9618+[2407-c000-c025--21-135]-9618&alias=cluster335.knu.ac.kr&noUDP&sock=startd_2528_9382>
	SlotName: slot1_12@cluster335.knu.ac.kr
	CondorScratchDir = "/home/condor/dir_1266896"
	Cpus = 1
	Disk = 2830
	GPUs = 0
	Memory = 10300
...
001 (1209266.026.000) 2025-12-22 17:07:00 Job executing on host: <155.230.21.151:9618?addrs=155.230.21.151-9618+[2407-c000-c025--21-151]-9618&alias=cluster351.knu.ac.kr&noUDP&sock=startd_3486_af3c>
	SlotName: slot1_13@cluster351.knu.ac.kr
	CondorScratchDir = "/home/condor/dir_4071427"
	Cpus = 1
	Disk = 8391
	GPUs = 0
	Memory = 10300
...
006 (1209266.002.000) 2025-12-22 17:07:01 Image size of job updated: 1132836
	178  -  MemoryUsage of job (MB)
	181264  -  ResidentSetSize of job (KB)
...
005 (1209266.002.000) 2025-12-22 17:07:01 Job terminated.
	(1) Normal termination (return value 0)
		Usr 0 00:00:55, Sys 0 00:00:01  -  Run Remote Usage
		Usr 0 00:00:00, Sys 0 00:00:00  -  Run Local Usage
		Usr 0 00:00:55, Sys 0 00:00:01  -  Total Remote Usage
		Usr 0 00:00:00, Sys 0 00:00:00  -  Total Local Usage
	0  -  Run Bytes Sent By Job
	0  -  Run Bytes Received By Job
	0  -  Total Bytes Sent By Job
	0  -  Total Bytes Received By Job
	Partitionable Resources :    Usage  Request Allocated 
	   Cpus                 :        0        1         1 
	   Disk (KB)            :        1        1      4673 
	   GPUs                 :                           0 
	   Memory (MB)          :      178    10240     10300 
	   TimeExecute (s)      :       59                    
	   TimeSlotBusy (s)     :       59                    

	Job terminated of its own accord at 2025-12-22T08:07:01Z with exit-code 0.
...
001 (1209266.028.000) 2025-12-22 17:07:05 Job executing on host: <155.230.21.135:9618?addrs=155.230.21.135-9618+[2407-c000-c025--21-135]-9618&alias=cluster335.knu.ac.kr&noUDP&sock=startd_2528_9382>
	SlotName: slot1_10@cluster335.knu.ac.kr
	CondorScratchDir = "/home/condor/dir_1267079"
	Cpus = 1
	Disk = 2830
	GPUs = 0
	Memory = 10300
...
001 (1209266.027.000) 2025-12-22 17:07:06 Job executing on host: <155.230.20.26:9618?addrs=155.230.20.26-9618+[2407-c000-c025--20-26]-9618&alias=dm01.knu.ac.kr&noUDP&sock=startd_6650_ece3>
	SlotName: slot1_8@dm01.knu.ac.kr
	AvailableGPUs = {  }
	CondorScratchDir = "/home/condor/dir_1221473"
	Cpus = 1
	Disk = 2857
	GPUs = 0
	Memory = 10300
...
001 (1209266.029.000) 2025-12-22 17:07:06 Job executing on host: <155.230.21.155:9618?addrs=155.230.21.155-9618+[2407-c000-c025--21-155]-9618&alias=cluster355.knu.ac.kr&noUDP&sock=startd_8970_409c>
	SlotName: slot1_16@cluster355.knu.ac.kr
	CondorScratchDir = "/home/condor/dir_2015505"
	Cpus = 1
	Disk = 4673
	GPUs = 0
	Memory = 10300
...
001 (1209266.031.000) 2025-12-22 17:07:06 Job executing on host: <155.230.21.155:9618?addrs=155.230.21.155-9618+[2407-c000-c025--21-155]-9618&alias=cluster355.knu.ac.kr&noUDP&sock=startd_8970_409c>
	SlotName: slot1_20@cluster355.knu.ac.kr
	CondorScratchDir = "/home/condor/dir_2015506"
	Cpus = 1
	Disk = 4673
	GPUs = 0
	Memory = 10300
...
001 (1209266.030.000) 2025-12-22 17:07:06 Job executing on host: <155.230.21.148:9618?addrs=155.230.21.148-9618+[2407-c000-c025--21-148]-9618&alias=cluster348.knu.ac.kr&noUDP&sock=startd_2894_9f2b>
	SlotName: slot1_2@cluster348.knu.ac.kr
	CondorScratchDir = "/home/condor/dir_785490"
	Cpus = 1
	Disk = 2048
	GPUs = 0
	Memory = 10300
...
006 (1209266.023.000) 2025-12-22 17:07:07 Image size of job updated: 413788
	184  -  MemoryUsage of job (MB)
	187880  -  ResidentSetSize of job (KB)
...
005 (1209266.023.000) 2025-12-22 17:07:07 Job terminated.
	(1) Normal termination (return value 0)
		Usr 0 00:00:19, Sys 0 00:00:00  -  Run Remote Usage
		Usr 0 00:00:00, Sys 0 00:00:00  -  Run Local Usage
		Usr 0 00:00:19, Sys 0 00:00:00  -  Total Remote Usage
		Usr 0 00:00:00, Sys 0 00:00:00  -  Total Local Usage
	0  -  Run Bytes Sent By Job
	0  -  Run Bytes Received By Job
	0  -  Total Bytes Sent By Job
	0  -  Total Bytes Received By Job
	Partitionable Resources :    Usage  Request Allocated 
	   Cpus                 :        0        1         1 
	   Disk (KB)            :        1        1      2770 
	   GPUs                 :                           0 
	   Memory (MB)          :      184    10240     10300 
	   TimeExecute (s)      :       20                    
	   TimeSlotBusy (s)     :       20                    

	Job terminated of its own accord at 2025-12-22T08:07:07Z with exit-code 0.
...
006 (1209266.025.000) 2025-12-22 17:07:08 Image size of job updated: 154224
	151  -  MemoryUsage of job (MB)
	154224  -  ResidentSetSize of job (KB)
...
006 (1209266.026.000) 2025-12-22 17:07:09 Image size of job updated: 154592
	151  -  MemoryUsage of job (MB)
	154592  -  ResidentSetSize of job (KB)
...
006 (1209266.027.000) 2025-12-22 17:07:14 Image size of job updated: 124876
	122  -  MemoryUsage of job (MB)
	124876  -  ResidentSetSize of job (KB)
...
006 (1209266.029.000) 2025-12-22 17:07:14 Image size of job updated: 156240
	153  -  MemoryUsage of job (MB)
	156240  -  ResidentSetSize of job (KB)
...
006 (1209266.031.000) 2025-12-22 17:07:14 Image size of job updated: 161812
	159  -  MemoryUsage of job (MB)
	161812  -  ResidentSetSize of job (KB)
...
006 (1209266.030.000) 2025-12-22 17:07:14 Image size of job updated: 154148
	151  -  MemoryUsage of job (MB)
	154148  -  ResidentSetSize of job (KB)
...
006 (1209266.028.000) 2025-12-22 17:07:14 Image size of job updated: 153524
	150  -  MemoryUsage of job (MB)
	153524  -  ResidentSetSize of job (KB)
...
006 (1209266.010.000) 2025-12-22 17:07:25 Image size of job updated: 723912
	145  -  MemoryUsage of job (MB)
	147556  -  ResidentSetSize of job (KB)
...
005 (1209266.010.000) 2025-12-22 17:07:25 Job terminated.
	(1) Normal termination (return value 0)
		Usr 0 00:01:00, Sys 0 00:00:01  -  Run Remote Usage
		Usr 0 00:00:00, Sys 0 00:00:00  -  Run Local Usage
		Usr 0 00:01:00, Sys 0 00:00:01  -  Total Remote Usage
		Usr 0 00:00:00, Sys 0 00:00:00  -  Total Local Usage
	0  -  Run Bytes Sent By Job
	0  -  Run Bytes Received By Job
	0  -  Total Bytes Sent By Job
	0  -  Total Bytes Received By Job
	Partitionable Resources :    Usage  Request Allocated 
	   Cpus                 :        0        1         1 
	   Disk (KB)            :        1        1      2830 
	   GPUs                 :                           0 
	   Memory (MB)          :      145    10240     10300 
	   TimeExecute (s)      :       63                    
	   TimeSlotBusy (s)     :       63                    

	Job terminated of its own accord at 2025-12-22T08:07:25Z with exit-code 0.
...
001 (1209266.034.000) 2025-12-22 17:07:27 Job executing on host: <155.230.21.153:9618?addrs=155.230.21.153-9618+[2407-c000-c024-0-12ff-e0ff-fe03-bebe]-9618&alias=cluster353.knu.ac.kr&noUDP&sock=startd_3951_a2c6>
	SlotName: slot1_4@cluster353.knu.ac.kr
	CondorScratchDir = "/home/condor/dir_4000000"
	Cpus = 1
	Disk = 2770
	GPUs = 0
	Memory = 10300
...
001 (1209266.033.000) 2025-12-22 17:07:27 Job executing on host: <155.230.21.147:9618?addrs=155.230.21.147-9618+[2407-c000-c025--21-147]-9618&alias=cluster347.knu.ac.kr&noUDP&sock=startd_2481_568e>
	SlotName: slot1_2@cluster347.knu.ac.kr
	AvailableGPUs = {  }
	CondorScratchDir = "/home/condor/dir_2205686"
	Cpus = 1
	Disk = 2816
	GPUs = 0
	Memory = 10300
...
001 (1209266.035.000) 2025-12-22 17:07:27 Job executing on host: <155.230.21.151:9618?addrs=155.230.21.151-9618+[2407-c000-c025--21-151]-9618&alias=cluster351.knu.ac.kr&noUDP&sock=startd_3486_af3c>
	SlotName: slot1_36@cluster351.knu.ac.kr
	CondorScratchDir = "/home/condor/dir_4071780"
	Cpus = 1
	Disk = 8391
	GPUs = 0
	Memory = 10300
...
001 (1209266.036.000) 2025-12-22 17:07:28 Job executing on host: <155.230.21.153:9618?addrs=155.230.21.153-9618+[2407-c000-c024-0-12ff-e0ff-fe03-bebe]-9618&alias=cluster353.knu.ac.kr&noUDP&sock=startd_3951_a2c6>
	SlotName: slot1_9@cluster353.knu.ac.kr
	CondorScratchDir = "/home/condor/dir_4000096"
	Cpus = 1
	Disk = 2770
	GPUs = 0
	Memory = 10300
...
001 (1209266.032.000) 2025-12-22 17:07:28 Job executing on host: <155.230.21.89:9618?addrs=155.230.21.89-9618+[2407-c000-c025--21-89]-9618&alias=cluster289.knu.ac.kr&noUDP&sock=startd_1249_49e0>
	SlotName: slot1_5@cluster289.knu.ac.kr
	CondorScratchDir = "/home/condor/dir_3351768"
	Cpus = 1
	Disk = 2820
	GPUs = 0
	Memory = 10300
...
006 (1209266.015.000) 2025-12-22 17:07:33 Image size of job updated: 1041064
	162  -  MemoryUsage of job (MB)
	165628  -  ResidentSetSize of job (KB)
...
005 (1209266.015.000) 2025-12-22 17:07:33 Job terminated.
	(1) Normal termination (return value 0)
		Usr 0 00:00:47, Sys 0 00:00:01  -  Run Remote Usage
		Usr 0 00:00:00, Sys 0 00:00:00  -  Run Local Usage
		Usr 0 00:00:47, Sys 0 00:00:01  -  Total Remote Usage
		Usr 0 00:00:00, Sys 0 00:00:00  -  Total Local Usage
	0  -  Run Bytes Sent By Job
	0  -  Run Bytes Received By Job
	0  -  Total Bytes Sent By Job
	0  -  Total Bytes Received By Job
	Partitionable Resources :    Usage  Request Allocated 
	   Cpus                 :        0        1         1 
	   Disk (KB)            :        1        1      2816 
	   GPUs                 :                           0 
	   Memory (MB)          :      162    10240     10300 
	   TimeExecute (s)      :       50                    
	   TimeSlotBusy (s)     :       50                    

	Job terminated of its own accord at 2025-12-22T08:07:33Z with exit-code 0.
...
006 (1209266.034.000) 2025-12-22 17:07:36 Image size of job updated: 172332
	169  -  MemoryUsage of job (MB)
	172332  -  ResidentSetSize of job (KB)
...
006 (1209266.033.000) 2025-12-22 17:07:36 Image size of job updated: 187092
	183  -  MemoryUsage of job (MB)
	187092  -  ResidentSetSize of job (KB)
...
006 (1209266.035.000) 2025-12-22 17:07:36 Image size of job updated: 154948
	152  -  MemoryUsage of job (MB)
	154948  -  ResidentSetSize of job (KB)
...
006 (1209266.032.000) 2025-12-22 17:07:37 Image size of job updated: 15344
	10  -  MemoryUsage of job (MB)
	10040  -  ResidentSetSize of job (KB)
...
006 (1209266.036.000) 2025-12-22 17:07:37 Image size of job updated: 183204
	179  -  MemoryUsage of job (MB)
	183204  -  ResidentSetSize of job (KB)
...
006 (1209266.007.000) 2025-12-22 17:07:58 Image size of job updated: 1877168
	160  -  MemoryUsage of job (MB)
	163376  -  ResidentSetSize of job (KB)
...
005 (1209266.007.000) 2025-12-22 17:07:58 Job terminated.
	(1) Normal termination (return value 0)
		Usr 0 00:01:32, Sys 0 00:00:02  -  Run Remote Usage
		Usr 0 00:00:00, Sys 0 00:00:00  -  Run Local Usage
		Usr 0 00:01:32, Sys 0 00:00:02  -  Total Remote Usage
		Usr 0 00:00:00, Sys 0 00:00:00  -  Total Local Usage
	0  -  Run Bytes Sent By Job
	0  -  Run Bytes Received By Job
	0  -  Total Bytes Sent By Job
	0  -  Total Bytes Received By Job
	Partitionable Resources :    Usage  Request Allocated 
	   Cpus                 :     0.97        1         1 
	   Disk (KB)            :     1           1      4673 
	   GPUs                 :                           0 
	   Memory (MB)          :   160       10240     10300 
	   TimeExecute (s)      :    97                       
	   TimeSlotBusy (s)     :    97                       

	Job terminated of its own accord at 2025-12-22T08:07:58Z with exit-code 0.
...
006 (1209266.024.000) 2025-12-22 17:08:02 Image size of job updated: 1532920
	178  -  MemoryUsage of job (MB)
	181584  -  ResidentSetSize of job (KB)
...
005 (1209266.024.000) 2025-12-22 17:08:02 Job terminated.
	(1) Normal termination (return value 0)
		Usr 0 00:01:11, Sys 0 00:00:01  -  Run Remote Usage
		Usr 0 00:00:00, Sys 0 00:00:00  -  Run Local Usage
		Usr 0 00:01:11, Sys 0 00:00:01  -  Total Remote Usage
		Usr 0 00:00:00, Sys 0 00:00:00  -  Total Local Usage
	0  -  Run Bytes Sent By Job
	0  -  Run Bytes Received By Job
	0  -  Total Bytes Sent By Job
	0  -  Total Bytes Received By Job
	Partitionable Resources :    Usage  Request Allocated 
	   Cpus                 :        0        1         1 
	   Disk (KB)            :        1        1      2770 
	   GPUs                 :                           0 
	   Memory (MB)          :      178    10240     10300 
	   TimeExecute (s)      :       75                    
	   TimeSlotBusy (s)     :       75                    

	Job terminated of its own accord at 2025-12-22T08:08:02Z with exit-code 0.
...
006 (1209266.012.000) 2025-12-22 17:08:07 Image size of job updated: 1714428
	151  -  MemoryUsage of job (MB)
	154044  -  ResidentSetSize of job (KB)
...
005 (1209266.012.000) 2025-12-22 17:08:07 Job terminated.
	(1) Normal termination (return value 0)
		Usr 0 00:01:37, Sys 0 00:00:03  -  Run Remote Usage
		Usr 0 00:00:00, Sys 0 00:00:00  -  Run Local Usage
		Usr 0 00:01:37, Sys 0 00:00:03  -  Total Remote Usage
		Usr 0 00:00:00, Sys 0 00:00:00  -  Total Local Usage
	0  -  Run Bytes Sent By Job
	0  -  Run Bytes Received By Job
	0  -  Total Bytes Sent By Job
	0  -  Total Bytes Received By Job
	Partitionable Resources :    Usage  Request Allocated 
	   Cpus                 :        0        1         1 
	   Disk (KB)            :        1        1      8391 
	   GPUs                 :                           0 
	   Memory (MB)          :      151    10240     10300 
	   TimeExecute (s)      :      104                    
	   TimeSlotBusy (s)     :      104                    

	Job terminated of its own accord at 2025-12-22T08:08:07Z with exit-code 0.
...
006 (1209266.006.000) 2025-12-22 17:08:13 Image size of job updated: 1474392
	151  -  MemoryUsage of job (MB)
	154072  -  ResidentSetSize of job (KB)
...
005 (1209266.006.000) 2025-12-22 17:08:13 Job terminated.
	(1) Normal termination (return value 0)
		Usr 0 00:01:47, Sys 0 00:00:02  -  Run Remote Usage
		Usr 0 00:00:00, Sys 0 00:00:00  -  Run Local Usage
		Usr 0 00:01:47, Sys 0 00:00:02  -  Total Remote Usage
		Usr 0 00:00:00, Sys 0 00:00:00  -  Total Local Usage
	0  -  Run Bytes Sent By Job
	0  -  Run Bytes Received By Job
	0  -  Total Bytes Sent By Job
	0  -  Total Bytes Received By Job
	Partitionable Resources :    Usage  Request Allocated 
	   Cpus                 :        0        1         1 
	   Disk (KB)            :        1        1      2830 
	   GPUs                 :                           0 
	   Memory (MB)          :      151    10240     10300 
	   TimeExecute (s)      :      112                    
	   TimeSlotBusy (s)     :      112                    

	Job terminated of its own accord at 2025-12-22T08:08:13Z with exit-code 0.
...
006 (1209266.028.000) 2025-12-22 17:08:14 Image size of job updated: 845704
	150  -  MemoryUsage of job (MB)
	153524  -  ResidentSetSize of job (KB)
...
005 (1209266.028.000) 2025-12-22 17:08:14 Job terminated.
	(1) Normal termination (return value 0)
		Usr 0 00:01:04, Sys 0 00:00:01  -  Run Remote Usage
		Usr 0 00:00:00, Sys 0 00:00:00  -  Run Local Usage
		Usr 0 00:01:04, Sys 0 00:00:01  -  Total Remote Usage
		Usr 0 00:00:00, Sys 0 00:00:00  -  Total Local Usage
	0  -  Run Bytes Sent By Job
	0  -  Run Bytes Received By Job
	0  -  Total Bytes Sent By Job
	0  -  Total Bytes Received By Job
	Partitionable Resources :    Usage  Request Allocated 
	   Cpus                 :        0        1         1 
	   Disk (KB)            :        1        1      2830 
	   GPUs                 :                           0 
	   Memory (MB)          :      150    10240     10300 
	   TimeExecute (s)      :       69                    
	   TimeSlotBusy (s)     :       69                    

	Job terminated of its own accord at 2025-12-22T08:08:14Z with exit-code 0.
...
006 (1209266.034.000) 2025-12-22 17:08:27 Image size of job updated: 1122332
	169  -  MemoryUsage of job (MB)
	172332  -  ResidentSetSize of job (KB)
...
005 (1209266.034.000) 2025-12-22 17:08:29 Job terminated.
	(1) Normal termination (return value 0)
		Usr 0 00:00:55, Sys 0 00:00:01  -  Run Remote Usage
		Usr 0 00:00:00, Sys 0 00:00:00  -  Run Local Usage
		Usr 0 00:00:55, Sys 0 00:00:01  -  Total Remote Usage
		Usr 0 00:00:00, Sys 0 00:00:00  -  Total Local Usage
	0  -  Run Bytes Sent By Job
	0  -  Run Bytes Received By Job
	0  -  Total Bytes Sent By Job
	0  -  Total Bytes Received By Job
	Partitionable Resources :    Usage  Request Allocated 
	   Cpus                 :     0.98        1         1 
	   Disk (KB)            :     1           1      2770 
	   GPUs                 :                           0 
	   Memory (MB)          :   169       10240     10300 
	   TimeExecute (s)      :    60                       
	   TimeSlotBusy (s)     :    61                       

	Job terminated of its own accord at 2025-12-22T08:08:27Z with exit-code 0.
...
006 (1209266.022.000) 2025-12-22 17:08:33 Image size of job updated: 2043640
	151  -  MemoryUsage of job (MB)
	154596  -  ResidentSetSize of job (KB)
...
005 (1209266.022.000) 2025-12-22 17:08:33 Job terminated.
	(1) Normal termination (return value 0)
		Usr 0 00:01:42, Sys 0 00:00:02  -  Run Remote Usage
		Usr 0 00:00:00, Sys 0 00:00:00  -  Run Local Usage
		Usr 0 00:01:42, Sys 0 00:00:02  -  Total Remote Usage
		Usr 0 00:00:00, Sys 0 00:00:00  -  Total Local Usage
	0  -  Run Bytes Sent By Job
	0  -  Run Bytes Received By Job
	0  -  Total Bytes Sent By Job
	0  -  Total Bytes Received By Job
	Partitionable Resources :    Usage  Request Allocated 
	   Cpus                 :     0.97        1         1 
	   Disk (KB)            :     1           1      2770 
	   GPUs                 :                           0 
	   Memory (MB)          :   151       10240     10300 
	   TimeExecute (s)      :   107                       
	   TimeSlotBusy (s)     :   107                       

	Job terminated of its own accord at 2025-12-22T08:08:33Z with exit-code 0.
...
006 (1209266.011.000) 2025-12-22 17:08:35 Image size of job updated: 2638120
	169  -  MemoryUsage of job (MB)
	172324  -  ResidentSetSize of job (KB)
...
005 (1209266.011.000) 2025-12-22 17:08:35 Job terminated.
	(1) Normal termination (return value 0)
		Usr 0 00:02:06, Sys 0 00:00:02  -  Run Remote Usage
		Usr 0 00:00:00, Sys 0 00:00:00  -  Run Local Usage
		Usr 0 00:02:06, Sys 0 00:00:02  -  Total Remote Usage
		Usr 0 00:00:00, Sys 0 00:00:00  -  Total Local Usage
	0  -  Run Bytes Sent By Job
	0  -  Run Bytes Received By Job
	0  -  Total Bytes Sent By Job
	0  -  Total Bytes Received By Job
	Partitionable Resources :    Usage  Request Allocated 
	   Cpus                 :     0.97        1         1 
	   Disk (KB)            :     1           1      4673 
	   GPUs                 :                           0 
	   Memory (MB)          :   169       10240     10300 
	   TimeExecute (s)      :   133                       
	   TimeSlotBusy (s)     :   133                       

	Job terminated of its own accord at 2025-12-22T08:08:35Z with exit-code 0.
...
006 (1209266.014.000) 2025-12-22 17:08:37 Image size of job updated: 859724
	117  -  MemoryUsage of job (MB)
	119716  -  ResidentSetSize of job (KB)
...
005 (1209266.014.000) 2025-12-22 17:08:37 Job terminated.
	(1) Normal termination (return value 0)
		Usr 0 00:01:48, Sys 0 00:00:03  -  Run Remote Usage
		Usr 0 00:00:00, Sys 0 00:00:00  -  Run Local Usage
		Usr 0 00:01:48, Sys 0 00:00:03  -  Total Remote Usage
		Usr 0 00:00:00, Sys 0 00:00:00  -  Total Local Usage
	0  -  Run Bytes Sent By Job
	0  -  Run Bytes Received By Job
	0  -  Total Bytes Sent By Job
	0  -  Total Bytes Received By Job
	Partitionable Resources :    Usage  Request Allocated 
	   Cpus                 :        0        1         1 
	   Disk (KB)            :        1        1      2772 
	   GPUs                 :                           0 
	   Memory (MB)          :      117    10240     10300 
	   TimeExecute (s)      :      113                    
	   TimeSlotBusy (s)     :      113                    

	Job terminated of its own accord at 2025-12-22T08:08:37Z with exit-code 0.
...
006 (1209266.029.000) 2025-12-22 17:08:41 Image size of job updated: 1689716
	153  -  MemoryUsage of job (MB)
	156240  -  ResidentSetSize of job (KB)
...
005 (1209266.029.000) 2025-12-22 17:08:41 Job terminated.
	(1) Normal termination (return value 0)
		Usr 0 00:01:30, Sys 0 00:00:02  -  Run Remote Usage
		Usr 0 00:00:00, Sys 0 00:00:00  -  Run Local Usage
		Usr 0 00:01:30, Sys 0 00:00:02  -  Total Remote Usage
		Usr 0 00:00:00, Sys 0 00:00:00  -  Total Local Usage
	0  -  Run Bytes Sent By Job
	0  -  Run Bytes Received By Job
	0  -  Total Bytes Sent By Job
	0  -  Total Bytes Received By Job
	Partitionable Resources :    Usage  Request Allocated 
	   Cpus                 :     0.99        1         1 
	   Disk (KB)            :     1           1      4673 
	   GPUs                 :                           0 
	   Memory (MB)          :   153       10240     10300 
	   TimeExecute (s)      :    95                       
	   TimeSlotBusy (s)     :    95                       

	Job terminated of its own accord at 2025-12-22T08:08:41Z with exit-code 0.
...
006 (1209266.021.000) 2025-12-22 17:08:45 Image size of job updated: 2522756
	173  -  MemoryUsage of job (MB)
	176812  -  ResidentSetSize of job (KB)
...
006 (1209266.020.000) 2025-12-22 17:08:45 Image size of job updated: 1890276
	151  -  MemoryUsage of job (MB)
	154448  -  ResidentSetSize of job (KB)
...
005 (1209266.021.000) 2025-12-22 17:08:46 Job terminated.
	(1) Normal termination (return value 0)
		Usr 0 00:01:52, Sys 0 00:00:02  -  Run Remote Usage
		Usr 0 00:00:00, Sys 0 00:00:00  -  Run Local Usage
		Usr 0 00:01:52, Sys 0 00:00:02  -  Total Remote Usage
		Usr 0 00:00:00, Sys 0 00:00:00  -  Total Local Usage
	0  -  Run Bytes Sent By Job
	0  -  Run Bytes Received By Job
	0  -  Total Bytes Sent By Job
	0  -  Total Bytes Received By Job
	Partitionable Resources :    Usage  Request Allocated 
	   Cpus                 :     0.98        1         1 
	   Disk (KB)            :     1           1      2770 
	   GPUs                 :                           0 
	   Memory (MB)          :   173       10240     10300 
	   TimeExecute (s)      :   119                       
	   TimeSlotBusy (s)     :   120                       

	Job terminated of its own accord at 2025-12-22T08:08:45Z with exit-code 0.
...
005 (1209266.020.000) 2025-12-22 17:08:46 Job terminated.
	(1) Normal termination (return value 0)
		Usr 0 00:01:52, Sys 0 00:00:02  -  Run Remote Usage
		Usr 0 00:00:00, Sys 0 00:00:00  -  Run Local Usage
		Usr 0 00:01:52, Sys 0 00:00:02  -  Total Remote Usage
		Usr 0 00:00:00, Sys 0 00:00:00  -  Total Local Usage
	0  -  Run Bytes Sent By Job
	0  -  Run Bytes Received By Job
	0  -  Total Bytes Sent By Job
	0  -  Total Bytes Received By Job
	Partitionable Resources :    Usage  Request Allocated 
	   Cpus                 :        0        1         1 
	   Disk (KB)            :        1        1      8391 
	   GPUs                 :                           0 
	   Memory (MB)          :      151    10240     10300 
	   TimeExecute (s)      :      119                    
	   TimeSlotBusy (s)     :      120                    

	Job terminated of its own accord at 2025-12-22T08:08:45Z with exit-code 0.
...
006 (1209266.031.000) 2025-12-22 17:08:47 Image size of job updated: 2025148
	159  -  MemoryUsage of job (MB)
	161892  -  ResidentSetSize of job (KB)
...
005 (1209266.031.000) 2025-12-22 17:08:47 Job terminated.
	(1) Normal termination (return value 0)
		Usr 0 00:01:36, Sys 0 00:00:02  -  Run Remote Usage
		Usr 0 00:00:00, Sys 0 00:00:00  -  Run Local Usage
		Usr 0 00:01:36, Sys 0 00:00:02  -  Total Remote Usage
		Usr 0 00:00:00, Sys 0 00:00:00  -  Total Local Usage
	0  -  Run Bytes Sent By Job
	0  -  Run Bytes Received By Job
	0  -  Total Bytes Sent By Job
	0  -  Total Bytes Received By Job
	Partitionable Resources :    Usage  Request Allocated 
	   Cpus                 :     0.98        1         1 
	   Disk (KB)            :     1           1      4673 
	   GPUs                 :                           0 
	   Memory (MB)          :   159       10240     10300 
	   TimeExecute (s)      :   101                       
	   TimeSlotBusy (s)     :   101                       

	Job terminated of its own accord at 2025-12-22T08:08:47Z with exit-code 0.
...
006 (1209266.017.000) 2025-12-22 17:08:49 Image size of job updated: 1749860
	151  -  MemoryUsage of job (MB)
	154256  -  ResidentSetSize of job (KB)
...
005 (1209266.017.000) 2025-12-22 17:08:49 Job terminated.
	(1) Normal termination (return value 0)
		Usr 0 00:01:56, Sys 0 00:00:03  -  Run Remote Usage
		Usr 0 00:00:00, Sys 0 00:00:00  -  Run Local Usage
		Usr 0 00:01:56, Sys 0 00:00:03  -  Total Remote Usage
		Usr 0 00:00:00, Sys 0 00:00:00  -  Total Local Usage
	0  -  Run Bytes Sent By Job
	0  -  Run Bytes Received By Job
	0  -  Total Bytes Sent By Job
	0  -  Total Bytes Received By Job
	Partitionable Resources :    Usage  Request Allocated 
	   Cpus                 :     0.98        1         1 
	   Disk (KB)            :     1           1      2840 
	   GPUs                 :                           0 
	   Memory (MB)          :   151       10240     10300 
	   TimeExecute (s)      :   123                       
	   TimeSlotBusy (s)     :   124                       

	Job terminated of its own accord at 2025-12-22T08:08:49Z with exit-code 0.
...
006 (1209266.025.000) 2025-12-22 17:08:50 Image size of job updated: 1586088
	151  -  MemoryUsage of job (MB)
	154224  -  ResidentSetSize of job (KB)
...
005 (1209266.025.000) 2025-12-22 17:08:50 Job terminated.
	(1) Normal termination (return value 0)
		Usr 0 00:01:45, Sys 0 00:00:02  -  Run Remote Usage
		Usr 0 00:00:00, Sys 0 00:00:00  -  Run Local Usage
		Usr 0 00:01:45, Sys 0 00:00:02  -  Total Remote Usage
		Usr 0 00:00:00, Sys 0 00:00:00  -  Total Local Usage
	0  -  Run Bytes Sent By Job
	0  -  Run Bytes Received By Job
	0  -  Total Bytes Sent By Job
	0  -  Total Bytes Received By Job
	Partitionable Resources :    Usage  Request Allocated 
	   Cpus                 :        0        1         1 
	   Disk (KB)            :        1        1      2830 
	   GPUs                 :                           0 
	   Memory (MB)          :      151    10240     10300 
	   TimeExecute (s)      :      111                    
	   TimeSlotBusy (s)     :      111                    

	Job terminated of its own accord at 2025-12-22T08:08:50Z with exit-code 0.
...
006 (1209266.030.000) 2025-12-22 17:09:02 Image size of job updated: 1582092
	151  -  MemoryUsage of job (MB)
	154148  -  ResidentSetSize of job (KB)
...
005 (1209266.030.000) 2025-12-22 17:09:02 Job terminated.
	(1) Normal termination (return value 0)
		Usr 0 00:01:49, Sys 0 00:00:02  -  Run Remote Usage
		Usr 0 00:00:00, Sys 0 00:00:00  -  Run Local Usage
		Usr 0 00:01:49, Sys 0 00:00:02  -  Total Remote Usage
		Usr 0 00:00:00, Sys 0 00:00:00  -  Total Local Usage
	0  -  Run Bytes Sent By Job
	0  -  Run Bytes Received By Job
	0  -  Total Bytes Sent By Job
	0  -  Total Bytes Received By Job
	Partitionable Resources :    Usage  Request Allocated 
	   Cpus                 :        0        1         1 
	   Disk (KB)            :        1        1      2048 
	   GPUs                 :                           0 
	   Memory (MB)          :      151    10240     10300 
	   TimeExecute (s)      :      116                    
	   TimeSlotBusy (s)     :      116                    

	Job terminated of its own accord at 2025-12-22T08:09:02Z with exit-code 0.
...
006 (1209266.026.000) 2025-12-22 17:09:03 Image size of job updated: 2022020
	151  -  MemoryUsage of job (MB)
	154592  -  ResidentSetSize of job (KB)
...
005 (1209266.026.000) 2025-12-22 17:09:03 Job terminated.
	(1) Normal termination (return value 0)
		Usr 0 00:01:55, Sys 0 00:00:02  -  Run Remote Usage
		Usr 0 00:00:00, Sys 0 00:00:00  -  Run Local Usage
		Usr 0 00:01:55, Sys 0 00:00:02  -  Total Remote Usage
		Usr 0 00:00:00, Sys 0 00:00:00  -  Total Local Usage
	0  -  Run Bytes Sent By Job
	0  -  Run Bytes Received By Job
	0  -  Total Bytes Sent By Job
	0  -  Total Bytes Received By Job
	Partitionable Resources :    Usage  Request Allocated 
	   Cpus                 :        0        1         1 
	   Disk (KB)            :        1        1      8391 
	   GPUs                 :                           0 
	   Memory (MB)          :      151    10240     10300 
	   TimeExecute (s)      :      123                    
	   TimeSlotBusy (s)     :      123                    

	Job terminated of its own accord at 2025-12-22T08:09:03Z with exit-code 0.
...
006 (1209266.005.000) 2025-12-22 17:09:19 Image size of job updated: 2420956
	152  -  MemoryUsage of job (MB)
	154840  -  ResidentSetSize of job (KB)
...
005 (1209266.005.000) 2025-12-22 17:09:19 Job terminated.
	(1) Normal termination (return value 0)
		Usr 0 00:02:48, Sys 0 00:00:03  -  Run Remote Usage
		Usr 0 00:00:00, Sys 0 00:00:00  -  Run Local Usage
		Usr 0 00:02:48, Sys 0 00:00:03  -  Total Remote Usage
		Usr 0 00:00:00, Sys 0 00:00:00  -  Total Local Usage
	0  -  Run Bytes Sent By Job
	0  -  Run Bytes Received By Job
	0  -  Total Bytes Sent By Job
	0  -  Total Bytes Received By Job
	Partitionable Resources :    Usage  Request Allocated 
	   Cpus                 :        0        1         1 
	   Disk (KB)            :        1        1      4693 
	   GPUs                 :                           0 
	   Memory (MB)          :      152    10240     10300 
	   TimeExecute (s)      :      178                    
	   TimeSlotBusy (s)     :      178                    

	Job terminated of its own accord at 2025-12-22T08:09:19Z with exit-code 0.
...
006 (1209266.033.000) 2025-12-22 17:09:20 Image size of job updated: 2207644
	183  -  MemoryUsage of job (MB)
	187112  -  ResidentSetSize of job (KB)
...
005 (1209266.033.000) 2025-12-22 17:09:20 Job terminated.
	(1) Normal termination (return value 0)
		Usr 0 00:01:46, Sys 0 00:00:02  -  Run Remote Usage
		Usr 0 00:00:00, Sys 0 00:00:00  -  Run Local Usage
		Usr 0 00:01:46, Sys 0 00:00:02  -  Total Remote Usage
		Usr 0 00:00:00, Sys 0 00:00:00  -  Total Local Usage
	0  -  Run Bytes Sent By Job
	0  -  Run Bytes Received By Job
	0  -  Total Bytes Sent By Job
	0  -  Total Bytes Received By Job
	Partitionable Resources :    Usage  Request Allocated 
	   Cpus                 :     0.98        1         1 
	   Disk (KB)            :     1           1      2816 
	   GPUs                 :                           0 
	   Memory (MB)          :   183       10240     10300 
	   TimeExecute (s)      :   113                       
	   TimeSlotBusy (s)     :   113                       

	Job terminated of its own accord at 2025-12-22T08:09:20Z with exit-code 0.
...
006 (1209266.009.000) 2025-12-22 17:09:34 Image size of job updated: 2153732
	127  -  MemoryUsage of job (MB)
	129612  -  ResidentSetSize of job (KB)
...
005 (1209266.009.000) 2025-12-22 17:09:35 Job terminated.
	(1) Normal termination (return value 0)
		Usr 0 00:03:01, Sys 0 00:00:04  -  Run Remote Usage
		Usr 0 00:00:00, Sys 0 00:00:00  -  Run Local Usage
		Usr 0 00:03:01, Sys 0 00:00:04  -  Total Remote Usage
		Usr 0 00:00:00, Sys 0 00:00:00  -  Total Local Usage
	0  -  Run Bytes Sent By Job
	0  -  Run Bytes Received By Job
	0  -  Total Bytes Sent By Job
	0  -  Total Bytes Received By Job
	Partitionable Resources :    Usage  Request Allocated 
	   Cpus                 :        0        1         1 
	   Disk (KB)            :        1        1      4693 
	   GPUs                 :                           0 
	   Memory (MB)          :      127    10240     10300 
	   TimeExecute (s)      :      191                    
	   TimeSlotBusy (s)     :      191                    

	Job terminated of its own accord at 2025-12-22T08:09:34Z with exit-code 0.
...
006 (1209266.036.000) 2025-12-22 17:09:39 Image size of job updated: 2499676
	180  -  MemoryUsage of job (MB)
	183316  -  ResidentSetSize of job (KB)
...
005 (1209266.036.000) 2025-12-22 17:09:40 Job terminated.
	(1) Normal termination (return value 0)
		Usr 0 00:02:05, Sys 0 00:00:02  -  Run Remote Usage
		Usr 0 00:00:00, Sys 0 00:00:00  -  Run Local Usage
		Usr 0 00:02:05, Sys 0 00:00:02  -  Total Remote Usage
		Usr 0 00:00:00, Sys 0 00:00:00  -  Total Local Usage
	0  -  Run Bytes Sent By Job
	0  -  Run Bytes Received By Job
	0  -  Total Bytes Sent By Job
	0  -  Total Bytes Received By Job
	Partitionable Resources :    Usage  Request Allocated 
	   Cpus                 :     0.98        1         1 
	   Disk (KB)            :     1           1      2770 
	   GPUs                 :                           0 
	   Memory (MB)          :   180       10240     10300 
	   TimeExecute (s)      :   131                       
	   TimeSlotBusy (s)     :   131                       

	Job terminated of its own accord at 2025-12-22T08:09:39Z with exit-code 0.
...
006 (1209266.008.000) 2025-12-22 17:09:49 Image size of job updated: 2991268
	152  -  MemoryUsage of job (MB)
	155452  -  ResidentSetSize of job (KB)
...
005 (1209266.008.000) 2025-12-22 17:09:49 Job terminated.
	(1) Normal termination (return value 0)
		Usr 0 00:03:14, Sys 0 00:00:05  -  Run Remote Usage
		Usr 0 00:00:00, Sys 0 00:00:00  -  Run Local Usage
		Usr 0 00:03:14, Sys 0 00:00:05  -  Total Remote Usage
		Usr 0 00:00:00, Sys 0 00:00:00  -  Total Local Usage
	0  -  Run Bytes Sent By Job
	0  -  Run Bytes Received By Job
	0  -  Total Bytes Sent By Job
	0  -  Total Bytes Received By Job
	Partitionable Resources :    Usage  Request Allocated 
	   Cpus                 :     0.97        1         1 
	   Disk (KB)            :     1           1      8391 
	   GPUs                 :                           0 
	   Memory (MB)          :   152       10240     10300 
	   TimeExecute (s)      :   207                       
	   TimeSlotBusy (s)     :   207                       

	Job terminated of its own accord at 2025-12-22T08:09:49Z with exit-code 0.
...
006 (1209266.035.000) 2025-12-22 17:09:52 Image size of job updated: 2351352
	152  -  MemoryUsage of job (MB)
	154948  -  ResidentSetSize of job (KB)
...
005 (1209266.035.000) 2025-12-22 17:09:52 Job terminated.
	(1) Normal termination (return value 0)
		Usr 0 00:02:15, Sys 0 00:00:03  -  Run Remote Usage
		Usr 0 00:00:00, Sys 0 00:00:00  -  Run Local Usage
		Usr 0 00:02:15, Sys 0 00:00:03  -  Total Remote Usage
		Usr 0 00:00:00, Sys 0 00:00:00  -  Total Local Usage
	0  -  Run Bytes Sent By Job
	0  -  Run Bytes Received By Job
	0  -  Total Bytes Sent By Job
	0  -  Total Bytes Received By Job
	Partitionable Resources :    Usage  Request Allocated 
	   Cpus                 :     0.96        1         1 
	   Disk (KB)            :     1           1      8391 
	   GPUs                 :                           0 
	   Memory (MB)          :   152       10240     10300 
	   TimeExecute (s)      :   145                       
	   TimeSlotBusy (s)     :   145                       

	Job terminated of its own accord at 2025-12-22T08:09:52Z with exit-code 0.
...
006 (1209266.027.000) 2025-12-22 17:10:00 Image size of job updated: 1429380
	122  -  MemoryUsage of job (MB)
	124888  -  ResidentSetSize of job (KB)
...
005 (1209266.027.000) 2025-12-22 17:10:00 Job terminated.
	(1) Normal termination (return value 0)
		Usr 0 00:02:47, Sys 0 00:00:03  -  Run Remote Usage
		Usr 0 00:00:00, Sys 0 00:00:00  -  Run Local Usage
		Usr 0 00:02:47, Sys 0 00:00:03  -  Total Remote Usage
		Usr 0 00:00:00, Sys 0 00:00:00  -  Total Local Usage
	0  -  Run Bytes Sent By Job
	0  -  Run Bytes Received By Job
	0  -  Total Bytes Sent By Job
	0  -  Total Bytes Received By Job
	Partitionable Resources :    Usage  Request Allocated 
	   Cpus                 :     0.98        1         1 
	   Disk (KB)            :     1           1      2857 
	   GPUs                 :                           0 
	   Memory (MB)          :   122       10240     10300 
	   TimeExecute (s)      :   174                       
	   TimeSlotBusy (s)     :   175                       

	Job terminated of its own accord at 2025-12-22T08:10:00Z with exit-code 0.
...
006 (1209266.018.000) 2025-12-22 17:10:03 Image size of job updated: 2527836
	152  -  MemoryUsage of job (MB)
	154980  -  ResidentSetSize of job (KB)
...
005 (1209266.018.000) 2025-12-22 17:10:03 Job terminated.
	(1) Normal termination (return value 0)
		Usr 0 00:03:08, Sys 0 00:00:04  -  Run Remote Usage
		Usr 0 00:00:00, Sys 0 00:00:00  -  Run Local Usage
		Usr 0 00:03:08, Sys 0 00:00:04  -  Total Remote Usage
		Usr 0 00:00:00, Sys 0 00:00:00  -  Total Local Usage
	0  -  Run Bytes Sent By Job
	0  -  Run Bytes Received By Job
	0  -  Total Bytes Sent By Job
	0  -  Total Bytes Received By Job
	Partitionable Resources :    Usage  Request Allocated 
	   Cpus                 :     0.98        1         1 
	   Disk (KB)            :     1           1      2830 
	   GPUs                 :                           0 
	   Memory (MB)          :   152       10240     10300 
	   TimeExecute (s)      :   198                       
	   TimeSlotBusy (s)     :   198                       

	Job terminated of its own accord at 2025-12-22T08:10:03Z with exit-code 0.
...
006 (1209266.013.000) 2025-12-22 17:10:08 Image size of job updated: 1602108
	123  -  MemoryUsage of job (MB)
	125284  -  ResidentSetSize of job (KB)
...
005 (1209266.013.000) 2025-12-22 17:10:08 Job terminated.
	(1) Normal termination (return value 0)
		Usr 0 00:03:15, Sys 0 00:00:04  -  Run Remote Usage
		Usr 0 00:00:00, Sys 0 00:00:00  -  Run Local Usage
		Usr 0 00:03:15, Sys 0 00:00:04  -  Total Remote Usage
		Usr 0 00:00:00, Sys 0 00:00:00  -  Total Local Usage
	0  -  Run Bytes Sent By Job
	0  -  Run Bytes Received By Job
	0  -  Total Bytes Sent By Job
	0  -  Total Bytes Received By Job
	Partitionable Resources :    Usage  Request Allocated 
	   Cpus                 :     0.98        1         1 
	   Disk (KB)            :     1           1      2857 
	   GPUs                 :                           0 
	   Memory (MB)          :   123       10240     10300 
	   TimeExecute (s)      :   204                       
	   TimeSlotBusy (s)     :   204                       

	Job terminated of its own accord at 2025-12-22T08:10:08Z with exit-code 0.
...
006 (1209266.004.000) 2025-12-22 17:10:54 Image size of job updated: 1909404
	115  -  MemoryUsage of job (MB)
	116996  -  ResidentSetSize of job (KB)
...
005 (1209266.004.000) 2025-12-22 17:10:54 Job terminated.
	(1) Normal termination (return value 0)
		Usr 0 00:04:23, Sys 0 00:00:04  -  Run Remote Usage
		Usr 0 00:00:00, Sys 0 00:00:00  -  Run Local Usage
		Usr 0 00:04:23, Sys 0 00:00:04  -  Total Remote Usage
		Usr 0 00:00:00, Sys 0 00:00:00  -  Total Local Usage
	0  -  Run Bytes Sent By Job
	0  -  Run Bytes Received By Job
	0  -  Total Bytes Sent By Job
	0  -  Total Bytes Received By Job
	Partitionable Resources :    Usage  Request Allocated 
	   Cpus                 :     0.98        1         1 
	   Disk (KB)            :     1           1      2820 
	   GPUs                 :                           0 
	   Memory (MB)          :   115       10240     10300 
	   TimeExecute (s)      :   273                       
	   TimeSlotBusy (s)     :   274                       

	Job terminated of its own accord at 2025-12-22T08:10:54Z with exit-code 0.
...
006 (1209266.003.000) 2025-12-22 17:11:31 Image size of job updated: 1913020
	1869  -  MemoryUsage of job (MB)
	1913020  -  ResidentSetSize of job (KB)
...
006 (1209266.016.000) 2025-12-22 17:11:42 Image size of job updated: 2342064
	126  -  MemoryUsage of job (MB)
	128668  -  ResidentSetSize of job (KB)
...
005 (1209266.016.000) 2025-12-22 17:11:42 Job terminated.
	(1) Normal termination (return value 0)
		Usr 0 00:04:46, Sys 0 00:00:05  -  Run Remote Usage
		Usr 0 00:00:00, Sys 0 00:00:00  -  Run Local Usage
		Usr 0 00:04:46, Sys 0 00:00:05  -  Total Remote Usage
		Usr 0 00:00:00, Sys 0 00:00:00  -  Total Local Usage
	0  -  Run Bytes Sent By Job
	0  -  Run Bytes Received By Job
	0  -  Total Bytes Sent By Job
	0  -  Total Bytes Received By Job
	Partitionable Resources :    Usage  Request Allocated 
	   Cpus                 :     0.99        1         1 
	   Disk (KB)            :     1           1      2820 
	   GPUs                 :                           0 
	   Memory (MB)          :   126       10240     10300 
	   TimeExecute (s)      :   298                       
	   TimeSlotBusy (s)     :   298                       

	Job terminated of its own accord at 2025-12-22T08:11:42Z with exit-code 0.
...
006 (1209266.019.000) 2025-12-22 17:11:54 Image size of job updated: 2878844
	2812  -  MemoryUsage of job (MB)
	2878844  -  ResidentSetSize of job (KB)
...
006 (1209266.003.000) 2025-12-22 17:11:58 Image size of job updated: 2067408
	1869  -  MemoryUsage of job (MB)
	1913048  -  ResidentSetSize of job (KB)
...
005 (1209266.003.000) 2025-12-22 17:11:58 Job terminated.
	(1) Normal termination (return value 0)
		Usr 0 00:05:15, Sys 0 00:00:06  -  Run Remote Usage
		Usr 0 00:00:00, Sys 0 00:00:00  -  Run Local Usage
		Usr 0 00:05:15, Sys 0 00:00:06  -  Total Remote Usage
		Usr 0 00:00:00, Sys 0 00:00:00  -  Total Local Usage
	0  -  Run Bytes Sent By Job
	0  -  Run Bytes Received By Job
	0  -  Total Bytes Sent By Job
	0  -  Total Bytes Received By Job
	Partitionable Resources :    Usage  Request Allocated 
	   Cpus                 :     0.99        1         1 
	   Disk (KB)            :     1           1      2831 
	   GPUs                 :                           0 
	   Memory (MB)          :  1869       10240     10300 
	   TimeExecute (s)      :   337                       
	   TimeSlotBusy (s)     :   338                       

	Job terminated of its own accord at 2025-12-22T08:11:58Z with exit-code 0.
...
006 (1209266.019.000) 2025-12-22 17:12:06 Image size of job updated: 2944292
	2812  -  MemoryUsage of job (MB)
	2878852  -  ResidentSetSize of job (KB)
...
005 (1209266.019.000) 2025-12-22 17:12:06 Job terminated.
	(1) Normal termination (return value 0)
		Usr 0 00:05:04, Sys 0 00:00:06  -  Run Remote Usage
		Usr 0 00:00:00, Sys 0 00:00:00  -  Run Local Usage
		Usr 0 00:05:04, Sys 0 00:00:06  -  Total Remote Usage
		Usr 0 00:00:00, Sys 0 00:00:00  -  Total Local Usage
	0  -  Run Bytes Sent By Job
	0  -  Run Bytes Received By Job
	0  -  Total Bytes Sent By Job
	0  -  Total Bytes Received By Job
	Partitionable Resources :    Usage  Request Allocated 
	   Cpus                 :     0.96        1         1 
	   Disk (KB)            :     1           1      2829 
	   GPUs                 :                           0 
	   Memory (MB)          :  2812       10240     10300 
	   TimeExecute (s)      :   320                       
	   TimeSlotBusy (s)     :   321                       

	Job terminated of its own accord at 2025-12-22T08:12:06Z with exit-code 0.
...
006 (1209266.032.000) 2025-12-22 17:12:37 Image size of job updated: 74372
	73  -  MemoryUsage of job (MB)
	74372  -  ResidentSetSize of job (KB)
...
012 (1209266.032.000) 2025-12-22 18:07:42 Job was held.
	too much request_memory: (RequestMemory - MemoryUsage) > 2048
	Code 26 Subcode 0
...
013 (1209266.032.000) 2025-12-22 18:10:01 Job was released.
	via condor_release (by user condor)
...
001 (1209266.032.000) 2025-12-22 18:10:08 Job executing on host: <155.230.21.108:9618?addrs=155.230.21.108-9618+[2407-c000-c025--21-108]-9618&alias=cluster308.knu.ac.kr&noUDP&sock=startd_1358_0db3>
	SlotName: slot1_24@cluster308.knu.ac.kr
	CondorScratchDir = "/home/condor/dir_3061440"
	Cpus = 1
	Disk = 2817
	GPUs = 0
	Memory = 1100
...
006 (1209266.032.000) 2025-12-22 18:10:16 Image size of job updated: 108900
	107  -  MemoryUsage of job (MB)
	108900  -  ResidentSetSize of job (KB)
...
006 (1209266.032.000) 2025-12-22 18:15:12 Image size of job updated: 1997612
	107  -  MemoryUsage of job (MB)
	108908  -  ResidentSetSize of job (KB)
...
005 (1209266.032.000) 2025-12-22 18:15:17 Job terminated.
	(1) Normal termination (return value 0)
		Usr 0 00:04:43, Sys 0 00:00:08  -  Run Remote Usage
		Usr 0 00:00:00, Sys 0 00:00:00  -  Run Local Usage
		Usr 0 00:04:46, Sys 0 00:00:09  -  Total Remote Usage
		Usr 0 00:00:00, Sys 0 00:00:00  -  Total Local Usage
	0  -  Run Bytes Sent By Job
	0  -  Run Bytes Received By Job
	0  -  Total Bytes Sent By Job
	0  -  Total Bytes Received By Job
	Partitionable Resources :    Usage  Request Allocated 
	   Cpus                 :     0.97        1         1 
	   Disk (KB)            :     1           1      2817 
	   GPUs                 :                           0 
	   Memory (MB)          :   107        1098      1100 
	   TimeExecute (s)      :   304                       
	   TimeSlotBusy (s)     :   309                       

	Job terminated of its own accord at 2025-12-22T09:15:12Z with exit-code 0.
...
