000 (1209287.000.000) 2025-12-22 16:30:53 Job submitted from host: <155.230.23.71:9618?addrs=155.230.23.71-9618+[2407-c000-c024-0-20c-29ff-fe9d-363c]-9618&alias=cms01.knu.ac.kr&noUDP&sock=schedd_1467_d186>
...
000 (1209287.001.000) 2025-12-22 16:30:53 Job submitted from host: <155.230.23.71:9618?addrs=155.230.23.71-9618+[2407-c000-c024-0-20c-29ff-fe9d-363c]-9618&alias=cms01.knu.ac.kr&noUDP&sock=schedd_1467_d186>
...
000 (1209287.002.000) 2025-12-22 16:30:53 Job submitted from host: <155.230.23.71:9618?addrs=155.230.23.71-9618+[2407-c000-c024-0-20c-29ff-fe9d-363c]-9618&alias=cms01.knu.ac.kr&noUDP&sock=schedd_1467_d186>
...
000 (1209287.003.000) 2025-12-22 16:30:53 Job submitted from host: <155.230.23.71:9618?addrs=155.230.23.71-9618+[2407-c000-c024-0-20c-29ff-fe9d-363c]-9618&alias=cms01.knu.ac.kr&noUDP&sock=schedd_1467_d186>
...
000 (1209287.004.000) 2025-12-22 16:30:53 Job submitted from host: <155.230.23.71:9618?addrs=155.230.23.71-9618+[2407-c000-c024-0-20c-29ff-fe9d-363c]-9618&alias=cms01.knu.ac.kr&noUDP&sock=schedd_1467_d186>
...
000 (1209287.005.000) 2025-12-22 16:30:53 Job submitted from host: <155.230.23.71:9618?addrs=155.230.23.71-9618+[2407-c000-c024-0-20c-29ff-fe9d-363c]-9618&alias=cms01.knu.ac.kr&noUDP&sock=schedd_1467_d186>
...
000 (1209287.006.000) 2025-12-22 16:30:53 Job submitted from host: <155.230.23.71:9618?addrs=155.230.23.71-9618+[2407-c000-c024-0-20c-29ff-fe9d-363c]-9618&alias=cms01.knu.ac.kr&noUDP&sock=schedd_1467_d186>
...
000 (1209287.007.000) 2025-12-22 16:30:53 Job submitted from host: <155.230.23.71:9618?addrs=155.230.23.71-9618+[2407-c000-c024-0-20c-29ff-fe9d-363c]-9618&alias=cms01.knu.ac.kr&noUDP&sock=schedd_1467_d186>
...
000 (1209287.008.000) 2025-12-22 16:30:53 Job submitted from host: <155.230.23.71:9618?addrs=155.230.23.71-9618+[2407-c000-c024-0-20c-29ff-fe9d-363c]-9618&alias=cms01.knu.ac.kr&noUDP&sock=schedd_1467_d186>
...
000 (1209287.009.000) 2025-12-22 16:30:53 Job submitted from host: <155.230.23.71:9618?addrs=155.230.23.71-9618+[2407-c000-c024-0-20c-29ff-fe9d-363c]-9618&alias=cms01.knu.ac.kr&noUDP&sock=schedd_1467_d186>
...
000 (1209287.010.000) 2025-12-22 16:30:53 Job submitted from host: <155.230.23.71:9618?addrs=155.230.23.71-9618+[2407-c000-c024-0-20c-29ff-fe9d-363c]-9618&alias=cms01.knu.ac.kr&noUDP&sock=schedd_1467_d186>
...
000 (1209287.011.000) 2025-12-22 16:30:53 Job submitted from host: <155.230.23.71:9618?addrs=155.230.23.71-9618+[2407-c000-c024-0-20c-29ff-fe9d-363c]-9618&alias=cms01.knu.ac.kr&noUDP&sock=schedd_1467_d186>
...
000 (1209287.012.000) 2025-12-22 16:30:53 Job submitted from host: <155.230.23.71:9618?addrs=155.230.23.71-9618+[2407-c000-c024-0-20c-29ff-fe9d-363c]-9618&alias=cms01.knu.ac.kr&noUDP&sock=schedd_1467_d186>
...
000 (1209287.013.000) 2025-12-22 16:30:53 Job submitted from host: <155.230.23.71:9618?addrs=155.230.23.71-9618+[2407-c000-c024-0-20c-29ff-fe9d-363c]-9618&alias=cms01.knu.ac.kr&noUDP&sock=schedd_1467_d186>
...
000 (1209287.014.000) 2025-12-22 16:30:53 Job submitted from host: <155.230.23.71:9618?addrs=155.230.23.71-9618+[2407-c000-c024-0-20c-29ff-fe9d-363c]-9618&alias=cms01.knu.ac.kr&noUDP&sock=schedd_1467_d186>
...
000 (1209287.015.000) 2025-12-22 16:30:53 Job submitted from host: <155.230.23.71:9618?addrs=155.230.23.71-9618+[2407-c000-c024-0-20c-29ff-fe9d-363c]-9618&alias=cms01.knu.ac.kr&noUDP&sock=schedd_1467_d186>
...
000 (1209287.016.000) 2025-12-22 16:30:53 Job submitted from host: <155.230.23.71:9618?addrs=155.230.23.71-9618+[2407-c000-c024-0-20c-29ff-fe9d-363c]-9618&alias=cms01.knu.ac.kr&noUDP&sock=schedd_1467_d186>
...
000 (1209287.017.000) 2025-12-22 16:30:53 Job submitted from host: <155.230.23.71:9618?addrs=155.230.23.71-9618+[2407-c000-c024-0-20c-29ff-fe9d-363c]-9618&alias=cms01.knu.ac.kr&noUDP&sock=schedd_1467_d186>
...
000 (1209287.018.000) 2025-12-22 16:30:53 Job submitted from host: <155.230.23.71:9618?addrs=155.230.23.71-9618+[2407-c000-c024-0-20c-29ff-fe9d-363c]-9618&alias=cms01.knu.ac.kr&noUDP&sock=schedd_1467_d186>
...
000 (1209287.019.000) 2025-12-22 16:30:53 Job submitted from host: <155.230.23.71:9618?addrs=155.230.23.71-9618+[2407-c000-c024-0-20c-29ff-fe9d-363c]-9618&alias=cms01.knu.ac.kr&noUDP&sock=schedd_1467_d186>
...
000 (1209287.020.000) 2025-12-22 16:30:53 Job submitted from host: <155.230.23.71:9618?addrs=155.230.23.71-9618+[2407-c000-c024-0-20c-29ff-fe9d-363c]-9618&alias=cms01.knu.ac.kr&noUDP&sock=schedd_1467_d186>
...
000 (1209287.021.000) 2025-12-22 16:30:53 Job submitted from host: <155.230.23.71:9618?addrs=155.230.23.71-9618+[2407-c000-c024-0-20c-29ff-fe9d-363c]-9618&alias=cms01.knu.ac.kr&noUDP&sock=schedd_1467_d186>
...
000 (1209287.022.000) 2025-12-22 16:30:53 Job submitted from host: <155.230.23.71:9618?addrs=155.230.23.71-9618+[2407-c000-c024-0-20c-29ff-fe9d-363c]-9618&alias=cms01.knu.ac.kr&noUDP&sock=schedd_1467_d186>
...
000 (1209287.023.000) 2025-12-22 16:30:53 Job submitted from host: <155.230.23.71:9618?addrs=155.230.23.71-9618+[2407-c000-c024-0-20c-29ff-fe9d-363c]-9618&alias=cms01.knu.ac.kr&noUDP&sock=schedd_1467_d186>
...
000 (1209287.024.000) 2025-12-22 16:30:53 Job submitted from host: <155.230.23.71:9618?addrs=155.230.23.71-9618+[2407-c000-c024-0-20c-29ff-fe9d-363c]-9618&alias=cms01.knu.ac.kr&noUDP&sock=schedd_1467_d186>
...
000 (1209287.025.000) 2025-12-22 16:30:53 Job submitted from host: <155.230.23.71:9618?addrs=155.230.23.71-9618+[2407-c000-c024-0-20c-29ff-fe9d-363c]-9618&alias=cms01.knu.ac.kr&noUDP&sock=schedd_1467_d186>
...
000 (1209287.026.000) 2025-12-22 16:30:53 Job submitted from host: <155.230.23.71:9618?addrs=155.230.23.71-9618+[2407-c000-c024-0-20c-29ff-fe9d-363c]-9618&alias=cms01.knu.ac.kr&noUDP&sock=schedd_1467_d186>
...
000 (1209287.027.000) 2025-12-22 16:30:53 Job submitted from host: <155.230.23.71:9618?addrs=155.230.23.71-9618+[2407-c000-c024-0-20c-29ff-fe9d-363c]-9618&alias=cms01.knu.ac.kr&noUDP&sock=schedd_1467_d186>
...
000 (1209287.028.000) 2025-12-22 16:30:53 Job submitted from host: <155.230.23.71:9618?addrs=155.230.23.71-9618+[2407-c000-c024-0-20c-29ff-fe9d-363c]-9618&alias=cms01.knu.ac.kr&noUDP&sock=schedd_1467_d186>
...
000 (1209287.029.000) 2025-12-22 16:30:53 Job submitted from host: <155.230.23.71:9618?addrs=155.230.23.71-9618+[2407-c000-c024-0-20c-29ff-fe9d-363c]-9618&alias=cms01.knu.ac.kr&noUDP&sock=schedd_1467_d186>
...
000 (1209287.030.000) 2025-12-22 16:30:53 Job submitted from host: <155.230.23.71:9618?addrs=155.230.23.71-9618+[2407-c000-c024-0-20c-29ff-fe9d-363c]-9618&alias=cms01.knu.ac.kr&noUDP&sock=schedd_1467_d186>
...
001 (1209287.002.000) 2025-12-22 17:36:57 Job executing on host: <155.230.21.79:9618?addrs=155.230.21.79-9618+[2407-c000-c025--21-79]-9618&alias=cluster279.knu.ac.kr&noUDP&sock=startd_1325_6b13>
	SlotName: slot1_6@cluster279.knu.ac.kr
	CondorScratchDir = "/home/condor/dir_176772"
	Cpus = 1
	Disk = 2815
	GPUs = 0
	Memory = 1100
...
001 (1209287.000.000) 2025-12-22 17:36:57 Job executing on host: <155.230.21.151:9618?addrs=155.230.21.151-9618+[2407-c000-c025--21-151]-9618&alias=cluster351.knu.ac.kr&noUDP&sock=startd_3486_af3c>
	SlotName: slot1_106@cluster351.knu.ac.kr
	CondorScratchDir = "/home/condor/dir_4106846"
	Cpus = 1
	Disk = 8391
	GPUs = 0
	Memory = 1100
...
001 (1209287.001.000) 2025-12-22 17:36:57 Job executing on host: <155.230.21.151:9618?addrs=155.230.21.151-9618+[2407-c000-c025--21-151]-9618&alias=cluster351.knu.ac.kr&noUDP&sock=startd_3486_af3c>
	SlotName: slot1_108@cluster351.knu.ac.kr
	CondorScratchDir = "/home/condor/dir_4106877"
	Cpus = 1
	Disk = 8391
	GPUs = 0
	Memory = 1100
...
001 (1209287.004.000) 2025-12-22 17:36:58 Job executing on host: <155.230.21.41:9618?addrs=155.230.21.41-9618+[2407-c000-c025--21-41]-9618&alias=cluster241.knu.ac.kr&noUDP&sock=startd_1098_b713>
	SlotName: slot1_4@cluster241.knu.ac.kr
	CondorScratchDir = "/home/condor/dir_1972014"
	Cpus = 1
	Disk = 2819
	GPUs = 0
	Memory = 1100
...
001 (1209287.003.000) 2025-12-22 17:36:59 Job executing on host: <155.230.21.80:9618?addrs=155.230.21.80-9618+[2407-c000-c025--21-80]-9618&alias=cluster280.knu.ac.kr&noUDP&sock=startd_1248_9a48>
	SlotName: slot1_5@cluster280.knu.ac.kr
	CondorScratchDir = "/home/condor/dir_3163548"
	Cpus = 1
	Disk = 2830
	GPUs = 0
	Memory = 1100
...
001 (1209287.005.000) 2025-12-22 17:36:59 Job executing on host: <155.230.21.87:9618?addrs=155.230.21.87-9618+[2407-c000-c025--21-87]-9618&alias=cluster287.knu.ac.kr&noUDP&sock=startd_1296_86d4>
	SlotName: slot1_3@cluster287.knu.ac.kr
	CondorScratchDir = "/home/condor/dir_3950472"
	Cpus = 1
	Disk = 2833
	GPUs = 0
	Memory = 1100
...
001 (1209287.008.000) 2025-12-22 17:36:59 Job executing on host: <155.230.21.129:9618?addrs=155.230.21.129-9618+[2407-c000-c025--21-129]-9618&alias=cluster329.knu.ac.kr&noUDP&sock=startd_2299_8052>
	SlotName: slot1_22@cluster329.knu.ac.kr
	AvailableGPUs = {  }
	CondorScratchDir = "/home/condor/dir_2138570"
	Cpus = 1
	Disk = 2822
	GPUs = 0
	Memory = 1100
...
001 (1209287.007.000) 2025-12-22 17:36:59 Job executing on host: <155.230.21.108:9618?addrs=155.230.21.108-9618+[2407-c000-c025--21-108]-9618&alias=cluster308.knu.ac.kr&noUDP&sock=startd_1358_0db3>
	SlotName: slot1_9@cluster308.knu.ac.kr
	CondorScratchDir = "/home/condor/dir_3056181"
	Cpus = 1
	Disk = 2817
	GPUs = 0
	Memory = 1100
...
001 (1209287.006.000) 2025-12-22 17:36:59 Job executing on host: <155.230.21.94:9618?addrs=155.230.21.94-9618+[2407-c000-c025--21-94]-9618&alias=cluster294.knu.ac.kr&noUDP&sock=startd_1263_e434>
	SlotName: slot1_2@cluster294.knu.ac.kr
	CondorScratchDir = "/home/condor/dir_2007518"
	Cpus = 1
	Disk = 2821
	GPUs = 0
	Memory = 1100
...
001 (1209287.011.000) 2025-12-22 17:37:00 Job executing on host: <155.230.21.155:9618?addrs=155.230.21.155-9618+[2407-c000-c025--21-155]-9618&alias=cluster355.knu.ac.kr&noUDP&sock=startd_8970_409c>
	SlotName: slot1_20@cluster355.knu.ac.kr
	CondorScratchDir = "/home/condor/dir_2046668"
	Cpus = 1
	Disk = 4673
	GPUs = 0
	Memory = 1100
...
001 (1209287.010.000) 2025-12-22 17:37:00 Job executing on host: <155.230.21.144:9618?addrs=155.230.21.144-9618+[2407-c000-c025--21-144]-9618&alias=cluster344.knu.ac.kr&noUDP&sock=startd_3393_e4ee>
	SlotName: slot1_32@cluster344.knu.ac.kr
	CondorScratchDir = "/home/condor/dir_232159"
	Cpus = 1
	Disk = 2829
	GPUs = 0
	Memory = 1100
...
001 (1209287.009.000) 2025-12-22 17:37:00 Job executing on host: <155.230.21.115:9618?addrs=155.230.21.115-9618+[2407-c000-c025--21-115]-9618&alias=cluster315.knu.ac.kr&noUDP&sock=startd_1781_3243>
	SlotName: slot1_25@cluster315.knu.ac.kr
	CondorScratchDir = "/home/condor/dir_126920"
	Cpus = 1
	Disk = 2819
	GPUs = 0
	Memory = 1100
...
001 (1209287.012.000) 2025-12-22 17:37:01 Job executing on host: <155.230.21.114:9618?addrs=155.230.21.114-9618+[2407-c000-c025--21-114]-9618&alias=cluster314.knu.ac.kr&noUDP&sock=startd_1668_b00f>
	SlotName: slot1_8@cluster314.knu.ac.kr
	CondorScratchDir = "/home/condor/dir_3040749"
	Cpus = 1
	Disk = 2754
	GPUs = 0
	Memory = 1100
...
001 (1209287.013.000) 2025-12-22 17:37:01 Job executing on host: <155.230.21.43:9618?addrs=155.230.21.43-9618+[2407-c000-c025--21-43]-9618&alias=cluster243.knu.ac.kr&noUDP&sock=startd_1270_b15e>
	SlotName: slot1_2@cluster243.knu.ac.kr
	CondorScratchDir = "/home/condor/dir_2179040"
	Cpus = 1
	Disk = 2776
	GPUs = 0
	Memory = 1100
...
001 (1209287.014.000) 2025-12-22 17:37:01 Job executing on host: <155.230.21.112:9618?addrs=155.230.21.112-9618+[2407-c000-c025--21-112]-9618&alias=cluster312.knu.ac.kr&noUDP&sock=startd_1407_a9d7>
	SlotName: slot1_3@cluster312.knu.ac.kr
	CondorScratchDir = "/home/condor/dir_3288020"
	Cpus = 1
	Disk = 2819
	GPUs = 0
	Memory = 1100
...
001 (1209287.016.000) 2025-12-22 17:37:02 Job executing on host: <155.230.21.135:9618?addrs=155.230.21.135-9618+[2407-c000-c025--21-135]-9618&alias=cluster335.knu.ac.kr&noUDP&sock=startd_2528_9382>
	SlotName: slot1_10@cluster335.knu.ac.kr
	CondorScratchDir = "/home/condor/dir_1294815"
	Cpus = 1
	Disk = 2830
	GPUs = 0
	Memory = 1100
...
001 (1209287.015.000) 2025-12-22 17:37:02 Job executing on host: <155.230.21.137:9618?addrs=155.230.21.137-9618+[2407-c000-c025--21-137]-9618&alias=cluster337.knu.ac.kr&noUDP&sock=startd_3737_d982>
	SlotName: slot1_27@cluster337.knu.ac.kr
	CondorScratchDir = "/home/condor/dir_156945"
	Cpus = 1
	Disk = 4693
	GPUs = 0
	Memory = 1100
...
001 (1209287.017.000) 2025-12-22 17:37:02 Job executing on host: <155.230.21.122:9618?addrs=155.230.21.122-9618+[2407-c000-c025--21-122]-9618&alias=cluster322.knu.ac.kr&noUDP&sock=startd_1480_bc41>
	SlotName: slot1_4@cluster322.knu.ac.kr
	CondorScratchDir = "/home/condor/dir_2234027"
	Cpus = 1
	Disk = 2831
	GPUs = 0
	Memory = 1100
...
001 (1209287.018.000) 2025-12-22 17:37:03 Job executing on host: <155.230.21.106:9618?addrs=155.230.21.106-9618+[2407-c000-c025--21-106]-9618&alias=cluster306.knu.ac.kr&noUDP&sock=startd_7016_f88d>
	SlotName: slot1_9@cluster306.knu.ac.kr
	CondorScratchDir = "/home/condor/dir_3127941"
	Cpus = 1
	Disk = 2824
	GPUs = 0
	Memory = 1100
...
001 (1209287.021.000) 2025-12-22 17:37:03 Job executing on host: <155.230.21.153:9618?addrs=155.230.21.153-9618+[2407-c000-c024-0-12ff-e0ff-fe03-bebe]-9618&alias=cluster353.knu.ac.kr&noUDP&sock=startd_3951_a2c6>
	SlotName: slot1_9@cluster353.knu.ac.kr
	CondorScratchDir = "/home/condor/dir_4023693"
	Cpus = 1
	Disk = 2770
	GPUs = 0
	Memory = 1100
...
001 (1209287.019.000) 2025-12-22 17:37:03 Job executing on host: <155.230.21.120:9618?addrs=155.230.21.120-9618+[2407-c000-c025--21-120]-9618&alias=cluster320.knu.ac.kr&noUDP&sock=startd_3536_faf9>
	SlotName: slot1_6@cluster320.knu.ac.kr
	CondorScratchDir = "/home/condor/dir_880253"
	Cpus = 1
	Disk = 2820
	GPUs = 0
	Memory = 1100
...
001 (1209287.022.000) 2025-12-22 17:37:04 Job executing on host: <155.230.21.133:9618?addrs=155.230.21.133-9618+[2407-c000-c025--21-133]-9618&alias=cluster333.knu.ac.kr&noUDP&sock=startd_2525_84b9>
	SlotName: slot1_15@cluster333.knu.ac.kr
	CondorScratchDir = "/home/condor/dir_1963176"
	Cpus = 1
	Disk = 2840
	GPUs = 0
	Memory = 1100
...
001 (1209287.023.000) 2025-12-22 17:37:04 Job executing on host: <155.230.21.80:9618?addrs=155.230.21.80-9618+[2407-c000-c025--21-80]-9618&alias=cluster280.knu.ac.kr&noUDP&sock=startd_1248_9a48>
	SlotName: slot1_15@cluster280.knu.ac.kr
	CondorScratchDir = "/home/condor/dir_3163720"
	Cpus = 1
	Disk = 2830
	GPUs = 0
	Memory = 1100
...
001 (1209287.020.000) 2025-12-22 17:37:04 Job executing on host: <155.230.21.151:9618?addrs=155.230.21.151-9618+[2407-c000-c025--21-151]-9618&alias=cluster351.knu.ac.kr&noUDP&sock=startd_3486_af3c>
	SlotName: slot1_40@cluster351.knu.ac.kr
	CondorScratchDir = "/home/condor/dir_4107368"
	Cpus = 1
	Disk = 8391
	GPUs = 0
	Memory = 1100
...
006 (1209287.002.000) 2025-12-22 17:37:05 Image size of job updated: 154988
	152  -  MemoryUsage of job (MB)
	154988  -  ResidentSetSize of job (KB)
...
006 (1209287.000.000) 2025-12-22 17:37:05 Image size of job updated: 152900
	150  -  MemoryUsage of job (MB)
	152900  -  ResidentSetSize of job (KB)
...
001 (1209287.024.000) 2025-12-22 17:37:05 Job executing on host: <155.230.21.41:9618?addrs=155.230.21.41-9618+[2407-c000-c025--21-41]-9618&alias=cluster241.knu.ac.kr&noUDP&sock=startd_1098_b713>
	SlotName: slot1_7@cluster241.knu.ac.kr
	CondorScratchDir = "/home/condor/dir_1972351"
	Cpus = 1
	Disk = 2819
	GPUs = 0
	Memory = 1100
...
006 (1209287.001.000) 2025-12-22 17:37:05 Image size of job updated: 152904
	150  -  MemoryUsage of job (MB)
	152904  -  ResidentSetSize of job (KB)
...
001 (1209287.026.000) 2025-12-22 17:37:05 Job executing on host: <155.230.21.94:9618?addrs=155.230.21.94-9618+[2407-c000-c025--21-94]-9618&alias=cluster294.knu.ac.kr&noUDP&sock=startd_1263_e434>
	SlotName: slot1_24@cluster294.knu.ac.kr
	CondorScratchDir = "/home/condor/dir_2007689"
	Cpus = 1
	Disk = 2821
	GPUs = 0
	Memory = 1100
...
001 (1209287.025.000) 2025-12-22 17:37:05 Job executing on host: <155.230.21.87:9618?addrs=155.230.21.87-9618+[2407-c000-c025--21-87]-9618&alias=cluster287.knu.ac.kr&noUDP&sock=startd_1296_86d4>
	SlotName: slot1_23@cluster287.knu.ac.kr
	CondorScratchDir = "/home/condor/dir_3950537"
	Cpus = 1
	Disk = 2833
	GPUs = 0
	Memory = 1100
...
001 (1209287.029.000) 2025-12-22 17:37:06 Job executing on host: <155.230.21.144:9618?addrs=155.230.21.144-9618+[2407-c000-c025--21-144]-9618&alias=cluster344.knu.ac.kr&noUDP&sock=startd_3393_e4ee>
	SlotName: slot1_51@cluster344.knu.ac.kr
	CondorScratchDir = "/home/condor/dir_232332"
	Cpus = 1
	Disk = 2829
	GPUs = 0
	Memory = 1100
...
001 (1209287.027.000) 2025-12-22 17:37:06 Job executing on host: <155.230.21.108:9618?addrs=155.230.21.108-9618+[2407-c000-c025--21-108]-9618&alias=cluster308.knu.ac.kr&noUDP&sock=startd_1358_0db3>
	SlotName: slot1_11@cluster308.knu.ac.kr
	CondorScratchDir = "/home/condor/dir_3056353"
	Cpus = 1
	Disk = 2817
	GPUs = 0
	Memory = 1100
...
001 (1209287.028.000) 2025-12-22 17:37:06 Job executing on host: <155.230.21.129:9618?addrs=155.230.21.129-9618+[2407-c000-c025--21-129]-9618&alias=cluster329.knu.ac.kr&noUDP&sock=startd_2299_8052>
	SlotName: slot1_26@cluster329.knu.ac.kr
	AvailableGPUs = {  }
	CondorScratchDir = "/home/condor/dir_2138741"
	Cpus = 1
	Disk = 2822
	GPUs = 0
	Memory = 1100
...
006 (1209287.003.000) 2025-12-22 17:37:07 Image size of job updated: 114292
	112  -  MemoryUsage of job (MB)
	114292  -  ResidentSetSize of job (KB)
...
006 (1209287.005.000) 2025-12-22 17:37:07 Image size of job updated: 13668
	2  -  MemoryUsage of job (MB)
	1204  -  ResidentSetSize of job (KB)
...
006 (1209287.008.000) 2025-12-22 17:37:07 Image size of job updated: 131088
	129  -  MemoryUsage of job (MB)
	131088  -  ResidentSetSize of job (KB)
...
001 (1209287.030.000) 2025-12-22 17:37:07 Job executing on host: <155.230.21.155:9618?addrs=155.230.21.155-9618+[2407-c000-c025--21-155]-9618&alias=cluster355.knu.ac.kr&noUDP&sock=startd_8970_409c>
	SlotName: slot1_21@cluster355.knu.ac.kr
	CondorScratchDir = "/home/condor/dir_2046848"
	Cpus = 1
	Disk = 4673
	GPUs = 0
	Memory = 1100
...
005 (1209287.000.000) 2025-12-22 17:37:07 Job terminated.
	(1) Normal termination (return value 0)
		Usr 0 00:00:07, Sys 0 00:00:00  -  Run Remote Usage
		Usr 0 00:00:00, Sys 0 00:00:00  -  Run Local Usage
		Usr 0 00:00:07, Sys 0 00:00:00  -  Total Remote Usage
		Usr 0 00:00:00, Sys 0 00:00:00  -  Total Local Usage
	0  -  Run Bytes Sent By Job
	0  -  Run Bytes Received By Job
	0  -  Total Bytes Sent By Job
	0  -  Total Bytes Received By Job
	Partitionable Resources :    Usage  Request Allocated 
	   Cpus                 :        0        1         1 
	   Disk (KB)            :        1        1      8391 
	   GPUs                 :                           0 
	   Memory (MB)          :      150     1098      1100 
	   TimeExecute (s)      :       10                    
	   TimeSlotBusy (s)     :       10                    

	Job terminated of its own accord at 2025-12-22T08:37:07Z with exit-code 0.
...
006 (1209287.004.000) 2025-12-22 17:37:07 Image size of job updated: 130204
	128  -  MemoryUsage of job (MB)
	130204  -  ResidentSetSize of job (KB)
...
006 (1209287.011.000) 2025-12-22 17:37:08 Image size of job updated: 153320
	150  -  MemoryUsage of job (MB)
	153320  -  ResidentSetSize of job (KB)
...
006 (1209287.010.000) 2025-12-22 17:37:08 Image size of job updated: 132312
	130  -  MemoryUsage of job (MB)
	132312  -  ResidentSetSize of job (KB)
...
006 (1209287.007.000) 2025-12-22 17:37:08 Image size of job updated: 120052
	118  -  MemoryUsage of job (MB)
	120052  -  ResidentSetSize of job (KB)
...
006 (1209287.006.000) 2025-12-22 17:37:08 Image size of job updated: 117336
	115  -  MemoryUsage of job (MB)
	117336  -  ResidentSetSize of job (KB)
...
006 (1209287.009.000) 2025-12-22 17:37:09 Image size of job updated: 123300
	121  -  MemoryUsage of job (MB)
	123300  -  ResidentSetSize of job (KB)
...
006 (1209287.016.000) 2025-12-22 17:37:10 Image size of job updated: 153272
	150  -  MemoryUsage of job (MB)
	153272  -  ResidentSetSize of job (KB)
...
006 (1209287.012.000) 2025-12-22 17:37:10 Image size of job updated: 121056
	119  -  MemoryUsage of job (MB)
	121056  -  ResidentSetSize of job (KB)
...
006 (1209287.014.000) 2025-12-22 17:37:10 Image size of job updated: 120028
	118  -  MemoryUsage of job (MB)
	120028  -  ResidentSetSize of job (KB)
...
006 (1209287.013.000) 2025-12-22 17:37:10 Image size of job updated: 120508
	118  -  MemoryUsage of job (MB)
	120508  -  ResidentSetSize of job (KB)
...
006 (1209287.018.000) 2025-12-22 17:37:11 Image size of job updated: 152860
	150  -  MemoryUsage of job (MB)
	152860  -  ResidentSetSize of job (KB)
...
006 (1209287.015.000) 2025-12-22 17:37:11 Image size of job updated: 152908
	150  -  MemoryUsage of job (MB)
	152908  -  ResidentSetSize of job (KB)
...
006 (1209287.017.000) 2025-12-22 17:37:11 Image size of job updated: 45908
	45  -  MemoryUsage of job (MB)
	45908  -  ResidentSetSize of job (KB)
...
006 (1209287.020.000) 2025-12-22 17:37:12 Image size of job updated: 120080
	0  -  MemoryUsage of job (MB)
	0  -  ResidentSetSize of job (KB)
...
006 (1209287.021.000) 2025-12-22 17:37:12 Image size of job updated: 152988
	150  -  MemoryUsage of job (MB)
	152988  -  ResidentSetSize of job (KB)
...
006 (1209287.019.000) 2025-12-22 17:37:12 Image size of job updated: 119480
	117  -  MemoryUsage of job (MB)
	119480  -  ResidentSetSize of job (KB)
...
005 (1209287.020.000) 2025-12-22 17:37:12 Job terminated.
	(1) Normal termination (return value 0)
		Usr 0 00:00:05, Sys 0 00:00:00  -  Run Remote Usage
		Usr 0 00:00:00, Sys 0 00:00:00  -  Run Local Usage
		Usr 0 00:00:05, Sys 0 00:00:00  -  Total Remote Usage
		Usr 0 00:00:00, Sys 0 00:00:00  -  Total Local Usage
	0  -  Run Bytes Sent By Job
	0  -  Run Bytes Received By Job
	0  -  Total Bytes Sent By Job
	0  -  Total Bytes Received By Job
	Partitionable Resources :    Usage  Request Allocated 
	   Cpus                 :        0        1         1 
	   Disk (KB)            :        1        1      8391 
	   GPUs                 :                           0 
	   Memory (MB)          :        0     1098      1100 
	   TimeExecute (s)      :        8                    
	   TimeSlotBusy (s)     :        8                    

	Job terminated of its own accord at 2025-12-22T08:37:12Z with exit-code 0.
...
006 (1209287.024.000) 2025-12-22 17:37:13 Image size of job updated: 123668
	121  -  MemoryUsage of job (MB)
	123668  -  ResidentSetSize of job (KB)
...
006 (1209287.022.000) 2025-12-22 17:37:13 Image size of job updated: 155016
	152  -  MemoryUsage of job (MB)
	155016  -  ResidentSetSize of job (KB)
...
006 (1209287.023.000) 2025-12-22 17:37:13 Image size of job updated: 128156
	126  -  MemoryUsage of job (MB)
	128156  -  ResidentSetSize of job (KB)
...
005 (1209287.015.000) 2025-12-22 17:37:14 Job terminated.
	(1) Normal termination (return value 0)
		Usr 0 00:00:09, Sys 0 00:00:00  -  Run Remote Usage
		Usr 0 00:00:00, Sys 0 00:00:00  -  Run Local Usage
		Usr 0 00:00:09, Sys 0 00:00:00  -  Total Remote Usage
		Usr 0 00:00:00, Sys 0 00:00:00  -  Total Local Usage
	0  -  Run Bytes Sent By Job
	0  -  Run Bytes Received By Job
	0  -  Total Bytes Sent By Job
	0  -  Total Bytes Received By Job
	Partitionable Resources :    Usage  Request Allocated 
	   Cpus                 :        0        1         1 
	   Disk (KB)            :        1        1      4693 
	   GPUs                 :                           0 
	   Memory (MB)          :      150     1098      1100 
	   TimeExecute (s)      :       11                    
	   TimeSlotBusy (s)     :       11                    

	Job terminated of its own accord at 2025-12-22T08:37:13Z with exit-code 0.
...
006 (1209287.026.000) 2025-12-22 17:37:14 Image size of job updated: 113360
	111  -  MemoryUsage of job (MB)
	113360  -  ResidentSetSize of job (KB)
...
006 (1209287.025.000) 2025-12-22 17:37:14 Image size of job updated: 38876
	38  -  MemoryUsage of job (MB)
	38876  -  ResidentSetSize of job (KB)
...
006 (1209287.018.000) 2025-12-22 17:37:14 Image size of job updated: 152888
	150  -  MemoryUsage of job (MB)
	152860  -  ResidentSetSize of job (KB)
...
005 (1209287.018.000) 2025-12-22 17:37:14 Job terminated.
	(1) Normal termination (return value 0)
		Usr 0 00:00:09, Sys 0 00:00:00  -  Run Remote Usage
		Usr 0 00:00:00, Sys 0 00:00:00  -  Run Local Usage
		Usr 0 00:00:09, Sys 0 00:00:00  -  Total Remote Usage
		Usr 0 00:00:00, Sys 0 00:00:00  -  Total Local Usage
	0  -  Run Bytes Sent By Job
	0  -  Run Bytes Received By Job
	0  -  Total Bytes Sent By Job
	0  -  Total Bytes Received By Job
	Partitionable Resources :    Usage  Request Allocated 
	   Cpus                 :        0        1         1 
	   Disk (KB)            :        1        1      2824 
	   GPUs                 :                           0 
	   Memory (MB)          :      150     1098      1100 
	   TimeExecute (s)      :       11                    
	   TimeSlotBusy (s)     :       11                    

	Job terminated of its own accord at 2025-12-22T08:37:14Z with exit-code 0.
...
006 (1209287.030.000) 2025-12-22 17:37:15 Image size of job updated: 152868
	0  -  MemoryUsage of job (MB)
	0  -  ResidentSetSize of job (KB)
...
006 (1209287.029.000) 2025-12-22 17:37:15 Image size of job updated: 131856
	129  -  MemoryUsage of job (MB)
	131856  -  ResidentSetSize of job (KB)
...
005 (1209287.030.000) 2025-12-22 17:37:15 Job terminated.
	(1) Normal termination (return value 0)
		Usr 0 00:00:05, Sys 0 00:00:00  -  Run Remote Usage
		Usr 0 00:00:00, Sys 0 00:00:00  -  Run Local Usage
		Usr 0 00:00:05, Sys 0 00:00:00  -  Total Remote Usage
		Usr 0 00:00:00, Sys 0 00:00:00  -  Total Local Usage
	0  -  Run Bytes Sent By Job
	0  -  Run Bytes Received By Job
	0  -  Total Bytes Sent By Job
	0  -  Total Bytes Received By Job
	Partitionable Resources :    Usage  Request Allocated 
	   Cpus                 :        0        1         1 
	   Disk (KB)            :        1        1      4673 
	   GPUs                 :                           0 
	   Memory (MB)          :        0     1098      1100 
	   TimeExecute (s)      :        8                    
	   TimeSlotBusy (s)     :        8                    

	Job terminated of its own accord at 2025-12-22T08:37:15Z with exit-code 0.
...
006 (1209287.027.000) 2025-12-22 17:37:15 Image size of job updated: 125036
	123  -  MemoryUsage of job (MB)
	125036  -  ResidentSetSize of job (KB)
...
006 (1209287.028.000) 2025-12-22 17:37:15 Image size of job updated: 152872
	150  -  MemoryUsage of job (MB)
	152872  -  ResidentSetSize of job (KB)
...
006 (1209287.007.000) 2025-12-22 17:37:16 Image size of job updated: 152884
	118  -  MemoryUsage of job (MB)
	120064  -  ResidentSetSize of job (KB)
...
005 (1209287.007.000) 2025-12-22 17:37:16 Job terminated.
	(1) Normal termination (return value 0)
		Usr 0 00:00:13, Sys 0 00:00:01  -  Run Remote Usage
		Usr 0 00:00:00, Sys 0 00:00:00  -  Run Local Usage
		Usr 0 00:00:13, Sys 0 00:00:01  -  Total Remote Usage
		Usr 0 00:00:00, Sys 0 00:00:00  -  Total Local Usage
	0  -  Run Bytes Sent By Job
	0  -  Run Bytes Received By Job
	0  -  Total Bytes Sent By Job
	0  -  Total Bytes Received By Job
	Partitionable Resources :    Usage  Request Allocated 
	   Cpus                 :        0        1         1 
	   Disk (KB)            :        1        1      2817 
	   GPUs                 :                           0 
	   Memory (MB)          :      118     1098      1100 
	   TimeExecute (s)      :       17                    
	   TimeSlotBusy (s)     :       17                    

	Job terminated of its own accord at 2025-12-22T08:37:16Z with exit-code 0.
...
006 (1209287.013.000) 2025-12-22 17:37:19 Image size of job updated: 152884
	118  -  MemoryUsage of job (MB)
	120524  -  ResidentSetSize of job (KB)
...
005 (1209287.013.000) 2025-12-22 17:37:19 Job terminated.
	(1) Normal termination (return value 0)
		Usr 0 00:00:14, Sys 0 00:00:01  -  Run Remote Usage
		Usr 0 00:00:00, Sys 0 00:00:00  -  Run Local Usage
		Usr 0 00:00:14, Sys 0 00:00:01  -  Total Remote Usage
		Usr 0 00:00:00, Sys 0 00:00:00  -  Total Local Usage
	0  -  Run Bytes Sent By Job
	0  -  Run Bytes Received By Job
	0  -  Total Bytes Sent By Job
	0  -  Total Bytes Received By Job
	Partitionable Resources :    Usage  Request Allocated 
	   Cpus                 :        0        1         1 
	   Disk (KB)            :        1        1      2776 
	   GPUs                 :                           0 
	   Memory (MB)          :      118     1098      1100 
	   TimeExecute (s)      :       18                    
	   TimeSlotBusy (s)     :       18                    

	Job terminated of its own accord at 2025-12-22T08:37:19Z with exit-code 0.
...
006 (1209287.010.000) 2025-12-22 17:37:19 Image size of job updated: 152900
	130  -  MemoryUsage of job (MB)
	132328  -  ResidentSetSize of job (KB)
...
005 (1209287.010.000) 2025-12-22 17:37:19 Job terminated.
	(1) Normal termination (return value 0)
		Usr 0 00:00:15, Sys 0 00:00:00  -  Run Remote Usage
		Usr 0 00:00:00, Sys 0 00:00:00  -  Run Local Usage
		Usr 0 00:00:15, Sys 0 00:00:00  -  Total Remote Usage
		Usr 0 00:00:00, Sys 0 00:00:00  -  Total Local Usage
	0  -  Run Bytes Sent By Job
	0  -  Run Bytes Received By Job
	0  -  Total Bytes Sent By Job
	0  -  Total Bytes Received By Job
	Partitionable Resources :    Usage  Request Allocated 
	   Cpus                 :        0        1         1 
	   Disk (KB)            :        1        1      2829 
	   GPUs                 :                           0 
	   Memory (MB)          :      130     1098      1100 
	   TimeExecute (s)      :       19                    
	   TimeSlotBusy (s)     :       19                    

	Job terminated of its own accord at 2025-12-22T08:37:19Z with exit-code 0.
...
006 (1209287.001.000) 2025-12-22 17:37:19 Image size of job updated: 184380
	150  -  MemoryUsage of job (MB)
	152904  -  ResidentSetSize of job (KB)
...
005 (1209287.001.000) 2025-12-22 17:37:19 Job terminated.
	(1) Normal termination (return value 0)
		Usr 0 00:00:17, Sys 0 00:00:00  -  Run Remote Usage
		Usr 0 00:00:00, Sys 0 00:00:00  -  Run Local Usage
		Usr 0 00:00:17, Sys 0 00:00:00  -  Total Remote Usage
		Usr 0 00:00:00, Sys 0 00:00:00  -  Total Local Usage
	0  -  Run Bytes Sent By Job
	0  -  Run Bytes Received By Job
	0  -  Total Bytes Sent By Job
	0  -  Total Bytes Received By Job
	Partitionable Resources :    Usage  Request Allocated 
	   Cpus                 :        0        1         1 
	   Disk (KB)            :        1        1      8391 
	   GPUs                 :                           0 
	   Memory (MB)          :      150     1098      1100 
	   TimeExecute (s)      :       22                    
	   TimeSlotBusy (s)     :       22                    

	Job terminated of its own accord at 2025-12-22T08:37:19Z with exit-code 0.
...
006 (1209287.021.000) 2025-12-22 17:37:20 Image size of job updated: 192660
	150  -  MemoryUsage of job (MB)
	152988  -  ResidentSetSize of job (KB)
...
006 (1209287.027.000) 2025-12-22 17:37:20 Image size of job updated: 129324
	123  -  MemoryUsage of job (MB)
	125064  -  ResidentSetSize of job (KB)
...
005 (1209287.021.000) 2025-12-22 17:37:20 Job terminated.
	(1) Normal termination (return value 0)
		Usr 0 00:00:15, Sys 0 00:00:00  -  Run Remote Usage
		Usr 0 00:00:00, Sys 0 00:00:00  -  Run Local Usage
		Usr 0 00:00:15, Sys 0 00:00:00  -  Total Remote Usage
		Usr 0 00:00:00, Sys 0 00:00:00  -  Total Local Usage
	0  -  Run Bytes Sent By Job
	0  -  Run Bytes Received By Job
	0  -  Total Bytes Sent By Job
	0  -  Total Bytes Received By Job
	Partitionable Resources :    Usage  Request Allocated 
	   Cpus                 :        0        1         1 
	   Disk (KB)            :        1        1      2770 
	   GPUs                 :                           0 
	   Memory (MB)          :      150     1098      1100 
	   TimeExecute (s)      :       17                    
	   TimeSlotBusy (s)     :       17                    

	Job terminated of its own accord at 2025-12-22T08:37:20Z with exit-code 0.
...
005 (1209287.027.000) 2025-12-22 17:37:20 Job terminated.
	(1) Normal termination (return value 0)
		Usr 0 00:00:12, Sys 0 00:00:00  -  Run Remote Usage
		Usr 0 00:00:00, Sys 0 00:00:00  -  Run Local Usage
		Usr 0 00:00:12, Sys 0 00:00:00  -  Total Remote Usage
		Usr 0 00:00:00, Sys 0 00:00:00  -  Total Local Usage
	0  -  Run Bytes Sent By Job
	0  -  Run Bytes Received By Job
	0  -  Total Bytes Sent By Job
	0  -  Total Bytes Received By Job
	Partitionable Resources :    Usage  Request Allocated 
	   Cpus                 :        0        1         1 
	   Disk (KB)            :        1        1      2817 
	   GPUs                 :                           0 
	   Memory (MB)          :      123     1098      1100 
	   TimeExecute (s)      :       14                    
	   TimeSlotBusy (s)     :       14                    

	Job terminated of its own accord at 2025-12-22T08:37:20Z with exit-code 0.
...
006 (1209287.028.000) 2025-12-22 17:37:22 Image size of job updated: 152904
	150  -  MemoryUsage of job (MB)
	152872  -  ResidentSetSize of job (KB)
...
005 (1209287.028.000) 2025-12-22 17:37:22 Job terminated.
	(1) Normal termination (return value 0)
		Usr 0 00:00:14, Sys 0 00:00:00  -  Run Remote Usage
		Usr 0 00:00:00, Sys 0 00:00:00  -  Run Local Usage
		Usr 0 00:00:14, Sys 0 00:00:00  -  Total Remote Usage
		Usr 0 00:00:00, Sys 0 00:00:00  -  Total Local Usage
	0  -  Run Bytes Sent By Job
	0  -  Run Bytes Received By Job
	0  -  Total Bytes Sent By Job
	0  -  Total Bytes Received By Job
	Partitionable Resources :    Usage  Request Allocated 
	   Cpus                 :        0        1         1 
	   Disk (KB)            :        1        1      2822 
	   GPUs                 :                           0 
	   Memory (MB)          :      150     1098      1100 
	   TimeExecute (s)      :       16                    
	   TimeSlotBusy (s)     :       16                    

	Job terminated of its own accord at 2025-12-22T08:37:22Z with exit-code 0.
...
006 (1209287.006.000) 2025-12-22 17:37:24 Image size of job updated: 152912
	115  -  MemoryUsage of job (MB)
	117340  -  ResidentSetSize of job (KB)
...
005 (1209287.006.000) 2025-12-22 17:37:24 Job terminated.
	(1) Normal termination (return value 0)
		Usr 0 00:00:22, Sys 0 00:00:01  -  Run Remote Usage
		Usr 0 00:00:00, Sys 0 00:00:00  -  Run Local Usage
		Usr 0 00:00:22, Sys 0 00:00:01  -  Total Remote Usage
		Usr 0 00:00:00, Sys 0 00:00:00  -  Total Local Usage
	0  -  Run Bytes Sent By Job
	0  -  Run Bytes Received By Job
	0  -  Total Bytes Sent By Job
	0  -  Total Bytes Received By Job
	Partitionable Resources :    Usage  Request Allocated 
	   Cpus                 :        0        1         1 
	   Disk (KB)            :        1        1      2821 
	   GPUs                 :                           0 
	   Memory (MB)          :      115     1098      1100 
	   TimeExecute (s)      :       25                    
	   TimeSlotBusy (s)     :       25                    

	Job terminated of its own accord at 2025-12-22T08:37:24Z with exit-code 0.
...
006 (1209287.017.000) 2025-12-22 17:37:30 Image size of job updated: 152892
	45  -  MemoryUsage of job (MB)
	45908  -  ResidentSetSize of job (KB)
...
005 (1209287.017.000) 2025-12-22 17:37:30 Job terminated.
	(1) Normal termination (return value 0)
		Usr 0 00:00:15, Sys 0 00:00:01  -  Run Remote Usage
		Usr 0 00:00:00, Sys 0 00:00:00  -  Run Local Usage
		Usr 0 00:00:15, Sys 0 00:00:01  -  Total Remote Usage
		Usr 0 00:00:00, Sys 0 00:00:00  -  Total Local Usage
	0  -  Run Bytes Sent By Job
	0  -  Run Bytes Received By Job
	0  -  Total Bytes Sent By Job
	0  -  Total Bytes Received By Job
	Partitionable Resources :    Usage  Request Allocated 
	   Cpus                 :     0.11        1         1 
	   Disk (KB)            :     1           1      2831 
	   GPUs                 :                           0 
	   Memory (MB)          :    45        1098      1100 
	   TimeExecute (s)      :    28                       
	   TimeSlotBusy (s)     :    28                       

	Job terminated of its own accord at 2025-12-22T08:37:30Z with exit-code 0.
...
006 (1209287.024.000) 2025-12-22 17:37:31 Image size of job updated: 182176
	121  -  MemoryUsage of job (MB)
	123680  -  ResidentSetSize of job (KB)
...
005 (1209287.024.000) 2025-12-22 17:37:31 Job terminated.
	(1) Normal termination (return value 0)
		Usr 0 00:00:23, Sys 0 00:00:01  -  Run Remote Usage
		Usr 0 00:00:00, Sys 0 00:00:00  -  Run Local Usage
		Usr 0 00:00:23, Sys 0 00:00:01  -  Total Remote Usage
		Usr 0 00:00:00, Sys 0 00:00:00  -  Total Local Usage
	0  -  Run Bytes Sent By Job
	0  -  Run Bytes Received By Job
	0  -  Total Bytes Sent By Job
	0  -  Total Bytes Received By Job
	Partitionable Resources :    Usage  Request Allocated 
	   Cpus                 :        0        1         1 
	   Disk (KB)            :        1        1      2819 
	   GPUs                 :                           0 
	   Memory (MB)          :      121     1098      1100 
	   TimeExecute (s)      :       26                    
	   TimeSlotBusy (s)     :       26                    

	Job terminated of its own accord at 2025-12-22T08:37:31Z with exit-code 0.
...
006 (1209287.011.000) 2025-12-22 17:37:32 Image size of job updated: 336100
	150  -  MemoryUsage of job (MB)
	153320  -  ResidentSetSize of job (KB)
...
005 (1209287.011.000) 2025-12-22 17:37:32 Job terminated.
	(1) Normal termination (return value 0)
		Usr 0 00:00:30, Sys 0 00:00:00  -  Run Remote Usage
		Usr 0 00:00:00, Sys 0 00:00:00  -  Run Local Usage
		Usr 0 00:00:30, Sys 0 00:00:00  -  Total Remote Usage
		Usr 0 00:00:00, Sys 0 00:00:00  -  Total Local Usage
	0  -  Run Bytes Sent By Job
	0  -  Run Bytes Received By Job
	0  -  Total Bytes Sent By Job
	0  -  Total Bytes Received By Job
	Partitionable Resources :    Usage  Request Allocated 
	   Cpus                 :        0        1         1 
	   Disk (KB)            :        1        1      4673 
	   GPUs                 :                           0 
	   Memory (MB)          :      150     1098      1100 
	   TimeExecute (s)      :       32                    
	   TimeSlotBusy (s)     :       32                    

	Job terminated of its own accord at 2025-12-22T08:37:32Z with exit-code 0.
...
006 (1209287.029.000) 2025-12-22 17:37:41 Image size of job updated: 210360
	129  -  MemoryUsage of job (MB)
	131872  -  ResidentSetSize of job (KB)
...
005 (1209287.029.000) 2025-12-22 17:37:42 Job terminated.
	(1) Normal termination (return value 0)
		Usr 0 00:00:31, Sys 0 00:00:01  -  Run Remote Usage
		Usr 0 00:00:00, Sys 0 00:00:00  -  Run Local Usage
		Usr 0 00:00:31, Sys 0 00:00:01  -  Total Remote Usage
		Usr 0 00:00:00, Sys 0 00:00:00  -  Total Local Usage
	0  -  Run Bytes Sent By Job
	0  -  Run Bytes Received By Job
	0  -  Total Bytes Sent By Job
	0  -  Total Bytes Received By Job
	Partitionable Resources :    Usage  Request Allocated 
	   Cpus                 :        0        1         1 
	   Disk (KB)            :        1        1      2829 
	   GPUs                 :                           0 
	   Memory (MB)          :      129     1098      1100 
	   TimeExecute (s)      :       35                    
	   TimeSlotBusy (s)     :       36                    

	Job terminated of its own accord at 2025-12-22T08:37:41Z with exit-code 0.
...
006 (1209287.026.000) 2025-12-22 17:37:43 Image size of job updated: 166628
	111  -  MemoryUsage of job (MB)
	113368  -  ResidentSetSize of job (KB)
...
005 (1209287.026.000) 2025-12-22 17:37:43 Job terminated.
	(1) Normal termination (return value 0)
		Usr 0 00:00:33, Sys 0 00:00:01  -  Run Remote Usage
		Usr 0 00:00:00, Sys 0 00:00:00  -  Run Local Usage
		Usr 0 00:00:33, Sys 0 00:00:01  -  Total Remote Usage
		Usr 0 00:00:00, Sys 0 00:00:00  -  Total Local Usage
	0  -  Run Bytes Sent By Job
	0  -  Run Bytes Received By Job
	0  -  Total Bytes Sent By Job
	0  -  Total Bytes Received By Job
	Partitionable Resources :    Usage  Request Allocated 
	   Cpus                 :        0        1         1 
	   Disk (KB)            :        1        1      2821 
	   GPUs                 :                           0 
	   Memory (MB)          :      111     1098      1100 
	   TimeExecute (s)      :       38                    
	   TimeSlotBusy (s)     :       38                    

	Job terminated of its own accord at 2025-12-22T08:37:43Z with exit-code 0.
...
006 (1209287.016.000) 2025-12-22 17:37:47 Image size of job updated: 340596
	150  -  MemoryUsage of job (MB)
	153272  -  ResidentSetSize of job (KB)
...
005 (1209287.016.000) 2025-12-22 17:37:47 Job terminated.
	(1) Normal termination (return value 0)
		Usr 0 00:00:41, Sys 0 00:00:01  -  Run Remote Usage
		Usr 0 00:00:00, Sys 0 00:00:00  -  Run Local Usage
		Usr 0 00:00:41, Sys 0 00:00:01  -  Total Remote Usage
		Usr 0 00:00:00, Sys 0 00:00:00  -  Total Local Usage
	0  -  Run Bytes Sent By Job
	0  -  Run Bytes Received By Job
	0  -  Total Bytes Sent By Job
	0  -  Total Bytes Received By Job
	Partitionable Resources :    Usage  Request Allocated 
	   Cpus                 :        0        1         1 
	   Disk (KB)            :        1        1      2830 
	   GPUs                 :                           0 
	   Memory (MB)          :      150     1098      1100 
	   TimeExecute (s)      :       45                    
	   TimeSlotBusy (s)     :       45                    

	Job terminated of its own accord at 2025-12-22T08:37:47Z with exit-code 0.
...
006 (1209287.004.000) 2025-12-22 17:38:05 Image size of job updated: 385680
	128  -  MemoryUsage of job (MB)
	130220  -  ResidentSetSize of job (KB)
...
005 (1209287.004.000) 2025-12-22 17:38:05 Job terminated.
	(1) Normal termination (return value 0)
		Usr 0 00:01:01, Sys 0 00:00:01  -  Run Remote Usage
		Usr 0 00:00:00, Sys 0 00:00:00  -  Run Local Usage
		Usr 0 00:01:01, Sys 0 00:00:01  -  Total Remote Usage
		Usr 0 00:00:00, Sys 0 00:00:00  -  Total Local Usage
	0  -  Run Bytes Sent By Job
	0  -  Run Bytes Received By Job
	0  -  Total Bytes Sent By Job
	0  -  Total Bytes Received By Job
	Partitionable Resources :    Usage  Request Allocated 
	   Cpus                 :     0.93        1         1 
	   Disk (KB)            :     1           1      2819 
	   GPUs                 :                           0 
	   Memory (MB)          :   128        1098      1100 
	   TimeExecute (s)      :    67                       
	   TimeSlotBusy (s)     :    67                       

	Job terminated of its own accord at 2025-12-22T08:38:05Z with exit-code 0.
...
006 (1209287.008.000) 2025-12-22 17:38:22 Image size of job updated: 512344
	129  -  MemoryUsage of job (MB)
	131096  -  ResidentSetSize of job (KB)
...
005 (1209287.008.000) 2025-12-22 17:38:22 Job terminated.
	(1) Normal termination (return value 0)
		Usr 0 00:01:17, Sys 0 00:00:01  -  Run Remote Usage
		Usr 0 00:00:00, Sys 0 00:00:00  -  Run Local Usage
		Usr 0 00:01:17, Sys 0 00:00:01  -  Total Remote Usage
		Usr 0 00:00:00, Sys 0 00:00:00  -  Total Local Usage
	0  -  Run Bytes Sent By Job
	0  -  Run Bytes Received By Job
	0  -  Total Bytes Sent By Job
	0  -  Total Bytes Received By Job
	Partitionable Resources :    Usage  Request Allocated 
	   Cpus                 :     0.81        1         1 
	   Disk (KB)            :     1           1      2822 
	   GPUs                 :                           0 
	   Memory (MB)          :   129        1098      1100 
	   TimeExecute (s)      :    83                       
	   TimeSlotBusy (s)     :    83                       

	Job terminated of its own accord at 2025-12-22T08:38:22Z with exit-code 0.
...
006 (1209287.023.000) 2025-12-22 17:38:23 Image size of job updated: 350116
	126  -  MemoryUsage of job (MB)
	128176  -  ResidentSetSize of job (KB)
...
005 (1209287.023.000) 2025-12-22 17:38:23 Job terminated.
	(1) Normal termination (return value 0)
		Usr 0 00:01:11, Sys 0 00:00:02  -  Run Remote Usage
		Usr 0 00:00:00, Sys 0 00:00:00  -  Run Local Usage
		Usr 0 00:01:11, Sys 0 00:00:02  -  Total Remote Usage
		Usr 0 00:00:00, Sys 0 00:00:00  -  Total Local Usage
	0  -  Run Bytes Sent By Job
	0  -  Run Bytes Received By Job
	0  -  Total Bytes Sent By Job
	0  -  Total Bytes Received By Job
	Partitionable Resources :    Usage  Request Allocated 
	   Cpus                 :        0        1         1 
	   Disk (KB)            :        1        1      2830 
	   GPUs                 :                           0 
	   Memory (MB)          :      126     1098      1100 
	   TimeExecute (s)      :       79                    
	   TimeSlotBusy (s)     :       79                    

	Job terminated of its own accord at 2025-12-22T08:38:23Z with exit-code 0.
...
006 (1209287.009.000) 2025-12-22 17:38:29 Image size of job updated: 416004
	121  -  MemoryUsage of job (MB)
	123300  -  ResidentSetSize of job (KB)
...
005 (1209287.009.000) 2025-12-22 17:38:30 Job terminated.
	(1) Normal termination (return value 0)
		Usr 0 00:01:24, Sys 0 00:00:02  -  Run Remote Usage
		Usr 0 00:00:00, Sys 0 00:00:00  -  Run Local Usage
		Usr 0 00:01:24, Sys 0 00:00:02  -  Total Remote Usage
		Usr 0 00:00:00, Sys 0 00:00:00  -  Total Local Usage
	0  -  Run Bytes Sent By Job
	0  -  Run Bytes Received By Job
	0  -  Total Bytes Sent By Job
	0  -  Total Bytes Received By Job
	Partitionable Resources :    Usage  Request Allocated 
	   Cpus                 :        0        1         1 
	   Disk (KB)            :        1        1      2819 
	   GPUs                 :                           0 
	   Memory (MB)          :      121     1098      1100 
	   TimeExecute (s)      :       89                    
	   TimeSlotBusy (s)     :       89                    

	Job terminated of its own accord at 2025-12-22T08:38:29Z with exit-code 0.
...
006 (1209287.003.000) 2025-12-22 17:38:32 Image size of job updated: 426312
	112  -  MemoryUsage of job (MB)
	114304  -  ResidentSetSize of job (KB)
...
005 (1209287.003.000) 2025-12-22 17:38:32 Job terminated.
	(1) Normal termination (return value 0)
		Usr 0 00:01:26, Sys 0 00:00:03  -  Run Remote Usage
		Usr 0 00:00:00, Sys 0 00:00:00  -  Run Local Usage
		Usr 0 00:01:26, Sys 0 00:00:03  -  Total Remote Usage
		Usr 0 00:00:00, Sys 0 00:00:00  -  Total Local Usage
	0  -  Run Bytes Sent By Job
	0  -  Run Bytes Received By Job
	0  -  Total Bytes Sent By Job
	0  -  Total Bytes Received By Job
	Partitionable Resources :    Usage  Request Allocated 
	   Cpus                 :        0        1         1 
	   Disk (KB)            :        1        1      2830 
	   GPUs                 :                           0 
	   Memory (MB)          :      112     1098      1100 
	   TimeExecute (s)      :       93                    
	   TimeSlotBusy (s)     :       94                    

	Job terminated of its own accord at 2025-12-22T08:38:32Z with exit-code 0.
...
006 (1209287.005.000) 2025-12-22 17:38:33 Image size of job updated: 270068
	2  -  MemoryUsage of job (MB)
	1204  -  ResidentSetSize of job (KB)
...
005 (1209287.005.000) 2025-12-22 17:38:34 Job terminated.
	(1) Normal termination (return value 0)
		Usr 0 00:01:09, Sys 0 00:00:03  -  Run Remote Usage
		Usr 0 00:00:00, Sys 0 00:00:00  -  Run Local Usage
		Usr 0 00:01:09, Sys 0 00:00:03  -  Total Remote Usage
		Usr 0 00:00:00, Sys 0 00:00:00  -  Total Local Usage
	0  -  Run Bytes Sent By Job
	0  -  Run Bytes Received By Job
	0  -  Total Bytes Sent By Job
	0  -  Total Bytes Received By Job
	Partitionable Resources :    Usage  Request Allocated 
	   Cpus                 :     0.41        1         1 
	   Disk (KB)            :     1           1      2833 
	   GPUs                 :                           0 
	   Memory (MB)          :     2        1098      1100 
	   TimeExecute (s)      :    94                       
	   TimeSlotBusy (s)     :    96                       

	Job terminated of its own accord at 2025-12-22T08:38:33Z with exit-code 0.
...
006 (1209287.019.000) 2025-12-22 17:39:02 Image size of job updated: 503228
	117  -  MemoryUsage of job (MB)
	119488  -  ResidentSetSize of job (KB)
...
005 (1209287.019.000) 2025-12-22 17:39:03 Job terminated.
	(1) Normal termination (return value 0)
		Usr 0 00:01:52, Sys 0 00:00:02  -  Run Remote Usage
		Usr 0 00:00:00, Sys 0 00:00:00  -  Run Local Usage
		Usr 0 00:01:52, Sys 0 00:00:02  -  Total Remote Usage
		Usr 0 00:00:00, Sys 0 00:00:00  -  Total Local Usage
	0  -  Run Bytes Sent By Job
	0  -  Run Bytes Received By Job
	0  -  Total Bytes Sent By Job
	0  -  Total Bytes Received By Job
	Partitionable Resources :    Usage  Request Allocated 
	   Cpus                 :        0        1         1 
	   Disk (KB)            :        1        1      2820 
	   GPUs                 :                           0 
	   Memory (MB)          :      117     1098      1100 
	   TimeExecute (s)      :      119                    
	   TimeSlotBusy (s)     :      120                    

	Job terminated of its own accord at 2025-12-22T08:39:03Z with exit-code 0.
...
006 (1209287.014.000) 2025-12-22 17:39:14 Image size of job updated: 606836
	118  -  MemoryUsage of job (MB)
	120036  -  ResidentSetSize of job (KB)
...
005 (1209287.014.000) 2025-12-22 17:39:15 Job terminated.
	(1) Normal termination (return value 0)
		Usr 0 00:02:04, Sys 0 00:00:03  -  Run Remote Usage
		Usr 0 00:00:00, Sys 0 00:00:00  -  Run Local Usage
		Usr 0 00:02:04, Sys 0 00:00:03  -  Total Remote Usage
		Usr 0 00:00:00, Sys 0 00:00:00  -  Total Local Usage
	0  -  Run Bytes Sent By Job
	0  -  Run Bytes Received By Job
	0  -  Total Bytes Sent By Job
	0  -  Total Bytes Received By Job
	Partitionable Resources :    Usage  Request Allocated 
	   Cpus                 :     0.98        1         1 
	   Disk (KB)            :     1           1      2819 
	   GPUs                 :                           0 
	   Memory (MB)          :   118        1098      1100 
	   TimeExecute (s)      :   133                       
	   TimeSlotBusy (s)     :   134                       

	Job terminated of its own accord at 2025-12-22T08:39:14Z with exit-code 0.
...
006 (1209287.002.000) 2025-12-22 17:40:26 Image size of job updated: 1440672
	152  -  MemoryUsage of job (MB)
	154988  -  ResidentSetSize of job (KB)
...
005 (1209287.002.000) 2025-12-22 17:40:26 Job terminated.
	(1) Normal termination (return value 0)
		Usr 0 00:03:16, Sys 0 00:00:03  -  Run Remote Usage
		Usr 0 00:00:00, Sys 0 00:00:00  -  Run Local Usage
		Usr 0 00:03:16, Sys 0 00:00:03  -  Total Remote Usage
		Usr 0 00:00:00, Sys 0 00:00:00  -  Total Local Usage
	0  -  Run Bytes Sent By Job
	0  -  Run Bytes Received By Job
	0  -  Total Bytes Sent By Job
	0  -  Total Bytes Received By Job
	Partitionable Resources :    Usage  Request Allocated 
	   Cpus                 :     0.96        1         1 
	   Disk (KB)            :     1           1      2815 
	   GPUs                 :                           0 
	   Memory (MB)          :   152        1098      1100 
	   TimeExecute (s)      :   209                       
	   TimeSlotBusy (s)     :   209                       

	Job terminated of its own accord at 2025-12-22T08:40:26Z with exit-code 0.
...
006 (1209287.022.000) 2025-12-22 17:40:42 Image size of job updated: 1482904
	152  -  MemoryUsage of job (MB)
	155016  -  ResidentSetSize of job (KB)
...
005 (1209287.022.000) 2025-12-22 17:40:42 Job terminated.
	(1) Normal termination (return value 0)
		Usr 0 00:03:23, Sys 0 00:00:04  -  Run Remote Usage
		Usr 0 00:00:00, Sys 0 00:00:00  -  Run Local Usage
		Usr 0 00:03:23, Sys 0 00:00:04  -  Total Remote Usage
		Usr 0 00:00:00, Sys 0 00:00:00  -  Total Local Usage
	0  -  Run Bytes Sent By Job
	0  -  Run Bytes Received By Job
	0  -  Total Bytes Sent By Job
	0  -  Total Bytes Received By Job
	Partitionable Resources :    Usage  Request Allocated 
	   Cpus                 :     0.96        1         1 
	   Disk (KB)            :     1           1      2840 
	   GPUs                 :                           0 
	   Memory (MB)          :   152        1098      1100 
	   TimeExecute (s)      :   218                       
	   TimeSlotBusy (s)     :   218                       

	Job terminated of its own accord at 2025-12-22T08:40:42Z with exit-code 0.
...
006 (1209287.012.000) 2025-12-22 17:41:48 Image size of job updated: 1221948
	119  -  MemoryUsage of job (MB)
	121064  -  ResidentSetSize of job (KB)
...
005 (1209287.012.000) 2025-12-22 17:41:48 Job terminated.
	(1) Normal termination (return value 0)
		Usr 0 00:04:32, Sys 0 00:00:05  -  Run Remote Usage
		Usr 0 00:00:00, Sys 0 00:00:00  -  Run Local Usage
		Usr 0 00:04:32, Sys 0 00:00:05  -  Total Remote Usage
		Usr 0 00:00:00, Sys 0 00:00:00  -  Total Local Usage
	0  -  Run Bytes Sent By Job
	0  -  Run Bytes Received By Job
	0  -  Total Bytes Sent By Job
	0  -  Total Bytes Received By Job
	Partitionable Resources :    Usage  Request Allocated 
	   Cpus                 :        0        1         1 
	   Disk (KB)            :        1        1      2754 
	   GPUs                 :                           0 
	   Memory (MB)          :      119     1098      1100 
	   TimeExecute (s)      :      287                    
	   TimeSlotBusy (s)     :      287                    

	Job terminated of its own accord at 2025-12-22T08:41:48Z with exit-code 0.
...
006 (1209287.025.000) 2025-12-22 17:42:15 Image size of job updated: 949792
	928  -  MemoryUsage of job (MB)
	949792  -  ResidentSetSize of job (KB)
...
006 (1209287.025.000) 2025-12-22 17:44:05 Image size of job updated: 1261672
	928  -  MemoryUsage of job (MB)
	949792  -  ResidentSetSize of job (KB)
...
005 (1209287.025.000) 2025-12-22 17:44:05 Job terminated.
	(1) Normal termination (return value 0)
		Usr 0 00:06:13, Sys 0 00:00:11  -  Run Remote Usage
		Usr 0 00:00:00, Sys 0 00:00:00  -  Run Local Usage
		Usr 0 00:06:13, Sys 0 00:00:11  -  Total Remote Usage
		Usr 0 00:00:00, Sys 0 00:00:00  -  Total Local Usage
	0  -  Run Bytes Sent By Job
	0  -  Run Bytes Received By Job
	0  -  Total Bytes Sent By Job
	0  -  Total Bytes Received By Job
	Partitionable Resources :    Usage  Request Allocated 
	   Cpus                 :     0.95        1         1 
	   Disk (KB)            :     1           1      2833 
	   GPUs                 :                           0 
	   Memory (MB)          :   928        1098      1100 
	   TimeExecute (s)      :   420                       
	   TimeSlotBusy (s)     :   420                       

	Job terminated of its own accord at 2025-12-22T08:44:05Z with exit-code 0.
...
