000 (1209269.000.000) 2025-12-22 16:30:46 Job submitted from host: <155.230.23.71:9618?addrs=155.230.23.71-9618+[2407-c000-c024-0-20c-29ff-fe9d-363c]-9618&alias=cms01.knu.ac.kr&noUDP&sock=schedd_1467_d186>
...
000 (1209269.001.000) 2025-12-22 16:30:46 Job submitted from host: <155.230.23.71:9618?addrs=155.230.23.71-9618+[2407-c000-c024-0-20c-29ff-fe9d-363c]-9618&alias=cms01.knu.ac.kr&noUDP&sock=schedd_1467_d186>
...
000 (1209269.002.000) 2025-12-22 16:30:46 Job submitted from host: <155.230.23.71:9618?addrs=155.230.23.71-9618+[2407-c000-c024-0-20c-29ff-fe9d-363c]-9618&alias=cms01.knu.ac.kr&noUDP&sock=schedd_1467_d186>
...
000 (1209269.003.000) 2025-12-22 16:30:46 Job submitted from host: <155.230.23.71:9618?addrs=155.230.23.71-9618+[2407-c000-c024-0-20c-29ff-fe9d-363c]-9618&alias=cms01.knu.ac.kr&noUDP&sock=schedd_1467_d186>
...
000 (1209269.004.000) 2025-12-22 16:30:46 Job submitted from host: <155.230.23.71:9618?addrs=155.230.23.71-9618+[2407-c000-c024-0-20c-29ff-fe9d-363c]-9618&alias=cms01.knu.ac.kr&noUDP&sock=schedd_1467_d186>
...
000 (1209269.005.000) 2025-12-22 16:30:46 Job submitted from host: <155.230.23.71:9618?addrs=155.230.23.71-9618+[2407-c000-c024-0-20c-29ff-fe9d-363c]-9618&alias=cms01.knu.ac.kr&noUDP&sock=schedd_1467_d186>
...
000 (1209269.006.000) 2025-12-22 16:30:46 Job submitted from host: <155.230.23.71:9618?addrs=155.230.23.71-9618+[2407-c000-c024-0-20c-29ff-fe9d-363c]-9618&alias=cms01.knu.ac.kr&noUDP&sock=schedd_1467_d186>
...
000 (1209269.007.000) 2025-12-22 16:30:46 Job submitted from host: <155.230.23.71:9618?addrs=155.230.23.71-9618+[2407-c000-c024-0-20c-29ff-fe9d-363c]-9618&alias=cms01.knu.ac.kr&noUDP&sock=schedd_1467_d186>
...
000 (1209269.008.000) 2025-12-22 16:30:46 Job submitted from host: <155.230.23.71:9618?addrs=155.230.23.71-9618+[2407-c000-c024-0-20c-29ff-fe9d-363c]-9618&alias=cms01.knu.ac.kr&noUDP&sock=schedd_1467_d186>
...
000 (1209269.009.000) 2025-12-22 16:30:46 Job submitted from host: <155.230.23.71:9618?addrs=155.230.23.71-9618+[2407-c000-c024-0-20c-29ff-fe9d-363c]-9618&alias=cms01.knu.ac.kr&noUDP&sock=schedd_1467_d186>
...
000 (1209269.010.000) 2025-12-22 16:30:46 Job submitted from host: <155.230.23.71:9618?addrs=155.230.23.71-9618+[2407-c000-c024-0-20c-29ff-fe9d-363c]-9618&alias=cms01.knu.ac.kr&noUDP&sock=schedd_1467_d186>
...
000 (1209269.011.000) 2025-12-22 16:30:46 Job submitted from host: <155.230.23.71:9618?addrs=155.230.23.71-9618+[2407-c000-c024-0-20c-29ff-fe9d-363c]-9618&alias=cms01.knu.ac.kr&noUDP&sock=schedd_1467_d186>
...
000 (1209269.012.000) 2025-12-22 16:30:46 Job submitted from host: <155.230.23.71:9618?addrs=155.230.23.71-9618+[2407-c000-c024-0-20c-29ff-fe9d-363c]-9618&alias=cms01.knu.ac.kr&noUDP&sock=schedd_1467_d186>
...
000 (1209269.013.000) 2025-12-22 16:30:46 Job submitted from host: <155.230.23.71:9618?addrs=155.230.23.71-9618+[2407-c000-c024-0-20c-29ff-fe9d-363c]-9618&alias=cms01.knu.ac.kr&noUDP&sock=schedd_1467_d186>
...
000 (1209269.014.000) 2025-12-22 16:30:46 Job submitted from host: <155.230.23.71:9618?addrs=155.230.23.71-9618+[2407-c000-c024-0-20c-29ff-fe9d-363c]-9618&alias=cms01.knu.ac.kr&noUDP&sock=schedd_1467_d186>
...
000 (1209269.015.000) 2025-12-22 16:30:46 Job submitted from host: <155.230.23.71:9618?addrs=155.230.23.71-9618+[2407-c000-c024-0-20c-29ff-fe9d-363c]-9618&alias=cms01.knu.ac.kr&noUDP&sock=schedd_1467_d186>
...
000 (1209269.016.000) 2025-12-22 16:30:46 Job submitted from host: <155.230.23.71:9618?addrs=155.230.23.71-9618+[2407-c000-c024-0-20c-29ff-fe9d-363c]-9618&alias=cms01.knu.ac.kr&noUDP&sock=schedd_1467_d186>
...
000 (1209269.017.000) 2025-12-22 16:30:46 Job submitted from host: <155.230.23.71:9618?addrs=155.230.23.71-9618+[2407-c000-c024-0-20c-29ff-fe9d-363c]-9618&alias=cms01.knu.ac.kr&noUDP&sock=schedd_1467_d186>
...
000 (1209269.018.000) 2025-12-22 16:30:46 Job submitted from host: <155.230.23.71:9618?addrs=155.230.23.71-9618+[2407-c000-c024-0-20c-29ff-fe9d-363c]-9618&alias=cms01.knu.ac.kr&noUDP&sock=schedd_1467_d186>
...
000 (1209269.019.000) 2025-12-22 16:30:46 Job submitted from host: <155.230.23.71:9618?addrs=155.230.23.71-9618+[2407-c000-c024-0-20c-29ff-fe9d-363c]-9618&alias=cms01.knu.ac.kr&noUDP&sock=schedd_1467_d186>
...
000 (1209269.020.000) 2025-12-22 16:30:46 Job submitted from host: <155.230.23.71:9618?addrs=155.230.23.71-9618+[2407-c000-c024-0-20c-29ff-fe9d-363c]-9618&alias=cms01.knu.ac.kr&noUDP&sock=schedd_1467_d186>
...
000 (1209269.021.000) 2025-12-22 16:30:46 Job submitted from host: <155.230.23.71:9618?addrs=155.230.23.71-9618+[2407-c000-c024-0-20c-29ff-fe9d-363c]-9618&alias=cms01.knu.ac.kr&noUDP&sock=schedd_1467_d186>
...
000 (1209269.022.000) 2025-12-22 16:30:46 Job submitted from host: <155.230.23.71:9618?addrs=155.230.23.71-9618+[2407-c000-c024-0-20c-29ff-fe9d-363c]-9618&alias=cms01.knu.ac.kr&noUDP&sock=schedd_1467_d186>
...
000 (1209269.023.000) 2025-12-22 16:30:46 Job submitted from host: <155.230.23.71:9618?addrs=155.230.23.71-9618+[2407-c000-c024-0-20c-29ff-fe9d-363c]-9618&alias=cms01.knu.ac.kr&noUDP&sock=schedd_1467_d186>
...
000 (1209269.024.000) 2025-12-22 16:30:46 Job submitted from host: <155.230.23.71:9618?addrs=155.230.23.71-9618+[2407-c000-c024-0-20c-29ff-fe9d-363c]-9618&alias=cms01.knu.ac.kr&noUDP&sock=schedd_1467_d186>
...
000 (1209269.025.000) 2025-12-22 16:30:46 Job submitted from host: <155.230.23.71:9618?addrs=155.230.23.71-9618+[2407-c000-c024-0-20c-29ff-fe9d-363c]-9618&alias=cms01.knu.ac.kr&noUDP&sock=schedd_1467_d186>
...
000 (1209269.026.000) 2025-12-22 16:30:46 Job submitted from host: <155.230.23.71:9618?addrs=155.230.23.71-9618+[2407-c000-c024-0-20c-29ff-fe9d-363c]-9618&alias=cms01.knu.ac.kr&noUDP&sock=schedd_1467_d186>
...
000 (1209269.027.000) 2025-12-22 16:30:46 Job submitted from host: <155.230.23.71:9618?addrs=155.230.23.71-9618+[2407-c000-c024-0-20c-29ff-fe9d-363c]-9618&alias=cms01.knu.ac.kr&noUDP&sock=schedd_1467_d186>
...
000 (1209269.028.000) 2025-12-22 16:30:46 Job submitted from host: <155.230.23.71:9618?addrs=155.230.23.71-9618+[2407-c000-c024-0-20c-29ff-fe9d-363c]-9618&alias=cms01.knu.ac.kr&noUDP&sock=schedd_1467_d186>
...
000 (1209269.029.000) 2025-12-22 16:30:46 Job submitted from host: <155.230.23.71:9618?addrs=155.230.23.71-9618+[2407-c000-c024-0-20c-29ff-fe9d-363c]-9618&alias=cms01.knu.ac.kr&noUDP&sock=schedd_1467_d186>
...
000 (1209269.030.000) 2025-12-22 16:30:46 Job submitted from host: <155.230.23.71:9618?addrs=155.230.23.71-9618+[2407-c000-c024-0-20c-29ff-fe9d-363c]-9618&alias=cms01.knu.ac.kr&noUDP&sock=schedd_1467_d186>
...
000 (1209269.031.000) 2025-12-22 16:30:46 Job submitted from host: <155.230.23.71:9618?addrs=155.230.23.71-9618+[2407-c000-c024-0-20c-29ff-fe9d-363c]-9618&alias=cms01.knu.ac.kr&noUDP&sock=schedd_1467_d186>
...
001 (1209269.000.000) 2025-12-22 17:14:07 Job executing on host: <155.230.21.151:9618?addrs=155.230.21.151-9618+[2407-c000-c025--21-151]-9618&alias=cluster351.knu.ac.kr&noUDP&sock=startd_3486_af3c>
	SlotName: slot1_29@cluster351.knu.ac.kr
	CondorScratchDir = "/home/condor/dir_4076643"
	Cpus = 1
	Disk = 8391
	GPUs = 0
	Memory = 10300
...
006 (1209269.000.000) 2025-12-22 17:14:16 Image size of job updated: 152968
	150  -  MemoryUsage of job (MB)
	152968  -  ResidentSetSize of job (KB)
...
001 (1209269.001.000) 2025-12-22 17:14:27 Job executing on host: <155.230.21.147:9618?addrs=155.230.21.147-9618+[2407-c000-c025--21-147]-9618&alias=cluster347.knu.ac.kr&noUDP&sock=startd_2481_568e>
	SlotName: slot1_2@cluster347.knu.ac.kr
	AvailableGPUs = {  }
	CondorScratchDir = "/home/condor/dir_2207431"
	Cpus = 1
	Disk = 2816
	GPUs = 0
	Memory = 10300
...
001 (1209269.004.000) 2025-12-22 17:14:27 Job executing on host: <155.230.21.153:9618?addrs=155.230.21.153-9618+[2407-c000-c024-0-12ff-e0ff-fe03-bebe]-9618&alias=cluster353.knu.ac.kr&noUDP&sock=startd_3951_a2c6>
	SlotName: slot1_9@cluster353.knu.ac.kr
	CondorScratchDir = "/home/condor/dir_4004741"
	Cpus = 1
	Disk = 2770
	GPUs = 0
	Memory = 10300
...
001 (1209269.003.000) 2025-12-22 17:14:28 Job executing on host: <155.230.21.137:9618?addrs=155.230.21.137-9618+[2407-c000-c025--21-137]-9618&alias=cluster337.knu.ac.kr&noUDP&sock=startd_3737_d982>
	SlotName: slot1_30@cluster337.knu.ac.kr
	CondorScratchDir = "/home/condor/dir_135408"
	Cpus = 1
	Disk = 4693
	GPUs = 0
	Memory = 10300
...
001 (1209269.002.000) 2025-12-22 17:14:28 Job executing on host: <155.230.21.135:9618?addrs=155.230.21.135-9618+[2407-c000-c025--21-135]-9618&alias=cluster335.knu.ac.kr&noUDP&sock=startd_2528_9382>
	SlotName: slot1_12@cluster335.knu.ac.kr
	CondorScratchDir = "/home/condor/dir_1273745"
	Cpus = 1
	Disk = 2830
	GPUs = 0
	Memory = 10300
...
001 (1209269.005.000) 2025-12-22 17:14:28 Job executing on host: <155.230.21.155:9618?addrs=155.230.21.155-9618+[2407-c000-c025--21-155]-9618&alias=cluster355.knu.ac.kr&noUDP&sock=startd_8970_409c>
	SlotName: slot1_10@cluster355.knu.ac.kr
	CondorScratchDir = "/home/condor/dir_2018968"
	Cpus = 1
	Disk = 4673
	GPUs = 0
	Memory = 10300
...
001 (1209269.008.000) 2025-12-22 17:14:29 Job executing on host: <155.230.21.155:9618?addrs=155.230.21.155-9618+[2407-c000-c025--21-155]-9618&alias=cluster355.knu.ac.kr&noUDP&sock=startd_8970_409c>
	SlotName: slot1_12@cluster355.knu.ac.kr
	CondorScratchDir = "/home/condor/dir_2019041"
	Cpus = 1
	Disk = 4673
	GPUs = 0
	Memory = 10300
...
001 (1209269.007.000) 2025-12-22 17:14:29 Job executing on host: <155.230.21.135:9618?addrs=155.230.21.135-9618+[2407-c000-c025--21-135]-9618&alias=cluster335.knu.ac.kr&noUDP&sock=startd_2528_9382>
	SlotName: slot1_15@cluster335.knu.ac.kr
	CondorScratchDir = "/home/condor/dir_1273811"
	Cpus = 1
	Disk = 2830
	GPUs = 0
	Memory = 10300
...
001 (1209269.006.000) 2025-12-22 17:14:29 Job executing on host: <155.230.21.151:9618?addrs=155.230.21.151-9618+[2407-c000-c025--21-151]-9618&alias=cluster351.knu.ac.kr&noUDP&sock=startd_3486_af3c>
	SlotName: slot1_2@cluster351.knu.ac.kr
	CondorScratchDir = "/home/condor/dir_4077018"
	Cpus = 1
	Disk = 8391
	GPUs = 0
	Memory = 10300
...
001 (1209269.009.000) 2025-12-22 17:14:30 Job executing on host: <155.230.21.155:9618?addrs=155.230.21.155-9618+[2407-c000-c025--21-155]-9618&alias=cluster355.knu.ac.kr&noUDP&sock=startd_8970_409c>
	SlotName: slot1_20@cluster355.knu.ac.kr
	CondorScratchDir = "/home/condor/dir_2019206"
	Cpus = 1
	Disk = 4673
	GPUs = 0
	Memory = 10300
...
006 (1209269.000.000) 2025-12-22 17:14:30 Image size of job updated: 258172
	150  -  MemoryUsage of job (MB)
	152968  -  ResidentSetSize of job (KB)
...
005 (1209269.000.000) 2025-12-22 17:14:30 Job terminated.
	(1) Normal termination (return value 0)
		Usr 0 00:00:20, Sys 0 00:00:01  -  Run Remote Usage
		Usr 0 00:00:00, Sys 0 00:00:00  -  Run Local Usage
		Usr 0 00:00:20, Sys 0 00:00:01  -  Total Remote Usage
		Usr 0 00:00:00, Sys 0 00:00:00  -  Total Local Usage
	0  -  Run Bytes Sent By Job
	0  -  Run Bytes Received By Job
	0  -  Total Bytes Sent By Job
	0  -  Total Bytes Received By Job
	Partitionable Resources :    Usage  Request Allocated 
	   Cpus                 :        0        1         1 
	   Disk (KB)            :        1        1      8391 
	   GPUs                 :                           0 
	   Memory (MB)          :      150    10240     10300 
	   TimeExecute (s)      :       23                    
	   TimeSlotBusy (s)     :       23                    

	Job terminated of its own accord at 2025-12-22T08:14:30Z with exit-code 0.
...
006 (1209269.001.000) 2025-12-22 17:14:35 Image size of job updated: 154836
	152  -  MemoryUsage of job (MB)
	154836  -  ResidentSetSize of job (KB)
...
006 (1209269.004.000) 2025-12-22 17:14:35 Image size of job updated: 154336
	151  -  MemoryUsage of job (MB)
	154336  -  ResidentSetSize of job (KB)
...
006 (1209269.003.000) 2025-12-22 17:14:37 Image size of job updated: 154340
	151  -  MemoryUsage of job (MB)
	154340  -  ResidentSetSize of job (KB)
...
006 (1209269.002.000) 2025-12-22 17:14:37 Image size of job updated: 154376
	151  -  MemoryUsage of job (MB)
	154376  -  ResidentSetSize of job (KB)
...
006 (1209269.005.000) 2025-12-22 17:14:37 Image size of job updated: 180340
	177  -  MemoryUsage of job (MB)
	180340  -  ResidentSetSize of job (KB)
...
006 (1209269.009.000) 2025-12-22 17:14:38 Image size of job updated: 160136
	157  -  MemoryUsage of job (MB)
	160136  -  ResidentSetSize of job (KB)
...
006 (1209269.008.000) 2025-12-22 17:14:38 Image size of job updated: 162148
	159  -  MemoryUsage of job (MB)
	162148  -  ResidentSetSize of job (KB)
...
006 (1209269.007.000) 2025-12-22 17:14:38 Image size of job updated: 154196
	151  -  MemoryUsage of job (MB)
	154196  -  ResidentSetSize of job (KB)
...
006 (1209269.006.000) 2025-12-22 17:14:38 Image size of job updated: 155016
	152  -  MemoryUsage of job (MB)
	155016  -  ResidentSetSize of job (KB)
...
005 (1209269.008.000) 2025-12-22 17:14:38 Job terminated.
	(1) Normal termination (return value 0)
		Usr 0 00:00:07, Sys 0 00:00:00  -  Run Remote Usage
		Usr 0 00:00:00, Sys 0 00:00:00  -  Run Local Usage
		Usr 0 00:00:07, Sys 0 00:00:00  -  Total Remote Usage
		Usr 0 00:00:00, Sys 0 00:00:00  -  Total Local Usage
	0  -  Run Bytes Sent By Job
	0  -  Run Bytes Received By Job
	0  -  Total Bytes Sent By Job
	0  -  Total Bytes Received By Job
	Partitionable Resources :    Usage  Request Allocated 
	   Cpus                 :        0        1         1 
	   Disk (KB)            :        1        1      4673 
	   GPUs                 :                           0 
	   Memory (MB)          :      159    10240     10300 
	   TimeExecute (s)      :        9                    
	   TimeSlotBusy (s)     :        9                    

	Job terminated of its own accord at 2025-12-22T08:14:38Z with exit-code 0.
...
006 (1209269.005.000) 2025-12-22 17:14:46 Image size of job updated: 283168
	177  -  MemoryUsage of job (MB)
	180340  -  ResidentSetSize of job (KB)
...
005 (1209269.005.000) 2025-12-22 17:14:46 Job terminated.
	(1) Normal termination (return value 0)
		Usr 0 00:00:16, Sys 0 00:00:00  -  Run Remote Usage
		Usr 0 00:00:00, Sys 0 00:00:00  -  Run Local Usage
		Usr 0 00:00:16, Sys 0 00:00:00  -  Total Remote Usage
		Usr 0 00:00:00, Sys 0 00:00:00  -  Total Local Usage
	0  -  Run Bytes Sent By Job
	0  -  Run Bytes Received By Job
	0  -  Total Bytes Sent By Job
	0  -  Total Bytes Received By Job
	Partitionable Resources :    Usage  Request Allocated 
	   Cpus                 :        0        1         1 
	   Disk (KB)            :        1        1      4673 
	   GPUs                 :                           0 
	   Memory (MB)          :      177    10240     10300 
	   TimeExecute (s)      :       18                    
	   TimeSlotBusy (s)     :       18                    

	Job terminated of its own accord at 2025-12-22T08:14:46Z with exit-code 0.
...
001 (1209269.010.000) 2025-12-22 17:14:50 Job executing on host: <155.230.21.155:9618?addrs=155.230.21.155-9618+[2407-c000-c025--21-155]-9618&alias=cluster355.knu.ac.kr&noUDP&sock=startd_8970_409c>
	SlotName: slot1_2@cluster355.knu.ac.kr
	CondorScratchDir = "/home/condor/dir_2019509"
	Cpus = 1
	Disk = 4673
	GPUs = 0
	Memory = 10300
...
001 (1209269.011.000) 2025-12-22 17:14:50 Job executing on host: <155.230.21.151:9618?addrs=155.230.21.151-9618+[2407-c000-c025--21-151]-9618&alias=cluster351.knu.ac.kr&noUDP&sock=startd_3486_af3c>
	SlotName: slot1_14@cluster351.knu.ac.kr
	CondorScratchDir = "/home/condor/dir_4077246"
	Cpus = 1
	Disk = 8391
	GPUs = 0
	Memory = 10300
...
001 (1209269.012.000) 2025-12-22 17:14:51 Job executing on host: <155.230.21.155:9618?addrs=155.230.21.155-9618+[2407-c000-c025--21-155]-9618&alias=cluster355.knu.ac.kr&noUDP&sock=startd_8970_409c>
	SlotName: slot1_7@cluster355.knu.ac.kr
	CondorScratchDir = "/home/condor/dir_2019582"
	Cpus = 1
	Disk = 4673
	GPUs = 0
	Memory = 10300
...
001 (1209269.014.000) 2025-12-22 17:14:51 Job executing on host: <155.230.21.155:9618?addrs=155.230.21.155-9618+[2407-c000-c025--21-155]-9618&alias=cluster355.knu.ac.kr&noUDP&sock=startd_8970_409c>
	SlotName: slot1_10@cluster355.knu.ac.kr
	CondorScratchDir = "/home/condor/dir_2019583"
	Cpus = 1
	Disk = 4673
	GPUs = 0
	Memory = 10300
...
001 (1209269.013.000) 2025-12-22 17:14:51 Job executing on host: <155.230.21.151:9618?addrs=155.230.21.151-9618+[2407-c000-c025--21-151]-9618&alias=cluster351.knu.ac.kr&noUDP&sock=startd_3486_af3c>
	SlotName: slot1_29@cluster351.knu.ac.kr
	CondorScratchDir = "/home/condor/dir_4077291"
	Cpus = 1
	Disk = 8391
	GPUs = 0
	Memory = 10300
...
001 (1209269.015.000) 2025-12-22 17:14:52 Job executing on host: <155.230.21.151:9618?addrs=155.230.21.151-9618+[2407-c000-c025--21-151]-9618&alias=cluster351.knu.ac.kr&noUDP&sock=startd_3486_af3c>
	SlotName: slot1_40@cluster351.knu.ac.kr
	CondorScratchDir = "/home/condor/dir_4077490"
	Cpus = 1
	Disk = 8391
	GPUs = 0
	Memory = 10300
...
006 (1209269.010.000) 2025-12-22 17:14:58 Image size of job updated: 152896
	150  -  MemoryUsage of job (MB)
	152896  -  ResidentSetSize of job (KB)
...
005 (1209269.010.000) 2025-12-22 17:14:58 Job terminated.
	(1) Normal termination (return value 0)
		Usr 0 00:00:07, Sys 0 00:00:00  -  Run Remote Usage
		Usr 0 00:00:00, Sys 0 00:00:00  -  Run Local Usage
		Usr 0 00:00:07, Sys 0 00:00:00  -  Total Remote Usage
		Usr 0 00:00:00, Sys 0 00:00:00  -  Total Local Usage
	0  -  Run Bytes Sent By Job
	0  -  Run Bytes Received By Job
	0  -  Total Bytes Sent By Job
	0  -  Total Bytes Received By Job
	Partitionable Resources :    Usage  Request Allocated 
	   Cpus                 :        0        1         1 
	   Disk (KB)            :        1        1      4673 
	   GPUs                 :                           0 
	   Memory (MB)          :      150    10240     10300 
	   TimeExecute (s)      :        8                    
	   TimeSlotBusy (s)     :        8                    

	Job terminated of its own accord at 2025-12-22T08:14:58Z with exit-code 0.
...
006 (1209269.012.000) 2025-12-22 17:14:59 Image size of job updated: 159788
	157  -  MemoryUsage of job (MB)
	159788  -  ResidentSetSize of job (KB)
...
006 (1209269.014.000) 2025-12-22 17:14:59 Image size of job updated: 164436
	161  -  MemoryUsage of job (MB)
	164436  -  ResidentSetSize of job (KB)
...
006 (1209269.013.000) 2025-12-22 17:14:59 Image size of job updated: 154292
	151  -  MemoryUsage of job (MB)
	154292  -  ResidentSetSize of job (KB)
...
006 (1209269.011.000) 2025-12-22 17:14:59 Image size of job updated: 154324
	151  -  MemoryUsage of job (MB)
	154324  -  ResidentSetSize of job (KB)
...
006 (1209269.015.000) 2025-12-22 17:15:01 Image size of job updated: 153284
	150  -  MemoryUsage of job (MB)
	153284  -  ResidentSetSize of job (KB)
...
006 (1209269.014.000) 2025-12-22 17:15:05 Image size of job updated: 203772
	161  -  MemoryUsage of job (MB)
	164436  -  ResidentSetSize of job (KB)
...
005 (1209269.014.000) 2025-12-22 17:15:05 Job terminated.
	(1) Normal termination (return value 0)
		Usr 0 00:00:12, Sys 0 00:00:00  -  Run Remote Usage
		Usr 0 00:00:00, Sys 0 00:00:00  -  Run Local Usage
		Usr 0 00:00:12, Sys 0 00:00:00  -  Total Remote Usage
		Usr 0 00:00:00, Sys 0 00:00:00  -  Total Local Usage
	0  -  Run Bytes Sent By Job
	0  -  Run Bytes Received By Job
	0  -  Total Bytes Sent By Job
	0  -  Total Bytes Received By Job
	Partitionable Resources :    Usage  Request Allocated 
	   Cpus                 :        0        1         1 
	   Disk (KB)            :        1        1      4673 
	   GPUs                 :                           0 
	   Memory (MB)          :      161    10240     10300 
	   TimeExecute (s)      :       14                    
	   TimeSlotBusy (s)     :       14                    

	Job terminated of its own accord at 2025-12-22T08:15:05Z with exit-code 0.
...
006 (1209269.012.000) 2025-12-22 17:15:05 Image size of job updated: 197260
	157  -  MemoryUsage of job (MB)
	159788  -  ResidentSetSize of job (KB)
...
005 (1209269.012.000) 2025-12-22 17:15:05 Job terminated.
	(1) Normal termination (return value 0)
		Usr 0 00:00:12, Sys 0 00:00:00  -  Run Remote Usage
		Usr 0 00:00:00, Sys 0 00:00:00  -  Run Local Usage
		Usr 0 00:00:12, Sys 0 00:00:00  -  Total Remote Usage
		Usr 0 00:00:00, Sys 0 00:00:00  -  Total Local Usage
	0  -  Run Bytes Sent By Job
	0  -  Run Bytes Received By Job
	0  -  Total Bytes Sent By Job
	0  -  Total Bytes Received By Job
	Partitionable Resources :    Usage  Request Allocated 
	   Cpus                 :        0        1         1 
	   Disk (KB)            :        1        1      4673 
	   GPUs                 :                           0 
	   Memory (MB)          :      157    10240     10300 
	   TimeExecute (s)      :       14                    
	   TimeSlotBusy (s)     :       14                    

	Job terminated of its own accord at 2025-12-22T08:15:05Z with exit-code 0.
...
001 (1209269.019.000) 2025-12-22 17:15:21 Job executing on host: <155.230.21.153:9618?addrs=155.230.21.153-9618+[2407-c000-c024-0-12ff-e0ff-fe03-bebe]-9618&alias=cluster353.knu.ac.kr&noUDP&sock=startd_3951_a2c6>
	SlotName: slot1_4@cluster353.knu.ac.kr
	CondorScratchDir = "/home/condor/dir_4005165"
	Cpus = 1
	Disk = 2770
	GPUs = 0
	Memory = 10300
...
001 (1209269.016.000) 2025-12-22 17:15:21 Job executing on host: <155.230.21.135:9618?addrs=155.230.21.135-9618+[2407-c000-c025--21-135]-9618&alias=cluster335.knu.ac.kr&noUDP&sock=startd_2528_9382>
	SlotName: slot1_10@cluster335.knu.ac.kr
	CondorScratchDir = "/home/condor/dir_1274959"
	Cpus = 1
	Disk = 2830
	GPUs = 0
	Memory = 10300
...
001 (1209269.017.000) 2025-12-22 17:15:22 Job executing on host: <155.230.21.155:9618?addrs=155.230.21.155-9618+[2407-c000-c025--21-155]-9618&alias=cluster355.knu.ac.kr&noUDP&sock=startd_8970_409c>
	SlotName: slot1_7@cluster355.knu.ac.kr
	CondorScratchDir = "/home/condor/dir_2021146"
	Cpus = 1
	Disk = 4673
	GPUs = 0
	Memory = 10300
...
001 (1209269.018.000) 2025-12-22 17:15:22 Job executing on host: <155.230.21.148:9618?addrs=155.230.21.148-9618+[2407-c000-c025--21-148]-9618&alias=cluster348.knu.ac.kr&noUDP&sock=startd_2894_9f2b>
	SlotName: slot1_6@cluster348.knu.ac.kr
	CondorScratchDir = "/home/condor/dir_789799"
	Cpus = 1
	Disk = 2048
	GPUs = 0
	Memory = 10300
...
001 (1209269.020.000) 2025-12-22 17:15:22 Job executing on host: <155.230.21.151:9618?addrs=155.230.21.151-9618+[2407-c000-c025--21-151]-9618&alias=cluster351.knu.ac.kr&noUDP&sock=startd_3486_af3c>
	SlotName: slot1_13@cluster351.knu.ac.kr
	CondorScratchDir = "/home/condor/dir_4077939"
	Cpus = 1
	Disk = 8391
	GPUs = 0
	Memory = 10300
...
001 (1209269.021.000) 2025-12-22 17:15:24 Job executing on host: <155.230.21.153:9618?addrs=155.230.21.153-9618+[2407-c000-c024-0-12ff-e0ff-fe03-bebe]-9618&alias=cluster353.knu.ac.kr&noUDP&sock=startd_3951_a2c6>
	SlotName: slot1_5@cluster353.knu.ac.kr
	CondorScratchDir = "/home/condor/dir_4005338"
	Cpus = 1
	Disk = 2770
	GPUs = 0
	Memory = 10300
...
001 (1209269.022.000) 2025-12-22 17:15:24 Job executing on host: <155.230.21.155:9618?addrs=155.230.21.155-9618+[2407-c000-c025--21-155]-9618&alias=cluster355.knu.ac.kr&noUDP&sock=startd_8970_409c>
	SlotName: slot1_10@cluster355.knu.ac.kr
	CondorScratchDir = "/home/condor/dir_2021316"
	Cpus = 1
	Disk = 4673
	GPUs = 0
	Memory = 10300
...
001 (1209269.023.000) 2025-12-22 17:15:24 Job executing on host: <155.230.21.151:9618?addrs=155.230.21.151-9618+[2407-c000-c025--21-151]-9618&alias=cluster351.knu.ac.kr&noUDP&sock=startd_3486_af3c>
	SlotName: slot1_35@cluster351.knu.ac.kr
	CondorScratchDir = "/home/condor/dir_4078103"
	Cpus = 1
	Disk = 8391
	GPUs = 0
	Memory = 10300
...
001 (1209269.024.000) 2025-12-22 17:15:25 Job executing on host: <155.230.21.151:9618?addrs=155.230.21.151-9618+[2407-c000-c025--21-151]-9618&alias=cluster351.knu.ac.kr&noUDP&sock=startd_3486_af3c>
	SlotName: slot1_39@cluster351.knu.ac.kr
	CondorScratchDir = "/home/condor/dir_4078183"
	Cpus = 1
	Disk = 8391
	GPUs = 0
	Memory = 10300
...
006 (1209269.015.000) 2025-12-22 17:15:29 Image size of job updated: 504388
	150  -  MemoryUsage of job (MB)
	153284  -  ResidentSetSize of job (KB)
...
005 (1209269.015.000) 2025-12-22 17:15:29 Job terminated.
	(1) Normal termination (return value 0)
		Usr 0 00:00:32, Sys 0 00:00:01  -  Run Remote Usage
		Usr 0 00:00:00, Sys 0 00:00:00  -  Run Local Usage
		Usr 0 00:00:32, Sys 0 00:00:01  -  Total Remote Usage
		Usr 0 00:00:00, Sys 0 00:00:00  -  Total Local Usage
	0  -  Run Bytes Sent By Job
	0  -  Run Bytes Received By Job
	0  -  Total Bytes Sent By Job
	0  -  Total Bytes Received By Job
	Partitionable Resources :    Usage  Request Allocated 
	   Cpus                 :        0        1         1 
	   Disk (KB)            :        1        1      8391 
	   GPUs                 :                           0 
	   Memory (MB)          :      150    10240     10300 
	   TimeExecute (s)      :       37                    
	   TimeSlotBusy (s)     :       37                    

	Job terminated of its own accord at 2025-12-22T08:15:29Z with exit-code 0.
...
006 (1209269.017.000) 2025-12-22 17:15:30 Image size of job updated: 154328
	151  -  MemoryUsage of job (MB)
	154328  -  ResidentSetSize of job (KB)
...
006 (1209269.018.000) 2025-12-22 17:15:30 Image size of job updated: 154316
	151  -  MemoryUsage of job (MB)
	154316  -  ResidentSetSize of job (KB)
...
006 (1209269.020.000) 2025-12-22 17:15:30 Image size of job updated: 152872
	150  -  MemoryUsage of job (MB)
	152872  -  ResidentSetSize of job (KB)
...
006 (1209269.019.000) 2025-12-22 17:15:30 Image size of job updated: 202528
	198  -  MemoryUsage of job (MB)
	202528  -  ResidentSetSize of job (KB)
...
006 (1209269.016.000) 2025-12-22 17:15:30 Image size of job updated: 154544
	151  -  MemoryUsage of job (MB)
	154544  -  ResidentSetSize of job (KB)
...
006 (1209269.021.000) 2025-12-22 17:15:31 Image size of job updated: 131560
	0  -  MemoryUsage of job (MB)
	0  -  ResidentSetSize of job (KB)
...
005 (1209269.021.000) 2025-12-22 17:15:31 Job terminated.
	(1) Normal termination (return value 0)
		Usr 0 00:00:05, Sys 0 00:00:00  -  Run Remote Usage
		Usr 0 00:00:00, Sys 0 00:00:00  -  Run Local Usage
		Usr 0 00:00:05, Sys 0 00:00:00  -  Total Remote Usage
		Usr 0 00:00:00, Sys 0 00:00:00  -  Total Local Usage
	0  -  Run Bytes Sent By Job
	0  -  Run Bytes Received By Job
	0  -  Total Bytes Sent By Job
	0  -  Total Bytes Received By Job
	Partitionable Resources :    Usage  Request Allocated 
	   Cpus                 :        0        1         1 
	   Disk (KB)            :        1        1      2770 
	   GPUs                 :                           0 
	   Memory (MB)          :        0    10240     10300 
	   TimeExecute (s)      :        7                    
	   TimeSlotBusy (s)     :        7                    

	Job terminated of its own accord at 2025-12-22T08:15:31Z with exit-code 0.
...
006 (1209269.022.000) 2025-12-22 17:15:32 Image size of job updated: 165012
	162  -  MemoryUsage of job (MB)
	165012  -  ResidentSetSize of job (KB)
...
006 (1209269.023.000) 2025-12-22 17:15:32 Image size of job updated: 154444
	151  -  MemoryUsage of job (MB)
	154444  -  ResidentSetSize of job (KB)
...
006 (1209269.020.000) 2025-12-22 17:15:33 Image size of job updated: 152904
	150  -  MemoryUsage of job (MB)
	152872  -  ResidentSetSize of job (KB)
...
005 (1209269.020.000) 2025-12-22 17:15:33 Job terminated.
	(1) Normal termination (return value 0)
		Usr 0 00:00:08, Sys 0 00:00:00  -  Run Remote Usage
		Usr 0 00:00:00, Sys 0 00:00:00  -  Run Local Usage
		Usr 0 00:00:08, Sys 0 00:00:00  -  Total Remote Usage
		Usr 0 00:00:00, Sys 0 00:00:00  -  Total Local Usage
	0  -  Run Bytes Sent By Job
	0  -  Run Bytes Received By Job
	0  -  Total Bytes Sent By Job
	0  -  Total Bytes Received By Job
	Partitionable Resources :    Usage  Request Allocated 
	   Cpus                 :                 1         1 
	   Disk (KB)            :        1        1      8391 
	   GPUs                 :                           0 
	   Memory (MB)          :      150    10240     10300 
	   TimeExecute (s)      :       11                    
	   TimeSlotBusy (s)     :       11                    

	Job terminated of its own accord at 2025-12-22T08:15:33Z with exit-code 0.
...
006 (1209269.024.000) 2025-12-22 17:15:34 Image size of job updated: 154244
	151  -  MemoryUsage of job (MB)
	154244  -  ResidentSetSize of job (KB)
...
001 (1209269.026.000) 2025-12-22 17:15:44 Job executing on host: <155.230.21.153:9618?addrs=155.230.21.153-9618+[2407-c000-c024-0-12ff-e0ff-fe03-bebe]-9618&alias=cluster353.knu.ac.kr&noUDP&sock=startd_3951_a2c6>
	SlotName: slot1_5@cluster353.knu.ac.kr
	CondorScratchDir = "/home/condor/dir_4005557"
	Cpus = 1
	Disk = 2770
	GPUs = 0
	Memory = 10300
...
001 (1209269.025.000) 2025-12-22 17:15:44 Job executing on host: <155.230.21.106:9618?addrs=155.230.21.106-9618+[2407-c000-c025--21-106]-9618&alias=cluster306.knu.ac.kr&noUDP&sock=startd_7016_f88d>
	SlotName: slot1_5@cluster306.knu.ac.kr
	CondorScratchDir = "/home/condor/dir_3118114"
	Cpus = 1
	Disk = 2824
	GPUs = 0
	Memory = 10300
...
006 (1209269.019.000) 2025-12-22 17:15:45 Image size of job updated: 400164
	198  -  MemoryUsage of job (MB)
	202664  -  ResidentSetSize of job (KB)
...
005 (1209269.019.000) 2025-12-22 17:15:45 Job terminated.
	(1) Normal termination (return value 0)
		Usr 0 00:00:21, Sys 0 00:00:00  -  Run Remote Usage
		Usr 0 00:00:00, Sys 0 00:00:00  -  Run Local Usage
		Usr 0 00:00:21, Sys 0 00:00:00  -  Total Remote Usage
		Usr 0 00:00:00, Sys 0 00:00:00  -  Total Local Usage
	0  -  Run Bytes Sent By Job
	0  -  Run Bytes Received By Job
	0  -  Total Bytes Sent By Job
	0  -  Total Bytes Received By Job
	Partitionable Resources :    Usage  Request Allocated 
	   Cpus                 :        0        1         1 
	   Disk (KB)            :        1        1      2770 
	   GPUs                 :                           0 
	   Memory (MB)          :      198    10240     10300 
	   TimeExecute (s)      :       24                    
	   TimeSlotBusy (s)     :       24                    

	Job terminated of its own accord at 2025-12-22T08:15:45Z with exit-code 0.
...
001 (1209269.028.000) 2025-12-22 17:15:45 Job executing on host: <155.230.21.153:9618?addrs=155.230.21.153-9618+[2407-c000-c024-0-12ff-e0ff-fe03-bebe]-9618&alias=cluster353.knu.ac.kr&noUDP&sock=startd_3951_a2c6>
	SlotName: slot1_11@cluster353.knu.ac.kr
	CondorScratchDir = "/home/condor/dir_4005708"
	Cpus = 1
	Disk = 2770
	GPUs = 0
	Memory = 10300
...
001 (1209269.027.000) 2025-12-22 17:15:45 Job executing on host: <155.230.21.151:9618?addrs=155.230.21.151-9618+[2407-c000-c025--21-151]-9618&alias=cluster351.knu.ac.kr&noUDP&sock=startd_3486_af3c>
	SlotName: slot1_3@cluster351.knu.ac.kr
	CondorScratchDir = "/home/condor/dir_4078469"
	Cpus = 1
	Disk = 8391
	GPUs = 0
	Memory = 10300
...
001 (1209269.029.000) 2025-12-22 17:15:45 Job executing on host: <155.230.21.151:9618?addrs=155.230.21.151-9618+[2407-c000-c025--21-151]-9618&alias=cluster351.knu.ac.kr&noUDP&sock=startd_3486_af3c>
	SlotName: slot1_13@cluster351.knu.ac.kr
	CondorScratchDir = "/home/condor/dir_4078470"
	Cpus = 1
	Disk = 8391
	GPUs = 0
	Memory = 10300
...
001 (1209269.030.000) 2025-12-22 17:15:47 Job executing on host: <155.230.21.151:9618?addrs=155.230.21.151-9618+[2407-c000-c025--21-151]-9618&alias=cluster351.knu.ac.kr&noUDP&sock=startd_3486_af3c>
	SlotName: slot1_40@cluster351.knu.ac.kr
	CondorScratchDir = "/home/condor/dir_4078625"
	Cpus = 1
	Disk = 8391
	GPUs = 0
	Memory = 10300
...
006 (1209269.026.000) 2025-12-22 17:15:53 Image size of job updated: 210488
	206  -  MemoryUsage of job (MB)
	210488  -  ResidentSetSize of job (KB)
...
006 (1209269.025.000) 2025-12-22 17:15:53 Image size of job updated: 152936
	150  -  MemoryUsage of job (MB)
	152936  -  ResidentSetSize of job (KB)
...
001 (1209269.031.000) 2025-12-22 17:15:53 Job executing on host: <155.230.21.153:9618?addrs=155.230.21.153-9618+[2407-c000-c024-0-12ff-e0ff-fe03-bebe]-9618&alias=cluster353.knu.ac.kr&noUDP&sock=startd_3951_a2c6>
	SlotName: slot1_4@cluster353.knu.ac.kr
	CondorScratchDir = "/home/condor/dir_4005926"
	Cpus = 1
	Disk = 2770
	GPUs = 0
	Memory = 10300
...
006 (1209269.028.000) 2025-12-22 17:15:54 Image size of job updated: 189080
	185  -  MemoryUsage of job (MB)
	189080  -  ResidentSetSize of job (KB)
...
006 (1209269.027.000) 2025-12-22 17:15:54 Image size of job updated: 153888
	151  -  MemoryUsage of job (MB)
	153888  -  ResidentSetSize of job (KB)
...
006 (1209269.029.000) 2025-12-22 17:15:54 Image size of job updated: 153252
	150  -  MemoryUsage of job (MB)
	153252  -  ResidentSetSize of job (KB)
...
006 (1209269.030.000) 2025-12-22 17:15:56 Image size of job updated: 152988
	150  -  MemoryUsage of job (MB)
	152988  -  ResidentSetSize of job (KB)
...
006 (1209269.022.000) 2025-12-22 17:15:59 Image size of job updated: 658144
	162  -  MemoryUsage of job (MB)
	165012  -  ResidentSetSize of job (KB)
...
005 (1209269.022.000) 2025-12-22 17:16:00 Job terminated.
	(1) Normal termination (return value 0)
		Usr 0 00:00:33, Sys 0 00:00:01  -  Run Remote Usage
		Usr 0 00:00:00, Sys 0 00:00:00  -  Run Local Usage
		Usr 0 00:00:33, Sys 0 00:00:01  -  Total Remote Usage
		Usr 0 00:00:00, Sys 0 00:00:00  -  Total Local Usage
	0  -  Run Bytes Sent By Job
	0  -  Run Bytes Received By Job
	0  -  Total Bytes Sent By Job
	0  -  Total Bytes Received By Job
	Partitionable Resources :    Usage  Request Allocated 
	   Cpus                 :        0        1         1 
	   Disk (KB)            :        1        1      4673 
	   GPUs                 :                           0 
	   Memory (MB)          :      162    10240     10300 
	   TimeExecute (s)      :       35                    
	   TimeSlotBusy (s)     :       35                    

	Job terminated of its own accord at 2025-12-22T08:15:59Z with exit-code 0.
...
006 (1209269.031.000) 2025-12-22 17:16:03 Image size of job updated: 158284
	155  -  MemoryUsage of job (MB)
	158284  -  ResidentSetSize of job (KB)
...
006 (1209269.004.000) 2025-12-22 17:16:04 Image size of job updated: 1879776
	151  -  MemoryUsage of job (MB)
	154336  -  ResidentSetSize of job (KB)
...
005 (1209269.004.000) 2025-12-22 17:16:05 Job terminated.
	(1) Normal termination (return value 0)
		Usr 0 00:01:31, Sys 0 00:00:02  -  Run Remote Usage
		Usr 0 00:00:00, Sys 0 00:00:00  -  Run Local Usage
		Usr 0 00:01:31, Sys 0 00:00:02  -  Total Remote Usage
		Usr 0 00:00:00, Sys 0 00:00:00  -  Total Local Usage
	0  -  Run Bytes Sent By Job
	0  -  Run Bytes Received By Job
	0  -  Total Bytes Sent By Job
	0  -  Total Bytes Received By Job
	Partitionable Resources :    Usage  Request Allocated 
	   Cpus                 :        0        1         1 
	   Disk (KB)            :        1        1      2770 
	   GPUs                 :                           0 
	   Memory (MB)          :      151    10240     10300 
	   TimeExecute (s)      :       97                    
	   TimeSlotBusy (s)     :       98                    

	Job terminated of its own accord at 2025-12-22T08:16:04Z with exit-code 0.
...
006 (1209269.030.000) 2025-12-22 17:16:07 Image size of job updated: 225360
	150  -  MemoryUsage of job (MB)
	152988  -  ResidentSetSize of job (KB)
...
005 (1209269.030.000) 2025-12-22 17:16:07 Job terminated.
	(1) Normal termination (return value 0)
		Usr 0 00:00:17, Sys 0 00:00:00  -  Run Remote Usage
		Usr 0 00:00:00, Sys 0 00:00:00  -  Run Local Usage
		Usr 0 00:00:17, Sys 0 00:00:00  -  Total Remote Usage
		Usr 0 00:00:00, Sys 0 00:00:00  -  Total Local Usage
	0  -  Run Bytes Sent By Job
	0  -  Run Bytes Received By Job
	0  -  Total Bytes Sent By Job
	0  -  Total Bytes Received By Job
	Partitionable Resources :    Usage  Request Allocated 
	   Cpus                 :        0        1         1 
	   Disk (KB)            :        1        1      8391 
	   GPUs                 :                           0 
	   Memory (MB)          :      150    10240     10300 
	   TimeExecute (s)      :       21                    
	   TimeSlotBusy (s)     :       21                    

	Job terminated of its own accord at 2025-12-22T08:16:07Z with exit-code 0.
...
006 (1209269.025.000) 2025-12-22 17:16:09 Image size of job updated: 239100
	150  -  MemoryUsage of job (MB)
	152936  -  ResidentSetSize of job (KB)
...
005 (1209269.025.000) 2025-12-22 17:16:09 Job terminated.
	(1) Normal termination (return value 0)
		Usr 0 00:00:21, Sys 0 00:00:00  -  Run Remote Usage
		Usr 0 00:00:00, Sys 0 00:00:00  -  Run Local Usage
		Usr 0 00:00:21, Sys 0 00:00:00  -  Total Remote Usage
		Usr 0 00:00:00, Sys 0 00:00:00  -  Total Local Usage
	0  -  Run Bytes Sent By Job
	0  -  Run Bytes Received By Job
	0  -  Total Bytes Sent By Job
	0  -  Total Bytes Received By Job
	Partitionable Resources :    Usage  Request Allocated 
	   Cpus                 :        0        1         1 
	   Disk (KB)            :        1        1      2824 
	   GPUs                 :                           0 
	   Memory (MB)          :      150    10240     10300 
	   TimeExecute (s)      :       25                    
	   TimeSlotBusy (s)     :       25                    

	Job terminated of its own accord at 2025-12-22T08:16:09Z with exit-code 0.
...
006 (1209269.029.000) 2025-12-22 17:16:18 Image size of job updated: 435820
	150  -  MemoryUsage of job (MB)
	153252  -  ResidentSetSize of job (KB)
...
005 (1209269.029.000) 2025-12-22 17:16:18 Job terminated.
	(1) Normal termination (return value 0)
		Usr 0 00:00:29, Sys 0 00:00:01  -  Run Remote Usage
		Usr 0 00:00:00, Sys 0 00:00:00  -  Run Local Usage
		Usr 0 00:00:29, Sys 0 00:00:01  -  Total Remote Usage
		Usr 0 00:00:00, Sys 0 00:00:00  -  Total Local Usage
	0  -  Run Bytes Sent By Job
	0  -  Run Bytes Received By Job
	0  -  Total Bytes Sent By Job
	0  -  Total Bytes Received By Job
	Partitionable Resources :    Usage  Request Allocated 
	   Cpus                 :        0        1         1 
	   Disk (KB)            :        1        1      8391 
	   GPUs                 :                           0 
	   Memory (MB)          :      150    10240     10300 
	   TimeExecute (s)      :       33                    
	   TimeSlotBusy (s)     :       33                    

	Job terminated of its own accord at 2025-12-22T08:16:18Z with exit-code 0.
...
006 (1209269.009.000) 2025-12-22 17:16:22 Image size of job updated: 2082524
	157  -  MemoryUsage of job (MB)
	160136  -  ResidentSetSize of job (KB)
...
005 (1209269.009.000) 2025-12-22 17:16:22 Job terminated.
	(1) Normal termination (return value 0)
		Usr 0 00:01:45, Sys 0 00:00:02  -  Run Remote Usage
		Usr 0 00:00:00, Sys 0 00:00:00  -  Run Local Usage
		Usr 0 00:01:45, Sys 0 00:00:02  -  Total Remote Usage
		Usr 0 00:00:00, Sys 0 00:00:00  -  Total Local Usage
	0  -  Run Bytes Sent By Job
	0  -  Run Bytes Received By Job
	0  -  Total Bytes Sent By Job
	0  -  Total Bytes Received By Job
	Partitionable Resources :    Usage  Request Allocated 
	   Cpus                 :        0        1         1 
	   Disk (KB)            :        1        1      4673 
	   GPUs                 :                           0 
	   Memory (MB)          :      157    10240     10300 
	   TimeExecute (s)      :      112                    
	   TimeSlotBusy (s)     :      112                    

	Job terminated of its own accord at 2025-12-22T08:16:22Z with exit-code 0.
...
006 (1209269.001.000) 2025-12-22 17:16:27 Image size of job updated: 2048620
	152  -  MemoryUsage of job (MB)
	154836  -  ResidentSetSize of job (KB)
...
005 (1209269.001.000) 2025-12-22 17:16:27 Job terminated.
	(1) Normal termination (return value 0)
		Usr 0 00:01:48, Sys 0 00:00:02  -  Run Remote Usage
		Usr 0 00:00:00, Sys 0 00:00:00  -  Run Local Usage
		Usr 0 00:01:48, Sys 0 00:00:02  -  Total Remote Usage
		Usr 0 00:00:00, Sys 0 00:00:00  -  Total Local Usage
	0  -  Run Bytes Sent By Job
	0  -  Run Bytes Received By Job
	0  -  Total Bytes Sent By Job
	0  -  Total Bytes Received By Job
	Partitionable Resources :    Usage  Request Allocated 
	   Cpus                 :        0        1         1 
	   Disk (KB)            :        1        1      2816 
	   GPUs                 :                           0 
	   Memory (MB)          :      152    10240     10300 
	   TimeExecute (s)      :      120                    
	   TimeSlotBusy (s)     :      120                    

	Job terminated of its own accord at 2025-12-22T08:16:27Z with exit-code 0.
...
006 (1209269.007.000) 2025-12-22 17:16:35 Image size of job updated: 1780796
	151  -  MemoryUsage of job (MB)
	154196  -  ResidentSetSize of job (KB)
...
005 (1209269.007.000) 2025-12-22 17:16:35 Job terminated.
	(1) Normal termination (return value 0)
		Usr 0 00:01:58, Sys 0 00:00:02  -  Run Remote Usage
		Usr 0 00:00:00, Sys 0 00:00:00  -  Run Local Usage
		Usr 0 00:01:58, Sys 0 00:00:02  -  Total Remote Usage
		Usr 0 00:00:00, Sys 0 00:00:00  -  Total Local Usage
	0  -  Run Bytes Sent By Job
	0  -  Run Bytes Received By Job
	0  -  Total Bytes Sent By Job
	0  -  Total Bytes Received By Job
	Partitionable Resources :    Usage  Request Allocated 
	   Cpus                 :        0        1         1 
	   Disk (KB)            :        1        1      2830 
	   GPUs                 :                           0 
	   Memory (MB)          :      151    10240     10300 
	   TimeExecute (s)      :      126                    
	   TimeSlotBusy (s)     :      126                    

	Job terminated of its own accord at 2025-12-22T08:16:35Z with exit-code 0.
...
006 (1209269.013.000) 2025-12-22 17:16:57 Image size of job updated: 1817328
	151  -  MemoryUsage of job (MB)
	154292  -  ResidentSetSize of job (KB)
...
005 (1209269.013.000) 2025-12-22 17:16:57 Job terminated.
	(1) Normal termination (return value 0)
		Usr 0 00:01:53, Sys 0 00:00:02  -  Run Remote Usage
		Usr 0 00:00:00, Sys 0 00:00:00  -  Run Local Usage
		Usr 0 00:01:53, Sys 0 00:00:02  -  Total Remote Usage
		Usr 0 00:00:00, Sys 0 00:00:00  -  Total Local Usage
	0  -  Run Bytes Sent By Job
	0  -  Run Bytes Received By Job
	0  -  Total Bytes Sent By Job
	0  -  Total Bytes Received By Job
	Partitionable Resources :    Usage  Request Allocated 
	   Cpus                 :                 1         1 
	   Disk (KB)            :        1        1      8391 
	   GPUs                 :                           0 
	   Memory (MB)          :      151    10240     10300 
	   TimeExecute (s)      :      126                    
	   TimeSlotBusy (s)     :      126                    

	Job terminated of its own accord at 2025-12-22T08:16:57Z with exit-code 0.
...
006 (1209269.017.000) 2025-12-22 17:17:05 Image size of job updated: 1868824
	151  -  MemoryUsage of job (MB)
	154328  -  ResidentSetSize of job (KB)
...
005 (1209269.017.000) 2025-12-22 17:17:06 Job terminated.
	(1) Normal termination (return value 0)
		Usr 0 00:01:37, Sys 0 00:00:02  -  Run Remote Usage
		Usr 0 00:00:00, Sys 0 00:00:00  -  Run Local Usage
		Usr 0 00:01:37, Sys 0 00:00:02  -  Total Remote Usage
		Usr 0 00:00:00, Sys 0 00:00:00  -  Total Local Usage
	0  -  Run Bytes Sent By Job
	0  -  Run Bytes Received By Job
	0  -  Total Bytes Sent By Job
	0  -  Total Bytes Received By Job
	Partitionable Resources :    Usage  Request Allocated 
	   Cpus                 :        0        1         1 
	   Disk (KB)            :        1        1      4673 
	   GPUs                 :                           0 
	   Memory (MB)          :      151    10240     10300 
	   TimeExecute (s)      :      103                    
	   TimeSlotBusy (s)     :      104                    

	Job terminated of its own accord at 2025-12-22T08:17:05Z with exit-code 0.
...
006 (1209269.031.000) 2025-12-22 17:17:07 Image size of job updated: 1156556
	155  -  MemoryUsage of job (MB)
	158284  -  ResidentSetSize of job (KB)
...
005 (1209269.031.000) 2025-12-22 17:17:08 Job terminated.
	(1) Normal termination (return value 0)
		Usr 0 00:01:09, Sys 0 00:00:01  -  Run Remote Usage
		Usr 0 00:00:00, Sys 0 00:00:00  -  Run Local Usage
		Usr 0 00:01:09, Sys 0 00:00:01  -  Total Remote Usage
		Usr 0 00:00:00, Sys 0 00:00:00  -  Total Local Usage
	0  -  Run Bytes Sent By Job
	0  -  Run Bytes Received By Job
	0  -  Total Bytes Sent By Job
	0  -  Total Bytes Received By Job
	Partitionable Resources :    Usage  Request Allocated 
	   Cpus                 :     0.98        1         1 
	   Disk (KB)            :     1           1      2770 
	   GPUs                 :                           0 
	   Memory (MB)          :   155       10240     10300 
	   TimeExecute (s)      :    74                       
	   TimeSlotBusy (s)     :    75                       

	Job terminated of its own accord at 2025-12-22T08:17:07Z with exit-code 0.
...
006 (1209269.002.000) 2025-12-22 17:17:15 Image size of job updated: 1912956
	151  -  MemoryUsage of job (MB)
	154376  -  ResidentSetSize of job (KB)
...
005 (1209269.002.000) 2025-12-22 17:17:15 Job terminated.
	(1) Normal termination (return value 0)
		Usr 0 00:02:36, Sys 0 00:00:03  -  Run Remote Usage
		Usr 0 00:00:00, Sys 0 00:00:00  -  Run Local Usage
		Usr 0 00:02:36, Sys 0 00:00:03  -  Total Remote Usage
		Usr 0 00:00:00, Sys 0 00:00:00  -  Total Local Usage
	0  -  Run Bytes Sent By Job
	0  -  Run Bytes Received By Job
	0  -  Total Bytes Sent By Job
	0  -  Total Bytes Received By Job
	Partitionable Resources :    Usage  Request Allocated 
	   Cpus                 :        0        1         1 
	   Disk (KB)            :        1        1      2830 
	   GPUs                 :                           0 
	   Memory (MB)          :      151    10240     10300 
	   TimeExecute (s)      :      167                    
	   TimeSlotBusy (s)     :      167                    

	Job terminated of its own accord at 2025-12-22T08:17:15Z with exit-code 0.
...
006 (1209269.003.000) 2025-12-22 17:17:18 Image size of job updated: 1879956
	151  -  MemoryUsage of job (MB)
	154340  -  ResidentSetSize of job (KB)
...
005 (1209269.003.000) 2025-12-22 17:17:18 Job terminated.
	(1) Normal termination (return value 0)
		Usr 0 00:02:38, Sys 0 00:00:04  -  Run Remote Usage
		Usr 0 00:00:00, Sys 0 00:00:00  -  Run Local Usage
		Usr 0 00:02:38, Sys 0 00:00:04  -  Total Remote Usage
		Usr 0 00:00:00, Sys 0 00:00:00  -  Total Local Usage
	0  -  Run Bytes Sent By Job
	0  -  Run Bytes Received By Job
	0  -  Total Bytes Sent By Job
	0  -  Total Bytes Received By Job
	Partitionable Resources :    Usage  Request Allocated 
	   Cpus                 :     0.94        1         1 
	   Disk (KB)            :     1           1      4693 
	   GPUs                 :                           0 
	   Memory (MB)          :   151       10240     10300 
	   TimeExecute (s)      :   170                       
	   TimeSlotBusy (s)     :   170                       

	Job terminated of its own accord at 2025-12-22T08:17:18Z with exit-code 0.
...
006 (1209269.011.000) 2025-12-22 17:17:19 Image size of job updated: 1892728
	151  -  MemoryUsage of job (MB)
	154324  -  ResidentSetSize of job (KB)
...
005 (1209269.011.000) 2025-12-22 17:17:19 Job terminated.
	(1) Normal termination (return value 0)
		Usr 0 00:02:13, Sys 0 00:00:04  -  Run Remote Usage
		Usr 0 00:00:00, Sys 0 00:00:00  -  Run Local Usage
		Usr 0 00:02:13, Sys 0 00:00:04  -  Total Remote Usage
		Usr 0 00:00:00, Sys 0 00:00:00  -  Total Local Usage
	0  -  Run Bytes Sent By Job
	0  -  Run Bytes Received By Job
	0  -  Total Bytes Sent By Job
	0  -  Total Bytes Received By Job
	Partitionable Resources :    Usage  Request Allocated 
	   Cpus                 :        0        1         1 
	   Disk (KB)            :        1        1      8391 
	   GPUs                 :                           0 
	   Memory (MB)          :      151    10240     10300 
	   TimeExecute (s)      :      149                    
	   TimeSlotBusy (s)     :      149                    

	Job terminated of its own accord at 2025-12-22T08:17:19Z with exit-code 0.
...
006 (1209269.027.000) 2025-12-22 17:17:22 Image size of job updated: 1166140
	151  -  MemoryUsage of job (MB)
	153888  -  ResidentSetSize of job (KB)
...
005 (1209269.027.000) 2025-12-22 17:17:22 Job terminated.
	(1) Normal termination (return value 0)
		Usr 0 00:01:28, Sys 0 00:00:02  -  Run Remote Usage
		Usr 0 00:00:00, Sys 0 00:00:00  -  Run Local Usage
		Usr 0 00:01:28, Sys 0 00:00:02  -  Total Remote Usage
		Usr 0 00:00:00, Sys 0 00:00:00  -  Total Local Usage
	0  -  Run Bytes Sent By Job
	0  -  Run Bytes Received By Job
	0  -  Total Bytes Sent By Job
	0  -  Total Bytes Received By Job
	Partitionable Resources :    Usage  Request Allocated 
	   Cpus                 :        0        1         1 
	   Disk (KB)            :        1        1      8391 
	   GPUs                 :                           0 
	   Memory (MB)          :      151    10240     10300 
	   TimeExecute (s)      :       97                    
	   TimeSlotBusy (s)     :       97                    

	Job terminated of its own accord at 2025-12-22T08:17:22Z with exit-code 0.
...
006 (1209269.024.000) 2025-12-22 17:17:22 Image size of job updated: 1700084
	151  -  MemoryUsage of job (MB)
	154244  -  ResidentSetSize of job (KB)
...
005 (1209269.024.000) 2025-12-22 17:17:22 Job terminated.
	(1) Normal termination (return value 0)
		Usr 0 00:01:46, Sys 0 00:00:03  -  Run Remote Usage
		Usr 0 00:00:00, Sys 0 00:00:00  -  Run Local Usage
		Usr 0 00:01:46, Sys 0 00:00:03  -  Total Remote Usage
		Usr 0 00:00:00, Sys 0 00:00:00  -  Total Local Usage
	0  -  Run Bytes Sent By Job
	0  -  Run Bytes Received By Job
	0  -  Total Bytes Sent By Job
	0  -  Total Bytes Received By Job
	Partitionable Resources :    Usage  Request Allocated 
	   Cpus                 :        0        1         1 
	   Disk (KB)            :        1        1      8391 
	   GPUs                 :                           0 
	   Memory (MB)          :      151    10240     10300 
	   TimeExecute (s)      :      117                    
	   TimeSlotBusy (s)     :      117                    

	Job terminated of its own accord at 2025-12-22T08:17:22Z with exit-code 0.
...
006 (1209269.028.000) 2025-12-22 17:17:26 Image size of job updated: 2036432
	185  -  MemoryUsage of job (MB)
	189088  -  ResidentSetSize of job (KB)
...
005 (1209269.028.000) 2025-12-22 17:17:26 Job terminated.
	(1) Normal termination (return value 0)
		Usr 0 00:01:35, Sys 0 00:00:02  -  Run Remote Usage
		Usr 0 00:00:00, Sys 0 00:00:00  -  Run Local Usage
		Usr 0 00:01:35, Sys 0 00:00:02  -  Total Remote Usage
		Usr 0 00:00:00, Sys 0 00:00:00  -  Total Local Usage
	0  -  Run Bytes Sent By Job
	0  -  Run Bytes Received By Job
	0  -  Total Bytes Sent By Job
	0  -  Total Bytes Received By Job
	Partitionable Resources :    Usage  Request Allocated 
	   Cpus                 :     0.96        1         1 
	   Disk (KB)            :     1           1      2770 
	   GPUs                 :                           0 
	   Memory (MB)          :   185       10240     10300 
	   TimeExecute (s)      :   101                       
	   TimeSlotBusy (s)     :   101                       

	Job terminated of its own accord at 2025-12-22T08:17:26Z with exit-code 0.
...
006 (1209269.018.000) 2025-12-22 17:17:33 Image size of job updated: 1930932
	151  -  MemoryUsage of job (MB)
	154316  -  ResidentSetSize of job (KB)
...
005 (1209269.018.000) 2025-12-22 17:17:33 Job terminated.
	(1) Normal termination (return value 0)
		Usr 0 00:02:00, Sys 0 00:00:03  -  Run Remote Usage
		Usr 0 00:00:00, Sys 0 00:00:00  -  Run Local Usage
		Usr 0 00:02:00, Sys 0 00:00:03  -  Total Remote Usage
		Usr 0 00:00:00, Sys 0 00:00:00  -  Total Local Usage
	0  -  Run Bytes Sent By Job
	0  -  Run Bytes Received By Job
	0  -  Total Bytes Sent By Job
	0  -  Total Bytes Received By Job
	Partitionable Resources :    Usage  Request Allocated 
	   Cpus                 :     0.92        1         1 
	   Disk (KB)            :     1           1      2048 
	   GPUs                 :                           0 
	   Memory (MB)          :   151       10240     10300 
	   TimeExecute (s)      :   131                       
	   TimeSlotBusy (s)     :   131                       

	Job terminated of its own accord at 2025-12-22T08:17:33Z with exit-code 0.
...
006 (1209269.026.000) 2025-12-22 17:17:42 Image size of job updated: 2219644
	206  -  MemoryUsage of job (MB)
	210616  -  ResidentSetSize of job (KB)
...
005 (1209269.026.000) 2025-12-22 17:17:42 Job terminated.
	(1) Normal termination (return value 0)
		Usr 0 00:01:51, Sys 0 00:00:02  -  Run Remote Usage
		Usr 0 00:00:00, Sys 0 00:00:00  -  Run Local Usage
		Usr 0 00:01:51, Sys 0 00:00:02  -  Total Remote Usage
		Usr 0 00:00:00, Sys 0 00:00:00  -  Total Local Usage
	0  -  Run Bytes Sent By Job
	0  -  Run Bytes Received By Job
	0  -  Total Bytes Sent By Job
	0  -  Total Bytes Received By Job
	Partitionable Resources :    Usage  Request Allocated 
	   Cpus                 :     0.98        1         1 
	   Disk (KB)            :     1           1      2770 
	   GPUs                 :                           0 
	   Memory (MB)          :   206       10240     10300 
	   TimeExecute (s)      :   118                       
	   TimeSlotBusy (s)     :   118                       

	Job terminated of its own accord at 2025-12-22T08:17:42Z with exit-code 0.
...
006 (1209269.023.000) 2025-12-22 17:17:55 Image size of job updated: 2008868
	151  -  MemoryUsage of job (MB)
	154444  -  ResidentSetSize of job (KB)
...
005 (1209269.023.000) 2025-12-22 17:17:55 Job terminated.
	(1) Normal termination (return value 0)
		Usr 0 00:02:17, Sys 0 00:00:03  -  Run Remote Usage
		Usr 0 00:00:00, Sys 0 00:00:00  -  Run Local Usage
		Usr 0 00:02:17, Sys 0 00:00:03  -  Total Remote Usage
		Usr 0 00:00:00, Sys 0 00:00:00  -  Total Local Usage
	0  -  Run Bytes Sent By Job
	0  -  Run Bytes Received By Job
	0  -  Total Bytes Sent By Job
	0  -  Total Bytes Received By Job
	Partitionable Resources :    Usage  Request Allocated 
	   Cpus                 :     0.94        1         1 
	   Disk (KB)            :     1           1      8391 
	   GPUs                 :                           0 
	   Memory (MB)          :   151       10240     10300 
	   TimeExecute (s)      :   151                       
	   TimeSlotBusy (s)     :   151                       

	Job terminated of its own accord at 2025-12-22T08:17:55Z with exit-code 0.
...
006 (1209269.006.000) 2025-12-22 17:17:56 Image size of job updated: 2604968
	152  -  MemoryUsage of job (MB)
	155016  -  ResidentSetSize of job (KB)
...
005 (1209269.006.000) 2025-12-22 17:17:56 Job terminated.
	(1) Normal termination (return value 0)
		Usr 0 00:03:08, Sys 0 00:00:05  -  Run Remote Usage
		Usr 0 00:00:00, Sys 0 00:00:00  -  Run Local Usage
		Usr 0 00:03:08, Sys 0 00:00:05  -  Total Remote Usage
		Usr 0 00:00:00, Sys 0 00:00:00  -  Total Local Usage
	0  -  Run Bytes Sent By Job
	0  -  Run Bytes Received By Job
	0  -  Total Bytes Sent By Job
	0  -  Total Bytes Received By Job
	Partitionable Resources :    Usage  Request Allocated 
	   Cpus                 :     0.95        1         1 
	   Disk (KB)            :     1           1      8391 
	   GPUs                 :                           0 
	   Memory (MB)          :   152       10240     10300 
	   TimeExecute (s)      :   207                       
	   TimeSlotBusy (s)     :   207                       

	Job terminated of its own accord at 2025-12-22T08:17:56Z with exit-code 0.
...
006 (1209269.016.000) 2025-12-22 17:18:07 Image size of job updated: 2137548
	151  -  MemoryUsage of job (MB)
	154544  -  ResidentSetSize of job (KB)
...
005 (1209269.016.000) 2025-12-22 17:18:11 Job terminated.
	(1) Normal termination (return value 0)
		Usr 0 00:02:37, Sys 0 00:00:03  -  Run Remote Usage
		Usr 0 00:00:00, Sys 0 00:00:00  -  Run Local Usage
		Usr 0 00:02:37, Sys 0 00:00:03  -  Total Remote Usage
		Usr 0 00:00:00, Sys 0 00:00:00  -  Total Local Usage
	0  -  Run Bytes Sent By Job
	0  -  Run Bytes Received By Job
	0  -  Total Bytes Sent By Job
	0  -  Total Bytes Received By Job
	Partitionable Resources :    Usage  Request Allocated 
	   Cpus                 :        0        1         1 
	   Disk (KB)            :        1        1      2830 
	   GPUs                 :                           0 
	   Memory (MB)          :      151    10240     10300 
	   TimeExecute (s)      :      166                    
	   TimeSlotBusy (s)     :      167                    

	Job terminated of its own accord at 2025-12-22T08:18:07Z with exit-code 0.
...
