000 (1209259.000.000) 2025-12-22 16:30:41 Job submitted from host: <155.230.23.71:9618?addrs=155.230.23.71-9618+[2407-c000-c024-0-20c-29ff-fe9d-363c]-9618&alias=cms01.knu.ac.kr&noUDP&sock=schedd_1467_d186>
...
000 (1209259.001.000) 2025-12-22 16:30:41 Job submitted from host: <155.230.23.71:9618?addrs=155.230.23.71-9618+[2407-c000-c024-0-20c-29ff-fe9d-363c]-9618&alias=cms01.knu.ac.kr&noUDP&sock=schedd_1467_d186>
...
000 (1209259.002.000) 2025-12-22 16:30:41 Job submitted from host: <155.230.23.71:9618?addrs=155.230.23.71-9618+[2407-c000-c024-0-20c-29ff-fe9d-363c]-9618&alias=cms01.knu.ac.kr&noUDP&sock=schedd_1467_d186>
...
001 (1209259.000.000) 2025-12-22 16:50:55 Job executing on host: <155.230.21.148:9618?addrs=155.230.21.148-9618+[2407-c000-c025--21-148]-9618&alias=cluster348.knu.ac.kr&noUDP&sock=startd_2894_9f2b>
	SlotName: slot1_2@cluster348.knu.ac.kr
	CondorScratchDir = "/home/condor/dir_777392"
	Cpus = 1
	Disk = 2048
	GPUs = 0
	Memory = 10300
...
001 (1209259.001.000) 2025-12-22 16:50:55 Job executing on host: <155.230.21.151:9618?addrs=155.230.21.151-9618+[2407-c000-c025--21-151]-9618&alias=cluster351.knu.ac.kr&noUDP&sock=startd_3486_af3c>
	SlotName: slot1_2@cluster351.knu.ac.kr
	CondorScratchDir = "/home/condor/dir_4060630"
	Cpus = 1
	Disk = 8391
	GPUs = 0
	Memory = 10300
...
001 (1209259.002.000) 2025-12-22 16:50:55 Job executing on host: <155.230.21.147:9618?addrs=155.230.21.147-9618+[2407-c000-c025--21-147]-9618&alias=cluster347.knu.ac.kr&noUDP&sock=startd_2481_568e>
	SlotName: slot1_6@cluster347.knu.ac.kr
	AvailableGPUs = {  }
	CondorScratchDir = "/home/condor/dir_2199454"
	Cpus = 1
	Disk = 2816
	GPUs = 0
	Memory = 10300
...
006 (1209259.000.000) 2025-12-22 16:51:03 Image size of job updated: 153328
	150  -  MemoryUsage of job (MB)
	153328  -  ResidentSetSize of job (KB)
...
006 (1209259.001.000) 2025-12-22 16:51:03 Image size of job updated: 153348
	150  -  MemoryUsage of job (MB)
	153348  -  ResidentSetSize of job (KB)
...
006 (1209259.002.000) 2025-12-22 16:51:03 Image size of job updated: 176272
	173  -  MemoryUsage of job (MB)
	176272  -  ResidentSetSize of job (KB)
...
006 (1209259.002.000) 2025-12-22 16:51:17 Image size of job updated: 460996
	173  -  MemoryUsage of job (MB)
	176272  -  ResidentSetSize of job (KB)
...
005 (1209259.002.000) 2025-12-22 16:51:17 Job terminated.
	(1) Normal termination (return value 0)
		Usr 0 00:00:20, Sys 0 00:00:00  -  Run Remote Usage
		Usr 0 00:00:00, Sys 0 00:00:00  -  Run Local Usage
		Usr 0 00:00:20, Sys 0 00:00:00  -  Total Remote Usage
		Usr 0 00:00:00, Sys 0 00:00:00  -  Total Local Usage
	0  -  Run Bytes Sent By Job
	0  -  Run Bytes Received By Job
	0  -  Total Bytes Sent By Job
	0  -  Total Bytes Received By Job
	Partitionable Resources :    Usage  Request Allocated 
	   Cpus                 :        0        1         1 
	   Disk (KB)            :        1        1      2816 
	   GPUs                 :                           0 
	   Memory (MB)          :      173    10240     10300 
	   TimeExecute (s)      :       22                    
	   TimeSlotBusy (s)     :       22                    

	Job terminated of its own accord at 2025-12-22T07:51:17Z with exit-code 0.
...
006 (1209259.001.000) 2025-12-22 16:52:09 Image size of job updated: 1297000
	150  -  MemoryUsage of job (MB)
	153348  -  ResidentSetSize of job (KB)
...
005 (1209259.001.000) 2025-12-22 16:52:10 Job terminated.
	(1) Normal termination (return value 0)
		Usr 0 00:01:08, Sys 0 00:00:02  -  Run Remote Usage
		Usr 0 00:00:00, Sys 0 00:00:00  -  Run Local Usage
		Usr 0 00:01:08, Sys 0 00:00:02  -  Total Remote Usage
		Usr 0 00:00:00, Sys 0 00:00:00  -  Total Local Usage
	0  -  Run Bytes Sent By Job
	0  -  Run Bytes Received By Job
	0  -  Total Bytes Sent By Job
	0  -  Total Bytes Received By Job
	Partitionable Resources :    Usage  Request Allocated 
	   Cpus                 :        0        1         1 
	   Disk (KB)            :        1        1      8391 
	   GPUs                 :                           0 
	   Memory (MB)          :      150    10240     10300 
	   TimeExecute (s)      :       74                    
	   TimeSlotBusy (s)     :       76                    

	Job terminated of its own accord at 2025-12-22T07:52:09Z with exit-code 0.
...
006 (1209259.000.000) 2025-12-22 16:52:16 Image size of job updated: 1298388
	150  -  MemoryUsage of job (MB)
	153328  -  ResidentSetSize of job (KB)
...
005 (1209259.000.000) 2025-12-22 16:52:16 Job terminated.
	(1) Normal termination (return value 0)
		Usr 0 00:01:16, Sys 0 00:00:02  -  Run Remote Usage
		Usr 0 00:00:00, Sys 0 00:00:00  -  Run Local Usage
		Usr 0 00:01:16, Sys 0 00:00:02  -  Total Remote Usage
		Usr 0 00:00:00, Sys 0 00:00:00  -  Total Local Usage
	0  -  Run Bytes Sent By Job
	0  -  Run Bytes Received By Job
	0  -  Total Bytes Sent By Job
	0  -  Total Bytes Received By Job
	Partitionable Resources :    Usage  Request Allocated 
	   Cpus                 :        0        1         1 
	   Disk (KB)            :        1        1      2048 
	   GPUs                 :                           0 
	   Memory (MB)          :      150    10240     10300 
	   TimeExecute (s)      :       81                    
	   TimeSlotBusy (s)     :       82                    

	Job terminated of its own accord at 2025-12-22T07:52:16Z with exit-code 0.
...
