000 (1209260.000.000) 2025-12-22 16:30:42 Job submitted from host: <155.230.23.71:9618?addrs=155.230.23.71-9618+[2407-c000-c024-0-20c-29ff-fe9d-363c]-9618&alias=cms01.knu.ac.kr&noUDP&sock=schedd_1467_d186>
...
000 (1209260.001.000) 2025-12-22 16:30:42 Job submitted from host: <155.230.23.71:9618?addrs=155.230.23.71-9618+[2407-c000-c024-0-20c-29ff-fe9d-363c]-9618&alias=cms01.knu.ac.kr&noUDP&sock=schedd_1467_d186>
...
000 (1209260.002.000) 2025-12-22 16:30:42 Job submitted from host: <155.230.23.71:9618?addrs=155.230.23.71-9618+[2407-c000-c024-0-20c-29ff-fe9d-363c]-9618&alias=cms01.knu.ac.kr&noUDP&sock=schedd_1467_d186>
...
000 (1209260.003.000) 2025-12-22 16:30:42 Job submitted from host: <155.230.23.71:9618?addrs=155.230.23.71-9618+[2407-c000-c024-0-20c-29ff-fe9d-363c]-9618&alias=cms01.knu.ac.kr&noUDP&sock=schedd_1467_d186>
...
000 (1209260.004.000) 2025-12-22 16:30:42 Job submitted from host: <155.230.23.71:9618?addrs=155.230.23.71-9618+[2407-c000-c024-0-20c-29ff-fe9d-363c]-9618&alias=cms01.knu.ac.kr&noUDP&sock=schedd_1467_d186>
...
000 (1209260.005.000) 2025-12-22 16:30:42 Job submitted from host: <155.230.23.71:9618?addrs=155.230.23.71-9618+[2407-c000-c024-0-20c-29ff-fe9d-363c]-9618&alias=cms01.knu.ac.kr&noUDP&sock=schedd_1467_d186>
...
000 (1209260.006.000) 2025-12-22 16:30:42 Job submitted from host: <155.230.23.71:9618?addrs=155.230.23.71-9618+[2407-c000-c024-0-20c-29ff-fe9d-363c]-9618&alias=cms01.knu.ac.kr&noUDP&sock=schedd_1467_d186>
...
000 (1209260.007.000) 2025-12-22 16:30:42 Job submitted from host: <155.230.23.71:9618?addrs=155.230.23.71-9618+[2407-c000-c024-0-20c-29ff-fe9d-363c]-9618&alias=cms01.knu.ac.kr&noUDP&sock=schedd_1467_d186>
...
000 (1209260.008.000) 2025-12-22 16:30:42 Job submitted from host: <155.230.23.71:9618?addrs=155.230.23.71-9618+[2407-c000-c024-0-20c-29ff-fe9d-363c]-9618&alias=cms01.knu.ac.kr&noUDP&sock=schedd_1467_d186>
...
000 (1209260.009.000) 2025-12-22 16:30:42 Job submitted from host: <155.230.23.71:9618?addrs=155.230.23.71-9618+[2407-c000-c024-0-20c-29ff-fe9d-363c]-9618&alias=cms01.knu.ac.kr&noUDP&sock=schedd_1467_d186>
...
000 (1209260.010.000) 2025-12-22 16:30:42 Job submitted from host: <155.230.23.71:9618?addrs=155.230.23.71-9618+[2407-c000-c024-0-20c-29ff-fe9d-363c]-9618&alias=cms01.knu.ac.kr&noUDP&sock=schedd_1467_d186>
...
000 (1209260.011.000) 2025-12-22 16:30:42 Job submitted from host: <155.230.23.71:9618?addrs=155.230.23.71-9618+[2407-c000-c024-0-20c-29ff-fe9d-363c]-9618&alias=cms01.knu.ac.kr&noUDP&sock=schedd_1467_d186>
...
000 (1209260.012.000) 2025-12-22 16:30:42 Job submitted from host: <155.230.23.71:9618?addrs=155.230.23.71-9618+[2407-c000-c024-0-20c-29ff-fe9d-363c]-9618&alias=cms01.knu.ac.kr&noUDP&sock=schedd_1467_d186>
...
000 (1209260.013.000) 2025-12-22 16:30:42 Job submitted from host: <155.230.23.71:9618?addrs=155.230.23.71-9618+[2407-c000-c024-0-20c-29ff-fe9d-363c]-9618&alias=cms01.knu.ac.kr&noUDP&sock=schedd_1467_d186>
...
000 (1209260.014.000) 2025-12-22 16:30:42 Job submitted from host: <155.230.23.71:9618?addrs=155.230.23.71-9618+[2407-c000-c024-0-20c-29ff-fe9d-363c]-9618&alias=cms01.knu.ac.kr&noUDP&sock=schedd_1467_d186>
...
000 (1209260.015.000) 2025-12-22 16:30:42 Job submitted from host: <155.230.23.71:9618?addrs=155.230.23.71-9618+[2407-c000-c024-0-20c-29ff-fe9d-363c]-9618&alias=cms01.knu.ac.kr&noUDP&sock=schedd_1467_d186>
...
000 (1209260.016.000) 2025-12-22 16:30:42 Job submitted from host: <155.230.23.71:9618?addrs=155.230.23.71-9618+[2407-c000-c024-0-20c-29ff-fe9d-363c]-9618&alias=cms01.knu.ac.kr&noUDP&sock=schedd_1467_d186>
...
000 (1209260.017.000) 2025-12-22 16:30:42 Job submitted from host: <155.230.23.71:9618?addrs=155.230.23.71-9618+[2407-c000-c024-0-20c-29ff-fe9d-363c]-9618&alias=cms01.knu.ac.kr&noUDP&sock=schedd_1467_d186>
...
000 (1209260.018.000) 2025-12-22 16:30:42 Job submitted from host: <155.230.23.71:9618?addrs=155.230.23.71-9618+[2407-c000-c024-0-20c-29ff-fe9d-363c]-9618&alias=cms01.knu.ac.kr&noUDP&sock=schedd_1467_d186>
...
000 (1209260.019.000) 2025-12-22 16:30:42 Job submitted from host: <155.230.23.71:9618?addrs=155.230.23.71-9618+[2407-c000-c024-0-20c-29ff-fe9d-363c]-9618&alias=cms01.knu.ac.kr&noUDP&sock=schedd_1467_d186>
...
000 (1209260.020.000) 2025-12-22 16:30:42 Job submitted from host: <155.230.23.71:9618?addrs=155.230.23.71-9618+[2407-c000-c024-0-20c-29ff-fe9d-363c]-9618&alias=cms01.knu.ac.kr&noUDP&sock=schedd_1467_d186>
...
000 (1209260.021.000) 2025-12-22 16:30:42 Job submitted from host: <155.230.23.71:9618?addrs=155.230.23.71-9618+[2407-c000-c024-0-20c-29ff-fe9d-363c]-9618&alias=cms01.knu.ac.kr&noUDP&sock=schedd_1467_d186>
...
000 (1209260.022.000) 2025-12-22 16:30:42 Job submitted from host: <155.230.23.71:9618?addrs=155.230.23.71-9618+[2407-c000-c024-0-20c-29ff-fe9d-363c]-9618&alias=cms01.knu.ac.kr&noUDP&sock=schedd_1467_d186>
...
000 (1209260.023.000) 2025-12-22 16:30:42 Job submitted from host: <155.230.23.71:9618?addrs=155.230.23.71-9618+[2407-c000-c024-0-20c-29ff-fe9d-363c]-9618&alias=cms01.knu.ac.kr&noUDP&sock=schedd_1467_d186>
...
000 (1209260.024.000) 2025-12-22 16:30:42 Job submitted from host: <155.230.23.71:9618?addrs=155.230.23.71-9618+[2407-c000-c024-0-20c-29ff-fe9d-363c]-9618&alias=cms01.knu.ac.kr&noUDP&sock=schedd_1467_d186>
...
000 (1209260.025.000) 2025-12-22 16:30:42 Job submitted from host: <155.230.23.71:9618?addrs=155.230.23.71-9618+[2407-c000-c024-0-20c-29ff-fe9d-363c]-9618&alias=cms01.knu.ac.kr&noUDP&sock=schedd_1467_d186>
...
000 (1209260.026.000) 2025-12-22 16:30:42 Job submitted from host: <155.230.23.71:9618?addrs=155.230.23.71-9618+[2407-c000-c024-0-20c-29ff-fe9d-363c]-9618&alias=cms01.knu.ac.kr&noUDP&sock=schedd_1467_d186>
...
001 (1209260.000.000) 2025-12-22 16:50:55 Job executing on host: <155.230.21.133:9618?addrs=155.230.21.133-9618+[2407-c000-c025--21-133]-9618&alias=cluster333.knu.ac.kr&noUDP&sock=startd_2525_84b9>
	SlotName: slot1_11@cluster333.knu.ac.kr
	CondorScratchDir = "/home/condor/dir_1939547"
	Cpus = 1
	Disk = 2840
	GPUs = 0
	Memory = 10300
...
001 (1209260.001.000) 2025-12-22 16:50:57 Job executing on host: <155.230.21.135:9618?addrs=155.230.21.135-9618+[2407-c000-c025--21-135]-9618&alias=cluster335.knu.ac.kr&noUDP&sock=startd_2528_9382>
	SlotName: slot1_10@cluster335.knu.ac.kr
	CondorScratchDir = "/home/condor/dir_1256339"
	Cpus = 1
	Disk = 2830
	GPUs = 0
	Memory = 10300
...
001 (1209260.003.000) 2025-12-22 16:50:57 Job executing on host: <155.230.21.151:9618?addrs=155.230.21.151-9618+[2407-c000-c025--21-151]-9618&alias=cluster351.knu.ac.kr&noUDP&sock=startd_3486_af3c>
	SlotName: slot1_6@cluster351.knu.ac.kr
	CondorScratchDir = "/home/condor/dir_4060795"
	Cpus = 1
	Disk = 8391
	GPUs = 0
	Memory = 10300
...
001 (1209260.002.000) 2025-12-22 16:50:57 Job executing on host: <155.230.21.148:9618?addrs=155.230.21.148-9618+[2407-c000-c025--21-148]-9618&alias=cluster348.knu.ac.kr&noUDP&sock=startd_2894_9f2b>
	SlotName: slot1_6@cluster348.knu.ac.kr
	CondorScratchDir = "/home/condor/dir_777558"
	Cpus = 1
	Disk = 2048
	GPUs = 0
	Memory = 10300
...
001 (1209260.004.000) 2025-12-22 16:50:58 Job executing on host: <155.230.21.135:9618?addrs=155.230.21.135-9618+[2407-c000-c025--21-135]-9618&alias=cluster335.knu.ac.kr&noUDP&sock=startd_2528_9382>
	SlotName: slot1_12@cluster335.knu.ac.kr
	CondorScratchDir = "/home/condor/dir_1256429"
	Cpus = 1
	Disk = 2830
	GPUs = 0
	Memory = 10300
...
001 (1209260.005.000) 2025-12-22 16:50:58 Job executing on host: <155.230.21.151:9618?addrs=155.230.21.151-9618+[2407-c000-c025--21-151]-9618&alias=cluster351.knu.ac.kr&noUDP&sock=startd_3486_af3c>
	SlotName: slot1_20@cluster351.knu.ac.kr
	CondorScratchDir = "/home/condor/dir_4060923"
	Cpus = 1
	Disk = 8391
	GPUs = 0
	Memory = 10300
...
001 (1209260.006.000) 2025-12-22 16:50:58 Job executing on host: <155.230.21.151:9618?addrs=155.230.21.151-9618+[2407-c000-c025--21-151]-9618&alias=cluster351.knu.ac.kr&noUDP&sock=startd_3486_af3c>
	SlotName: slot1_29@cluster351.knu.ac.kr
	CondorScratchDir = "/home/condor/dir_4060954"
	Cpus = 1
	Disk = 8391
	GPUs = 0
	Memory = 10300
...
001 (1209260.007.000) 2025-12-22 16:51:00 Job executing on host: <155.230.21.108:9618?addrs=155.230.21.108-9618+[2407-c000-c025--21-108]-9618&alias=cluster308.knu.ac.kr&noUDP&sock=startd_1358_0db3>
	SlotName: slot1_3@cluster308.knu.ac.kr
	CondorScratchDir = "/home/condor/dir_3043769"
	Cpus = 1
	Disk = 2817
	GPUs = 0
	Memory = 10300
...
006 (1209260.000.000) 2025-12-22 16:51:03 Image size of job updated: 154116
	151  -  MemoryUsage of job (MB)
	154116  -  ResidentSetSize of job (KB)
...
006 (1209260.001.000) 2025-12-22 16:51:05 Image size of job updated: 154272
	151  -  MemoryUsage of job (MB)
	154272  -  ResidentSetSize of job (KB)
...
006 (1209260.003.000) 2025-12-22 16:51:05 Image size of job updated: 154976
	152  -  MemoryUsage of job (MB)
	154976  -  ResidentSetSize of job (KB)
...
006 (1209260.002.000) 2025-12-22 16:51:05 Image size of job updated: 153736
	151  -  MemoryUsage of job (MB)
	153736  -  ResidentSetSize of job (KB)
...
006 (1209260.004.000) 2025-12-22 16:51:06 Image size of job updated: 154732
	152  -  MemoryUsage of job (MB)
	154732  -  ResidentSetSize of job (KB)
...
006 (1209260.005.000) 2025-12-22 16:51:07 Image size of job updated: 153036
	150  -  MemoryUsage of job (MB)
	153036  -  ResidentSetSize of job (KB)
...
006 (1209260.006.000) 2025-12-22 16:51:07 Image size of job updated: 155000
	152  -  MemoryUsage of job (MB)
	155000  -  ResidentSetSize of job (KB)
...
006 (1209260.007.000) 2025-12-22 16:51:08 Image size of job updated: 116912
	115  -  MemoryUsage of job (MB)
	116912  -  ResidentSetSize of job (KB)
...
001 (1209260.012.000) 2025-12-22 16:51:18 Job executing on host: <155.230.21.147:9618?addrs=155.230.21.147-9618+[2407-c000-c025--21-147]-9618&alias=cluster347.knu.ac.kr&noUDP&sock=startd_2481_568e>
	SlotName: slot1_2@cluster347.knu.ac.kr
	AvailableGPUs = {  }
	CondorScratchDir = "/home/condor/dir_2200022"
	Cpus = 1
	Disk = 2816
	GPUs = 0
	Memory = 10300
...
001 (1209260.009.000) 2025-12-22 16:51:18 Job executing on host: <155.230.21.84:9618?addrs=155.230.21.84-9618+[2407-c000-c025--21-84]-9618&alias=cluster284.knu.ac.kr&noUDP&sock=startd_1241_cd1e>
	SlotName: slot1_12@cluster284.knu.ac.kr
	CondorScratchDir = "/home/condor/dir_393423"
	Cpus = 1
	Disk = 2815
	GPUs = 0
	Memory = 10300
...
001 (1209260.008.000) 2025-12-22 16:51:18 Job executing on host: <155.230.21.88:9618?addrs=155.230.21.88-9618+[2407-c000-c025--21-88]-9618&alias=cluster288.knu.ac.kr&noUDP&sock=startd_1395_6eb4>
	SlotName: slot1_7@cluster288.knu.ac.kr
	CondorScratchDir = "/home/condor/dir_3470201"
	Cpus = 1
	Disk = 2771
	GPUs = 0
	Memory = 10300
...
001 (1209260.011.000) 2025-12-22 16:51:18 Job executing on host: <155.230.21.119:9618?addrs=155.230.21.119-9618+[2407-c000-c025--21-119]-9618&alias=cluster319.knu.ac.kr&noUDP&sock=startd_3610_bcfb>
	SlotName: slot1_3@cluster319.knu.ac.kr
	CondorScratchDir = "/home/condor/dir_3707640"
	Cpus = 1
	Disk = 2829
	GPUs = 0
	Memory = 10300
...
001 (1209260.010.000) 2025-12-22 16:51:18 Job executing on host: <155.230.21.92:9618?addrs=155.230.21.92-9618+[2407-c000-c025--21-92]-9618&alias=cluster292.knu.ac.kr&noUDP&sock=startd_6642_7021>
	SlotName: slot1_3@cluster292.knu.ac.kr
	CondorScratchDir = "/home/condor/dir_2166240"
	Cpus = 1
	Disk = 2825
	GPUs = 0
	Memory = 10300
...
001 (1209260.018.000) 2025-12-22 16:51:19 Job executing on host: <155.230.21.137:9618?addrs=155.230.21.137-9618+[2407-c000-c025--21-137]-9618&alias=cluster337.knu.ac.kr&noUDP&sock=startd_3737_d982>
	SlotName: slot1_36@cluster337.knu.ac.kr
	CondorScratchDir = "/home/condor/dir_119520"
	Cpus = 1
	Disk = 4693
	GPUs = 0
	Memory = 10300
...
001 (1209260.014.000) 2025-12-22 16:51:19 Job executing on host: <155.230.21.155:9618?addrs=155.230.21.155-9618+[2407-c000-c025--21-155]-9618&alias=cluster355.knu.ac.kr&noUDP&sock=startd_8970_409c>
	SlotName: slot1_12@cluster355.knu.ac.kr
	CondorScratchDir = "/home/condor/dir_2007748"
	Cpus = 1
	Disk = 4673
	GPUs = 0
	Memory = 10300
...
001 (1209260.013.000) 2025-12-22 16:51:19 Job executing on host: <155.230.21.127:9618?addrs=155.230.21.127-9618+[2407-c000-c025--21-127]-9618&alias=cluster327.knu.ac.kr&noUDP&sock=startd_4324_7b9a>
	SlotName: slot1_13@cluster327.knu.ac.kr
	CondorScratchDir = "/home/condor/dir_544256"
	Cpus = 1
	Disk = 2879
	GPUs = 0
	Memory = 10300
...
001 (1209260.017.000) 2025-12-22 16:51:20 Job executing on host: <155.230.21.135:9618?addrs=155.230.21.135-9618+[2407-c000-c025--21-135]-9618&alias=cluster335.knu.ac.kr&noUDP&sock=startd_2528_9382>
	SlotName: slot1_6@cluster335.knu.ac.kr
	CondorScratchDir = "/home/condor/dir_1256884"
	Cpus = 1
	Disk = 2830
	GPUs = 0
	Memory = 10300
...
001 (1209260.015.000) 2025-12-22 16:51:20 Job executing on host: <155.230.21.133:9618?addrs=155.230.21.133-9618+[2407-c000-c025--21-133]-9618&alias=cluster333.knu.ac.kr&noUDP&sock=startd_2525_84b9>
	SlotName: slot1_4@cluster333.knu.ac.kr
	CondorScratchDir = "/home/condor/dir_1940289"
	Cpus = 1
	Disk = 2840
	GPUs = 0
	Memory = 10300
...
001 (1209260.016.000) 2025-12-22 16:51:20 Job executing on host: <155.230.21.144:9618?addrs=155.230.21.144-9618+[2407-c000-c025--21-144]-9618&alias=cluster344.knu.ac.kr&noUDP&sock=startd_3393_e4ee>
	SlotName: slot1_7@cluster344.knu.ac.kr
	CondorScratchDir = "/home/condor/dir_216193"
	Cpus = 1
	Disk = 2829
	GPUs = 0
	Memory = 10300
...
001 (1209260.019.000) 2025-12-22 16:51:22 Job executing on host: <155.230.21.147:9618?addrs=155.230.21.147-9618+[2407-c000-c025--21-147]-9618&alias=cluster347.knu.ac.kr&noUDP&sock=startd_2481_568e>
	SlotName: slot1_6@cluster347.knu.ac.kr
	AvailableGPUs = {  }
	CondorScratchDir = "/home/condor/dir_2200195"
	Cpus = 1
	Disk = 2816
	GPUs = 0
	Memory = 10300
...
001 (1209260.020.000) 2025-12-22 16:51:22 Job executing on host: <155.230.21.137:9618?addrs=155.230.21.137-9618+[2407-c000-c025--21-137]-9618&alias=cluster337.knu.ac.kr&noUDP&sock=startd_3737_d982>
	SlotName: slot1_59@cluster337.knu.ac.kr
	CondorScratchDir = "/home/condor/dir_119565"
	Cpus = 1
	Disk = 4693
	GPUs = 0
	Memory = 10300
...
006 (1209260.012.000) 2025-12-22 16:51:26 Image size of job updated: 176476
	173  -  MemoryUsage of job (MB)
	176476  -  ResidentSetSize of job (KB)
...
006 (1209260.009.000) 2025-12-22 16:51:26 Image size of job updated: 106984
	105  -  MemoryUsage of job (MB)
	106984  -  ResidentSetSize of job (KB)
...
006 (1209260.008.000) 2025-12-22 16:51:26 Image size of job updated: 154264
	151  -  MemoryUsage of job (MB)
	154264  -  ResidentSetSize of job (KB)
...
006 (1209260.011.000) 2025-12-22 16:51:26 Image size of job updated: 114428
	112  -  MemoryUsage of job (MB)
	114428  -  ResidentSetSize of job (KB)
...
006 (1209260.010.000) 2025-12-22 16:51:26 Image size of job updated: 112888
	111  -  MemoryUsage of job (MB)
	112888  -  ResidentSetSize of job (KB)
...
006 (1209260.018.000) 2025-12-22 16:51:28 Image size of job updated: 45692
	45  -  MemoryUsage of job (MB)
	45692  -  ResidentSetSize of job (KB)
...
006 (1209260.014.000) 2025-12-22 16:51:28 Image size of job updated: 214440
	210  -  MemoryUsage of job (MB)
	214440  -  ResidentSetSize of job (KB)
...
006 (1209260.013.000) 2025-12-22 16:51:28 Image size of job updated: 152764
	150  -  MemoryUsage of job (MB)
	152764  -  ResidentSetSize of job (KB)
...
006 (1209260.017.000) 2025-12-22 16:51:29 Image size of job updated: 154096
	151  -  MemoryUsage of job (MB)
	154096  -  ResidentSetSize of job (KB)
...
006 (1209260.015.000) 2025-12-22 16:51:29 Image size of job updated: 155400
	152  -  MemoryUsage of job (MB)
	155400  -  ResidentSetSize of job (KB)
...
006 (1209260.016.000) 2025-12-22 16:51:29 Image size of job updated: 154276
	151  -  MemoryUsage of job (MB)
	154276  -  ResidentSetSize of job (KB)
...
006 (1209260.005.000) 2025-12-22 16:51:29 Image size of job updated: 427784
	150  -  MemoryUsage of job (MB)
	153036  -  ResidentSetSize of job (KB)
...
005 (1209260.005.000) 2025-12-22 16:51:30 Job terminated.
	(1) Normal termination (return value 0)
		Usr 0 00:00:28, Sys 0 00:00:01  -  Run Remote Usage
		Usr 0 00:00:00, Sys 0 00:00:00  -  Run Local Usage
		Usr 0 00:00:28, Sys 0 00:00:01  -  Total Remote Usage
		Usr 0 00:00:00, Sys 0 00:00:00  -  Total Local Usage
	0  -  Run Bytes Sent By Job
	0  -  Run Bytes Received By Job
	0  -  Total Bytes Sent By Job
	0  -  Total Bytes Received By Job
	Partitionable Resources :    Usage  Request Allocated 
	   Cpus                 :        0        1         1 
	   Disk (KB)            :        1        1      8391 
	   GPUs                 :                           0 
	   Memory (MB)          :      150    10240     10300 
	   TimeExecute (s)      :       31                    
	   TimeSlotBusy (s)     :       32                    

	Job terminated of its own accord at 2025-12-22T07:51:30Z with exit-code 0.
...
006 (1209260.019.000) 2025-12-22 16:51:30 Image size of job updated: 172656
	169  -  MemoryUsage of job (MB)
	172656  -  ResidentSetSize of job (KB)
...
006 (1209260.020.000) 2025-12-22 16:51:30 Image size of job updated: 258184
	253  -  MemoryUsage of job (MB)
	258184  -  ResidentSetSize of job (KB)
...
006 (1209260.013.000) 2025-12-22 16:51:36 Image size of job updated: 243772
	150  -  MemoryUsage of job (MB)
	152764  -  ResidentSetSize of job (KB)
...
005 (1209260.013.000) 2025-12-22 16:51:36 Job terminated.
	(1) Normal termination (return value 0)
		Usr 0 00:00:15, Sys 0 00:00:01  -  Run Remote Usage
		Usr 0 00:00:00, Sys 0 00:00:00  -  Run Local Usage
		Usr 0 00:00:15, Sys 0 00:00:01  -  Total Remote Usage
		Usr 0 00:00:00, Sys 0 00:00:00  -  Total Local Usage
	0  -  Run Bytes Sent By Job
	0  -  Run Bytes Received By Job
	0  -  Total Bytes Sent By Job
	0  -  Total Bytes Received By Job
	Partitionable Resources :    Usage  Request Allocated 
	   Cpus                 :        0        1         1 
	   Disk (KB)            :        1        1      2879 
	   GPUs                 :                           0 
	   Memory (MB)          :      150    10240     10300 
	   TimeExecute (s)      :       17                    
	   TimeSlotBusy (s)     :       17                    

	Job terminated of its own accord at 2025-12-22T07:51:36Z with exit-code 0.
...
001 (1209260.023.000) 2025-12-22 16:51:49 Job executing on host: <155.230.21.137:9618?addrs=155.230.21.137-9618+[2407-c000-c025--21-137]-9618&alias=cluster337.knu.ac.kr&noUDP&sock=startd_3737_d982>
	SlotName: slot1_30@cluster337.knu.ac.kr
	CondorScratchDir = "/home/condor/dir_119962"
	Cpus = 1
	Disk = 4693
	GPUs = 0
	Memory = 10300
...
001 (1209260.024.000) 2025-12-22 16:51:49 Job executing on host: <155.230.21.127:9618?addrs=155.230.21.127-9618+[2407-c000-c025--21-127]-9618&alias=cluster327.knu.ac.kr&noUDP&sock=startd_4324_7b9a>
	SlotName: slot1_9@cluster327.knu.ac.kr
	CondorScratchDir = "/home/condor/dir_544441"
	Cpus = 1
	Disk = 2879
	GPUs = 0
	Memory = 10300
...
001 (1209260.022.000) 2025-12-22 16:51:49 Job executing on host: <155.230.21.106:9618?addrs=155.230.21.106-9618+[2407-c000-c025--21-106]-9618&alias=cluster306.knu.ac.kr&noUDP&sock=startd_7016_f88d>
	SlotName: slot1_7@cluster306.knu.ac.kr
	CondorScratchDir = "/home/condor/dir_3107671"
	Cpus = 1
	Disk = 2824
	GPUs = 0
	Memory = 10300
...
001 (1209260.021.000) 2025-12-22 16:51:49 Job executing on host: <155.230.21.118:9618?addrs=155.230.21.118-9618+[2407-c000-c025--21-118]-9618&alias=cluster318.knu.ac.kr&noUDP&sock=startd_1494_5694>
	SlotName: slot1_9@cluster318.knu.ac.kr
	CondorScratchDir = "/home/condor/dir_3737025"
	Cpus = 1
	Disk = 2826
	GPUs = 0
	Memory = 10300
...
001 (1209260.025.000) 2025-12-22 16:51:50 Job executing on host: <155.230.21.151:9618?addrs=155.230.21.151-9618+[2407-c000-c025--21-151]-9618&alias=cluster351.knu.ac.kr&noUDP&sock=startd_3486_af3c>
	SlotName: slot1_20@cluster351.knu.ac.kr
	CondorScratchDir = "/home/condor/dir_4061512"
	Cpus = 1
	Disk = 8391
	GPUs = 0
	Memory = 10300
...
006 (1209260.023.000) 2025-12-22 16:51:57 Image size of job updated: 126340
	124  -  MemoryUsage of job (MB)
	126340  -  ResidentSetSize of job (KB)
...
006 (1209260.024.000) 2025-12-22 16:51:58 Image size of job updated: 154064
	151  -  MemoryUsage of job (MB)
	154064  -  ResidentSetSize of job (KB)
...
006 (1209260.022.000) 2025-12-22 16:51:58 Image size of job updated: 10040
	10  -  MemoryUsage of job (MB)
	10040  -  ResidentSetSize of job (KB)
...
006 (1209260.021.000) 2025-12-22 16:51:58 Image size of job updated: 21012
	21  -  MemoryUsage of job (MB)
	21012  -  ResidentSetSize of job (KB)
...
006 (1209260.025.000) 2025-12-22 16:51:59 Image size of job updated: 116912
	0  -  MemoryUsage of job (MB)
	0  -  ResidentSetSize of job (KB)
...
005 (1209260.025.000) 2025-12-22 16:51:59 Job terminated.
	(1) Normal termination (return value 0)
		Usr 0 00:00:06, Sys 0 00:00:00  -  Run Remote Usage
		Usr 0 00:00:00, Sys 0 00:00:00  -  Run Local Usage
		Usr 0 00:00:06, Sys 0 00:00:00  -  Total Remote Usage
		Usr 0 00:00:00, Sys 0 00:00:00  -  Total Local Usage
	0  -  Run Bytes Sent By Job
	0  -  Run Bytes Received By Job
	0  -  Total Bytes Sent By Job
	0  -  Total Bytes Received By Job
	Partitionable Resources :    Usage  Request Allocated 
	   Cpus                 :        0        1         1 
	   Disk (KB)            :        1        1      8391 
	   GPUs                 :                           0 
	   Memory (MB)          :        0    10240     10300 
	   TimeExecute (s)      :        9                    
	   TimeSlotBusy (s)     :        9                    

	Job terminated of its own accord at 2025-12-22T07:51:59Z with exit-code 0.
...
006 (1209260.002.000) 2025-12-22 16:52:04 Image size of job updated: 1140660
	151  -  MemoryUsage of job (MB)
	153736  -  ResidentSetSize of job (KB)
...
005 (1209260.002.000) 2025-12-22 16:52:04 Job terminated.
	(1) Normal termination (return value 0)
		Usr 0 00:01:03, Sys 0 00:00:02  -  Run Remote Usage
		Usr 0 00:00:00, Sys 0 00:00:00  -  Run Local Usage
		Usr 0 00:01:03, Sys 0 00:00:02  -  Total Remote Usage
		Usr 0 00:00:00, Sys 0 00:00:00  -  Total Local Usage
	0  -  Run Bytes Sent By Job
	0  -  Run Bytes Received By Job
	0  -  Total Bytes Sent By Job
	0  -  Total Bytes Received By Job
	Partitionable Resources :    Usage  Request Allocated 
	   Cpus                 :        0        1         1 
	   Disk (KB)            :        1        1      2048 
	   GPUs                 :                           0 
	   Memory (MB)          :      151    10240     10300 
	   TimeExecute (s)      :       67                    
	   TimeSlotBusy (s)     :       67                    

	Job terminated of its own accord at 2025-12-22T07:52:04Z with exit-code 0.
...
006 (1209260.012.000) 2025-12-22 16:52:42 Image size of job updated: 1966944
	173  -  MemoryUsage of job (MB)
	176548  -  ResidentSetSize of job (KB)
...
005 (1209260.012.000) 2025-12-22 16:52:42 Job terminated.
	(1) Normal termination (return value 0)
		Usr 0 00:01:19, Sys 0 00:00:02  -  Run Remote Usage
		Usr 0 00:00:00, Sys 0 00:00:00  -  Run Local Usage
		Usr 0 00:01:19, Sys 0 00:00:02  -  Total Remote Usage
		Usr 0 00:00:00, Sys 0 00:00:00  -  Total Local Usage
	0  -  Run Bytes Sent By Job
	0  -  Run Bytes Received By Job
	0  -  Total Bytes Sent By Job
	0  -  Total Bytes Received By Job
	Partitionable Resources :    Usage  Request Allocated 
	   Cpus                 :        0        1         1 
	   Disk (KB)            :        1        1      2816 
	   GPUs                 :                           0 
	   Memory (MB)          :      173    10240     10300 
	   TimeExecute (s)      :       84                    
	   TimeSlotBusy (s)     :       84                    

	Job terminated of its own accord at 2025-12-22T07:52:42Z with exit-code 0.
...
006 (1209260.021.000) 2025-12-22 16:52:45 Image size of job updated: 321892
	21  -  MemoryUsage of job (MB)
	21012  -  ResidentSetSize of job (KB)
...
005 (1209260.021.000) 2025-12-22 16:52:45 Job terminated.
	(1) Normal termination (return value 0)
		Usr 0 00:00:39, Sys 0 00:00:01  -  Run Remote Usage
		Usr 0 00:00:00, Sys 0 00:00:00  -  Run Local Usage
		Usr 0 00:00:39, Sys 0 00:00:01  -  Total Remote Usage
		Usr 0 00:00:00, Sys 0 00:00:00  -  Total Local Usage
	0  -  Run Bytes Sent By Job
	0  -  Run Bytes Received By Job
	0  -  Total Bytes Sent By Job
	0  -  Total Bytes Received By Job
	Partitionable Resources :    Usage  Request Allocated 
	   Cpus                 :        0        1         1 
	   Disk (KB)            :        1        1      2826 
	   GPUs                 :                           0 
	   Memory (MB)          :       21    10240     10300 
	   TimeExecute (s)      :       56                    
	   TimeSlotBusy (s)     :       56                    

	Job terminated of its own accord at 2025-12-22T07:52:45Z with exit-code 0.
...
001 (1209260.026.000) 2025-12-22 16:52:45 Job executing on host: <155.230.21.147:9618?addrs=155.230.21.147-9618+[2407-c000-c025--21-147]-9618&alias=cluster347.knu.ac.kr&noUDP&sock=startd_2481_568e>
	SlotName: slot1_2@cluster347.knu.ac.kr
	AvailableGPUs = {  }
	CondorScratchDir = "/home/condor/dir_2200384"
	Cpus = 1
	Disk = 2816
	GPUs = 0
	Memory = 10300
...
006 (1209260.000.000) 2025-12-22 16:52:49 Image size of job updated: 1671544
	151  -  MemoryUsage of job (MB)
	154116  -  ResidentSetSize of job (KB)
...
005 (1209260.000.000) 2025-12-22 16:52:49 Job terminated.
	(1) Normal termination (return value 0)
		Usr 0 00:01:47, Sys 0 00:00:02  -  Run Remote Usage
		Usr 0 00:00:00, Sys 0 00:00:00  -  Run Local Usage
		Usr 0 00:01:47, Sys 0 00:00:02  -  Total Remote Usage
		Usr 0 00:00:00, Sys 0 00:00:00  -  Total Local Usage
	0  -  Run Bytes Sent By Job
	0  -  Run Bytes Received By Job
	0  -  Total Bytes Sent By Job
	0  -  Total Bytes Received By Job
	Partitionable Resources :    Usage  Request Allocated 
	   Cpus                 :        0        1         1 
	   Disk (KB)            :        1        1      2840 
	   GPUs                 :                           0 
	   Memory (MB)          :      151    10240     10300 
	   TimeExecute (s)      :      114                    
	   TimeSlotBusy (s)     :      114                    

	Job terminated of its own accord at 2025-12-22T07:52:49Z with exit-code 0.
...
006 (1209260.026.000) 2025-12-22 16:52:51 Image size of job updated: 152676
	0  -  MemoryUsage of job (MB)
	0  -  ResidentSetSize of job (KB)
...
005 (1209260.026.000) 2025-12-22 16:52:51 Job terminated.
	(1) Normal termination (return value 0)
		Usr 0 00:00:04, Sys 0 00:00:00  -  Run Remote Usage
		Usr 0 00:00:00, Sys 0 00:00:00  -  Run Local Usage
		Usr 0 00:00:04, Sys 0 00:00:00  -  Total Remote Usage
		Usr 0 00:00:00, Sys 0 00:00:00  -  Total Local Usage
	0  -  Run Bytes Sent By Job
	0  -  Run Bytes Received By Job
	0  -  Total Bytes Sent By Job
	0  -  Total Bytes Received By Job
	Partitionable Resources :    Usage  Request Allocated 
	   Cpus                 :        0        1         1 
	   Disk (KB)            :        1        1      2816 
	   GPUs                 :                           0 
	   Memory (MB)          :        0    10240     10300 
	   TimeExecute (s)      :        6                    
	   TimeSlotBusy (s)     :        6                    

	Job terminated of its own accord at 2025-12-22T07:52:51Z with exit-code 0.
...
006 (1209260.001.000) 2025-12-22 16:52:54 Image size of job updated: 1846464
	151  -  MemoryUsage of job (MB)
	154272  -  ResidentSetSize of job (KB)
...
005 (1209260.001.000) 2025-12-22 16:52:54 Job terminated.
	(1) Normal termination (return value 0)
		Usr 0 00:01:51, Sys 0 00:00:03  -  Run Remote Usage
		Usr 0 00:00:00, Sys 0 00:00:00  -  Run Local Usage
		Usr 0 00:01:51, Sys 0 00:00:03  -  Total Remote Usage
		Usr 0 00:00:00, Sys 0 00:00:00  -  Total Local Usage
	0  -  Run Bytes Sent By Job
	0  -  Run Bytes Received By Job
	0  -  Total Bytes Sent By Job
	0  -  Total Bytes Received By Job
	Partitionable Resources :    Usage  Request Allocated 
	   Cpus                 :     0.98        1         1 
	   Disk (KB)            :     1           1      2830 
	   GPUs                 :                           0 
	   Memory (MB)          :   151       10240     10300 
	   TimeExecute (s)      :   117                       
	   TimeSlotBusy (s)     :   117                       

	Job terminated of its own accord at 2025-12-22T07:52:54Z with exit-code 0.
...
006 (1209260.018.000) 2025-12-22 16:53:00 Image size of job updated: 1048312
	45  -  MemoryUsage of job (MB)
	45692  -  ResidentSetSize of job (KB)
...
006 (1209260.019.000) 2025-12-22 16:53:00 Image size of job updated: 1995612
	169  -  MemoryUsage of job (MB)
	172728  -  ResidentSetSize of job (KB)
...
005 (1209260.018.000) 2025-12-22 16:53:00 Job terminated.
	(1) Normal termination (return value 0)
		Usr 0 00:01:28, Sys 0 00:00:02  -  Run Remote Usage
		Usr 0 00:00:00, Sys 0 00:00:00  -  Run Local Usage
		Usr 0 00:01:28, Sys 0 00:00:02  -  Total Remote Usage
		Usr 0 00:00:00, Sys 0 00:00:00  -  Total Local Usage
	0  -  Run Bytes Sent By Job
	0  -  Run Bytes Received By Job
	0  -  Total Bytes Sent By Job
	0  -  Total Bytes Received By Job
	Partitionable Resources :    Usage  Request Allocated 
	   Cpus                 :        0        1         1 
	   Disk (KB)            :        1        1      4693 
	   GPUs                 :                           0 
	   Memory (MB)          :       45    10240     10300 
	   TimeExecute (s)      :      101                    
	   TimeSlotBusy (s)     :      101                    

	Job terminated of its own accord at 2025-12-22T07:53:00Z with exit-code 0.
...
005 (1209260.019.000) 2025-12-22 16:53:00 Job terminated.
	(1) Normal termination (return value 0)
		Usr 0 00:01:33, Sys 0 00:00:02  -  Run Remote Usage
		Usr 0 00:00:00, Sys 0 00:00:00  -  Run Local Usage
		Usr 0 00:01:33, Sys 0 00:00:02  -  Total Remote Usage
		Usr 0 00:00:00, Sys 0 00:00:00  -  Total Local Usage
	0  -  Run Bytes Sent By Job
	0  -  Run Bytes Received By Job
	0  -  Total Bytes Sent By Job
	0  -  Total Bytes Received By Job
	Partitionable Resources :    Usage  Request Allocated 
	   Cpus                 :        0        1         1 
	   Disk (KB)            :        1        1      2816 
	   GPUs                 :                           0 
	   Memory (MB)          :      169    10240     10300 
	   TimeExecute (s)      :       98                    
	   TimeSlotBusy (s)     :       99                    

	Job terminated of its own accord at 2025-12-22T07:53:00Z with exit-code 0.
...
006 (1209260.014.000) 2025-12-22 16:53:01 Image size of job updated: 2463160
	210  -  MemoryUsage of job (MB)
	214440  -  ResidentSetSize of job (KB)
...
005 (1209260.014.000) 2025-12-22 16:53:02 Job terminated.
	(1) Normal termination (return value 0)
		Usr 0 00:01:35, Sys 0 00:00:02  -  Run Remote Usage
		Usr 0 00:00:00, Sys 0 00:00:00  -  Run Local Usage
		Usr 0 00:01:35, Sys 0 00:00:02  -  Total Remote Usage
		Usr 0 00:00:00, Sys 0 00:00:00  -  Total Local Usage
	0  -  Run Bytes Sent By Job
	0  -  Run Bytes Received By Job
	0  -  Total Bytes Sent By Job
	0  -  Total Bytes Received By Job
	Partitionable Resources :    Usage  Request Allocated 
	   Cpus                 :        0        1         1 
	   Disk (KB)            :        1        1      4673 
	   GPUs                 :                           0 
	   Memory (MB)          :      210    10240     10300 
	   TimeExecute (s)      :      102                    
	   TimeSlotBusy (s)     :      103                    

	Job terminated of its own accord at 2025-12-22T07:53:01Z with exit-code 0.
...
006 (1209260.017.000) 2025-12-22 16:53:04 Image size of job updated: 1601012
	151  -  MemoryUsage of job (MB)
	154096  -  ResidentSetSize of job (KB)
...
005 (1209260.017.000) 2025-12-22 16:53:04 Job terminated.
	(1) Normal termination (return value 0)
		Usr 0 00:01:38, Sys 0 00:00:02  -  Run Remote Usage
		Usr 0 00:00:00, Sys 0 00:00:00  -  Run Local Usage
		Usr 0 00:01:38, Sys 0 00:00:02  -  Total Remote Usage
		Usr 0 00:00:00, Sys 0 00:00:00  -  Total Local Usage
	0  -  Run Bytes Sent By Job
	0  -  Run Bytes Received By Job
	0  -  Total Bytes Sent By Job
	0  -  Total Bytes Received By Job
	Partitionable Resources :    Usage  Request Allocated 
	   Cpus                 :     0.98        1         1 
	   Disk (KB)            :     1           1      2830 
	   GPUs                 :                           0 
	   Memory (MB)          :   151       10240     10300 
	   TimeExecute (s)      :   104                       
	   TimeSlotBusy (s)     :   104                       

	Job terminated of its own accord at 2025-12-22T07:53:04Z with exit-code 0.
...
006 (1209260.004.000) 2025-12-22 16:53:29 Image size of job updated: 2731700
	152  -  MemoryUsage of job (MB)
	154732  -  ResidentSetSize of job (KB)
...
005 (1209260.004.000) 2025-12-22 16:53:31 Job terminated.
	(1) Normal termination (return value 0)
		Usr 0 00:02:22, Sys 0 00:00:04  -  Run Remote Usage
		Usr 0 00:00:00, Sys 0 00:00:00  -  Run Local Usage
		Usr 0 00:02:22, Sys 0 00:00:04  -  Total Remote Usage
		Usr 0 00:00:00, Sys 0 00:00:00  -  Total Local Usage
	0  -  Run Bytes Sent By Job
	0  -  Run Bytes Received By Job
	0  -  Total Bytes Sent By Job
	0  -  Total Bytes Received By Job
	Partitionable Resources :    Usage  Request Allocated 
	   Cpus                 :     0.96        1         1 
	   Disk (KB)            :     1           1      2830 
	   GPUs                 :                           0 
	   Memory (MB)          :   152       10240     10300 
	   TimeExecute (s)      :   151                       
	   TimeSlotBusy (s)     :   152                       

	Job terminated of its own accord at 2025-12-22T07:53:29Z with exit-code 0.
...
006 (1209260.006.000) 2025-12-22 16:53:50 Image size of job updated: 2673720
	152  -  MemoryUsage of job (MB)
	155000  -  ResidentSetSize of job (KB)
...
005 (1209260.006.000) 2025-12-22 16:53:50 Job terminated.
	(1) Normal termination (return value 0)
		Usr 0 00:02:41, Sys 0 00:00:04  -  Run Remote Usage
		Usr 0 00:00:00, Sys 0 00:00:00  -  Run Local Usage
		Usr 0 00:02:41, Sys 0 00:00:04  -  Total Remote Usage
		Usr 0 00:00:00, Sys 0 00:00:00  -  Total Local Usage
	0  -  Run Bytes Sent By Job
	0  -  Run Bytes Received By Job
	0  -  Total Bytes Sent By Job
	0  -  Total Bytes Received By Job
	Partitionable Resources :    Usage  Request Allocated 
	   Cpus                 :     0.98        1         1 
	   Disk (KB)            :     1           1      8391 
	   GPUs                 :                           0 
	   Memory (MB)          :   152       10240     10300 
	   TimeExecute (s)      :   172                       
	   TimeSlotBusy (s)     :   172                       

	Job terminated of its own accord at 2025-12-22T07:53:50Z with exit-code 0.
...
006 (1209260.023.000) 2025-12-22 16:53:52 Image size of job updated: 1519368
	124  -  MemoryUsage of job (MB)
	126360  -  ResidentSetSize of job (KB)
...
005 (1209260.023.000) 2025-12-22 16:53:52 Job terminated.
	(1) Normal termination (return value 0)
		Usr 0 00:01:53, Sys 0 00:00:03  -  Run Remote Usage
		Usr 0 00:00:00, Sys 0 00:00:00  -  Run Local Usage
		Usr 0 00:01:53, Sys 0 00:00:03  -  Total Remote Usage
		Usr 0 00:00:00, Sys 0 00:00:00  -  Total Local Usage
	0  -  Run Bytes Sent By Job
	0  -  Run Bytes Received By Job
	0  -  Total Bytes Sent By Job
	0  -  Total Bytes Received By Job
	Partitionable Resources :    Usage  Request Allocated 
	   Cpus                 :     0.95        1         1 
	   Disk (KB)            :     1           1      4693 
	   GPUs                 :                           0 
	   Memory (MB)          :   124       10240     10300 
	   TimeExecute (s)      :   123                       
	   TimeSlotBusy (s)     :   124                       

	Job terminated of its own accord at 2025-12-22T07:53:52Z with exit-code 0.
...
006 (1209260.024.000) 2025-12-22 16:53:55 Image size of job updated: 1914548
	151  -  MemoryUsage of job (MB)
	154064  -  ResidentSetSize of job (KB)
...
005 (1209260.024.000) 2025-12-22 16:53:55 Job terminated.
	(1) Normal termination (return value 0)
		Usr 0 00:01:57, Sys 0 00:00:04  -  Run Remote Usage
		Usr 0 00:00:00, Sys 0 00:00:00  -  Run Local Usage
		Usr 0 00:01:57, Sys 0 00:00:04  -  Total Remote Usage
		Usr 0 00:00:00, Sys 0 00:00:00  -  Total Local Usage
	0  -  Run Bytes Sent By Job
	0  -  Run Bytes Received By Job
	0  -  Total Bytes Sent By Job
	0  -  Total Bytes Received By Job
	Partitionable Resources :    Usage  Request Allocated 
	   Cpus                 :        0        1         1 
	   Disk (KB)            :        1        1      2879 
	   GPUs                 :                           0 
	   Memory (MB)          :      151    10240     10300 
	   TimeExecute (s)      :      126                    
	   TimeSlotBusy (s)     :      126                    

	Job terminated of its own accord at 2025-12-22T07:53:55Z with exit-code 0.
...
006 (1209260.003.000) 2025-12-22 16:54:09 Image size of job updated: 3141716
	152  -  MemoryUsage of job (MB)
	154976  -  ResidentSetSize of job (KB)
...
005 (1209260.003.000) 2025-12-22 16:54:09 Job terminated.
	(1) Normal termination (return value 0)
		Usr 0 00:02:59, Sys 0 00:00:05  -  Run Remote Usage
		Usr 0 00:00:00, Sys 0 00:00:00  -  Run Local Usage
		Usr 0 00:02:59, Sys 0 00:00:05  -  Total Remote Usage
		Usr 0 00:00:00, Sys 0 00:00:00  -  Total Local Usage
	0  -  Run Bytes Sent By Job
	0  -  Run Bytes Received By Job
	0  -  Total Bytes Sent By Job
	0  -  Total Bytes Received By Job
	Partitionable Resources :    Usage  Request Allocated 
	   Cpus                 :     0.97        1         1 
	   Disk (KB)            :     1           1      8391 
	   GPUs                 :                           0 
	   Memory (MB)          :   152       10240     10300 
	   TimeExecute (s)      :   192                       
	   TimeSlotBusy (s)     :   192                       

	Job terminated of its own accord at 2025-12-22T07:54:09Z with exit-code 0.
...
006 (1209260.011.000) 2025-12-22 16:54:10 Image size of job updated: 1163640
	112  -  MemoryUsage of job (MB)
	114432  -  ResidentSetSize of job (KB)
...
005 (1209260.011.000) 2025-12-22 16:54:10 Job terminated.
	(1) Normal termination (return value 0)
		Usr 0 00:02:44, Sys 0 00:00:04  -  Run Remote Usage
		Usr 0 00:00:00, Sys 0 00:00:00  -  Run Local Usage
		Usr 0 00:02:44, Sys 0 00:00:04  -  Total Remote Usage
		Usr 0 00:00:00, Sys 0 00:00:00  -  Total Local Usage
	0  -  Run Bytes Sent By Job
	0  -  Run Bytes Received By Job
	0  -  Total Bytes Sent By Job
	0  -  Total Bytes Received By Job
	Partitionable Resources :    Usage  Request Allocated 
	   Cpus                 :                 1         1 
	   Disk (KB)            :        1        1      2829 
	   GPUs                 :                           0 
	   Memory (MB)          :      112    10240     10300 
	   TimeExecute (s)      :      172                    
	   TimeSlotBusy (s)     :      172                    

	Job terminated of its own accord at 2025-12-22T07:54:10Z with exit-code 0.
...
006 (1209260.015.000) 2025-12-22 16:54:24 Image size of job updated: 2995740
	152  -  MemoryUsage of job (MB)
	155400  -  ResidentSetSize of job (KB)
...
005 (1209260.015.000) 2025-12-22 16:54:24 Job terminated.
	(1) Normal termination (return value 0)
		Usr 0 00:02:54, Sys 0 00:00:04  -  Run Remote Usage
		Usr 0 00:00:00, Sys 0 00:00:00  -  Run Local Usage
		Usr 0 00:02:54, Sys 0 00:00:04  -  Total Remote Usage
		Usr 0 00:00:00, Sys 0 00:00:00  -  Total Local Usage
	0  -  Run Bytes Sent By Job
	0  -  Run Bytes Received By Job
	0  -  Total Bytes Sent By Job
	0  -  Total Bytes Received By Job
	Partitionable Resources :    Usage  Request Allocated 
	   Cpus                 :        0        1         1 
	   Disk (KB)            :        1        1      2840 
	   GPUs                 :                           0 
	   Memory (MB)          :      152    10240     10300 
	   TimeExecute (s)      :      184                    
	   TimeSlotBusy (s)     :      184                    

	Job terminated of its own accord at 2025-12-22T07:54:24Z with exit-code 0.
...
006 (1209260.020.000) 2025-12-22 16:54:26 Image size of job updated: 2246980
	253  -  MemoryUsage of job (MB)
	258184  -  ResidentSetSize of job (KB)
...
005 (1209260.020.000) 2025-12-22 16:54:26 Job terminated.
	(1) Normal termination (return value 0)
		Usr 0 00:02:50, Sys 0 00:00:04  -  Run Remote Usage
		Usr 0 00:00:00, Sys 0 00:00:00  -  Run Local Usage
		Usr 0 00:02:50, Sys 0 00:00:04  -  Total Remote Usage
		Usr 0 00:00:00, Sys 0 00:00:00  -  Total Local Usage
	0  -  Run Bytes Sent By Job
	0  -  Run Bytes Received By Job
	0  -  Total Bytes Sent By Job
	0  -  Total Bytes Received By Job
	Partitionable Resources :    Usage  Request Allocated 
	   Cpus                 :     0.98        1         1 
	   Disk (KB)            :     1           1      4693 
	   GPUs                 :                           0 
	   Memory (MB)          :   253       10240     10300 
	   TimeExecute (s)      :   184                       
	   TimeSlotBusy (s)     :   185                       

	Job terminated of its own accord at 2025-12-22T07:54:26Z with exit-code 0.
...
006 (1209260.008.000) 2025-12-22 16:54:27 Image size of job updated: 2005536
	151  -  MemoryUsage of job (MB)
	154264  -  ResidentSetSize of job (KB)
...
005 (1209260.008.000) 2025-12-22 16:54:27 Job terminated.
	(1) Normal termination (return value 0)
		Usr 0 00:02:59, Sys 0 00:00:04  -  Run Remote Usage
		Usr 0 00:00:00, Sys 0 00:00:00  -  Run Local Usage
		Usr 0 00:02:59, Sys 0 00:00:04  -  Total Remote Usage
		Usr 0 00:00:00, Sys 0 00:00:00  -  Total Local Usage
	0  -  Run Bytes Sent By Job
	0  -  Run Bytes Received By Job
	0  -  Total Bytes Sent By Job
	0  -  Total Bytes Received By Job
	Partitionable Resources :    Usage  Request Allocated 
	   Cpus                 :     0.98        1         1 
	   Disk (KB)            :     1           1      2771 
	   GPUs                 :                           0 
	   Memory (MB)          :   151       10240     10300 
	   TimeExecute (s)      :   189                       
	   TimeSlotBusy (s)     :   189                       

	Job terminated of its own accord at 2025-12-22T07:54:27Z with exit-code 0.
...
006 (1209260.016.000) 2025-12-22 16:54:48 Image size of job updated: 2216644
	151  -  MemoryUsage of job (MB)
	154276  -  ResidentSetSize of job (KB)
...
005 (1209260.016.000) 2025-12-22 16:54:48 Job terminated.
	(1) Normal termination (return value 0)
		Usr 0 00:03:15, Sys 0 00:00:04  -  Run Remote Usage
		Usr 0 00:00:00, Sys 0 00:00:00  -  Run Local Usage
		Usr 0 00:03:15, Sys 0 00:00:04  -  Total Remote Usage
		Usr 0 00:00:00, Sys 0 00:00:00  -  Total Local Usage
	0  -  Run Bytes Sent By Job
	0  -  Run Bytes Received By Job
	0  -  Total Bytes Sent By Job
	0  -  Total Bytes Received By Job
	Partitionable Resources :    Usage  Request Allocated 
	   Cpus                 :        0        1         1 
	   Disk (KB)            :        1        1      2829 
	   GPUs                 :                           0 
	   Memory (MB)          :      151    10240     10300 
	   TimeExecute (s)      :      208                    
	   TimeSlotBusy (s)     :      208                    

	Job terminated of its own accord at 2025-12-22T07:54:48Z with exit-code 0.
...
006 (1209260.022.000) 2025-12-22 16:55:32 Image size of job updated: 2220020
	10  -  MemoryUsage of job (MB)
	10040  -  ResidentSetSize of job (KB)
...
005 (1209260.022.000) 2025-12-22 16:55:32 Job terminated.
	(1) Normal termination (return value 0)
		Usr 0 00:02:59, Sys 0 00:00:04  -  Run Remote Usage
		Usr 0 00:00:00, Sys 0 00:00:00  -  Run Local Usage
		Usr 0 00:02:59, Sys 0 00:00:04  -  Total Remote Usage
		Usr 0 00:00:00, Sys 0 00:00:00  -  Total Local Usage
	0  -  Run Bytes Sent By Job
	0  -  Run Bytes Received By Job
	0  -  Total Bytes Sent By Job
	0  -  Total Bytes Received By Job
	Partitionable Resources :    Usage  Request Allocated 
	   Cpus                 :     0.99        1         1 
	   Disk (KB)            :     1           1      2824 
	   GPUs                 :                           0 
	   Memory (MB)          :    10       10240     10300 
	   TimeExecute (s)      :   223                       
	   TimeSlotBusy (s)     :   223                       

	Job terminated of its own accord at 2025-12-22T07:55:32Z with exit-code 0.
...
006 (1209260.007.000) 2025-12-22 16:56:08 Image size of job updated: 2591324
	2531  -  MemoryUsage of job (MB)
	2591324  -  ResidentSetSize of job (KB)
...
006 (1209260.009.000) 2025-12-22 16:56:26 Image size of job updated: 1288336
	1259  -  MemoryUsage of job (MB)
	1288336  -  ResidentSetSize of job (KB)
...
006 (1209260.010.000) 2025-12-22 16:56:26 Image size of job updated: 1407852
	1375  -  MemoryUsage of job (MB)
	1407852  -  ResidentSetSize of job (KB)
...
006 (1209260.007.000) 2025-12-22 16:57:26 Image size of job updated: 3191316
	2531  -  MemoryUsage of job (MB)
	2591324  -  ResidentSetSize of job (KB)
...
005 (1209260.007.000) 2025-12-22 16:57:27 Job terminated.
	(1) Normal termination (return value 0)
		Usr 0 00:06:04, Sys 0 00:00:09  -  Run Remote Usage
		Usr 0 00:00:00, Sys 0 00:00:00  -  Run Local Usage
		Usr 0 00:06:04, Sys 0 00:00:09  -  Total Remote Usage
		Usr 0 00:00:00, Sys 0 00:00:00  -  Total Local Usage
	0  -  Run Bytes Sent By Job
	0  -  Run Bytes Received By Job
	0  -  Total Bytes Sent By Job
	0  -  Total Bytes Received By Job
	Partitionable Resources :    Usage  Request Allocated 
	   Cpus                 :     0.97        1         1 
	   Disk (KB)            :     1           1      2817 
	   GPUs                 :                           0 
	   Memory (MB)          :  2531       10240     10300 
	   TimeExecute (s)      :   386                       
	   TimeSlotBusy (s)     :   386                       

	Job terminated of its own accord at 2025-12-22T07:57:26Z with exit-code 0.
...
006 (1209260.010.000) 2025-12-22 17:01:14 Image size of job updated: 2665580
	1375  -  MemoryUsage of job (MB)
	1407864  -  ResidentSetSize of job (KB)
...
005 (1209260.010.000) 2025-12-22 17:01:14 Job terminated.
	(1) Normal termination (return value 0)
		Usr 0 00:09:27, Sys 0 00:00:14  -  Run Remote Usage
		Usr 0 00:00:00, Sys 0 00:00:00  -  Run Local Usage
		Usr 0 00:09:27, Sys 0 00:00:14  -  Total Remote Usage
		Usr 0 00:00:00, Sys 0 00:00:00  -  Total Local Usage
	0  -  Run Bytes Sent By Job
	0  -  Run Bytes Received By Job
	0  -  Total Bytes Sent By Job
	0  -  Total Bytes Received By Job
	Partitionable Resources :    Usage  Request Allocated 
	   Cpus                 :     0.98        1         1 
	   Disk (KB)            :     1           1      2825 
	   GPUs                 :                           0 
	   Memory (MB)          :  1375       10240     10300 
	   TimeExecute (s)      :   596                       
	   TimeSlotBusy (s)     :   596                       

	Job terminated of its own accord at 2025-12-22T08:01:14Z with exit-code 0.
...
006 (1209260.009.000) 2025-12-22 17:01:27 Image size of job updated: 2494204
	2436  -  MemoryUsage of job (MB)
	2494204  -  ResidentSetSize of job (KB)
...
006 (1209260.009.000) 2025-12-22 17:03:54 Image size of job updated: 3066088
	2436  -  MemoryUsage of job (MB)
	2494216  -  ResidentSetSize of job (KB)
...
005 (1209260.009.000) 2025-12-22 17:03:54 Job terminated.
	(1) Normal termination (return value 0)
		Usr 0 00:11:43, Sys 0 00:00:23  -  Run Remote Usage
		Usr 0 00:00:00, Sys 0 00:00:00  -  Run Local Usage
		Usr 0 00:11:43, Sys 0 00:00:23  -  Total Remote Usage
		Usr 0 00:00:00, Sys 0 00:00:00  -  Total Local Usage
	0  -  Run Bytes Sent By Job
	0  -  Run Bytes Received By Job
	0  -  Total Bytes Sent By Job
	0  -  Total Bytes Received By Job
	Partitionable Resources :    Usage  Request Allocated 
	   Cpus                 :     0.98        1         1 
	   Disk (KB)            :     1           1      2815 
	   GPUs                 :                           0 
	   Memory (MB)          :  2436       10240     10300 
	   TimeExecute (s)      :   756                       
	   TimeSlotBusy (s)     :   756                       

	Job terminated of its own accord at 2025-12-22T08:03:54Z with exit-code 0.
...
