000 (1209264.000.000) 2025-12-22 16:30:43 Job submitted from host: <155.230.23.71:9618?addrs=155.230.23.71-9618+[2407-c000-c024-0-20c-29ff-fe9d-363c]-9618&alias=cms01.knu.ac.kr&noUDP&sock=schedd_1467_d186>
...
000 (1209264.001.000) 2025-12-22 16:30:43 Job submitted from host: <155.230.23.71:9618?addrs=155.230.23.71-9618+[2407-c000-c024-0-20c-29ff-fe9d-363c]-9618&alias=cms01.knu.ac.kr&noUDP&sock=schedd_1467_d186>
...
000 (1209264.002.000) 2025-12-22 16:30:43 Job submitted from host: <155.230.23.71:9618?addrs=155.230.23.71-9618+[2407-c000-c024-0-20c-29ff-fe9d-363c]-9618&alias=cms01.knu.ac.kr&noUDP&sock=schedd_1467_d186>
...
000 (1209264.003.000) 2025-12-22 16:30:43 Job submitted from host: <155.230.23.71:9618?addrs=155.230.23.71-9618+[2407-c000-c024-0-20c-29ff-fe9d-363c]-9618&alias=cms01.knu.ac.kr&noUDP&sock=schedd_1467_d186>
...
000 (1209264.004.000) 2025-12-22 16:30:43 Job submitted from host: <155.230.23.71:9618?addrs=155.230.23.71-9618+[2407-c000-c024-0-20c-29ff-fe9d-363c]-9618&alias=cms01.knu.ac.kr&noUDP&sock=schedd_1467_d186>
...
000 (1209264.005.000) 2025-12-22 16:30:43 Job submitted from host: <155.230.23.71:9618?addrs=155.230.23.71-9618+[2407-c000-c024-0-20c-29ff-fe9d-363c]-9618&alias=cms01.knu.ac.kr&noUDP&sock=schedd_1467_d186>
...
000 (1209264.006.000) 2025-12-22 16:30:43 Job submitted from host: <155.230.23.71:9618?addrs=155.230.23.71-9618+[2407-c000-c024-0-20c-29ff-fe9d-363c]-9618&alias=cms01.knu.ac.kr&noUDP&sock=schedd_1467_d186>
...
000 (1209264.007.000) 2025-12-22 16:30:43 Job submitted from host: <155.230.23.71:9618?addrs=155.230.23.71-9618+[2407-c000-c024-0-20c-29ff-fe9d-363c]-9618&alias=cms01.knu.ac.kr&noUDP&sock=schedd_1467_d186>
...
000 (1209264.008.000) 2025-12-22 16:30:43 Job submitted from host: <155.230.23.71:9618?addrs=155.230.23.71-9618+[2407-c000-c024-0-20c-29ff-fe9d-363c]-9618&alias=cms01.knu.ac.kr&noUDP&sock=schedd_1467_d186>
...
000 (1209264.009.000) 2025-12-22 16:30:43 Job submitted from host: <155.230.23.71:9618?addrs=155.230.23.71-9618+[2407-c000-c024-0-20c-29ff-fe9d-363c]-9618&alias=cms01.knu.ac.kr&noUDP&sock=schedd_1467_d186>
...
000 (1209264.010.000) 2025-12-22 16:30:43 Job submitted from host: <155.230.23.71:9618?addrs=155.230.23.71-9618+[2407-c000-c024-0-20c-29ff-fe9d-363c]-9618&alias=cms01.knu.ac.kr&noUDP&sock=schedd_1467_d186>
...
000 (1209264.011.000) 2025-12-22 16:30:43 Job submitted from host: <155.230.23.71:9618?addrs=155.230.23.71-9618+[2407-c000-c024-0-20c-29ff-fe9d-363c]-9618&alias=cms01.knu.ac.kr&noUDP&sock=schedd_1467_d186>
...
000 (1209264.012.000) 2025-12-22 16:30:43 Job submitted from host: <155.230.23.71:9618?addrs=155.230.23.71-9618+[2407-c000-c024-0-20c-29ff-fe9d-363c]-9618&alias=cms01.knu.ac.kr&noUDP&sock=schedd_1467_d186>
...
000 (1209264.013.000) 2025-12-22 16:30:43 Job submitted from host: <155.230.23.71:9618?addrs=155.230.23.71-9618+[2407-c000-c024-0-20c-29ff-fe9d-363c]-9618&alias=cms01.knu.ac.kr&noUDP&sock=schedd_1467_d186>
...
000 (1209264.014.000) 2025-12-22 16:30:43 Job submitted from host: <155.230.23.71:9618?addrs=155.230.23.71-9618+[2407-c000-c024-0-20c-29ff-fe9d-363c]-9618&alias=cms01.knu.ac.kr&noUDP&sock=schedd_1467_d186>
...
000 (1209264.015.000) 2025-12-22 16:30:43 Job submitted from host: <155.230.23.71:9618?addrs=155.230.23.71-9618+[2407-c000-c024-0-20c-29ff-fe9d-363c]-9618&alias=cms01.knu.ac.kr&noUDP&sock=schedd_1467_d186>
...
000 (1209264.016.000) 2025-12-22 16:30:43 Job submitted from host: <155.230.23.71:9618?addrs=155.230.23.71-9618+[2407-c000-c024-0-20c-29ff-fe9d-363c]-9618&alias=cms01.knu.ac.kr&noUDP&sock=schedd_1467_d186>
...
000 (1209264.017.000) 2025-12-22 16:30:43 Job submitted from host: <155.230.23.71:9618?addrs=155.230.23.71-9618+[2407-c000-c024-0-20c-29ff-fe9d-363c]-9618&alias=cms01.knu.ac.kr&noUDP&sock=schedd_1467_d186>
...
000 (1209264.018.000) 2025-12-22 16:30:43 Job submitted from host: <155.230.23.71:9618?addrs=155.230.23.71-9618+[2407-c000-c024-0-20c-29ff-fe9d-363c]-9618&alias=cms01.knu.ac.kr&noUDP&sock=schedd_1467_d186>
...
000 (1209264.019.000) 2025-12-22 16:30:43 Job submitted from host: <155.230.23.71:9618?addrs=155.230.23.71-9618+[2407-c000-c024-0-20c-29ff-fe9d-363c]-9618&alias=cms01.knu.ac.kr&noUDP&sock=schedd_1467_d186>
...
000 (1209264.020.000) 2025-12-22 16:30:43 Job submitted from host: <155.230.23.71:9618?addrs=155.230.23.71-9618+[2407-c000-c024-0-20c-29ff-fe9d-363c]-9618&alias=cms01.knu.ac.kr&noUDP&sock=schedd_1467_d186>
...
000 (1209264.021.000) 2025-12-22 16:30:43 Job submitted from host: <155.230.23.71:9618?addrs=155.230.23.71-9618+[2407-c000-c024-0-20c-29ff-fe9d-363c]-9618&alias=cms01.knu.ac.kr&noUDP&sock=schedd_1467_d186>
...
000 (1209264.022.000) 2025-12-22 16:30:43 Job submitted from host: <155.230.23.71:9618?addrs=155.230.23.71-9618+[2407-c000-c024-0-20c-29ff-fe9d-363c]-9618&alias=cms01.knu.ac.kr&noUDP&sock=schedd_1467_d186>
...
000 (1209264.023.000) 2025-12-22 16:30:43 Job submitted from host: <155.230.23.71:9618?addrs=155.230.23.71-9618+[2407-c000-c024-0-20c-29ff-fe9d-363c]-9618&alias=cms01.knu.ac.kr&noUDP&sock=schedd_1467_d186>
...
000 (1209264.024.000) 2025-12-22 16:30:43 Job submitted from host: <155.230.23.71:9618?addrs=155.230.23.71-9618+[2407-c000-c024-0-20c-29ff-fe9d-363c]-9618&alias=cms01.knu.ac.kr&noUDP&sock=schedd_1467_d186>
...
000 (1209264.025.000) 2025-12-22 16:30:43 Job submitted from host: <155.230.23.71:9618?addrs=155.230.23.71-9618+[2407-c000-c024-0-20c-29ff-fe9d-363c]-9618&alias=cms01.knu.ac.kr&noUDP&sock=schedd_1467_d186>
...
000 (1209264.026.000) 2025-12-22 16:30:43 Job submitted from host: <155.230.23.71:9618?addrs=155.230.23.71-9618+[2407-c000-c024-0-20c-29ff-fe9d-363c]-9618&alias=cms01.knu.ac.kr&noUDP&sock=schedd_1467_d186>
...
000 (1209264.027.000) 2025-12-22 16:30:43 Job submitted from host: <155.230.23.71:9618?addrs=155.230.23.71-9618+[2407-c000-c024-0-20c-29ff-fe9d-363c]-9618&alias=cms01.knu.ac.kr&noUDP&sock=schedd_1467_d186>
...
000 (1209264.028.000) 2025-12-22 16:30:43 Job submitted from host: <155.230.23.71:9618?addrs=155.230.23.71-9618+[2407-c000-c024-0-20c-29ff-fe9d-363c]-9618&alias=cms01.knu.ac.kr&noUDP&sock=schedd_1467_d186>
...
000 (1209264.029.000) 2025-12-22 16:30:43 Job submitted from host: <155.230.23.71:9618?addrs=155.230.23.71-9618+[2407-c000-c024-0-20c-29ff-fe9d-363c]-9618&alias=cms01.knu.ac.kr&noUDP&sock=schedd_1467_d186>
...
000 (1209264.030.000) 2025-12-22 16:30:43 Job submitted from host: <155.230.23.71:9618?addrs=155.230.23.71-9618+[2407-c000-c024-0-20c-29ff-fe9d-363c]-9618&alias=cms01.knu.ac.kr&noUDP&sock=schedd_1467_d186>
...
000 (1209264.031.000) 2025-12-22 16:30:43 Job submitted from host: <155.230.23.71:9618?addrs=155.230.23.71-9618+[2407-c000-c024-0-20c-29ff-fe9d-363c]-9618&alias=cms01.knu.ac.kr&noUDP&sock=schedd_1467_d186>
...
000 (1209264.032.000) 2025-12-22 16:30:43 Job submitted from host: <155.230.23.71:9618?addrs=155.230.23.71-9618+[2407-c000-c024-0-20c-29ff-fe9d-363c]-9618&alias=cms01.knu.ac.kr&noUDP&sock=schedd_1467_d186>
...
001 (1209264.000.000) 2025-12-22 16:59:15 Job executing on host: <155.230.21.153:9618?addrs=155.230.21.153-9618+[2407-c000-c024-0-12ff-e0ff-fe03-bebe]-9618&alias=cluster353.knu.ac.kr&noUDP&sock=startd_3951_a2c6>
	SlotName: slot1_9@cluster353.knu.ac.kr
	CondorScratchDir = "/home/condor/dir_3993252"
	Cpus = 1
	Disk = 2770
	GPUs = 0
	Memory = 10300
...
001 (1209264.001.000) 2025-12-22 16:59:16 Job executing on host: <155.230.21.151:9618?addrs=155.230.21.151-9618+[2407-c000-c025--21-151]-9618&alias=cluster351.knu.ac.kr&noUDP&sock=startd_3486_af3c>
	SlotName: slot1_29@cluster351.knu.ac.kr
	CondorScratchDir = "/home/condor/dir_4066087"
	Cpus = 1
	Disk = 8391
	GPUs = 0
	Memory = 10300
...
001 (1209264.002.000) 2025-12-22 16:59:17 Job executing on host: <155.230.21.155:9618?addrs=155.230.21.155-9618+[2407-c000-c025--21-155]-9618&alias=cluster355.knu.ac.kr&noUDP&sock=startd_8970_409c>
	SlotName: slot1_20@cluster355.knu.ac.kr
	CondorScratchDir = "/home/condor/dir_2011804"
	Cpus = 1
	Disk = 4673
	GPUs = 0
	Memory = 10300
...
006 (1209264.000.000) 2025-12-22 16:59:23 Image size of job updated: 168440
	165  -  MemoryUsage of job (MB)
	168440  -  ResidentSetSize of job (KB)
...
006 (1209264.002.000) 2025-12-22 16:59:25 Image size of job updated: 177280
	174  -  MemoryUsage of job (MB)
	177280  -  ResidentSetSize of job (KB)
...
006 (1209264.001.000) 2025-12-22 16:59:25 Image size of job updated: 154340
	151  -  MemoryUsage of job (MB)
	154340  -  ResidentSetSize of job (KB)
...
001 (1209264.003.000) 2025-12-22 16:59:37 Job executing on host: <155.230.21.155:9618?addrs=155.230.21.155-9618+[2407-c000-c025--21-155]-9618&alias=cluster355.knu.ac.kr&noUDP&sock=startd_8970_409c>
	SlotName: slot1_10@cluster355.knu.ac.kr
	CondorScratchDir = "/home/condor/dir_2012152"
	Cpus = 1
	Disk = 4673
	GPUs = 0
	Memory = 10300
...
001 (1209264.004.000) 2025-12-22 16:59:37 Job executing on host: <155.230.21.148:9618?addrs=155.230.21.148-9618+[2407-c000-c025--21-148]-9618&alias=cluster348.knu.ac.kr&noUDP&sock=startd_2894_9f2b>
	SlotName: slot1_2@cluster348.knu.ac.kr
	CondorScratchDir = "/home/condor/dir_781413"
	Cpus = 1
	Disk = 2048
	GPUs = 0
	Memory = 10300
...
006 (1209264.003.000) 2025-12-22 16:59:45 Image size of job updated: 178024
	174  -  MemoryUsage of job (MB)
	178024  -  ResidentSetSize of job (KB)
...
006 (1209264.004.000) 2025-12-22 16:59:45 Image size of job updated: 153976
	151  -  MemoryUsage of job (MB)
	153976  -  ResidentSetSize of job (KB)
...
001 (1209264.007.000) 2025-12-22 17:00:09 Job executing on host: <155.230.21.155:9618?addrs=155.230.21.155-9618+[2407-c000-c025--21-155]-9618&alias=cluster355.knu.ac.kr&noUDP&sock=startd_8970_409c>
	SlotName: slot1_16@cluster355.knu.ac.kr
	CondorScratchDir = "/home/condor/dir_2012385"
	Cpus = 1
	Disk = 4673
	GPUs = 0
	Memory = 10300
...
001 (1209264.008.000) 2025-12-22 17:00:09 Job executing on host: <155.230.21.153:9618?addrs=155.230.21.153-9618+[2407-c000-c024-0-12ff-e0ff-fe03-bebe]-9618&alias=cluster353.knu.ac.kr&noUDP&sock=startd_3951_a2c6>
	SlotName: slot1_5@cluster353.knu.ac.kr
	CondorScratchDir = "/home/condor/dir_3993999"
	Cpus = 1
	Disk = 2770
	GPUs = 0
	Memory = 10300
...
001 (1209264.005.000) 2025-12-22 17:00:09 Job executing on host: <155.230.21.121:9618?addrs=155.230.21.121-9618+[2407-c000-c025--21-121]-9618&alias=cluster321.knu.ac.kr&noUDP&sock=startd_1650_575b>
	SlotName: slot1_5@cluster321.knu.ac.kr
	CondorScratchDir = "/home/condor/dir_2431609"
	Cpus = 1
	Disk = 2772
	GPUs = 0
	Memory = 10300
...
001 (1209264.009.000) 2025-12-22 17:00:10 Job executing on host: <155.230.21.148:9618?addrs=155.230.21.148-9618+[2407-c000-c025--21-148]-9618&alias=cluster348.knu.ac.kr&noUDP&sock=startd_2894_9f2b>
	SlotName: slot1_6@cluster348.knu.ac.kr
	CondorScratchDir = "/home/condor/dir_781791"
	Cpus = 1
	Disk = 2048
	GPUs = 0
	Memory = 10300
...
001 (1209264.010.000) 2025-12-22 17:00:10 Job executing on host: <155.230.21.151:9618?addrs=155.230.21.151-9618+[2407-c000-c025--21-151]-9618&alias=cluster351.knu.ac.kr&noUDP&sock=startd_3486_af3c>
	SlotName: slot1_20@cluster351.knu.ac.kr
	CondorScratchDir = "/home/condor/dir_4066697"
	Cpus = 1
	Disk = 8391
	GPUs = 0
	Memory = 10300
...
001 (1209264.006.000) 2025-12-22 17:00:10 Job executing on host: <155.230.21.99:9618?addrs=155.230.21.99-9618+[2407-c000-c025--21-99]-9618&alias=cluster299.knu.ac.kr&noUDP&sock=startd_1083_6d28>
	SlotName: slot1_1@cluster299.knu.ac.kr
	CondorScratchDir = "/home/condor/dir_1076809"
	Cpus = 1
	Disk = 2837
	GPUs = 0
	Memory = 10300
...
001 (1209264.011.000) 2025-12-22 17:00:11 Job executing on host: <155.230.21.99:9618?addrs=155.230.21.99-9618+[2407-c000-c025--21-99]-9618&alias=cluster299.knu.ac.kr&noUDP&sock=startd_1083_6d28>
	SlotName: slot1_3@cluster299.knu.ac.kr
	CondorScratchDir = "/home/condor/dir_1076835"
	Cpus = 1
	Disk = 2837
	GPUs = 0
	Memory = 10300
...
006 (1209264.007.000) 2025-12-22 17:00:17 Image size of job updated: 169548
	166  -  MemoryUsage of job (MB)
	169548  -  ResidentSetSize of job (KB)
...
006 (1209264.008.000) 2025-12-22 17:00:17 Image size of job updated: 160744
	157  -  MemoryUsage of job (MB)
	160744  -  ResidentSetSize of job (KB)
...
006 (1209264.005.000) 2025-12-22 17:00:17 Image size of job updated: 118676
	116  -  MemoryUsage of job (MB)
	118676  -  ResidentSetSize of job (KB)
...
006 (1209264.009.000) 2025-12-22 17:00:19 Image size of job updated: 160212
	157  -  MemoryUsage of job (MB)
	160212  -  ResidentSetSize of job (KB)
...
006 (1209264.010.000) 2025-12-22 17:00:19 Image size of job updated: 153468
	150  -  MemoryUsage of job (MB)
	153468  -  ResidentSetSize of job (KB)
...
006 (1209264.006.000) 2025-12-22 17:00:19 Image size of job updated: 30216
	30  -  MemoryUsage of job (MB)
	30216  -  ResidentSetSize of job (KB)
...
006 (1209264.011.000) 2025-12-22 17:00:20 Image size of job updated: 33976
	34  -  MemoryUsage of job (MB)
	33976  -  ResidentSetSize of job (KB)
...
006 (1209264.002.000) 2025-12-22 17:00:30 Image size of job updated: 1719072
	174  -  MemoryUsage of job (MB)
	177280  -  ResidentSetSize of job (KB)
...
005 (1209264.002.000) 2025-12-22 17:00:30 Job terminated.
	(1) Normal termination (return value 0)
		Usr 0 00:01:09, Sys 0 00:00:02  -  Run Remote Usage
		Usr 0 00:00:00, Sys 0 00:00:00  -  Run Local Usage
		Usr 0 00:01:09, Sys 0 00:00:02  -  Total Remote Usage
		Usr 0 00:00:00, Sys 0 00:00:00  -  Total Local Usage
	0  -  Run Bytes Sent By Job
	0  -  Run Bytes Received By Job
	0  -  Total Bytes Sent By Job
	0  -  Total Bytes Received By Job
	Partitionable Resources :    Usage  Request Allocated 
	   Cpus                 :        0        1         1 
	   Disk (KB)            :        1        1      4673 
	   GPUs                 :                           0 
	   Memory (MB)          :      174    10240     10300 
	   TimeExecute (s)      :       73                    
	   TimeSlotBusy (s)     :       73                    

	Job terminated of its own accord at 2025-12-22T08:00:30Z with exit-code 0.
...
001 (1209264.014.000) 2025-12-22 17:00:31 Job executing on host: <155.230.21.153:9618?addrs=155.230.21.153-9618+[2407-c000-c024-0-12ff-e0ff-fe03-bebe]-9618&alias=cluster353.knu.ac.kr&noUDP&sock=startd_3951_a2c6>
	SlotName: slot1_6@cluster353.knu.ac.kr
	CondorScratchDir = "/home/condor/dir_3994361"
	Cpus = 1
	Disk = 2770
	GPUs = 0
	Memory = 10300
...
001 (1209264.012.000) 2025-12-22 17:00:31 Job executing on host: <155.230.21.145:9618?addrs=155.230.21.145-9618+[2407-c000-c025--21-145]-9618&alias=cluster345.knu.ac.kr&noUDP&sock=startd_2507_2c05>
	SlotName: slot1_3@cluster345.knu.ac.kr
	CondorScratchDir = "/home/condor/dir_3075282"
	Cpus = 1
	Disk = 2842
	GPUs = 0
	Memory = 10300
...
001 (1209264.013.000) 2025-12-22 17:00:32 Job executing on host: <155.230.21.137:9618?addrs=155.230.21.137-9618+[2407-c000-c025--21-137]-9618&alias=cluster337.knu.ac.kr&noUDP&sock=startd_3737_d982>
	SlotName: slot1_30@cluster337.knu.ac.kr
	CondorScratchDir = "/home/condor/dir_125578"
	Cpus = 1
	Disk = 4693
	GPUs = 0
	Memory = 10300
...
001 (1209264.016.000) 2025-12-22 17:00:32 Job executing on host: <155.230.21.153:9618?addrs=155.230.21.153-9618+[2407-c000-c024-0-12ff-e0ff-fe03-bebe]-9618&alias=cluster353.knu.ac.kr&noUDP&sock=startd_3951_a2c6>
	SlotName: slot1_13@cluster353.knu.ac.kr
	CondorScratchDir = "/home/condor/dir_3994530"
	Cpus = 1
	Disk = 2770
	GPUs = 0
	Memory = 10300
...
001 (1209264.015.000) 2025-12-22 17:00:32 Job executing on host: <155.230.21.151:9618?addrs=155.230.21.151-9618+[2407-c000-c025--21-151]-9618&alias=cluster351.knu.ac.kr&noUDP&sock=startd_3486_af3c>
	SlotName: slot1_2@cluster351.knu.ac.kr
	CondorScratchDir = "/home/condor/dir_4067043"
	Cpus = 1
	Disk = 8391
	GPUs = 0
	Memory = 10300
...
001 (1209264.017.000) 2025-12-22 17:00:34 Job executing on host: <155.230.21.155:9618?addrs=155.230.21.155-9618+[2407-c000-c025--21-155]-9618&alias=cluster355.knu.ac.kr&noUDP&sock=startd_8970_409c>
	SlotName: slot1_20@cluster355.knu.ac.kr
	CondorScratchDir = "/home/condor/dir_2012558"
	Cpus = 1
	Disk = 4673
	GPUs = 0
	Memory = 10300
...
006 (1209264.014.000) 2025-12-22 17:00:40 Image size of job updated: 198504
	194  -  MemoryUsage of job (MB)
	198504  -  ResidentSetSize of job (KB)
...
006 (1209264.012.000) 2025-12-22 17:00:40 Image size of job updated: 147080
	144  -  MemoryUsage of job (MB)
	147080  -  ResidentSetSize of job (KB)
...
006 (1209264.015.000) 2025-12-22 17:00:41 Image size of job updated: 153308
	150  -  MemoryUsage of job (MB)
	153308  -  ResidentSetSize of job (KB)
...
006 (1209264.013.000) 2025-12-22 17:00:41 Image size of job updated: 153596
	150  -  MemoryUsage of job (MB)
	153596  -  ResidentSetSize of job (KB)
...
006 (1209264.016.000) 2025-12-22 17:00:41 Image size of job updated: 198996
	195  -  MemoryUsage of job (MB)
	198996  -  ResidentSetSize of job (KB)
...
006 (1209264.017.000) 2025-12-22 17:00:43 Image size of job updated: 200140
	196  -  MemoryUsage of job (MB)
	200140  -  ResidentSetSize of job (KB)
...
001 (1209264.018.000) 2025-12-22 17:00:57 Job executing on host: <155.230.21.147:9618?addrs=155.230.21.147-9618+[2407-c000-c025--21-147]-9618&alias=cluster347.knu.ac.kr&noUDP&sock=startd_2481_568e>
	SlotName: slot1_2@cluster347.knu.ac.kr
	AvailableGPUs = {  }
	CondorScratchDir = "/home/condor/dir_2203225"
	Cpus = 1
	Disk = 2816
	GPUs = 0
	Memory = 10300
...
001 (1209264.019.000) 2025-12-22 17:00:58 Job executing on host: <155.230.21.126:9618?addrs=155.230.21.126-9618+[2407-c000-c025--21-126]-9618&alias=cluster326.knu.ac.kr&noUDP&sock=startd_3436_6380>
	SlotName: slot1_3@cluster326.knu.ac.kr
	CondorScratchDir = "/home/condor/dir_3691602"
	Cpus = 1
	Disk = 2820
	GPUs = 0
	Memory = 10300
...
001 (1209264.020.000) 2025-12-22 17:00:58 Job executing on host: <155.230.21.133:9618?addrs=155.230.21.133-9618+[2407-c000-c025--21-133]-9618&alias=cluster333.knu.ac.kr&noUDP&sock=startd_2525_84b9>
	SlotName: slot1_4@cluster333.knu.ac.kr
	CondorScratchDir = "/home/condor/dir_1943292"
	Cpus = 1
	Disk = 2840
	GPUs = 0
	Memory = 10300
...
001 (1209264.021.000) 2025-12-22 17:00:58 Job executing on host: <155.230.21.135:9618?addrs=155.230.21.135-9618+[2407-c000-c025--21-135]-9618&alias=cluster335.knu.ac.kr&noUDP&sock=startd_2528_9382>
	SlotName: slot1_12@cluster335.knu.ac.kr
	CondorScratchDir = "/home/condor/dir_1262614"
	Cpus = 1
	Disk = 2830
	GPUs = 0
	Memory = 10300
...
001 (1209264.022.000) 2025-12-22 17:00:58 Job executing on host: <155.230.21.137:9618?addrs=155.230.21.137-9618+[2407-c000-c025--21-137]-9618&alias=cluster337.knu.ac.kr&noUDP&sock=startd_3737_d982>
	SlotName: slot1_32@cluster337.knu.ac.kr
	CondorScratchDir = "/home/condor/dir_125757"
	Cpus = 1
	Disk = 4693
	GPUs = 0
	Memory = 10300
...
001 (1209264.023.000) 2025-12-22 17:00:59 Job executing on host: <155.230.21.151:9618?addrs=155.230.21.151-9618+[2407-c000-c025--21-151]-9618&alias=cluster351.knu.ac.kr&noUDP&sock=startd_3486_af3c>
	SlotName: slot1_6@cluster351.knu.ac.kr
	CondorScratchDir = "/home/condor/dir_4067391"
	Cpus = 1
	Disk = 8391
	GPUs = 0
	Memory = 10300
...
001 (1209264.024.000) 2025-12-22 17:00:59 Job executing on host: <155.230.21.133:9618?addrs=155.230.21.133-9618+[2407-c000-c025--21-133]-9618&alias=cluster333.knu.ac.kr&noUDP&sock=startd_2525_84b9>
	SlotName: slot1_11@cluster333.knu.ac.kr
	CondorScratchDir = "/home/condor/dir_1943384"
	Cpus = 1
	Disk = 2840
	GPUs = 0
	Memory = 10300
...
001 (1209264.025.000) 2025-12-22 17:00:59 Job executing on host: <155.230.21.137:9618?addrs=155.230.21.137-9618+[2407-c000-c025--21-137]-9618&alias=cluster337.knu.ac.kr&noUDP&sock=startd_3737_d982>
	SlotName: slot1_33@cluster337.knu.ac.kr
	CondorScratchDir = "/home/condor/dir_125837"
	Cpus = 1
	Disk = 4693
	GPUs = 0
	Memory = 10300
...
006 (1209264.018.000) 2025-12-22 17:01:05 Image size of job updated: 153788
	151  -  MemoryUsage of job (MB)
	153788  -  ResidentSetSize of job (KB)
...
006 (1209264.019.000) 2025-12-22 17:01:06 Image size of job updated: 117416
	115  -  MemoryUsage of job (MB)
	117416  -  ResidentSetSize of job (KB)
...
006 (1209264.020.000) 2025-12-22 17:01:06 Image size of job updated: 154148
	151  -  MemoryUsage of job (MB)
	154148  -  ResidentSetSize of job (KB)
...
006 (1209264.021.000) 2025-12-22 17:01:06 Image size of job updated: 154216
	151  -  MemoryUsage of job (MB)
	154216  -  ResidentSetSize of job (KB)
...
006 (1209264.022.000) 2025-12-22 17:01:07 Image size of job updated: 130428
	128  -  MemoryUsage of job (MB)
	130428  -  ResidentSetSize of job (KB)
...
006 (1209264.023.000) 2025-12-22 17:01:08 Image size of job updated: 154728
	152  -  MemoryUsage of job (MB)
	154728  -  ResidentSetSize of job (KB)
...
006 (1209264.024.000) 2025-12-22 17:01:08 Image size of job updated: 153604
	151  -  MemoryUsage of job (MB)
	153604  -  ResidentSetSize of job (KB)
...
006 (1209264.025.000) 2025-12-22 17:01:08 Image size of job updated: 154128
	151  -  MemoryUsage of job (MB)
	154128  -  ResidentSetSize of job (KB)
...
001 (1209264.028.000) 2025-12-22 17:01:18 Job executing on host: <155.230.21.135:9618?addrs=155.230.21.135-9618+[2407-c000-c025--21-135]-9618&alias=cluster335.knu.ac.kr&noUDP&sock=startd_2528_9382>
	SlotName: slot1_6@cluster335.knu.ac.kr
	CondorScratchDir = "/home/condor/dir_1262821"
	Cpus = 1
	Disk = 2830
	GPUs = 0
	Memory = 10300
...
001 (1209264.029.000) 2025-12-22 17:01:18 Job executing on host: <155.230.21.153:9618?addrs=155.230.21.153-9618+[2407-c000-c024-0-12ff-e0ff-fe03-bebe]-9618&alias=cluster353.knu.ac.kr&noUDP&sock=startd_3951_a2c6>
	SlotName: slot1_4@cluster353.knu.ac.kr
	CondorScratchDir = "/home/condor/dir_3995074"
	Cpus = 1
	Disk = 2770
	GPUs = 0
	Memory = 10300
...
001 (1209264.026.000) 2025-12-22 17:01:18 Job executing on host: <155.230.21.92:9618?addrs=155.230.21.92-9618+[2407-c000-c025--21-92]-9618&alias=cluster292.knu.ac.kr&noUDP&sock=startd_6642_7021>
	SlotName: slot1_3@cluster292.knu.ac.kr
	CondorScratchDir = "/home/condor/dir_2169157"
	Cpus = 1
	Disk = 2825
	GPUs = 0
	Memory = 10300
...
001 (1209264.027.000) 2025-12-22 17:01:20 Job executing on host: <155.230.21.137:9618?addrs=155.230.21.137-9618+[2407-c000-c025--21-137]-9618&alias=cluster337.knu.ac.kr&noUDP&sock=startd_3737_d982>
	SlotName: slot1_4@cluster337.knu.ac.kr
	CondorScratchDir = "/home/condor/dir_126291"
	Cpus = 1
	Disk = 4693
	GPUs = 0
	Memory = 10300
...
006 (1209264.028.000) 2025-12-22 17:01:26 Image size of job updated: 154436
	151  -  MemoryUsage of job (MB)
	154436  -  ResidentSetSize of job (KB)
...
006 (1209264.029.000) 2025-12-22 17:01:26 Image size of job updated: 156548
	153  -  MemoryUsage of job (MB)
	156548  -  ResidentSetSize of job (KB)
...
006 (1209264.026.000) 2025-12-22 17:01:27 Image size of job updated: 108260
	106  -  MemoryUsage of job (MB)
	108260  -  ResidentSetSize of job (KB)
...
006 (1209264.027.000) 2025-12-22 17:01:28 Image size of job updated: 125128
	123  -  MemoryUsage of job (MB)
	125128  -  ResidentSetSize of job (KB)
...
006 (1209264.003.000) 2025-12-22 17:01:29 Image size of job updated: 2752040
	174  -  MemoryUsage of job (MB)
	178024  -  ResidentSetSize of job (KB)
...
005 (1209264.003.000) 2025-12-22 17:01:29 Job terminated.
	(1) Normal termination (return value 0)
		Usr 0 00:01:46, Sys 0 00:00:02  -  Run Remote Usage
		Usr 0 00:00:00, Sys 0 00:00:00  -  Run Local Usage
		Usr 0 00:01:46, Sys 0 00:00:02  -  Total Remote Usage
		Usr 0 00:00:00, Sys 0 00:00:00  -  Total Local Usage
	0  -  Run Bytes Sent By Job
	0  -  Run Bytes Received By Job
	0  -  Total Bytes Sent By Job
	0  -  Total Bytes Received By Job
	Partitionable Resources :    Usage  Request Allocated 
	   Cpus                 :        0        1         1 
	   Disk (KB)            :        1        1      4673 
	   GPUs                 :                           0 
	   Memory (MB)          :      174    10240     10300 
	   TimeExecute (s)      :      113                    
	   TimeSlotBusy (s)     :      113                    

	Job terminated of its own accord at 2025-12-22T08:01:29Z with exit-code 0.
...
006 (1209264.000.000) 2025-12-22 17:01:33 Image size of job updated: 2972308
	174  -  MemoryUsage of job (MB)
	177816  -  ResidentSetSize of job (KB)
...
005 (1209264.000.000) 2025-12-22 17:01:33 Job terminated.
	(1) Normal termination (return value 0)
		Usr 0 00:02:10, Sys 0 00:00:02  -  Run Remote Usage
		Usr 0 00:00:00, Sys 0 00:00:00  -  Run Local Usage
		Usr 0 00:02:10, Sys 0 00:00:02  -  Total Remote Usage
		Usr 0 00:00:00, Sys 0 00:00:00  -  Total Local Usage
	0  -  Run Bytes Sent By Job
	0  -  Run Bytes Received By Job
	0  -  Total Bytes Sent By Job
	0  -  Total Bytes Received By Job
	Partitionable Resources :    Usage  Request Allocated 
	   Cpus                 :     0.46        1         1 
	   Disk (KB)            :     1           1      2770 
	   GPUs                 :                           0 
	   Memory (MB)          :   174       10240     10300 
	   TimeExecute (s)      :   138                       
	   TimeSlotBusy (s)     :   138                       

	Job terminated of its own accord at 2025-12-22T08:01:33Z with exit-code 0.
...
001 (1209264.031.000) 2025-12-22 17:01:42 Job executing on host: <155.230.21.155:9618?addrs=155.230.21.155-9618+[2407-c000-c025--21-155]-9618&alias=cluster355.knu.ac.kr&noUDP&sock=startd_8970_409c>
	SlotName: slot1_10@cluster355.knu.ac.kr
	CondorScratchDir = "/home/condor/dir_2012757"
	Cpus = 1
	Disk = 4673
	GPUs = 0
	Memory = 10300
...
001 (1209264.030.000) 2025-12-22 17:01:43 Job executing on host: <155.230.20.26:9618?addrs=155.230.20.26-9618+[2407-c000-c025--20-26]-9618&alias=dm01.knu.ac.kr&noUDP&sock=startd_6650_ece3>
	SlotName: slot1_8@dm01.knu.ac.kr
	AvailableGPUs = {  }
	CondorScratchDir = "/home/condor/dir_1219785"
	Cpus = 1
	Disk = 2857
	GPUs = 0
	Memory = 10300
...
001 (1209264.032.000) 2025-12-22 17:01:43 Job executing on host: <155.230.21.144:9618?addrs=155.230.21.144-9618+[2407-c000-c025--21-144]-9618&alias=cluster344.knu.ac.kr&noUDP&sock=startd_3393_e4ee>
	SlotName: slot1_7@cluster344.knu.ac.kr
	CondorScratchDir = "/home/condor/dir_219191"
	Cpus = 1
	Disk = 2829
	GPUs = 0
	Memory = 10300
...
006 (1209264.004.000) 2025-12-22 17:01:43 Image size of job updated: 2261936
	151  -  MemoryUsage of job (MB)
	153976  -  ResidentSetSize of job (KB)
...
005 (1209264.004.000) 2025-12-22 17:01:43 Job terminated.
	(1) Normal termination (return value 0)
		Usr 0 00:01:57, Sys 0 00:00:03  -  Run Remote Usage
		Usr 0 00:00:00, Sys 0 00:00:00  -  Run Local Usage
		Usr 0 00:01:57, Sys 0 00:00:03  -  Total Remote Usage
		Usr 0 00:00:00, Sys 0 00:00:00  -  Total Local Usage
	0  -  Run Bytes Sent By Job
	0  -  Run Bytes Received By Job
	0  -  Total Bytes Sent By Job
	0  -  Total Bytes Received By Job
	Partitionable Resources :    Usage  Request Allocated 
	   Cpus                 :        0        1         1 
	   Disk (KB)            :        1        1      2048 
	   GPUs                 :                           0 
	   Memory (MB)          :      151    10240     10300 
	   TimeExecute (s)      :      127                    
	   TimeSlotBusy (s)     :      127                    

	Job terminated of its own accord at 2025-12-22T08:01:43Z with exit-code 0.
...
006 (1209264.015.000) 2025-12-22 17:01:46 Image size of job updated: 1326984
	150  -  MemoryUsage of job (MB)
	153308  -  ResidentSetSize of job (KB)
...
005 (1209264.015.000) 2025-12-22 17:01:46 Job terminated.
	(1) Normal termination (return value 0)
		Usr 0 00:01:07, Sys 0 00:00:02  -  Run Remote Usage
		Usr 0 00:00:00, Sys 0 00:00:00  -  Run Local Usage
		Usr 0 00:01:07, Sys 0 00:00:02  -  Total Remote Usage
		Usr 0 00:00:00, Sys 0 00:00:00  -  Total Local Usage
	0  -  Run Bytes Sent By Job
	0  -  Run Bytes Received By Job
	0  -  Total Bytes Sent By Job
	0  -  Total Bytes Received By Job
	Partitionable Resources :    Usage  Request Allocated 
	   Cpus                 :     0.97        1         1 
	   Disk (KB)            :     1           1      8391 
	   GPUs                 :                           0 
	   Memory (MB)          :   150       10240     10300 
	   TimeExecute (s)      :    74                       
	   TimeSlotBusy (s)     :    74                       

	Job terminated of its own accord at 2025-12-22T08:01:46Z with exit-code 0.
...
006 (1209264.007.000) 2025-12-22 17:01:49 Image size of job updated: 2161648
	166  -  MemoryUsage of job (MB)
	169548  -  ResidentSetSize of job (KB)
...
005 (1209264.007.000) 2025-12-22 17:01:49 Job terminated.
	(1) Normal termination (return value 0)
		Usr 0 00:01:34, Sys 0 00:00:02  -  Run Remote Usage
		Usr 0 00:00:00, Sys 0 00:00:00  -  Run Local Usage
		Usr 0 00:01:34, Sys 0 00:00:02  -  Total Remote Usage
		Usr 0 00:00:00, Sys 0 00:00:00  -  Total Local Usage
	0  -  Run Bytes Sent By Job
	0  -  Run Bytes Received By Job
	0  -  Total Bytes Sent By Job
	0  -  Total Bytes Received By Job
	Partitionable Resources :    Usage  Request Allocated 
	   Cpus                 :        0        1         1 
	   Disk (KB)            :        1        1      4673 
	   GPUs                 :                           0 
	   Memory (MB)          :      166    10240     10300 
	   TimeExecute (s)      :      100                    
	   TimeSlotBusy (s)     :      100                    

	Job terminated of its own accord at 2025-12-22T08:01:49Z with exit-code 0.
...
006 (1209264.031.000) 2025-12-22 17:01:50 Image size of job updated: 157472
	154  -  MemoryUsage of job (MB)
	157472  -  ResidentSetSize of job (KB)
...
006 (1209264.030.000) 2025-12-22 17:01:51 Image size of job updated: 15948
	16  -  MemoryUsage of job (MB)
	15948  -  ResidentSetSize of job (KB)
...
006 (1209264.032.000) 2025-12-22 17:01:51 Image size of job updated: 126176
	124  -  MemoryUsage of job (MB)
	126176  -  ResidentSetSize of job (KB)
...
006 (1209264.017.000) 2025-12-22 17:01:52 Image size of job updated: 1787940
	196  -  MemoryUsage of job (MB)
	200268  -  ResidentSetSize of job (KB)
...
005 (1209264.017.000) 2025-12-22 17:01:52 Job terminated.
	(1) Normal termination (return value 0)
		Usr 0 00:01:13, Sys 0 00:00:02  -  Run Remote Usage
		Usr 0 00:00:00, Sys 0 00:00:00  -  Run Local Usage
		Usr 0 00:01:13, Sys 0 00:00:02  -  Total Remote Usage
		Usr 0 00:00:00, Sys 0 00:00:00  -  Total Local Usage
	0  -  Run Bytes Sent By Job
	0  -  Run Bytes Received By Job
	0  -  Total Bytes Sent By Job
	0  -  Total Bytes Received By Job
	Partitionable Resources :    Usage  Request Allocated 
	   Cpus                 :        0        1         1 
	   Disk (KB)            :        1        1      4673 
	   GPUs                 :                           0 
	   Memory (MB)          :      196    10240     10300 
	   TimeExecute (s)      :       78                    
	   TimeSlotBusy (s)     :       78                    

	Job terminated of its own accord at 2025-12-22T08:01:52Z with exit-code 0.
...
006 (1209264.010.000) 2025-12-22 17:01:54 Image size of job updated: 1461636
	150  -  MemoryUsage of job (MB)
	153468  -  ResidentSetSize of job (KB)
...
005 (1209264.010.000) 2025-12-22 17:01:55 Job terminated.
	(1) Normal termination (return value 0)
		Usr 0 00:01:38, Sys 0 00:00:03  -  Run Remote Usage
		Usr 0 00:00:00, Sys 0 00:00:00  -  Run Local Usage
		Usr 0 00:01:38, Sys 0 00:00:03  -  Total Remote Usage
		Usr 0 00:00:00, Sys 0 00:00:00  -  Total Local Usage
	0  -  Run Bytes Sent By Job
	0  -  Run Bytes Received By Job
	0  -  Total Bytes Sent By Job
	0  -  Total Bytes Received By Job
	Partitionable Resources :    Usage  Request Allocated 
	   Cpus                 :     0.98        1         1 
	   Disk (KB)            :     1           1      8391 
	   GPUs                 :                           0 
	   Memory (MB)          :   150       10240     10300 
	   TimeExecute (s)      :   104                       
	   TimeSlotBusy (s)     :   105                       

	Job terminated of its own accord at 2025-12-22T08:01:54Z with exit-code 0.
...
006 (1209264.012.000) 2025-12-22 17:02:02 Image size of job updated: 1078500
	145  -  MemoryUsage of job (MB)
	147700  -  ResidentSetSize of job (KB)
...
005 (1209264.012.000) 2025-12-22 17:02:02 Job terminated.
	(1) Normal termination (return value 0)
		Usr 0 00:01:26, Sys 0 00:00:02  -  Run Remote Usage
		Usr 0 00:00:00, Sys 0 00:00:00  -  Run Local Usage
		Usr 0 00:01:26, Sys 0 00:00:02  -  Total Remote Usage
		Usr 0 00:00:00, Sys 0 00:00:00  -  Total Local Usage
	0  -  Run Bytes Sent By Job
	0  -  Run Bytes Received By Job
	0  -  Total Bytes Sent By Job
	0  -  Total Bytes Received By Job
	Partitionable Resources :    Usage  Request Allocated 
	   Cpus                 :        0        1         1 
	   Disk (KB)            :        1        1      2842 
	   GPUs                 :                           0 
	   Memory (MB)          :      145    10240     10300 
	   TimeExecute (s)      :       91                    
	   TimeSlotBusy (s)     :       91                    

	Job terminated of its own accord at 2025-12-22T08:02:02Z with exit-code 0.
...
006 (1209264.001.000) 2025-12-22 17:02:17 Image size of job updated: 3072364
	151  -  MemoryUsage of job (MB)
	154340  -  ResidentSetSize of job (KB)
...
005 (1209264.001.000) 2025-12-22 17:02:18 Job terminated.
	(1) Normal termination (return value 0)
		Usr 0 00:02:47, Sys 0 00:00:05  -  Run Remote Usage
		Usr 0 00:00:00, Sys 0 00:00:00  -  Run Local Usage
		Usr 0 00:02:47, Sys 0 00:00:05  -  Total Remote Usage
		Usr 0 00:00:00, Sys 0 00:00:00  -  Total Local Usage
	0  -  Run Bytes Sent By Job
	0  -  Run Bytes Received By Job
	0  -  Total Bytes Sent By Job
	0  -  Total Bytes Received By Job
	Partitionable Resources :    Usage  Request Allocated 
	   Cpus                 :     0.96        1         1 
	   Disk (KB)            :     1           1      8391 
	   GPUs                 :                           0 
	   Memory (MB)          :   151       10240     10300 
	   TimeExecute (s)      :   181                       
	   TimeSlotBusy (s)     :   182                       

	Job terminated of its own accord at 2025-12-22T08:02:18Z with exit-code 0.
...
006 (1209264.008.000) 2025-12-22 17:02:20 Image size of job updated: 2699360
	158  -  MemoryUsage of job (MB)
	160808  -  ResidentSetSize of job (KB)
...
005 (1209264.008.000) 2025-12-22 17:02:20 Job terminated.
	(1) Normal termination (return value 0)
		Usr 0 00:02:04, Sys 0 00:00:02  -  Run Remote Usage
		Usr 0 00:00:00, Sys 0 00:00:00  -  Run Local Usage
		Usr 0 00:02:04, Sys 0 00:00:02  -  Total Remote Usage
		Usr 0 00:00:00, Sys 0 00:00:00  -  Total Local Usage
	0  -  Run Bytes Sent By Job
	0  -  Run Bytes Received By Job
	0  -  Total Bytes Sent By Job
	0  -  Total Bytes Received By Job
	Partitionable Resources :    Usage  Request Allocated 
	   Cpus                 :        0        1         1 
	   Disk (KB)            :        1        1      2770 
	   GPUs                 :                           0 
	   Memory (MB)          :      158    10240     10300 
	   TimeExecute (s)      :      131                    
	   TimeSlotBusy (s)     :      131                    

	Job terminated of its own accord at 2025-12-22T08:02:20Z with exit-code 0.
...
006 (1209264.016.000) 2025-12-22 17:02:37 Image size of job updated: 2633548
	195  -  MemoryUsage of job (MB)
	198996  -  ResidentSetSize of job (KB)
...
005 (1209264.016.000) 2025-12-22 17:02:37 Job terminated.
	(1) Normal termination (return value 0)
		Usr 0 00:01:58, Sys 0 00:00:02  -  Run Remote Usage
		Usr 0 00:00:00, Sys 0 00:00:00  -  Run Local Usage
		Usr 0 00:01:58, Sys 0 00:00:02  -  Total Remote Usage
		Usr 0 00:00:00, Sys 0 00:00:00  -  Total Local Usage
	0  -  Run Bytes Sent By Job
	0  -  Run Bytes Received By Job
	0  -  Total Bytes Sent By Job
	0  -  Total Bytes Received By Job
	Partitionable Resources :    Usage  Request Allocated 
	   Cpus                 :        0        1         1 
	   Disk (KB)            :        1        1      2770 
	   GPUs                 :                           0 
	   Memory (MB)          :      195    10240     10300 
	   TimeExecute (s)      :      125                    
	   TimeSlotBusy (s)     :      125                    

	Job terminated of its own accord at 2025-12-22T08:02:37Z with exit-code 0.
...
006 (1209264.009.000) 2025-12-22 17:02:40 Image size of job updated: 2700276
	157  -  MemoryUsage of job (MB)
	160232  -  ResidentSetSize of job (KB)
...
005 (1209264.009.000) 2025-12-22 17:02:40 Job terminated.
	(1) Normal termination (return value 0)
		Usr 0 00:02:19, Sys 0 00:00:03  -  Run Remote Usage
		Usr 0 00:00:00, Sys 0 00:00:00  -  Run Local Usage
		Usr 0 00:02:19, Sys 0 00:00:03  -  Total Remote Usage
		Usr 0 00:00:00, Sys 0 00:00:00  -  Total Local Usage
	0  -  Run Bytes Sent By Job
	0  -  Run Bytes Received By Job
	0  -  Total Bytes Sent By Job
	0  -  Total Bytes Received By Job
	Partitionable Resources :    Usage  Request Allocated 
	   Cpus                 :        0        1         1 
	   Disk (KB)            :        1        1      2048 
	   GPUs                 :                           0 
	   Memory (MB)          :      157    10240     10300 
	   TimeExecute (s)      :      150                    
	   TimeSlotBusy (s)     :      150                    

	Job terminated of its own accord at 2025-12-22T08:02:40Z with exit-code 0.
...
006 (1209264.014.000) 2025-12-22 17:02:47 Image size of job updated: 2914524
	194  -  MemoryUsage of job (MB)
	198516  -  ResidentSetSize of job (KB)
...
005 (1209264.014.000) 2025-12-22 17:02:47 Job terminated.
	(1) Normal termination (return value 0)
		Usr 0 00:02:08, Sys 0 00:00:02  -  Run Remote Usage
		Usr 0 00:00:00, Sys 0 00:00:00  -  Run Local Usage
		Usr 0 00:02:08, Sys 0 00:00:02  -  Total Remote Usage
		Usr 0 00:00:00, Sys 0 00:00:00  -  Total Local Usage
	0  -  Run Bytes Sent By Job
	0  -  Run Bytes Received By Job
	0  -  Total Bytes Sent By Job
	0  -  Total Bytes Received By Job
	Partitionable Resources :    Usage  Request Allocated 
	   Cpus                 :        0        1         1 
	   Disk (KB)            :        1        1      2770 
	   GPUs                 :                           0 
	   Memory (MB)          :      194    10240     10300 
	   TimeExecute (s)      :      136                    
	   TimeSlotBusy (s)     :      136                    

	Job terminated of its own accord at 2025-12-22T08:02:47Z with exit-code 0.
...
006 (1209264.013.000) 2025-12-22 17:02:48 Image size of job updated: 1786804
	150  -  MemoryUsage of job (MB)
	153596  -  ResidentSetSize of job (KB)
...
005 (1209264.013.000) 2025-12-22 17:02:48 Job terminated.
	(1) Normal termination (return value 0)
		Usr 0 00:02:06, Sys 0 00:00:04  -  Run Remote Usage
		Usr 0 00:00:00, Sys 0 00:00:00  -  Run Local Usage
		Usr 0 00:02:06, Sys 0 00:00:04  -  Total Remote Usage
		Usr 0 00:00:00, Sys 0 00:00:00  -  Total Local Usage
	0  -  Run Bytes Sent By Job
	0  -  Run Bytes Received By Job
	0  -  Total Bytes Sent By Job
	0  -  Total Bytes Received By Job
	Partitionable Resources :    Usage  Request Allocated 
	   Cpus                 :     0.98        1         1 
	   Disk (KB)            :     1           1      4693 
	   GPUs                 :                           0 
	   Memory (MB)          :   150       10240     10300 
	   TimeExecute (s)      :   136                       
	   TimeSlotBusy (s)     :   136                       

	Job terminated of its own accord at 2025-12-22T08:02:48Z with exit-code 0.
...
006 (1209264.024.000) 2025-12-22 17:02:50 Image size of job updated: 1818692
	151  -  MemoryUsage of job (MB)
	153604  -  ResidentSetSize of job (KB)
...
005 (1209264.024.000) 2025-12-22 17:02:50 Job terminated.
	(1) Normal termination (return value 0)
		Usr 0 00:01:43, Sys 0 00:00:03  -  Run Remote Usage
		Usr 0 00:00:00, Sys 0 00:00:00  -  Run Local Usage
		Usr 0 00:01:43, Sys 0 00:00:03  -  Total Remote Usage
		Usr 0 00:00:00, Sys 0 00:00:00  -  Total Local Usage
	0  -  Run Bytes Sent By Job
	0  -  Run Bytes Received By Job
	0  -  Total Bytes Sent By Job
	0  -  Total Bytes Received By Job
	Partitionable Resources :    Usage  Request Allocated 
	   Cpus                 :     0.98        1         1 
	   Disk (KB)            :     1           1      2840 
	   GPUs                 :                           0 
	   Memory (MB)          :   151       10240     10300 
	   TimeExecute (s)      :   111                       
	   TimeSlotBusy (s)     :   111                       

	Job terminated of its own accord at 2025-12-22T08:02:50Z with exit-code 0.
...
006 (1209264.018.000) 2025-12-22 17:02:58 Image size of job updated: 2104036
	151  -  MemoryUsage of job (MB)
	153788  -  ResidentSetSize of job (KB)
...
005 (1209264.018.000) 2025-12-22 17:02:58 Job terminated.
	(1) Normal termination (return value 0)
		Usr 0 00:01:53, Sys 0 00:00:03  -  Run Remote Usage
		Usr 0 00:00:00, Sys 0 00:00:00  -  Run Local Usage
		Usr 0 00:01:53, Sys 0 00:00:03  -  Total Remote Usage
		Usr 0 00:00:00, Sys 0 00:00:00  -  Total Local Usage
	0  -  Run Bytes Sent By Job
	0  -  Run Bytes Received By Job
	0  -  Total Bytes Sent By Job
	0  -  Total Bytes Received By Job
	Partitionable Resources :    Usage  Request Allocated 
	   Cpus                 :     0.98        1         1 
	   Disk (KB)            :     1           1      2816 
	   GPUs                 :                           0 
	   Memory (MB)          :   151       10240     10300 
	   TimeExecute (s)      :   121                       
	   TimeSlotBusy (s)     :   121                       

	Job terminated of its own accord at 2025-12-22T08:02:58Z with exit-code 0.
...
006 (1209264.029.000) 2025-12-22 17:03:28 Image size of job updated: 2937696
	153  -  MemoryUsage of job (MB)
	156624  -  ResidentSetSize of job (KB)
...
005 (1209264.029.000) 2025-12-22 17:03:28 Job terminated.
	(1) Normal termination (return value 0)
		Usr 0 00:02:03, Sys 0 00:00:02  -  Run Remote Usage
		Usr 0 00:00:00, Sys 0 00:00:00  -  Run Local Usage
		Usr 0 00:02:03, Sys 0 00:00:02  -  Total Remote Usage
		Usr 0 00:00:00, Sys 0 00:00:00  -  Total Local Usage
	0  -  Run Bytes Sent By Job
	0  -  Run Bytes Received By Job
	0  -  Total Bytes Sent By Job
	0  -  Total Bytes Received By Job
	Partitionable Resources :    Usage  Request Allocated 
	   Cpus                 :        0        1         1 
	   Disk (KB)            :        1        1      2770 
	   GPUs                 :                           0 
	   Memory (MB)          :      153    10240     10300 
	   TimeExecute (s)      :      130                    
	   TimeSlotBusy (s)     :      130                    

	Job terminated of its own accord at 2025-12-22T08:03:28Z with exit-code 0.
...
006 (1209264.020.000) 2025-12-22 17:03:34 Image size of job updated: 2784144
	151  -  MemoryUsage of job (MB)
	154148  -  ResidentSetSize of job (KB)
...
005 (1209264.020.000) 2025-12-22 17:03:36 Job terminated.
	(1) Normal termination (return value 0)
		Usr 0 00:02:25, Sys 0 00:00:04  -  Run Remote Usage
		Usr 0 00:00:00, Sys 0 00:00:00  -  Run Local Usage
		Usr 0 00:02:25, Sys 0 00:00:04  -  Total Remote Usage
		Usr 0 00:00:00, Sys 0 00:00:00  -  Total Local Usage
	0  -  Run Bytes Sent By Job
	0  -  Run Bytes Received By Job
	0  -  Total Bytes Sent By Job
	0  -  Total Bytes Received By Job
	Partitionable Resources :    Usage  Request Allocated 
	   Cpus                 :     0.98        1         1 
	   Disk (KB)            :     1           1      2840 
	   GPUs                 :                           0 
	   Memory (MB)          :   151       10240     10300 
	   TimeExecute (s)      :   156                       
	   TimeSlotBusy (s)     :   158                       

	Job terminated of its own accord at 2025-12-22T08:03:34Z with exit-code 0.
...
006 (1209264.031.000) 2025-12-22 17:03:47 Image size of job updated: 2613868
	154  -  MemoryUsage of job (MB)
	157472  -  ResidentSetSize of job (KB)
...
005 (1209264.031.000) 2025-12-22 17:03:47 Job terminated.
	(1) Normal termination (return value 0)
		Usr 0 00:01:56, Sys 0 00:00:03  -  Run Remote Usage
		Usr 0 00:00:00, Sys 0 00:00:00  -  Run Local Usage
		Usr 0 00:01:56, Sys 0 00:00:03  -  Total Remote Usage
		Usr 0 00:00:00, Sys 0 00:00:00  -  Total Local Usage
	0  -  Run Bytes Sent By Job
	0  -  Run Bytes Received By Job
	0  -  Total Bytes Sent By Job
	0  -  Total Bytes Received By Job
	Partitionable Resources :    Usage  Request Allocated 
	   Cpus                 :     0.98        1         1 
	   Disk (KB)            :     1           1      4673 
	   GPUs                 :                           0 
	   Memory (MB)          :   154       10240     10300 
	   TimeExecute (s)      :   125                       
	   TimeSlotBusy (s)     :   125                       

	Job terminated of its own accord at 2025-12-22T08:03:47Z with exit-code 0.
...
006 (1209264.025.000) 2025-12-22 17:04:11 Image size of job updated: 2644144
	151  -  MemoryUsage of job (MB)
	154128  -  ResidentSetSize of job (KB)
...
005 (1209264.025.000) 2025-12-22 17:04:11 Job terminated.
	(1) Normal termination (return value 0)
		Usr 0 00:03:01, Sys 0 00:00:04  -  Run Remote Usage
		Usr 0 00:00:00, Sys 0 00:00:00  -  Run Local Usage
		Usr 0 00:03:01, Sys 0 00:00:04  -  Total Remote Usage
		Usr 0 00:00:00, Sys 0 00:00:00  -  Total Local Usage
	0  -  Run Bytes Sent By Job
	0  -  Run Bytes Received By Job
	0  -  Total Bytes Sent By Job
	0  -  Total Bytes Received By Job
	Partitionable Resources :    Usage  Request Allocated 
	   Cpus                 :     0.98        1         1 
	   Disk (KB)            :     1           1      4693 
	   GPUs                 :                           0 
	   Memory (MB)          :   151       10240     10300 
	   TimeExecute (s)      :   192                       
	   TimeSlotBusy (s)     :   192                       

	Job terminated of its own accord at 2025-12-22T08:04:11Z with exit-code 0.
...
006 (1209264.021.000) 2025-12-22 17:04:15 Image size of job updated: 3000736
	151  -  MemoryUsage of job (MB)
	154216  -  ResidentSetSize of job (KB)
...
005 (1209264.021.000) 2025-12-22 17:04:15 Job terminated.
	(1) Normal termination (return value 0)
		Usr 0 00:03:07, Sys 0 00:00:04  -  Run Remote Usage
		Usr 0 00:00:00, Sys 0 00:00:00  -  Run Local Usage
		Usr 0 00:03:07, Sys 0 00:00:04  -  Total Remote Usage
		Usr 0 00:00:00, Sys 0 00:00:00  -  Total Local Usage
	0  -  Run Bytes Sent By Job
	0  -  Run Bytes Received By Job
	0  -  Total Bytes Sent By Job
	0  -  Total Bytes Received By Job
	Partitionable Resources :    Usage  Request Allocated 
	   Cpus                 :     0.98        1         1 
	   Disk (KB)            :     1           1      2830 
	   GPUs                 :                           0 
	   Memory (MB)          :   151       10240     10300 
	   TimeExecute (s)      :   197                       
	   TimeSlotBusy (s)     :   197                       

	Job terminated of its own accord at 2025-12-22T08:04:15Z with exit-code 0.
...
006 (1209264.028.000) 2025-12-22 17:04:21 Image size of job updated: 3134380
	151  -  MemoryUsage of job (MB)
	154436  -  ResidentSetSize of job (KB)
...
005 (1209264.028.000) 2025-12-22 17:04:21 Job terminated.
	(1) Normal termination (return value 0)
		Usr 0 00:02:54, Sys 0 00:00:04  -  Run Remote Usage
		Usr 0 00:00:00, Sys 0 00:00:00  -  Run Local Usage
		Usr 0 00:02:54, Sys 0 00:00:04  -  Total Remote Usage
		Usr 0 00:00:00, Sys 0 00:00:00  -  Total Local Usage
	0  -  Run Bytes Sent By Job
	0  -  Run Bytes Received By Job
	0  -  Total Bytes Sent By Job
	0  -  Total Bytes Received By Job
	Partitionable Resources :    Usage  Request Allocated 
	   Cpus                 :     0.98        1         1 
	   Disk (KB)            :     1           1      2830 
	   GPUs                 :                           0 
	   Memory (MB)          :   151       10240     10300 
	   TimeExecute (s)      :   183                       
	   TimeSlotBusy (s)     :   184                       

	Job terminated of its own accord at 2025-12-22T08:04:21Z with exit-code 0.
...
006 (1209264.023.000) 2025-12-22 17:04:36 Image size of job updated: 3669400
	152  -  MemoryUsage of job (MB)
	154728  -  ResidentSetSize of job (KB)
...
005 (1209264.023.000) 2025-12-22 17:04:36 Job terminated.
	(1) Normal termination (return value 0)
		Usr 0 00:03:21, Sys 0 00:00:06  -  Run Remote Usage
		Usr 0 00:00:00, Sys 0 00:00:00  -  Run Local Usage
		Usr 0 00:03:21, Sys 0 00:00:06  -  Total Remote Usage
		Usr 0 00:00:00, Sys 0 00:00:00  -  Total Local Usage
	0  -  Run Bytes Sent By Job
	0  -  Run Bytes Received By Job
	0  -  Total Bytes Sent By Job
	0  -  Total Bytes Received By Job
	Partitionable Resources :    Usage  Request Allocated 
	   Cpus                 :     0.69        1         1 
	   Disk (KB)            :     1           1      8391 
	   GPUs                 :                           0 
	   Memory (MB)          :   152       10240     10300 
	   TimeExecute (s)      :   217                       
	   TimeSlotBusy (s)     :   217                       

	Job terminated of its own accord at 2025-12-22T08:04:36Z with exit-code 0.
...
006 (1209264.022.000) 2025-12-22 17:05:05 Image size of job updated: 2956892
	128  -  MemoryUsage of job (MB)
	130436  -  ResidentSetSize of job (KB)
...
005 (1209264.022.000) 2025-12-22 17:05:06 Job terminated.
	(1) Normal termination (return value 0)
		Usr 0 00:03:53, Sys 0 00:00:06  -  Run Remote Usage
		Usr 0 00:00:00, Sys 0 00:00:00  -  Run Local Usage
		Usr 0 00:03:53, Sys 0 00:00:06  -  Total Remote Usage
		Usr 0 00:00:00, Sys 0 00:00:00  -  Total Local Usage
	0  -  Run Bytes Sent By Job
	0  -  Run Bytes Received By Job
	0  -  Total Bytes Sent By Job
	0  -  Total Bytes Received By Job
	Partitionable Resources :    Usage  Request Allocated 
	   Cpus                 :     0.98        1         1 
	   Disk (KB)            :     1           1      4693 
	   GPUs                 :                           0 
	   Memory (MB)          :   128       10240     10300 
	   TimeExecute (s)      :   247                       
	   TimeSlotBusy (s)     :   248                       

	Job terminated of its own accord at 2025-12-22T08:05:05Z with exit-code 0.
...
006 (1209264.005.000) 2025-12-22 17:05:17 Image size of job updated: 2742160
	2678  -  MemoryUsage of job (MB)
	2742160  -  ResidentSetSize of job (KB)
...
006 (1209264.006.000) 2025-12-22 17:05:20 Image size of job updated: 74532
	73  -  MemoryUsage of job (MB)
	74532  -  ResidentSetSize of job (KB)
...
006 (1209264.011.000) 2025-12-22 17:05:21 Image size of job updated: 73796
	73  -  MemoryUsage of job (MB)
	73796  -  ResidentSetSize of job (KB)
...
006 (1209264.027.000) 2025-12-22 17:05:35 Image size of job updated: 2968968
	123  -  MemoryUsage of job (MB)
	125148  -  ResidentSetSize of job (KB)
...
005 (1209264.027.000) 2025-12-22 17:05:35 Job terminated.
	(1) Normal termination (return value 0)
		Usr 0 00:03:59, Sys 0 00:00:06  -  Run Remote Usage
		Usr 0 00:00:00, Sys 0 00:00:00  -  Run Local Usage
		Usr 0 00:03:59, Sys 0 00:00:06  -  Total Remote Usage
		Usr 0 00:00:00, Sys 0 00:00:00  -  Total Local Usage
	0  -  Run Bytes Sent By Job
	0  -  Run Bytes Received By Job
	0  -  Total Bytes Sent By Job
	0  -  Total Bytes Received By Job
	Partitionable Resources :    Usage  Request Allocated 
	   Cpus                 :     0.96        1         1 
	   Disk (KB)            :     1           1      4693 
	   GPUs                 :                           0 
	   Memory (MB)          :   123       10240     10300 
	   TimeExecute (s)      :   255                       
	   TimeSlotBusy (s)     :   256                       

	Job terminated of its own accord at 2025-12-22T08:05:35Z with exit-code 0.
...
006 (1209264.019.000) 2025-12-22 17:06:06 Image size of job updated: 2798760
	2734  -  MemoryUsage of job (MB)
	2798760  -  ResidentSetSize of job (KB)
...
006 (1209264.005.000) 2025-12-22 17:06:20 Image size of job updated: 3226656
	2678  -  MemoryUsage of job (MB)
	2742200  -  ResidentSetSize of job (KB)
...
005 (1209264.005.000) 2025-12-22 17:06:20 Job terminated.
	(1) Normal termination (return value 0)
		Usr 0 00:05:52, Sys 0 00:00:09  -  Run Remote Usage
		Usr 0 00:00:00, Sys 0 00:00:00  -  Run Local Usage
		Usr 0 00:05:52, Sys 0 00:00:09  -  Total Remote Usage
		Usr 0 00:00:00, Sys 0 00:00:00  -  Total Local Usage
	0  -  Run Bytes Sent By Job
	0  -  Run Bytes Received By Job
	0  -  Total Bytes Sent By Job
	0  -  Total Bytes Received By Job
	Partitionable Resources :    Usage  Request Allocated 
	   Cpus                 :     0.99        1         1 
	   Disk (KB)            :     1           1      2772 
	   GPUs                 :                           0 
	   Memory (MB)          :  2678       10240     10300 
	   TimeExecute (s)      :   371                       
	   TimeSlotBusy (s)     :   371                       

	Job terminated of its own accord at 2025-12-22T08:06:20Z with exit-code 0.
...
006 (1209264.026.000) 2025-12-22 17:06:28 Image size of job updated: 1661552
	1623  -  MemoryUsage of job (MB)
	1661552  -  ResidentSetSize of job (KB)
...
006 (1209264.019.000) 2025-12-22 17:06:32 Image size of job updated: 2974228
	2734  -  MemoryUsage of job (MB)
	2798792  -  ResidentSetSize of job (KB)
...
005 (1209264.019.000) 2025-12-22 17:06:32 Job terminated.
	(1) Normal termination (return value 0)
		Usr 0 00:05:19, Sys 0 00:00:06  -  Run Remote Usage
		Usr 0 00:00:00, Sys 0 00:00:00  -  Run Local Usage
		Usr 0 00:05:19, Sys 0 00:00:06  -  Total Remote Usage
		Usr 0 00:00:00, Sys 0 00:00:00  -  Total Local Usage
	0  -  Run Bytes Sent By Job
	0  -  Run Bytes Received By Job
	0  -  Total Bytes Sent By Job
	0  -  Total Bytes Received By Job
	Partitionable Resources :    Usage  Request Allocated 
	   Cpus                 :     0.98        1         1 
	   Disk (KB)            :     1           1      2820 
	   GPUs                 :                           0 
	   Memory (MB)          :  2734       10240     10300 
	   TimeExecute (s)      :   334                       
	   TimeSlotBusy (s)     :   335                       

	Job terminated of its own accord at 2025-12-22T08:06:32Z with exit-code 0.
...
006 (1209264.032.000) 2025-12-22 17:06:35 Image size of job updated: 3247132
	124  -  MemoryUsage of job (MB)
	126188  -  ResidentSetSize of job (KB)
...
005 (1209264.032.000) 2025-12-22 17:06:35 Job terminated.
	(1) Normal termination (return value 0)
		Usr 0 00:04:35, Sys 0 00:00:06  -  Run Remote Usage
		Usr 0 00:00:00, Sys 0 00:00:00  -  Run Local Usage
		Usr 0 00:04:35, Sys 0 00:00:06  -  Total Remote Usage
		Usr 0 00:00:00, Sys 0 00:00:00  -  Total Local Usage
	0  -  Run Bytes Sent By Job
	0  -  Run Bytes Received By Job
	0  -  Total Bytes Sent By Job
	0  -  Total Bytes Received By Job
	Partitionable Resources :    Usage  Request Allocated 
	   Cpus                 :     0.97        1         1 
	   Disk (KB)            :     1           1      2829 
	   GPUs                 :                           0 
	   Memory (MB)          :   124       10240     10300 
	   TimeExecute (s)      :   292                       
	   TimeSlotBusy (s)     :   292                       

	Job terminated of its own accord at 2025-12-22T08:06:35Z with exit-code 0.
...
006 (1209264.030.000) 2025-12-22 17:06:51 Image size of job updated: 2643632
	2582  -  MemoryUsage of job (MB)
	2643632  -  ResidentSetSize of job (KB)
...
006 (1209264.030.000) 2025-12-22 17:07:02 Image size of job updated: 2697128
	2582  -  MemoryUsage of job (MB)
	2643652  -  ResidentSetSize of job (KB)
...
005 (1209264.030.000) 2025-12-22 17:07:02 Job terminated.
	(1) Normal termination (return value 0)
		Usr 0 00:04:47, Sys 0 00:00:07  -  Run Remote Usage
		Usr 0 00:00:00, Sys 0 00:00:00  -  Run Local Usage
		Usr 0 00:04:47, Sys 0 00:00:07  -  Total Remote Usage
		Usr 0 00:00:00, Sys 0 00:00:00  -  Total Local Usage
	0  -  Run Bytes Sent By Job
	0  -  Run Bytes Received By Job
	0  -  Total Bytes Sent By Job
	0  -  Total Bytes Received By Job
	Partitionable Resources :    Usage  Request Allocated 
	   Cpus                 :     0.98        1         1 
	   Disk (KB)            :     1           1      2857 
	   GPUs                 :                           0 
	   Memory (MB)          :  2582       10240     10300 
	   TimeExecute (s)      :   320                       
	   TimeSlotBusy (s)     :   320                       

	Job terminated of its own accord at 2025-12-22T08:07:02Z with exit-code 0.
...
006 (1209264.026.000) 2025-12-22 17:10:40 Image size of job updated: 3018248
	1623  -  MemoryUsage of job (MB)
	1661576  -  ResidentSetSize of job (KB)
...
005 (1209264.026.000) 2025-12-22 17:10:40 Job terminated.
	(1) Normal termination (return value 0)
		Usr 0 00:08:52, Sys 0 00:00:15  -  Run Remote Usage
		Usr 0 00:00:00, Sys 0 00:00:00  -  Run Local Usage
		Usr 0 00:08:52, Sys 0 00:00:15  -  Total Remote Usage
		Usr 0 00:00:00, Sys 0 00:00:00  -  Total Local Usage
	0  -  Run Bytes Sent By Job
	0  -  Run Bytes Received By Job
	0  -  Total Bytes Sent By Job
	0  -  Total Bytes Received By Job
	Partitionable Resources :    Usage  Request Allocated 
	   Cpus                 :     0.98        1         1 
	   Disk (KB)            :     1           1      2825 
	   GPUs                 :                           0 
	   Memory (MB)          :  1623       10240     10300 
	   TimeExecute (s)      :   562                       
	   TimeSlotBusy (s)     :   562                       

	Job terminated of its own accord at 2025-12-22T08:10:40Z with exit-code 0.
...
012 (1209264.006.000) 2025-12-22 18:00:26 Job was held.
	too much request_memory: (RequestMemory - MemoryUsage) > 2048
	Code 26 Subcode 0
...
012 (1209264.011.000) 2025-12-22 18:00:28 Job was held.
	too much request_memory: (RequestMemory - MemoryUsage) > 2048
	Code 26 Subcode 0
...
013 (1209264.011.000) 2025-12-22 18:05:01 Job was released.
	via condor_release (by user condor)
...
013 (1209264.006.000) 2025-12-22 18:05:01 Job was released.
	via condor_release (by user condor)
...
001 (1209264.006.000) 2025-12-22 18:05:07 Job executing on host: <155.230.21.91:9618?addrs=155.230.21.91-9618+[2407-c000-c025--21-91]-9618&alias=cluster291.knu.ac.kr&noUDP&sock=startd_1315_8f21>
	SlotName: slot1_24@cluster291.knu.ac.kr
	CondorScratchDir = "/home/condor/dir_2067496"
	Cpus = 1
	Disk = 2840
	GPUs = 0
	Memory = 1100
...
001 (1209264.011.000) 2025-12-22 18:05:07 Job executing on host: <155.230.20.27:9618?addrs=155.230.20.27-9618+[2407-c000-c025--20-27]-9618&alias=dm02.knu.ac.kr&noUDP&sock=startd_2502_be0b>
	SlotName: slot1_33@dm02.knu.ac.kr
	AvailableGPUs = {  }
	CondorScratchDir = "/home/condor/dir_3868326"
	Cpus = 1
	Disk = 2844
	GPUs = 0
	Memory = 1100
...
006 (1209264.011.000) 2025-12-22 18:05:16 Image size of job updated: 122564
	120  -  MemoryUsage of job (MB)
	122564  -  ResidentSetSize of job (KB)
...
006 (1209264.011.000) 2025-12-22 18:09:31 Image size of job updated: 2341672
	120  -  MemoryUsage of job (MB)
	122572  -  ResidentSetSize of job (KB)
...
005 (1209264.011.000) 2025-12-22 18:09:31 Job terminated.
	(1) Normal termination (return value 0)
		Usr 0 00:04:08, Sys 0 00:00:06  -  Run Remote Usage
		Usr 0 00:00:00, Sys 0 00:00:00  -  Run Local Usage
		Usr 0 00:04:09, Sys 0 00:00:06  -  Total Remote Usage
		Usr 0 00:00:00, Sys 0 00:00:00  -  Total Local Usage
	0  -  Run Bytes Sent By Job
	0  -  Run Bytes Received By Job
	0  -  Total Bytes Sent By Job
	0  -  Total Bytes Received By Job
	Partitionable Resources :    Usage  Request Allocated 
	   Cpus                 :     0.96        1         1 
	   Disk (KB)            :     1           1      2844 
	   GPUs                 :                           0 
	   Memory (MB)          :   120        1098      1100 
	   TimeExecute (s)      :   264                       
	   TimeSlotBusy (s)     :   264                       

	Job terminated of its own accord at 2025-12-22T09:09:31Z with exit-code 0.
...
009 (1209264.006.000) 2025-12-26 01:05:05 Job was aborted.
	exceeded walltime: 2.880140000000000E+05 > 288000
...
