000 (1209261.000.000) 2025-12-22 16:30:42 Job submitted from host: <155.230.23.71:9618?addrs=155.230.23.71-9618+[2407-c000-c024-0-20c-29ff-fe9d-363c]-9618&alias=cms01.knu.ac.kr&noUDP&sock=schedd_1467_d186>
...
000 (1209261.001.000) 2025-12-22 16:30:42 Job submitted from host: <155.230.23.71:9618?addrs=155.230.23.71-9618+[2407-c000-c024-0-20c-29ff-fe9d-363c]-9618&alias=cms01.knu.ac.kr&noUDP&sock=schedd_1467_d186>
...
000 (1209261.002.000) 2025-12-22 16:30:42 Job submitted from host: <155.230.23.71:9618?addrs=155.230.23.71-9618+[2407-c000-c024-0-20c-29ff-fe9d-363c]-9618&alias=cms01.knu.ac.kr&noUDP&sock=schedd_1467_d186>
...
000 (1209261.003.000) 2025-12-22 16:30:42 Job submitted from host: <155.230.23.71:9618?addrs=155.230.23.71-9618+[2407-c000-c024-0-20c-29ff-fe9d-363c]-9618&alias=cms01.knu.ac.kr&noUDP&sock=schedd_1467_d186>
...
000 (1209261.004.000) 2025-12-22 16:30:42 Job submitted from host: <155.230.23.71:9618?addrs=155.230.23.71-9618+[2407-c000-c024-0-20c-29ff-fe9d-363c]-9618&alias=cms01.knu.ac.kr&noUDP&sock=schedd_1467_d186>
...
000 (1209261.005.000) 2025-12-22 16:30:42 Job submitted from host: <155.230.23.71:9618?addrs=155.230.23.71-9618+[2407-c000-c024-0-20c-29ff-fe9d-363c]-9618&alias=cms01.knu.ac.kr&noUDP&sock=schedd_1467_d186>
...
000 (1209261.006.000) 2025-12-22 16:30:42 Job submitted from host: <155.230.23.71:9618?addrs=155.230.23.71-9618+[2407-c000-c024-0-20c-29ff-fe9d-363c]-9618&alias=cms01.knu.ac.kr&noUDP&sock=schedd_1467_d186>
...
000 (1209261.007.000) 2025-12-22 16:30:42 Job submitted from host: <155.230.23.71:9618?addrs=155.230.23.71-9618+[2407-c000-c024-0-20c-29ff-fe9d-363c]-9618&alias=cms01.knu.ac.kr&noUDP&sock=schedd_1467_d186>
...
001 (1209261.000.000) 2025-12-22 16:52:45 Job executing on host: <155.230.21.148:9618?addrs=155.230.21.148-9618+[2407-c000-c025--21-148]-9618&alias=cluster348.knu.ac.kr&noUDP&sock=startd_2894_9f2b>
	SlotName: slot1_2@cluster348.knu.ac.kr
	CondorScratchDir = "/home/condor/dir_778306"
	Cpus = 1
	Disk = 2048
	GPUs = 0
	Memory = 10300
...
001 (1209261.001.000) 2025-12-22 16:52:46 Job executing on host: <155.230.21.151:9618?addrs=155.230.21.151-9618+[2407-c000-c025--21-151]-9618&alias=cluster351.knu.ac.kr&noUDP&sock=startd_3486_af3c>
	SlotName: slot1_2@cluster351.knu.ac.kr
	CondorScratchDir = "/home/condor/dir_4061701"
	Cpus = 1
	Disk = 8391
	GPUs = 0
	Memory = 10300
...
001 (1209261.002.000) 2025-12-22 16:52:46 Job executing on host: <155.230.21.148:9618?addrs=155.230.21.148-9618+[2407-c000-c025--21-148]-9618&alias=cluster348.knu.ac.kr&noUDP&sock=startd_2894_9f2b>
	SlotName: slot1_6@cluster348.knu.ac.kr
	CondorScratchDir = "/home/condor/dir_778350"
	Cpus = 1
	Disk = 2048
	GPUs = 0
	Memory = 10300
...
001 (1209261.003.000) 2025-12-22 16:52:46 Job executing on host: <155.230.21.151:9618?addrs=155.230.21.151-9618+[2407-c000-c025--21-151]-9618&alias=cluster351.knu.ac.kr&noUDP&sock=startd_3486_af3c>
	SlotName: slot1_20@cluster351.knu.ac.kr
	CondorScratchDir = "/home/condor/dir_4061702"
	Cpus = 1
	Disk = 8391
	GPUs = 0
	Memory = 10300
...
001 (1209261.005.000) 2025-12-22 16:52:52 Job executing on host: <155.230.21.133:9618?addrs=155.230.21.133-9618+[2407-c000-c025--21-133]-9618&alias=cluster333.knu.ac.kr&noUDP&sock=startd_2525_84b9>
	SlotName: slot1_11@cluster333.knu.ac.kr
	CondorScratchDir = "/home/condor/dir_1940661"
	Cpus = 1
	Disk = 2840
	GPUs = 0
	Memory = 10300
...
001 (1209261.004.000) 2025-12-22 16:52:53 Job executing on host: <155.230.21.118:9618?addrs=155.230.21.118-9618+[2407-c000-c025--21-118]-9618&alias=cluster318.knu.ac.kr&noUDP&sock=startd_1494_5694>
	SlotName: slot1_9@cluster318.knu.ac.kr
	CondorScratchDir = "/home/condor/dir_3737211"
	Cpus = 1
	Disk = 2826
	GPUs = 0
	Memory = 10300
...
006 (1209261.000.000) 2025-12-22 16:52:54 Image size of job updated: 152788
	150  -  MemoryUsage of job (MB)
	152788  -  ResidentSetSize of job (KB)
...
006 (1209261.001.000) 2025-12-22 16:52:55 Image size of job updated: 153104
	150  -  MemoryUsage of job (MB)
	153104  -  ResidentSetSize of job (KB)
...
006 (1209261.002.000) 2025-12-22 16:52:55 Image size of job updated: 154824
	152  -  MemoryUsage of job (MB)
	154824  -  ResidentSetSize of job (KB)
...
006 (1209261.003.000) 2025-12-22 16:52:55 Image size of job updated: 154592
	151  -  MemoryUsage of job (MB)
	154592  -  ResidentSetSize of job (KB)
...
006 (1209261.000.000) 2025-12-22 16:52:58 Image size of job updated: 157300
	150  -  MemoryUsage of job (MB)
	152788  -  ResidentSetSize of job (KB)
...
005 (1209261.000.000) 2025-12-22 16:52:59 Job terminated.
	(1) Normal termination (return value 0)
		Usr 0 00:00:11, Sys 0 00:00:00  -  Run Remote Usage
		Usr 0 00:00:00, Sys 0 00:00:00  -  Run Local Usage
		Usr 0 00:00:11, Sys 0 00:00:00  -  Total Remote Usage
		Usr 0 00:00:00, Sys 0 00:00:00  -  Total Local Usage
	0  -  Run Bytes Sent By Job
	0  -  Run Bytes Received By Job
	0  -  Total Bytes Sent By Job
	0  -  Total Bytes Received By Job
	Partitionable Resources :    Usage  Request Allocated 
	   Cpus                 :        0        1         1 
	   Disk (KB)            :        1        1      2048 
	   GPUs                 :                           0 
	   Memory (MB)          :      150    10240     10300 
	   TimeExecute (s)      :       13                    
	   TimeSlotBusy (s)     :       13                    

	Job terminated of its own accord at 2025-12-22T07:52:58Z with exit-code 0.
...
006 (1209261.004.000) 2025-12-22 16:53:01 Image size of job updated: 117096
	115  -  MemoryUsage of job (MB)
	117096  -  ResidentSetSize of job (KB)
...
006 (1209261.005.000) 2025-12-22 16:53:01 Image size of job updated: 154744
	152  -  MemoryUsage of job (MB)
	154744  -  ResidentSetSize of job (KB)
...
006 (1209261.001.000) 2025-12-22 16:53:11 Image size of job updated: 441320
	150  -  MemoryUsage of job (MB)
	153104  -  ResidentSetSize of job (KB)
...
005 (1209261.001.000) 2025-12-22 16:53:12 Job terminated.
	(1) Normal termination (return value 0)
		Usr 0 00:00:23, Sys 0 00:00:01  -  Run Remote Usage
		Usr 0 00:00:00, Sys 0 00:00:00  -  Run Local Usage
		Usr 0 00:00:23, Sys 0 00:00:01  -  Total Remote Usage
		Usr 0 00:00:00, Sys 0 00:00:00  -  Total Local Usage
	0  -  Run Bytes Sent By Job
	0  -  Run Bytes Received By Job
	0  -  Total Bytes Sent By Job
	0  -  Total Bytes Received By Job
	Partitionable Resources :    Usage  Request Allocated 
	   Cpus                 :        0        1         1 
	   Disk (KB)            :        1        1      8391 
	   GPUs                 :                           0 
	   Memory (MB)          :      150    10240     10300 
	   TimeExecute (s)      :       25                    
	   TimeSlotBusy (s)     :       26                    

	Job terminated of its own accord at 2025-12-22T07:53:12Z with exit-code 0.
...
001 (1209261.006.000) 2025-12-22 16:53:35 Job executing on host: <155.230.21.147:9618?addrs=155.230.21.147-9618+[2407-c000-c025--21-147]-9618&alias=cluster347.knu.ac.kr&noUDP&sock=startd_2481_568e>
	SlotName: slot1_2@cluster347.knu.ac.kr
	AvailableGPUs = {  }
	CondorScratchDir = "/home/condor/dir_2200576"
	Cpus = 1
	Disk = 2816
	GPUs = 0
	Memory = 10300
...
001 (1209261.007.000) 2025-12-22 16:53:36 Job executing on host: <155.230.21.137:9618?addrs=155.230.21.137-9618+[2407-c000-c025--21-137]-9618&alias=cluster337.knu.ac.kr&noUDP&sock=startd_3737_d982>
	SlotName: slot1_32@cluster337.knu.ac.kr
	CondorScratchDir = "/home/condor/dir_120696"
	Cpus = 1
	Disk = 4693
	GPUs = 0
	Memory = 10300
...
006 (1209261.006.000) 2025-12-22 16:53:43 Image size of job updated: 173344
	170  -  MemoryUsage of job (MB)
	173344  -  ResidentSetSize of job (KB)
...
006 (1209261.007.000) 2025-12-22 16:53:45 Image size of job updated: 155080
	152  -  MemoryUsage of job (MB)
	155080  -  ResidentSetSize of job (KB)
...
006 (1209261.006.000) 2025-12-22 16:54:07 Image size of job updated: 661176
	170  -  MemoryUsage of job (MB)
	173408  -  ResidentSetSize of job (KB)
...
005 (1209261.006.000) 2025-12-22 16:54:07 Job terminated.
	(1) Normal termination (return value 0)
		Usr 0 00:00:30, Sys 0 00:00:01  -  Run Remote Usage
		Usr 0 00:00:00, Sys 0 00:00:00  -  Run Local Usage
		Usr 0 00:00:30, Sys 0 00:00:01  -  Total Remote Usage
		Usr 0 00:00:00, Sys 0 00:00:00  -  Total Local Usage
	0  -  Run Bytes Sent By Job
	0  -  Run Bytes Received By Job
	0  -  Total Bytes Sent By Job
	0  -  Total Bytes Received By Job
	Partitionable Resources :    Usage  Request Allocated 
	   Cpus                 :        0        1         1 
	   Disk (KB)            :        1        1      2816 
	   GPUs                 :                           0 
	   Memory (MB)          :      170    10240     10300 
	   TimeExecute (s)      :       33                    
	   TimeSlotBusy (s)     :       33                    

	Job terminated of its own accord at 2025-12-22T07:54:07Z with exit-code 0.
...
006 (1209261.003.000) 2025-12-22 16:55:11 Image size of job updated: 1978420
	151  -  MemoryUsage of job (MB)
	154592  -  ResidentSetSize of job (KB)
...
005 (1209261.003.000) 2025-12-22 16:55:11 Job terminated.
	(1) Normal termination (return value 0)
		Usr 0 00:02:17, Sys 0 00:00:03  -  Run Remote Usage
		Usr 0 00:00:00, Sys 0 00:00:00  -  Run Local Usage
		Usr 0 00:02:17, Sys 0 00:00:03  -  Total Remote Usage
		Usr 0 00:00:00, Sys 0 00:00:00  -  Total Local Usage
	0  -  Run Bytes Sent By Job
	0  -  Run Bytes Received By Job
	0  -  Total Bytes Sent By Job
	0  -  Total Bytes Received By Job
	Partitionable Resources :    Usage  Request Allocated 
	   Cpus                 :        0        1         1 
	   Disk (KB)            :        1        1      8391 
	   GPUs                 :                           0 
	   Memory (MB)          :      151    10240     10300 
	   TimeExecute (s)      :      145                    
	   TimeSlotBusy (s)     :      145                    

	Job terminated of its own accord at 2025-12-22T07:55:11Z with exit-code 0.
...
006 (1209261.005.000) 2025-12-22 16:55:19 Image size of job updated: 2218660
	152  -  MemoryUsage of job (MB)
	154744  -  ResidentSetSize of job (KB)
...
005 (1209261.005.000) 2025-12-22 16:55:19 Job terminated.
	(1) Normal termination (return value 0)
		Usr 0 00:02:18, Sys 0 00:00:03  -  Run Remote Usage
		Usr 0 00:00:00, Sys 0 00:00:00  -  Run Local Usage
		Usr 0 00:02:18, Sys 0 00:00:03  -  Total Remote Usage
		Usr 0 00:00:00, Sys 0 00:00:00  -  Total Local Usage
	0  -  Run Bytes Sent By Job
	0  -  Run Bytes Received By Job
	0  -  Total Bytes Sent By Job
	0  -  Total Bytes Received By Job
	Partitionable Resources :    Usage  Request Allocated 
	   Cpus                 :        0        1         1 
	   Disk (KB)            :        1        1      2840 
	   GPUs                 :                           0 
	   Memory (MB)          :      152    10240     10300 
	   TimeExecute (s)      :      147                    
	   TimeSlotBusy (s)     :      147                    

	Job terminated of its own accord at 2025-12-22T07:55:19Z with exit-code 0.
...
006 (1209261.002.000) 2025-12-22 16:55:25 Image size of job updated: 2244584
	152  -  MemoryUsage of job (MB)
	154824  -  ResidentSetSize of job (KB)
...
005 (1209261.002.000) 2025-12-22 16:55:25 Job terminated.
	(1) Normal termination (return value 0)
		Usr 0 00:02:30, Sys 0 00:00:03  -  Run Remote Usage
		Usr 0 00:00:00, Sys 0 00:00:00  -  Run Local Usage
		Usr 0 00:02:30, Sys 0 00:00:03  -  Total Remote Usage
		Usr 0 00:00:00, Sys 0 00:00:00  -  Total Local Usage
	0  -  Run Bytes Sent By Job
	0  -  Run Bytes Received By Job
	0  -  Total Bytes Sent By Job
	0  -  Total Bytes Received By Job
	Partitionable Resources :    Usage  Request Allocated 
	   Cpus                 :     0.99        1         1 
	   Disk (KB)            :     1           1      2048 
	   GPUs                 :                           0 
	   Memory (MB)          :   152       10240     10300 
	   TimeExecute (s)      :   159                       
	   TimeSlotBusy (s)     :   159                       

	Job terminated of its own accord at 2025-12-22T07:55:25Z with exit-code 0.
...
006 (1209261.007.000) 2025-12-22 16:57:11 Image size of job updated: 2501260
	152  -  MemoryUsage of job (MB)
	155080  -  ResidentSetSize of job (KB)
...
005 (1209261.007.000) 2025-12-22 16:57:11 Job terminated.
	(1) Normal termination (return value 0)
		Usr 0 00:03:23, Sys 0 00:00:05  -  Run Remote Usage
		Usr 0 00:00:00, Sys 0 00:00:00  -  Run Local Usage
		Usr 0 00:03:23, Sys 0 00:00:05  -  Total Remote Usage
		Usr 0 00:00:00, Sys 0 00:00:00  -  Total Local Usage
	0  -  Run Bytes Sent By Job
	0  -  Run Bytes Received By Job
	0  -  Total Bytes Sent By Job
	0  -  Total Bytes Received By Job
	Partitionable Resources :    Usage  Request Allocated 
	   Cpus                 :                 1         1 
	   Disk (KB)            :        1        1      4693 
	   GPUs                 :                           0 
	   Memory (MB)          :      152    10240     10300 
	   TimeExecute (s)      :      215                    
	   TimeSlotBusy (s)     :      216                    

	Job terminated of its own accord at 2025-12-22T07:57:11Z with exit-code 0.
...
006 (1209261.004.000) 2025-12-22 16:57:38 Image size of job updated: 1882696
	115  -  MemoryUsage of job (MB)
	117104  -  ResidentSetSize of job (KB)
...
005 (1209261.004.000) 2025-12-22 16:57:38 Job terminated.
	(1) Normal termination (return value 0)
		Usr 0 00:04:33, Sys 0 00:00:05  -  Run Remote Usage
		Usr 0 00:00:00, Sys 0 00:00:00  -  Run Local Usage
		Usr 0 00:04:33, Sys 0 00:00:05  -  Total Remote Usage
		Usr 0 00:00:00, Sys 0 00:00:00  -  Total Local Usage
	0  -  Run Bytes Sent By Job
	0  -  Run Bytes Received By Job
	0  -  Total Bytes Sent By Job
	0  -  Total Bytes Received By Job
	Partitionable Resources :    Usage  Request Allocated 
	   Cpus                 :     0.98        1         1 
	   Disk (KB)            :     1           1      2826 
	   GPUs                 :                           0 
	   Memory (MB)          :   115       10240     10300 
	   TimeExecute (s)      :   286                       
	   TimeSlotBusy (s)     :   286                       

	Job terminated of its own accord at 2025-12-22T07:57:38Z with exit-code 0.
...
