000 (1209277.000.000) 2025-12-22 16:30:49 Job submitted from host: <155.230.23.71:9618?addrs=155.230.23.71-9618+[2407-c000-c024-0-20c-29ff-fe9d-363c]-9618&alias=cms01.knu.ac.kr&noUDP&sock=schedd_1467_d186>
...
000 (1209277.001.000) 2025-12-22 16:30:49 Job submitted from host: <155.230.23.71:9618?addrs=155.230.23.71-9618+[2407-c000-c024-0-20c-29ff-fe9d-363c]-9618&alias=cms01.knu.ac.kr&noUDP&sock=schedd_1467_d186>
...
001 (1209277.000.000) 2025-12-22 17:29:29 Job executing on host: <155.230.21.151:9618?addrs=155.230.21.151-9618+[2407-c000-c025--21-151]-9618&alias=cluster351.knu.ac.kr&noUDP&sock=startd_3486_af3c>
	SlotName: slot1_39@cluster351.knu.ac.kr
	CondorScratchDir = "/home/condor/dir_4091540"
	Cpus = 1
	Disk = 8391
	GPUs = 0
	Memory = 10300
...
001 (1209277.001.000) 2025-12-22 17:29:29 Job executing on host: <155.230.21.151:9618?addrs=155.230.21.151-9618+[2407-c000-c025--21-151]-9618&alias=cluster351.knu.ac.kr&noUDP&sock=startd_3486_af3c>
	SlotName: slot1_40@cluster351.knu.ac.kr
	CondorScratchDir = "/home/condor/dir_4091629"
	Cpus = 1
	Disk = 8391
	GPUs = 0
	Memory = 10300
...
006 (1209277.000.000) 2025-12-22 17:29:36 Image size of job updated: 126300
	0  -  MemoryUsage of job (MB)
	0  -  ResidentSetSize of job (KB)
...
005 (1209277.000.000) 2025-12-22 17:29:36 Job terminated.
	(1) Normal termination (return value 0)
		Usr 0 00:00:05, Sys 0 00:00:00  -  Run Remote Usage
		Usr 0 00:00:00, Sys 0 00:00:00  -  Run Local Usage
		Usr 0 00:00:05, Sys 0 00:00:00  -  Total Remote Usage
		Usr 0 00:00:00, Sys 0 00:00:00  -  Total Local Usage
	0  -  Run Bytes Sent By Job
	0  -  Run Bytes Received By Job
	0  -  Total Bytes Sent By Job
	0  -  Total Bytes Received By Job
	Partitionable Resources :    Usage  Request Allocated 
	   Cpus                 :        0        1         1 
	   Disk (KB)            :        1        1      8391 
	   GPUs                 :                           0 
	   Memory (MB)          :        0    10240     10300 
	   TimeExecute (s)      :        7                    
	   TimeSlotBusy (s)     :        7                    

	Job terminated of its own accord at 2025-12-22T08:29:36Z with exit-code 0.
...
006 (1209277.001.000) 2025-12-22 17:29:37 Image size of job updated: 153824
	151  -  MemoryUsage of job (MB)
	153824  -  ResidentSetSize of job (KB)
...
006 (1209277.001.000) 2025-12-22 17:31:00 Image size of job updated: 935380
	151  -  MemoryUsage of job (MB)
	153824  -  ResidentSetSize of job (KB)
...
005 (1209277.001.000) 2025-12-22 17:31:00 Job terminated.
	(1) Normal termination (return value 0)
		Usr 0 00:01:23, Sys 0 00:00:02  -  Run Remote Usage
		Usr 0 00:00:00, Sys 0 00:00:00  -  Run Local Usage
		Usr 0 00:01:23, Sys 0 00:00:02  -  Total Remote Usage
		Usr 0 00:00:00, Sys 0 00:00:00  -  Total Local Usage
	0  -  Run Bytes Sent By Job
	0  -  Run Bytes Received By Job
	0  -  Total Bytes Sent By Job
	0  -  Total Bytes Received By Job
	Partitionable Resources :    Usage  Request Allocated 
	   Cpus                 :     0.96        1         1 
	   Disk (KB)            :     1           1      8391 
	   GPUs                 :                           0 
	   Memory (MB)          :   151       10240     10300 
	   TimeExecute (s)      :    91                       
	   TimeSlotBusy (s)     :    91                       

	Job terminated of its own accord at 2025-12-22T08:31:00Z with exit-code 0.
...
