Error in <TCling::LoadPCM>: ROOT PCM /u/user/jhlee/ttHH/CMSSW_14_2_1/src/tempTTHH/lib/dictionaryForROOT_rdict.pcm file does not exist
Info in <TCling::LoadPCM>: In-memory ROOT PCM candidate /cvmfs/cms.cern.ch/el9_amd64_gcc12/lcg/root/6.30.09-a471e16c07e14e11bdeeaf6baa56e34c/lib/libASImageGui_rdict.pcm

Info in <TCling::LoadPCM>: In-memory ROOT PCM candidate /cvmfs/cms.cern.ch/el9_amd64_gcc12/lcg/root/6.30.09-a471e16c07e14e11bdeeaf6baa56e34c/lib/libASImage_rdict.pcm

Info in <TCling::LoadPCM>: In-memory ROOT PCM candidate /cvmfs/cms.cern.ch/el9_amd64_gcc12/lcg/root/6.30.09-a471e16c07e14e11bdeeaf6baa56e34c/lib/libDCache_rdict.pcm

Info in <TCling::LoadPCM>: In-memory ROOT PCM candidate /cvmfs/cms.cern.ch/el9_amd64_gcc12/lcg/root/6.30.09-a471e16c07e14e11bdeeaf6baa56e34c/lib/libEG_rdict.pcm

Info in <TCling::LoadPCM>: In-memory ROOT PCM candidate /cvmfs/cms.cern.ch/el9_amd64_gcc12/lcg/root/6.30.09-a471e16c07e14e11bdeeaf6baa56e34c/lib/libEve_rdict.pcm

Info in <TCling::LoadPCM>: In-memory ROOT PCM candidate /cvmfs/cms.cern.ch/el9_amd64_gcc12/lcg/root/6.30.09-a471e16c07e14e11bdeeaf6baa56e34c/lib/libFFTW_rdict.pcm

Info in <TCling::LoadPCM>: In-memory ROOT PCM candidate /cvmfs/cms.cern.ch/el9_amd64_gcc12/lcg/root/6.30.09-a471e16c07e14e11bdeeaf6baa56e34c/lib/libFitPanel_rdict.pcm

Info in <TCling::LoadPCM>: In-memory ROOT PCM candidate /cvmfs/cms.cern.ch/el9_amd64_gcc12/lcg/root/6.30.09-a471e16c07e14e11bdeeaf6baa56e34c/lib/libFoam_rdict.pcm

Info in <TCling::LoadPCM>: In-memory ROOT PCM candidate /cvmfs/cms.cern.ch/el9_amd64_gcc12/lcg/root/6.30.09-a471e16c07e14e11bdeeaf6baa56e34c/lib/libFumili_rdict.pcm

Info in <TCling::LoadPCM>: In-memory ROOT PCM candidate /cvmfs/cms.cern.ch/el9_amd64_gcc12/lcg/root/6.30.09-a471e16c07e14e11bdeeaf6baa56e34c/lib/libGX11TTF_rdict.pcm

Info in <TCling::LoadPCM>: In-memory ROOT PCM candidate /cvmfs/cms.cern.ch/el9_amd64_gcc12/lcg/root/6.30.09-a471e16c07e14e11bdeeaf6baa56e34c/lib/libGX11_rdict.pcm

Info in <TCling::LoadPCM>: In-memory ROOT PCM candidate /cvmfs/cms.cern.ch/el9_amd64_gcc12/lcg/root/6.30.09-a471e16c07e14e11bdeeaf6baa56e34c/lib/libGdml_rdict.pcm

Info in <TCling::LoadPCM>: In-memory ROOT PCM candidate /cvmfs/cms.cern.ch/el9_amd64_gcc12/lcg/root/6.30.09-a471e16c07e14e11bdeeaf6baa56e34c/lib/libGed_rdict.pcm

Info in <TCling::LoadPCM>: In-memory ROOT PCM candidate /cvmfs/cms.cern.ch/el9_amd64_gcc12/lcg/root/6.30.09-a471e16c07e14e11bdeeaf6baa56e34c/lib/libGenVector_G__GenVector32_rdict.pcm

Info in <TCling::LoadPCM>: In-memory ROOT PCM candidate /cvmfs/cms.cern.ch/el9_amd64_gcc12/lcg/root/6.30.09-a471e16c07e14e11bdeeaf6baa56e34c/lib/libGenVector_rdict.pcm

Info in <TCling::LoadPCM>: In-memory ROOT PCM candidate /cvmfs/cms.cern.ch/el9_amd64_gcc12/lcg/root/6.30.09-a471e16c07e14e11bdeeaf6baa56e34c/lib/libGenetic_rdict.pcm

Info in <TCling::LoadPCM>: In-memory ROOT PCM candidate /cvmfs/cms.cern.ch/el9_amd64_gcc12/lcg/root/6.30.09-a471e16c07e14e11bdeeaf6baa56e34c/lib/libGeomBuilder_rdict.pcm

Info in <TCling::LoadPCM>: In-memory ROOT PCM candidate /cvmfs/cms.cern.ch/el9_amd64_gcc12/lcg/root/6.30.09-a471e16c07e14e11bdeeaf6baa56e34c/lib/libGeomPainter_rdict.pcm

Info in <TCling::LoadPCM>: In-memory ROOT PCM candidate /cvmfs/cms.cern.ch/el9_amd64_gcc12/lcg/root/6.30.09-a471e16c07e14e11bdeeaf6baa56e34c/lib/libGeom_rdict.pcm

Info in <TCling::LoadPCM>: In-memory ROOT PCM candidate /cvmfs/cms.cern.ch/el9_amd64_gcc12/lcg/root/6.30.09-a471e16c07e14e11bdeeaf6baa56e34c/lib/libGpad_rdict.pcm

Info in <TCling::LoadPCM>: In-memory ROOT PCM candidate /cvmfs/cms.cern.ch/el9_amd64_gcc12/lcg/root/6.30.09-a471e16c07e14e11bdeeaf6baa56e34c/lib/libGraf3d_rdict.pcm

Info in <TCling::LoadPCM>: In-memory ROOT PCM candidate /cvmfs/cms.cern.ch/el9_amd64_gcc12/lcg/root/6.30.09-a471e16c07e14e11bdeeaf6baa56e34c/lib/libGraf_rdict.pcm

Info in <TCling::LoadPCM>: In-memory ROOT PCM candidate /cvmfs/cms.cern.ch/el9_amd64_gcc12/lcg/root/6.30.09-a471e16c07e14e11bdeeaf6baa56e34c/lib/libGuiBld_rdict.pcm

Info in <TCling::LoadPCM>: In-memory ROOT PCM candidate /cvmfs/cms.cern.ch/el9_amd64_gcc12/lcg/root/6.30.09-a471e16c07e14e11bdeeaf6baa56e34c/lib/libGuiHtml_rdict.pcm

Info in <TCling::LoadPCM>: In-memory ROOT PCM candidate /cvmfs/cms.cern.ch/el9_amd64_gcc12/lcg/root/6.30.09-a471e16c07e14e11bdeeaf6baa56e34c/lib/libGui_rdict.pcm

Info in <TCling::LoadPCM>: In-memory ROOT PCM candidate /cvmfs/cms.cern.ch/el9_amd64_gcc12/lcg/root/6.30.09-a471e16c07e14e11bdeeaf6baa56e34c/lib/libGviz3d_rdict.pcm

Info in <TCling::LoadPCM>: In-memory ROOT PCM candidate /cvmfs/cms.cern.ch/el9_amd64_gcc12/lcg/root/6.30.09-a471e16c07e14e11bdeeaf6baa56e34c/lib/libHistFactory_rdict.pcm

Info in <TCling::LoadPCM>: In-memory ROOT PCM candidate /cvmfs/cms.cern.ch/el9_amd64_gcc12/lcg/root/6.30.09-a471e16c07e14e11bdeeaf6baa56e34c/lib/libHistPainter_rdict.pcm

Info in <TCling::LoadPCM>: In-memory ROOT PCM candidate /cvmfs/cms.cern.ch/el9_amd64_gcc12/lcg/root/6.30.09-a471e16c07e14e11bdeeaf6baa56e34c/lib/libHist_rdict.pcm

Info in <TCling::LoadPCM>: In-memory ROOT PCM candidate /cvmfs/cms.cern.ch/el9_amd64_gcc12/lcg/root/6.30.09-a471e16c07e14e11bdeeaf6baa56e34c/lib/libHtml_rdict.pcm

Info in <TCling::LoadPCM>: In-memory ROOT PCM candidate /cvmfs/cms.cern.ch/el9_amd64_gcc12/lcg/root/6.30.09-a471e16c07e14e11bdeeaf6baa56e34c/lib/libMLP_rdict.pcm

Info in <TCling::LoadPCM>: In-memory ROOT PCM candidate /cvmfs/cms.cern.ch/el9_amd64_gcc12/lcg/root/6.30.09-a471e16c07e14e11bdeeaf6baa56e34c/lib/libMathCore_rdict.pcm

Info in <TCling::LoadPCM>: In-memory ROOT PCM candidate /cvmfs/cms.cern.ch/el9_amd64_gcc12/lcg/root/6.30.09-a471e16c07e14e11bdeeaf6baa56e34c/lib/libMathMore_rdict.pcm

Info in <TCling::LoadPCM>: In-memory ROOT PCM candidate /cvmfs/cms.cern.ch/el9_amd64_gcc12/lcg/root/6.30.09-a471e16c07e14e11bdeeaf6baa56e34c/lib/libMatrix_rdict.pcm

Info in <TCling::LoadPCM>: In-memory ROOT PCM candidate /cvmfs/cms.cern.ch/el9_amd64_gcc12/lcg/root/6.30.09-a471e16c07e14e11bdeeaf6baa56e34c/lib/libMinuit2_rdict.pcm

Info in <TCling::LoadPCM>: In-memory ROOT PCM candidate /cvmfs/cms.cern.ch/el9_amd64_gcc12/lcg/root/6.30.09-a471e16c07e14e11bdeeaf6baa56e34c/lib/libMinuit_rdict.pcm

Info in <TCling::LoadPCM>: In-memory ROOT PCM candidate /cvmfs/cms.cern.ch/el9_amd64_gcc12/lcg/root/6.30.09-a471e16c07e14e11bdeeaf6baa56e34c/lib/libNet_rdict.pcm

Info in <TCling::LoadPCM>: In-memory ROOT PCM candidate /cvmfs/cms.cern.ch/el9_amd64_gcc12/lcg/root/6.30.09-a471e16c07e14e11bdeeaf6baa56e34c/lib/libNetxNG_rdict.pcm

Info in <TCling::LoadPCM>: In-memory ROOT PCM candidate /cvmfs/cms.cern.ch/el9_amd64_gcc12/lcg/root/6.30.09-a471e16c07e14e11bdeeaf6baa56e34c/lib/libPhysics_rdict.pcm

Info in <TCling::LoadPCM>: In-memory ROOT PCM candidate /cvmfs/cms.cern.ch/el9_amd64_gcc12/lcg/root/6.30.09-a471e16c07e14e11bdeeaf6baa56e34c/lib/libPostscript_rdict.pcm

Info in <TCling::LoadPCM>: In-memory ROOT PCM candidate /cvmfs/cms.cern.ch/el9_amd64_gcc12/lcg/root/6.30.09-a471e16c07e14e11bdeeaf6baa56e34c/lib/libProofBench_rdict.pcm

Info in <TCling::LoadPCM>: In-memory ROOT PCM candidate /cvmfs/cms.cern.ch/el9_amd64_gcc12/lcg/root/6.30.09-a471e16c07e14e11bdeeaf6baa56e34c/lib/libProofDraw_rdict.pcm

Info in <TCling::LoadPCM>: In-memory ROOT PCM candidate /cvmfs/cms.cern.ch/el9_amd64_gcc12/lcg/root/6.30.09-a471e16c07e14e11bdeeaf6baa56e34c/lib/libProofPlayer_rdict.pcm

Info in <TCling::LoadPCM>: In-memory ROOT PCM candidate /cvmfs/cms.cern.ch/el9_amd64_gcc12/lcg/root/6.30.09-a471e16c07e14e11bdeeaf6baa56e34c/lib/libProof_rdict.pcm

Info in <TCling::LoadPCM>: In-memory ROOT PCM candidate /cvmfs/cms.cern.ch/el9_amd64_gcc12/lcg/root/6.30.09-a471e16c07e14e11bdeeaf6baa56e34c/lib/libPyMVA_rdict.pcm

Info in <TCling::LoadPCM>: In-memory ROOT PCM candidate /cvmfs/cms.cern.ch/el9_amd64_gcc12/lcg/root/6.30.09-a471e16c07e14e11bdeeaf6baa56e34c/lib/libQuadp_rdict.pcm

Info in <TCling::LoadPCM>: In-memory ROOT PCM candidate /cvmfs/cms.cern.ch/el9_amd64_gcc12/lcg/root/6.30.09-a471e16c07e14e11bdeeaf6baa56e34c/lib/libRCsg_rdict.pcm

Info in <TCling::LoadPCM>: In-memory ROOT PCM candidate /cvmfs/cms.cern.ch/el9_amd64_gcc12/lcg/root/6.30.09-a471e16c07e14e11bdeeaf6baa56e34c/lib/libRDAVIX_rdict.pcm

Info in <TCling::LoadPCM>: In-memory ROOT PCM candidate /cvmfs/cms.cern.ch/el9_amd64_gcc12/lcg/root/6.30.09-a471e16c07e14e11bdeeaf6baa56e34c/lib/libRGL_rdict.pcm

Info in <TCling::LoadPCM>: In-memory ROOT PCM candidate /cvmfs/cms.cern.ch/el9_amd64_gcc12/lcg/root/6.30.09-a471e16c07e14e11bdeeaf6baa56e34c/lib/libRHTTPSniff_rdict.pcm

Info in <TCling::LoadPCM>: In-memory ROOT PCM candidate /cvmfs/cms.cern.ch/el9_amd64_gcc12/lcg/root/6.30.09-a471e16c07e14e11bdeeaf6baa56e34c/lib/libRHTTP_rdict.pcm

Info in <TCling::LoadPCM>: In-memory ROOT PCM candidate /cvmfs/cms.cern.ch/el9_amd64_gcc12/lcg/root/6.30.09-a471e16c07e14e11bdeeaf6baa56e34c/lib/libROOTBrowsable_rdict.pcm

Info in <TCling::LoadPCM>: In-memory ROOT PCM candidate /cvmfs/cms.cern.ch/el9_amd64_gcc12/lcg/root/6.30.09-a471e16c07e14e11bdeeaf6baa56e34c/lib/libROOTBrowserv7_rdict.pcm

Info in <TCling::LoadPCM>: In-memory ROOT PCM candidate /cvmfs/cms.cern.ch/el9_amd64_gcc12/lcg/root/6.30.09-a471e16c07e14e11bdeeaf6baa56e34c/lib/libROOTDataFrame_rdict.pcm

Info in <TCling::LoadPCM>: In-memory ROOT PCM candidate /cvmfs/cms.cern.ch/el9_amd64_gcc12/lcg/root/6.30.09-a471e16c07e14e11bdeeaf6baa56e34c/lib/libROOTEve_rdict.pcm

Info in <TCling::LoadPCM>: In-memory ROOT PCM candidate /cvmfs/cms.cern.ch/el9_amd64_gcc12/lcg/root/6.30.09-a471e16c07e14e11bdeeaf6baa56e34c/lib/libROOTFitPanelv7_rdict.pcm

Info in <TCling::LoadPCM>: In-memory ROOT PCM candidate /cvmfs/cms.cern.ch/el9_amd64_gcc12/lcg/root/6.30.09-a471e16c07e14e11bdeeaf6baa56e34c/lib/libROOTGeomViewer_rdict.pcm

Info in <TCling::LoadPCM>: In-memory ROOT PCM candidate /cvmfs/cms.cern.ch/el9_amd64_gcc12/lcg/root/6.30.09-a471e16c07e14e11bdeeaf6baa56e34c/lib/libROOTGpadv7_rdict.pcm

Info in <TCling::LoadPCM>: In-memory ROOT PCM candidate /cvmfs/cms.cern.ch/el9_amd64_gcc12/lcg/root/6.30.09-a471e16c07e14e11bdeeaf6baa56e34c/lib/libROOTGraphicsPrimitives_rdict.pcm

Info in <TCling::LoadPCM>: In-memory ROOT PCM candidate /cvmfs/cms.cern.ch/el9_amd64_gcc12/lcg/root/6.30.09-a471e16c07e14e11bdeeaf6baa56e34c/lib/libROOTHistDraw_rdict.pcm

Info in <TCling::LoadPCM>: In-memory ROOT PCM candidate /cvmfs/cms.cern.ch/el9_amd64_gcc12/lcg/root/6.30.09-a471e16c07e14e11bdeeaf6baa56e34c/lib/libROOTHist_rdict.pcm

Info in <TCling::LoadPCM>: In-memory ROOT PCM candidate /cvmfs/cms.cern.ch/el9_amd64_gcc12/lcg/root/6.30.09-a471e16c07e14e11bdeeaf6baa56e34c/lib/libROOTNTupleUtil_rdict.pcm

Info in <TCling::LoadPCM>: In-memory ROOT PCM candidate /cvmfs/cms.cern.ch/el9_amd64_gcc12/lcg/root/6.30.09-a471e16c07e14e11bdeeaf6baa56e34c/lib/libROOTNTuple_rdict.pcm

Info in <TCling::LoadPCM>: In-memory ROOT PCM candidate /cvmfs/cms.cern.ch/el9_amd64_gcc12/lcg/root/6.30.09-a471e16c07e14e11bdeeaf6baa56e34c/lib/libROOTTMVASofie_rdict.pcm

Info in <TCling::LoadPCM>: In-memory ROOT PCM candidate /cvmfs/cms.cern.ch/el9_amd64_gcc12/lcg/root/6.30.09-a471e16c07e14e11bdeeaf6baa56e34c/lib/libROOTTPython_rdict.pcm

Info in <TCling::LoadPCM>: In-memory ROOT PCM candidate /cvmfs/cms.cern.ch/el9_amd64_gcc12/lcg/root/6.30.09-a471e16c07e14e11bdeeaf6baa56e34c/lib/libROOTTreeViewer_rdict.pcm

Info in <TCling::LoadPCM>: In-memory ROOT PCM candidate /cvmfs/cms.cern.ch/el9_amd64_gcc12/lcg/root/6.30.09-a471e16c07e14e11bdeeaf6baa56e34c/lib/libROOTVecOps_rdict.pcm

Info in <TCling::LoadPCM>: In-memory ROOT PCM candidate /cvmfs/cms.cern.ch/el9_amd64_gcc12/lcg/root/6.30.09-a471e16c07e14e11bdeeaf6baa56e34c/lib/libROOTWebDisplay_rdict.pcm

Info in <TCling::LoadPCM>: In-memory ROOT PCM candidate /cvmfs/cms.cern.ch/el9_amd64_gcc12/lcg/root/6.30.09-a471e16c07e14e11bdeeaf6baa56e34c/lib/libRecorder_rdict.pcm

Info in <TCling::LoadPCM>: In-memory ROOT PCM candidate /cvmfs/cms.cern.ch/el9_amd64_gcc12/lcg/root/6.30.09-a471e16c07e14e11bdeeaf6baa56e34c/lib/libRooFitCore_rdict.pcm

Info in <TCling::LoadPCM>: In-memory ROOT PCM candidate /cvmfs/cms.cern.ch/el9_amd64_gcc12/lcg/root/6.30.09-a471e16c07e14e11bdeeaf6baa56e34c/lib/libRooFitHS3_rdict.pcm

Info in <TCling::LoadPCM>: In-memory ROOT PCM candidate /cvmfs/cms.cern.ch/el9_amd64_gcc12/lcg/root/6.30.09-a471e16c07e14e11bdeeaf6baa56e34c/lib/libRooFitJSONInterface_rdict.pcm

Info in <TCling::LoadPCM>: In-memory ROOT PCM candidate /cvmfs/cms.cern.ch/el9_amd64_gcc12/lcg/root/6.30.09-a471e16c07e14e11bdeeaf6baa56e34c/lib/libRooFitMore_rdict.pcm

Info in <TCling::LoadPCM>: In-memory ROOT PCM candidate /cvmfs/cms.cern.ch/el9_amd64_gcc12/lcg/root/6.30.09-a471e16c07e14e11bdeeaf6baa56e34c/lib/libRooFitRDataFrameHelpers_rdict.pcm

Info in <TCling::LoadPCM>: In-memory ROOT PCM candidate /cvmfs/cms.cern.ch/el9_amd64_gcc12/lcg/root/6.30.09-a471e16c07e14e11bdeeaf6baa56e34c/lib/libRooFitXRooFit_rdict.pcm

Info in <TCling::LoadPCM>: In-memory ROOT PCM candidate /cvmfs/cms.cern.ch/el9_amd64_gcc12/lcg/root/6.30.09-a471e16c07e14e11bdeeaf6baa56e34c/lib/libRooFit_rdict.pcm

Info in <TCling::LoadPCM>: In-memory ROOT PCM candidate /cvmfs/cms.cern.ch/el9_amd64_gcc12/lcg/root/6.30.09-a471e16c07e14e11bdeeaf6baa56e34c/lib/libRooStats_rdict.pcm

Info in <TCling::LoadPCM>: In-memory ROOT PCM candidate /cvmfs/cms.cern.ch/el9_amd64_gcc12/lcg/root/6.30.09-a471e16c07e14e11bdeeaf6baa56e34c/lib/libRootAuth_rdict.pcm

Info in <TCling::LoadPCM>: In-memory ROOT PCM candidate /cvmfs/cms.cern.ch/el9_amd64_gcc12/lcg/root/6.30.09-a471e16c07e14e11bdeeaf6baa56e34c/lib/libSPlot_rdict.pcm

Info in <TCling::LoadPCM>: In-memory ROOT PCM candidate /cvmfs/cms.cern.ch/el9_amd64_gcc12/lcg/root/6.30.09-a471e16c07e14e11bdeeaf6baa56e34c/lib/libSQLIO_rdict.pcm

Info in <TCling::LoadPCM>: In-memory ROOT PCM candidate /cvmfs/cms.cern.ch/el9_amd64_gcc12/lcg/root/6.30.09-a471e16c07e14e11bdeeaf6baa56e34c/lib/libSessionViewer_rdict.pcm

Info in <TCling::LoadPCM>: In-memory ROOT PCM candidate /cvmfs/cms.cern.ch/el9_amd64_gcc12/lcg/root/6.30.09-a471e16c07e14e11bdeeaf6baa56e34c/lib/libSmatrix_G__Smatrix32_rdict.pcm

Info in <TCling::LoadPCM>: In-memory ROOT PCM candidate /cvmfs/cms.cern.ch/el9_amd64_gcc12/lcg/root/6.30.09-a471e16c07e14e11bdeeaf6baa56e34c/lib/libSmatrix_rdict.pcm

Info in <TCling::LoadPCM>: In-memory ROOT PCM candidate /cvmfs/cms.cern.ch/el9_amd64_gcc12/lcg/root/6.30.09-a471e16c07e14e11bdeeaf6baa56e34c/lib/libSpectrumPainter_rdict.pcm

Info in <TCling::LoadPCM>: In-memory ROOT PCM candidate /cvmfs/cms.cern.ch/el9_amd64_gcc12/lcg/root/6.30.09-a471e16c07e14e11bdeeaf6baa56e34c/lib/libSpectrum_rdict.pcm

Info in <TCling::LoadPCM>: In-memory ROOT PCM candidate /cvmfs/cms.cern.ch/el9_amd64_gcc12/lcg/root/6.30.09-a471e16c07e14e11bdeeaf6baa56e34c/lib/libTMVAGui_rdict.pcm

Info in <TCling::LoadPCM>: In-memory ROOT PCM candidate /cvmfs/cms.cern.ch/el9_amd64_gcc12/lcg/root/6.30.09-a471e16c07e14e11bdeeaf6baa56e34c/lib/libTMVAUtils_rdict.pcm

Info in <TCling::LoadPCM>: In-memory ROOT PCM candidate /cvmfs/cms.cern.ch/el9_amd64_gcc12/lcg/root/6.30.09-a471e16c07e14e11bdeeaf6baa56e34c/lib/libTMVA_rdict.pcm

Info in <TCling::LoadPCM>: In-memory ROOT PCM candidate /cvmfs/cms.cern.ch/el9_amd64_gcc12/lcg/root/6.30.09-a471e16c07e14e11bdeeaf6baa56e34c/lib/libTreePlayer_rdict.pcm

Info in <TCling::LoadPCM>: In-memory ROOT PCM candidate /cvmfs/cms.cern.ch/el9_amd64_gcc12/lcg/root/6.30.09-a471e16c07e14e11bdeeaf6baa56e34c/lib/libTreeViewer_rdict.pcm

Info in <TCling::LoadPCM>: In-memory ROOT PCM candidate /cvmfs/cms.cern.ch/el9_amd64_gcc12/lcg/root/6.30.09-a471e16c07e14e11bdeeaf6baa56e34c/lib/libTree_rdict.pcm

Info in <TCling::LoadPCM>: In-memory ROOT PCM candidate /cvmfs/cms.cern.ch/el9_amd64_gcc12/lcg/root/6.30.09-a471e16c07e14e11bdeeaf6baa56e34c/lib/libWebGui6_rdict.pcm

Info in <TCling::LoadPCM>: In-memory ROOT PCM candidate /cvmfs/cms.cern.ch/el9_amd64_gcc12/lcg/root/6.30.09-a471e16c07e14e11bdeeaf6baa56e34c/lib/libX3d_rdict.pcm

Info in <TCling::LoadPCM>: In-memory ROOT PCM candidate /cvmfs/cms.cern.ch/el9_amd64_gcc12/lcg/root/6.30.09-a471e16c07e14e11bdeeaf6baa56e34c/lib/libXMLIO_rdict.pcm

Info in <TCling::LoadPCM>: In-memory ROOT PCM candidate /cvmfs/cms.cern.ch/el9_amd64_gcc12/lcg/root/6.30.09-a471e16c07e14e11bdeeaf6baa56e34c/lib/libXMLParser_rdict.pcm

[ERROR] Unknown Data Sample: SingleMuon_F

 *** Break *** segmentation violation



===========================================================
There was a crash.
This is the entire stack trace of all threads:
===========================================================
#0  0x000014711ecd9fba in wait4 () from /lib64/libc.so.6
#1  0x000014711ec4f483 in do_system () from /lib64/libc.so.6
#2  0x0000147120f75dbd in TUnixSystem::StackTrace() () from /cvmfs/cms.cern.ch/el9_amd64_gcc12/cms/cmssw/CMSSW_14_2_1/external/el9_amd64_gcc12/bin/../../../../../../../el9_amd64_gcc12/lcg/root/6.30.09-a471e16c07e14e11bdeeaf6baa56e34c/lib/libCore.so
#3  0x0000147120f73894 in TUnixSystem::DispatchSignals(ESignals) () from /cvmfs/cms.cern.ch/el9_amd64_gcc12/cms/cmssw/CMSSW_14_2_1/external/el9_amd64_gcc12/bin/../../../../../../../el9_amd64_gcc12/lcg/root/6.30.09-a471e16c07e14e11bdeeaf6baa56e34c/lib/libCore.so
#4  <signal handler called>
#5  0x000014711ec9b3de in free () from /lib64/libc.so.6
#6  0x00001471187eab19 in ROOT::TMetaUtils::GetNormalizedName(std::__cxx11::basic_string<char, std::char_traits<char>, std::allocator<char> >&, clang::QualType const&, cling::Interpreter const&, ROOT::TMetaUtils::TNormalizedCtxt const&) () from /cvmfs/cms.cern.ch/el9_amd64_gcc12/cms/cmssw/CMSSW_14_2_1/external/el9_amd64_gcc12/lib/libCling.so
#7  0x0000147118911339 in TClingClassInfo::FullName(std::__cxx11::basic_string<char, std::char_traits<char>, std::allocator<char> >&, ROOT::TMetaUtils::TNormalizedCtxt const&) const () from /cvmfs/cms.cern.ch/el9_amd64_gcc12/cms/cmssw/CMSSW_14_2_1/external/el9_amd64_gcc12/lib/libCling.so
#8  0x000014711888f737 in TCling::BaseClassInfo_FullName(BaseClassInfo_t*) const () from /cvmfs/cms.cern.ch/el9_amd64_gcc12/cms/cmssw/CMSSW_14_2_1/external/el9_amd64_gcc12/lib/libCling.so
#9  0x0000147120efd23d in TBaseClass::TBaseClass(BaseClassInfo_t*, TClass*) () from /cvmfs/cms.cern.ch/el9_amd64_gcc12/cms/cmssw/CMSSW_14_2_1/external/el9_amd64_gcc12/bin/../../../../../../../el9_amd64_gcc12/lcg/root/6.30.09-a471e16c07e14e11bdeeaf6baa56e34c/lib/libCore.so
#10 0x0000147118898bdf in TCling::CreateListOfBaseClasses(TClass*) const () from /cvmfs/cms.cern.ch/el9_amd64_gcc12/cms/cmssw/CMSSW_14_2_1/external/el9_amd64_gcc12/lib/libCling.so
#11 0x0000147120f024b4 in TClass::GetListOfBases() () from /cvmfs/cms.cern.ch/el9_amd64_gcc12/cms/cmssw/CMSSW_14_2_1/external/el9_amd64_gcc12/bin/../../../../../../../el9_amd64_gcc12/lcg/root/6.30.09-a471e16c07e14e11bdeeaf6baa56e34c/lib/libCore.so
#12 0x0000147120f025b9 in TClass::GetBaseClass(TClass const*) () from /cvmfs/cms.cern.ch/el9_amd64_gcc12/cms/cmssw/CMSSW_14_2_1/external/el9_amd64_gcc12/bin/../../../../../../../el9_amd64_gcc12/lcg/root/6.30.09-a471e16c07e14e11bdeeaf6baa56e34c/lib/libCore.so
#13 0x0000147120f02683 in TClass::InheritsFrom(TClass const*) const () from /cvmfs/cms.cern.ch/el9_amd64_gcc12/cms/cmssw/CMSSW_14_2_1/external/el9_amd64_gcc12/bin/../../../../../../../el9_amd64_gcc12/lcg/root/6.30.09-a471e16c07e14e11bdeeaf6baa56e34c/lib/libCore.so
#14 0x0000147120932359 in TDirectoryFile::Save() () from /cvmfs/cms.cern.ch/el9_amd64_gcc12/cms/cmssw/CMSSW_14_2_1/external/el9_amd64_gcc12/bin/../../../../../../../el9_amd64_gcc12/lcg/root/6.30.09-a471e16c07e14e11bdeeaf6baa56e34c/lib/libRIO.so
#15 0x000014712093215c in TDirectoryFile::Close(char const*) () from /cvmfs/cms.cern.ch/el9_amd64_gcc12/cms/cmssw/CMSSW_14_2_1/external/el9_amd64_gcc12/bin/../../../../../../../el9_amd64_gcc12/lcg/root/6.30.09-a471e16c07e14e11bdeeaf6baa56e34c/lib/libRIO.so
#16 0x00001471209502b6 in TFile::Close(char const*) () from /cvmfs/cms.cern.ch/el9_amd64_gcc12/cms/cmssw/CMSSW_14_2_1/external/el9_amd64_gcc12/bin/../../../../../../../el9_amd64_gcc12/lcg/root/6.30.09-a471e16c07e14e11bdeeaf6baa56e34c/lib/libRIO.so
#17 0x0000147120e58d60 in TROOT::CloseFiles() () from /cvmfs/cms.cern.ch/el9_amd64_gcc12/cms/cmssw/CMSSW_14_2_1/external/el9_amd64_gcc12/bin/../../../../../../../el9_amd64_gcc12/lcg/root/6.30.09-a471e16c07e14e11bdeeaf6baa56e34c/lib/libCore.so
#18 0x000014711ec41e7d in __run_exit_handlers () from /lib64/libc.so.6
#19 0x000014711ec41fd0 in exit () from /lib64/libc.so.6
#20 0x0000000000414978 in ttHHanalyzer::createObjects(event*, ttHHanalyzer::sysName, bool) ()
#21 0x000000000041564f in ttHHanalyzer::process(event*, ttHHanalyzer::sysName, bool) ()
#22 0x0000000000416d2f in ttHHanalyzer::loop(ttHHanalyzer::sysName, bool) ()
#23 0x0000000000417e3d in ttHHanalyzer::performAnalysis() ()
#24 0x000000000040d831 in main ()
===========================================================


The lines below might hint at the cause of the crash. If you see question
marks as part of the stack trace, try to recompile with debugging information
enabled and export CLING_DEBUG=1 environment variable before running.
You may get help by asking at the ROOT forum https://root.cern/forum
preferably using the command (.forum bug) in the ROOT prompt.
Only if you are really convinced it is a bug in ROOT then please submit a
report at https://root.cern/bugs or (preferably) using the command (.gh bug) in
the ROOT prompt. Please post the ENTIRE stack trace
from above as an attachment in addition to anything else
that might help us fixing this issue.
===========================================================
#5  0x000014711ec9b3de in free () from /lib64/libc.so.6
#6  0x00001471187eab19 in ROOT::TMetaUtils::GetNormalizedName(std::__cxx11::basic_string<char, std::char_traits<char>, std::allocator<char> >&, clang::QualType const&, cling::Interpreter const&, ROOT::TMetaUtils::TNormalizedCtxt const&) () from /cvmfs/cms.cern.ch/el9_amd64_gcc12/cms/cmssw/CMSSW_14_2_1/external/el9_amd64_gcc12/lib/libCling.so
#7  0x0000147118911339 in TClingClassInfo::FullName(std::__cxx11::basic_string<char, std::char_traits<char>, std::allocator<char> >&, ROOT::TMetaUtils::TNormalizedCtxt const&) const () from /cvmfs/cms.cern.ch/el9_amd64_gcc12/cms/cmssw/CMSSW_14_2_1/external/el9_amd64_gcc12/lib/libCling.so
#8  0x000014711888f737 in TCling::BaseClassInfo_FullName(BaseClassInfo_t*) const () from /cvmfs/cms.cern.ch/el9_amd64_gcc12/cms/cmssw/CMSSW_14_2_1/external/el9_amd64_gcc12/lib/libCling.so
#9  0x0000147120efd23d in TBaseClass::TBaseClass(BaseClassInfo_t*, TClass*) () from /cvmfs/cms.cern.ch/el9_amd64_gcc12/cms/cmssw/CMSSW_14_2_1/external/el9_amd64_gcc12/bin/../../../../../../../el9_amd64_gcc12/lcg/root/6.30.09-a471e16c07e14e11bdeeaf6baa56e34c/lib/libCore.so
#10 0x0000147118898bdf in TCling::CreateListOfBaseClasses(TClass*) const () from /cvmfs/cms.cern.ch/el9_amd64_gcc12/cms/cmssw/CMSSW_14_2_1/external/el9_amd64_gcc12/lib/libCling.so
#11 0x0000147120f024b4 in TClass::GetListOfBases() () from /cvmfs/cms.cern.ch/el9_amd64_gcc12/cms/cmssw/CMSSW_14_2_1/external/el9_amd64_gcc12/bin/../../../../../../../el9_amd64_gcc12/lcg/root/6.30.09-a471e16c07e14e11bdeeaf6baa56e34c/lib/libCore.so
#12 0x0000147120f025b9 in TClass::GetBaseClass(TClass const*) () from /cvmfs/cms.cern.ch/el9_amd64_gcc12/cms/cmssw/CMSSW_14_2_1/external/el9_amd64_gcc12/bin/../../../../../../../el9_amd64_gcc12/lcg/root/6.30.09-a471e16c07e14e11bdeeaf6baa56e34c/lib/libCore.so
#13 0x0000147120f02683 in TClass::InheritsFrom(TClass const*) const () from /cvmfs/cms.cern.ch/el9_amd64_gcc12/cms/cmssw/CMSSW_14_2_1/external/el9_amd64_gcc12/bin/../../../../../../../el9_amd64_gcc12/lcg/root/6.30.09-a471e16c07e14e11bdeeaf6baa56e34c/lib/libCore.so
#14 0x0000147120932359 in TDirectoryFile::Save() () from /cvmfs/cms.cern.ch/el9_amd64_gcc12/cms/cmssw/CMSSW_14_2_1/external/el9_amd64_gcc12/bin/../../../../../../../el9_amd64_gcc12/lcg/root/6.30.09-a471e16c07e14e11bdeeaf6baa56e34c/lib/libRIO.so
#15 0x000014712093215c in TDirectoryFile::Close(char const*) () from /cvmfs/cms.cern.ch/el9_amd64_gcc12/cms/cmssw/CMSSW_14_2_1/external/el9_amd64_gcc12/bin/../../../../../../../el9_amd64_gcc12/lcg/root/6.30.09-a471e16c07e14e11bdeeaf6baa56e34c/lib/libRIO.so
#16 0x00001471209502b6 in TFile::Close(char const*) () from /cvmfs/cms.cern.ch/el9_amd64_gcc12/cms/cmssw/CMSSW_14_2_1/external/el9_amd64_gcc12/bin/../../../../../../../el9_amd64_gcc12/lcg/root/6.30.09-a471e16c07e14e11bdeeaf6baa56e34c/lib/libRIO.so
#17 0x0000147120e58d60 in TROOT::CloseFiles() () from /cvmfs/cms.cern.ch/el9_amd64_gcc12/cms/cmssw/CMSSW_14_2_1/external/el9_amd64_gcc12/bin/../../../../../../../el9_amd64_gcc12/lcg/root/6.30.09-a471e16c07e14e11bdeeaf6baa56e34c/lib/libCore.so
#18 0x000014711ec41e7d in __run_exit_handlers () from /lib64/libc.so.6
#19 0x000014711ec41fd0 in exit () from /lib64/libc.so.6
#20 0x0000000000414978 in ttHHanalyzer::createObjects(event*, ttHHanalyzer::sysName, bool) ()
#21 0x000000000041564f in ttHHanalyzer::process(event*, ttHHanalyzer::sysName, bool) ()
#22 0x0000000000416d2f in ttHHanalyzer::loop(ttHHanalyzer::sysName, bool) ()
#23 0x0000000000417e3d in ttHHanalyzer::performAnalysis() ()
#24 0x000000000040d831 in main ()
===========================================================


