
===============================================================
  hadd worker
===============================================================
  PWD           : /u/user/jhlee/ttHH/CMSSW_14_2_1/src/tempTTHH/outputMerger
  hostname      : dm01.knu.ac.kr
  date          : Mon May  4 18:48:31 KST 2026
  argv          : /pnfs/knu.ac.kr/data/cms/store/user/junghyun/ttHH/AnalyzerOutput_validation/bcut3/TTToSemiLeptonic /pnfs/knu.ac.kr/data/cms/store/user/junghyun/ttHH/AnalyzerOutput_validation/bcut3/TTToSemiLeptonic.root
===============================================================
[env] sourcing cmsset_default.sh
[env] hadd: /cvmfs/cms.cern.ch/el9_amd64_gcc12/cms/cmssw/CMSSW_14_2_1/external/el9_amd64_gcc12/bin/hadd
[env] root: /cvmfs/cms.cern.ch/el9_amd64_gcc12/cms/cmssw/CMSSW_14_2_1/external/el9_amd64_gcc12/bin/root
[hadd] inputs: 297 files
[hadd] target: /pnfs/knu.ac.kr/data/cms/store/user/junghyun/ttHH/AnalyzerOutput_validation/bcut3/TTToSemiLeptonic.root
[hadd] first few inputs:
/pnfs/knu.ac.kr/data/cms/store/user/junghyun/ttHH/AnalyzerOutput_validation/bcut3/TTToSemiLeptonic/TTToSemiLeptonic_0.root
/pnfs/knu.ac.kr/data/cms/store/user/junghyun/ttHH/AnalyzerOutput_validation/bcut3/TTToSemiLeptonic/TTToSemiLeptonic_1.root
/pnfs/knu.ac.kr/data/cms/store/user/junghyun/ttHH/AnalyzerOutput_validation/bcut3/TTToSemiLeptonic/TTToSemiLeptonic_10.root
[hadd] starting
Parallelizing  with 1 processes.
hadd Target file: /pnfs/knu.ac.kr/data/cms/store/user/junghyun/ttHH/AnalyzerOutput_validation/bcut3/TTToSemiLeptonic.root
hadd compression setting for all output: 1
Each process should handle at least 3 files for efficiency. Setting the number of processes to: 1
hadd Source file 1: /pnfs/knu.ac.kr/data/cms/store/user/junghyun/ttHH/AnalyzerOutput_validation/bcut3/TTToSemiLeptonic/TTToSemiLeptonic_0.root
hadd Source file 2: /pnfs/knu.ac.kr/data/cms/store/user/junghyun/ttHH/AnalyzerOutput_validation/bcut3/TTToSemiLeptonic/TTToSemiLeptonic_1.root
hadd Source file 3: /pnfs/knu.ac.kr/data/cms/store/user/junghyun/ttHH/AnalyzerOutput_validation/bcut3/TTToSemiLeptonic/TTToSemiLeptonic_10.root
hadd Source file 4: /pnfs/knu.ac.kr/data/cms/store/user/junghyun/ttHH/AnalyzerOutput_validation/bcut3/TTToSemiLeptonic/TTToSemiLeptonic_100.root
hadd Source file 5: /pnfs/knu.ac.kr/data/cms/store/user/junghyun/ttHH/AnalyzerOutput_validation/bcut3/TTToSemiLeptonic/TTToSemiLeptonic_101.root
hadd Source file 6: /pnfs/knu.ac.kr/data/cms/store/user/junghyun/ttHH/AnalyzerOutput_validation/bcut3/TTToSemiLeptonic/TTToSemiLeptonic_102.root
hadd Source file 7: /pnfs/knu.ac.kr/data/cms/store/user/junghyun/ttHH/AnalyzerOutput_validation/bcut3/TTToSemiLeptonic/TTToSemiLeptonic_103.root
hadd Source file 8: /pnfs/knu.ac.kr/data/cms/store/user/junghyun/ttHH/AnalyzerOutput_validation/bcut3/TTToSemiLeptonic/TTToSemiLeptonic_104.root
hadd Source file 9: /pnfs/knu.ac.kr/data/cms/store/user/junghyun/ttHH/AnalyzerOutput_validation/bcut3/TTToSemiLeptonic/TTToSemiLeptonic_105.root
hadd Source file 10: /pnfs/knu.ac.kr/data/cms/store/user/junghyun/ttHH/AnalyzerOutput_validation/bcut3/TTToSemiLeptonic/TTToSemiLeptonic_106.root
hadd Source file 11: /pnfs/knu.ac.kr/data/cms/store/user/junghyun/ttHH/AnalyzerOutput_validation/bcut3/TTToSemiLeptonic/TTToSemiLeptonic_107.root
hadd Source file 12: /pnfs/knu.ac.kr/data/cms/store/user/junghyun/ttHH/AnalyzerOutput_validation/bcut3/TTToSemiLeptonic/TTToSemiLeptonic_108.root
hadd Source file 13: /pnfs/knu.ac.kr/data/cms/store/user/junghyun/ttHH/AnalyzerOutput_validation/bcut3/TTToSemiLeptonic/TTToSemiLeptonic_109.root
hadd Source file 14: /pnfs/knu.ac.kr/data/cms/store/user/junghyun/ttHH/AnalyzerOutput_validation/bcut3/TTToSemiLeptonic/TTToSemiLeptonic_11.root
hadd Source file 15: /pnfs/knu.ac.kr/data/cms/store/user/junghyun/ttHH/AnalyzerOutput_validation/bcut3/TTToSemiLeptonic/TTToSemiLeptonic_110.root
hadd Source file 16: /pnfs/knu.ac.kr/data/cms/store/user/junghyun/ttHH/AnalyzerOutput_validation/bcut3/TTToSemiLeptonic/TTToSemiLeptonic_111.root
hadd Source file 17: /pnfs/knu.ac.kr/data/cms/store/user/junghyun/ttHH/AnalyzerOutput_validation/bcut3/TTToSemiLeptonic/TTToSemiLeptonic_112.root
hadd Source file 18: /pnfs/knu.ac.kr/data/cms/store/user/junghyun/ttHH/AnalyzerOutput_validation/bcut3/TTToSemiLeptonic/TTToSemiLeptonic_113.root
hadd Source file 19: /pnfs/knu.ac.kr/data/cms/store/user/junghyun/ttHH/AnalyzerOutput_validation/bcut3/TTToSemiLeptonic/TTToSemiLeptonic_114.root
hadd Source file 20: /pnfs/knu.ac.kr/data/cms/store/user/junghyun/ttHH/AnalyzerOutput_validation/bcut3/TTToSemiLeptonic/TTToSemiLeptonic_115.root
hadd Source file 21: /pnfs/knu.ac.kr/data/cms/store/user/junghyun/ttHH/AnalyzerOutput_validation/bcut3/TTToSemiLeptonic/TTToSemiLeptonic_116.root
hadd Source file 22: /pnfs/knu.ac.kr/data/cms/store/user/junghyun/ttHH/AnalyzerOutput_validation/bcut3/TTToSemiLeptonic/TTToSemiLeptonic_117.root
hadd Source file 23: /pnfs/knu.ac.kr/data/cms/store/user/junghyun/ttHH/AnalyzerOutput_validation/bcut3/TTToSemiLeptonic/TTToSemiLeptonic_118.root
hadd Source file 24: /pnfs/knu.ac.kr/data/cms/store/user/junghyun/ttHH/AnalyzerOutput_validation/bcut3/TTToSemiLeptonic/TTToSemiLeptonic_119.root
hadd Source file 25: /pnfs/knu.ac.kr/data/cms/store/user/junghyun/ttHH/AnalyzerOutput_validation/bcut3/TTToSemiLeptonic/TTToSemiLeptonic_12.root
hadd Source file 26: /pnfs/knu.ac.kr/data/cms/store/user/junghyun/ttHH/AnalyzerOutput_validation/bcut3/TTToSemiLeptonic/TTToSemiLeptonic_120.root
hadd Source file 27: /pnfs/knu.ac.kr/data/cms/store/user/junghyun/ttHH/AnalyzerOutput_validation/bcut3/TTToSemiLeptonic/TTToSemiLeptonic_121.root
hadd Source file 28: /pnfs/knu.ac.kr/data/cms/store/user/junghyun/ttHH/AnalyzerOutput_validation/bcut3/TTToSemiLeptonic/TTToSemiLeptonic_122.root
hadd Source file 29: /pnfs/knu.ac.kr/data/cms/store/user/junghyun/ttHH/AnalyzerOutput_validation/bcut3/TTToSemiLeptonic/TTToSemiLeptonic_123.root
hadd Source file 30: /pnfs/knu.ac.kr/data/cms/store/user/junghyun/ttHH/AnalyzerOutput_validation/bcut3/TTToSemiLeptonic/TTToSemiLeptonic_124.root
hadd Source file 31: /pnfs/knu.ac.kr/data/cms/store/user/junghyun/ttHH/AnalyzerOutput_validation/bcut3/TTToSemiLeptonic/TTToSemiLeptonic_125.root
hadd Source file 32: /pnfs/knu.ac.kr/data/cms/store/user/junghyun/ttHH/AnalyzerOutput_validation/bcut3/TTToSemiLeptonic/TTToSemiLeptonic_126.root
hadd Source file 33: /pnfs/knu.ac.kr/data/cms/store/user/junghyun/ttHH/AnalyzerOutput_validation/bcut3/TTToSemiLeptonic/TTToSemiLeptonic_127.root
hadd Source file 34: /pnfs/knu.ac.kr/data/cms/store/user/junghyun/ttHH/AnalyzerOutput_validation/bcut3/TTToSemiLeptonic/TTToSemiLeptonic_128.root
hadd Source file 35: /pnfs/knu.ac.kr/data/cms/store/user/junghyun/ttHH/AnalyzerOutput_validation/bcut3/TTToSemiLeptonic/TTToSemiLeptonic_129.root
hadd Source file 36: /pnfs/knu.ac.kr/data/cms/store/user/junghyun/ttHH/AnalyzerOutput_validation/bcut3/TTToSemiLeptonic/TTToSemiLeptonic_13.root
hadd Source file 37: /pnfs/knu.ac.kr/data/cms/store/user/junghyun/ttHH/AnalyzerOutput_validation/bcut3/TTToSemiLeptonic/TTToSemiLeptonic_130.root
hadd Source file 38: /pnfs/knu.ac.kr/data/cms/store/user/junghyun/ttHH/AnalyzerOutput_validation/bcut3/TTToSemiLeptonic/TTToSemiLeptonic_131.root
hadd Source file 39: /pnfs/knu.ac.kr/data/cms/store/user/junghyun/ttHH/AnalyzerOutput_validation/bcut3/TTToSemiLeptonic/TTToSemiLeptonic_132.root
hadd Source file 40: /pnfs/knu.ac.kr/data/cms/store/user/junghyun/ttHH/AnalyzerOutput_validation/bcut3/TTToSemiLeptonic/TTToSemiLeptonic_133.root
hadd Source file 41: /pnfs/knu.ac.kr/data/cms/store/user/junghyun/ttHH/AnalyzerOutput_validation/bcut3/TTToSemiLeptonic/TTToSemiLeptonic_134.root
hadd Source file 42: /pnfs/knu.ac.kr/data/cms/store/user/junghyun/ttHH/AnalyzerOutput_validation/bcut3/TTToSemiLeptonic/TTToSemiLeptonic_135.root
hadd Source file 43: /pnfs/knu.ac.kr/data/cms/store/user/junghyun/ttHH/AnalyzerOutput_validation/bcut3/TTToSemiLeptonic/TTToSemiLeptonic_136.root
hadd Source file 44: /pnfs/knu.ac.kr/data/cms/store/user/junghyun/ttHH/AnalyzerOutput_validation/bcut3/TTToSemiLeptonic/TTToSemiLeptonic_137.root
hadd Source file 45: /pnfs/knu.ac.kr/data/cms/store/user/junghyun/ttHH/AnalyzerOutput_validation/bcut3/TTToSemiLeptonic/TTToSemiLeptonic_138.root
hadd Source file 46: /pnfs/knu.ac.kr/data/cms/store/user/junghyun/ttHH/AnalyzerOutput_validation/bcut3/TTToSemiLeptonic/TTToSemiLeptonic_139.root
hadd Source file 47: /pnfs/knu.ac.kr/data/cms/store/user/junghyun/ttHH/AnalyzerOutput_validation/bcut3/TTToSemiLeptonic/TTToSemiLeptonic_14.root
hadd Source file 48: /pnfs/knu.ac.kr/data/cms/store/user/junghyun/ttHH/AnalyzerOutput_validation/bcut3/TTToSemiLeptonic/TTToSemiLeptonic_140.root
hadd Source file 49: /pnfs/knu.ac.kr/data/cms/store/user/junghyun/ttHH/AnalyzerOutput_validation/bcut3/TTToSemiLeptonic/TTToSemiLeptonic_141.root
hadd Source file 50: /pnfs/knu.ac.kr/data/cms/store/user/junghyun/ttHH/AnalyzerOutput_validation/bcut3/TTToSemiLeptonic/TTToSemiLeptonic_142.root
hadd Source file 51: /pnfs/knu.ac.kr/data/cms/store/user/junghyun/ttHH/AnalyzerOutput_validation/bcut3/TTToSemiLeptonic/TTToSemiLeptonic_143.root
hadd Source file 52: /pnfs/knu.ac.kr/data/cms/store/user/junghyun/ttHH/AnalyzerOutput_validation/bcut3/TTToSemiLeptonic/TTToSemiLeptonic_144.root
hadd Source file 53: /pnfs/knu.ac.kr/data/cms/store/user/junghyun/ttHH/AnalyzerOutput_validation/bcut3/TTToSemiLeptonic/TTToSemiLeptonic_145.root
hadd Source file 54: /pnfs/knu.ac.kr/data/cms/store/user/junghyun/ttHH/AnalyzerOutput_validation/bcut3/TTToSemiLeptonic/TTToSemiLeptonic_146.root
hadd Source file 55: /pnfs/knu.ac.kr/data/cms/store/user/junghyun/ttHH/AnalyzerOutput_validation/bcut3/TTToSemiLeptonic/TTToSemiLeptonic_147.root
hadd Source file 56: /pnfs/knu.ac.kr/data/cms/store/user/junghyun/ttHH/AnalyzerOutput_validation/bcut3/TTToSemiLeptonic/TTToSemiLeptonic_148.root
hadd Source file 57: /pnfs/knu.ac.kr/data/cms/store/user/junghyun/ttHH/AnalyzerOutput_validation/bcut3/TTToSemiLeptonic/TTToSemiLeptonic_149.root
hadd Source file 58: /pnfs/knu.ac.kr/data/cms/store/user/junghyun/ttHH/AnalyzerOutput_validation/bcut3/TTToSemiLeptonic/TTToSemiLeptonic_15.root
hadd Source file 59: /pnfs/knu.ac.kr/data/cms/store/user/junghyun/ttHH/AnalyzerOutput_validation/bcut3/TTToSemiLeptonic/TTToSemiLeptonic_150.root
hadd Source file 60: /pnfs/knu.ac.kr/data/cms/store/user/junghyun/ttHH/AnalyzerOutput_validation/bcut3/TTToSemiLeptonic/TTToSemiLeptonic_151.root
hadd Source file 61: /pnfs/knu.ac.kr/data/cms/store/user/junghyun/ttHH/AnalyzerOutput_validation/bcut3/TTToSemiLeptonic/TTToSemiLeptonic_152.root
hadd Source file 62: /pnfs/knu.ac.kr/data/cms/store/user/junghyun/ttHH/AnalyzerOutput_validation/bcut3/TTToSemiLeptonic/TTToSemiLeptonic_153.root
hadd Source file 63: /pnfs/knu.ac.kr/data/cms/store/user/junghyun/ttHH/AnalyzerOutput_validation/bcut3/TTToSemiLeptonic/TTToSemiLeptonic_154.root
hadd Source file 64: /pnfs/knu.ac.kr/data/cms/store/user/junghyun/ttHH/AnalyzerOutput_validation/bcut3/TTToSemiLeptonic/TTToSemiLeptonic_155.root
hadd Source file 65: /pnfs/knu.ac.kr/data/cms/store/user/junghyun/ttHH/AnalyzerOutput_validation/bcut3/TTToSemiLeptonic/TTToSemiLeptonic_156.root
hadd Source file 66: /pnfs/knu.ac.kr/data/cms/store/user/junghyun/ttHH/AnalyzerOutput_validation/bcut3/TTToSemiLeptonic/TTToSemiLeptonic_157.root
hadd Source file 67: /pnfs/knu.ac.kr/data/cms/store/user/junghyun/ttHH/AnalyzerOutput_validation/bcut3/TTToSemiLeptonic/TTToSemiLeptonic_158.root
hadd Source file 68: /pnfs/knu.ac.kr/data/cms/store/user/junghyun/ttHH/AnalyzerOutput_validation/bcut3/TTToSemiLeptonic/TTToSemiLeptonic_159.root
hadd Source file 69: /pnfs/knu.ac.kr/data/cms/store/user/junghyun/ttHH/AnalyzerOutput_validation/bcut3/TTToSemiLeptonic/TTToSemiLeptonic_16.root
hadd Source file 70: /pnfs/knu.ac.kr/data/cms/store/user/junghyun/ttHH/AnalyzerOutput_validation/bcut3/TTToSemiLeptonic/TTToSemiLeptonic_160.root
hadd Source file 71: /pnfs/knu.ac.kr/data/cms/store/user/junghyun/ttHH/AnalyzerOutput_validation/bcut3/TTToSemiLeptonic/TTToSemiLeptonic_161.root
hadd Source file 72: /pnfs/knu.ac.kr/data/cms/store/user/junghyun/ttHH/AnalyzerOutput_validation/bcut3/TTToSemiLeptonic/TTToSemiLeptonic_162.root
hadd Source file 73: /pnfs/knu.ac.kr/data/cms/store/user/junghyun/ttHH/AnalyzerOutput_validation/bcut3/TTToSemiLeptonic/TTToSemiLeptonic_163.root
hadd Source file 74: /pnfs/knu.ac.kr/data/cms/store/user/junghyun/ttHH/AnalyzerOutput_validation/bcut3/TTToSemiLeptonic/TTToSemiLeptonic_164.root
hadd Source file 75: /pnfs/knu.ac.kr/data/cms/store/user/junghyun/ttHH/AnalyzerOutput_validation/bcut3/TTToSemiLeptonic/TTToSemiLeptonic_165.root
hadd Source file 76: /pnfs/knu.ac.kr/data/cms/store/user/junghyun/ttHH/AnalyzerOutput_validation/bcut3/TTToSemiLeptonic/TTToSemiLeptonic_166.root
hadd Source file 77: /pnfs/knu.ac.kr/data/cms/store/user/junghyun/ttHH/AnalyzerOutput_validation/bcut3/TTToSemiLeptonic/TTToSemiLeptonic_167.root
hadd Source file 78: /pnfs/knu.ac.kr/data/cms/store/user/junghyun/ttHH/AnalyzerOutput_validation/bcut3/TTToSemiLeptonic/TTToSemiLeptonic_168.root
hadd Source file 79: /pnfs/knu.ac.kr/data/cms/store/user/junghyun/ttHH/AnalyzerOutput_validation/bcut3/TTToSemiLeptonic/TTToSemiLeptonic_169.root
hadd Source file 80: /pnfs/knu.ac.kr/data/cms/store/user/junghyun/ttHH/AnalyzerOutput_validation/bcut3/TTToSemiLeptonic/TTToSemiLeptonic_17.root
hadd Source file 81: /pnfs/knu.ac.kr/data/cms/store/user/junghyun/ttHH/AnalyzerOutput_validation/bcut3/TTToSemiLeptonic/TTToSemiLeptonic_170.root
hadd Source file 82: /pnfs/knu.ac.kr/data/cms/store/user/junghyun/ttHH/AnalyzerOutput_validation/bcut3/TTToSemiLeptonic/TTToSemiLeptonic_171.root
hadd Source file 83: /pnfs/knu.ac.kr/data/cms/store/user/junghyun/ttHH/AnalyzerOutput_validation/bcut3/TTToSemiLeptonic/TTToSemiLeptonic_172.root
hadd Source file 84: /pnfs/knu.ac.kr/data/cms/store/user/junghyun/ttHH/AnalyzerOutput_validation/bcut3/TTToSemiLeptonic/TTToSemiLeptonic_173.root
hadd Source file 85: /pnfs/knu.ac.kr/data/cms/store/user/junghyun/ttHH/AnalyzerOutput_validation/bcut3/TTToSemiLeptonic/TTToSemiLeptonic_174.root
hadd Source file 86: /pnfs/knu.ac.kr/data/cms/store/user/junghyun/ttHH/AnalyzerOutput_validation/bcut3/TTToSemiLeptonic/TTToSemiLeptonic_175.root
hadd Source file 87: /pnfs/knu.ac.kr/data/cms/store/user/junghyun/ttHH/AnalyzerOutput_validation/bcut3/TTToSemiLeptonic/TTToSemiLeptonic_176.root
hadd Source file 88: /pnfs/knu.ac.kr/data/cms/store/user/junghyun/ttHH/AnalyzerOutput_validation/bcut3/TTToSemiLeptonic/TTToSemiLeptonic_177.root
hadd Source file 89: /pnfs/knu.ac.kr/data/cms/store/user/junghyun/ttHH/AnalyzerOutput_validation/bcut3/TTToSemiLeptonic/TTToSemiLeptonic_178.root
hadd Source file 90: /pnfs/knu.ac.kr/data/cms/store/user/junghyun/ttHH/AnalyzerOutput_validation/bcut3/TTToSemiLeptonic/TTToSemiLeptonic_179.root
hadd Source file 91: /pnfs/knu.ac.kr/data/cms/store/user/junghyun/ttHH/AnalyzerOutput_validation/bcut3/TTToSemiLeptonic/TTToSemiLeptonic_18.root
hadd Source file 92: /pnfs/knu.ac.kr/data/cms/store/user/junghyun/ttHH/AnalyzerOutput_validation/bcut3/TTToSemiLeptonic/TTToSemiLeptonic_180.root
hadd Source file 93: /pnfs/knu.ac.kr/data/cms/store/user/junghyun/ttHH/AnalyzerOutput_validation/bcut3/TTToSemiLeptonic/TTToSemiLeptonic_181.root
hadd Source file 94: /pnfs/knu.ac.kr/data/cms/store/user/junghyun/ttHH/AnalyzerOutput_validation/bcut3/TTToSemiLeptonic/TTToSemiLeptonic_182.root
hadd Source file 95: /pnfs/knu.ac.kr/data/cms/store/user/junghyun/ttHH/AnalyzerOutput_validation/bcut3/TTToSemiLeptonic/TTToSemiLeptonic_183.root
hadd Source file 96: /pnfs/knu.ac.kr/data/cms/store/user/junghyun/ttHH/AnalyzerOutput_validation/bcut3/TTToSemiLeptonic/TTToSemiLeptonic_184.root
hadd Source file 97: /pnfs/knu.ac.kr/data/cms/store/user/junghyun/ttHH/AnalyzerOutput_validation/bcut3/TTToSemiLeptonic/TTToSemiLeptonic_185.root
hadd Source file 98: /pnfs/knu.ac.kr/data/cms/store/user/junghyun/ttHH/AnalyzerOutput_validation/bcut3/TTToSemiLeptonic/TTToSemiLeptonic_186.root
hadd Source file 99: /pnfs/knu.ac.kr/data/cms/store/user/junghyun/ttHH/AnalyzerOutput_validation/bcut3/TTToSemiLeptonic/TTToSemiLeptonic_187.root
hadd Source file 100: /pnfs/knu.ac.kr/data/cms/store/user/junghyun/ttHH/AnalyzerOutput_validation/bcut3/TTToSemiLeptonic/TTToSemiLeptonic_188.root
hadd Source file 101: /pnfs/knu.ac.kr/data/cms/store/user/junghyun/ttHH/AnalyzerOutput_validation/bcut3/TTToSemiLeptonic/TTToSemiLeptonic_189.root
hadd Source file 102: /pnfs/knu.ac.kr/data/cms/store/user/junghyun/ttHH/AnalyzerOutput_validation/bcut3/TTToSemiLeptonic/TTToSemiLeptonic_19.root
hadd Source file 103: /pnfs/knu.ac.kr/data/cms/store/user/junghyun/ttHH/AnalyzerOutput_validation/bcut3/TTToSemiLeptonic/TTToSemiLeptonic_190.root
hadd Source file 104: /pnfs/knu.ac.kr/data/cms/store/user/junghyun/ttHH/AnalyzerOutput_validation/bcut3/TTToSemiLeptonic/TTToSemiLeptonic_191.root
hadd Source file 105: /pnfs/knu.ac.kr/data/cms/store/user/junghyun/ttHH/AnalyzerOutput_validation/bcut3/TTToSemiLeptonic/TTToSemiLeptonic_192.root
hadd Source file 106: /pnfs/knu.ac.kr/data/cms/store/user/junghyun/ttHH/AnalyzerOutput_validation/bcut3/TTToSemiLeptonic/TTToSemiLeptonic_193.root
hadd Source file 107: /pnfs/knu.ac.kr/data/cms/store/user/junghyun/ttHH/AnalyzerOutput_validation/bcut3/TTToSemiLeptonic/TTToSemiLeptonic_194.root
hadd Source file 108: /pnfs/knu.ac.kr/data/cms/store/user/junghyun/ttHH/AnalyzerOutput_validation/bcut3/TTToSemiLeptonic/TTToSemiLeptonic_195.root
hadd Source file 109: /pnfs/knu.ac.kr/data/cms/store/user/junghyun/ttHH/AnalyzerOutput_validation/bcut3/TTToSemiLeptonic/TTToSemiLeptonic_196.root
hadd Source file 110: /pnfs/knu.ac.kr/data/cms/store/user/junghyun/ttHH/AnalyzerOutput_validation/bcut3/TTToSemiLeptonic/TTToSemiLeptonic_197.root
hadd Source file 111: /pnfs/knu.ac.kr/data/cms/store/user/junghyun/ttHH/AnalyzerOutput_validation/bcut3/TTToSemiLeptonic/TTToSemiLeptonic_198.root
hadd Source file 112: /pnfs/knu.ac.kr/data/cms/store/user/junghyun/ttHH/AnalyzerOutput_validation/bcut3/TTToSemiLeptonic/TTToSemiLeptonic_199.root
hadd Source file 113: /pnfs/knu.ac.kr/data/cms/store/user/junghyun/ttHH/AnalyzerOutput_validation/bcut3/TTToSemiLeptonic/TTToSemiLeptonic_2.root
hadd Source file 114: /pnfs/knu.ac.kr/data/cms/store/user/junghyun/ttHH/AnalyzerOutput_validation/bcut3/TTToSemiLeptonic/TTToSemiLeptonic_20.root
hadd Source file 115: /pnfs/knu.ac.kr/data/cms/store/user/junghyun/ttHH/AnalyzerOutput_validation/bcut3/TTToSemiLeptonic/TTToSemiLeptonic_200.root
hadd Source file 116: /pnfs/knu.ac.kr/data/cms/store/user/junghyun/ttHH/AnalyzerOutput_validation/bcut3/TTToSemiLeptonic/TTToSemiLeptonic_201.root
hadd Source file 117: /pnfs/knu.ac.kr/data/cms/store/user/junghyun/ttHH/AnalyzerOutput_validation/bcut3/TTToSemiLeptonic/TTToSemiLeptonic_202.root
hadd Source file 118: /pnfs/knu.ac.kr/data/cms/store/user/junghyun/ttHH/AnalyzerOutput_validation/bcut3/TTToSemiLeptonic/TTToSemiLeptonic_203.root
hadd Source file 119: /pnfs/knu.ac.kr/data/cms/store/user/junghyun/ttHH/AnalyzerOutput_validation/bcut3/TTToSemiLeptonic/TTToSemiLeptonic_204.root
hadd Source file 120: /pnfs/knu.ac.kr/data/cms/store/user/junghyun/ttHH/AnalyzerOutput_validation/bcut3/TTToSemiLeptonic/TTToSemiLeptonic_205.root
hadd Source file 121: /pnfs/knu.ac.kr/data/cms/store/user/junghyun/ttHH/AnalyzerOutput_validation/bcut3/TTToSemiLeptonic/TTToSemiLeptonic_206.root
hadd Source file 122: /pnfs/knu.ac.kr/data/cms/store/user/junghyun/ttHH/AnalyzerOutput_validation/bcut3/TTToSemiLeptonic/TTToSemiLeptonic_207.root
hadd Source file 123: /pnfs/knu.ac.kr/data/cms/store/user/junghyun/ttHH/AnalyzerOutput_validation/bcut3/TTToSemiLeptonic/TTToSemiLeptonic_208.root
hadd Source file 124: /pnfs/knu.ac.kr/data/cms/store/user/junghyun/ttHH/AnalyzerOutput_validation/bcut3/TTToSemiLeptonic/TTToSemiLeptonic_209.root
hadd Source file 125: /pnfs/knu.ac.kr/data/cms/store/user/junghyun/ttHH/AnalyzerOutput_validation/bcut3/TTToSemiLeptonic/TTToSemiLeptonic_21.root
hadd Source file 126: /pnfs/knu.ac.kr/data/cms/store/user/junghyun/ttHH/AnalyzerOutput_validation/bcut3/TTToSemiLeptonic/TTToSemiLeptonic_210.root
hadd Source file 127: /pnfs/knu.ac.kr/data/cms/store/user/junghyun/ttHH/AnalyzerOutput_validation/bcut3/TTToSemiLeptonic/TTToSemiLeptonic_211.root
hadd Source file 128: /pnfs/knu.ac.kr/data/cms/store/user/junghyun/ttHH/AnalyzerOutput_validation/bcut3/TTToSemiLeptonic/TTToSemiLeptonic_212.root
hadd Source file 129: /pnfs/knu.ac.kr/data/cms/store/user/junghyun/ttHH/AnalyzerOutput_validation/bcut3/TTToSemiLeptonic/TTToSemiLeptonic_213.root
hadd Source file 130: /pnfs/knu.ac.kr/data/cms/store/user/junghyun/ttHH/AnalyzerOutput_validation/bcut3/TTToSemiLeptonic/TTToSemiLeptonic_214.root
hadd Source file 131: /pnfs/knu.ac.kr/data/cms/store/user/junghyun/ttHH/AnalyzerOutput_validation/bcut3/TTToSemiLeptonic/TTToSemiLeptonic_215.root
hadd Source file 132: /pnfs/knu.ac.kr/data/cms/store/user/junghyun/ttHH/AnalyzerOutput_validation/bcut3/TTToSemiLeptonic/TTToSemiLeptonic_216.root
hadd Source file 133: /pnfs/knu.ac.kr/data/cms/store/user/junghyun/ttHH/AnalyzerOutput_validation/bcut3/TTToSemiLeptonic/TTToSemiLeptonic_217.root
hadd Source file 134: /pnfs/knu.ac.kr/data/cms/store/user/junghyun/ttHH/AnalyzerOutput_validation/bcut3/TTToSemiLeptonic/TTToSemiLeptonic_218.root
hadd Source file 135: /pnfs/knu.ac.kr/data/cms/store/user/junghyun/ttHH/AnalyzerOutput_validation/bcut3/TTToSemiLeptonic/TTToSemiLeptonic_219.root
hadd Source file 136: /pnfs/knu.ac.kr/data/cms/store/user/junghyun/ttHH/AnalyzerOutput_validation/bcut3/TTToSemiLeptonic/TTToSemiLeptonic_22.root
hadd Source file 137: /pnfs/knu.ac.kr/data/cms/store/user/junghyun/ttHH/AnalyzerOutput_validation/bcut3/TTToSemiLeptonic/TTToSemiLeptonic_220.root
hadd Source file 138: /pnfs/knu.ac.kr/data/cms/store/user/junghyun/ttHH/AnalyzerOutput_validation/bcut3/TTToSemiLeptonic/TTToSemiLeptonic_221.root
hadd Source file 139: /pnfs/knu.ac.kr/data/cms/store/user/junghyun/ttHH/AnalyzerOutput_validation/bcut3/TTToSemiLeptonic/TTToSemiLeptonic_222.root
hadd Source file 140: /pnfs/knu.ac.kr/data/cms/store/user/junghyun/ttHH/AnalyzerOutput_validation/bcut3/TTToSemiLeptonic/TTToSemiLeptonic_223.root
hadd Source file 141: /pnfs/knu.ac.kr/data/cms/store/user/junghyun/ttHH/AnalyzerOutput_validation/bcut3/TTToSemiLeptonic/TTToSemiLeptonic_224.root
hadd Source file 142: /pnfs/knu.ac.kr/data/cms/store/user/junghyun/ttHH/AnalyzerOutput_validation/bcut3/TTToSemiLeptonic/TTToSemiLeptonic_225.root
hadd Source file 143: /pnfs/knu.ac.kr/data/cms/store/user/junghyun/ttHH/AnalyzerOutput_validation/bcut3/TTToSemiLeptonic/TTToSemiLeptonic_226.root
hadd Source file 144: /pnfs/knu.ac.kr/data/cms/store/user/junghyun/ttHH/AnalyzerOutput_validation/bcut3/TTToSemiLeptonic/TTToSemiLeptonic_227.root
hadd Source file 145: /pnfs/knu.ac.kr/data/cms/store/user/junghyun/ttHH/AnalyzerOutput_validation/bcut3/TTToSemiLeptonic/TTToSemiLeptonic_228.root
hadd Source file 146: /pnfs/knu.ac.kr/data/cms/store/user/junghyun/ttHH/AnalyzerOutput_validation/bcut3/TTToSemiLeptonic/TTToSemiLeptonic_229.root
hadd Source file 147: /pnfs/knu.ac.kr/data/cms/store/user/junghyun/ttHH/AnalyzerOutput_validation/bcut3/TTToSemiLeptonic/TTToSemiLeptonic_23.root
hadd Source file 148: /pnfs/knu.ac.kr/data/cms/store/user/junghyun/ttHH/AnalyzerOutput_validation/bcut3/TTToSemiLeptonic/TTToSemiLeptonic_230.root
hadd Source file 149: /pnfs/knu.ac.kr/data/cms/store/user/junghyun/ttHH/AnalyzerOutput_validation/bcut3/TTToSemiLeptonic/TTToSemiLeptonic_231.root
hadd Source file 150: /pnfs/knu.ac.kr/data/cms/store/user/junghyun/ttHH/AnalyzerOutput_validation/bcut3/TTToSemiLeptonic/TTToSemiLeptonic_232.root
hadd Source file 151: /pnfs/knu.ac.kr/data/cms/store/user/junghyun/ttHH/AnalyzerOutput_validation/bcut3/TTToSemiLeptonic/TTToSemiLeptonic_233.root
hadd Source file 152: /pnfs/knu.ac.kr/data/cms/store/user/junghyun/ttHH/AnalyzerOutput_validation/bcut3/TTToSemiLeptonic/TTToSemiLeptonic_234.root
hadd Source file 153: /pnfs/knu.ac.kr/data/cms/store/user/junghyun/ttHH/AnalyzerOutput_validation/bcut3/TTToSemiLeptonic/TTToSemiLeptonic_235.root
hadd Source file 154: /pnfs/knu.ac.kr/data/cms/store/user/junghyun/ttHH/AnalyzerOutput_validation/bcut3/TTToSemiLeptonic/TTToSemiLeptonic_236.root
hadd Source file 155: /pnfs/knu.ac.kr/data/cms/store/user/junghyun/ttHH/AnalyzerOutput_validation/bcut3/TTToSemiLeptonic/TTToSemiLeptonic_237.root
hadd Source file 156: /pnfs/knu.ac.kr/data/cms/store/user/junghyun/ttHH/AnalyzerOutput_validation/bcut3/TTToSemiLeptonic/TTToSemiLeptonic_238.root
hadd Source file 157: /pnfs/knu.ac.kr/data/cms/store/user/junghyun/ttHH/AnalyzerOutput_validation/bcut3/TTToSemiLeptonic/TTToSemiLeptonic_239.root
hadd Source file 158: /pnfs/knu.ac.kr/data/cms/store/user/junghyun/ttHH/AnalyzerOutput_validation/bcut3/TTToSemiLeptonic/TTToSemiLeptonic_24.root
hadd Source file 159: /pnfs/knu.ac.kr/data/cms/store/user/junghyun/ttHH/AnalyzerOutput_validation/bcut3/TTToSemiLeptonic/TTToSemiLeptonic_240.root
hadd Source file 160: /pnfs/knu.ac.kr/data/cms/store/user/junghyun/ttHH/AnalyzerOutput_validation/bcut3/TTToSemiLeptonic/TTToSemiLeptonic_241.root
hadd Source file 161: /pnfs/knu.ac.kr/data/cms/store/user/junghyun/ttHH/AnalyzerOutput_validation/bcut3/TTToSemiLeptonic/TTToSemiLeptonic_242.root
hadd Source file 162: /pnfs/knu.ac.kr/data/cms/store/user/junghyun/ttHH/AnalyzerOutput_validation/bcut3/TTToSemiLeptonic/TTToSemiLeptonic_243.root
hadd Source file 163: /pnfs/knu.ac.kr/data/cms/store/user/junghyun/ttHH/AnalyzerOutput_validation/bcut3/TTToSemiLeptonic/TTToSemiLeptonic_244.root
hadd Source file 164: /pnfs/knu.ac.kr/data/cms/store/user/junghyun/ttHH/AnalyzerOutput_validation/bcut3/TTToSemiLeptonic/TTToSemiLeptonic_245.root
hadd Source file 165: /pnfs/knu.ac.kr/data/cms/store/user/junghyun/ttHH/AnalyzerOutput_validation/bcut3/TTToSemiLeptonic/TTToSemiLeptonic_246.root
hadd Source file 166: /pnfs/knu.ac.kr/data/cms/store/user/junghyun/ttHH/AnalyzerOutput_validation/bcut3/TTToSemiLeptonic/TTToSemiLeptonic_247.root
hadd Source file 167: /pnfs/knu.ac.kr/data/cms/store/user/junghyun/ttHH/AnalyzerOutput_validation/bcut3/TTToSemiLeptonic/TTToSemiLeptonic_248.root
hadd Source file 168: /pnfs/knu.ac.kr/data/cms/store/user/junghyun/ttHH/AnalyzerOutput_validation/bcut3/TTToSemiLeptonic/TTToSemiLeptonic_249.root
hadd Source file 169: /pnfs/knu.ac.kr/data/cms/store/user/junghyun/ttHH/AnalyzerOutput_validation/bcut3/TTToSemiLeptonic/TTToSemiLeptonic_25.root
hadd Source file 170: /pnfs/knu.ac.kr/data/cms/store/user/junghyun/ttHH/AnalyzerOutput_validation/bcut3/TTToSemiLeptonic/TTToSemiLeptonic_250.root
hadd Source file 171: /pnfs/knu.ac.kr/data/cms/store/user/junghyun/ttHH/AnalyzerOutput_validation/bcut3/TTToSemiLeptonic/TTToSemiLeptonic_251.root
hadd Source file 172: /pnfs/knu.ac.kr/data/cms/store/user/junghyun/ttHH/AnalyzerOutput_validation/bcut3/TTToSemiLeptonic/TTToSemiLeptonic_252.root
hadd Source file 173: /pnfs/knu.ac.kr/data/cms/store/user/junghyun/ttHH/AnalyzerOutput_validation/bcut3/TTToSemiLeptonic/TTToSemiLeptonic_253.root
hadd Source file 174: /pnfs/knu.ac.kr/data/cms/store/user/junghyun/ttHH/AnalyzerOutput_validation/bcut3/TTToSemiLeptonic/TTToSemiLeptonic_254.root
hadd Source file 175: /pnfs/knu.ac.kr/data/cms/store/user/junghyun/ttHH/AnalyzerOutput_validation/bcut3/TTToSemiLeptonic/TTToSemiLeptonic_255.root
hadd Source file 176: /pnfs/knu.ac.kr/data/cms/store/user/junghyun/ttHH/AnalyzerOutput_validation/bcut3/TTToSemiLeptonic/TTToSemiLeptonic_256.root
hadd Source file 177: /pnfs/knu.ac.kr/data/cms/store/user/junghyun/ttHH/AnalyzerOutput_validation/bcut3/TTToSemiLeptonic/TTToSemiLeptonic_257.root
hadd Source file 178: /pnfs/knu.ac.kr/data/cms/store/user/junghyun/ttHH/AnalyzerOutput_validation/bcut3/TTToSemiLeptonic/TTToSemiLeptonic_258.root
hadd Source file 179: /pnfs/knu.ac.kr/data/cms/store/user/junghyun/ttHH/AnalyzerOutput_validation/bcut3/TTToSemiLeptonic/TTToSemiLeptonic_259.root
hadd Source file 180: /pnfs/knu.ac.kr/data/cms/store/user/junghyun/ttHH/AnalyzerOutput_validation/bcut3/TTToSemiLeptonic/TTToSemiLeptonic_26.root
hadd Source file 181: /pnfs/knu.ac.kr/data/cms/store/user/junghyun/ttHH/AnalyzerOutput_validation/bcut3/TTToSemiLeptonic/TTToSemiLeptonic_260.root
hadd Source file 182: /pnfs/knu.ac.kr/data/cms/store/user/junghyun/ttHH/AnalyzerOutput_validation/bcut3/TTToSemiLeptonic/TTToSemiLeptonic_261.root
hadd Source file 183: /pnfs/knu.ac.kr/data/cms/store/user/junghyun/ttHH/AnalyzerOutput_validation/bcut3/TTToSemiLeptonic/TTToSemiLeptonic_262.root
hadd Source file 184: /pnfs/knu.ac.kr/data/cms/store/user/junghyun/ttHH/AnalyzerOutput_validation/bcut3/TTToSemiLeptonic/TTToSemiLeptonic_263.root
hadd Source file 185: /pnfs/knu.ac.kr/data/cms/store/user/junghyun/ttHH/AnalyzerOutput_validation/bcut3/TTToSemiLeptonic/TTToSemiLeptonic_264.root
hadd Source file 186: /pnfs/knu.ac.kr/data/cms/store/user/junghyun/ttHH/AnalyzerOutput_validation/bcut3/TTToSemiLeptonic/TTToSemiLeptonic_265.root
hadd Source file 187: /pnfs/knu.ac.kr/data/cms/store/user/junghyun/ttHH/AnalyzerOutput_validation/bcut3/TTToSemiLeptonic/TTToSemiLeptonic_266.root
hadd Source file 188: /pnfs/knu.ac.kr/data/cms/store/user/junghyun/ttHH/AnalyzerOutput_validation/bcut3/TTToSemiLeptonic/TTToSemiLeptonic_267.root
hadd Source file 189: /pnfs/knu.ac.kr/data/cms/store/user/junghyun/ttHH/AnalyzerOutput_validation/bcut3/TTToSemiLeptonic/TTToSemiLeptonic_268.root
hadd Source file 190: /pnfs/knu.ac.kr/data/cms/store/user/junghyun/ttHH/AnalyzerOutput_validation/bcut3/TTToSemiLeptonic/TTToSemiLeptonic_269.root
hadd Source file 191: /pnfs/knu.ac.kr/data/cms/store/user/junghyun/ttHH/AnalyzerOutput_validation/bcut3/TTToSemiLeptonic/TTToSemiLeptonic_27.root
hadd Source file 192: /pnfs/knu.ac.kr/data/cms/store/user/junghyun/ttHH/AnalyzerOutput_validation/bcut3/TTToSemiLeptonic/TTToSemiLeptonic_270.root
hadd Source file 193: /pnfs/knu.ac.kr/data/cms/store/user/junghyun/ttHH/AnalyzerOutput_validation/bcut3/TTToSemiLeptonic/TTToSemiLeptonic_271.root
hadd Source file 194: /pnfs/knu.ac.kr/data/cms/store/user/junghyun/ttHH/AnalyzerOutput_validation/bcut3/TTToSemiLeptonic/TTToSemiLeptonic_272.root
hadd Source file 195: /pnfs/knu.ac.kr/data/cms/store/user/junghyun/ttHH/AnalyzerOutput_validation/bcut3/TTToSemiLeptonic/TTToSemiLeptonic_273.root
hadd Source file 196: /pnfs/knu.ac.kr/data/cms/store/user/junghyun/ttHH/AnalyzerOutput_validation/bcut3/TTToSemiLeptonic/TTToSemiLeptonic_274.root
hadd Source file 197: /pnfs/knu.ac.kr/data/cms/store/user/junghyun/ttHH/AnalyzerOutput_validation/bcut3/TTToSemiLeptonic/TTToSemiLeptonic_275.root
hadd Source file 198: /pnfs/knu.ac.kr/data/cms/store/user/junghyun/ttHH/AnalyzerOutput_validation/bcut3/TTToSemiLeptonic/TTToSemiLeptonic_276.root
hadd Source file 199: /pnfs/knu.ac.kr/data/cms/store/user/junghyun/ttHH/AnalyzerOutput_validation/bcut3/TTToSemiLeptonic/TTToSemiLeptonic_277.root
hadd Source file 200: /pnfs/knu.ac.kr/data/cms/store/user/junghyun/ttHH/AnalyzerOutput_validation/bcut3/TTToSemiLeptonic/TTToSemiLeptonic_278.root
hadd Source file 201: /pnfs/knu.ac.kr/data/cms/store/user/junghyun/ttHH/AnalyzerOutput_validation/bcut3/TTToSemiLeptonic/TTToSemiLeptonic_279.root
hadd Source file 202: /pnfs/knu.ac.kr/data/cms/store/user/junghyun/ttHH/AnalyzerOutput_validation/bcut3/TTToSemiLeptonic/TTToSemiLeptonic_28.root
hadd Source file 203: /pnfs/knu.ac.kr/data/cms/store/user/junghyun/ttHH/AnalyzerOutput_validation/bcut3/TTToSemiLeptonic/TTToSemiLeptonic_280.root
hadd Source file 204: /pnfs/knu.ac.kr/data/cms/store/user/junghyun/ttHH/AnalyzerOutput_validation/bcut3/TTToSemiLeptonic/TTToSemiLeptonic_281.root
hadd Source file 205: /pnfs/knu.ac.kr/data/cms/store/user/junghyun/ttHH/AnalyzerOutput_validation/bcut3/TTToSemiLeptonic/TTToSemiLeptonic_282.root
hadd Source file 206: /pnfs/knu.ac.kr/data/cms/store/user/junghyun/ttHH/AnalyzerOutput_validation/bcut3/TTToSemiLeptonic/TTToSemiLeptonic_283.root
hadd Source file 207: /pnfs/knu.ac.kr/data/cms/store/user/junghyun/ttHH/AnalyzerOutput_validation/bcut3/TTToSemiLeptonic/TTToSemiLeptonic_284.root
hadd Source file 208: /pnfs/knu.ac.kr/data/cms/store/user/junghyun/ttHH/AnalyzerOutput_validation/bcut3/TTToSemiLeptonic/TTToSemiLeptonic_285.root
hadd Source file 209: /pnfs/knu.ac.kr/data/cms/store/user/junghyun/ttHH/AnalyzerOutput_validation/bcut3/TTToSemiLeptonic/TTToSemiLeptonic_286.root
hadd Source file 210: /pnfs/knu.ac.kr/data/cms/store/user/junghyun/ttHH/AnalyzerOutput_validation/bcut3/TTToSemiLeptonic/TTToSemiLeptonic_287.root
hadd Source file 211: /pnfs/knu.ac.kr/data/cms/store/user/junghyun/ttHH/AnalyzerOutput_validation/bcut3/TTToSemiLeptonic/TTToSemiLeptonic_288.root
hadd Source file 212: /pnfs/knu.ac.kr/data/cms/store/user/junghyun/ttHH/AnalyzerOutput_validation/bcut3/TTToSemiLeptonic/TTToSemiLeptonic_289.root
hadd Source file 213: /pnfs/knu.ac.kr/data/cms/store/user/junghyun/ttHH/AnalyzerOutput_validation/bcut3/TTToSemiLeptonic/TTToSemiLeptonic_29.root
hadd Source file 214: /pnfs/knu.ac.kr/data/cms/store/user/junghyun/ttHH/AnalyzerOutput_validation/bcut3/TTToSemiLeptonic/TTToSemiLeptonic_290.root
hadd Source file 215: /pnfs/knu.ac.kr/data/cms/store/user/junghyun/ttHH/AnalyzerOutput_validation/bcut3/TTToSemiLeptonic/TTToSemiLeptonic_291.root
hadd Source file 216: /pnfs/knu.ac.kr/data/cms/store/user/junghyun/ttHH/AnalyzerOutput_validation/bcut3/TTToSemiLeptonic/TTToSemiLeptonic_292.root
hadd Source file 217: /pnfs/knu.ac.kr/data/cms/store/user/junghyun/ttHH/AnalyzerOutput_validation/bcut3/TTToSemiLeptonic/TTToSemiLeptonic_293.root
hadd Source file 218: /pnfs/knu.ac.kr/data/cms/store/user/junghyun/ttHH/AnalyzerOutput_validation/bcut3/TTToSemiLeptonic/TTToSemiLeptonic_294.root
hadd Source file 219: /pnfs/knu.ac.kr/data/cms/store/user/junghyun/ttHH/AnalyzerOutput_validation/bcut3/TTToSemiLeptonic/TTToSemiLeptonic_295.root
hadd Source file 220: /pnfs/knu.ac.kr/data/cms/store/user/junghyun/ttHH/AnalyzerOutput_validation/bcut3/TTToSemiLeptonic/TTToSemiLeptonic_296.root
hadd Source file 221: /pnfs/knu.ac.kr/data/cms/store/user/junghyun/ttHH/AnalyzerOutput_validation/bcut3/TTToSemiLeptonic/TTToSemiLeptonic_3.root
hadd Source file 222: /pnfs/knu.ac.kr/data/cms/store/user/junghyun/ttHH/AnalyzerOutput_validation/bcut3/TTToSemiLeptonic/TTToSemiLeptonic_30.root
hadd Source file 223: /pnfs/knu.ac.kr/data/cms/store/user/junghyun/ttHH/AnalyzerOutput_validation/bcut3/TTToSemiLeptonic/TTToSemiLeptonic_31.root
hadd Source file 224: /pnfs/knu.ac.kr/data/cms/store/user/junghyun/ttHH/AnalyzerOutput_validation/bcut3/TTToSemiLeptonic/TTToSemiLeptonic_32.root
hadd Source file 225: /pnfs/knu.ac.kr/data/cms/store/user/junghyun/ttHH/AnalyzerOutput_validation/bcut3/TTToSemiLeptonic/TTToSemiLeptonic_33.root
hadd Source file 226: /pnfs/knu.ac.kr/data/cms/store/user/junghyun/ttHH/AnalyzerOutput_validation/bcut3/TTToSemiLeptonic/TTToSemiLeptonic_34.root
hadd Source file 227: /pnfs/knu.ac.kr/data/cms/store/user/junghyun/ttHH/AnalyzerOutput_validation/bcut3/TTToSemiLeptonic/TTToSemiLeptonic_35.root
hadd Source file 228: /pnfs/knu.ac.kr/data/cms/store/user/junghyun/ttHH/AnalyzerOutput_validation/bcut3/TTToSemiLeptonic/TTToSemiLeptonic_36.root
hadd Source file 229: /pnfs/knu.ac.kr/data/cms/store/user/junghyun/ttHH/AnalyzerOutput_validation/bcut3/TTToSemiLeptonic/TTToSemiLeptonic_37.root
hadd Source file 230: /pnfs/knu.ac.kr/data/cms/store/user/junghyun/ttHH/AnalyzerOutput_validation/bcut3/TTToSemiLeptonic/TTToSemiLeptonic_38.root
hadd Source file 231: /pnfs/knu.ac.kr/data/cms/store/user/junghyun/ttHH/AnalyzerOutput_validation/bcut3/TTToSemiLeptonic/TTToSemiLeptonic_39.root
hadd Source file 232: /pnfs/knu.ac.kr/data/cms/store/user/junghyun/ttHH/AnalyzerOutput_validation/bcut3/TTToSemiLeptonic/TTToSemiLeptonic_4.root
hadd Source file 233: /pnfs/knu.ac.kr/data/cms/store/user/junghyun/ttHH/AnalyzerOutput_validation/bcut3/TTToSemiLeptonic/TTToSemiLeptonic_40.root
hadd Source file 234: /pnfs/knu.ac.kr/data/cms/store/user/junghyun/ttHH/AnalyzerOutput_validation/bcut3/TTToSemiLeptonic/TTToSemiLeptonic_41.root
hadd Source file 235: /pnfs/knu.ac.kr/data/cms/store/user/junghyun/ttHH/AnalyzerOutput_validation/bcut3/TTToSemiLeptonic/TTToSemiLeptonic_42.root
hadd Source file 236: /pnfs/knu.ac.kr/data/cms/store/user/junghyun/ttHH/AnalyzerOutput_validation/bcut3/TTToSemiLeptonic/TTToSemiLeptonic_43.root
hadd Source file 237: /pnfs/knu.ac.kr/data/cms/store/user/junghyun/ttHH/AnalyzerOutput_validation/bcut3/TTToSemiLeptonic/TTToSemiLeptonic_44.root
hadd Source file 238: /pnfs/knu.ac.kr/data/cms/store/user/junghyun/ttHH/AnalyzerOutput_validation/bcut3/TTToSemiLeptonic/TTToSemiLeptonic_45.root
hadd Source file 239: /pnfs/knu.ac.kr/data/cms/store/user/junghyun/ttHH/AnalyzerOutput_validation/bcut3/TTToSemiLeptonic/TTToSemiLeptonic_46.root
hadd Source file 240: /pnfs/knu.ac.kr/data/cms/store/user/junghyun/ttHH/AnalyzerOutput_validation/bcut3/TTToSemiLeptonic/TTToSemiLeptonic_47.root
hadd Source file 241: /pnfs/knu.ac.kr/data/cms/store/user/junghyun/ttHH/AnalyzerOutput_validation/bcut3/TTToSemiLeptonic/TTToSemiLeptonic_48.root
hadd Source file 242: /pnfs/knu.ac.kr/data/cms/store/user/junghyun/ttHH/AnalyzerOutput_validation/bcut3/TTToSemiLeptonic/TTToSemiLeptonic_49.root
hadd Source file 243: /pnfs/knu.ac.kr/data/cms/store/user/junghyun/ttHH/AnalyzerOutput_validation/bcut3/TTToSemiLeptonic/TTToSemiLeptonic_5.root
hadd Source file 244: /pnfs/knu.ac.kr/data/cms/store/user/junghyun/ttHH/AnalyzerOutput_validation/bcut3/TTToSemiLeptonic/TTToSemiLeptonic_50.root
hadd Source file 245: /pnfs/knu.ac.kr/data/cms/store/user/junghyun/ttHH/AnalyzerOutput_validation/bcut3/TTToSemiLeptonic/TTToSemiLeptonic_51.root
hadd Source file 246: /pnfs/knu.ac.kr/data/cms/store/user/junghyun/ttHH/AnalyzerOutput_validation/bcut3/TTToSemiLeptonic/TTToSemiLeptonic_52.root
hadd Source file 247: /pnfs/knu.ac.kr/data/cms/store/user/junghyun/ttHH/AnalyzerOutput_validation/bcut3/TTToSemiLeptonic/TTToSemiLeptonic_53.root
hadd Source file 248: /pnfs/knu.ac.kr/data/cms/store/user/junghyun/ttHH/AnalyzerOutput_validation/bcut3/TTToSemiLeptonic/TTToSemiLeptonic_54.root
hadd Source file 249: /pnfs/knu.ac.kr/data/cms/store/user/junghyun/ttHH/AnalyzerOutput_validation/bcut3/TTToSemiLeptonic/TTToSemiLeptonic_55.root
hadd Source file 250: /pnfs/knu.ac.kr/data/cms/store/user/junghyun/ttHH/AnalyzerOutput_validation/bcut3/TTToSemiLeptonic/TTToSemiLeptonic_56.root
hadd Source file 251: /pnfs/knu.ac.kr/data/cms/store/user/junghyun/ttHH/AnalyzerOutput_validation/bcut3/TTToSemiLeptonic/TTToSemiLeptonic_57.root
hadd Source file 252: /pnfs/knu.ac.kr/data/cms/store/user/junghyun/ttHH/AnalyzerOutput_validation/bcut3/TTToSemiLeptonic/TTToSemiLeptonic_58.root
hadd Source file 253: /pnfs/knu.ac.kr/data/cms/store/user/junghyun/ttHH/AnalyzerOutput_validation/bcut3/TTToSemiLeptonic/TTToSemiLeptonic_59.root
hadd Source file 254: /pnfs/knu.ac.kr/data/cms/store/user/junghyun/ttHH/AnalyzerOutput_validation/bcut3/TTToSemiLeptonic/TTToSemiLeptonic_6.root
hadd Source file 255: /pnfs/knu.ac.kr/data/cms/store/user/junghyun/ttHH/AnalyzerOutput_validation/bcut3/TTToSemiLeptonic/TTToSemiLeptonic_60.root
hadd Source file 256: /pnfs/knu.ac.kr/data/cms/store/user/junghyun/ttHH/AnalyzerOutput_validation/bcut3/TTToSemiLeptonic/TTToSemiLeptonic_61.root
hadd Source file 257: /pnfs/knu.ac.kr/data/cms/store/user/junghyun/ttHH/AnalyzerOutput_validation/bcut3/TTToSemiLeptonic/TTToSemiLeptonic_62.root
hadd Source file 258: /pnfs/knu.ac.kr/data/cms/store/user/junghyun/ttHH/AnalyzerOutput_validation/bcut3/TTToSemiLeptonic/TTToSemiLeptonic_63.root
hadd Source file 259: /pnfs/knu.ac.kr/data/cms/store/user/junghyun/ttHH/AnalyzerOutput_validation/bcut3/TTToSemiLeptonic/TTToSemiLeptonic_64.root
hadd Source file 260: /pnfs/knu.ac.kr/data/cms/store/user/junghyun/ttHH/AnalyzerOutput_validation/bcut3/TTToSemiLeptonic/TTToSemiLeptonic_65.root
hadd Source file 261: /pnfs/knu.ac.kr/data/cms/store/user/junghyun/ttHH/AnalyzerOutput_validation/bcut3/TTToSemiLeptonic/TTToSemiLeptonic_66.root
hadd Source file 262: /pnfs/knu.ac.kr/data/cms/store/user/junghyun/ttHH/AnalyzerOutput_validation/bcut3/TTToSemiLeptonic/TTToSemiLeptonic_67.root
hadd Source file 263: /pnfs/knu.ac.kr/data/cms/store/user/junghyun/ttHH/AnalyzerOutput_validation/bcut3/TTToSemiLeptonic/TTToSemiLeptonic_68.root
hadd Source file 264: /pnfs/knu.ac.kr/data/cms/store/user/junghyun/ttHH/AnalyzerOutput_validation/bcut3/TTToSemiLeptonic/TTToSemiLeptonic_69.root
hadd Source file 265: /pnfs/knu.ac.kr/data/cms/store/user/junghyun/ttHH/AnalyzerOutput_validation/bcut3/TTToSemiLeptonic/TTToSemiLeptonic_7.root
hadd Source file 266: /pnfs/knu.ac.kr/data/cms/store/user/junghyun/ttHH/AnalyzerOutput_validation/bcut3/TTToSemiLeptonic/TTToSemiLeptonic_70.root
hadd Source file 267: /pnfs/knu.ac.kr/data/cms/store/user/junghyun/ttHH/AnalyzerOutput_validation/bcut3/TTToSemiLeptonic/TTToSemiLeptonic_71.root
hadd Source file 268: /pnfs/knu.ac.kr/data/cms/store/user/junghyun/ttHH/AnalyzerOutput_validation/bcut3/TTToSemiLeptonic/TTToSemiLeptonic_72.root
hadd Source file 269: /pnfs/knu.ac.kr/data/cms/store/user/junghyun/ttHH/AnalyzerOutput_validation/bcut3/TTToSemiLeptonic/TTToSemiLeptonic_73.root
hadd Source file 270: /pnfs/knu.ac.kr/data/cms/store/user/junghyun/ttHH/AnalyzerOutput_validation/bcut3/TTToSemiLeptonic/TTToSemiLeptonic_74.root
hadd Source file 271: /pnfs/knu.ac.kr/data/cms/store/user/junghyun/ttHH/AnalyzerOutput_validation/bcut3/TTToSemiLeptonic/TTToSemiLeptonic_75.root
hadd Source file 272: /pnfs/knu.ac.kr/data/cms/store/user/junghyun/ttHH/AnalyzerOutput_validation/bcut3/TTToSemiLeptonic/TTToSemiLeptonic_76.root
hadd Source file 273: /pnfs/knu.ac.kr/data/cms/store/user/junghyun/ttHH/AnalyzerOutput_validation/bcut3/TTToSemiLeptonic/TTToSemiLeptonic_77.root
hadd Source file 274: /pnfs/knu.ac.kr/data/cms/store/user/junghyun/ttHH/AnalyzerOutput_validation/bcut3/TTToSemiLeptonic/TTToSemiLeptonic_78.root
hadd Source file 275: /pnfs/knu.ac.kr/data/cms/store/user/junghyun/ttHH/AnalyzerOutput_validation/bcut3/TTToSemiLeptonic/TTToSemiLeptonic_79.root
hadd Source file 276: /pnfs/knu.ac.kr/data/cms/store/user/junghyun/ttHH/AnalyzerOutput_validation/bcut3/TTToSemiLeptonic/TTToSemiLeptonic_8.root
hadd Source file 277: /pnfs/knu.ac.kr/data/cms/store/user/junghyun/ttHH/AnalyzerOutput_validation/bcut3/TTToSemiLeptonic/TTToSemiLeptonic_80.root
hadd Source file 278: /pnfs/knu.ac.kr/data/cms/store/user/junghyun/ttHH/AnalyzerOutput_validation/bcut3/TTToSemiLeptonic/TTToSemiLeptonic_81.root
hadd Source file 279: /pnfs/knu.ac.kr/data/cms/store/user/junghyun/ttHH/AnalyzerOutput_validation/bcut3/TTToSemiLeptonic/TTToSemiLeptonic_82.root
hadd Source file 280: /pnfs/knu.ac.kr/data/cms/store/user/junghyun/ttHH/AnalyzerOutput_validation/bcut3/TTToSemiLeptonic/TTToSemiLeptonic_83.root
hadd Source file 281: /pnfs/knu.ac.kr/data/cms/store/user/junghyun/ttHH/AnalyzerOutput_validation/bcut3/TTToSemiLeptonic/TTToSemiLeptonic_84.root
hadd Source file 282: /pnfs/knu.ac.kr/data/cms/store/user/junghyun/ttHH/AnalyzerOutput_validation/bcut3/TTToSemiLeptonic/TTToSemiLeptonic_85.root
hadd Source file 283: /pnfs/knu.ac.kr/data/cms/store/user/junghyun/ttHH/AnalyzerOutput_validation/bcut3/TTToSemiLeptonic/TTToSemiLeptonic_86.root
hadd Source file 284: /pnfs/knu.ac.kr/data/cms/store/user/junghyun/ttHH/AnalyzerOutput_validation/bcut3/TTToSemiLeptonic/TTToSemiLeptonic_87.root
hadd Source file 285: /pnfs/knu.ac.kr/data/cms/store/user/junghyun/ttHH/AnalyzerOutput_validation/bcut3/TTToSemiLeptonic/TTToSemiLeptonic_88.root
hadd Source file 286: /pnfs/knu.ac.kr/data/cms/store/user/junghyun/ttHH/AnalyzerOutput_validation/bcut3/TTToSemiLeptonic/TTToSemiLeptonic_89.root
hadd Source file 287: /pnfs/knu.ac.kr/data/cms/store/user/junghyun/ttHH/AnalyzerOutput_validation/bcut3/TTToSemiLeptonic/TTToSemiLeptonic_9.root
hadd Source file 288: /pnfs/knu.ac.kr/data/cms/store/user/junghyun/ttHH/AnalyzerOutput_validation/bcut3/TTToSemiLeptonic/TTToSemiLeptonic_90.root
hadd Source file 289: /pnfs/knu.ac.kr/data/cms/store/user/junghyun/ttHH/AnalyzerOutput_validation/bcut3/TTToSemiLeptonic/TTToSemiLeptonic_91.root
hadd Source file 290: /pnfs/knu.ac.kr/data/cms/store/user/junghyun/ttHH/AnalyzerOutput_validation/bcut3/TTToSemiLeptonic/TTToSemiLeptonic_92.root
hadd Source file 291: /pnfs/knu.ac.kr/data/cms/store/user/junghyun/ttHH/AnalyzerOutput_validation/bcut3/TTToSemiLeptonic/TTToSemiLeptonic_93.root
hadd Source file 292: /pnfs/knu.ac.kr/data/cms/store/user/junghyun/ttHH/AnalyzerOutput_validation/bcut3/TTToSemiLeptonic/TTToSemiLeptonic_94.root
hadd Source file 293: /pnfs/knu.ac.kr/data/cms/store/user/junghyun/ttHH/AnalyzerOutput_validation/bcut3/TTToSemiLeptonic/TTToSemiLeptonic_95.root
hadd Source file 294: /pnfs/knu.ac.kr/data/cms/store/user/junghyun/ttHH/AnalyzerOutput_validation/bcut3/TTToSemiLeptonic/TTToSemiLeptonic_96.root
hadd Source file 295: /pnfs/knu.ac.kr/data/cms/store/user/junghyun/ttHH/AnalyzerOutput_validation/bcut3/TTToSemiLeptonic/TTToSemiLeptonic_97.root
hadd Source file 296: /pnfs/knu.ac.kr/data/cms/store/user/junghyun/ttHH/AnalyzerOutput_validation/bcut3/TTToSemiLeptonic/TTToSemiLeptonic_98.root
hadd Source file 297: /pnfs/knu.ac.kr/data/cms/store/user/junghyun/ttHH/AnalyzerOutput_validation/bcut3/TTToSemiLeptonic/TTToSemiLeptonic_99.root
hadd Target path: /pnfs/knu.ac.kr/data/cms/store/user/junghyun/ttHH/AnalyzerOutput_validation/bcut3/TTToSemiLeptonic.root:/
hadd Target path: /pnfs/knu.ac.kr/data/cms/store/user/junghyun/ttHH/AnalyzerOutput_validation/bcut3/TTToSemiLeptonic.root:/jet
hadd Target path: /pnfs/knu.ac.kr/data/cms/store/user/junghyun/ttHH/AnalyzerOutput_validation/bcut3/TTToSemiLeptonic.root:/Lepton
hadd Target path: /pnfs/knu.ac.kr/data/cms/store/user/junghyun/ttHH/AnalyzerOutput_validation/bcut3/TTToSemiLeptonic.root:/CutflowKinematics
hadd Target path: /pnfs/knu.ac.kr/data/cms/store/user/junghyun/ttHH/AnalyzerOutput_validation/bcut3/TTToSemiLeptonic.root:/TtCatValidation
hadd Target path: /pnfs/knu.ac.kr/data/cms/store/user/junghyun/ttHH/AnalyzerOutput_validation/bcut3/TTToSemiLeptonic.root:/Tree
[hadd] OK
[hadd]   inputs   : 297 files
[hadd]   target   : /pnfs/knu.ac.kr/data/cms/store/user/junghyun/ttHH/AnalyzerOutput_validation/bcut3/TTToSemiLeptonic.root
[hadd]   size     : 31914661 bytes
[hadd]   elapsed  : 51s

