
===============================================================
  hadd worker
===============================================================
  PWD           : /u/user/jhlee/ttHH/CMSSW_14_2_1/src/tempTTHH/outputMerger
  hostname      : cluster326.knu.ac.kr
  date          : Mon May  4 18:48:44 KST 2026
  argv          : /pnfs/knu.ac.kr/data/cms/store/user/junghyun/ttHH/AnalyzerOutput_validation/noBjetCut/TTToHadronic /pnfs/knu.ac.kr/data/cms/store/user/junghyun/ttHH/AnalyzerOutput_validation/noBjetCut/TTToHadronic.root
===============================================================
[env] sourcing cmsset_default.sh
[env] hadd: /cvmfs/cms.cern.ch/el9_amd64_gcc12/cms/cmssw/CMSSW_14_2_1/external/el9_amd64_gcc12/bin/hadd
[env] root: /cvmfs/cms.cern.ch/el9_amd64_gcc12/cms/cmssw/CMSSW_14_2_1/external/el9_amd64_gcc12/bin/root
[hadd] inputs: 199 files
[hadd] target: /pnfs/knu.ac.kr/data/cms/store/user/junghyun/ttHH/AnalyzerOutput_validation/noBjetCut/TTToHadronic.root
[hadd] first few inputs:
/pnfs/knu.ac.kr/data/cms/store/user/junghyun/ttHH/AnalyzerOutput_validation/noBjetCut/TTToHadronic/TTToHadronic_0.root
/pnfs/knu.ac.kr/data/cms/store/user/junghyun/ttHH/AnalyzerOutput_validation/noBjetCut/TTToHadronic/TTToHadronic_1.root
/pnfs/knu.ac.kr/data/cms/store/user/junghyun/ttHH/AnalyzerOutput_validation/noBjetCut/TTToHadronic/TTToHadronic_10.root
[hadd] starting
Parallelizing  with 1 processes.
hadd Target file: /pnfs/knu.ac.kr/data/cms/store/user/junghyun/ttHH/AnalyzerOutput_validation/noBjetCut/TTToHadronic.root
hadd compression setting for all output: 1
Each process should handle at least 3 files for efficiency. Setting the number of processes to: 1
hadd Source file 1: /pnfs/knu.ac.kr/data/cms/store/user/junghyun/ttHH/AnalyzerOutput_validation/noBjetCut/TTToHadronic/TTToHadronic_0.root
hadd Source file 2: /pnfs/knu.ac.kr/data/cms/store/user/junghyun/ttHH/AnalyzerOutput_validation/noBjetCut/TTToHadronic/TTToHadronic_1.root
hadd Source file 3: /pnfs/knu.ac.kr/data/cms/store/user/junghyun/ttHH/AnalyzerOutput_validation/noBjetCut/TTToHadronic/TTToHadronic_10.root
hadd Source file 4: /pnfs/knu.ac.kr/data/cms/store/user/junghyun/ttHH/AnalyzerOutput_validation/noBjetCut/TTToHadronic/TTToHadronic_100.root
hadd Source file 5: /pnfs/knu.ac.kr/data/cms/store/user/junghyun/ttHH/AnalyzerOutput_validation/noBjetCut/TTToHadronic/TTToHadronic_101.root
hadd Source file 6: /pnfs/knu.ac.kr/data/cms/store/user/junghyun/ttHH/AnalyzerOutput_validation/noBjetCut/TTToHadronic/TTToHadronic_102.root
hadd Source file 7: /pnfs/knu.ac.kr/data/cms/store/user/junghyun/ttHH/AnalyzerOutput_validation/noBjetCut/TTToHadronic/TTToHadronic_103.root
hadd Source file 8: /pnfs/knu.ac.kr/data/cms/store/user/junghyun/ttHH/AnalyzerOutput_validation/noBjetCut/TTToHadronic/TTToHadronic_104.root
hadd Source file 9: /pnfs/knu.ac.kr/data/cms/store/user/junghyun/ttHH/AnalyzerOutput_validation/noBjetCut/TTToHadronic/TTToHadronic_105.root
hadd Source file 10: /pnfs/knu.ac.kr/data/cms/store/user/junghyun/ttHH/AnalyzerOutput_validation/noBjetCut/TTToHadronic/TTToHadronic_106.root
hadd Source file 11: /pnfs/knu.ac.kr/data/cms/store/user/junghyun/ttHH/AnalyzerOutput_validation/noBjetCut/TTToHadronic/TTToHadronic_107.root
hadd Source file 12: /pnfs/knu.ac.kr/data/cms/store/user/junghyun/ttHH/AnalyzerOutput_validation/noBjetCut/TTToHadronic/TTToHadronic_108.root
hadd Source file 13: /pnfs/knu.ac.kr/data/cms/store/user/junghyun/ttHH/AnalyzerOutput_validation/noBjetCut/TTToHadronic/TTToHadronic_109.root
hadd Source file 14: /pnfs/knu.ac.kr/data/cms/store/user/junghyun/ttHH/AnalyzerOutput_validation/noBjetCut/TTToHadronic/TTToHadronic_11.root
hadd Source file 15: /pnfs/knu.ac.kr/data/cms/store/user/junghyun/ttHH/AnalyzerOutput_validation/noBjetCut/TTToHadronic/TTToHadronic_110.root
hadd Source file 16: /pnfs/knu.ac.kr/data/cms/store/user/junghyun/ttHH/AnalyzerOutput_validation/noBjetCut/TTToHadronic/TTToHadronic_111.root
hadd Source file 17: /pnfs/knu.ac.kr/data/cms/store/user/junghyun/ttHH/AnalyzerOutput_validation/noBjetCut/TTToHadronic/TTToHadronic_112.root
hadd Source file 18: /pnfs/knu.ac.kr/data/cms/store/user/junghyun/ttHH/AnalyzerOutput_validation/noBjetCut/TTToHadronic/TTToHadronic_113.root
hadd Source file 19: /pnfs/knu.ac.kr/data/cms/store/user/junghyun/ttHH/AnalyzerOutput_validation/noBjetCut/TTToHadronic/TTToHadronic_114.root
hadd Source file 20: /pnfs/knu.ac.kr/data/cms/store/user/junghyun/ttHH/AnalyzerOutput_validation/noBjetCut/TTToHadronic/TTToHadronic_115.root
hadd Source file 21: /pnfs/knu.ac.kr/data/cms/store/user/junghyun/ttHH/AnalyzerOutput_validation/noBjetCut/TTToHadronic/TTToHadronic_116.root
hadd Source file 22: /pnfs/knu.ac.kr/data/cms/store/user/junghyun/ttHH/AnalyzerOutput_validation/noBjetCut/TTToHadronic/TTToHadronic_117.root
hadd Source file 23: /pnfs/knu.ac.kr/data/cms/store/user/junghyun/ttHH/AnalyzerOutput_validation/noBjetCut/TTToHadronic/TTToHadronic_118.root
hadd Source file 24: /pnfs/knu.ac.kr/data/cms/store/user/junghyun/ttHH/AnalyzerOutput_validation/noBjetCut/TTToHadronic/TTToHadronic_119.root
hadd Source file 25: /pnfs/knu.ac.kr/data/cms/store/user/junghyun/ttHH/AnalyzerOutput_validation/noBjetCut/TTToHadronic/TTToHadronic_12.root
hadd Source file 26: /pnfs/knu.ac.kr/data/cms/store/user/junghyun/ttHH/AnalyzerOutput_validation/noBjetCut/TTToHadronic/TTToHadronic_120.root
hadd Source file 27: /pnfs/knu.ac.kr/data/cms/store/user/junghyun/ttHH/AnalyzerOutput_validation/noBjetCut/TTToHadronic/TTToHadronic_121.root
hadd Source file 28: /pnfs/knu.ac.kr/data/cms/store/user/junghyun/ttHH/AnalyzerOutput_validation/noBjetCut/TTToHadronic/TTToHadronic_122.root
hadd Source file 29: /pnfs/knu.ac.kr/data/cms/store/user/junghyun/ttHH/AnalyzerOutput_validation/noBjetCut/TTToHadronic/TTToHadronic_123.root
hadd Source file 30: /pnfs/knu.ac.kr/data/cms/store/user/junghyun/ttHH/AnalyzerOutput_validation/noBjetCut/TTToHadronic/TTToHadronic_124.root
hadd Source file 31: /pnfs/knu.ac.kr/data/cms/store/user/junghyun/ttHH/AnalyzerOutput_validation/noBjetCut/TTToHadronic/TTToHadronic_125.root
hadd Source file 32: /pnfs/knu.ac.kr/data/cms/store/user/junghyun/ttHH/AnalyzerOutput_validation/noBjetCut/TTToHadronic/TTToHadronic_126.root
hadd Source file 33: /pnfs/knu.ac.kr/data/cms/store/user/junghyun/ttHH/AnalyzerOutput_validation/noBjetCut/TTToHadronic/TTToHadronic_127.root
hadd Source file 34: /pnfs/knu.ac.kr/data/cms/store/user/junghyun/ttHH/AnalyzerOutput_validation/noBjetCut/TTToHadronic/TTToHadronic_128.root
hadd Source file 35: /pnfs/knu.ac.kr/data/cms/store/user/junghyun/ttHH/AnalyzerOutput_validation/noBjetCut/TTToHadronic/TTToHadronic_129.root
hadd Source file 36: /pnfs/knu.ac.kr/data/cms/store/user/junghyun/ttHH/AnalyzerOutput_validation/noBjetCut/TTToHadronic/TTToHadronic_13.root
hadd Source file 37: /pnfs/knu.ac.kr/data/cms/store/user/junghyun/ttHH/AnalyzerOutput_validation/noBjetCut/TTToHadronic/TTToHadronic_130.root
hadd Source file 38: /pnfs/knu.ac.kr/data/cms/store/user/junghyun/ttHH/AnalyzerOutput_validation/noBjetCut/TTToHadronic/TTToHadronic_131.root
hadd Source file 39: /pnfs/knu.ac.kr/data/cms/store/user/junghyun/ttHH/AnalyzerOutput_validation/noBjetCut/TTToHadronic/TTToHadronic_132.root
hadd Source file 40: /pnfs/knu.ac.kr/data/cms/store/user/junghyun/ttHH/AnalyzerOutput_validation/noBjetCut/TTToHadronic/TTToHadronic_133.root
hadd Source file 41: /pnfs/knu.ac.kr/data/cms/store/user/junghyun/ttHH/AnalyzerOutput_validation/noBjetCut/TTToHadronic/TTToHadronic_134.root
hadd Source file 42: /pnfs/knu.ac.kr/data/cms/store/user/junghyun/ttHH/AnalyzerOutput_validation/noBjetCut/TTToHadronic/TTToHadronic_135.root
hadd Source file 43: /pnfs/knu.ac.kr/data/cms/store/user/junghyun/ttHH/AnalyzerOutput_validation/noBjetCut/TTToHadronic/TTToHadronic_136.root
hadd Source file 44: /pnfs/knu.ac.kr/data/cms/store/user/junghyun/ttHH/AnalyzerOutput_validation/noBjetCut/TTToHadronic/TTToHadronic_137.root
hadd Source file 45: /pnfs/knu.ac.kr/data/cms/store/user/junghyun/ttHH/AnalyzerOutput_validation/noBjetCut/TTToHadronic/TTToHadronic_138.root
hadd Source file 46: /pnfs/knu.ac.kr/data/cms/store/user/junghyun/ttHH/AnalyzerOutput_validation/noBjetCut/TTToHadronic/TTToHadronic_139.root
hadd Source file 47: /pnfs/knu.ac.kr/data/cms/store/user/junghyun/ttHH/AnalyzerOutput_validation/noBjetCut/TTToHadronic/TTToHadronic_14.root
hadd Source file 48: /pnfs/knu.ac.kr/data/cms/store/user/junghyun/ttHH/AnalyzerOutput_validation/noBjetCut/TTToHadronic/TTToHadronic_140.root
hadd Source file 49: /pnfs/knu.ac.kr/data/cms/store/user/junghyun/ttHH/AnalyzerOutput_validation/noBjetCut/TTToHadronic/TTToHadronic_141.root
hadd Source file 50: /pnfs/knu.ac.kr/data/cms/store/user/junghyun/ttHH/AnalyzerOutput_validation/noBjetCut/TTToHadronic/TTToHadronic_142.root
hadd Source file 51: /pnfs/knu.ac.kr/data/cms/store/user/junghyun/ttHH/AnalyzerOutput_validation/noBjetCut/TTToHadronic/TTToHadronic_143.root
hadd Source file 52: /pnfs/knu.ac.kr/data/cms/store/user/junghyun/ttHH/AnalyzerOutput_validation/noBjetCut/TTToHadronic/TTToHadronic_144.root
hadd Source file 53: /pnfs/knu.ac.kr/data/cms/store/user/junghyun/ttHH/AnalyzerOutput_validation/noBjetCut/TTToHadronic/TTToHadronic_145.root
hadd Source file 54: /pnfs/knu.ac.kr/data/cms/store/user/junghyun/ttHH/AnalyzerOutput_validation/noBjetCut/TTToHadronic/TTToHadronic_146.root
hadd Source file 55: /pnfs/knu.ac.kr/data/cms/store/user/junghyun/ttHH/AnalyzerOutput_validation/noBjetCut/TTToHadronic/TTToHadronic_147.root
hadd Source file 56: /pnfs/knu.ac.kr/data/cms/store/user/junghyun/ttHH/AnalyzerOutput_validation/noBjetCut/TTToHadronic/TTToHadronic_148.root
hadd Source file 57: /pnfs/knu.ac.kr/data/cms/store/user/junghyun/ttHH/AnalyzerOutput_validation/noBjetCut/TTToHadronic/TTToHadronic_149.root
hadd Source file 58: /pnfs/knu.ac.kr/data/cms/store/user/junghyun/ttHH/AnalyzerOutput_validation/noBjetCut/TTToHadronic/TTToHadronic_15.root
hadd Source file 59: /pnfs/knu.ac.kr/data/cms/store/user/junghyun/ttHH/AnalyzerOutput_validation/noBjetCut/TTToHadronic/TTToHadronic_150.root
hadd Source file 60: /pnfs/knu.ac.kr/data/cms/store/user/junghyun/ttHH/AnalyzerOutput_validation/noBjetCut/TTToHadronic/TTToHadronic_151.root
hadd Source file 61: /pnfs/knu.ac.kr/data/cms/store/user/junghyun/ttHH/AnalyzerOutput_validation/noBjetCut/TTToHadronic/TTToHadronic_152.root
hadd Source file 62: /pnfs/knu.ac.kr/data/cms/store/user/junghyun/ttHH/AnalyzerOutput_validation/noBjetCut/TTToHadronic/TTToHadronic_153.root
hadd Source file 63: /pnfs/knu.ac.kr/data/cms/store/user/junghyun/ttHH/AnalyzerOutput_validation/noBjetCut/TTToHadronic/TTToHadronic_154.root
hadd Source file 64: /pnfs/knu.ac.kr/data/cms/store/user/junghyun/ttHH/AnalyzerOutput_validation/noBjetCut/TTToHadronic/TTToHadronic_155.root
hadd Source file 65: /pnfs/knu.ac.kr/data/cms/store/user/junghyun/ttHH/AnalyzerOutput_validation/noBjetCut/TTToHadronic/TTToHadronic_156.root
hadd Source file 66: /pnfs/knu.ac.kr/data/cms/store/user/junghyun/ttHH/AnalyzerOutput_validation/noBjetCut/TTToHadronic/TTToHadronic_157.root
hadd Source file 67: /pnfs/knu.ac.kr/data/cms/store/user/junghyun/ttHH/AnalyzerOutput_validation/noBjetCut/TTToHadronic/TTToHadronic_158.root
hadd Source file 68: /pnfs/knu.ac.kr/data/cms/store/user/junghyun/ttHH/AnalyzerOutput_validation/noBjetCut/TTToHadronic/TTToHadronic_159.root
hadd Source file 69: /pnfs/knu.ac.kr/data/cms/store/user/junghyun/ttHH/AnalyzerOutput_validation/noBjetCut/TTToHadronic/TTToHadronic_16.root
hadd Source file 70: /pnfs/knu.ac.kr/data/cms/store/user/junghyun/ttHH/AnalyzerOutput_validation/noBjetCut/TTToHadronic/TTToHadronic_160.root
hadd Source file 71: /pnfs/knu.ac.kr/data/cms/store/user/junghyun/ttHH/AnalyzerOutput_validation/noBjetCut/TTToHadronic/TTToHadronic_161.root
hadd Source file 72: /pnfs/knu.ac.kr/data/cms/store/user/junghyun/ttHH/AnalyzerOutput_validation/noBjetCut/TTToHadronic/TTToHadronic_162.root
hadd Source file 73: /pnfs/knu.ac.kr/data/cms/store/user/junghyun/ttHH/AnalyzerOutput_validation/noBjetCut/TTToHadronic/TTToHadronic_163.root
hadd Source file 74: /pnfs/knu.ac.kr/data/cms/store/user/junghyun/ttHH/AnalyzerOutput_validation/noBjetCut/TTToHadronic/TTToHadronic_164.root
hadd Source file 75: /pnfs/knu.ac.kr/data/cms/store/user/junghyun/ttHH/AnalyzerOutput_validation/noBjetCut/TTToHadronic/TTToHadronic_165.root
hadd Source file 76: /pnfs/knu.ac.kr/data/cms/store/user/junghyun/ttHH/AnalyzerOutput_validation/noBjetCut/TTToHadronic/TTToHadronic_166.root
hadd Source file 77: /pnfs/knu.ac.kr/data/cms/store/user/junghyun/ttHH/AnalyzerOutput_validation/noBjetCut/TTToHadronic/TTToHadronic_167.root
hadd Source file 78: /pnfs/knu.ac.kr/data/cms/store/user/junghyun/ttHH/AnalyzerOutput_validation/noBjetCut/TTToHadronic/TTToHadronic_168.root
hadd Source file 79: /pnfs/knu.ac.kr/data/cms/store/user/junghyun/ttHH/AnalyzerOutput_validation/noBjetCut/TTToHadronic/TTToHadronic_169.root
hadd Source file 80: /pnfs/knu.ac.kr/data/cms/store/user/junghyun/ttHH/AnalyzerOutput_validation/noBjetCut/TTToHadronic/TTToHadronic_17.root
hadd Source file 81: /pnfs/knu.ac.kr/data/cms/store/user/junghyun/ttHH/AnalyzerOutput_validation/noBjetCut/TTToHadronic/TTToHadronic_170.root
hadd Source file 82: /pnfs/knu.ac.kr/data/cms/store/user/junghyun/ttHH/AnalyzerOutput_validation/noBjetCut/TTToHadronic/TTToHadronic_171.root
hadd Source file 83: /pnfs/knu.ac.kr/data/cms/store/user/junghyun/ttHH/AnalyzerOutput_validation/noBjetCut/TTToHadronic/TTToHadronic_172.root
hadd Source file 84: /pnfs/knu.ac.kr/data/cms/store/user/junghyun/ttHH/AnalyzerOutput_validation/noBjetCut/TTToHadronic/TTToHadronic_173.root
hadd Source file 85: /pnfs/knu.ac.kr/data/cms/store/user/junghyun/ttHH/AnalyzerOutput_validation/noBjetCut/TTToHadronic/TTToHadronic_174.root
hadd Source file 86: /pnfs/knu.ac.kr/data/cms/store/user/junghyun/ttHH/AnalyzerOutput_validation/noBjetCut/TTToHadronic/TTToHadronic_175.root
hadd Source file 87: /pnfs/knu.ac.kr/data/cms/store/user/junghyun/ttHH/AnalyzerOutput_validation/noBjetCut/TTToHadronic/TTToHadronic_176.root
hadd Source file 88: /pnfs/knu.ac.kr/data/cms/store/user/junghyun/ttHH/AnalyzerOutput_validation/noBjetCut/TTToHadronic/TTToHadronic_177.root
hadd Source file 89: /pnfs/knu.ac.kr/data/cms/store/user/junghyun/ttHH/AnalyzerOutput_validation/noBjetCut/TTToHadronic/TTToHadronic_178.root
hadd Source file 90: /pnfs/knu.ac.kr/data/cms/store/user/junghyun/ttHH/AnalyzerOutput_validation/noBjetCut/TTToHadronic/TTToHadronic_179.root
hadd Source file 91: /pnfs/knu.ac.kr/data/cms/store/user/junghyun/ttHH/AnalyzerOutput_validation/noBjetCut/TTToHadronic/TTToHadronic_18.root
hadd Source file 92: /pnfs/knu.ac.kr/data/cms/store/user/junghyun/ttHH/AnalyzerOutput_validation/noBjetCut/TTToHadronic/TTToHadronic_180.root
hadd Source file 93: /pnfs/knu.ac.kr/data/cms/store/user/junghyun/ttHH/AnalyzerOutput_validation/noBjetCut/TTToHadronic/TTToHadronic_181.root
hadd Source file 94: /pnfs/knu.ac.kr/data/cms/store/user/junghyun/ttHH/AnalyzerOutput_validation/noBjetCut/TTToHadronic/TTToHadronic_182.root
hadd Source file 95: /pnfs/knu.ac.kr/data/cms/store/user/junghyun/ttHH/AnalyzerOutput_validation/noBjetCut/TTToHadronic/TTToHadronic_183.root
hadd Source file 96: /pnfs/knu.ac.kr/data/cms/store/user/junghyun/ttHH/AnalyzerOutput_validation/noBjetCut/TTToHadronic/TTToHadronic_184.root
hadd Source file 97: /pnfs/knu.ac.kr/data/cms/store/user/junghyun/ttHH/AnalyzerOutput_validation/noBjetCut/TTToHadronic/TTToHadronic_185.root
hadd Source file 98: /pnfs/knu.ac.kr/data/cms/store/user/junghyun/ttHH/AnalyzerOutput_validation/noBjetCut/TTToHadronic/TTToHadronic_186.root
hadd Source file 99: /pnfs/knu.ac.kr/data/cms/store/user/junghyun/ttHH/AnalyzerOutput_validation/noBjetCut/TTToHadronic/TTToHadronic_187.root
hadd Source file 100: /pnfs/knu.ac.kr/data/cms/store/user/junghyun/ttHH/AnalyzerOutput_validation/noBjetCut/TTToHadronic/TTToHadronic_188.root
hadd Source file 101: /pnfs/knu.ac.kr/data/cms/store/user/junghyun/ttHH/AnalyzerOutput_validation/noBjetCut/TTToHadronic/TTToHadronic_189.root
hadd Source file 102: /pnfs/knu.ac.kr/data/cms/store/user/junghyun/ttHH/AnalyzerOutput_validation/noBjetCut/TTToHadronic/TTToHadronic_19.root
hadd Source file 103: /pnfs/knu.ac.kr/data/cms/store/user/junghyun/ttHH/AnalyzerOutput_validation/noBjetCut/TTToHadronic/TTToHadronic_190.root
hadd Source file 104: /pnfs/knu.ac.kr/data/cms/store/user/junghyun/ttHH/AnalyzerOutput_validation/noBjetCut/TTToHadronic/TTToHadronic_191.root
hadd Source file 105: /pnfs/knu.ac.kr/data/cms/store/user/junghyun/ttHH/AnalyzerOutput_validation/noBjetCut/TTToHadronic/TTToHadronic_192.root
hadd Source file 106: /pnfs/knu.ac.kr/data/cms/store/user/junghyun/ttHH/AnalyzerOutput_validation/noBjetCut/TTToHadronic/TTToHadronic_193.root
hadd Source file 107: /pnfs/knu.ac.kr/data/cms/store/user/junghyun/ttHH/AnalyzerOutput_validation/noBjetCut/TTToHadronic/TTToHadronic_194.root
hadd Source file 108: /pnfs/knu.ac.kr/data/cms/store/user/junghyun/ttHH/AnalyzerOutput_validation/noBjetCut/TTToHadronic/TTToHadronic_195.root
hadd Source file 109: /pnfs/knu.ac.kr/data/cms/store/user/junghyun/ttHH/AnalyzerOutput_validation/noBjetCut/TTToHadronic/TTToHadronic_196.root
hadd Source file 110: /pnfs/knu.ac.kr/data/cms/store/user/junghyun/ttHH/AnalyzerOutput_validation/noBjetCut/TTToHadronic/TTToHadronic_197.root
hadd Source file 111: /pnfs/knu.ac.kr/data/cms/store/user/junghyun/ttHH/AnalyzerOutput_validation/noBjetCut/TTToHadronic/TTToHadronic_198.root
hadd Source file 112: /pnfs/knu.ac.kr/data/cms/store/user/junghyun/ttHH/AnalyzerOutput_validation/noBjetCut/TTToHadronic/TTToHadronic_2.root
hadd Source file 113: /pnfs/knu.ac.kr/data/cms/store/user/junghyun/ttHH/AnalyzerOutput_validation/noBjetCut/TTToHadronic/TTToHadronic_20.root
hadd Source file 114: /pnfs/knu.ac.kr/data/cms/store/user/junghyun/ttHH/AnalyzerOutput_validation/noBjetCut/TTToHadronic/TTToHadronic_21.root
hadd Source file 115: /pnfs/knu.ac.kr/data/cms/store/user/junghyun/ttHH/AnalyzerOutput_validation/noBjetCut/TTToHadronic/TTToHadronic_22.root
hadd Source file 116: /pnfs/knu.ac.kr/data/cms/store/user/junghyun/ttHH/AnalyzerOutput_validation/noBjetCut/TTToHadronic/TTToHadronic_23.root
hadd Source file 117: /pnfs/knu.ac.kr/data/cms/store/user/junghyun/ttHH/AnalyzerOutput_validation/noBjetCut/TTToHadronic/TTToHadronic_24.root
hadd Source file 118: /pnfs/knu.ac.kr/data/cms/store/user/junghyun/ttHH/AnalyzerOutput_validation/noBjetCut/TTToHadronic/TTToHadronic_25.root
hadd Source file 119: /pnfs/knu.ac.kr/data/cms/store/user/junghyun/ttHH/AnalyzerOutput_validation/noBjetCut/TTToHadronic/TTToHadronic_26.root
hadd Source file 120: /pnfs/knu.ac.kr/data/cms/store/user/junghyun/ttHH/AnalyzerOutput_validation/noBjetCut/TTToHadronic/TTToHadronic_27.root
hadd Source file 121: /pnfs/knu.ac.kr/data/cms/store/user/junghyun/ttHH/AnalyzerOutput_validation/noBjetCut/TTToHadronic/TTToHadronic_28.root
hadd Source file 122: /pnfs/knu.ac.kr/data/cms/store/user/junghyun/ttHH/AnalyzerOutput_validation/noBjetCut/TTToHadronic/TTToHadronic_29.root
hadd Source file 123: /pnfs/knu.ac.kr/data/cms/store/user/junghyun/ttHH/AnalyzerOutput_validation/noBjetCut/TTToHadronic/TTToHadronic_3.root
hadd Source file 124: /pnfs/knu.ac.kr/data/cms/store/user/junghyun/ttHH/AnalyzerOutput_validation/noBjetCut/TTToHadronic/TTToHadronic_30.root
hadd Source file 125: /pnfs/knu.ac.kr/data/cms/store/user/junghyun/ttHH/AnalyzerOutput_validation/noBjetCut/TTToHadronic/TTToHadronic_31.root
hadd Source file 126: /pnfs/knu.ac.kr/data/cms/store/user/junghyun/ttHH/AnalyzerOutput_validation/noBjetCut/TTToHadronic/TTToHadronic_32.root
hadd Source file 127: /pnfs/knu.ac.kr/data/cms/store/user/junghyun/ttHH/AnalyzerOutput_validation/noBjetCut/TTToHadronic/TTToHadronic_33.root
hadd Source file 128: /pnfs/knu.ac.kr/data/cms/store/user/junghyun/ttHH/AnalyzerOutput_validation/noBjetCut/TTToHadronic/TTToHadronic_34.root
hadd Source file 129: /pnfs/knu.ac.kr/data/cms/store/user/junghyun/ttHH/AnalyzerOutput_validation/noBjetCut/TTToHadronic/TTToHadronic_35.root
hadd Source file 130: /pnfs/knu.ac.kr/data/cms/store/user/junghyun/ttHH/AnalyzerOutput_validation/noBjetCut/TTToHadronic/TTToHadronic_36.root
hadd Source file 131: /pnfs/knu.ac.kr/data/cms/store/user/junghyun/ttHH/AnalyzerOutput_validation/noBjetCut/TTToHadronic/TTToHadronic_37.root
hadd Source file 132: /pnfs/knu.ac.kr/data/cms/store/user/junghyun/ttHH/AnalyzerOutput_validation/noBjetCut/TTToHadronic/TTToHadronic_38.root
hadd Source file 133: /pnfs/knu.ac.kr/data/cms/store/user/junghyun/ttHH/AnalyzerOutput_validation/noBjetCut/TTToHadronic/TTToHadronic_39.root
hadd Source file 134: /pnfs/knu.ac.kr/data/cms/store/user/junghyun/ttHH/AnalyzerOutput_validation/noBjetCut/TTToHadronic/TTToHadronic_4.root
hadd Source file 135: /pnfs/knu.ac.kr/data/cms/store/user/junghyun/ttHH/AnalyzerOutput_validation/noBjetCut/TTToHadronic/TTToHadronic_40.root
hadd Source file 136: /pnfs/knu.ac.kr/data/cms/store/user/junghyun/ttHH/AnalyzerOutput_validation/noBjetCut/TTToHadronic/TTToHadronic_41.root
hadd Source file 137: /pnfs/knu.ac.kr/data/cms/store/user/junghyun/ttHH/AnalyzerOutput_validation/noBjetCut/TTToHadronic/TTToHadronic_42.root
hadd Source file 138: /pnfs/knu.ac.kr/data/cms/store/user/junghyun/ttHH/AnalyzerOutput_validation/noBjetCut/TTToHadronic/TTToHadronic_43.root
hadd Source file 139: /pnfs/knu.ac.kr/data/cms/store/user/junghyun/ttHH/AnalyzerOutput_validation/noBjetCut/TTToHadronic/TTToHadronic_44.root
hadd Source file 140: /pnfs/knu.ac.kr/data/cms/store/user/junghyun/ttHH/AnalyzerOutput_validation/noBjetCut/TTToHadronic/TTToHadronic_45.root
hadd Source file 141: /pnfs/knu.ac.kr/data/cms/store/user/junghyun/ttHH/AnalyzerOutput_validation/noBjetCut/TTToHadronic/TTToHadronic_46.root
hadd Source file 142: /pnfs/knu.ac.kr/data/cms/store/user/junghyun/ttHH/AnalyzerOutput_validation/noBjetCut/TTToHadronic/TTToHadronic_47.root
hadd Source file 143: /pnfs/knu.ac.kr/data/cms/store/user/junghyun/ttHH/AnalyzerOutput_validation/noBjetCut/TTToHadronic/TTToHadronic_48.root
hadd Source file 144: /pnfs/knu.ac.kr/data/cms/store/user/junghyun/ttHH/AnalyzerOutput_validation/noBjetCut/TTToHadronic/TTToHadronic_49.root
hadd Source file 145: /pnfs/knu.ac.kr/data/cms/store/user/junghyun/ttHH/AnalyzerOutput_validation/noBjetCut/TTToHadronic/TTToHadronic_5.root
hadd Source file 146: /pnfs/knu.ac.kr/data/cms/store/user/junghyun/ttHH/AnalyzerOutput_validation/noBjetCut/TTToHadronic/TTToHadronic_50.root
hadd Source file 147: /pnfs/knu.ac.kr/data/cms/store/user/junghyun/ttHH/AnalyzerOutput_validation/noBjetCut/TTToHadronic/TTToHadronic_51.root
hadd Source file 148: /pnfs/knu.ac.kr/data/cms/store/user/junghyun/ttHH/AnalyzerOutput_validation/noBjetCut/TTToHadronic/TTToHadronic_52.root
hadd Source file 149: /pnfs/knu.ac.kr/data/cms/store/user/junghyun/ttHH/AnalyzerOutput_validation/noBjetCut/TTToHadronic/TTToHadronic_53.root
hadd Source file 150: /pnfs/knu.ac.kr/data/cms/store/user/junghyun/ttHH/AnalyzerOutput_validation/noBjetCut/TTToHadronic/TTToHadronic_54.root
hadd Source file 151: /pnfs/knu.ac.kr/data/cms/store/user/junghyun/ttHH/AnalyzerOutput_validation/noBjetCut/TTToHadronic/TTToHadronic_55.root
hadd Source file 152: /pnfs/knu.ac.kr/data/cms/store/user/junghyun/ttHH/AnalyzerOutput_validation/noBjetCut/TTToHadronic/TTToHadronic_56.root
hadd Source file 153: /pnfs/knu.ac.kr/data/cms/store/user/junghyun/ttHH/AnalyzerOutput_validation/noBjetCut/TTToHadronic/TTToHadronic_57.root
hadd Source file 154: /pnfs/knu.ac.kr/data/cms/store/user/junghyun/ttHH/AnalyzerOutput_validation/noBjetCut/TTToHadronic/TTToHadronic_58.root
hadd Source file 155: /pnfs/knu.ac.kr/data/cms/store/user/junghyun/ttHH/AnalyzerOutput_validation/noBjetCut/TTToHadronic/TTToHadronic_59.root
hadd Source file 156: /pnfs/knu.ac.kr/data/cms/store/user/junghyun/ttHH/AnalyzerOutput_validation/noBjetCut/TTToHadronic/TTToHadronic_6.root
hadd Source file 157: /pnfs/knu.ac.kr/data/cms/store/user/junghyun/ttHH/AnalyzerOutput_validation/noBjetCut/TTToHadronic/TTToHadronic_60.root
hadd Source file 158: /pnfs/knu.ac.kr/data/cms/store/user/junghyun/ttHH/AnalyzerOutput_validation/noBjetCut/TTToHadronic/TTToHadronic_61.root
hadd Source file 159: /pnfs/knu.ac.kr/data/cms/store/user/junghyun/ttHH/AnalyzerOutput_validation/noBjetCut/TTToHadronic/TTToHadronic_62.root
hadd Source file 160: /pnfs/knu.ac.kr/data/cms/store/user/junghyun/ttHH/AnalyzerOutput_validation/noBjetCut/TTToHadronic/TTToHadronic_63.root
hadd Source file 161: /pnfs/knu.ac.kr/data/cms/store/user/junghyun/ttHH/AnalyzerOutput_validation/noBjetCut/TTToHadronic/TTToHadronic_64.root
hadd Source file 162: /pnfs/knu.ac.kr/data/cms/store/user/junghyun/ttHH/AnalyzerOutput_validation/noBjetCut/TTToHadronic/TTToHadronic_65.root
hadd Source file 163: /pnfs/knu.ac.kr/data/cms/store/user/junghyun/ttHH/AnalyzerOutput_validation/noBjetCut/TTToHadronic/TTToHadronic_66.root
hadd Source file 164: /pnfs/knu.ac.kr/data/cms/store/user/junghyun/ttHH/AnalyzerOutput_validation/noBjetCut/TTToHadronic/TTToHadronic_67.root
hadd Source file 165: /pnfs/knu.ac.kr/data/cms/store/user/junghyun/ttHH/AnalyzerOutput_validation/noBjetCut/TTToHadronic/TTToHadronic_68.root
hadd Source file 166: /pnfs/knu.ac.kr/data/cms/store/user/junghyun/ttHH/AnalyzerOutput_validation/noBjetCut/TTToHadronic/TTToHadronic_69.root
hadd Source file 167: /pnfs/knu.ac.kr/data/cms/store/user/junghyun/ttHH/AnalyzerOutput_validation/noBjetCut/TTToHadronic/TTToHadronic_7.root
hadd Source file 168: /pnfs/knu.ac.kr/data/cms/store/user/junghyun/ttHH/AnalyzerOutput_validation/noBjetCut/TTToHadronic/TTToHadronic_70.root
hadd Source file 169: /pnfs/knu.ac.kr/data/cms/store/user/junghyun/ttHH/AnalyzerOutput_validation/noBjetCut/TTToHadronic/TTToHadronic_71.root
hadd Source file 170: /pnfs/knu.ac.kr/data/cms/store/user/junghyun/ttHH/AnalyzerOutput_validation/noBjetCut/TTToHadronic/TTToHadronic_72.root
hadd Source file 171: /pnfs/knu.ac.kr/data/cms/store/user/junghyun/ttHH/AnalyzerOutput_validation/noBjetCut/TTToHadronic/TTToHadronic_73.root
hadd Source file 172: /pnfs/knu.ac.kr/data/cms/store/user/junghyun/ttHH/AnalyzerOutput_validation/noBjetCut/TTToHadronic/TTToHadronic_74.root
hadd Source file 173: /pnfs/knu.ac.kr/data/cms/store/user/junghyun/ttHH/AnalyzerOutput_validation/noBjetCut/TTToHadronic/TTToHadronic_75.root
hadd Source file 174: /pnfs/knu.ac.kr/data/cms/store/user/junghyun/ttHH/AnalyzerOutput_validation/noBjetCut/TTToHadronic/TTToHadronic_76.root
hadd Source file 175: /pnfs/knu.ac.kr/data/cms/store/user/junghyun/ttHH/AnalyzerOutput_validation/noBjetCut/TTToHadronic/TTToHadronic_77.root
hadd Source file 176: /pnfs/knu.ac.kr/data/cms/store/user/junghyun/ttHH/AnalyzerOutput_validation/noBjetCut/TTToHadronic/TTToHadronic_78.root
hadd Source file 177: /pnfs/knu.ac.kr/data/cms/store/user/junghyun/ttHH/AnalyzerOutput_validation/noBjetCut/TTToHadronic/TTToHadronic_79.root
hadd Source file 178: /pnfs/knu.ac.kr/data/cms/store/user/junghyun/ttHH/AnalyzerOutput_validation/noBjetCut/TTToHadronic/TTToHadronic_8.root
hadd Source file 179: /pnfs/knu.ac.kr/data/cms/store/user/junghyun/ttHH/AnalyzerOutput_validation/noBjetCut/TTToHadronic/TTToHadronic_80.root
hadd Source file 180: /pnfs/knu.ac.kr/data/cms/store/user/junghyun/ttHH/AnalyzerOutput_validation/noBjetCut/TTToHadronic/TTToHadronic_81.root
hadd Source file 181: /pnfs/knu.ac.kr/data/cms/store/user/junghyun/ttHH/AnalyzerOutput_validation/noBjetCut/TTToHadronic/TTToHadronic_82.root
hadd Source file 182: /pnfs/knu.ac.kr/data/cms/store/user/junghyun/ttHH/AnalyzerOutput_validation/noBjetCut/TTToHadronic/TTToHadronic_83.root
hadd Source file 183: /pnfs/knu.ac.kr/data/cms/store/user/junghyun/ttHH/AnalyzerOutput_validation/noBjetCut/TTToHadronic/TTToHadronic_84.root
hadd Source file 184: /pnfs/knu.ac.kr/data/cms/store/user/junghyun/ttHH/AnalyzerOutput_validation/noBjetCut/TTToHadronic/TTToHadronic_85.root
hadd Source file 185: /pnfs/knu.ac.kr/data/cms/store/user/junghyun/ttHH/AnalyzerOutput_validation/noBjetCut/TTToHadronic/TTToHadronic_86.root
hadd Source file 186: /pnfs/knu.ac.kr/data/cms/store/user/junghyun/ttHH/AnalyzerOutput_validation/noBjetCut/TTToHadronic/TTToHadronic_87.root
hadd Source file 187: /pnfs/knu.ac.kr/data/cms/store/user/junghyun/ttHH/AnalyzerOutput_validation/noBjetCut/TTToHadronic/TTToHadronic_88.root
hadd Source file 188: /pnfs/knu.ac.kr/data/cms/store/user/junghyun/ttHH/AnalyzerOutput_validation/noBjetCut/TTToHadronic/TTToHadronic_89.root
hadd Source file 189: /pnfs/knu.ac.kr/data/cms/store/user/junghyun/ttHH/AnalyzerOutput_validation/noBjetCut/TTToHadronic/TTToHadronic_9.root
hadd Source file 190: /pnfs/knu.ac.kr/data/cms/store/user/junghyun/ttHH/AnalyzerOutput_validation/noBjetCut/TTToHadronic/TTToHadronic_90.root
hadd Source file 191: /pnfs/knu.ac.kr/data/cms/store/user/junghyun/ttHH/AnalyzerOutput_validation/noBjetCut/TTToHadronic/TTToHadronic_91.root
hadd Source file 192: /pnfs/knu.ac.kr/data/cms/store/user/junghyun/ttHH/AnalyzerOutput_validation/noBjetCut/TTToHadronic/TTToHadronic_92.root
hadd Source file 193: /pnfs/knu.ac.kr/data/cms/store/user/junghyun/ttHH/AnalyzerOutput_validation/noBjetCut/TTToHadronic/TTToHadronic_93.root
hadd Source file 194: /pnfs/knu.ac.kr/data/cms/store/user/junghyun/ttHH/AnalyzerOutput_validation/noBjetCut/TTToHadronic/TTToHadronic_94.root
hadd Source file 195: /pnfs/knu.ac.kr/data/cms/store/user/junghyun/ttHH/AnalyzerOutput_validation/noBjetCut/TTToHadronic/TTToHadronic_95.root
hadd Source file 196: /pnfs/knu.ac.kr/data/cms/store/user/junghyun/ttHH/AnalyzerOutput_validation/noBjetCut/TTToHadronic/TTToHadronic_96.root
hadd Source file 197: /pnfs/knu.ac.kr/data/cms/store/user/junghyun/ttHH/AnalyzerOutput_validation/noBjetCut/TTToHadronic/TTToHadronic_97.root
hadd Source file 198: /pnfs/knu.ac.kr/data/cms/store/user/junghyun/ttHH/AnalyzerOutput_validation/noBjetCut/TTToHadronic/TTToHadronic_98.root
hadd Source file 199: /pnfs/knu.ac.kr/data/cms/store/user/junghyun/ttHH/AnalyzerOutput_validation/noBjetCut/TTToHadronic/TTToHadronic_99.root
hadd Target path: /pnfs/knu.ac.kr/data/cms/store/user/junghyun/ttHH/AnalyzerOutput_validation/noBjetCut/TTToHadronic.root:/
hadd Target path: /pnfs/knu.ac.kr/data/cms/store/user/junghyun/ttHH/AnalyzerOutput_validation/noBjetCut/TTToHadronic.root:/jet
hadd Target path: /pnfs/knu.ac.kr/data/cms/store/user/junghyun/ttHH/AnalyzerOutput_validation/noBjetCut/TTToHadronic.root:/Lepton
hadd Target path: /pnfs/knu.ac.kr/data/cms/store/user/junghyun/ttHH/AnalyzerOutput_validation/noBjetCut/TTToHadronic.root:/CutflowKinematics
hadd Target path: /pnfs/knu.ac.kr/data/cms/store/user/junghyun/ttHH/AnalyzerOutput_validation/noBjetCut/TTToHadronic.root:/TtCatValidation
hadd Target path: /pnfs/knu.ac.kr/data/cms/store/user/junghyun/ttHH/AnalyzerOutput_validation/noBjetCut/TTToHadronic.root:/Tree
[hadd] OK
[hadd]   inputs   : 199 files
[hadd]   target   : /pnfs/knu.ac.kr/data/cms/store/user/junghyun/ttHH/AnalyzerOutput_validation/noBjetCut/TTToHadronic.root
[hadd]   size     : 706737963 bytes
[hadd]   elapsed  : 51s

