
===============================================================
  hadd worker
===============================================================
  PWD           : /u/user/jhlee/ttHH/CMSSW_14_2_1/src/tempTTHH/outputMerger
  hostname      : dm01.knu.ac.kr
  date          : Mon May  4 18:47:24 KST 2026
  argv          : /pnfs/knu.ac.kr/data/cms/store/user/junghyun/ttHH/AnalyzerOutput_validation/bcut0/tt4b /pnfs/knu.ac.kr/data/cms/store/user/junghyun/ttHH/AnalyzerOutput_validation/bcut0/tt4b.root
===============================================================
[env] sourcing cmsset_default.sh
[env] hadd: /cvmfs/cms.cern.ch/el9_amd64_gcc12/cms/cmssw/CMSSW_14_2_1/external/el9_amd64_gcc12/bin/hadd
[env] root: /cvmfs/cms.cern.ch/el9_amd64_gcc12/cms/cmssw/CMSSW_14_2_1/external/el9_amd64_gcc12/bin/root
[hadd] inputs: 14 files
[hadd] target: /pnfs/knu.ac.kr/data/cms/store/user/junghyun/ttHH/AnalyzerOutput_validation/bcut0/tt4b.root
[hadd] first few inputs:
/pnfs/knu.ac.kr/data/cms/store/user/junghyun/ttHH/AnalyzerOutput_validation/bcut0/tt4b/tt4b_0.root
/pnfs/knu.ac.kr/data/cms/store/user/junghyun/ttHH/AnalyzerOutput_validation/bcut0/tt4b/tt4b_1.root
/pnfs/knu.ac.kr/data/cms/store/user/junghyun/ttHH/AnalyzerOutput_validation/bcut0/tt4b/tt4b_10.root
[hadd] starting
Parallelizing  with 1 processes.
hadd Target file: /pnfs/knu.ac.kr/data/cms/store/user/junghyun/ttHH/AnalyzerOutput_validation/bcut0/tt4b.root
hadd compression setting for all output: 1
Each process should handle at least 3 files for efficiency. Setting the number of processes to: 1
hadd Source file 1: /pnfs/knu.ac.kr/data/cms/store/user/junghyun/ttHH/AnalyzerOutput_validation/bcut0/tt4b/tt4b_0.root
hadd Source file 2: /pnfs/knu.ac.kr/data/cms/store/user/junghyun/ttHH/AnalyzerOutput_validation/bcut0/tt4b/tt4b_1.root
hadd Source file 3: /pnfs/knu.ac.kr/data/cms/store/user/junghyun/ttHH/AnalyzerOutput_validation/bcut0/tt4b/tt4b_10.root
hadd Source file 4: /pnfs/knu.ac.kr/data/cms/store/user/junghyun/ttHH/AnalyzerOutput_validation/bcut0/tt4b/tt4b_11.root
hadd Source file 5: /pnfs/knu.ac.kr/data/cms/store/user/junghyun/ttHH/AnalyzerOutput_validation/bcut0/tt4b/tt4b_12.root
hadd Source file 6: /pnfs/knu.ac.kr/data/cms/store/user/junghyun/ttHH/AnalyzerOutput_validation/bcut0/tt4b/tt4b_13.root
hadd Source file 7: /pnfs/knu.ac.kr/data/cms/store/user/junghyun/ttHH/AnalyzerOutput_validation/bcut0/tt4b/tt4b_2.root
hadd Source file 8: /pnfs/knu.ac.kr/data/cms/store/user/junghyun/ttHH/AnalyzerOutput_validation/bcut0/tt4b/tt4b_3.root
hadd Source file 9: /pnfs/knu.ac.kr/data/cms/store/user/junghyun/ttHH/AnalyzerOutput_validation/bcut0/tt4b/tt4b_4.root
hadd Source file 10: /pnfs/knu.ac.kr/data/cms/store/user/junghyun/ttHH/AnalyzerOutput_validation/bcut0/tt4b/tt4b_5.root
hadd Source file 11: /pnfs/knu.ac.kr/data/cms/store/user/junghyun/ttHH/AnalyzerOutput_validation/bcut0/tt4b/tt4b_6.root
hadd Source file 12: /pnfs/knu.ac.kr/data/cms/store/user/junghyun/ttHH/AnalyzerOutput_validation/bcut0/tt4b/tt4b_7.root
hadd Source file 13: /pnfs/knu.ac.kr/data/cms/store/user/junghyun/ttHH/AnalyzerOutput_validation/bcut0/tt4b/tt4b_8.root
hadd Source file 14: /pnfs/knu.ac.kr/data/cms/store/user/junghyun/ttHH/AnalyzerOutput_validation/bcut0/tt4b/tt4b_9.root
hadd Target path: /pnfs/knu.ac.kr/data/cms/store/user/junghyun/ttHH/AnalyzerOutput_validation/bcut0/tt4b.root:/
hadd Target path: /pnfs/knu.ac.kr/data/cms/store/user/junghyun/ttHH/AnalyzerOutput_validation/bcut0/tt4b.root:/jet
hadd Target path: /pnfs/knu.ac.kr/data/cms/store/user/junghyun/ttHH/AnalyzerOutput_validation/bcut0/tt4b.root:/Lepton
hadd Target path: /pnfs/knu.ac.kr/data/cms/store/user/junghyun/ttHH/AnalyzerOutput_validation/bcut0/tt4b.root:/CutflowKinematics
hadd Target path: /pnfs/knu.ac.kr/data/cms/store/user/junghyun/ttHH/AnalyzerOutput_validation/bcut0/tt4b.root:/TtCatValidation
hadd Target path: /pnfs/knu.ac.kr/data/cms/store/user/junghyun/ttHH/AnalyzerOutput_validation/bcut0/tt4b.root:/Tree
[hadd] OK
[hadd]   inputs   : 14 files
[hadd]   target   : /pnfs/knu.ac.kr/data/cms/store/user/junghyun/ttHH/AnalyzerOutput_validation/bcut0/tt4b.root
[hadd]   size     : 136527637 bytes
[hadd]   elapsed  : 8s

