
===============================================================
  hadd worker
===============================================================
  PWD           : /u/user/jhlee/ttHH/CMSSW_14_2_1/src/tempTTHH/outputMerger
  hostname      : cluster329.knu.ac.kr
  date          : Mon May  4 18:49:15 KST 2026
  argv          : /pnfs/knu.ac.kr/data/cms/store/user/junghyun/ttHH/AnalyzerOutput_validation/noHadWWindow/JetHT_C /pnfs/knu.ac.kr/data/cms/store/user/junghyun/ttHH/AnalyzerOutput_validation/noHadWWindow/JetHT_C.root
===============================================================
[env] sourcing cmsset_default.sh
[env] hadd: /cvmfs/cms.cern.ch/el9_amd64_gcc12/cms/cmssw/CMSSW_14_2_1/external/el9_amd64_gcc12/bin/hadd
[env] root: /cvmfs/cms.cern.ch/el9_amd64_gcc12/cms/cmssw/CMSSW_14_2_1/external/el9_amd64_gcc12/bin/root
[hadd] inputs: 66 files
[hadd] target: /pnfs/knu.ac.kr/data/cms/store/user/junghyun/ttHH/AnalyzerOutput_validation/noHadWWindow/JetHT_C.root
[hadd] first few inputs:
/pnfs/knu.ac.kr/data/cms/store/user/junghyun/ttHH/AnalyzerOutput_validation/noHadWWindow/JetHT_C/JetHT_C_0.root
/pnfs/knu.ac.kr/data/cms/store/user/junghyun/ttHH/AnalyzerOutput_validation/noHadWWindow/JetHT_C/JetHT_C_1.root
/pnfs/knu.ac.kr/data/cms/store/user/junghyun/ttHH/AnalyzerOutput_validation/noHadWWindow/JetHT_C/JetHT_C_10.root
[hadd] starting
Parallelizing  with 1 processes.
hadd Target file: /pnfs/knu.ac.kr/data/cms/store/user/junghyun/ttHH/AnalyzerOutput_validation/noHadWWindow/JetHT_C.root
hadd compression setting for all output: 1
Each process should handle at least 3 files for efficiency. Setting the number of processes to: 1
hadd Source file 1: /pnfs/knu.ac.kr/data/cms/store/user/junghyun/ttHH/AnalyzerOutput_validation/noHadWWindow/JetHT_C/JetHT_C_0.root
hadd Source file 2: /pnfs/knu.ac.kr/data/cms/store/user/junghyun/ttHH/AnalyzerOutput_validation/noHadWWindow/JetHT_C/JetHT_C_1.root
hadd Source file 3: /pnfs/knu.ac.kr/data/cms/store/user/junghyun/ttHH/AnalyzerOutput_validation/noHadWWindow/JetHT_C/JetHT_C_10.root
hadd Source file 4: /pnfs/knu.ac.kr/data/cms/store/user/junghyun/ttHH/AnalyzerOutput_validation/noHadWWindow/JetHT_C/JetHT_C_11.root
hadd Source file 5: /pnfs/knu.ac.kr/data/cms/store/user/junghyun/ttHH/AnalyzerOutput_validation/noHadWWindow/JetHT_C/JetHT_C_12.root
hadd Source file 6: /pnfs/knu.ac.kr/data/cms/store/user/junghyun/ttHH/AnalyzerOutput_validation/noHadWWindow/JetHT_C/JetHT_C_13.root
hadd Source file 7: /pnfs/knu.ac.kr/data/cms/store/user/junghyun/ttHH/AnalyzerOutput_validation/noHadWWindow/JetHT_C/JetHT_C_14.root
hadd Source file 8: /pnfs/knu.ac.kr/data/cms/store/user/junghyun/ttHH/AnalyzerOutput_validation/noHadWWindow/JetHT_C/JetHT_C_15.root
hadd Source file 9: /pnfs/knu.ac.kr/data/cms/store/user/junghyun/ttHH/AnalyzerOutput_validation/noHadWWindow/JetHT_C/JetHT_C_16.root
hadd Source file 10: /pnfs/knu.ac.kr/data/cms/store/user/junghyun/ttHH/AnalyzerOutput_validation/noHadWWindow/JetHT_C/JetHT_C_17.root
hadd Source file 11: /pnfs/knu.ac.kr/data/cms/store/user/junghyun/ttHH/AnalyzerOutput_validation/noHadWWindow/JetHT_C/JetHT_C_18.root
hadd Source file 12: /pnfs/knu.ac.kr/data/cms/store/user/junghyun/ttHH/AnalyzerOutput_validation/noHadWWindow/JetHT_C/JetHT_C_19.root
hadd Source file 13: /pnfs/knu.ac.kr/data/cms/store/user/junghyun/ttHH/AnalyzerOutput_validation/noHadWWindow/JetHT_C/JetHT_C_2.root
hadd Source file 14: /pnfs/knu.ac.kr/data/cms/store/user/junghyun/ttHH/AnalyzerOutput_validation/noHadWWindow/JetHT_C/JetHT_C_20.root
hadd Source file 15: /pnfs/knu.ac.kr/data/cms/store/user/junghyun/ttHH/AnalyzerOutput_validation/noHadWWindow/JetHT_C/JetHT_C_21.root
hadd Source file 16: /pnfs/knu.ac.kr/data/cms/store/user/junghyun/ttHH/AnalyzerOutput_validation/noHadWWindow/JetHT_C/JetHT_C_22.root
hadd Source file 17: /pnfs/knu.ac.kr/data/cms/store/user/junghyun/ttHH/AnalyzerOutput_validation/noHadWWindow/JetHT_C/JetHT_C_23.root
hadd Source file 18: /pnfs/knu.ac.kr/data/cms/store/user/junghyun/ttHH/AnalyzerOutput_validation/noHadWWindow/JetHT_C/JetHT_C_24.root
hadd Source file 19: /pnfs/knu.ac.kr/data/cms/store/user/junghyun/ttHH/AnalyzerOutput_validation/noHadWWindow/JetHT_C/JetHT_C_25.root
hadd Source file 20: /pnfs/knu.ac.kr/data/cms/store/user/junghyun/ttHH/AnalyzerOutput_validation/noHadWWindow/JetHT_C/JetHT_C_26.root
hadd Source file 21: /pnfs/knu.ac.kr/data/cms/store/user/junghyun/ttHH/AnalyzerOutput_validation/noHadWWindow/JetHT_C/JetHT_C_27.root
hadd Source file 22: /pnfs/knu.ac.kr/data/cms/store/user/junghyun/ttHH/AnalyzerOutput_validation/noHadWWindow/JetHT_C/JetHT_C_28.root
hadd Source file 23: /pnfs/knu.ac.kr/data/cms/store/user/junghyun/ttHH/AnalyzerOutput_validation/noHadWWindow/JetHT_C/JetHT_C_29.root
hadd Source file 24: /pnfs/knu.ac.kr/data/cms/store/user/junghyun/ttHH/AnalyzerOutput_validation/noHadWWindow/JetHT_C/JetHT_C_3.root
hadd Source file 25: /pnfs/knu.ac.kr/data/cms/store/user/junghyun/ttHH/AnalyzerOutput_validation/noHadWWindow/JetHT_C/JetHT_C_30.root
hadd Source file 26: /pnfs/knu.ac.kr/data/cms/store/user/junghyun/ttHH/AnalyzerOutput_validation/noHadWWindow/JetHT_C/JetHT_C_31.root
hadd Source file 27: /pnfs/knu.ac.kr/data/cms/store/user/junghyun/ttHH/AnalyzerOutput_validation/noHadWWindow/JetHT_C/JetHT_C_32.root
hadd Source file 28: /pnfs/knu.ac.kr/data/cms/store/user/junghyun/ttHH/AnalyzerOutput_validation/noHadWWindow/JetHT_C/JetHT_C_33.root
hadd Source file 29: /pnfs/knu.ac.kr/data/cms/store/user/junghyun/ttHH/AnalyzerOutput_validation/noHadWWindow/JetHT_C/JetHT_C_34.root
hadd Source file 30: /pnfs/knu.ac.kr/data/cms/store/user/junghyun/ttHH/AnalyzerOutput_validation/noHadWWindow/JetHT_C/JetHT_C_35.root
hadd Source file 31: /pnfs/knu.ac.kr/data/cms/store/user/junghyun/ttHH/AnalyzerOutput_validation/noHadWWindow/JetHT_C/JetHT_C_36.root
hadd Source file 32: /pnfs/knu.ac.kr/data/cms/store/user/junghyun/ttHH/AnalyzerOutput_validation/noHadWWindow/JetHT_C/JetHT_C_37.root
hadd Source file 33: /pnfs/knu.ac.kr/data/cms/store/user/junghyun/ttHH/AnalyzerOutput_validation/noHadWWindow/JetHT_C/JetHT_C_38.root
hadd Source file 34: /pnfs/knu.ac.kr/data/cms/store/user/junghyun/ttHH/AnalyzerOutput_validation/noHadWWindow/JetHT_C/JetHT_C_39.root
hadd Source file 35: /pnfs/knu.ac.kr/data/cms/store/user/junghyun/ttHH/AnalyzerOutput_validation/noHadWWindow/JetHT_C/JetHT_C_4.root
hadd Source file 36: /pnfs/knu.ac.kr/data/cms/store/user/junghyun/ttHH/AnalyzerOutput_validation/noHadWWindow/JetHT_C/JetHT_C_40.root
hadd Source file 37: /pnfs/knu.ac.kr/data/cms/store/user/junghyun/ttHH/AnalyzerOutput_validation/noHadWWindow/JetHT_C/JetHT_C_41.root
hadd Source file 38: /pnfs/knu.ac.kr/data/cms/store/user/junghyun/ttHH/AnalyzerOutput_validation/noHadWWindow/JetHT_C/JetHT_C_42.root
hadd Source file 39: /pnfs/knu.ac.kr/data/cms/store/user/junghyun/ttHH/AnalyzerOutput_validation/noHadWWindow/JetHT_C/JetHT_C_43.root
hadd Source file 40: /pnfs/knu.ac.kr/data/cms/store/user/junghyun/ttHH/AnalyzerOutput_validation/noHadWWindow/JetHT_C/JetHT_C_44.root
hadd Source file 41: /pnfs/knu.ac.kr/data/cms/store/user/junghyun/ttHH/AnalyzerOutput_validation/noHadWWindow/JetHT_C/JetHT_C_45.root
hadd Source file 42: /pnfs/knu.ac.kr/data/cms/store/user/junghyun/ttHH/AnalyzerOutput_validation/noHadWWindow/JetHT_C/JetHT_C_46.root
hadd Source file 43: /pnfs/knu.ac.kr/data/cms/store/user/junghyun/ttHH/AnalyzerOutput_validation/noHadWWindow/JetHT_C/JetHT_C_47.root
hadd Source file 44: /pnfs/knu.ac.kr/data/cms/store/user/junghyun/ttHH/AnalyzerOutput_validation/noHadWWindow/JetHT_C/JetHT_C_48.root
hadd Source file 45: /pnfs/knu.ac.kr/data/cms/store/user/junghyun/ttHH/AnalyzerOutput_validation/noHadWWindow/JetHT_C/JetHT_C_49.root
hadd Source file 46: /pnfs/knu.ac.kr/data/cms/store/user/junghyun/ttHH/AnalyzerOutput_validation/noHadWWindow/JetHT_C/JetHT_C_5.root
hadd Source file 47: /pnfs/knu.ac.kr/data/cms/store/user/junghyun/ttHH/AnalyzerOutput_validation/noHadWWindow/JetHT_C/JetHT_C_50.root
hadd Source file 48: /pnfs/knu.ac.kr/data/cms/store/user/junghyun/ttHH/AnalyzerOutput_validation/noHadWWindow/JetHT_C/JetHT_C_51.root
hadd Source file 49: /pnfs/knu.ac.kr/data/cms/store/user/junghyun/ttHH/AnalyzerOutput_validation/noHadWWindow/JetHT_C/JetHT_C_52.root
hadd Source file 50: /pnfs/knu.ac.kr/data/cms/store/user/junghyun/ttHH/AnalyzerOutput_validation/noHadWWindow/JetHT_C/JetHT_C_53.root
hadd Source file 51: /pnfs/knu.ac.kr/data/cms/store/user/junghyun/ttHH/AnalyzerOutput_validation/noHadWWindow/JetHT_C/JetHT_C_54.root
hadd Source file 52: /pnfs/knu.ac.kr/data/cms/store/user/junghyun/ttHH/AnalyzerOutput_validation/noHadWWindow/JetHT_C/JetHT_C_55.root
hadd Source file 53: /pnfs/knu.ac.kr/data/cms/store/user/junghyun/ttHH/AnalyzerOutput_validation/noHadWWindow/JetHT_C/JetHT_C_56.root
hadd Source file 54: /pnfs/knu.ac.kr/data/cms/store/user/junghyun/ttHH/AnalyzerOutput_validation/noHadWWindow/JetHT_C/JetHT_C_57.root
hadd Source file 55: /pnfs/knu.ac.kr/data/cms/store/user/junghyun/ttHH/AnalyzerOutput_validation/noHadWWindow/JetHT_C/JetHT_C_58.root
hadd Source file 56: /pnfs/knu.ac.kr/data/cms/store/user/junghyun/ttHH/AnalyzerOutput_validation/noHadWWindow/JetHT_C/JetHT_C_59.root
hadd Source file 57: /pnfs/knu.ac.kr/data/cms/store/user/junghyun/ttHH/AnalyzerOutput_validation/noHadWWindow/JetHT_C/JetHT_C_6.root
hadd Source file 58: /pnfs/knu.ac.kr/data/cms/store/user/junghyun/ttHH/AnalyzerOutput_validation/noHadWWindow/JetHT_C/JetHT_C_60.root
hadd Source file 59: /pnfs/knu.ac.kr/data/cms/store/user/junghyun/ttHH/AnalyzerOutput_validation/noHadWWindow/JetHT_C/JetHT_C_61.root
hadd Source file 60: /pnfs/knu.ac.kr/data/cms/store/user/junghyun/ttHH/AnalyzerOutput_validation/noHadWWindow/JetHT_C/JetHT_C_62.root
hadd Source file 61: /pnfs/knu.ac.kr/data/cms/store/user/junghyun/ttHH/AnalyzerOutput_validation/noHadWWindow/JetHT_C/JetHT_C_63.root
hadd Source file 62: /pnfs/knu.ac.kr/data/cms/store/user/junghyun/ttHH/AnalyzerOutput_validation/noHadWWindow/JetHT_C/JetHT_C_64.root
hadd Source file 63: /pnfs/knu.ac.kr/data/cms/store/user/junghyun/ttHH/AnalyzerOutput_validation/noHadWWindow/JetHT_C/JetHT_C_65.root
hadd Source file 64: /pnfs/knu.ac.kr/data/cms/store/user/junghyun/ttHH/AnalyzerOutput_validation/noHadWWindow/JetHT_C/JetHT_C_7.root
hadd Source file 65: /pnfs/knu.ac.kr/data/cms/store/user/junghyun/ttHH/AnalyzerOutput_validation/noHadWWindow/JetHT_C/JetHT_C_8.root
hadd Source file 66: /pnfs/knu.ac.kr/data/cms/store/user/junghyun/ttHH/AnalyzerOutput_validation/noHadWWindow/JetHT_C/JetHT_C_9.root
hadd Target path: /pnfs/knu.ac.kr/data/cms/store/user/junghyun/ttHH/AnalyzerOutput_validation/noHadWWindow/JetHT_C.root:/
hadd Target path: /pnfs/knu.ac.kr/data/cms/store/user/junghyun/ttHH/AnalyzerOutput_validation/noHadWWindow/JetHT_C.root:/jet
hadd Target path: /pnfs/knu.ac.kr/data/cms/store/user/junghyun/ttHH/AnalyzerOutput_validation/noHadWWindow/JetHT_C.root:/Lepton
hadd Target path: /pnfs/knu.ac.kr/data/cms/store/user/junghyun/ttHH/AnalyzerOutput_validation/noHadWWindow/JetHT_C.root:/CutflowKinematics
hadd Target path: /pnfs/knu.ac.kr/data/cms/store/user/junghyun/ttHH/AnalyzerOutput_validation/noHadWWindow/JetHT_C.root:/TtCatValidation
hadd Target path: /pnfs/knu.ac.kr/data/cms/store/user/junghyun/ttHH/AnalyzerOutput_validation/noHadWWindow/JetHT_C.root:/Tree
[hadd] OK
[hadd]   inputs   : 66 files
[hadd]   target   : /pnfs/knu.ac.kr/data/cms/store/user/junghyun/ttHH/AnalyzerOutput_validation/noHadWWindow/JetHT_C.root
[hadd]   size     : 935748 bytes
[hadd]   elapsed  : 7s

