
===============================================================
  hadd worker
===============================================================
  PWD           : /u/user/jhlee/ttHH/CMSSW_14_2_1/src/tempTTHH/outputMerger
  hostname      : cluster329.knu.ac.kr
  date          : Mon May  4 18:50:25 KST 2026
  argv          : /pnfs/knu.ac.kr/data/cms/store/user/junghyun/ttHH/AnalyzerOutput_validation/noTrigSF/TTTo2L2Nu /pnfs/knu.ac.kr/data/cms/store/user/junghyun/ttHH/AnalyzerOutput_validation/noTrigSF/TTTo2L2Nu.root
===============================================================
[env] sourcing cmsset_default.sh
[env] hadd: /cvmfs/cms.cern.ch/el9_amd64_gcc12/cms/cmssw/CMSSW_14_2_1/external/el9_amd64_gcc12/bin/hadd
[env] root: /cvmfs/cms.cern.ch/el9_amd64_gcc12/cms/cmssw/CMSSW_14_2_1/external/el9_amd64_gcc12/bin/root
[hadd] inputs: 99 files
[hadd] target: /pnfs/knu.ac.kr/data/cms/store/user/junghyun/ttHH/AnalyzerOutput_validation/noTrigSF/TTTo2L2Nu.root
[hadd] first few inputs:
/pnfs/knu.ac.kr/data/cms/store/user/junghyun/ttHH/AnalyzerOutput_validation/noTrigSF/TTTo2L2Nu/TTTo2L2Nu_0.root
/pnfs/knu.ac.kr/data/cms/store/user/junghyun/ttHH/AnalyzerOutput_validation/noTrigSF/TTTo2L2Nu/TTTo2L2Nu_1.root
/pnfs/knu.ac.kr/data/cms/store/user/junghyun/ttHH/AnalyzerOutput_validation/noTrigSF/TTTo2L2Nu/TTTo2L2Nu_10.root
[hadd] starting
Parallelizing  with 1 processes.
hadd Target file: /pnfs/knu.ac.kr/data/cms/store/user/junghyun/ttHH/AnalyzerOutput_validation/noTrigSF/TTTo2L2Nu.root
hadd compression setting for all output: 1
Each process should handle at least 3 files for efficiency. Setting the number of processes to: 1
hadd Source file 1: /pnfs/knu.ac.kr/data/cms/store/user/junghyun/ttHH/AnalyzerOutput_validation/noTrigSF/TTTo2L2Nu/TTTo2L2Nu_0.root
hadd Source file 2: /pnfs/knu.ac.kr/data/cms/store/user/junghyun/ttHH/AnalyzerOutput_validation/noTrigSF/TTTo2L2Nu/TTTo2L2Nu_1.root
hadd Source file 3: /pnfs/knu.ac.kr/data/cms/store/user/junghyun/ttHH/AnalyzerOutput_validation/noTrigSF/TTTo2L2Nu/TTTo2L2Nu_10.root
hadd Source file 4: /pnfs/knu.ac.kr/data/cms/store/user/junghyun/ttHH/AnalyzerOutput_validation/noTrigSF/TTTo2L2Nu/TTTo2L2Nu_11.root
hadd Source file 5: /pnfs/knu.ac.kr/data/cms/store/user/junghyun/ttHH/AnalyzerOutput_validation/noTrigSF/TTTo2L2Nu/TTTo2L2Nu_12.root
hadd Source file 6: /pnfs/knu.ac.kr/data/cms/store/user/junghyun/ttHH/AnalyzerOutput_validation/noTrigSF/TTTo2L2Nu/TTTo2L2Nu_13.root
hadd Source file 7: /pnfs/knu.ac.kr/data/cms/store/user/junghyun/ttHH/AnalyzerOutput_validation/noTrigSF/TTTo2L2Nu/TTTo2L2Nu_14.root
hadd Source file 8: /pnfs/knu.ac.kr/data/cms/store/user/junghyun/ttHH/AnalyzerOutput_validation/noTrigSF/TTTo2L2Nu/TTTo2L2Nu_15.root
hadd Source file 9: /pnfs/knu.ac.kr/data/cms/store/user/junghyun/ttHH/AnalyzerOutput_validation/noTrigSF/TTTo2L2Nu/TTTo2L2Nu_16.root
hadd Source file 10: /pnfs/knu.ac.kr/data/cms/store/user/junghyun/ttHH/AnalyzerOutput_validation/noTrigSF/TTTo2L2Nu/TTTo2L2Nu_17.root
hadd Source file 11: /pnfs/knu.ac.kr/data/cms/store/user/junghyun/ttHH/AnalyzerOutput_validation/noTrigSF/TTTo2L2Nu/TTTo2L2Nu_18.root
hadd Source file 12: /pnfs/knu.ac.kr/data/cms/store/user/junghyun/ttHH/AnalyzerOutput_validation/noTrigSF/TTTo2L2Nu/TTTo2L2Nu_19.root
hadd Source file 13: /pnfs/knu.ac.kr/data/cms/store/user/junghyun/ttHH/AnalyzerOutput_validation/noTrigSF/TTTo2L2Nu/TTTo2L2Nu_2.root
hadd Source file 14: /pnfs/knu.ac.kr/data/cms/store/user/junghyun/ttHH/AnalyzerOutput_validation/noTrigSF/TTTo2L2Nu/TTTo2L2Nu_20.root
hadd Source file 15: /pnfs/knu.ac.kr/data/cms/store/user/junghyun/ttHH/AnalyzerOutput_validation/noTrigSF/TTTo2L2Nu/TTTo2L2Nu_21.root
hadd Source file 16: /pnfs/knu.ac.kr/data/cms/store/user/junghyun/ttHH/AnalyzerOutput_validation/noTrigSF/TTTo2L2Nu/TTTo2L2Nu_22.root
hadd Source file 17: /pnfs/knu.ac.kr/data/cms/store/user/junghyun/ttHH/AnalyzerOutput_validation/noTrigSF/TTTo2L2Nu/TTTo2L2Nu_23.root
hadd Source file 18: /pnfs/knu.ac.kr/data/cms/store/user/junghyun/ttHH/AnalyzerOutput_validation/noTrigSF/TTTo2L2Nu/TTTo2L2Nu_24.root
hadd Source file 19: /pnfs/knu.ac.kr/data/cms/store/user/junghyun/ttHH/AnalyzerOutput_validation/noTrigSF/TTTo2L2Nu/TTTo2L2Nu_25.root
hadd Source file 20: /pnfs/knu.ac.kr/data/cms/store/user/junghyun/ttHH/AnalyzerOutput_validation/noTrigSF/TTTo2L2Nu/TTTo2L2Nu_26.root
hadd Source file 21: /pnfs/knu.ac.kr/data/cms/store/user/junghyun/ttHH/AnalyzerOutput_validation/noTrigSF/TTTo2L2Nu/TTTo2L2Nu_27.root
hadd Source file 22: /pnfs/knu.ac.kr/data/cms/store/user/junghyun/ttHH/AnalyzerOutput_validation/noTrigSF/TTTo2L2Nu/TTTo2L2Nu_28.root
hadd Source file 23: /pnfs/knu.ac.kr/data/cms/store/user/junghyun/ttHH/AnalyzerOutput_validation/noTrigSF/TTTo2L2Nu/TTTo2L2Nu_29.root
hadd Source file 24: /pnfs/knu.ac.kr/data/cms/store/user/junghyun/ttHH/AnalyzerOutput_validation/noTrigSF/TTTo2L2Nu/TTTo2L2Nu_3.root
hadd Source file 25: /pnfs/knu.ac.kr/data/cms/store/user/junghyun/ttHH/AnalyzerOutput_validation/noTrigSF/TTTo2L2Nu/TTTo2L2Nu_30.root
hadd Source file 26: /pnfs/knu.ac.kr/data/cms/store/user/junghyun/ttHH/AnalyzerOutput_validation/noTrigSF/TTTo2L2Nu/TTTo2L2Nu_31.root
hadd Source file 27: /pnfs/knu.ac.kr/data/cms/store/user/junghyun/ttHH/AnalyzerOutput_validation/noTrigSF/TTTo2L2Nu/TTTo2L2Nu_32.root
hadd Source file 28: /pnfs/knu.ac.kr/data/cms/store/user/junghyun/ttHH/AnalyzerOutput_validation/noTrigSF/TTTo2L2Nu/TTTo2L2Nu_33.root
hadd Source file 29: /pnfs/knu.ac.kr/data/cms/store/user/junghyun/ttHH/AnalyzerOutput_validation/noTrigSF/TTTo2L2Nu/TTTo2L2Nu_34.root
hadd Source file 30: /pnfs/knu.ac.kr/data/cms/store/user/junghyun/ttHH/AnalyzerOutput_validation/noTrigSF/TTTo2L2Nu/TTTo2L2Nu_35.root
hadd Source file 31: /pnfs/knu.ac.kr/data/cms/store/user/junghyun/ttHH/AnalyzerOutput_validation/noTrigSF/TTTo2L2Nu/TTTo2L2Nu_36.root
hadd Source file 32: /pnfs/knu.ac.kr/data/cms/store/user/junghyun/ttHH/AnalyzerOutput_validation/noTrigSF/TTTo2L2Nu/TTTo2L2Nu_37.root
hadd Source file 33: /pnfs/knu.ac.kr/data/cms/store/user/junghyun/ttHH/AnalyzerOutput_validation/noTrigSF/TTTo2L2Nu/TTTo2L2Nu_38.root
hadd Source file 34: /pnfs/knu.ac.kr/data/cms/store/user/junghyun/ttHH/AnalyzerOutput_validation/noTrigSF/TTTo2L2Nu/TTTo2L2Nu_39.root
hadd Source file 35: /pnfs/knu.ac.kr/data/cms/store/user/junghyun/ttHH/AnalyzerOutput_validation/noTrigSF/TTTo2L2Nu/TTTo2L2Nu_4.root
hadd Source file 36: /pnfs/knu.ac.kr/data/cms/store/user/junghyun/ttHH/AnalyzerOutput_validation/noTrigSF/TTTo2L2Nu/TTTo2L2Nu_40.root
hadd Source file 37: /pnfs/knu.ac.kr/data/cms/store/user/junghyun/ttHH/AnalyzerOutput_validation/noTrigSF/TTTo2L2Nu/TTTo2L2Nu_41.root
hadd Source file 38: /pnfs/knu.ac.kr/data/cms/store/user/junghyun/ttHH/AnalyzerOutput_validation/noTrigSF/TTTo2L2Nu/TTTo2L2Nu_42.root
hadd Source file 39: /pnfs/knu.ac.kr/data/cms/store/user/junghyun/ttHH/AnalyzerOutput_validation/noTrigSF/TTTo2L2Nu/TTTo2L2Nu_43.root
hadd Source file 40: /pnfs/knu.ac.kr/data/cms/store/user/junghyun/ttHH/AnalyzerOutput_validation/noTrigSF/TTTo2L2Nu/TTTo2L2Nu_44.root
hadd Source file 41: /pnfs/knu.ac.kr/data/cms/store/user/junghyun/ttHH/AnalyzerOutput_validation/noTrigSF/TTTo2L2Nu/TTTo2L2Nu_45.root
hadd Source file 42: /pnfs/knu.ac.kr/data/cms/store/user/junghyun/ttHH/AnalyzerOutput_validation/noTrigSF/TTTo2L2Nu/TTTo2L2Nu_46.root
hadd Source file 43: /pnfs/knu.ac.kr/data/cms/store/user/junghyun/ttHH/AnalyzerOutput_validation/noTrigSF/TTTo2L2Nu/TTTo2L2Nu_47.root
hadd Source file 44: /pnfs/knu.ac.kr/data/cms/store/user/junghyun/ttHH/AnalyzerOutput_validation/noTrigSF/TTTo2L2Nu/TTTo2L2Nu_48.root
hadd Source file 45: /pnfs/knu.ac.kr/data/cms/store/user/junghyun/ttHH/AnalyzerOutput_validation/noTrigSF/TTTo2L2Nu/TTTo2L2Nu_49.root
hadd Source file 46: /pnfs/knu.ac.kr/data/cms/store/user/junghyun/ttHH/AnalyzerOutput_validation/noTrigSF/TTTo2L2Nu/TTTo2L2Nu_5.root
hadd Source file 47: /pnfs/knu.ac.kr/data/cms/store/user/junghyun/ttHH/AnalyzerOutput_validation/noTrigSF/TTTo2L2Nu/TTTo2L2Nu_50.root
hadd Source file 48: /pnfs/knu.ac.kr/data/cms/store/user/junghyun/ttHH/AnalyzerOutput_validation/noTrigSF/TTTo2L2Nu/TTTo2L2Nu_51.root
hadd Source file 49: /pnfs/knu.ac.kr/data/cms/store/user/junghyun/ttHH/AnalyzerOutput_validation/noTrigSF/TTTo2L2Nu/TTTo2L2Nu_52.root
hadd Source file 50: /pnfs/knu.ac.kr/data/cms/store/user/junghyun/ttHH/AnalyzerOutput_validation/noTrigSF/TTTo2L2Nu/TTTo2L2Nu_53.root
hadd Source file 51: /pnfs/knu.ac.kr/data/cms/store/user/junghyun/ttHH/AnalyzerOutput_validation/noTrigSF/TTTo2L2Nu/TTTo2L2Nu_54.root
hadd Source file 52: /pnfs/knu.ac.kr/data/cms/store/user/junghyun/ttHH/AnalyzerOutput_validation/noTrigSF/TTTo2L2Nu/TTTo2L2Nu_55.root
hadd Source file 53: /pnfs/knu.ac.kr/data/cms/store/user/junghyun/ttHH/AnalyzerOutput_validation/noTrigSF/TTTo2L2Nu/TTTo2L2Nu_56.root
hadd Source file 54: /pnfs/knu.ac.kr/data/cms/store/user/junghyun/ttHH/AnalyzerOutput_validation/noTrigSF/TTTo2L2Nu/TTTo2L2Nu_57.root
hadd Source file 55: /pnfs/knu.ac.kr/data/cms/store/user/junghyun/ttHH/AnalyzerOutput_validation/noTrigSF/TTTo2L2Nu/TTTo2L2Nu_58.root
hadd Source file 56: /pnfs/knu.ac.kr/data/cms/store/user/junghyun/ttHH/AnalyzerOutput_validation/noTrigSF/TTTo2L2Nu/TTTo2L2Nu_59.root
hadd Source file 57: /pnfs/knu.ac.kr/data/cms/store/user/junghyun/ttHH/AnalyzerOutput_validation/noTrigSF/TTTo2L2Nu/TTTo2L2Nu_6.root
hadd Source file 58: /pnfs/knu.ac.kr/data/cms/store/user/junghyun/ttHH/AnalyzerOutput_validation/noTrigSF/TTTo2L2Nu/TTTo2L2Nu_60.root
hadd Source file 59: /pnfs/knu.ac.kr/data/cms/store/user/junghyun/ttHH/AnalyzerOutput_validation/noTrigSF/TTTo2L2Nu/TTTo2L2Nu_61.root
hadd Source file 60: /pnfs/knu.ac.kr/data/cms/store/user/junghyun/ttHH/AnalyzerOutput_validation/noTrigSF/TTTo2L2Nu/TTTo2L2Nu_62.root
hadd Source file 61: /pnfs/knu.ac.kr/data/cms/store/user/junghyun/ttHH/AnalyzerOutput_validation/noTrigSF/TTTo2L2Nu/TTTo2L2Nu_63.root
hadd Source file 62: /pnfs/knu.ac.kr/data/cms/store/user/junghyun/ttHH/AnalyzerOutput_validation/noTrigSF/TTTo2L2Nu/TTTo2L2Nu_64.root
hadd Source file 63: /pnfs/knu.ac.kr/data/cms/store/user/junghyun/ttHH/AnalyzerOutput_validation/noTrigSF/TTTo2L2Nu/TTTo2L2Nu_65.root
hadd Source file 64: /pnfs/knu.ac.kr/data/cms/store/user/junghyun/ttHH/AnalyzerOutput_validation/noTrigSF/TTTo2L2Nu/TTTo2L2Nu_66.root
hadd Source file 65: /pnfs/knu.ac.kr/data/cms/store/user/junghyun/ttHH/AnalyzerOutput_validation/noTrigSF/TTTo2L2Nu/TTTo2L2Nu_67.root
hadd Source file 66: /pnfs/knu.ac.kr/data/cms/store/user/junghyun/ttHH/AnalyzerOutput_validation/noTrigSF/TTTo2L2Nu/TTTo2L2Nu_68.root
hadd Source file 67: /pnfs/knu.ac.kr/data/cms/store/user/junghyun/ttHH/AnalyzerOutput_validation/noTrigSF/TTTo2L2Nu/TTTo2L2Nu_69.root
hadd Source file 68: /pnfs/knu.ac.kr/data/cms/store/user/junghyun/ttHH/AnalyzerOutput_validation/noTrigSF/TTTo2L2Nu/TTTo2L2Nu_7.root
hadd Source file 69: /pnfs/knu.ac.kr/data/cms/store/user/junghyun/ttHH/AnalyzerOutput_validation/noTrigSF/TTTo2L2Nu/TTTo2L2Nu_70.root
hadd Source file 70: /pnfs/knu.ac.kr/data/cms/store/user/junghyun/ttHH/AnalyzerOutput_validation/noTrigSF/TTTo2L2Nu/TTTo2L2Nu_71.root
hadd Source file 71: /pnfs/knu.ac.kr/data/cms/store/user/junghyun/ttHH/AnalyzerOutput_validation/noTrigSF/TTTo2L2Nu/TTTo2L2Nu_72.root
hadd Source file 72: /pnfs/knu.ac.kr/data/cms/store/user/junghyun/ttHH/AnalyzerOutput_validation/noTrigSF/TTTo2L2Nu/TTTo2L2Nu_73.root
hadd Source file 73: /pnfs/knu.ac.kr/data/cms/store/user/junghyun/ttHH/AnalyzerOutput_validation/noTrigSF/TTTo2L2Nu/TTTo2L2Nu_74.root
hadd Source file 74: /pnfs/knu.ac.kr/data/cms/store/user/junghyun/ttHH/AnalyzerOutput_validation/noTrigSF/TTTo2L2Nu/TTTo2L2Nu_75.root
hadd Source file 75: /pnfs/knu.ac.kr/data/cms/store/user/junghyun/ttHH/AnalyzerOutput_validation/noTrigSF/TTTo2L2Nu/TTTo2L2Nu_76.root
hadd Source file 76: /pnfs/knu.ac.kr/data/cms/store/user/junghyun/ttHH/AnalyzerOutput_validation/noTrigSF/TTTo2L2Nu/TTTo2L2Nu_77.root
hadd Source file 77: /pnfs/knu.ac.kr/data/cms/store/user/junghyun/ttHH/AnalyzerOutput_validation/noTrigSF/TTTo2L2Nu/TTTo2L2Nu_78.root
hadd Source file 78: /pnfs/knu.ac.kr/data/cms/store/user/junghyun/ttHH/AnalyzerOutput_validation/noTrigSF/TTTo2L2Nu/TTTo2L2Nu_79.root
hadd Source file 79: /pnfs/knu.ac.kr/data/cms/store/user/junghyun/ttHH/AnalyzerOutput_validation/noTrigSF/TTTo2L2Nu/TTTo2L2Nu_8.root
hadd Source file 80: /pnfs/knu.ac.kr/data/cms/store/user/junghyun/ttHH/AnalyzerOutput_validation/noTrigSF/TTTo2L2Nu/TTTo2L2Nu_80.root
hadd Source file 81: /pnfs/knu.ac.kr/data/cms/store/user/junghyun/ttHH/AnalyzerOutput_validation/noTrigSF/TTTo2L2Nu/TTTo2L2Nu_81.root
hadd Source file 82: /pnfs/knu.ac.kr/data/cms/store/user/junghyun/ttHH/AnalyzerOutput_validation/noTrigSF/TTTo2L2Nu/TTTo2L2Nu_82.root
hadd Source file 83: /pnfs/knu.ac.kr/data/cms/store/user/junghyun/ttHH/AnalyzerOutput_validation/noTrigSF/TTTo2L2Nu/TTTo2L2Nu_83.root
hadd Source file 84: /pnfs/knu.ac.kr/data/cms/store/user/junghyun/ttHH/AnalyzerOutput_validation/noTrigSF/TTTo2L2Nu/TTTo2L2Nu_84.root
hadd Source file 85: /pnfs/knu.ac.kr/data/cms/store/user/junghyun/ttHH/AnalyzerOutput_validation/noTrigSF/TTTo2L2Nu/TTTo2L2Nu_85.root
hadd Source file 86: /pnfs/knu.ac.kr/data/cms/store/user/junghyun/ttHH/AnalyzerOutput_validation/noTrigSF/TTTo2L2Nu/TTTo2L2Nu_86.root
hadd Source file 87: /pnfs/knu.ac.kr/data/cms/store/user/junghyun/ttHH/AnalyzerOutput_validation/noTrigSF/TTTo2L2Nu/TTTo2L2Nu_87.root
hadd Source file 88: /pnfs/knu.ac.kr/data/cms/store/user/junghyun/ttHH/AnalyzerOutput_validation/noTrigSF/TTTo2L2Nu/TTTo2L2Nu_88.root
hadd Source file 89: /pnfs/knu.ac.kr/data/cms/store/user/junghyun/ttHH/AnalyzerOutput_validation/noTrigSF/TTTo2L2Nu/TTTo2L2Nu_89.root
hadd Source file 90: /pnfs/knu.ac.kr/data/cms/store/user/junghyun/ttHH/AnalyzerOutput_validation/noTrigSF/TTTo2L2Nu/TTTo2L2Nu_9.root
hadd Source file 91: /pnfs/knu.ac.kr/data/cms/store/user/junghyun/ttHH/AnalyzerOutput_validation/noTrigSF/TTTo2L2Nu/TTTo2L2Nu_90.root
hadd Source file 92: /pnfs/knu.ac.kr/data/cms/store/user/junghyun/ttHH/AnalyzerOutput_validation/noTrigSF/TTTo2L2Nu/TTTo2L2Nu_91.root
hadd Source file 93: /pnfs/knu.ac.kr/data/cms/store/user/junghyun/ttHH/AnalyzerOutput_validation/noTrigSF/TTTo2L2Nu/TTTo2L2Nu_92.root
hadd Source file 94: /pnfs/knu.ac.kr/data/cms/store/user/junghyun/ttHH/AnalyzerOutput_validation/noTrigSF/TTTo2L2Nu/TTTo2L2Nu_93.root
hadd Source file 95: /pnfs/knu.ac.kr/data/cms/store/user/junghyun/ttHH/AnalyzerOutput_validation/noTrigSF/TTTo2L2Nu/TTTo2L2Nu_94.root
hadd Source file 96: /pnfs/knu.ac.kr/data/cms/store/user/junghyun/ttHH/AnalyzerOutput_validation/noTrigSF/TTTo2L2Nu/TTTo2L2Nu_95.root
hadd Source file 97: /pnfs/knu.ac.kr/data/cms/store/user/junghyun/ttHH/AnalyzerOutput_validation/noTrigSF/TTTo2L2Nu/TTTo2L2Nu_96.root
hadd Source file 98: /pnfs/knu.ac.kr/data/cms/store/user/junghyun/ttHH/AnalyzerOutput_validation/noTrigSF/TTTo2L2Nu/TTTo2L2Nu_97.root
hadd Source file 99: /pnfs/knu.ac.kr/data/cms/store/user/junghyun/ttHH/AnalyzerOutput_validation/noTrigSF/TTTo2L2Nu/TTTo2L2Nu_98.root
hadd Target path: /pnfs/knu.ac.kr/data/cms/store/user/junghyun/ttHH/AnalyzerOutput_validation/noTrigSF/TTTo2L2Nu.root:/
hadd Target path: /pnfs/knu.ac.kr/data/cms/store/user/junghyun/ttHH/AnalyzerOutput_validation/noTrigSF/TTTo2L2Nu.root:/jet
hadd Target path: /pnfs/knu.ac.kr/data/cms/store/user/junghyun/ttHH/AnalyzerOutput_validation/noTrigSF/TTTo2L2Nu.root:/Lepton
hadd Target path: /pnfs/knu.ac.kr/data/cms/store/user/junghyun/ttHH/AnalyzerOutput_validation/noTrigSF/TTTo2L2Nu.root:/CutflowKinematics
hadd Target path: /pnfs/knu.ac.kr/data/cms/store/user/junghyun/ttHH/AnalyzerOutput_validation/noTrigSF/TTTo2L2Nu.root:/TtCatValidation
hadd Target path: /pnfs/knu.ac.kr/data/cms/store/user/junghyun/ttHH/AnalyzerOutput_validation/noTrigSF/TTTo2L2Nu.root:/Tree
[hadd] OK
[hadd]   inputs   : 99 files
[hadd]   target   : /pnfs/knu.ac.kr/data/cms/store/user/junghyun/ttHH/AnalyzerOutput_validation/noTrigSF/TTTo2L2Nu.root
[hadd]   size     : 1033364 bytes
[hadd]   elapsed  : 15s

