
===============================================================
  hadd worker
===============================================================
  PWD           : /u/user/jhlee/ttHH/CMSSW_14_2_1/src/tempTTHH/outputMerger
  hostname      : cluster344.knu.ac.kr
  date          : Mon May  4 18:47:32 KST 2026
  argv          : /pnfs/knu.ac.kr/data/cms/store/user/junghyun/ttHH/AnalyzerOutput_validation/bcut1/BTagCSV_F /pnfs/knu.ac.kr/data/cms/store/user/junghyun/ttHH/AnalyzerOutput_validation/bcut1/BTagCSV_F.root
===============================================================
[env] sourcing cmsset_default.sh
[env] hadd: /cvmfs/cms.cern.ch/el9_amd64_gcc12/cms/cmssw/CMSSW_14_2_1/external/el9_amd64_gcc12/bin/hadd
[env] root: /cvmfs/cms.cern.ch/el9_amd64_gcc12/cms/cmssw/CMSSW_14_2_1/external/el9_amd64_gcc12/bin/root
[hadd] inputs: 78 files
[hadd] target: /pnfs/knu.ac.kr/data/cms/store/user/junghyun/ttHH/AnalyzerOutput_validation/bcut1/BTagCSV_F.root
[hadd] first few inputs:
/pnfs/knu.ac.kr/data/cms/store/user/junghyun/ttHH/AnalyzerOutput_validation/bcut1/BTagCSV_F/BTagCSV_F_0.root
/pnfs/knu.ac.kr/data/cms/store/user/junghyun/ttHH/AnalyzerOutput_validation/bcut1/BTagCSV_F/BTagCSV_F_1.root
/pnfs/knu.ac.kr/data/cms/store/user/junghyun/ttHH/AnalyzerOutput_validation/bcut1/BTagCSV_F/BTagCSV_F_10.root
[hadd] starting
Parallelizing  with 1 processes.
hadd Target file: /pnfs/knu.ac.kr/data/cms/store/user/junghyun/ttHH/AnalyzerOutput_validation/bcut1/BTagCSV_F.root
hadd compression setting for all output: 1
Each process should handle at least 3 files for efficiency. Setting the number of processes to: 1
hadd Source file 1: /pnfs/knu.ac.kr/data/cms/store/user/junghyun/ttHH/AnalyzerOutput_validation/bcut1/BTagCSV_F/BTagCSV_F_0.root
hadd Source file 2: /pnfs/knu.ac.kr/data/cms/store/user/junghyun/ttHH/AnalyzerOutput_validation/bcut1/BTagCSV_F/BTagCSV_F_1.root
hadd Source file 3: /pnfs/knu.ac.kr/data/cms/store/user/junghyun/ttHH/AnalyzerOutput_validation/bcut1/BTagCSV_F/BTagCSV_F_10.root
hadd Source file 4: /pnfs/knu.ac.kr/data/cms/store/user/junghyun/ttHH/AnalyzerOutput_validation/bcut1/BTagCSV_F/BTagCSV_F_11.root
hadd Source file 5: /pnfs/knu.ac.kr/data/cms/store/user/junghyun/ttHH/AnalyzerOutput_validation/bcut1/BTagCSV_F/BTagCSV_F_12.root
hadd Source file 6: /pnfs/knu.ac.kr/data/cms/store/user/junghyun/ttHH/AnalyzerOutput_validation/bcut1/BTagCSV_F/BTagCSV_F_13.root
hadd Source file 7: /pnfs/knu.ac.kr/data/cms/store/user/junghyun/ttHH/AnalyzerOutput_validation/bcut1/BTagCSV_F/BTagCSV_F_14.root
hadd Source file 8: /pnfs/knu.ac.kr/data/cms/store/user/junghyun/ttHH/AnalyzerOutput_validation/bcut1/BTagCSV_F/BTagCSV_F_15.root
hadd Source file 9: /pnfs/knu.ac.kr/data/cms/store/user/junghyun/ttHH/AnalyzerOutput_validation/bcut1/BTagCSV_F/BTagCSV_F_16.root
hadd Source file 10: /pnfs/knu.ac.kr/data/cms/store/user/junghyun/ttHH/AnalyzerOutput_validation/bcut1/BTagCSV_F/BTagCSV_F_17.root
hadd Source file 11: /pnfs/knu.ac.kr/data/cms/store/user/junghyun/ttHH/AnalyzerOutput_validation/bcut1/BTagCSV_F/BTagCSV_F_18.root
hadd Source file 12: /pnfs/knu.ac.kr/data/cms/store/user/junghyun/ttHH/AnalyzerOutput_validation/bcut1/BTagCSV_F/BTagCSV_F_19.root
hadd Source file 13: /pnfs/knu.ac.kr/data/cms/store/user/junghyun/ttHH/AnalyzerOutput_validation/bcut1/BTagCSV_F/BTagCSV_F_2.root
hadd Source file 14: /pnfs/knu.ac.kr/data/cms/store/user/junghyun/ttHH/AnalyzerOutput_validation/bcut1/BTagCSV_F/BTagCSV_F_20.root
hadd Source file 15: /pnfs/knu.ac.kr/data/cms/store/user/junghyun/ttHH/AnalyzerOutput_validation/bcut1/BTagCSV_F/BTagCSV_F_21.root
hadd Source file 16: /pnfs/knu.ac.kr/data/cms/store/user/junghyun/ttHH/AnalyzerOutput_validation/bcut1/BTagCSV_F/BTagCSV_F_22.root
hadd Source file 17: /pnfs/knu.ac.kr/data/cms/store/user/junghyun/ttHH/AnalyzerOutput_validation/bcut1/BTagCSV_F/BTagCSV_F_23.root
hadd Source file 18: /pnfs/knu.ac.kr/data/cms/store/user/junghyun/ttHH/AnalyzerOutput_validation/bcut1/BTagCSV_F/BTagCSV_F_24.root
hadd Source file 19: /pnfs/knu.ac.kr/data/cms/store/user/junghyun/ttHH/AnalyzerOutput_validation/bcut1/BTagCSV_F/BTagCSV_F_25.root
hadd Source file 20: /pnfs/knu.ac.kr/data/cms/store/user/junghyun/ttHH/AnalyzerOutput_validation/bcut1/BTagCSV_F/BTagCSV_F_26.root
hadd Source file 21: /pnfs/knu.ac.kr/data/cms/store/user/junghyun/ttHH/AnalyzerOutput_validation/bcut1/BTagCSV_F/BTagCSV_F_27.root
hadd Source file 22: /pnfs/knu.ac.kr/data/cms/store/user/junghyun/ttHH/AnalyzerOutput_validation/bcut1/BTagCSV_F/BTagCSV_F_28.root
hadd Source file 23: /pnfs/knu.ac.kr/data/cms/store/user/junghyun/ttHH/AnalyzerOutput_validation/bcut1/BTagCSV_F/BTagCSV_F_29.root
hadd Source file 24: /pnfs/knu.ac.kr/data/cms/store/user/junghyun/ttHH/AnalyzerOutput_validation/bcut1/BTagCSV_F/BTagCSV_F_3.root
hadd Source file 25: /pnfs/knu.ac.kr/data/cms/store/user/junghyun/ttHH/AnalyzerOutput_validation/bcut1/BTagCSV_F/BTagCSV_F_30.root
hadd Source file 26: /pnfs/knu.ac.kr/data/cms/store/user/junghyun/ttHH/AnalyzerOutput_validation/bcut1/BTagCSV_F/BTagCSV_F_31.root
hadd Source file 27: /pnfs/knu.ac.kr/data/cms/store/user/junghyun/ttHH/AnalyzerOutput_validation/bcut1/BTagCSV_F/BTagCSV_F_32.root
hadd Source file 28: /pnfs/knu.ac.kr/data/cms/store/user/junghyun/ttHH/AnalyzerOutput_validation/bcut1/BTagCSV_F/BTagCSV_F_33.root
hadd Source file 29: /pnfs/knu.ac.kr/data/cms/store/user/junghyun/ttHH/AnalyzerOutput_validation/bcut1/BTagCSV_F/BTagCSV_F_34.root
hadd Source file 30: /pnfs/knu.ac.kr/data/cms/store/user/junghyun/ttHH/AnalyzerOutput_validation/bcut1/BTagCSV_F/BTagCSV_F_35.root
hadd Source file 31: /pnfs/knu.ac.kr/data/cms/store/user/junghyun/ttHH/AnalyzerOutput_validation/bcut1/BTagCSV_F/BTagCSV_F_36.root
hadd Source file 32: /pnfs/knu.ac.kr/data/cms/store/user/junghyun/ttHH/AnalyzerOutput_validation/bcut1/BTagCSV_F/BTagCSV_F_37.root
hadd Source file 33: /pnfs/knu.ac.kr/data/cms/store/user/junghyun/ttHH/AnalyzerOutput_validation/bcut1/BTagCSV_F/BTagCSV_F_38.root
hadd Source file 34: /pnfs/knu.ac.kr/data/cms/store/user/junghyun/ttHH/AnalyzerOutput_validation/bcut1/BTagCSV_F/BTagCSV_F_39.root
hadd Source file 35: /pnfs/knu.ac.kr/data/cms/store/user/junghyun/ttHH/AnalyzerOutput_validation/bcut1/BTagCSV_F/BTagCSV_F_4.root
hadd Source file 36: /pnfs/knu.ac.kr/data/cms/store/user/junghyun/ttHH/AnalyzerOutput_validation/bcut1/BTagCSV_F/BTagCSV_F_40.root
hadd Source file 37: /pnfs/knu.ac.kr/data/cms/store/user/junghyun/ttHH/AnalyzerOutput_validation/bcut1/BTagCSV_F/BTagCSV_F_41.root
hadd Source file 38: /pnfs/knu.ac.kr/data/cms/store/user/junghyun/ttHH/AnalyzerOutput_validation/bcut1/BTagCSV_F/BTagCSV_F_42.root
hadd Source file 39: /pnfs/knu.ac.kr/data/cms/store/user/junghyun/ttHH/AnalyzerOutput_validation/bcut1/BTagCSV_F/BTagCSV_F_43.root
hadd Source file 40: /pnfs/knu.ac.kr/data/cms/store/user/junghyun/ttHH/AnalyzerOutput_validation/bcut1/BTagCSV_F/BTagCSV_F_44.root
hadd Source file 41: /pnfs/knu.ac.kr/data/cms/store/user/junghyun/ttHH/AnalyzerOutput_validation/bcut1/BTagCSV_F/BTagCSV_F_45.root
hadd Source file 42: /pnfs/knu.ac.kr/data/cms/store/user/junghyun/ttHH/AnalyzerOutput_validation/bcut1/BTagCSV_F/BTagCSV_F_46.root
hadd Source file 43: /pnfs/knu.ac.kr/data/cms/store/user/junghyun/ttHH/AnalyzerOutput_validation/bcut1/BTagCSV_F/BTagCSV_F_47.root
hadd Source file 44: /pnfs/knu.ac.kr/data/cms/store/user/junghyun/ttHH/AnalyzerOutput_validation/bcut1/BTagCSV_F/BTagCSV_F_48.root
hadd Source file 45: /pnfs/knu.ac.kr/data/cms/store/user/junghyun/ttHH/AnalyzerOutput_validation/bcut1/BTagCSV_F/BTagCSV_F_49.root
hadd Source file 46: /pnfs/knu.ac.kr/data/cms/store/user/junghyun/ttHH/AnalyzerOutput_validation/bcut1/BTagCSV_F/BTagCSV_F_5.root
hadd Source file 47: /pnfs/knu.ac.kr/data/cms/store/user/junghyun/ttHH/AnalyzerOutput_validation/bcut1/BTagCSV_F/BTagCSV_F_50.root
hadd Source file 48: /pnfs/knu.ac.kr/data/cms/store/user/junghyun/ttHH/AnalyzerOutput_validation/bcut1/BTagCSV_F/BTagCSV_F_51.root
hadd Source file 49: /pnfs/knu.ac.kr/data/cms/store/user/junghyun/ttHH/AnalyzerOutput_validation/bcut1/BTagCSV_F/BTagCSV_F_52.root
hadd Source file 50: /pnfs/knu.ac.kr/data/cms/store/user/junghyun/ttHH/AnalyzerOutput_validation/bcut1/BTagCSV_F/BTagCSV_F_53.root
hadd Source file 51: /pnfs/knu.ac.kr/data/cms/store/user/junghyun/ttHH/AnalyzerOutput_validation/bcut1/BTagCSV_F/BTagCSV_F_54.root
hadd Source file 52: /pnfs/knu.ac.kr/data/cms/store/user/junghyun/ttHH/AnalyzerOutput_validation/bcut1/BTagCSV_F/BTagCSV_F_55.root
hadd Source file 53: /pnfs/knu.ac.kr/data/cms/store/user/junghyun/ttHH/AnalyzerOutput_validation/bcut1/BTagCSV_F/BTagCSV_F_56.root
hadd Source file 54: /pnfs/knu.ac.kr/data/cms/store/user/junghyun/ttHH/AnalyzerOutput_validation/bcut1/BTagCSV_F/BTagCSV_F_57.root
hadd Source file 55: /pnfs/knu.ac.kr/data/cms/store/user/junghyun/ttHH/AnalyzerOutput_validation/bcut1/BTagCSV_F/BTagCSV_F_58.root
hadd Source file 56: /pnfs/knu.ac.kr/data/cms/store/user/junghyun/ttHH/AnalyzerOutput_validation/bcut1/BTagCSV_F/BTagCSV_F_59.root
hadd Source file 57: /pnfs/knu.ac.kr/data/cms/store/user/junghyun/ttHH/AnalyzerOutput_validation/bcut1/BTagCSV_F/BTagCSV_F_6.root
hadd Source file 58: /pnfs/knu.ac.kr/data/cms/store/user/junghyun/ttHH/AnalyzerOutput_validation/bcut1/BTagCSV_F/BTagCSV_F_60.root
hadd Source file 59: /pnfs/knu.ac.kr/data/cms/store/user/junghyun/ttHH/AnalyzerOutput_validation/bcut1/BTagCSV_F/BTagCSV_F_61.root
hadd Source file 60: /pnfs/knu.ac.kr/data/cms/store/user/junghyun/ttHH/AnalyzerOutput_validation/bcut1/BTagCSV_F/BTagCSV_F_62.root
hadd Source file 61: /pnfs/knu.ac.kr/data/cms/store/user/junghyun/ttHH/AnalyzerOutput_validation/bcut1/BTagCSV_F/BTagCSV_F_63.root
hadd Source file 62: /pnfs/knu.ac.kr/data/cms/store/user/junghyun/ttHH/AnalyzerOutput_validation/bcut1/BTagCSV_F/BTagCSV_F_64.root
hadd Source file 63: /pnfs/knu.ac.kr/data/cms/store/user/junghyun/ttHH/AnalyzerOutput_validation/bcut1/BTagCSV_F/BTagCSV_F_65.root
hadd Source file 64: /pnfs/knu.ac.kr/data/cms/store/user/junghyun/ttHH/AnalyzerOutput_validation/bcut1/BTagCSV_F/BTagCSV_F_66.root
hadd Source file 65: /pnfs/knu.ac.kr/data/cms/store/user/junghyun/ttHH/AnalyzerOutput_validation/bcut1/BTagCSV_F/BTagCSV_F_67.root
hadd Source file 66: /pnfs/knu.ac.kr/data/cms/store/user/junghyun/ttHH/AnalyzerOutput_validation/bcut1/BTagCSV_F/BTagCSV_F_68.root
hadd Source file 67: /pnfs/knu.ac.kr/data/cms/store/user/junghyun/ttHH/AnalyzerOutput_validation/bcut1/BTagCSV_F/BTagCSV_F_69.root
hadd Source file 68: /pnfs/knu.ac.kr/data/cms/store/user/junghyun/ttHH/AnalyzerOutput_validation/bcut1/BTagCSV_F/BTagCSV_F_7.root
hadd Source file 69: /pnfs/knu.ac.kr/data/cms/store/user/junghyun/ttHH/AnalyzerOutput_validation/bcut1/BTagCSV_F/BTagCSV_F_70.root
hadd Source file 70: /pnfs/knu.ac.kr/data/cms/store/user/junghyun/ttHH/AnalyzerOutput_validation/bcut1/BTagCSV_F/BTagCSV_F_71.root
hadd Source file 71: /pnfs/knu.ac.kr/data/cms/store/user/junghyun/ttHH/AnalyzerOutput_validation/bcut1/BTagCSV_F/BTagCSV_F_72.root
hadd Source file 72: /pnfs/knu.ac.kr/data/cms/store/user/junghyun/ttHH/AnalyzerOutput_validation/bcut1/BTagCSV_F/BTagCSV_F_73.root
hadd Source file 73: /pnfs/knu.ac.kr/data/cms/store/user/junghyun/ttHH/AnalyzerOutput_validation/bcut1/BTagCSV_F/BTagCSV_F_74.root
hadd Source file 74: /pnfs/knu.ac.kr/data/cms/store/user/junghyun/ttHH/AnalyzerOutput_validation/bcut1/BTagCSV_F/BTagCSV_F_75.root
hadd Source file 75: /pnfs/knu.ac.kr/data/cms/store/user/junghyun/ttHH/AnalyzerOutput_validation/bcut1/BTagCSV_F/BTagCSV_F_76.root
hadd Source file 76: /pnfs/knu.ac.kr/data/cms/store/user/junghyun/ttHH/AnalyzerOutput_validation/bcut1/BTagCSV_F/BTagCSV_F_77.root
hadd Source file 77: /pnfs/knu.ac.kr/data/cms/store/user/junghyun/ttHH/AnalyzerOutput_validation/bcut1/BTagCSV_F/BTagCSV_F_8.root
hadd Source file 78: /pnfs/knu.ac.kr/data/cms/store/user/junghyun/ttHH/AnalyzerOutput_validation/bcut1/BTagCSV_F/BTagCSV_F_9.root
hadd Target path: /pnfs/knu.ac.kr/data/cms/store/user/junghyun/ttHH/AnalyzerOutput_validation/bcut1/BTagCSV_F.root:/
hadd Target path: /pnfs/knu.ac.kr/data/cms/store/user/junghyun/ttHH/AnalyzerOutput_validation/bcut1/BTagCSV_F.root:/jet
hadd Target path: /pnfs/knu.ac.kr/data/cms/store/user/junghyun/ttHH/AnalyzerOutput_validation/bcut1/BTagCSV_F.root:/Lepton
hadd Target path: /pnfs/knu.ac.kr/data/cms/store/user/junghyun/ttHH/AnalyzerOutput_validation/bcut1/BTagCSV_F.root:/CutflowKinematics
hadd Target path: /pnfs/knu.ac.kr/data/cms/store/user/junghyun/ttHH/AnalyzerOutput_validation/bcut1/BTagCSV_F.root:/TtCatValidation
hadd Target path: /pnfs/knu.ac.kr/data/cms/store/user/junghyun/ttHH/AnalyzerOutput_validation/bcut1/BTagCSV_F.root:/Tree
[hadd] OK
[hadd]   inputs   : 78 files
[hadd]   target   : /pnfs/knu.ac.kr/data/cms/store/user/junghyun/ttHH/AnalyzerOutput_validation/bcut1/BTagCSV_F.root
[hadd]   size     : 28301852 bytes
[hadd]   elapsed  : 13s

