

START---------------
WORKDIR  /u/user/jhlee/ttHH/CMSSW_14_2_1/src/tempTTHH
WORKDIR  /u/user/jhlee/ttHH/CMSSW_14_2_1/src/tempTTHH
TNM_PATH=/u/user/jhlee/ttHH/CMSSW_14_2_1/src/tempTTHH

--------- Check arugments ---------------------------------------

  - [ output file name ] --> /pnfs/knu.ac.kr/data/cms/store/user/junghyun/ttHH/AnalyzerOutput/JetHT_B/JetHT_B_0.root
  - [ runYear ] --> 2017
  - [ isData ] --> Data
  - [ sampleName ] --> JetHT_B
  - [ eraName ] --> B

--------- Check arugments ---------------------------------------


eventBuffer - All branches selected
 Output filename: /pnfs/knu.ac.kr/data/cms/store/user/junghyun/ttHH/AnalyzerOutput/JetHT_B/JetHT_B_0.root
[CorrectionsManager] json library path : /cvmfs/cms.cern.ch/rsync/cms-nanoAOD/jsonpog-integration
weight = 1

	[35m[ Warning ]: This analyzer commented out [ "WTF" log ] in the header, Please check if you want!!![0m

	[34m[ Log ]: --------------------------------------------------------------------------[0m
	[34m[ Log ]: Before start, Let's check the analysis information[0m
	[34m[ Log ]: Run Year    ----> [  2017  ][0m
	[34m[ Log ]: Data or MC  ----> [  Data  ][0m
	[34m[ Log ]: Sample Name ----> [  JetHT_B  ][0m
	[34m[ Log ]: --------------------------------------------------------------------------[0m

	[36m[ Log ]: Processed events of 2017, Data, JetHT_B: 0[0m
	[36m[ Log ]: Processed events of 2017, Data, JetHT_B: 10000[0m
	[36m[ Log ]: Processed events of 2017, Data, JetHT_B: 20000[0m
	[36m[ Log ]: Processed events of 2017, Data, JetHT_B: 30000[0m
	[36m[ Log ]: Processed events of 2017, Data, JetHT_B: 40000[0m
	[36m[ Log ]: Processed events of 2017, Data, JetHT_B: 50000[0m
	[36m[ Log ]: Processed events of 2017, Data, JetHT_B: 60000[0m
	[36m[ Log ]: Processed events of 2017, Data, JetHT_B: 70000[0m
	[36m[ Log ]: Processed events of 2017, Data, JetHT_B: 80000[0m
	[36m[ Log ]: Processed events of 2017, Data, JetHT_B: 90000[0m
	[36m[ Log ]: Processed events of 2017, Data, JetHT_B: 100000[0m
	[36m[ Log ]: Processed events of 2017, Data, JetHT_B: 110000[0m
	[36m[ Log ]: Processed events of 2017, Data, JetHT_B: 120000[0m
	[36m[ Log ]: Processed events of 2017, Data, JetHT_B: 130000[0m
	[36m[ Log ]: Processed events of 2017, Data, JetHT_B: 140000[0m
	[36m[ Log ]: Processed events of 2017, Data, JetHT_B: 150000[0m
	[36m[ Log ]: Processed events of 2017, Data, JetHT_B: 160000[0m
	[36m[ Log ]: Processed events of 2017, Data, JetHT_B: 170000[0m
	[36m[ Log ]: Processed events of 2017, Data, JetHT_B: 180000[0m
	[36m[ Log ]: Processed events of 2017, Data, JetHT_B: 190000[0m
	[36m[ Log ]: Processed events of 2017, Data, JetHT_B: 200000[0m
	[36m[ Log ]: Processed events of 2017, Data, JetHT_B: 210000[0m
	[36m[ Log ]: Processed events of 2017, Data, JetHT_B: 220000[0m
	[36m[ Log ]: Processed events of 2017, Data, JetHT_B: 230000[0m
	[36m[ Log ]: Processed events of 2017, Data, JetHT_B: 240000[0m
	[36m[ Log ]: Processed events of 2017, Data, JetHT_B: 250000[0m
	[36m[ Log ]: Processed events of 2017, Data, JetHT_B: 260000[0m
	[36m[ Log ]: Processed events of 2017, Data, JetHT_B: 270000[0m
	[36m[ Log ]: Processed events of 2017, Data, JetHT_B: 280000[0m
	[36m[ Log ]: Processed events of 2017, Data, JetHT_B: 290000[0m
	[36m[ Log ]: Processed events of 2017, Data, JetHT_B: 300000[0m
	[36m[ Log ]: Processed events of 2017, Data, JetHT_B: 310000[0m
	[36m[ Log ]: Processed events of 2017, Data, JetHT_B: 320000[0m
	[36m[ Log ]: Processed events of 2017, Data, JetHT_B: 330000[0m
	[36m[ Log ]: Processed events of 2017, Data, JetHT_B: 340000[0m
	[36m[ Log ]: Processed events of 2017, Data, JetHT_B: 350000[0m
	[36m[ Log ]: Processed events of 2017, Data, JetHT_B: 360000[0m
	[36m[ Log ]: Processed events of 2017, Data, JetHT_B: 370000[0m
	[36m[ Log ]: Processed events of 2017, Data, JetHT_B: 380000[0m
	[36m[ Log ]: Processed events of 2017, Data, JetHT_B: 390000[0m
	[36m[ Log ]: Processed events of 2017, Data, JetHT_B: 400000[0m
	[36m[ Log ]: Processed events of 2017, Data, JetHT_B: 410000[0m
	[36m[ Log ]: Processed events of 2017, Data, JetHT_B: 420000[0m
	[36m[ Log ]: Processed events of 2017, Data, JetHT_B: 430000[0m
	[36m[ Log ]: Processed events of 2017, Data, JetHT_B: 440000[0m
	[36m[ Log ]: Processed events of 2017, Data, JetHT_B: 450000[0m
	[36m[ Log ]: Processed events of 2017, Data, JetHT_B: 460000[0m
	[36m[ Log ]: Processed events of 2017, Data, JetHT_B: 470000[0m
	[36m[ Log ]: Processed events of 2017, Data, JetHT_B: 480000[0m
	[36m[ Log ]: Processed events of 2017, Data, JetHT_B: 490000[0m
	[36m[ Log ]: Processed events of 2017, Data, JetHT_B: 500000[0m
	[36m[ Log ]: Processed events of 2017, Data, JetHT_B: 510000[0m
	[36m[ Log ]: Processed events of 2017, Data, JetHT_B: 520000[0m
	[36m[ Log ]: Processed events of 2017, Data, JetHT_B: 530000[0m
	[36m[ Log ]: Processed events of 2017, Data, JetHT_B: 540000[0m
	[36m[ Log ]: Processed events of 2017, Data, JetHT_B: 550000[0m
	[36m[ Log ]: Processed events of 2017, Data, JetHT_B: 560000[0m
	[36m[ Log ]: Processed events of 2017, Data, JetHT_B: 570000[0m
	[36m[ Log ]: Processed events of 2017, Data, JetHT_B: 580000[0m
	[36m[ Log ]: Processed events of 2017, Data, JetHT_B: 590000[0m
	[36m[ Log ]: Processed events of 2017, Data, JetHT_B: 600000[0m
	[36m[ Log ]: Processed events of 2017, Data, JetHT_B: 610000[0m
	[36m[ Log ]: Processed events of 2017, Data, JetHT_B: 620000[0m
	[36m[ Log ]: Processed events of 2017, Data, JetHT_B: 630000[0m
	[36m[ Log ]: Processed events of 2017, Data, JetHT_B: 640000[0m
	[36m[ Log ]: Processed events of 2017, Data, JetHT_B: 650000[0m
	[36m[ Log ]: Processed events of 2017, Data, JetHT_B: 660000[0m
	[36m[ Log ]: Processed events of 2017, Data, JetHT_B: 670000[0m
	[36m[ Log ]: Processed events of 2017, Data, JetHT_B: 680000[0m
	[36m[ Log ]: Processed events of 2017, Data, JetHT_B: 690000[0m
	[36m[ Log ]: Processed events of 2017, Data, JetHT_B: 700000[0m
	[36m[ Log ]: Processed events of 2017, Data, JetHT_B: 710000[0m
	[36m[ Log ]: Processed events of 2017, Data, JetHT_B: 720000[0m
	[36m[ Log ]: Processed events of 2017, Data, JetHT_B: 730000[0m
	[36m[ Log ]: Processed events of 2017, Data, JetHT_B: 740000[0m
	[36m[ Log ]: Processed events of 2017, Data, JetHT_B: 750000[0m
	[36m[ Log ]: Processed events of 2017, Data, JetHT_B: 760000[0m
	[36m[ Log ]: Processed events of 2017, Data, JetHT_B: 770000[0m
	[36m[ Log ]: Processed events of 2017, Data, JetHT_B: 780000[0m
	[36m[ Log ]: Processed events of 2017, Data, JetHT_B: 790000[0m
	[36m[ Log ]: Processed events of 2017, Data, JetHT_B: 800000[0m
	[36m[ Log ]: Processed events of 2017, Data, JetHT_B: 810000[0m
	[36m[ Log ]: Processed events of 2017, Data, JetHT_B: 820000[0m
	[36m[ Log ]: Processed events of 2017, Data, JetHT_B: 830000[0m
	[36m[ Log ]: Processed events of 2017, Data, JetHT_B: 840000[0m
	[36m[ Log ]: Processed events of 2017, Data, JetHT_B: 850000[0m
	[36m[ Log ]: Processed events of 2017, Data, JetHT_B: 860000[0m
	[36m[ Log ]: Processed events of 2017, Data, JetHT_B: 870000[0m
	[36m[ Log ]: Processed events of 2017, Data, JetHT_B: 880000[0m
	[36m[ Log ]: Processed events of 2017, Data, JetHT_B: 890000[0m
	[36m[ Log ]: Processed events of 2017, Data, JetHT_B: 900000[0m
	[36m[ Log ]: Processed events of 2017, Data, JetHT_B: 910000[0m
	[36m[ Log ]: Processed events of 2017, Data, JetHT_B: 920000[0m
	[36m[ Log ]: Processed events of 2017, Data, JetHT_B: 930000[0m
	[36m[ Log ]: Processed events of 2017, Data, JetHT_B: 940000[0m
	[36m[ Log ]: Processed events of 2017, Data, JetHT_B: 950000[0m
	[36m[ Log ]: Processed events of 2017, Data, JetHT_B: 960000[0m
	[36m[ Log ]: Processed events of 2017, Data, JetHT_B: 970000[0m
	[36m[ Log ]: Processed events of 2017, Data, JetHT_B: 980000[0m
	[36m[ Log ]: Processed events of 2017, Data, JetHT_B: 990000[0m
	[36m[ Log ]: Processed events of 2017, Data, JetHT_B: 1000000[0m
	[36m[ Log ]: Processed events of 2017, Data, JetHT_B: 1010000[0m
	[36m[ Log ]: Processed events of 2017, Data, JetHT_B: 1020000[0m
	[36m[ Log ]: Processed events of 2017, Data, JetHT_B: 1030000[0m
	[36m[ Log ]: Processed events of 2017, Data, JetHT_B: 1040000[0m
	[36m[ Log ]: Processed events of 2017, Data, JetHT_B: 1050000[0m
	[36m[ Log ]: Processed events of 2017, Data, JetHT_B: 1060000[0m
	[36m[ Log ]: Processed events of 2017, Data, JetHT_B: 1070000[0m
	[36m[ Log ]: Processed events of 2017, Data, JetHT_B: 1080000[0m
	[36m[ Log ]: Processed events of 2017, Data, JetHT_B: 1090000[0m
	[36m[ Log ]: Processed events of 2017, Data, JetHT_B: 1100000[0m
	[36m[ Log ]: Processed events of 2017, Data, JetHT_B: 1110000[0m
	[36m[ Log ]: Processed events of 2017, Data, JetHT_B: 1120000[0m
	[36m[ Log ]: Processed events of 2017, Data, JetHT_B: 1130000[0m
	[36m[ Log ]: Processed events of 2017, Data, JetHT_B: 1140000[0m
	[36m[ Log ]: Processed events of 2017, Data, JetHT_B: 1150000[0m
	[36m[ Log ]: Processed events of 2017, Data, JetHT_B: 1160000[0m
	[36m[ Log ]: Processed events of 2017, Data, JetHT_B: 1170000[0m
	[36m[ Log ]: Processed events of 2017, Data, JetHT_B: 1180000[0m
	[36m[ Log ]: Processed events of 2017, Data, JetHT_B: 1190000[0m
	[36m[ Log ]: Processed events of 2017, Data, JetHT_B: 1200000[0m
	[36m[ Log ]: Processed events of 2017, Data, JetHT_B: 1210000[0m
	[36m[ Log ]: Processed events of 2017, Data, JetHT_B: 1220000[0m
	[36m[ Log ]: Processed events of 2017, Data, JetHT_B: 1230000[0m
	[36m[ Log ]: Processed events of 2017, Data, JetHT_B: 1240000[0m
	[36m[ Log ]: Processed events of 2017, Data, JetHT_B: 1250000[0m
	[36m[ Log ]: Processed events of 2017, Data, JetHT_B: 1260000[0m
	[36m[ Log ]: Processed events of 2017, Data, JetHT_B: 1270000[0m
	[36m[ Log ]: Processed events of 2017, Data, JetHT_B: 1280000[0m
	[36m[ Log ]: Processed events of 2017, Data, JetHT_B: 1290000[0m
	[36m[ Log ]: Processed events of 2017, Data, JetHT_B: 1300000[0m
	[36m[ Log ]: Processed events of 2017, Data, JetHT_B: 1310000[0m
	[36m[ Log ]: Processed events of 2017, Data, JetHT_B: 1320000[0m
	[36m[ Log ]: Processed events of 2017, Data, JetHT_B: 1330000[0m
	[36m[ Log ]: Processed events of 2017, Data, JetHT_B: 1340000[0m
	[36m[ Log ]: Processed events of 2017, Data, JetHT_B: 1350000[0m
	[36m[ Log ]: Processed events of 2017, Data, JetHT_B: 1360000[0m
	[36m[ Log ]: Processed events of 2017, Data, JetHT_B: 1370000[0m
	[36m[ Log ]: Processed events of 2017, Data, JetHT_B: 1380000[0m
	[36m[ Log ]: Processed events of 2017, Data, JetHT_B: 1390000[0m
	[36m[ Log ]: Processed events of 2017, Data, JetHT_B: 1400000[0m
	[36m[ Log ]: Processed events of 2017, Data, JetHT_B: 1410000[0m
	[36m[ Log ]: Processed events of 2017, Data, JetHT_B: 1420000[0m
	[36m[ Log ]: Processed events of 2017, Data, JetHT_B: 1430000[0m
	[36m[ Log ]: Processed events of 2017, Data, JetHT_B: 1440000[0m
	[36m[ Log ]: Processed events of 2017, Data, JetHT_B: 1450000[0m
	[36m[ Log ]: Processed events of 2017, Data, JetHT_B: 1460000[0m
	[36m[ Log ]: Processed events of 2017, Data, JetHT_B: 1470000[0m
	[36m[ Log ]: Processed events of 2017, Data, JetHT_B: 1480000[0m
	[36m[ Log ]: Processed events of 2017, Data, JetHT_B: 1490000[0m
	[36m[ Log ]: Processed events of 2017, Data, JetHT_B: 1500000[0m
	[36m[ Log ]: Processed events of 2017, Data, JetHT_B: 1510000[0m
	[36m[ Log ]: Processed events of 2017, Data, JetHT_B: 1520000[0m
	[36m[ Log ]: Processed events of 2017, Data, JetHT_B: 1530000[0m
	[36m[ Log ]: Processed events of 2017, Data, JetHT_B: 1540000[0m
	[36m[ Log ]: Processed events of 2017, Data, JetHT_B: 1550000[0m
	[36m[ Log ]: Processed events of 2017, Data, JetHT_B: 1560000[0m
	[36m[ Log ]: Processed events of 2017, Data, JetHT_B: 1570000[0m
	[36m[ Log ]: Processed events of 2017, Data, JetHT_B: 1580000[0m
	[36m[ Log ]: Processed events of 2017, Data, JetHT_B: 1590000[0m
	[36m[ Log ]: Processed events of 2017, Data, JetHT_B: 1600000[0m
	[36m[ Log ]: Processed events of 2017, Data, JetHT_B: 1610000[0m
	[36m[ Log ]: Processed events of 2017, Data, JetHT_B: 1620000[0m
	[36m[ Log ]: Processed events of 2017, Data, JetHT_B: 1630000[0m
	[36m[ Log ]: Processed events of 2017, Data, JetHT_B: 1640000[0m
	[36m[ Log ]: Processed events of 2017, Data, JetHT_B: 1650000[0m
	[36m[ Log ]: Processed events of 2017, Data, JetHT_B: 1660000[0m
	[36m[ Log ]: Processed events of 2017, Data, JetHT_B: 1670000[0m
	[36m[ Log ]: Processed events of 2017, Data, JetHT_B: 1680000[0m
	[36m[ Log ]: Processed events of 2017, Data, JetHT_B: 1690000[0m
	[36m[ Log ]: Processed events of 2017, Data, JetHT_B: 1700000[0m
	[36m[ Log ]: Processed events of 2017, Data, JetHT_B: 1710000[0m
	[36m[ Log ]: Processed events of 2017, Data, JetHT_B: 1720000[0m
	[36m[ Log ]: Processed events of 2017, Data, JetHT_B: 1730000[0m
	[36m[ Log ]: Processed events of 2017, Data, JetHT_B: 1740000[0m
	[36m[ Log ]: Processed events of 2017, Data, JetHT_B: 1750000[0m
	[36m[ Log ]: Processed events of 2017, Data, JetHT_B: 1760000[0m
	[36m[ Log ]: Processed events of 2017, Data, JetHT_B: 1770000[0m
	[36m[ Log ]: Processed events of 2017, Data, JetHT_B: 1780000[0m
	[36m[ Log ]: Processed events of 2017, Data, JetHT_B: 1790000[0m
	[36m[ Log ]: Processed events of 2017, Data, JetHT_B: 1800000[0m
	[36m[ Log ]: Processed events of 2017, Data, JetHT_B: 1810000[0m
	[36m[ Log ]: Processed events of 2017, Data, JetHT_B: 1820000[0m
	[36m[ Log ]: Processed events of 2017, Data, JetHT_B: 1830000[0m
	[36m[ Log ]: Processed events of 2017, Data, JetHT_B: 1840000[0m
	[36m[ Log ]: Processed events of 2017, Data, JetHT_B: 1850000[0m
	[36m[ Log ]: Processed events of 2017, Data, JetHT_B: 1860000[0m
	[36m[ Log ]: Processed events of 2017, Data, JetHT_B: 1870000[0m
	[36m[ Log ]: Processed events of 2017, Data, JetHT_B: 1880000[0m
	[36m[ Log ]: Processed events of 2017, Data, JetHT_B: 1890000[0m
	[36m[ Log ]: Processed events of 2017, Data, JetHT_B: 1900000[0m
	[36m[ Log ]: Processed events of 2017, Data, JetHT_B: 1910000[0m
	[36m[ Log ]: Processed events of 2017, Data, JetHT_B: 1920000[0m
	[36m[ Log ]: Processed events of 2017, Data, JetHT_B: 1930000[0m
	[36m[ Log ]: Processed events of 2017, Data, JetHT_B: 1940000[0m
	[36m[ Log ]: Processed events of 2017, Data, JetHT_B: 1950000[0m
	[36m[ Log ]: Processed events of 2017, Data, JetHT_B: 1960000[0m
	[36m[ Log ]: Processed events of 2017, Data, JetHT_B: 1970000[0m
	[36m[ Log ]: Processed events of 2017, Data, JetHT_B: 1980000[0m
	[36m[ Log ]: Processed events of 2017, Data, JetHT_B: 1990000[0m
	[36m[ Log ]: Processed events of 2017, Data, JetHT_B: 2000000[0m
	[36m[ Log ]: Processed events of 2017, Data, JetHT_B: 2010000[0m
	[36m[ Log ]: Processed events of 2017, Data, JetHT_B: 2020000[0m
	[36m[ Log ]: Processed events of 2017, Data, JetHT_B: 2030000[0m
	[36m[ Log ]: Processed events of 2017, Data, JetHT_B: 2040000[0m
	[36m[ Log ]: Processed events of 2017, Data, JetHT_B: 2050000[0m
	[36m[ Log ]: Processed events of 2017, Data, JetHT_B: 2060000[0m
	[36m[ Log ]: Processed events of 2017, Data, JetHT_B: 2070000[0m
	[36m[ Log ]: Processed events of 2017, Data, JetHT_B: 2080000[0m
	[36m[ Log ]: Processed events of 2017, Data, JetHT_B: 2090000[0m
	[36m[ Log ]: Processed events of 2017, Data, JetHT_B: 2100000[0m
	[36m[ Log ]: Processed events of 2017, Data, JetHT_B: 2110000[0m
	[36m[ Log ]: Processed events of 2017, Data, JetHT_B: 2120000[0m
	[36m[ Log ]: Processed events of 2017, Data, JetHT_B: 2130000[0m
	[36m[ Log ]: Processed events of 2017, Data, JetHT_B: 2140000[0m
	[36m[ Log ]: Processed events of 2017, Data, JetHT_B: 2150000[0m
	[36m[ Log ]: Processed events of 2017, Data, JetHT_B: 2160000[0m
	[36m[ Log ]: Processed events of 2017, Data, JetHT_B: 2170000[0m
	[36m[ Log ]: Processed events of 2017, Data, JetHT_B: 2180000[0m
	[36m[ Log ]: Processed events of 2017, Data, JetHT_B: 2190000[0m
	[36m[ Log ]: Processed events of 2017, Data, JetHT_B: 2200000[0m
	[36m[ Log ]: Processed events of 2017, Data, JetHT_B: 2210000[0m
	[36m[ Log ]: Processed events of 2017, Data, JetHT_B: 2220000[0m
